Logging terminal output to /home/jesse/oran_lab/logs/run_ue/run_ue_20260527_154423_pid394378.log
UE cores: 20,21,22,23
UE sample advance: 0
VRTSIM shared memory is ready; starting UE without waiting for non-zero DL samples.
CMDLINE: "./nr-uesoftmodem" "-O" "/home/jesse/oran_lab/ue_test.conf" "-C" "4049760000" "-r" "24" "--numerology" "1" "--band" "77" "--ssb" "24" "-A" "0" "--device.name" "vrtsim" "--vrtsim.role" "client" "--ue-nb-ant-tx" "1" "--ue-nb-ant-rx" "1" 
[UTIL]   running in SA mode (no --phy-test, --do-ra, --nsa option present)
[0m[UTIL]   threadCreate() for Tpool0_-1: creating thread with affinity ffffffff, priority 97
[0m[UTIL]   threadCreate() for Tpool1_-1: creating thread with affinity ffffffff, priority 97
[0m[UTIL]   threadCreate() for Tpool2_-1: creating thread with affinity ffffffff, priority 97
[0m[UTIL]   threadCreate() for Tpool3_-1: creating thread with affinity ffffffff, priority 97
[0m[UTIL]   threadCreate() for Tpool4_-1: creating thread with affinity ffffffff, priority 97
[0m[UTIL]   threadCreate() for Tpool5_-1: creating thread with affinity ffffffff, priority 97
[0m[UTIL]   threadCreate() for Tpool6_-1: creating thread with affinity ffffffff, priority 97
[0m[UTIL]   threadCreate() for Tpool7_-1: creating thread with affinity ffffffff, priority 97
[0m[UTIL]   threadCreate() for Tpool8_-1: creating thread with affinity ffffffff, priority 97
[0m[UTIL]   threadCreate() for Tpool9_-1: creating thread with affinity ffffffff, priority 97
[0m[UTIL]   threadCreate() for Tpool10_-1: creating thread with affinity ffffffff, priority 97
[0m[UTIL]   threadCreate() for Tpool11_-1: creating thread with affinity ffffffff, priority 97
[0m[OPT]    OPT disabled
[0m[HW]     Version: Branch: compression-plus-timing-fix Abrev. Hash: 13fa21ea91 Date: Mon May 25 14:33:49 2026 -0700
[0m[NR_RRC] create TASK_RRC_NRUE 
[0m[UTIL]   threadCreate() for TASK_RRC_NRUE: creating thread with affinity ffffffff, priority 50
[0m[UTIL]   threadCreate() for TASK_NAS_NRUE: creating thread with affinity ffffffff, priority 50
[0m[SIM]    UICC simulation: IMSI=2089900007487, IMEISV=6754567890123413, Ki=fec86ba6eb707ed08905757b1bb44b8f, OPc=C42449363BBAD02B66D16BC975D77CC1
[0m[SIM]    overriding potential uicc0.dnn/nssai_sst/nssai_sd from uicc0.pdu_sessions
[0m[SIM]    will request PDU session ID 1, type 1, DNN oai, NSSAI 1.ffffff
[0m[NR_MAC] [UE0] Initializing MAC
[0m[NR_MAC] Initializing dl and ul config_request. num_slots = 20
[0m[RLC]    Activated srb0 for UE 0
[0m[UTIL]   threadCreate() for time source realtime: creating thread with affinity ffffffff, priority 2
[0m[UTIL]   time manager configuration: [time source: reatime] [mode: standalone] [server IP: 127.0.0.1} [server port: 7374] (server IP/port not used)
[0m[PHY]    Set UE nb_rx_antenna 1, nb_tx_antenna 1, threequarter_fs 0, ofdm_offset_divisor 8
[0m[PHY]    SA init parameters. DL freq 4049760000 UL offset 0 SSB numerology 1 N_RB_DL 24
[0m[PHY]    Init: N_RB_DL 24, first_carrier_offset 368, nb_prefix_samples 36,nb_prefix_samples0 44, ofdm_symbol_size 512
[0m[93m[PHY]    samples_per_subframe 15360/per second 15360000, wCP 14336
[0m[PHY]    Set UE_fo_compensation 0, UE_scan_carrier 0, UE_no_timing_correction 0 
, chest-freq 0, chest-time 0
[0m[UTIL]   threadCreate() for SYNC__actor: creating thread with affinity ffffffff, priority 97
[0m[UTIL]   threadCreate() for DL__actor: creating thread with affinity ffffffff, priority 97
[0m[UTIL]   threadCreate() for DL__actor: creating thread with affinity ffffffff, priority 97
[0m[UTIL]   threadCreate() for DL__actor: creating thread with affinity ffffffff, priority 97
[0m[UTIL]   threadCreate() for DL__actor: creating thread with affinity ffffffff, priority 97
[0m[UTIL]   threadCreate() for UL__actor: creating thread with affinity ffffffff, priority 97
[0m[UTIL]   threadCreate() for UL__actor: creating thread with affinity ffffffff, priority 97
[0m[PHY]    Initializing UE vars for gNB TXant 1, UE RXant 1
[0m[PHY]    prs_config configuration NOT found..!! Skipped configuring UE for the PRS reception
[0m[PHY]    HW: Configuring ru_id 0, sample_rate 15360000.000000, tx/rx num_channels 1/1, duplex_mode TDD
[0m[PHY]    HW: Configuring channel 0 (rf_chain 0): setting tx_freq 4049760000 Hz, rx_freq 4049760000 Hz, tune_offset 0
[0m[PHY]    HW: Configuring channel 0 (rf_chain 0): setting tx_gain 0, rx_gain 110
[0m[UTIL]   threadCreate() for ru_start_thread: creating thread with affinity ffffffff, priority 97
[0m[HW]     VRTSIM: TX sample advance 4096 samples
[0m[HW]     Running as client: will connect to a vrtsim server
[0m[HW]     [RAU] has loaded RFSIMULATOR device.
[0m[HW]     VRTSIM: UE 0/1 - 1x1 antennas, UL offset=0, DL offset=0
[0m[HW]     VRTSIM: client RX aligned to frame boundary current_sample=117075278 aligned_sample=117196800 samples_per_frame=153600
[0m[PHY]    Intializing UE Threads for instance 0 ...
[0m[UTIL]   threadCreate() for UEthread_0: creating thread with affinity ffffffff, priority 97
[0m[UTIL]   threadCreate() for L1_UE_stats_0: creating thread with affinity ffffffff, priority 1
[0m[93m[PHY]    SSB position provided
[0m[93m[NR_PHY] Starting sync detection
[0m[PHY]    [UE thread Synch] Running Initial Synch 
[0m[NR_PHY] Starting cell search with center freq: 4049760000, bandwidth: 24. Scanning for 1 number of GSCN.
[0m[NR_PHY] Scanning GSCN: 0, with SSB offset: 24, SSB Freq: 0.000000
[0m[1;31m[PHY]    synch Failed: 
[0m[93m[PHY]    SSB position provided
[0m[93m[NR_PHY] Starting sync detection
[0m[PHY]    [UE thread Synch] Running Initial Synch 
[0m[NR_PHY] Starting cell search with center freq: 4049760000, bandwidth: 24. Scanning for 1 number of GSCN.
[0m[NR_PHY] Scanning GSCN: 0, with SSB offset: 24, SSB Freq: 0.000000
[0m[1;31m[PHY]    synch Failed: 
[0m[93m[PHY]    SSB position provided
[0m[93m[NR_PHY] Starting sync detection
[0m[PHY]    [UE thread Synch] Running Initial Synch 
[0m[NR_PHY] Starting cell search with center freq: 4049760000, bandwidth: 24. Scanning for 1 number of GSCN.
[0m[NR_PHY] Scanning GSCN: 0, with SSB offset: 24, SSB Freq: 0.000000
[0m[1;31m[PHY]    synch Failed: 
[0m[93m[PHY]    SSB position provided
[0m[93m[NR_PHY] Starting sync detection
[0m[PHY]    [UE thread Synch] Running Initial Synch 
[0m[NR_PHY] Starting cell search with center freq: 4049760000, bandwidth: 24. Scanning for 1 number of GSCN.
[0m[NR_PHY] Scanning GSCN: 0, with SSB offset: 24, SSB Freq: 0.000000
[0m[1;31m[PHY]    synch Failed: 
[0m[93m[PHY]    SSB position provided
[0m[93m[NR_PHY] Starting sync detection
[0m[PHY]    [UE thread Synch] Running Initial Synch 
[0m[NR_PHY] Starting cell search with center freq: 4049760000, bandwidth: 24. Scanning for 1 number of GSCN.
[0m[NR_PHY] Scanning GSCN: 0, with SSB offset: 24, SSB Freq: 0.000000
[0m[1;31m[PHY]    synch Failed: 
[0m[93m[PHY]    SSB position provided
[0m[93m[NR_PHY] Starting sync detection
[0m[PHY]    [UE thread Synch] Running Initial Synch 
[0m[NR_PHY] Starting cell search with center freq: 4049760000, bandwidth: 24. Scanning for 1 number of GSCN.
[0m[NR_PHY] Scanning GSCN: 0, with SSB offset: 24, SSB Freq: 0.000000
[0m[1;31m[PHY]    synch Failed: 
[0m[93m[PHY]    SSB position provided
[0m[93m[NR_PHY] Starting sync detection
[0m[PHY]    [UE thread Synch] Running Initial Synch 
[0m[NR_PHY] Starting cell search with center freq: 4049760000, bandwidth: 24. Scanning for 1 number of GSCN.
[0m[NR_PHY] Scanning GSCN: 0, with SSB offset: 24, SSB Freq: 0.000000
[0m[1;31m[PHY]    synch Failed: 
[0m[93m[PHY]    SSB position provided
[0m[93m[NR_PHY] Starting sync detection
[0m[PHY]    [UE thread Synch] Running Initial Synch 
[0m[NR_PHY] Starting cell search with center freq: 4049760000, bandwidth: 24. Scanning for 1 number of GSCN.
[0m[NR_PHY] Scanning GSCN: 0, with SSB offset: 24, SSB Freq: 0.000000
[0m[1;31m[PHY]    synch Failed: 
[0m[93m[PHY]    SSB position provided
[0m[93m[NR_PHY] Starting sync detection
[0m[PHY]    [UE thread Synch] Running Initial Synch 
[0m[NR_PHY] Starting cell search with center freq: 4049760000, bandwidth: 24. Scanning for 1 number of GSCN.
[0m[NR_PHY] Scanning GSCN: 0, with SSB offset: 24, SSB Freq: 0.000000
[0m[1;31m[PHY]    synch Failed: 
[0m[93m[PHY]    SSB position provided
[0m[93m[NR_PHY] Starting sync detection
[0m[PHY]    [UE thread Synch] Running Initial Synch 
[0m[NR_PHY] Starting cell search with center freq: 4049760000, bandwidth: 24. Scanning for 1 number of GSCN.
[0m[NR_PHY] Scanning GSCN: 0, with SSB offset: 24, SSB Freq: 0.000000
[0m[1;31m[PHY]    synch Failed: 
[0m[93m[PHY]    SSB position provided
[0m[93m[NR_PHY] Starting sync detection
[0m[PHY]    [UE thread Synch] Running Initial Synch 
[0m[NR_PHY] Starting cell search with center freq: 4049760000, bandwidth: 24. Scanning for 1 number of GSCN.
[0m[NR_PHY] Scanning GSCN: 0, with SSB offset: 24, SSB Freq: 0.000000
[0m[1;31m[PHY]    synch Failed: 
[0m[93m[PHY]    SSB position provided
[0m[93m[NR_PHY] Starting sync detection
[0m[PHY]    [UE thread Synch] Running Initial Synch 
[0m[NR_PHY] Starting cell search with center freq: 4049760000, bandwidth: 24. Scanning for 1 number of GSCN.
[0m[NR_PHY] Scanning GSCN: 0, with SSB offset: 24, SSB Freq: 0.000000
[0m[1;31m[PHY]    synch Failed: 
[0m[93m[PHY]    SSB position provided
[0m[93m[NR_PHY] Starting sync detection
[0m[PHY]    [UE thread Synch] Running Initial Synch 
[0m[NR_PHY] Starting cell search with center freq: 4049760000, bandwidth: 24. Scanning for 1 number of GSCN.
[0m[NR_PHY] Scanning GSCN: 0, with SSB offset: 24, SSB Freq: 0.000000
[0m[1;31m[PHY]    synch Failed: 
[0m[93m[PHY]    SSB position provided
[0m[93m[NR_PHY] Starting sync detection
[0m[PHY]    [UE thread Synch] Running Initial Synch 
[0m[NR_PHY] Starting cell search with center freq: 4049760000, bandwidth: 24. Scanning for 1 number of GSCN.
[0m[NR_PHY] Scanning GSCN: 0, with SSB offset: 24, SSB Freq: 0.000000
[0m[1;31m[PHY]    synch Failed: 
[0m[93m[PHY]    SSB position provided
[0m[93m[NR_PHY] Starting sync detection
[0m[PHY]    [UE thread Synch] Running Initial Synch 
[0m[NR_PHY] Starting cell search with center freq: 4049760000, bandwidth: 24. Scanning for 1 number of GSCN.
[0m[NR_PHY] Scanning GSCN: 0, with SSB offset: 24, SSB Freq: 0.000000
[0m[1;31m[PHY]    synch Failed: 
[0m[93m[PHY]    SSB position provided
[0m[93m[NR_PHY] Starting sync detection
[0m[PHY]    [UE thread Synch] Running Initial Synch 
[0m[NR_PHY] Starting cell search with center freq: 4049760000, bandwidth: 24. Scanning for 1 number of GSCN.
[0m[NR_PHY] Scanning GSCN: 0, with SSB offset: 24, SSB Freq: 0.000000
[0m[1;31m[PHY]    synch Failed: 
[0m[93m[PHY]    SSB position provided
[0m[93m[NR_PHY] Starting sync detection
[0m[PHY]    [UE thread Synch] Running Initial Synch 
[0m[NR_PHY] Starting cell search with center freq: 4049760000, bandwidth: 24. Scanning for 1 number of GSCN.
[0m[NR_PHY] Scanning GSCN: 0, with SSB offset: 24, SSB Freq: 0.000000
[0m[1;31m[PHY]    synch Failed: 
[0m[93m[PHY]    SSB position provided
[0m[93m[NR_PHY] Starting sync detection
[0m[PHY]    [UE thread Synch] Running Initial Synch 
[0m[NR_PHY] Starting cell search with center freq: 4049760000, bandwidth: 24. Scanning for 1 number of GSCN.
[0m[NR_PHY] Scanning GSCN: 0, with SSB offset: 24, SSB Freq: 0.000000
[0m[1;31m[PHY]    synch Failed: 
[0m[93m[PHY]    SSB position provided
[0m[93m[NR_PHY] Starting sync detection
[0m[PHY]    [UE thread Synch] Running Initial Synch 
[0m[NR_PHY] Starting cell search with center freq: 4049760000, bandwidth: 24. Scanning for 1 number of GSCN.
[0m[NR_PHY] Scanning GSCN: 0, with SSB offset: 24, SSB Freq: 0.000000
[0m[1;31m[PHY]    synch Failed: 
[0m[93m[PHY]    SSB position provided
[0m[93m[NR_PHY] Starting sync detection
[0m[PHY]    [UE thread Synch] Running Initial Synch 
[0m[NR_PHY] Starting cell search with center freq: 4049760000, bandwidth: 24. Scanning for 1 number of GSCN.
[0m[NR_PHY] Scanning GSCN: 0, with SSB offset: 24, SSB Freq: 0.000000
[0m[1;31m[PHY]    synch Failed: 
[0m[93m[PHY]    SSB position provided
[0m[93m[NR_PHY] Starting sync detection
[0m[PHY]    [UE thread Synch] Running Initial Synch 
[0m[NR_PHY] Starting cell search with center freq: 4049760000, bandwidth: 24. Scanning for 1 number of GSCN.
[0m[NR_PHY] Scanning GSCN: 0, with SSB offset: 24, SSB Freq: 0.000000
[0m[1;31m[PHY]    synch Failed: 
[0m[93m[PHY]    SSB position provided
[0m[93m[NR_PHY] Starting sync detection
[0m[PHY]    [UE thread Synch] Running Initial Synch 
[0m[NR_PHY] Starting cell search with center freq: 4049760000, bandwidth: 24. Scanning for 1 number of GSCN.
[0m[NR_PHY] Scanning GSCN: 0, with SSB offset: 24, SSB Freq: 0.000000
[0m[1;31m[PHY]    synch Failed: 
[0m[93m[PHY]    SSB position provided
[0m[93m[NR_PHY] Starting sync detection
[0m[PHY]    [UE thread Synch] Running Initial Synch 
[0m[NR_PHY] Starting cell search with center freq: 4049760000, bandwidth: 24. Scanning for 1 number of GSCN.
[0m[NR_PHY] Scanning GSCN: 0, with SSB offset: 24, SSB Freq: 0.000000
[0m[1;31m[PHY]    synch Failed: 
[0m[93m[PHY]    SSB position provided
[0m[93m[NR_PHY] Starting sync detection
[0m[PHY]    [UE thread Synch] Running Initial Synch 
[0m[NR_PHY] Starting cell search with center freq: 4049760000, bandwidth: 24. Scanning for 1 number of GSCN.
[0m[NR_PHY] Scanning GSCN: 0, with SSB offset: 24, SSB Freq: 0.000000
[0m[1;31m[PHY]    synch Failed: 
[0m[93m[PHY]    SSB position provided
[0m[93m[NR_PHY] Starting sync detection
[0m[PHY]    [UE thread Synch] Running Initial Synch 
[0m[NR_PHY] Starting cell search with center freq: 4049760000, bandwidth: 24. Scanning for 1 number of GSCN.
[0m[NR_PHY] Scanning GSCN: 0, with SSB offset: 24, SSB Freq: 0.000000
[0m[1;31m[PHY]    synch Failed: 
[0m[93m[PHY]    SSB position provided
[0m[93m[NR_PHY] Starting sync detection
[0m[PHY]    [UE thread Synch] Running Initial Synch 
[0m[NR_PHY] Starting cell search with center freq: 4049760000, bandwidth: 24. Scanning for 1 number of GSCN.
[0m[NR_PHY] Scanning GSCN: 0, with SSB offset: 24, SSB Freq: 0.000000
[0m[1;31m[PHY]    synch Failed: 
[0m[93m[PHY]    SSB position provided
[0m[93m[NR_PHY] Starting sync detection
[0m[PHY]    [UE thread Synch] Running Initial Synch 
[0m[NR_PHY] Starting cell search with center freq: 4049760000, bandwidth: 24. Scanning for 1 number of GSCN.
[0m[NR_PHY] Scanning GSCN: 0, with SSB offset: 24, SSB Freq: 0.000000
[0m[1;31m[PHY]    synch Failed: 
[0m[93m[PHY]    SSB position provided
[0m[93m[NR_PHY] Starting sync detection
[0m[PHY]    [UE thread Synch] Running Initial Synch 
[0m[NR_PHY] Starting cell search with center freq: 4049760000, bandwidth: 24. Scanning for 1 number of GSCN.
[0m[NR_PHY] Scanning GSCN: 0, with SSB offset: 24, SSB Freq: 0.000000
[0m[1;31m[PHY]    synch Failed: 
[0m[93m[PHY]    SSB position provided
[0m[93m[NR_PHY] Starting sync detection
[0m[PHY]    [UE thread Synch] Running Initial Synch 
[0m[NR_PHY] Starting cell search with center freq: 4049760000, bandwidth: 24. Scanning for 1 number of GSCN.
[0m[NR_PHY] Scanning GSCN: 0, with SSB offset: 24, SSB Freq: 0.000000
[0m[1;31m[PHY]    synch Failed: 
[0m[93m[PHY]    SSB position provided
[0m[93m[NR_PHY] Starting sync detection
[0m[PHY]    [UE thread Synch] Running Initial Synch 
[0m[NR_PHY] Starting cell search with center freq: 4049760000, bandwidth: 24. Scanning for 1 number of GSCN.
[0m[NR_PHY] Scanning GSCN: 0, with SSB offset: 24, SSB Freq: 0.000000
[0m[1;31m[PHY]    synch Failed: 
[0m[93m[PHY]    SSB position provided
[0m[93m[NR_PHY] Starting sync detection
[0m[PHY]    [UE thread Synch] Running Initial Synch 
[0m[NR_PHY] Starting cell search with center freq: 4049760000, bandwidth: 24. Scanning for 1 number of GSCN.
[0m[NR_PHY] Scanning GSCN: 0, with SSB offset: 24, SSB Freq: 0.000000
[0m[1;31m[PHY]    synch Failed: 
[0m[93m[PHY]    SSB position provided
[0m[93m[NR_PHY] Starting sync detection
[0m[PHY]    [UE thread Synch] Running Initial Synch 
[0m[NR_PHY] Starting cell search with center freq: 4049760000, bandwidth: 24. Scanning for 1 number of GSCN.
[0m[NR_PHY] Scanning GSCN: 0, with SSB offset: 24, SSB Freq: 0.000000
[0m[1;31m[PHY]    synch Failed: 
[0m[93m[PHY]    SSB position provided
[0m[93m[NR_PHY] Starting sync detection
[0m[PHY]    [UE thread Synch] Running Initial Synch 
[0m[NR_PHY] Starting cell search with center freq: 4049760000, bandwidth: 24. Scanning for 1 number of GSCN.
[0m[NR_PHY] Scanning GSCN: 0, with SSB offset: 24, SSB Freq: 0.000000
[0m[1;31m[PHY]    synch Failed: 
[0m[93m[PHY]    SSB position provided
[0m[93m[NR_PHY] Starting sync detection
[0m[PHY]    [UE thread Synch] Running Initial Synch 
[0m[NR_PHY] Starting cell search with center freq: 4049760000, bandwidth: 24. Scanning for 1 number of GSCN.
[0m[NR_PHY] Scanning GSCN: 0, with SSB offset: 24, SSB Freq: 0.000000
[0m[1;31m[PHY]    synch Failed: 
[0m[93m[PHY]    SSB position provided
[0m[93m[NR_PHY] Starting sync detection
[0m[PHY]    [UE thread Synch] Running Initial Synch 
[0m[NR_PHY] Starting cell search with center freq: 4049760000, bandwidth: 24. Scanning for 1 number of GSCN.
[0m[NR_PHY] Scanning GSCN: 0, with SSB offset: 24, SSB Freq: 0.000000
[0m[1;31m[PHY]    synch Failed: 
[0m[93m[PHY]    SSB position provided
[0m[93m[NR_PHY] Starting sync detection
[0m[PHY]    [UE thread Synch] Running Initial Synch 
[0m[NR_PHY] Starting cell search with center freq: 4049760000, bandwidth: 24. Scanning for 1 number of GSCN.
[0m[NR_PHY] Scanning GSCN: 0, with SSB offset: 24, SSB Freq: 0.000000
[0m[1;31m[PHY]    synch Failed: 
[0m[93m[PHY]    SSB position provided
[0m[93m[NR_PHY] Starting sync detection
[0m[PHY]    [UE thread Synch] Running Initial Synch 
[0m[NR_PHY] Starting cell search with center freq: 4049760000, bandwidth: 24. Scanning for 1 number of GSCN.
[0m[NR_PHY] Scanning GSCN: 0, with SSB offset: 24, SSB Freq: 0.000000
[0m[1;31m[PHY]    synch Failed: 
[0m[93m[PHY]    SSB position provided
[0m[93m[NR_PHY] Starting sync detection
[0m[PHY]    [UE thread Synch] Running Initial Synch 
[0m[NR_PHY] Starting cell search with center freq: 4049760000, bandwidth: 24. Scanning for 1 number of GSCN.
[0m[NR_PHY] Scanning GSCN: 0, with SSB offset: 24, SSB Freq: 0.000000
[0m[1;31m[PHY]    synch Failed: 
[0m[93m[PHY]    SSB position provided
[0m[93m[NR_PHY] Starting sync detection
[0m[PHY]    [UE thread Synch] Running Initial Synch 
[0m[NR_PHY] Starting cell search with center freq: 4049760000, bandwidth: 24. Scanning for 1 number of GSCN.
[0m[NR_PHY] Scanning GSCN: 0, with SSB offset: 24, SSB Freq: 0.000000
[0m[1;31m[PHY]    synch Failed: 
[0m[93m[PHY]    SSB position provided
[0m[93m[NR_PHY] Starting sync detection
[0m[PHY]    [UE thread Synch] Running Initial Synch 
[0m[NR_PHY] Starting cell search with center freq: 4049760000, bandwidth: 24. Scanning for 1 number of GSCN.
[0m[NR_PHY] Scanning GSCN: 0, with SSB offset: 24, SSB Freq: 0.000000
[0m[1;31m[PHY]    synch Failed: 
[0m[93m[PHY]    SSB position provided
[0m[93m[NR_PHY] Starting sync detection
[0m[PHY]    [UE thread Synch] Running Initial Synch 
[0m[NR_PHY] Starting cell search with center freq: 4049760000, bandwidth: 24. Scanning for 1 number of GSCN.
[0m[NR_PHY] Scanning GSCN: 0, with SSB offset: 24, SSB Freq: 0.000000
[0m[1;31m[PHY]    synch Failed: 
[0m[93m[PHY]    SSB position provided
[0m[93m[NR_PHY] Starting sync detection
[0m[PHY]    [UE thread Synch] Running Initial Synch 
[0m[NR_PHY] Starting cell search with center freq: 4049760000, bandwidth: 24. Scanning for 1 number of GSCN.
[0m[NR_PHY] Scanning GSCN: 0, with SSB offset: 24, SSB Freq: 0.000000
[0m[1;31m[PHY]    synch Failed: 
[0m[93m[PHY]    SSB position provided
[0m[93m[NR_PHY] Starting sync detection
[0m[PHY]    [UE thread Synch] Running Initial Synch 
[0m[NR_PHY] Starting cell search with center freq: 4049760000, bandwidth: 24. Scanning for 1 number of GSCN.
[0m[NR_PHY] Scanning GSCN: 0, with SSB offset: 24, SSB Freq: 0.000000
[0m[1;31m[PHY]    synch Failed: 
[0m[93m[PHY]    SSB position provided
[0m[93m[NR_PHY] Starting sync detection
[0m[PHY]    [UE thread Synch] Running Initial Synch 
[0m[NR_PHY] Starting cell search with center freq: 4049760000, bandwidth: 24. Scanning for 1 number of GSCN.
[0m[NR_PHY] Scanning GSCN: 0, with SSB offset: 24, SSB Freq: 0.000000
[0m[32m[PHY]    Initial sync: pbch decoded sucessfully, ssb index 0
[0m[PHY]    pbch rx ok. rsrp:74 dB/RE, adjust_rxgain:-24 dB
[0m[NR_PHY] Cell Detected with GSCN: 0, SSB SC offset: 24, SSB Ref: 0.000000, PSS Corr peak: 116 dB, PSS Corr Average: 80
[0m[PHY]    [UE0] In synch, rx_offset 123852 samples
[0m[PHY]    [UE 0] Measured Carrier Frequency offset 25 Hz
[0m[32m[PHY]    Initial sync successful, PCI: 0
[0m[PHY]    HW: Configuring channel 0 (rf_chain 0): setting tx_freq 4049760025 Hz, rx_freq 4049760025 Hz, tune_offset 0
[0m[PHY]    Got synch: hw_slot_offset 32, carrier off 25 Hz
[0m[NR_RRC] [UE 0] BCCH update: phyCellID 0->0, arfcn_ssb 0->669984
[0m[32m[PHY]    UE synchronized! decoded_frame_rx=114 UE->init_sync_frame=1 trashed_frames=2
[0m[PHY]    Resynchronizing RX by 123852 samples
[0m[HW]     received write reorder clear context
[0m[PHY]    max_pos_acc = 0, shiftForNextFrame = 0
[0m[32m[NR_RRC] SIB1 decoded
[0m[NR_MAC] [UE 0] Initial cell selection: dl_frequency=4045440 kHz (from command-line, band=77, scs=1)
[0m[NR_MAC] Initial cell selection: uplink_frequency=4045440 kHz (from dl_frequency=4045440 kHz)
[0m[NR_MAC] TDD period index = 5, based on the sum of dl_UL_TransmissionPeriodicity from Pattern1 (2.500000 ms) and Pattern2 (0.000000 ms): Total = 2.500000 ms
[0m[NR_MAC] Set TDD configuration period to: 4 DL slots, 2 UL slots, 5 slots per period (NR_TDD_UL_DL_Pattern is 3 DL slots, 1 UL slots, 6 DL symbols, 4 UL symbols)
[0m[NR_MAC] Configured 1 TDD patterns (total slots: pattern1 = 5, pattern2 = 0)
[0m[PHY]    N_TA_offset changed from 0 to 200
[0m[MAC]    Initialization of 4-Step CBRA procedure
[0m[NR_MAC] PRACH scheduler: Selected RO Frame 118, Slot 19, Symbol 0, Fdm 0
[0m[PHY]    PRACH [UE 0] in frame.slot 118.19, placing PRACH in position 740, Msg1/MsgA-Preamble frequency start 0 (k1 0), preamble_offset 0, first_nonzero_root_idx 0, preambleIndex = 0
[0m[93m[MAC]    [UE 0] RAR reception failed
[0m[NR_MAC] PRACH scheduler: Selected RO Frame 120, Slot 19, Symbol 0, Fdm 0
[0m[PHY]    PRACH [UE 0] in frame.slot 120.19, placing PRACH in position 740, Msg1/MsgA-Preamble frequency start 0 (k1 0), preamble_offset 20, first_nonzero_root_idx 0, preambleIndex = 20
[0m[93m[MAC]    [UE 0] RAR reception failed
[0m[NR_MAC] PRACH scheduler: Selected RO Frame 122, Slot 19, Symbol 0, Fdm 0
[0m[PHY]    PRACH [UE 0] in frame.slot 122.19, placing PRACH in position 740, Msg1/MsgA-Preamble frequency start 0 (k1 0), preamble_offset 28, first_nonzero_root_idx 0, preambleIndex = 28
[0m[PHY]    [UE 0] RAR-Msg2 decoded
[0m[NR_MAC] [UE 0][RAPROC][RA-RNTI 010b] Got BI RAR subPDU 5 ms
[0m[NR_MAC] [UE 0][RAPROC][RA-RNTI 010b] Got RAPID RAR subPDU
[0m[93m[NR_MAC] [UE 0][RAPROC][123.10] Received RAR preamble (27) doesn't match the intended RAPID (28)
[0m[93m[MAC]    [UE 0] RAR reception failed
[0m[NR_MAC] PRACH scheduler: Selected RO Frame 124, Slot 19, Symbol 0, Fdm 0
[0m[PHY]    PRACH [UE 0] in frame.slot 124.19, placing PRACH in position 740, Msg1/MsgA-Preamble frequency start 0 (k1 0), preamble_offset 61, first_nonzero_root_idx 0, preambleIndex = 61
[0m[PHY]    [UE 0] RAR-Msg2 decoded
[0m[NR_MAC] [UE 0][RAPROC][RA-RNTI 010b] Got BI RAR subPDU 5 ms
[0m[NR_MAC] [UE 0][RAPROC][RA-RNTI 010b] Got RAPID RAR subPDU
[0m[32m[NR_MAC] [UE 0][RAPROC][125.10] Found RAR with the intended RAPID 61
[0m[93m[MAC]    received TA command 31
[0m[32m[NR_MAC] [RAPROC][125.18] RA-Msg3 transmitted
[0m[32m[NR_MAC] [UE 0][126.10][RAPROC] 4-Step RA procedure succeeded. CBRA: Contention Resolution is successful.
[0m[NR_RRC] [UE0][RAPROC] Logical Channel DL-CCCH (SRB0), Received NR_RRCSetup
[0m[RLC]    Added srb 1 to UE 0
[0m[NR_RRC] State = NR_RRC_CONNECTED
[0m[NAS]    Generate Initial NAS Message: Registration Request
[0m[MAC]    [UE 0] Applying CellGroupConfig from gNodeB
[0m[NR_RRC] [UE 0][RAPROC] Logical Channel UL-DCCH (SRB1), Generating RRCSetupComplete (bytes32)
[0m[NAS]    [UE 0] Received NR_NAS_CONN_ESTABLISH_IND: asCause 0
[0m[NR_MAC] UE 0 RNTI aae1 stats sfn: 128.4, cumulated bad DCI 0
    DL harq: 1/0
    UL harq: 2/0 avg code rate 0.1, avg bit/symbol 2.2, avg per TB: (nb RBs 6.5, nb symbols 8.0)
[0m[NAS]    [UE 0] Received NAS_DOWNLINK_DATA_IND type FGS_AUTHENTICATION_REQUEST with length 42
[0m[NAS]    [UE 0] Received NAS_DOWNLINK_DATA_IND type FGS_SECURITY_MODE_COMMAND with length 21
[0m[NAS]    Generate Initial NAS Message: Registration Request
[0m[NR_RRC] Received securityModeCommand (gNB 0)
[0m[NR_RRC] Receiving from SRB1 (DL-DCCH), Processing securityModeCommand
[0m[NR_RRC] Security algorithm is set to nea0
[0m[NR_RRC] Integrity protection algorithm is set to nia2
[0m[NR_RRC] Receiving from SRB1 (DL-DCCH), encoding securityModeComplete, rrc_TransactionIdentifier: 0
[0m[NR_RRC] Received Capability Enquiry (gNB 0)
[0m[NR_RRC] Receiving from SRB1 (DL-DCCH), Processing UECapabilityEnquiry
[0m[CONFIG] function config_libconfig_init returned 0
Initializing random number generator, seed 7985075994208706868
Waiting for server to create shared memory segment
UE threads created by 394386
TYPE <CTRL-C> TO TERMINATE
Entering ITTI signals handler
TYPE <CTRL-C> TO TERMINATE
kausf:13 4e 82 43 4b ab c7 d5 75 cd e8 c4 69 93 21 29 db 20 f8 fa 38 14 1b 1b da 96 16 3f e7 6 50 2e 
kseaf:1b 72 ca f5 10 4d 4f b6 9d 9a 4c 97 c4 ea ff 60 6d 1 c d0 17 fd 80 9d c 3 bf 73 2 6d 6b 42 
kamf:9b 22 7c fd ab 66 82 f 8a 4b 1a 86 d4 2 8 9b 94 85 4d 34 98 e b9 98 c5 4c b7 c7 e0 25 f0 65 
knas_int: a4 a5 dd a0 dc 59 63 4d f 3f bd c6 13 cf 31 75 
knas_enc: 94 36 cf c6 d5 17 d5 8b ef ca ee 85 14 c6 49 ab 
mac bc fe 38 c5 
[NR_RRC] deriving kRRCenc, kRRCint from KgNB=ab c4 39 87 aa 7f 62 36 30 d2 65 2a e7 da 9e f5 b8 07 c4 e7 d2 55 00 1d b8 97 0f 91 41 1e c5 3b [0m
[NR_RRC] securityModeComplete payload: 28 00 00 00 00 00 00 00 f0 3c 00 e8 5e 74 00 00 [0m
<UE-NR-Capability>
    <accessStratumRelease><rel15/></accessStratumRelease>
    <pdcp-Parameters>
        <supportedROHC-Profiles>
            <profile0x0000><false/></profile0x0000>
            <profile0x0001><false/></profile0x0001>
            <profile0x0002><false/></profile0x0002>
            <profile0x0003><false/></profile0x0003>
            <profile0x0004><false/></profile0x0004>
            <profile0x0006><false/></profile0x0006>
            <profile0x0101><false/></profile0x0101>
            <profile0x0102><false/></profile0x0102>
            <profile0x0103><false/></profile0x0103>
            <profile0x0104><false/></profile0x0104>
        </supportedROHC-Profiles>
        <maxNumberROHC-ContextSessions><cs2/></maxNumberROHC-ContextSessions>
    </pdcp-Parameters>
    <phy-Parameters>
    </phy-Parameters>
    <rf-Parameters>
        <supportedBandListNR>
            <BandNR>
                <bandNR>1</bandNR>
            </BandNR>
        </supportedBandListNR>
    </rf-Parameters>
</UE-NR-Capability>
[PHY]    [RRC]UE NR Capability encoded, 10 bytes (86 bits)
[0m[NR_RRC] UECapabilityInformation Encoded 106 bits (14 bytes)
[0m[NAS]    [UE 0] Received NAS_DOWNLINK_DATA_IND type FGS_REGISTRATION_ACCEPT with length 53
[0m[NAS]    Received Registration Accept with result 3GPP
[0m[NAS]    SMS not allowed in 5GS Registration Result
[0m[NR_RRC] 5G-GUTI: AMF pointer 1, AMF Set ID 1, 5G-TMSI 278202660 
[0m[NAS]    Send NAS_UPLINK_DATA_REQ message(RegistrationComplete)
[0m[NAS]    requested PDU session ID 1 type 1 NSSAI 1.16777215 DNN oai
[0m[NAS]    Send NAS_UPLINK_DATA_REQ message(PduSessionEstablishRequest)
[0m[RLC]    Added srb 2 to UE 0
[0m[RLC]    Added drb 1 to UE 0
[0m[RLC]    Added DRB to UE 0
[0m[NR_RRC] RRCReconfiguration includes radio Bearer Configuration
[0m[MAC]    [UE 0] Applying CellGroupConfig from gNodeB
[0m[SDAP]   Default DRB for the created SDAP entity: DRB 1 
[0m[PDCP]   Added DRB 1 to UE ID 0
[0m[NR_RRC] State = NR_RRC_CONNECTED
[0m[NR_RRC] RRCReconfiguration includes Measurement Configuration
[0m[93m[NR_RRC] Measurement gaps not yet supported!
[0m[NR_RRC] rrcReconfigurationComplete Encoded 10 bits (2 bytes)
[0m[NR_RRC]  Logical Channel UL-DCCH (SRB1), Generating RRCReconfigurationComplete (bytes 2)
[0m[93m[NR_RRC] (active_cell_rsrp) -123 + (rsrp_hysteresis) 0 < (rsrp_threshold) -97
[0m[NAS]    [UE 0] Received NAS_CONN_ESTABLI_CNF: errCode 1, length 98
[0m[NAS]    Received PDU Session Establishment Accept, UE IPv4: 10.0.0.73
[0m[32m[OIP]    TUN Interface oaitun_ue1 successfully configured, IPv4 10.0.0.73, IPv6 (null)
[0m[NR_RRC] MeasurementReport Encoded 53 bits (7 bytes)
[0m[UTIL]   threadCreate() for ue_tun_read_0_p1: creating thread with affinity ffffffff, priority 1
[0m[NR_RRC] MeasurementReport Encoded 53 bits (7 bytes)
[0m[NR_MAC] UE 0 RNTI aae1 stats sfn: 256.4, cumulated bad DCI 0
    DL harq: 23/0/0
    UL harq: 75/74/74 avg code rate 0.1, avg bit/symbol 2.1, avg per TB: (nb RBs 5.0, nb symbols 13.0)
[0m[NR_RRC] MeasurementReport Encoded 53 bits (7 bytes)
[0m[NR_RRC] MeasurementReport Encoded 53 bits (7 bytes)
[0m[NR_MAC] UE 0 RNTI aae1 stats sfn: 384.4, cumulated bad DCI 0
    DL harq: 26/0/0
    UL harq: 90/89/89 avg code rate 0.1, avg bit/symbol 2.1, avg per TB: (nb RBs 5.0, nb symbols 13.0)
[0m[NR_MAC] UE 0 RNTI aae1 stats sfn: 512.4, cumulated bad DCI 0
    DL harq: 27/0/0
    UL harq: 101/100/99 avg code rate 0.1, avg bit/symbol 2.1, avg per TB: (nb RBs 5.0, nb symbols 13.0)
[0m[NR_MAC] UE 0 RNTI aae1 stats sfn: 640.4, cumulated bad DCI 0
    DL harq: 30/0/0
    UL harq: 119/118/118 avg code rate 0.1, avg bit/symbol 2.1, avg per TB: (nb RBs 5.0, nb symbols 13.0)
[0m[NR_MAC] UE 0 RNTI aae1 stats sfn: 768.4, cumulated bad DCI 0
    DL harq: 34/0/0
    UL harq: 158/156/155 avg code rate 0.1, avg bit/symbol 2.0, avg per TB: (nb RBs 5.0, nb symbols 13.0)
[0m[NR_MAC] UE 0 RNTI aae1 stats sfn: 896.4, cumulated bad DCI 0
    DL harq: 45/0/0
    UL harq: 319/318/314 avg code rate 0.1, avg bit/symbol 2.0, avg per TB: (nb RBs 5.0, nb symbols 13.0)
[0m[NR_MAC] UE 0 RNTI aae1 stats sfn: 0.4, cumulated bad DCI 0
    DL harq: 68/0/0
    UL harq: 491/486/486 avg code rate 0.1, avg bit/symbol 2.0, avg per TB: (nb RBs 5.0, nb symbols 13.0)
[0m[NR_MAC] UE 0 RNTI aae1 stats sfn: 128.4, cumulated bad DCI 0
    DL harq: 92/0/0
    UL harq: 659/658/658 avg code rate 0.1, avg bit/symbol 2.0, avg per TB: (nb RBs 5.0, nb symbols 13.0)
[0m[NR_MAC] UE 0 RNTI aae1 stats sfn: 256.4, cumulated bad DCI 0
    DL harq: 116/0/0
    UL harq: 831/830/826 avg code rate 0.1, avg bit/symbol 2.0, avg per TB: (nb RBs 5.0, nb symbols 13.0)
[0m[NR_MAC] UE 0 RNTI aae1 stats sfn: 384.4, cumulated bad DCI 0
    DL harq: 137/0/0
    UL harq: 1003/998/998 avg code rate 0.1, avg bit/symbol 2.0, avg per TB: (nb RBs 5.0, nb symbols 13.0)
[0m[NR_MAC] UE 0 RNTI aae1 stats sfn: 512.4, cumulated bad DCI 0
    DL harq: 156/0/0
    UL harq: 1171/1170/1170 avg code rate 0.1, avg bit/symbol 2.0, avg per TB: (nb RBs 5.0, nb symbols 13.0)
[0m[NR_MAC] UE 0 RNTI aae1 stats sfn: 640.4, cumulated bad DCI 0
    DL harq: 180/0/0
    UL harq: 1343/1342/1338 avg code rate 0.1, avg bit/symbol 2.0, avg per TB: (nb RBs 5.0, nb symbols 13.0)
[0m[NR_MAC] UE 0 RNTI aae1 stats sfn: 768.4, cumulated bad DCI 0
    DL harq: 203/0/0
    UL harq: 1515/1510/1510 avg code rate 0.1, avg bit/symbol 2.0, avg per TB: (nb RBs 5.0, nb symbols 13.0)
[0m[NR_MAC] UE 0 RNTI aae1 stats sfn: 896.4, cumulated bad DCI 0
    DL harq: 226/0/0
    UL harq: 1683/1682/1682 avg code rate 0.1, avg bit/symbol 2.0, avg per TB: (nb RBs 5.0, nb symbols 13.0)
[0m[NR_MAC] UE 0 RNTI aae1 stats sfn: 0.4, cumulated bad DCI 0
    DL harq: 251/0/0
    UL harq: 1855/1854/1850 avg code rate 0.1, avg bit/symbol 2.0, avg per TB: (nb RBs 5.0, nb symbols 13.0)
[0m[NR_MAC] UE 0 RNTI aae1 stats sfn: 128.4, cumulated bad DCI 0
    DL harq: 273/0/0
    UL harq: 2027/2022/2022 avg code rate 0.1, avg bit/symbol 2.0, avg per TB: (nb RBs 5.0, nb symbols 13.0)
[0m[NR_MAC] UE 0 RNTI aae1 stats sfn: 256.4, cumulated bad DCI 0
    DL harq: 290/0/0
    UL harq: 2195/2194/2194 avg code rate 0.1, avg bit/symbol 2.0, avg per TB: (nb RBs 5.0, nb symbols 13.0)
[0m[NR_MAC] UE 0 RNTI aae1 stats sfn: 384.4, cumulated bad DCI 0
    DL harq: 315/0/0
    UL harq: 2367/2366/2362 avg code rate 0.1, avg bit/symbol 2.0, avg per TB: (nb RBs 5.0, nb symbols 13.0)
[0m[NR_MAC] UE 0 RNTI aae1 stats sfn: 512.4, cumulated bad DCI 0
    DL harq: 338/0/0
    UL harq: 2539/2534/2534 avg code rate 0.1, avg bit/symbol 2.0, avg per TB: (nb RBs 5.0, nb symbols 13.0)
[0m[NR_MAC] UE 0 RNTI aae1 stats sfn: 640.4, cumulated bad DCI 0
    DL harq: 361/0/0
    UL harq: 2707/2706/2706 avg code rate 0.1, avg bit/symbol 2.0, avg per TB: (nb RBs 5.0, nb symbols 13.0)
[0m[NR_MAC] UE 0 RNTI aae1 stats sfn: 768.4, cumulated bad DCI 0
    DL harq: 385/0/0
    UL harq: 2879/2878/2874 avg code rate 0.1, avg bit/symbol 2.0, avg per TB: (nb RBs 5.0, nb symbols 13.0)
[0m[NR_MAC] UE 0 RNTI aae1 stats sfn: 896.4, cumulated bad DCI 0
    DL harq: 409/0/0
    UL harq: 3051/3046/3046 avg code rate 0.1, avg bit/symbol 2.0, avg per TB: (nb RBs 5.0, nb symbols 13.0)
[0m[NR_MAC] UE 0 RNTI aae1 stats sfn: 0.4, cumulated bad DCI 0
    DL harq: 426/0/0
    UL harq: 3219/3218/3218 avg code rate 0.1, avg bit/symbol 2.0, avg per TB: (nb RBs 5.0, nb symbols 13.0)
[0m[NR_MAC] UE 0 RNTI aae1 stats sfn: 128.4, cumulated bad DCI 0
    DL harq: 449/0/0
    UL harq: 3391/3390/3386 avg code rate 0.1, avg bit/symbol 2.0, avg per TB: (nb RBs 5.0, nb symbols 13.0)
[0m[NR_MAC] UE 0 RNTI aae1 stats sfn: 256.4, cumulated bad DCI 0
    DL harq: 474/0/0
    UL harq: 3563/3558/3558 avg code rate 0.1, avg bit/symbol 2.0, avg per TB: (nb RBs 5.0, nb symbols 13.0)
[0m[NR_MAC] UE 0 RNTI aae1 stats sfn: 384.4, cumulated bad DCI 0
    DL harq: 497/0/0
    UL harq: 3731/3730/3730 avg code rate 0.1, avg bit/symbol 2.0, avg per TB: (nb RBs 5.0, nb symbols 13.0)
[0m[NR_MAC] UE 0 RNTI aae1 stats sfn: 512.4, cumulated bad DCI 0
    DL harq: 520/0/0
    UL harq: 3903/3902/3898 avg code rate 0.1, avg bit/symbol 2.0, avg per TB: (nb RBs 5.0, nb symbols 13.0)
[0m[NR_MAC] UE 0 RNTI aae1 stats sfn: 640.4, cumulated bad DCI 0
    DL harq: 544/0/0
    UL harq: 4075/4070/4070 avg code rate 0.1, avg bit/symbol 2.0, avg per TB: (nb RBs 5.0, nb symbols 13.0)
[0m[NR_MAC] UE 0 RNTI aae1 stats sfn: 768.4, cumulated bad DCI 0
    DL harq: 569/0/0
    UL harq: 4243/4242/4242 avg code rate 0.1, avg bit/symbol 2.0, avg per TB: (nb RBs 5.0, nb symbols 13.0)
[0m[NR_MAC] UE 0 RNTI aae1 stats sfn: 896.4, cumulated bad DCI 0
    DL harq: 592/0/0
    UL harq: 4415/4414/4410 avg code rate 0.1, avg bit/symbol 2.0, avg per TB: (nb RBs 5.0, nb symbols 13.0)
[0m[NR_MAC] UE 0 RNTI aae1 stats sfn: 0.4, cumulated bad DCI 0
    DL harq: 616/0/0
    UL harq: 4587/4582/4582 avg code rate 0.1, avg bit/symbol 2.0, avg per TB: (nb RBs 5.0, nb symbols 13.0)
[0m[NR_MAC] UE 0 RNTI aae1 stats sfn: 128.4, cumulated bad DCI 0
    DL harq: 639/0/0
    UL harq: 4755/4754/4754 avg code rate 0.1, avg bit/symbol 2.0, avg per TB: (nb RBs 5.0, nb symbols 13.0)
[0m[NR_MAC] UE 0 RNTI aae1 stats sfn: 256.4, cumulated bad DCI 0
    DL harq: 663/0/0
    UL harq: 4927/4926/4922 avg code rate 0.1, avg bit/symbol 2.0, avg per TB: (nb RBs 5.0, nb symbols 13.0)
[0m[NR_MAC] UE 0 RNTI aae1 stats sfn: 384.4, cumulated bad DCI 0
    DL harq: 687/0/0
    UL harq: 5099/5094/5094 avg code rate 0.1, avg bit/symbol 2.0, avg per TB: (nb RBs 5.0, nb symbols 13.0)
[0m[NR_MAC] UE 0 RNTI aae1 stats sfn: 512.4, cumulated bad DCI 0
    DL harq: 711/0/0
    UL harq: 5267/5266/5266 avg code rate 0.1, avg bit/symbol 2.0, avg per TB: (nb RBs 5.0, nb symbols 13.0)
[0m[NR_MAC] UE 0 RNTI aae1 stats sfn: 640.4, cumulated bad DCI 0
    DL harq: 735/0/0
    UL harq: 5439/5438/5434 avg code rate 0.1, avg bit/symbol 2.0, avg per TB: (nb RBs 5.0, nb symbols 13.0)
[0m[NR_MAC] UE 0 RNTI aae1 stats sfn: 768.4, cumulated bad DCI 0
    DL harq: 759/0/0
    UL harq: 5611/5606/5606 avg code rate 0.1, avg bit/symbol 2.0, avg per TB: (nb RBs 5.0, nb symbols 13.0)
[0m[NR_MAC] UE 0 RNTI aae1 stats sfn: 896.4, cumulated bad DCI 0
    DL harq: 782/0/0
    UL harq: 5779/5778/5778 avg code rate 0.1, avg bit/symbol 2.0, avg per TB: (nb RBs 5.0, nb symbols 13.0)
[0m[NR_MAC] UE 0 RNTI aae1 stats sfn: 0.4, cumulated bad DCI 0
    DL harq: 805/0/0
    UL harq: 5951/5950/5946 avg code rate 0.1, avg bit/symbol 2.0, avg per TB: (nb RBs 5.0, nb symbols 13.0)
[0m[NR_MAC] UE 0 RNTI aae1 stats sfn: 128.4, cumulated bad DCI 0
    DL harq: 830/0/0
    UL harq: 6123/6118/6118 avg code rate 0.1, avg bit/symbol 2.0, avg per TB: (nb RBs 5.0, nb symbols 13.0)
[0m[NR_MAC] UE 0 RNTI aae1 stats sfn: 256.4, cumulated bad DCI 0
    DL harq: 853/0/0
    UL harq: 6291/6290/6290 avg code rate 0.1, avg bit/symbol 2.0, avg per TB: (nb RBs 5.0, nb symbols 13.0)
[0m[NR_MAC] UE 0 RNTI aae1 stats sfn: 384.4, cumulated bad DCI 0
    DL harq: 877/0/0
    UL harq: 6463/6462/6458 avg code rate 0.1, avg bit/symbol 2.0, avg per TB: (nb RBs 5.0, nb symbols 13.0)
[0m[NR_MAC] UE 0 RNTI aae1 stats sfn: 512.4, cumulated bad DCI 0
    DL harq: 903/0/0
    UL harq: 6635/6630/6630 avg code rate 0.1, avg bit/symbol 2.0, avg per TB: (nb RBs 5.0, nb symbols 13.0)
[0m[NR_MAC] UE 0 RNTI aae1 stats sfn: 640.4, cumulated bad DCI 0
    DL harq: 926/0/0
    UL harq: 6803/6802/6802 avg code rate 0.1, avg bit/symbol 2.0, avg per TB: (nb RBs 5.0, nb symbols 13.0)
[0m[NR_MAC] UE 0 RNTI aae1 stats sfn: 768.4, cumulated bad DCI 0
    DL harq: 951/0/0
    UL harq: 6975/6974/6970 avg code rate 0.1, avg bit/symbol 2.0, avg per TB: (nb RBs 5.0, nb symbols 13.0)
[0m[NR_MAC] UE 0 RNTI aae1 stats sfn: 896.4, cumulated bad DCI 0
    DL harq: 975/0/0
    UL harq: 7147/7142/7142 avg code rate 0.1, avg bit/symbol 2.0, avg per TB: (nb RBs 5.0, nb symbols 13.0)
[0m[NR_MAC] UE 0 RNTI aae1 stats sfn: 0.4, cumulated bad DCI 0
    DL harq: 992/0/0
    UL harq: 7315/7314/7314 avg code rate 0.1, avg bit/symbol 2.0, avg per TB: (nb RBs 5.0, nb symbols 13.0)
[0m[NR_MAC] UE 0 RNTI aae1 stats sfn: 128.4, cumulated bad DCI 0
    DL harq: 1015/0/0
    UL harq: 7487/7486/7482 avg code rate 0.1, avg bit/symbol 2.0, avg per TB: (nb RBs 5.0, nb symbols 13.0)
[0m[NR_MAC] UE 0 RNTI aae1 stats sfn: 256.4, cumulated bad DCI 0
    DL harq: 1044/0/0
    UL harq: 7659/7654/7654 avg code rate 0.1, avg bit/symbol 2.0, avg per TB: (nb RBs 5.0, nb symbols 13.0)
[0m[NR_MAC] UE 0 RNTI aae1 stats sfn: 384.4, cumulated bad DCI 0
    DL harq: 1073/0/0
    UL harq: 7827/7826/7826 avg code rate 0.1, avg bit/symbol 2.0, avg per TB: (nb RBs 5.0, nb symbols 13.0)
[0m[NR_MAC] UE 0 RNTI aae1 stats sfn: 512.4, cumulated bad DCI 0
    DL harq: 1097/0/0
    UL harq: 7999/7998/7994 avg code rate 0.1, avg bit/symbol 2.0, avg per TB: (nb RBs 5.0, nb symbols 13.0)
[0m[NR_MAC] UE 0 RNTI aae1 stats sfn: 640.4, cumulated bad DCI 0
    DL harq: 1121/0/0
    UL harq: 8171/8166/8166 avg code rate 0.1, avg bit/symbol 2.0, avg per TB: (nb RBs 5.0, nb symbols 13.0)
[0m[NR_MAC] UE 0 RNTI aae1 stats sfn: 768.4, cumulated bad DCI 0
    DL harq: 1145/0/0
    UL harq: 8339/8338/8338 avg code rate 0.1, avg bit/symbol 2.0, avg per TB: (nb RBs 5.0, nb symbols 13.0)
[0m[NR_MAC] UE 0 RNTI aae1 stats sfn: 896.4, cumulated bad DCI 0
    DL harq: 1169/0/0
    UL harq: 8511/8510/8506 avg code rate 0.1, avg bit/symbol 2.0, avg per TB: (nb RBs 5.0, nb symbols 13.0)
[0m[NR_MAC] UE 0 RNTI aae1 stats sfn: 0.4, cumulated bad DCI 0
    DL harq: 1194/0/0
    UL harq: 8683/8678/8678 avg code rate 0.1, avg bit/symbol 2.0, avg per TB: (nb RBs 5.0, nb symbols 13.0)
[0m[NR_MAC] UE 0 RNTI aae1 stats sfn: 128.4, cumulated bad DCI 0
    DL harq: 1218/0/0
    UL harq: 8851/8850/8850 avg code rate 0.1, avg bit/symbol 2.0, avg per TB: (nb RBs 5.0, nb symbols 13.0)
[0m[NR_MAC] UE 0 RNTI aae1 stats sfn: 256.4, cumulated bad DCI 0
    DL harq: 1242/0/0
    UL harq: 9023/9022/9018 avg code rate 0.1, avg bit/symbol 2.0, avg per TB: (nb RBs 5.0, nb symbols 13.0)
[0m[NR_MAC] UE 0 RNTI aae1 stats sfn: 384.4, cumulated bad DCI 0
    DL harq: 1267/0/0
    UL harq: 9195/9190/9190 avg code rate 0.1, avg bit/symbol 2.0, avg per TB: (nb RBs 5.0, nb symbols 13.0)
[0m[NR_MAC] UE 0 RNTI aae1 stats sfn: 512.4, cumulated bad DCI 0
    DL harq: 1290/0/0
    UL harq: 9363/9362/9362 avg code rate 0.1, avg bit/symbol 2.0, avg per TB: (nb RBs 5.0, nb symbols 13.0)
[0m[NR_MAC] UE 0 RNTI aae1 stats sfn: 640.4, cumulated bad DCI 0
    DL harq: 1313/0/0
    UL harq: 9535/9534/9530 avg code rate 0.1, avg bit/symbol 2.0, avg per TB: (nb RBs 5.0, nb symbols 13.0)
[0m[NR_MAC] UE 0 RNTI aae1 stats sfn: 768.4, cumulated bad DCI 0
    DL harq: 1330/0/0
    UL harq: 9707/9702/9702 avg code rate 0.1, avg bit/symbol 2.0, avg per TB: (nb RBs 5.0, nb symbols 13.0)
[0m[NR_MAC] UE 0 RNTI aae1 stats sfn: 896.4, cumulated bad DCI 0
    DL harq: 1353/0/0
    UL harq: 9875/9874/9874 avg code rate 0.1, avg bit/symbol 2.0, avg per TB: (nb RBs 5.0, nb symbols 13.0)
[0m[NR_MAC] UE 0 RNTI aae1 stats sfn: 0.4, cumulated bad DCI 0
    DL harq: 1377/0/0
    UL harq: 10047/10046/10042 avg code rate 0.1, avg bit/symbol 2.0, avg per TB: (nb RBs 5.0, nb symbols 13.0)
[0m[NR_MAC] UE 0 RNTI aae1 stats sfn: 128.4, cumulated bad DCI 0
    DL harq: 1402/0/0
    UL harq: 10219/10214/10214 avg code rate 0.1, avg bit/symbol 2.0, avg per TB: (nb RBs 5.0, nb symbols 13.0)
[0m[NR_MAC] UE 0 RNTI aae1 stats sfn: 256.4, cumulated bad DCI 0
    DL harq: 1419/0/0
    UL harq: 10387/10386/10386 avg code rate 0.1, avg bit/symbol 2.0, avg per TB: (nb RBs 5.0, nb symbols 13.0)
[0m[NR_MAC] UE 0 RNTI aae1 stats sfn: 384.4, cumulated bad DCI 0
    DL harq: 1442/0/0
    UL harq: 10559/10558/10554 avg code rate 0.1, avg bit/symbol 2.0, avg per TB: (nb RBs 5.0, nb symbols 13.0)
[0m[NR_MAC] UE 0 RNTI aae1 stats sfn: 512.4, cumulated bad DCI 0
    DL harq: 1466/0/0
    UL harq: 10731/10726/10726 avg code rate 0.1, avg bit/symbol 2.0, avg per TB: (nb RBs 5.0, nb symbols 13.0)
[0m[NR_MAC] UE 0 RNTI aae1 stats sfn: 640.4, cumulated bad DCI 0
    DL harq: 1490/0/0
    UL harq: 10899/10898/10898 avg code rate 0.1, avg bit/symbol 2.0, avg per TB: (nb RBs 5.0, nb symbols 13.0)
[0m[NR_MAC] UE 0 RNTI aae1 stats sfn: 768.4, cumulated bad DCI 0
    DL harq: 1514/0/0
    UL harq: 11071/11070/11066 avg code rate 0.1, avg bit/symbol 2.0, avg per TB: (nb RBs 5.0, nb symbols 13.0)
[0m[NR_MAC] UE 0 RNTI aae1 stats sfn: 896.4, cumulated bad DCI 0
    DL harq: 1538/0/0
    UL harq: 11243/11238/11238 avg code rate 0.1, avg bit/symbol 2.0, avg per TB: (nb RBs 5.0, nb symbols 13.0)
[0m[NR_MAC] UE 0 RNTI aae1 stats sfn: 0.4, cumulated bad DCI 0
    DL harq: 1554/0/0
    UL harq: 11411/11410/11410 avg code rate 0.1, avg bit/symbol 2.0, avg per TB: (nb RBs 5.0, nb symbols 13.0)
[0m[NR_MAC] UE 0 RNTI aae1 stats sfn: 128.4, cumulated bad DCI 0
    DL harq: 1577/0/0
    UL harq: 11583/11582/11578 avg code rate 0.1, avg bit/symbol 2.0, avg per TB: (nb RBs 5.0, nb symbols 13.0)
[0m[NR_MAC] UE 0 RNTI aae1 stats sfn: 256.4, cumulated bad DCI 0
    DL harq: 1607/0/0
    UL harq: 11755/11750/11750 avg code rate 0.1, avg bit/symbol 2.0, avg per TB: (nb RBs 5.0, nb symbols 13.0)
[0m[NR_MAC] UE 0 RNTI aae1 stats sfn: 384.4, cumulated bad DCI 0
    DL harq: 1628/0/0
    UL harq: 11923/11922/11922 avg code rate 0.1, avg bit/symbol 2.0, avg per TB: (nb RBs 5.0, nb symbols 13.0)
[0m[NR_MAC] UE 0 RNTI aae1 stats sfn: 512.4, cumulated bad DCI 0
    DL harq: 2091/0/0
    UL harq: 12088/12086/12083 avg code rate 0.1, avg bit/symbol 2.0, avg per TB: (nb RBs 5.0, nb symbols 13.0)
[0m[93m[PHY]    Deadline missed for tx slot 588.9 (current time 1779921966365420 us, deadline 1779921966365152 us, missed by 268)
[0m[NR_MAC] UE 0 RNTI aae1 stats sfn: 640.4, cumulated bad DCI 0
    DL harq: 2200/18/0/0
    UL harq: 12254/12248/12245/22 avg code rate 0.1, avg bit/symbol 2.0, avg per TB: (nb RBs 5.0, nb symbols 13.0)
[0m[NR_MAC] UE 0 RNTI aae1 stats sfn: 768.4, cumulated bad DCI 0
    DL harq: 2298/30/0/0
    UL harq: 12422/12409/12406/44 avg code rate 0.1, avg bit/symbol 2.0, avg per TB: (nb RBs 5.0, nb symbols 13.0)
[0m[NR_MAC] UE 0 RNTI aae1 stats sfn: 896.4, cumulated bad DCI 0
    DL harq: 2437/48/0/0
    UL harq: 12599/12572/12569/53 avg code rate 0.1, avg bit/symbol 2.0, avg per TB: (nb RBs 5.0, nb symbols 13.0)
[0m[NR_MAC] UE 0 RNTI aae1 stats sfn: 0.4, cumulated bad DCI 0
    DL harq: 2593/53/0/0
    UL harq: 12762/12732/12729/82 avg code rate 0.1, avg bit/symbol 2.0, avg per TB: (nb RBs 5.0, nb symbols 13.0)
[0m[NR_MAC] UE 0 RNTI aae1 stats sfn: 128.4, cumulated bad DCI 0
    DL harq: 2697/61/0/0
    UL harq: 12921/12885/12883/128 avg code rate 0.1, avg bit/symbol 2.0, avg per TB: (nb RBs 5.0, nb symbols 13.0)
[0m[NR_MAC] UE 0 RNTI aae1 stats sfn: 256.4, cumulated bad DCI 0
    DL harq: 2813/70/0/0
    UL harq: 13071/13033/13030/195 avg code rate 0.1, avg bit/symbol 2.0, avg per TB: (nb RBs 5.0, nb symbols 13.0)
[0m[NR_MAC] UE 0 RNTI aae1 stats sfn: 384.4, cumulated bad DCI 0
    DL harq: 2905/82/0/0
    UL harq: 13225/13182/13180/254 avg code rate 0.1, avg bit/symbol 2.0, avg per TB: (nb RBs 5.0, nb symbols 13.0)
[0m[NR_MAC] UE 0 RNTI aae1 stats sfn: 512.4, cumulated bad DCI 0
    DL harq: 3012/101/0/0
    UL harq: 13393/13335/13334/291 avg code rate 0.1, avg bit/symbol 2.0, avg per TB: (nb RBs 5.0, nb symbols 13.0)
[0m[NR_MAC] UE 0 RNTI aae1 stats sfn: 640.4, cumulated bad DCI 0
    DL harq: 3140/107/0/0
    UL harq: 13558/13495/13493/319 avg code rate 0.1, avg bit/symbol 2.0, avg per TB: (nb RBs 5.0, nb symbols 13.0)
[0m[NR_MAC] UE 0 RNTI aae1 stats sfn: 768.4, cumulated bad DCI 0
    DL harq: 3287/119/0/0
    UL harq: 13734/13661/13657/325 avg code rate 0.1, avg bit/symbol 2.0, avg per TB: (nb RBs 5.0, nb symbols 13.0)
[0m[NR_MAC] UE 0 RNTI aae1 stats sfn: 896.4, cumulated bad DCI 0
    DL harq: 3405/137/1/0
    UL harq: 13903/13825/13822/339 avg code rate 0.1, avg bit/symbol 2.0, avg per TB: (nb RBs 5.0, nb symbols 13.0)
[0m[NR_MAC] UE 0 RNTI aae1 stats sfn: 0.4, cumulated bad DCI 0
    DL harq: 3565/157/1/0
    UL harq: 14081/13989/13984/347 avg code rate 0.1, avg bit/symbol 2.0, avg per TB: (nb RBs 5.0, nb symbols 13.0)
[0m[NR_MAC] UE 0 RNTI aae1 stats sfn: 128.4, cumulated bad DCI 0
    DL harq: 3715/168/1/0
    UL harq: 14256/14153/14150/354 avg code rate 0.1, avg bit/symbol 2.0, avg per TB: (nb RBs 5.0, nb symbols 13.0)
[0m[NR_MAC] UE 0 RNTI aae1 stats sfn: 256.4, cumulated bad DCI 0
    DL harq: 3851/174/1/0
    UL harq: 14419/14313/14309/384 avg code rate 0.1, avg bit/symbol 2.0, avg per TB: (nb RBs 5.0, nb symbols 13.0)
[0m[NR_MAC] UE 0 RNTI aae1 stats sfn: 384.4, cumulated bad DCI 0
    DL harq: 3955/192/1/0
    UL harq: 14581/14466/14463/427 avg code rate 0.1, avg bit/symbol 2.0, avg per TB: (nb RBs 5.0, nb symbols 13.0)
[0m[NR_MAC] UE 0 RNTI aae1 stats sfn: 512.4, cumulated bad DCI 0
    DL harq: 4045/198/1/0
    UL harq: 14744/14625/14621/459 avg code rate 0.1, avg bit/symbol 2.0, avg per TB: (nb RBs 5.0, nb symbols 13.0)
[0m[NR_MAC] UE 0 RNTI aae1 stats sfn: 640.4, cumulated bad DCI 0
    DL harq: 4167/214/5/1
    UL harq: 14910/14780/14777/494 avg code rate 0.1, avg bit/symbol 2.0, avg per TB: (nb RBs 5.0, nb symbols 13.0)
[0m[NR_MAC] UE 0 RNTI aae1 stats sfn: 768.4, cumulated bad DCI 0
    DL harq: 4295/224/5/1
    UL harq: 15079/14939/14936/519 avg code rate 0.1, avg bit/symbol 2.0, avg per TB: (nb RBs 5.0, nb symbols 13.0)
[0m[NR_MAC] UE 0 RNTI aae1 stats sfn: 896.4, cumulated bad DCI 0
    DL harq: 4420/241/5/1
    UL harq: 15249/15103/15101/532 avg code rate 0.1, avg bit/symbol 2.0, avg per TB: (nb RBs 5.0, nb symbols 13.0)
[0m[NR_MAC] UE 0 RNTI aae1 stats sfn: 0.4, cumulated bad DCI 0
    DL harq: 4520/249/5/1
    UL harq: 15416/15270/15267/544 avg code rate 0.1, avg bit/symbol 2.0, avg per TB: (nb RBs 5.0, nb symbols 13.0)
[0m[NR_MAC] UE 0 RNTI aae1 stats sfn: 128.4, cumulated bad DCI 0
    DL harq: 4623/262/5/1
    UL harq: 15586/15435/15432/556 avg code rate 0.1, avg bit/symbol 2.0, avg per TB: (nb RBs 5.0, nb symbols 13.0)
[0m[NR_MAC] UE 0 RNTI aae1 stats sfn: 256.4, cumulated bad DCI 0
    DL harq: 4742/284/5/1
    UL harq: 15756/15600/15597/568 avg code rate 0.1, avg bit/symbol 2.0, avg per TB: (nb RBs 5.0, nb symbols 13.0)
[0m[NR_MAC] UE 0 RNTI aae1 stats sfn: 384.4, cumulated bad DCI 0
    DL harq: 4924/305/5/1
    UL harq: 15939/15763/15760/571 avg code rate 0.1, avg bit/symbol 2.0, avg per TB: (nb RBs 5.0, nb symbols 13.0)
[0m[NR_MAC] UE 0 RNTI aae1 stats sfn: 512.4, cumulated bad DCI 0
    DL harq: 5103/325/5/1
    UL harq: 16113/15923/15919/590 avg code rate 0.1, avg bit/symbol 2.0, avg per TB: (nb RBs 5.0, nb symbols 13.0)
[0m[NR_MAC] UE 0 RNTI aae1 stats sfn: 640.4, cumulated bad DCI 0
    DL harq: 5192/326/5/1
    UL harq: 16268/16075/16071/643 avg code rate 0.1, avg bit/symbol 2.0, avg per TB: (nb RBs 5.0, nb symbols 13.0)
[0m[NR_MAC] UE 0 RNTI aae1 stats sfn: 768.4, cumulated bad DCI 0
    DL harq: 5272/354/8/1
    UL harq: 16428/16226/16223/692 avg code rate 0.1, avg bit/symbol 2.0, avg per TB: (nb RBs 5.0, nb symbols 13.0)
[0m[NR_MAC] UE 0 RNTI aae1 stats sfn: 896.4, cumulated bad DCI 0
    DL harq: 5331/354/8/1
    UL harq: 16588/16385/16382/726 avg code rate 0.1, avg bit/symbol 2.0, avg per TB: (nb RBs 5.0, nb symbols 13.0)
[0m[NR_MAC] UE 0 RNTI aae1 stats sfn: 0.4, cumulated bad DCI 0
    DL harq: 5378/359/8/1
    UL harq: 16756/16555/16551/731 avg code rate 0.1, avg bit/symbol 2.0, avg per TB: (nb RBs 5.0, nb symbols 13.0)
[0m[NR_MAC] UE 0 RNTI aae1 stats sfn: 128.4, cumulated bad DCI 0
    DL harq: 5410/359/8/1
    UL harq: 16927/16724/16721/733 avg code rate 0.1, avg bit/symbol 2.0, avg per TB: (nb RBs 5.0, nb symbols 13.0)
[0m[NR_MAC] UE 0 RNTI aae1 stats sfn: 256.4, cumulated bad DCI 0
    DL harq: 5446/359/8/1
    UL harq: 17098/16894/16891/734 avg code rate 0.1, avg bit/symbol 2.0, avg per TB: (nb RBs 5.0, nb symbols 13.0)
[0m[NR_MAC] UE 0 RNTI aae1 stats sfn: 384.4, cumulated bad DCI 0
    DL harq: 5609/389/8/1
    UL harq: 17275/17060/17056/738 avg code rate 0.1, avg bit/symbol 2.0, avg per TB: (nb RBs 5.0, nb symbols 13.0)
[0m[NR_MAC] UE 0 RNTI aae1 stats sfn: 512.4, cumulated bad DCI 0
    DL harq: 5646/389/8/1
    UL harq: 17446/17230/17226/739 avg code rate 0.1, avg bit/symbol 2.0, avg per TB: (nb RBs 5.0, nb symbols 13.0)
[0m[NR_MAC] UE 0 RNTI aae1 stats sfn: 640.4, cumulated bad DCI 0
    DL harq: 5656/389/8/1
    UL harq: 17563/17348/17346/740 avg code rate 0.1, avg bit/symbol 2.0, avg per TB: (nb RBs 5.0, nb symbols 13.0)
[0m[NR_MAC] UE 0 RNTI aae1 stats sfn: 768.4, cumulated bad DCI 0
    DL harq: 5657/389/8/1
    UL harq: 17574/17359/17357/740 avg code rate 0.1, avg bit/symbol 2.0, avg per TB: (nb RBs 5.0, nb symbols 13.0)
[0m