Logging terminal output to /home/jesse/oran_lab/logs/run_du/run_du_20260531_140727_pid1227784.log
DU cores: 4,5,6,7,8,9,17,18
DU numerology: 1
AnonHugePages:  12896256 kB
ShmemHugePages:        0 kB
FileHugePages:   2816000 kB
HugePages_Total:    8192
HugePages_Free:     4096
HugePages_Rsvd:        0
HugePages_Surp:        0
Hugepagesize:       2048 kB
Hugetlb:        16777216 kB
CMDLINE: "./nr-softmodem" "-O" "/home/jesse/oran_lab/du_test.conf" "--gNBs.[0].min_rxtxtime" "6" "--thread-pool" "4,5,6,7" "--numerology" "1" 
[HW]     Version: Branch: compression-plus-timing-fix Abrev. Hash: 3b10464162 Date: Tue May 26 09:32:18 2026 -0700
[0m[PHY]    No prs_config configuration found..!!
[0m[PHY]    DL frequency 4049760000 Hz, UL frequency 4049760000 Hz: uldl offset 0 Hz
[0m[PHY]    Initializing frame parms for mu 1, N_RB 24, Ncp 0
[0m[PHY]    Init: N_RB_DL 24, first_carrier_offset 368, nb_prefix_samples 36,nb_prefix_samples0 44, ofdm_symbol_size 512
[0m[MAC]    received F1 Setup Response from CU (null)
[0m[MAC]    CU uses RRC version 17.3.0
[0m[MAC]    Clearing the DU's UE states before, if any.
[0m[MAC]    received gNB-DU configuration update acknowledge
[0m[PHY]    number of L1 instances 1, number of RU 1, number of CPU cores 32
[0m[PHY]    Initialized RU proc 0 (NGFI_RAU_IF4p5,synch_to_ext_device),
[0m[PHY]    Starting RU 0 (NGFI_RAU_IF4p5,synch_to_ext_device) on cpu 5
[0m[PHY]    Initializing frame parms for mu 1, N_RB 24, Ncp 0
[0m[PHY]    Init: N_RB_DL 24, first_carrier_offset 368, nb_prefix_samples 36,nb_prefix_samples0 44, ofdm_symbol_size 512
[0m[PHY]    fp->scs=30000
[0m[PHY]    fp->ofdm_symbol_size=512
[0m[PHY]    fp->nb_prefix_samples0=44
[0m[PHY]    fp->nb_prefix_samples=36
[0m[PHY]    fp->slots_per_subframe=2
[0m[PHY]    fp->samples_per_subframe_wCP=14336
[0m[PHY]    fp->samples_per_frame_wCP=143360
[0m[PHY]    fp->samples_per_subframe=15360
[0m[PHY]    fp->samples_per_frame=153600
[0m[PHY]    fp->dl_CarrierFreq=4049760000
[0m[PHY]    fp->ul_CarrierFreq=4049760000
[0m[PHY]    fp->Nid_cell=0
[0m[PHY]    fp->first_carrier_offset=368
[0m[PHY]    fp->ssb_start_subcarrier=0
[0m[PHY]    fp->Ncp=0
[0m[PHY]    fp->N_RB_DL=24
[0m[PHY]    fp->numerology_index=1
[0m[PHY]    fp->ofdm_offset_divisor=8
[0m[PHY]    fp->threequarter_fs=0
[0m[PHY]    fp->sl_CarrierFreq=0
[0m[PHY]    fp->N_RB_SL=0
[0m[PHY]    Setting RF config for N_RB 24, NB_RX 1, NB_TX 1
[0m[PHY]    tune_offset 0 Hz, sample_rate 15360000 Hz
[0m[PHY]    Channel 0: setting tx_gain offset 0, tx_freq 4049760000 Hz
[0m[PHY]    Channel 0: setting rx_gain offset 0, rx_freq 4049760000 Hz
[0m[PHY]    starting transport
[0m[32m[PHY]    Initializing XRAN layer as O-DU
[0m[HW]     Initializing O-RAN 7.2 FH interface through xran library (compiled against headers of oran_f_release_v1.8)
[0mEAL: Detected 32 lcore(s)
EAL: Detected 1 NUMA nodes
EAL: Auto-detected process type: PRIMARY
EAL: Detected shared linkage of DPDK
EAL: Multi-process socket /var/run/dpdk/wls_0/mp_socket
EAL: Selected IOVA mode 'PA'
EAL: No available hugepages reported in hugepages-1048576kB
EAL: Probing VFIO support...
EAL: VFIO support initialized
EAL: Probe PCI driver: net_i40e_vf (8086:154c) device: 0000:06:02.2 (socket 0)
[CONFIG] function config_libconfig_init returned 0
xran_fh_init:
  io_cfg:
    id 0 (O-DU)
    num_vfs 2
    num_rxq 1
    dpdk_dev [0000:06:02.2, 0000:06:02.3, (null), (null), (null), (null), (null), (null), (null), (null), (null), (null), (null), (null), (null), (null)]
    bbdev_dev (null)
    bbdev_mode -1
    dpdkIoVaMode 0
    dpdkMemorySize 8192
    core 9
    system_core 8
    pkt_proc_core 0000000000060000
    pkt_proc_core_64_127 0000000000000000
    pkt_aux_core 0
    timing_core 9
    port (filled within xran library)
    io_sleep 0
    nEthLinePerPort 1
    nEthLineSpeed 10
    one_vf_cu_plane 0
    eowd_cmn[0]:
      initiator_en 0
      numberOfSamples 0
      filterType 0
      responseTo 0
      measVf 0
      measState 0
      measId 0
      measMethod 0
      owdm_enable 0
      owdm_PlLength 0
eowd_port (filled within xran library)
    bbu_offload 0
  eAxCId_conf:
    mask_cuPortId 0xf000
    mask_bandSectorId 0x0f00
    mask_ccId 0x00f0
    mask_ruPortId 0x000f
    bit_cuPortId 0
    bit_bandSectorId 0
    bit_ccId 0
    bit_ruPortId 0
  xran_ports 1
  dpdkBasebandFecMode 0
  dpdkBasebandDevice (null)
  filePrefix wls_0
  mtu 9600
  p_o_du_addr (null)
  p_o_ru_addr [00:11:22:33:64:66, 00:11:22:33:64:67]
  totalBfWeights 0
  mlogxranenable 0
  dlCpProcBurst 0
'DPDK 20.11.9'
 xran_init: MTU 9600
PF Eth line speed 10G
PF Eth lines per O-xU port 1
RX HW queues per O-xU Eth line 1 
node 0
total cores 32 c_mask 0x00000000000060300 core 9 [id] system_core 8 [id] pkt_proc_core 0x00000000000060000 [mask] pkt_aux_core 0 [id] timing_core 9 [id]
xran_ethdi_init_dpdk_io: Calling rte_eal_init:wls_0 -c 0x00000000000060300 -n2 --iova-mode=pa --socket-mem=8192,0 --socket-limit=8192,0 --proc-type=auto --no-telemetry --file-prefix wls_0 -a0000:00:00.0    
xran_init_mbuf_pool: socket 0
initializing port 0 for TX, drv=net_i40e_vf
Port 0 MAC: 00 11 22 33 64 68
Port 0: nb_rxd 4096 nb_txd 4096
[0] mp_rx__p_0_q_0 num blocks 65535
[0] mempool_small__0

Checking link status portid [0]  EAL: Probe PCI driver: net_i40e_vf (8086:154c) device: 0000:06:02.3 (socket 0)
skipped by XRAN_SKIP_LINK_CHECK
initializing port 1 for TX, drv=net_i40e_vf
Port 1 MAC: 00 11 22 33 64 69
Port 1: nb_rxd 4096 nb_txd 4096
[1] mp_rx__p_1_q_0 num blocks 65535
[1] mempool_small__1
Created ring tx_ring_cp_1 on core 9
Created ring rx_ring_cp_1_0 on core 9

Checking link status portid [1]  [93m[HW]     XRAN modifed affinity. Correcting affinity of caller
[0mskipped by XRAN_SKIP_LINK_CHECK
[ 0] vf  0 local  SRC MAC: 00 11 22 33 64 68
[ 0] vf  0 remote DST MAC: 00 11 22 33 64 66
[ 0] vf  1 local  SRC MAC: 00 11 22 33 64 69
[ 0] vf  1 remote DST MAC: 00 11 22 33 64 67
created dl_gen_ring_up_0 on core 9
xran_fh_config:
  dpdk_port 0
  sector_id 0
  nCC 1
  neAxc 1
  neAxcUl 0
  nAntElmTRx 0
  nDLFftSize 9
  nULFftSize 9
  nDLRBs 24
  nULRBs 24
  nDLAbsFrePointA 0
  nULAbsFrePointA 0
  nDLCenterFreqARFCN 0
  nULCenterFreqARFCN 0
  ttiCb (nil)
  ttiCbParam (nil)
  Tadv_cp_dl 0
  T2a_min_cp_dl 0
  T2a_max_cp_dl 0
  T2a_min_cp_ul 0
  T2a_max_cp_ul 0
  T2a_min_up 0
  T2a_max_up 0
  Ta3_min 0
  Ta3_max 0
  T1a_min_cp_dl 285
  T1a_max_cp_dl 470
  T1a_min_cp_ul 285
  T1a_max_cp_ul 535
  T1a_min_up 300
  T1a_max_up 450
  Ta4_min 400
  Ta4_max 440
  enableCP 1
  prachEnable 1
  srsEnable 0
  puschMaskEnable 0
  puschMaskSlot 0
  cp_vlan_tag 0
  up_vlan_tag 0
  debugStop 0
  debugStopCount 0
  DynamicSectionEna 0
  GPS_Alpha 0
  GPS_Beta -9000
  srsEnableCp 0
  SrsDelaySym 0
  prach_config:
    nPrachConfIdx 159
    nPrachSubcSpacing 1
    nPrachZeroCorrConf 0
    nPrachRestrictSet 0
    nPrachRootSeqIdx 0
    nPrachFreqStart 0
    nPrachFreqOffset -288
    nPrachFilterIdx 0
    startSymId 0
    lastSymId 0
    startPrbc 0
    numPrbc 0
    timeOffset 0
    freqOffset 0
    eAxC_offset 1
    nPrachConfIdxLTE 0
  srs_config:
    symbMask 0000
    eAxC_offset 0
  frame_conf:
    nFrameDuplexType TDD
    nNumerology 1
    nTddPeriod 5
    sSlotConfig[0]: DDDDDDDDDDDDDD
    sSlotConfig[1]: DDDDDDGGGGUUUU
    sSlotConfig[2]: UUUUUUUUUUUUUU
    sSlotConfig[3]: UUUUUUUUUUUUUU
    sSlotConfig[4]: UUUUUUUUUUUUUU
  ru_config:
    xranTech NR
    xranCat A
    xranCompHdrType dynamic
    iqWidth 16
    compMeth 0
    iqWidth_PRACH 16
    compMeth_PRACH 0
    fftSize 8
    byteOrder network/BE
    iqOrder I_Q
    xran_max_frame 0
  bbdev_enc (nil)
  bbdev_dec (nil)
  tx_cp_eAxC2Vf 0x720d5bfe34b0
  tx_up_eAxC2Vf 0x720d5bfe40b0
  rx_cp_eAxC2Vf 0x720d5bfe4cb0
  rx_up_eAxC2Vf 0x720d5bfe58b0
  log_level 1
  max_sections_per_slot 0
  max_sections_per_symbol 0
  RunSlotPrbMapBySymbolEnable 0
  LiteOnIgnoreUPSectionIdEnable 0
  dssEnable 0
  dssPeriod 0
  technology[XRAN_MAX_DSS_PERIODICITY] (not filled as DSS disabled)
 xran_open: 5G NR Category A
xRAN open PRACH config: Numerology 1 ConfIdx 159, preambleFmrt 10 startsymb 0, numSymbol 12, occassionsInPrachSlot 1
PRACH: x 1 y[0] 0, y[1] 0 prach slot: 9 ..
PRACH start symbol 0 lastsymbol 11
xran_init_vfs_mapping: p 0 vf 0
xran_init_vfs_mapping: p 0 vf 1
xran_open: interval_us=500, interval_us_local=500
bbu_offload 0
XRAN_UP_VF: 0x0000
xran_timing_source_thread [CPU  9] [PID: 1227807]
TTI interval 500 [us]
delay_cp_dl_max=30, sym_cp_dl_max=1, max_dl_offset_sym=13
delay_cp_dl_min=215, sym_cp_dl_min=5, min_dl_offset_sym=9
delay_cp_ul=465,     sym_cp_ul=0,     ul_offset_sym=14
offset_num_slots_cp_dl=0, offset_num_slots_cp_ul=1, offset_num_slots_up_ul=0
C-plane DL from 30 us after TTI  [trigger on sym 1] to 215 us after TTI [trigger on sym 5]
Start C-plane UL 465 us after TTI  [trigger on sym 0]
Start U-plane DL 450 us before OTA [offset  in sym -12]
Start U-plane UL 440 us OTA        [offset  in sym 13]
C-plane to U-plane delay 20 us after TTI
O-XU      0
HW        0
Num cores 3
Num ports 1
O-RU Cat  0
O-RU CC   1
O-RU eAxC 1
p:0 XRAN_JOB_TYPE_CP_DL worker id 1
p:0 XRAN_JOB_TYPE_CP_UL worker id 1
Start Sym timer 107142 ns
p:0 XRAN_JOB_TYPE_CP_DL worker id 0
p:0 XRAN_JOB_TYPE_CP_UL worker id 0
created sym cp dl cb for symbol 1
created sym cp dl cb for symbol 2
created sym cp dl cb for symbol 3
created sym cp dl cb for symbol 4
created sym cp dl cb for symbol 5
xran_generic_worker_thread [CPU 17] [PID: 1227807]
spawn worker 0 core 17
xran_generic_worker_thread [CPU 18] [PID: 1227807]
spawn worker 1 core 18
xran_open [CPU  7] [PID: 1227807]
Waiting on Timing thread...
Initialize ORAN port instance 0 (1) sector 0
xran_sector_get_instances() o_xu_id 0 xran_handle 0x720d20f95040
xran_sector_get_instances [0]: CC 0 handle 0x720d4816c740
Handle: 0x720d685af488 Instance: [HW]     [RAU] has loaded ETHERNET trasport protocol.
[0m[PHY]    Starting IF interface for RU 0, nb_rx 1
[0m[PHY]    RU 0 Setting N_TA_offset to 200 samples (UL Freq 4045440, N_RB 24, mu 1)
[0m[PHY]    Signaling main thread that RU 0 is ready, sl_ahead 10
[0m[PHY]    L1 configured without analog beamforming
[0m[PHY]    Attaching RU 0 antenna 0 to gNB antenna 0
[0m[PHY]    got sync (ru_thread)
[0m[PHY]    got sync (L1_stats_thread)
[0m0x720d4816c740
-> hInstance 0x720d4816c740
ru_0_cc_0_idx_0: [ handle 0x720d4816c740 0 0 ] [nPoolIndex 0] nNumberOfBuffers 511 nBufferSize 14116 socket_id 0
CC:[ handle 0x720d4816c740 ru 0 cc_idx 0 ] [nPoolIndex 0] mb pool 0x284784540 
xran_bm_init() hInstance 0x720d4816c740 poolIdx 0 elements 511 size 14116
xran_bm_allocate_buffer() hInstance 0x720d4816c740 poolIdx 0 count 280
ru_0_cc_0_idx_1: [ handle 0x720d4816c740 0 0 ] [nPoolIndex 1] nNumberOfBuffers 511 nBufferSize 4976 socket_id 0
CC:[ handle 0x720d4816c740 ru 0 cc_idx 0 ] [nPoolIndex 1] mb pool 0x284786dc0 
xran_bm_init() hInstance 0x720d4816c740 poolIdx 1 elements 511 size 4976
xran_bm_allocate_buffer() hInstance 0x720d4816c740 poolIdx 1 count 20
ru_0_cc_0_idx_2: [ handle 0x720d4816c740 0 0 ] [nPoolIndex 2] nNumberOfBuffers 511 nBufferSize 13168 socket_id 0
CC:[ handle 0x720d4816c740 ru 0 cc_idx 0 ] [nPoolIndex 2] mb pool 0x284786940 
xran_bm_init() hInstance 0x720d4816c740 poolIdx 2 elements 511 size 13168
xran_bm_allocate_buffer() hInstance 0x720d4816c740 poolIdx 2 count 280
ru_0_cc_0_idx_3: [ handle 0x720d4816c740 0 0 ] [nPoolIndex 3] nNumberOfBuffers 511 nBufferSize 4976 socket_id 0
CC:[ handle 0x720d4816c740 ru 0 cc_idx 0 ] [nPoolIndex 3] mb pool 0x284786340 
xran_bm_init() hInstance 0x720d4816c740 poolIdx 3 elements 511 size 4976
xran_bm_allocate_buffer() hInstance 0x720d4816c740 poolIdx 3 count 20
ru_0_cc_0_idx_4: [ handle 0x720d4816c740 0 0 ] [nPoolIndex 4] nNumberOfBuffers 511 nBufferSize 3360 socket_id 0
CC:[ handle 0x720d4816c740 ru 0 cc_idx 0 ] [nPoolIndex 4] mb pool 0x284788d00 
xran_bm_init() hInstance 0x720d4816c740 poolIdx 4 elements 511 size 3360
xran_bm_allocate_buffer() hInstance 0x720d4816c740 poolIdx 4 count 280
ORAN: get_internal_parameter
ORAN: get_internal_parameter
ORAN: trx_oran_start
O-DU: XRAN start time: 05/31/26 21:07:30.888407891 UTC [500]
Start ORAN. Done
O-DU: thread_run start time: 05/31/26 21:07:31.000000019 UTC [500]
TYPE <CTRL-C> TO TERMINATE
[PHY]    RU 0 no rf device
[0m[PHY]    RU 0 RF started cpu_meas_enabled 0
[0m[93m[HW]     we get rach data from ru, but it is not scheduled 0.19
[0m[32m[PHY]    Command line parameters for OAI UE: -C 4049760000 -r 24 --numerology 1 --ssb 24 
[0m[PHY]    ULSCH ACK trace 107.18 rnti 37c8 harq 0 round 0 rv 0 crc_valid 1 processed 1/1 abort 0 dtx 0 TBS 14 rb 0+16 sym 10+3 mcs 1 Qm 2 SNR 38.6 dB TAest 0
[0m[MAC]    [RAPROC] Received SDU for CCCH length 6 for UE 37c8
[0m[PHY]    ULSCH ACK trace 109.17 rnti 37c8 harq 0 round 0 rv 0 crc_valid 1 processed 1/1 abort 0 dtx 0 TBS 57 rb 4+16 sym 0+13 mcs 0 Qm 2 SNR 31.0 dB TAest -1
[0m[PHY]    ULSCH ACK trace 110.12 rnti 37c8 harq 1 round 0 rv 0 crc_valid 1 processed 1/1 abort 0 dtx 0 TBS 57 rb 4+16 sym 0+13 mcs 0 Qm 2 SNR 38.8 dB TAest -1
[0m[PHY]    ULSCH ACK trace 112.12 rnti 37c8 harq 2 round 0 rv 0 crc_valid 1 processed 1/1 abort 0 dtx 0 TBS 57 rb 4+16 sym 0+13 mcs 0 Qm 2 SNR 38.8 dB TAest 0
[0m[PHY]    ULSCH ACK trace 113.2 rnti 37c8 harq 3 round 0 rv 0 crc_valid 1 processed 1/1 abort 0 dtx 0 TBS 57 rb 4+16 sym 0+13 mcs 0 Qm 2 SNR 38.8 dB TAest 0
[0m[PHY]    ULSCH ACK trace 113.12 rnti 37c8 harq 4 round 0 rv 0 crc_valid 1 processed 1/1 abort 0 dtx 0 TBS 57 rb 4+16 sym 0+13 mcs 0 Qm 2 SNR 38.8 dB TAest -1
[0m[PHY]    ULSCH ACK trace 115.2 rnti 37c8 harq 5 round 0 rv 0 crc_valid 1 processed 1/1 abort 0 dtx 0 TBS 57 rb 4+16 sym 0+13 mcs 0 Qm 2 SNR 38.8 dB TAest 0
[0m[PHY]    ULSCH ACK trace 115.12 rnti 37c8 harq 6 round 0 rv 0 crc_valid 1 processed 1/1 abort 0 dtx 0 TBS 57 rb 4+16 sym 0+13 mcs 0 Qm 2 SNR 38.8 dB TAest 0
[0m[PHY]    ULSCH ACK trace 116.2 rnti 37c8 harq 7 round 0 rv 0 crc_valid 1 processed 1/1 abort 0 dtx 0 TBS 57 rb 4+16 sym 0+13 mcs 0 Qm 2 SNR 38.8 dB TAest 0
[0m[PHY]    ULSCH ACK trace 116.12 rnti 37c8 harq 8 round 0 rv 0 crc_valid 1 processed 1/1 abort 0 dtx 0 TBS 57 rb 4+16 sym 0+13 mcs 0 Qm 2 SNR 38.8 dB TAest 0
[0m[PHY]    ULSCH ACK trace 118.2 rnti 37c8 harq 9 round 0 rv 0 crc_valid 1 processed 1/1 abort 0 dtx 0 TBS 57 rb 4+16 sym 0+13 mcs 0 Qm 2 SNR 38.8 dB TAest -1
[0m[PHY]    ULSCH ACK trace 118.12 rnti 37c8 harq 10 round 0 rv 0 crc_valid 1 processed 1/1 abort 0 dtx 0 TBS 57 rb 4+16 sym 0+13 mcs 0 Qm 2 SNR 38.8 dB TAest -1
[0m[PHY]    ULSCH ACK trace 119.2 rnti 37c8 harq 11 round 0 rv 0 crc_valid 1 processed 1/1 abort 0 dtx 0 TBS 57 rb 4+16 sym 0+13 mcs 0 Qm 2 SNR 38.8 dB TAest 0
[0m[PHY]    ULSCH ACK trace 120.2 rnti 37c8 harq 12 round 0 rv 0 crc_valid 1 processed 1/1 abort 0 dtx 0 TBS 57 rb 4+16 sym 0+13 mcs 0 Qm 2 SNR 38.8 dB TAest 0
[0m[PHY]    ULSCH ACK trace 121.2 rnti 37c8 harq 13 round 0 rv 0 crc_valid 1 processed 1/1 abort 0 dtx 0 TBS 57 rb 4+16 sym 0+13 mcs 0 Qm 2 SNR 38.8 dB TAest 0
[0m[PHY]    ULSCH ACK trace 121.12 rnti 37c8 harq 14 round 0 rv 0 crc_valid 1 processed 1/1 abort 0 dtx 0 TBS 57 rb 4+16 sym 0+13 mcs 0 Qm 2 SNR 38.8 dB TAest -1
[0m[PHY]    ULSCH ACK trace 122.2 rnti 37c8 harq 15 round 0 rv 0 crc_valid 1 processed 1/1 abort 0 dtx 0 TBS 57 rb 4+16 sym 0+13 mcs 0 Qm 2 SNR 38.8 dB TAest -1
[0m[93m[NR_MAC] Received ACK for RRCReconfiguration, but nothing to apply!
[0m[93m[NR_MAC] Received ACK for RRCReconfiguration, but nothing to apply!
[0m[93m[NR_MAC] Received ACK for RRCReconfiguration, but nothing to apply!
[0m[93m[NR_MAC] Received ACK for RRCReconfiguration, but nothing to apply!
[0m[93m[NR_MAC] Received ACK for RRCReconfiguration, but nothing to apply!
[0m[93m[NR_MAC] Received ACK for RRCReconfiguration, but nothing to apply!
[0m[PHY]    ULSCH ACK trace 125.2 rnti 37c8 harq 0 round 0 rv 0 crc_valid 1 processed 1/1 abort 0 dtx 0 TBS 57 rb 4+16 sym 0+13 mcs 0 Qm 2 SNR 38.8 dB TAest 0
[0m[PHY]    ULSCH ACK trace 125.12 rnti 37c8 harq 1 round 0 rv 0 crc_valid 1 processed 1/1 abort 0 dtx 0 TBS 57 rb 4+16 sym 0+13 mcs 0 Qm 2 SNR 38.8 dB TAest -1
[0m[PHY]    ULSCH ACK trace 126.2 rnti 37c8 harq 2 round 0 rv 0 crc_valid 1 processed 1/1 abort 0 dtx 0 TBS 66 rb 4+16 sym 0+13 mcs 0 Qm 2 SNR 38.8 dB TAest -1
[0m[PHY]    ULSCH ACK trace 126.12 rnti 37c8 harq 3 round 0 rv 0 crc_valid 1 processed 1/1 abort 0 dtx 0 TBS 66 rb 4+16 sym 0+13 mcs 0 Qm 2 SNR 38.8 dB TAest -1
[0m[PHY]    ULSCH ACK trace 127.2 rnti 37c8 harq 4 round 0 rv 0 crc_valid 1 processed 1/1 abort 0 dtx 0 TBS 66 rb 4+16 sym 0+13 mcs 0 Qm 2 SNR 38.8 dB TAest 0
[0m[HW]     [o-du 0][rx   25088 pps   25088 kbps  134938][tx   17569 pps   17569 kbps   58189][Total Msgs_Rcvd 25088]
[0m[HW]     [FH LOAD][o-du 0] rx=134.938 Mbps tx=58.189 Mbps total=193.127 Mbps rx_pps=25088 tx_pps=17569 total_pps=42657
[0m[HW]     [o_du0][pusch0   23552 prach0    1536]
[0m[PHY]    ULSCH ACK trace 129.12 rnti 37c8 harq 5 round 0 rv 0 crc_valid 1 processed 1/1 abort 0 dtx 0 TBS 66 rb 4+16 sym 0+13 mcs 0 Qm 2 SNR 38.8 dB TAest -1
[0m[PHY]    ULSCH ACK trace 130.2 rnti 37c8 harq 6 round 0 rv 0 crc_valid 1 processed 1/1 abort 0 dtx 0 TBS 66 rb 4+16 sym 0+13 mcs 0 Qm 2 SNR 38.8 dB TAest -1
[0m[PHY]    ULSCH ACK trace 130.12 rnti 37c8 harq 7 round 0 rv 0 crc_valid 1 processed 1/1 abort 0 dtx 0 TBS 66 rb 4+16 sym 0+13 mcs 0 Qm 2 SNR 38.8 dB TAest -1
[0m[PHY]    ULSCH ACK trace 140.2 rnti 37c8 harq 8 round 0 rv 0 crc_valid 1 processed 1/1 abort 0 dtx 0 TBS 66 rb 4+16 sym 0+13 mcs 0 Qm 2 SNR 38.8 dB TAest 0
[0m[PHY]    ULSCH ACK trace 150.2 rnti 37c8 harq 9 round 0 rv 0 crc_valid 1 processed 1/1 abort 0 dtx 0 TBS 66 rb 4+16 sym 0+13 mcs 0 Qm 2 SNR 38.8 dB TAest -1
[0m[PHY]    ULSCH ACK trace 160.2 rnti 37c8 harq 10 round 0 rv 0 crc_valid 1 processed 1/1 abort 0 dtx 0 TBS 66 rb 4+16 sym 0+13 mcs 0 Qm 2 SNR 38.8 dB TAest 0
[0m[PHY]    ULSCH ACK trace 170.2 rnti 37c8 harq 11 round 0 rv 0 crc_valid 1 processed 1/1 abort 0 dtx 0 TBS 66 rb 4+16 sym 0+13 mcs 0 Qm 2 SNR 38.8 dB TAest -1
[0m[PHY]    ULSCH ACK trace 176.12 rnti 37c8 harq 12 round 0 rv 0 crc_valid 1 processed 1/1 abort 0 dtx 0 TBS 66 rb 4+16 sym 0+13 mcs 0 Qm 2 SNR 38.8 dB TAest 0
[0m[PHY]    ULSCH ACK trace 177.2 rnti 37c8 harq 13 round 0 rv 0 crc_valid 1 processed 1/1 abort 0 dtx 0 TBS 66 rb 4+16 sym 0+13 mcs 0 Qm 2 SNR 38.8 dB TAest 0
[0m[PHY]    ULSCH ACK trace 177.12 rnti 37c8 harq 14 round 0 rv 0 crc_valid 1 processed 1/1 abort 0 dtx 0 TBS 66 rb 4+16 sym 0+13 mcs 0 Qm 2 SNR 38.8 dB TAest -1
[0m[HW]     [o-du 0][rx   50176 pps   25088 kbps  177603][tx   35105 pps   17536 kbps   76414][Total Msgs_Rcvd 50176]
[0m[HW]     [FH LOAD][o-du 0] rx=177.603 Mbps tx=76.414 Mbps total=254.017 Mbps rx_pps=25088 tx_pps=17536 total_pps=42624
[0m[HW]     [o_du0][pusch0   47104 prach0    3072]
[0m[HW]     [o-du 0][rx   75264 pps   25088 kbps  177622][tx   52641 pps   17536 kbps   76414][Total Msgs_Rcvd 75264]
[0m[HW]     [FH LOAD][o-du 0] rx=177.622 Mbps tx=76.414 Mbps total=254.036 Mbps rx_pps=25088 tx_pps=17536 total_pps=42624
[0m[HW]     [o_du0][pusch0   70656 prach0    4608]
[0m[HW]     [o-du 0][rx  100352 pps   25088 kbps  177603][tx   70177 pps   17536 kbps   76414][Total Msgs_Rcvd 100352]
[0m[HW]     [FH LOAD][o-du 0] rx=177.603 Mbps tx=76.414 Mbps total=254.017 Mbps rx_pps=25088 tx_pps=17536 total_pps=42624
[0m[HW]     [o_du0][pusch0   94208 prach0    6144]
[0m[HW]     [o-du 0][rx  125440 pps   25088 kbps  177636][tx   87713 pps   17536 kbps   76414][Total Msgs_Rcvd 125440]
[0m[HW]     [FH LOAD][o-du 0] rx=177.636 Mbps tx=76.414 Mbps total=254.050 Mbps rx_pps=25088 tx_pps=17536 total_pps=42624
[0m[HW]     [o_du0][pusch0  117760 prach0    7680]
[0m[HW]     [o-du 0][rx  150528 pps   25088 kbps  177589][tx  105249 pps   17536 kbps   76414][Total Msgs_Rcvd 150528]
[0m[HW]     [FH LOAD][o-du 0] rx=177.589 Mbps tx=76.414 Mbps total=254.003 Mbps rx_pps=25088 tx_pps=17536 total_pps=42624
[0m[HW]     [o_du0][pusch0  141312 prach0    9216]
[0m[HW]     [o-du 0][rx  175616 pps   25088 kbps  177612][tx  122785 pps   17536 kbps   76414][Total Msgs_Rcvd 175616]
[0m[HW]     [FH LOAD][o-du 0] rx=177.612 Mbps tx=76.414 Mbps total=254.026 Mbps rx_pps=25088 tx_pps=17536 total_pps=42624
[0m[HW]     [o_du0][pusch0  164864 prach0   10752]
[0m[HW]     [o-du 0][rx  200704 pps   25088 kbps  177622][tx  140321 pps   17536 kbps   76414][Total Msgs_Rcvd 200704]
[0m[HW]     [FH LOAD][o-du 0] rx=177.622 Mbps tx=76.414 Mbps total=254.036 Mbps rx_pps=25088 tx_pps=17536 total_pps=42624
[0m[HW]     [o_du0][pusch0  188416 prach0   12288]
[0m[PHY]    prach_I0 = 0.0 dB
[0m[HW]     [o-du 0][rx  225792 pps   25088 kbps  177612][tx  157857 pps   17536 kbps   76414][Total Msgs_Rcvd 225792]
[0m[HW]     [FH LOAD][o-du 0] rx=177.612 Mbps tx=76.414 Mbps total=254.026 Mbps rx_pps=25088 tx_pps=17536 total_pps=42624
[0m[HW]     [o_du0][pusch0  211968 prach0   13824]
[0m[HW]     [o-du 0][rx  250880 pps   25088 kbps  177612][tx  175393 pps   17536 kbps   76414][Total Msgs_Rcvd 250880]
[0m[HW]     [FH LOAD][o-du 0] rx=177.612 Mbps tx=76.414 Mbps total=254.026 Mbps rx_pps=25088 tx_pps=17536 total_pps=42624
[0m[HW]     [o_du0][pusch0  235520 prach0   15360]
[0m[HW]     [o-du 0][rx  275968 pps   25088 kbps  177612][tx  192929 pps   17536 kbps   76414][Total Msgs_Rcvd 275968]
[0m[HW]     [FH LOAD][o-du 0] rx=177.612 Mbps tx=76.414 Mbps total=254.026 Mbps rx_pps=25088 tx_pps=17536 total_pps=42624
[0m[HW]     [o_du0][pusch0  259072 prach0   16896]
[0m[HW]     [o-du 0][rx  301056 pps   25088 kbps  177612][tx  210465 pps   17536 kbps   76414][Total Msgs_Rcvd 301056]
[0m[HW]     [FH LOAD][o-du 0] rx=177.612 Mbps tx=76.414 Mbps total=254.026 Mbps rx_pps=25088 tx_pps=17536 total_pps=42624
[0m[HW]     [o_du0][pusch0  282624 prach0   18432]
[0m[HW]     [o-du 0][rx  326144 pps   25088 kbps  177612][tx  228001 pps   17536 kbps   76414][Total Msgs_Rcvd 326144]
[0m[HW]     [FH LOAD][o-du 0] rx=177.612 Mbps tx=76.414 Mbps total=254.026 Mbps rx_pps=25088 tx_pps=17536 total_pps=42624
[0m[HW]     [o_du0][pusch0  306176 prach0   19968]
[0m[HW]     [o-du 0][rx  351232 pps   25088 kbps  177617][tx  245537 pps   17536 kbps   76414][Total Msgs_Rcvd 351232]
[0m[HW]     [FH LOAD][o-du 0] rx=177.617 Mbps tx=76.414 Mbps total=254.031 Mbps rx_pps=25088 tx_pps=17536 total_pps=42624
[0m[HW]     [o_du0][pusch0  329728 prach0   21504]
[0m[HW]     [o-du 0][rx  376320 pps   25088 kbps  177622][tx  263073 pps   17536 kbps   76414][Total Msgs_Rcvd 376320]
[0m[HW]     [FH LOAD][o-du 0] rx=177.622 Mbps tx=76.414 Mbps total=254.036 Mbps rx_pps=25088 tx_pps=17536 total_pps=42624
[0m[HW]     [o_du0][pusch0  353280 prach0   23040]
[0m[HW]     [o-du 0][rx  401408 pps   25088 kbps  177612][tx  280609 pps   17536 kbps   76414][Total Msgs_Rcvd 401408]
[0m[HW]     [FH LOAD][o-du 0] rx=177.612 Mbps tx=76.414 Mbps total=254.026 Mbps rx_pps=25088 tx_pps=17536 total_pps=42624
[0m[HW]     [o_du0][pusch0  376832 prach0   24576]
[0m[PHY]    prach_I0 = 0.0 dB
[0m[HW]     [o-du 0][rx  426496 pps   25088 kbps  177622][tx  298145 pps   17536 kbps   76414][Total Msgs_Rcvd 426496]
[0m[HW]     [FH LOAD][o-du 0] rx=177.622 Mbps tx=76.414 Mbps total=254.036 Mbps rx_pps=25088 tx_pps=17536 total_pps=42624
[0m[HW]     [o_du0][pusch0  400384 prach0   26112]
[0m[HW]     [o-du 0][rx  451584 pps   25088 kbps  177617][tx  315681 pps   17536 kbps   76414][Total Msgs_Rcvd 451584]
[0m[HW]     [FH LOAD][o-du 0] rx=177.617 Mbps tx=76.414 Mbps total=254.031 Mbps rx_pps=25088 tx_pps=17536 total_pps=42624
[0m[HW]     [o_du0][pusch0  423936 prach0   27648]
[0m[HW]     [o-du 0][rx  476672 pps   25088 kbps  177593][tx  333217 pps   17536 kbps   76414][Total Msgs_Rcvd 476672]
[0m[HW]     [FH LOAD][o-du 0] rx=177.593 Mbps tx=76.414 Mbps total=254.007 Mbps rx_pps=25088 tx_pps=17536 total_pps=42624
[0m[HW]     [o_du0][pusch0  447488 prach0   29184]
[0m[HW]     [o-du 0][rx  501760 pps   25088 kbps  177626][tx  350753 pps   17536 kbps   76414][Total Msgs_Rcvd 501760]
[0m[HW]     [FH LOAD][o-du 0] rx=177.626 Mbps tx=76.414 Mbps total=254.040 Mbps rx_pps=25088 tx_pps=17536 total_pps=42624
[0m[HW]     [o_du0][pusch0  471040 prach0   30720]
[0m[HW]     [o-du 0][rx  526848 pps   25088 kbps  177612][tx  368289 pps   17536 kbps   76414][Total Msgs_Rcvd 526848]
[0m[HW]     [FH LOAD][o-du 0] rx=177.612 Mbps tx=76.414 Mbps total=254.026 Mbps rx_pps=25088 tx_pps=17536 total_pps=42624
[0m[HW]     [o_du0][pusch0  494592 prach0   32256]
[0m[HW]     [o-du 0][rx  551936 pps   25088 kbps  177622][tx  385825 pps   17536 kbps   76414][Total Msgs_Rcvd 551936]
[0m[HW]     [FH LOAD][o-du 0] rx=177.622 Mbps tx=76.414 Mbps total=254.036 Mbps rx_pps=25088 tx_pps=17536 total_pps=42624
[0m[HW]     [o_du0][pusch0  518144 prach0   33792]
[0m[HW]     [o-du 0][rx  577024 pps   25088 kbps  177612][tx  403361 pps   17536 kbps   76414][Total Msgs_Rcvd 577024]
[0m[HW]     [FH LOAD][o-du 0] rx=177.612 Mbps tx=76.414 Mbps total=254.026 Mbps rx_pps=25088 tx_pps=17536 total_pps=42624
[0m[HW]     [o_du0][pusch0  541696 prach0   35328]
[0m[HW]     [o-du 0][rx  602112 pps   25088 kbps  177603][tx  420897 pps   17536 kbps   76414][Total Msgs_Rcvd 602112]
[0m[HW]     [FH LOAD][o-du 0] rx=177.603 Mbps tx=76.414 Mbps total=254.017 Mbps rx_pps=25088 tx_pps=17536 total_pps=42624
[0m[HW]     [o_du0][pusch0  565248 prach0   36864]
[0m[PHY]    prach_I0 = 0.0 dB
[0m[HW]     [o-du 0][rx  627200 pps   25088 kbps  177612][tx  438433 pps   17536 kbps   76414][Total Msgs_Rcvd 627200]
[0m[HW]     [FH LOAD][o-du 0] rx=177.612 Mbps tx=76.414 Mbps total=254.026 Mbps rx_pps=25088 tx_pps=17536 total_pps=42624
[0m[HW]     [o_du0][pusch0  588800 prach0   38400]
[0m[HW]     [o-du 0][rx  652288 pps   25088 kbps  177612][tx  455969 pps   17536 kbps   76414][Total Msgs_Rcvd 652288]
[0m[HW]     [FH LOAD][o-du 0] rx=177.612 Mbps tx=76.414 Mbps total=254.026 Mbps rx_pps=25088 tx_pps=17536 total_pps=42624
[0m[HW]     [o_du0][pusch0  612352 prach0   39936]
[0m[HW]     [o-du 0][rx  677376 pps   25088 kbps  177603][tx  473505 pps   17536 kbps   76414][Total Msgs_Rcvd 677376]
[0m[HW]     [FH LOAD][o-du 0] rx=177.603 Mbps tx=76.414 Mbps total=254.017 Mbps rx_pps=25088 tx_pps=17536 total_pps=42624
[0m[HW]     [o_du0][pusch0  635904 prach0   41472]
[0m[HW]     [o-du 0][rx  702464 pps   25088 kbps  177608][tx  491041 pps   17536 kbps   76414][Total Msgs_Rcvd 702464]
[0m[HW]     [FH LOAD][o-du 0] rx=177.608 Mbps tx=76.414 Mbps total=254.022 Mbps rx_pps=25088 tx_pps=17536 total_pps=42624
[0m[HW]     [o_du0][pusch0  659456 prach0   43008]
[0m[HW]     [o-du 0][rx  727552 pps   25088 kbps  177603][tx  508577 pps   17536 kbps   76414][Total Msgs_Rcvd 727552]
[0m[HW]     [FH LOAD][o-du 0] rx=177.603 Mbps tx=76.414 Mbps total=254.017 Mbps rx_pps=25088 tx_pps=17536 total_pps=42624
[0m[HW]     [o_du0][pusch0  683008 prach0   44544]
[0m[HW]     [o-du 0][rx  752640 pps   25088 kbps  177612][tx  526113 pps   17536 kbps   76414][Total Msgs_Rcvd 752640]
[0m[HW]     [FH LOAD][o-du 0] rx=177.612 Mbps tx=76.414 Mbps total=254.026 Mbps rx_pps=25088 tx_pps=17536 total_pps=42624
[0m[HW]     [o_du0][pusch0  706560 prach0   46080]
[0m[HW]     [o-du 0][rx  777728 pps   25088 kbps  177608][tx  543649 pps   17536 kbps   76414][Total Msgs_Rcvd 777728]
[0m[HW]     [FH LOAD][o-du 0] rx=177.608 Mbps tx=76.414 Mbps total=254.022 Mbps rx_pps=25088 tx_pps=17536 total_pps=42624
[0m[HW]     [o_du0][pusch0  730112 prach0   47616]
[0m[HW]     [o-du 0][rx  802816 pps   25088 kbps  177622][tx  561185 pps   17536 kbps   76414][Total Msgs_Rcvd 802816]
[0m[HW]     [FH LOAD][o-du 0] rx=177.622 Mbps tx=76.414 Mbps total=254.036 Mbps rx_pps=25088 tx_pps=17536 total_pps=42624
[0m[HW]     [o_du0][pusch0  753664 prach0   49152]
[0m[PHY]    prach_I0 = 0.0 dB
[0m[HW]     [o-du 0][rx  827904 pps   25088 kbps  177626][tx  578721 pps   17536 kbps   76414][Total Msgs_Rcvd 827904]
[0m[HW]     [FH LOAD][o-du 0] rx=177.626 Mbps tx=76.414 Mbps total=254.040 Mbps rx_pps=25088 tx_pps=17536 total_pps=42624
[0m[HW]     [o_du0][pusch0  777216 prach0   50688]
[0m[HW]     [o-du 0][rx  852992 pps   25088 kbps  177589][tx  596257 pps   17536 kbps   76414][Total Msgs_Rcvd 852992]
[0m[HW]     [FH LOAD][o-du 0] rx=177.589 Mbps tx=76.414 Mbps total=254.003 Mbps rx_pps=25088 tx_pps=17536 total_pps=42624
[0m[HW]     [o_du0][pusch0  800768 prach0   52224]
[0m[HW]     [o-du 0][rx  878080 pps   25088 kbps  177612][tx  613793 pps   17536 kbps   76414][Total Msgs_Rcvd 878080]
[0m[HW]     [FH LOAD][o-du 0] rx=177.612 Mbps tx=76.414 Mbps total=254.026 Mbps rx_pps=25088 tx_pps=17536 total_pps=42624
[0m[HW]     [o_du0][pusch0  824320 prach0   53760]
[0m[HW]     [o-du 0][rx  903168 pps   25088 kbps  177612][tx  631329 pps   17536 kbps   76414][Total Msgs_Rcvd 903168]
[0m[HW]     [FH LOAD][o-du 0] rx=177.612 Mbps tx=76.414 Mbps total=254.026 Mbps rx_pps=25088 tx_pps=17536 total_pps=42624
[0m[HW]     [o_du0][pusch0  847872 prach0   55296]
[0m[HW]     [o-du 0][rx  928256 pps   25088 kbps  177603][tx  648865 pps   17536 kbps   76414][Total Msgs_Rcvd 928256]
[0m[HW]     [FH LOAD][o-du 0] rx=177.603 Mbps tx=76.414 Mbps total=254.017 Mbps rx_pps=25088 tx_pps=17536 total_pps=42624
[0m[HW]     [o_du0][pusch0  871424 prach0   56832]
[0m[HW]     [o-du 0][rx  953344 pps   25088 kbps  177612][tx  666401 pps   17536 kbps   76414][Total Msgs_Rcvd 953344]
[0m[HW]     [FH LOAD][o-du 0] rx=177.612 Mbps tx=76.414 Mbps total=254.026 Mbps rx_pps=25088 tx_pps=17536 total_pps=42624
[0m[HW]     [o_du0][pusch0  894976 prach0   58368]
[0m[HW]     [o-du 0][rx  978432 pps   25088 kbps  177622][tx  683937 pps   17536 kbps   76414][Total Msgs_Rcvd 978432]
[0m[HW]     [FH LOAD][o-du 0] rx=177.622 Mbps tx=76.414 Mbps total=254.036 Mbps rx_pps=25088 tx_pps=17536 total_pps=42624
[0m[HW]     [o_du0][pusch0  918528 prach0   59904]
[0m[HW]     [o-du 0][rx 1003520 pps   25088 kbps  177589][tx  701473 pps   17536 kbps   76414][Total Msgs_Rcvd 1003520]
[0m[HW]     [FH LOAD][o-du 0] rx=177.589 Mbps tx=76.414 Mbps total=254.003 Mbps rx_pps=25088 tx_pps=17536 total_pps=42624
[0m[HW]     [o_du0][pusch0  942080 prach0   61440]
[0m[PHY]    prach_I0 = 0.0 dB
[0m[HW]     [o-du 0][rx 1028608 pps   25088 kbps  177608][tx  719009 pps   17536 kbps   76414][Total Msgs_Rcvd 1028608]
[0m[HW]     [FH LOAD][o-du 0] rx=177.608 Mbps tx=76.414 Mbps total=254.022 Mbps rx_pps=25088 tx_pps=17536 total_pps=42624
[0m[HW]     [o_du0][pusch0  965632 prach0   62976]
[0m[HW]     [o-du 0][rx 1053696 pps   25088 kbps  177617][tx  736545 pps   17536 kbps   76414][Total Msgs_Rcvd 1053696]
[0m[HW]     [FH LOAD][o-du 0] rx=177.617 Mbps tx=76.414 Mbps total=254.031 Mbps rx_pps=25088 tx_pps=17536 total_pps=42624
[0m[HW]     [o_du0][pusch0  989184 prach0   64512]
[0m[HW]     [o-du 0][rx 1078784 pps   25088 kbps  177612][tx  754081 pps   17536 kbps   76414][Total Msgs_Rcvd 1078784]
[0m[HW]     [FH LOAD][o-du 0] rx=177.612 Mbps tx=76.414 Mbps total=254.026 Mbps rx_pps=25088 tx_pps=17536 total_pps=42624
[0m[HW]     [o_du0][pusch0 1012736 prach0   66048]
[0m[HW]     [o-du 0][rx 1103872 pps   25088 kbps  177612][tx  771617 pps   17536 kbps   76414][Total Msgs_Rcvd 1103872]
[0m[HW]     [FH LOAD][o-du 0] rx=177.612 Mbps tx=76.414 Mbps total=254.026 Mbps rx_pps=25088 tx_pps=17536 total_pps=42624
[0m[HW]     [o_du0][pusch0 1036288 prach0   67584]
[0m[HW]     [o-du 0][rx 1128960 pps   25088 kbps  177612][tx  789153 pps   17536 kbps   76414][Total Msgs_Rcvd 1128960]
[0m[HW]     [FH LOAD][o-du 0] rx=177.612 Mbps tx=76.414 Mbps total=254.026 Mbps rx_pps=25088 tx_pps=17536 total_pps=42624
[0m[HW]     [o_du0][pusch0 1059840 prach0   69120]
[0m[HW]     [o-du 0][rx 1154048 pps   25088 kbps  177622][tx  806689 pps   17536 kbps   76414][Total Msgs_Rcvd 1154048]
[0m[HW]     [FH LOAD][o-du 0] rx=177.622 Mbps tx=76.414 Mbps total=254.036 Mbps rx_pps=25088 tx_pps=17536 total_pps=42624
[0m[HW]     [o_du0][pusch0 1083392 prach0   70656]
[0m[HW]     [o-du 0][rx 1179136 pps   25088 kbps  177603][tx  824225 pps   17536 kbps   76414][Total Msgs_Rcvd 1179136]
[0m[HW]     [FH LOAD][o-du 0] rx=177.603 Mbps tx=76.414 Mbps total=254.017 Mbps rx_pps=25088 tx_pps=17536 total_pps=42624
[0m[HW]     [o_du0][pusch0 1106944 prach0   72192]
[0m[HW]     [o-du 0][rx 1204224 pps   25088 kbps  177612][tx  841761 pps   17536 kbps   76414][Total Msgs_Rcvd 1204224]
[0m[HW]     [FH LOAD][o-du 0] rx=177.612 Mbps tx=76.414 Mbps total=254.026 Mbps rx_pps=25088 tx_pps=17536 total_pps=42624
[0m[HW]     [o_du0][pusch0 1130496 prach0   73728]
[0m[PHY]    prach_I0 = 0.0 dB
[0m[HW]     [o-du 0][rx 1229312 pps   25088 kbps  177622][tx  859297 pps   17536 kbps   76414][Total Msgs_Rcvd 1229312]
[0m[HW]     [FH LOAD][o-du 0] rx=177.622 Mbps tx=76.414 Mbps total=254.036 Mbps rx_pps=25088 tx_pps=17536 total_pps=42624
[0m[HW]     [o_du0][pusch0 1154048 prach0   75264]
[0m[HW]     [o-du 0][rx 1254400 pps   25088 kbps  177622][tx  876833 pps   17536 kbps   76414][Total Msgs_Rcvd 1254400]
[0m[HW]     [FH LOAD][o-du 0] rx=177.622 Mbps tx=76.414 Mbps total=254.036 Mbps rx_pps=25088 tx_pps=17536 total_pps=42624
[0m[HW]     [o_du0][pusch0 1177600 prach0   76800]
[0m[HW]     [o-du 0][rx 1279488 pps   25088 kbps  177598][tx  894369 pps   17536 kbps   76414][Total Msgs_Rcvd 1279488]
[0m[HW]     [FH LOAD][o-du 0] rx=177.598 Mbps tx=76.414 Mbps total=254.012 Mbps rx_pps=25088 tx_pps=17536 total_pps=42624
[0m[HW]     [o_du0][pusch0 1201152 prach0   78336]
[0m[HW]     [o-du 0][rx 1304576 pps   25088 kbps  177617][tx  911905 pps   17536 kbps   76414][Total Msgs_Rcvd 1304576]
[0m[HW]     [FH LOAD][o-du 0] rx=177.617 Mbps tx=76.414 Mbps total=254.031 Mbps rx_pps=25088 tx_pps=17536 total_pps=42624
[0m[HW]     [o_du0][pusch0 1224704 prach0   79872]
[0m[HW]     [o-du 0][rx 1329664 pps   25088 kbps  177626][tx  929441 pps   17536 kbps   76414][Total Msgs_Rcvd 1329664]
[0m[HW]     [FH LOAD][o-du 0] rx=177.626 Mbps tx=76.414 Mbps total=254.040 Mbps rx_pps=25088 tx_pps=17536 total_pps=42624
[0m[HW]     [o_du0][pusch0 1248256 prach0   81408]
[0m[HW]     [o-du 0][rx 1354752 pps   25088 kbps  177608][tx  946977 pps   17536 kbps   76414][Total Msgs_Rcvd 1354752]
[0m[HW]     [FH LOAD][o-du 0] rx=177.608 Mbps tx=76.414 Mbps total=254.022 Mbps rx_pps=25088 tx_pps=17536 total_pps=42624
[0m[HW]     [o_du0][pusch0 1271808 prach0   82944]
[0m[HW]     [o-du 0][rx 1379840 pps   25088 kbps  177612][tx  964513 pps   17536 kbps   76414][Total Msgs_Rcvd 1379840]
[0m[HW]     [FH LOAD][o-du 0] rx=177.612 Mbps tx=76.414 Mbps total=254.026 Mbps rx_pps=25088 tx_pps=17536 total_pps=42624
[0m[HW]     [o_du0][pusch0 1295360 prach0   84480]
[0m[HW]     [o-du 0][rx 1404928 pps   25088 kbps  177612][tx  982049 pps   17536 kbps   76414][Total Msgs_Rcvd 1404928]
[0m[HW]     [FH LOAD][o-du 0] rx=177.612 Mbps tx=76.414 Mbps total=254.026 Mbps rx_pps=25088 tx_pps=17536 total_pps=42624
[0m[HW]     [o_du0][pusch0 1318912 prach0   86016]
[0m[PHY]    prach_I0 = 0.0 dB
[0m[HW]     [o-du 0][rx 1430016 pps   25088 kbps  177612][tx  999585 pps   17536 kbps   76414][Total Msgs_Rcvd 1430016]
[0m[HW]     [FH LOAD][o-du 0] rx=177.612 Mbps tx=76.414 Mbps total=254.026 Mbps rx_pps=25088 tx_pps=17536 total_pps=42624
[0m[HW]     [o_du0][pusch0 1342464 prach0   87552]
[0m[HW]     [o-du 0][rx 1455104 pps   25088 kbps  177612][tx 1017121 pps   17536 kbps   76414][Total Msgs_Rcvd 1455104]
[0m[HW]     [FH LOAD][o-du 0] rx=177.612 Mbps tx=76.414 Mbps total=254.026 Mbps rx_pps=25088 tx_pps=17536 total_pps=42624
[0m[HW]     [o_du0][pusch0 1366016 prach0   89088]
[0m