Logging terminal output to /home/jesse/oran_lab/logs/run_ue/run_ue_20260525_221150_pid840089.log
UE cores: 20,21,22,23
UE sample advance: 0
VRTSIM shared memory is ready; starting UE without waiting for non-zero DL samples.
CMDLINE: "./nr-uesoftmodem" "-O" "/home/jesse/oran_lab/ue_test.conf" "-C" "4049760000" "-r" "24" "--numerology" "1" "--band" "77" "--ssb" "24" "-A" "0" "--device.name" "vrtsim" "--vrtsim.role" "client" "--ue-nb-ant-tx" "1" "--ue-nb-ant-rx" "1" 
[UTIL]   running in SA mode (no --phy-test, --do-ra, --nsa option present)
[0m[UTIL]   threadCreate() for Tpool0_-1: creating thread with affinity ffffffff, priority 97
[0m[UTIL]   threadCreate() for Tpool1_-1: creating thread with affinity ffffffff, priority 97
[0m[UTIL]   threadCreate() for Tpool2_-1: creating thread with affinity ffffffff, priority 97
[0m[UTIL]   threadCreate() for Tpool3_-1: creating thread with affinity ffffffff, priority 97
[0m[UTIL]   threadCreate() for Tpool4_-1: creating thread with affinity ffffffff, priority 97
[0m[UTIL]   threadCreate() for Tpool5_-1: creating thread with affinity ffffffff, priority 97
[0m[UTIL]   threadCreate() for Tpool6_-1: creating thread with affinity ffffffff, priority 97
[0m[UTIL]   threadCreate() for Tpool7_-1: creating thread with affinity ffffffff, priority 97
[0m[UTIL]   threadCreate() for Tpool8_-1: creating thread with affinity ffffffff, priority 97
[0m[UTIL]   threadCreate() for Tpool9_-1: creating thread with affinity ffffffff, priority 97
[0m[UTIL]   threadCreate() for Tpool10_-1: creating thread with affinity ffffffff, priority 97
[0m[UTIL]   threadCreate() for Tpool11_-1: creating thread with affinity ffffffff, priority 97
[0m[OPT]    OPT disabled
[0m[HW]     Version: Branch: oru-rebase-1-plus-compression Abrev. Hash: dae942c616 Date: Fri May 15 22:54:55 2026 +0000
[0m[NR_RRC] create TASK_RRC_NRUE 
[0m[UTIL]   threadCreate() for TASK_RRC_NRUE: creating thread with affinity ffffffff, priority 50
[0m[UTIL]   threadCreate() for TASK_NAS_NRUE: creating thread with affinity ffffffff, priority 50
[0m[SIM]    UICC simulation: IMSI=2089900007487, IMEISV=6754567890123413, Ki=fec86ba6eb707ed08905757b1bb44b8f, OPc=C42449363BBAD02B66D16BC975D77CC1
[0m[SIM]    overriding potential uicc0.dnn/nssai_sst/nssai_sd from uicc0.pdu_sessions
[0m[SIM]    will request PDU session ID 1, type 1, DNN oai, NSSAI 1.ffffff
[0m[NR_MAC] [UE0] Initializing MAC
[0m[NR_MAC] Initializing dl and ul config_request. num_slots = 20
[0m[RLC]    Activated srb0 for UE 0
[0m[UTIL]   threadCreate() for time source realtime: creating thread with affinity ffffffff, priority 2
[0m[UTIL]   time manager configuration: [time source: reatime] [mode: standalone] [server IP: 127.0.0.1} [server port: 7374] (server IP/port not used)
[0m[PHY]    Set UE nb_rx_antenna 1, nb_tx_antenna 1, threequarter_fs 0, ofdm_offset_divisor 8
[0m[PHY]    SA init parameters. DL freq 4049760000 UL offset 0 SSB numerology 1 N_RB_DL 24
[0m[PHY]    Init: N_RB_DL 24, first_carrier_offset 368, nb_prefix_samples 36,nb_prefix_samples0 44, ofdm_symbol_size 512
[0m[93m[PHY]    samples_per_subframe 15360/per second 15360000, wCP 14336
[0m[PHY]    Set UE_fo_compensation 0, UE_scan_carrier 0, UE_no_timing_correction 0 
, chest-freq 0, chest-time 0
[0m[UTIL]   threadCreate() for SYNC__actor: creating thread with affinity ffffffff, priority 97
[0m[UTIL]   threadCreate() for DL__actor: creating thread with affinity ffffffff, priority 97
[0m[UTIL]   threadCreate() for DL__actor: creating thread with affinity ffffffff, priority 97
[0m[UTIL]   threadCreate() for DL__actor: creating thread with affinity ffffffff, priority 97
[0m[UTIL]   threadCreate() for DL__actor: creating thread with affinity ffffffff, priority 97
[0m[UTIL]   threadCreate() for UL__actor: creating thread with affinity ffffffff, priority 97
[0m[UTIL]   threadCreate() for UL__actor: creating thread with affinity ffffffff, priority 97
[0m[PHY]    Initializing UE vars for gNB TXant 1, UE RXant 1
[0m[PHY]    prs_config configuration NOT found..!! Skipped configuring UE for the PRS reception
[0m[PHY]    HW: Configuring ru_id 0, sample_rate 15360000.000000, tx/rx num_channels 1/1, duplex_mode TDD
[0m[PHY]    HW: Configuring channel 0 (rf_chain 0): setting tx_freq 4049760000 Hz, rx_freq 4049760000 Hz, tune_offset 0
[0m[PHY]    HW: Configuring channel 0 (rf_chain 0): setting tx_gain 0, rx_gain 110
[0m[UTIL]   threadCreate() for ru_start_thread: creating thread with affinity ffffffff, priority 97
[0m[HW]     VRTSIM: TX sample advance 4096 samples
[0m[HW]     Running as client: will connect to a vrtsim server
[0m[HW]     [RAU] has loaded RFSIMULATOR device.
[0m[HW]     VRTSIM: UE 0/1 - 1x1 antennas, UL offset=0, DL offset=0
[0m[HW]     VRTSIM: client RX aligned to frame boundary current_sample=454115210 aligned_sample=454195200 samples_per_frame=153600
[0m[PHY]    Intializing UE Threads for instance 0 ...
[0m[UTIL]   threadCreate() for UEthread_0: creating thread with affinity ffffffff, priority 97
[0m[UTIL]   threadCreate() for L1_UE_stats_0: creating thread with affinity ffffffff, priority 1
[0m[93m[PHY]    SSB position provided
[0m[93m[NR_PHY] Starting sync detection
[0m[PHY]    [UE thread Synch] Running Initial Synch 
[0m[NR_PHY] Starting cell search with center freq: 4049760000, bandwidth: 24. Scanning for 1 number of GSCN.
[0m[NR_PHY] Scanning GSCN: 0, with SSB offset: 24, SSB Freq: 0.000000
[0m[32m[PHY]    Initial sync: pbch decoded sucessfully, ssb index 0
[0m[PHY]    pbch rx ok. rsrp:74 dB/RE, adjust_rxgain:-24 dB
[0m[NR_PHY] Cell Detected with GSCN: 0, SSB SC offset: 24, SSB Ref: 0.000000, PSS Corr peak: 113 dB, PSS Corr Average: 80
[0m[PHY]    [UE0] In synch, rx_offset 83648 samples
[0m[PHY]    [UE 0] Measured Carrier Frequency offset -44 Hz
[0m[32m[PHY]    Initial sync successful, PCI: 0
[0m[PHY]    HW: Configuring channel 0 (rf_chain 0): setting tx_freq 4049759956 Hz, rx_freq 4049759956 Hz, tune_offset 0
[0m[PHY]    Got synch: hw_slot_offset 22, carrier off -44 Hz
[0m[NR_RRC] [UE 0] BCCH update: phyCellID 0->0, arfcn_ssb 0->669984
[0m[32m[PHY]    UE synchronized! decoded_frame_rx=106 UE->init_sync_frame=0 trashed_frames=2
[0m[PHY]    Resynchronizing RX by 83648 samples
[0m[HW]     received write reorder clear context
[0m[PHY]    max_pos_acc = 0, shiftForNextFrame = 0
[0m[PHY]    LDPC_LLR_DIAG BG=2 rv=0 Z=88 Kc=52 E=1512 A=808 R=13: l_min=-128 l_max=127 nonzero=1568/4576 ulsch_llr[0..3]=111,99,-103,120 l[2Z..2Z+3]=111,-103,-100,-103 l[0..3]=0,0,0,0
[0m[32m[NR_RRC] SIB1 decoded
[0m[NR_MAC] [UE 0] Initial cell selection: dl_frequency=4045440 kHz (from command-line, band=77, scs=1)
[0m[NR_MAC] Initial cell selection: uplink_frequency=4045440 kHz (from dl_frequency=4045440 kHz)
[0m[NR_MAC] TDD period index = 5, based on the sum of dl_UL_TransmissionPeriodicity from Pattern1 (2.500000 ms) and Pattern2 (0.000000 ms): Total = 2.500000 ms
[0m[NR_MAC] Set TDD configuration period to: 4 DL slots, 2 UL slots, 5 slots per period (NR_TDD_UL_DL_Pattern is 3 DL slots, 1 UL slots, 6 DL symbols, 4 UL symbols)
[0m[NR_MAC] Configured 1 TDD patterns (total slots: pattern1 = 5, pattern2 = 0)
[0m[PHY]    N_TA_offset changed from 0 to 200
[0m[MAC]    Initialization of 4-Step CBRA procedure
[0m[NR_MAC] PRACH scheduler: Selected RO Frame 110, Slot 19, Symbol 0, Fdm 0
[0m[PHY]    PRACH [UE 0] in frame.slot 110.19, placing PRACH in position 740, Msg1/MsgA-Preamble frequency start 0 (k1 0), preamble_offset 8, first_nonzero_root_idx 0, preambleIndex = 8
[0m[PHY]    LDPC_LLR_DIAG BG=2 rv=0 Z=28 Kc=52 E=1728 A=208 R=15: l_min=-128 l_max=127 nonzero=1400/1456 ulsch_llr[0..3]=148,140,131,-152 l[2Z..2Z+3]=127,127,-128,-128 l[0..3]=0,0,0,0
[0m[PHY]    [UE 0] RAR-Msg2 decoded
[0m[NR_MAC] [UE 0][RAPROC][RA-RNTI 010b] Got BI RAR subPDU 5 ms
[0m[NR_MAC] [UE 0][RAPROC][RA-RNTI 010b] Got RAPID RAR subPDU
[0m[32m[NR_MAC] [UE 0][RAPROC][111.10] Found RAR with the intended RAPID 8
[0m[93m[MAC]    received TA command 31
[0m[32m[NR_MAC] [RAPROC][111.18] RA-Msg3 transmitted
[0m[NR_MAC] [RAPROC][112.18] RA-Msg3 retransmitted
[0m[NR_MAC] [RAPROC][113.18] RA-Msg3 retransmitted
[0m[NR_MAC] [RAPROC][114.18] RA-Msg3 retransmitted
[0m[PHY]    LDPC_LLR_DIAG BG=2 rv=0 Z=176 Kc=52 E=5184 A=1608 R=15: l_min=-128 l_max=127 nonzero=5320/9152 ulsch_llr[0..3]=74,91,101,100 l[2Z..2Z+3]=74,101,77,73 l[0..3]=0,0,0,0
[0m[32m[NR_MAC] [UE 0][115.10][RAPROC] 4-Step RA procedure succeeded. CBRA: Contention Resolution is successful.
[0m[NR_RRC] [UE0][RAPROC] Logical Channel DL-CCCH (SRB0), Received NR_RRCSetup
[0m[RLC]    Added srb 1 to UE 0
[0m[NR_RRC] State = NR_RRC_CONNECTED
[0m[NAS]    Generate Initial NAS Message: Registration Request
[0m[NR_RRC] [UE 0][RAPROC] Logical Channel UL-DCCH (SRB1), Generating RRCSetupComplete (bytes32)
[0m[NAS]    [UE 0] Received NR_NAS_CONN_ESTABLISH_IND: asCause 0
[0m[MAC]    [UE 0] Applying CellGroupConfig from gNodeB
[0m[NR_MAC] UE 0 RNTI 3239 stats sfn: 128.4, cumulated bad DCI 0
    DL harq: 1/0/0/0
    UL harq: 6/5/5/4 avg code rate 0.7, avg bit/symbol 2.0, avg per TB: (nb RBs 5.6, nb symbols 11.0)
[0m[1;31m[RLC]    max RETX reached on SRB 1
[0m[93m[NR_RRC] [UE 0 ID 0] Received indication that RLC reached max retransmissions
[0m[RLC]    Released RLC entity: ue_id=0, lc_id=1
[0m[NR_RRC] RRC moved into IDLE state
[0m[NAS]    [UE 0] Received NR_NAS_CONN_RELEASE_IND: cause OTHER
[0m[NR_MAC] [UE0] Initializing MAC
[0m[93m[PHY]    SSB position provided
[0m[93m[NR_PHY] Starting sync detection
[0m[PHY]    [UE thread Synch] Running Initial Synch 
[0m[NR_PHY] Starting cell search with center freq: 4049760000, bandwidth: 24. Scanning for 1 number of GSCN.
[0m[NR_PHY] Scanning GSCN: 0, with SSB offset: 24, SSB Freq: 0.000000
[0m[32m[PHY]    Initial sync: pbch decoded sucessfully, ssb index 0
[0m[PHY]    pbch rx ok. rsrp:74 dB/RE, adjust_rxgain:-24 dB
[0m[NR_PHY] Cell Detected with GSCN: 0, SSB SC offset: 24, SSB Ref: 0.000000, PSS Corr peak: 117 dB, PSS Corr Average: 80
[0m[PHY]    [UE0] In synch, rx_offset 22484 samples
[0m[PHY]    [UE 0] Measured Carrier Frequency offset -6 Hz
[0m[32m[PHY]    Initial sync successful, PCI: 0
[0m[PHY]    HW: Configuring channel 0 (rf_chain 0): setting tx_freq 4049759994 Hz, rx_freq 4049759994 Hz, tune_offset 0
[0m[PHY]    Got synch: hw_slot_offset 6, carrier off -6 Hz
[0m[32m[PHY]    UE synchronized! decoded_frame_rx=170 UE->init_sync_frame=1 trashed_frames=2
[0m[PHY]    Resynchronizing RX by 22484 samples
[0m[HW]     received write reorder clear context
[0m[PHY]    max_pos_acc = -19, shiftForNextFrame = 0
[0m[PHY]    LDPC_LLR_DIAG BG=2 rv=0 Z=88 Kc=52 E=1512 A=808 R=13: l_min=-128 l_max=127 nonzero=1568/4576 ulsch_llr[0..3]=105,104,-99,123 l[2Z..2Z+3]=105,-99,-97,-101 l[0..3]=0,0,0,0
[0m[32m[NR_RRC] SIB1 decoded
[0m[NR_MAC] [UE 0] Initial cell selection: dl_frequency=4045440 kHz (from command-line, band=77, scs=1)
[0m[NR_MAC] Initial cell selection: uplink_frequency=4045440 kHz (from dl_frequency=4045440 kHz)
[0m[NR_MAC] TDD period index = 5, based on the sum of dl_UL_TransmissionPeriodicity from Pattern1 (2.500000 ms) and Pattern2 (0.000000 ms): Total = 2.500000 ms
[0m[NR_MAC] Set TDD configuration period to: 4 DL slots, 2 UL slots, 5 slots per period (NR_TDD_UL_DL_Pattern is 3 DL slots, 1 UL slots, 6 DL symbols, 4 UL symbols)
[0m[NR_MAC] Configured 1 TDD patterns (total slots: pattern1 = 5, pattern2 = 0)
[0m[MAC]    Initialization of 4-Step CBRA procedure
[0m[NR_MAC] PRACH scheduler: Selected RO Frame 174, Slot 19, Symbol 0, Fdm 0
[0m[PHY]    PRACH [UE 0] in frame.slot 174.19, placing PRACH in position 740, Msg1/MsgA-Preamble frequency start 0 (k1 0), preamble_offset 23, first_nonzero_root_idx 0, preambleIndex = 23
[0m[PHY]    LDPC_LLR_DIAG BG=2 rv=0 Z=28 Kc=52 E=1728 A=208 R=15: l_min=-128 l_max=127 nonzero=1400/1456 ulsch_llr[0..3]=153,146,-155,140 l[2Z..2Z+3]=127,-128,-128,-128 l[0..3]=0,0,0,0
[0m[PHY]    [UE 0] RAR-Msg2 decoded
[0m[NR_MAC] [UE 0][RAPROC][RA-RNTI 010b] Got BI RAR subPDU 5 ms
[0m[NR_MAC] [UE 0][RAPROC][RA-RNTI 010b] Got RAPID RAR subPDU
[0m[32m[NR_MAC] [UE 0][RAPROC][175.10] Found RAR with the intended RAPID 23
[0m[93m[MAC]    received TA command 31
[0m[32m[NR_MAC] [RAPROC][175.18] RA-Msg3 transmitted
[0m[NR_MAC] [RAPROC][176.18] RA-Msg3 retransmitted
[0m[NR_MAC] [RAPROC][177.18] RA-Msg3 retransmitted
[0m[PHY]    LDPC_LLR_DIAG BG=2 rv=0 Z=176 Kc=52 E=5184 A=1608 R=15: l_min=-128 l_max=127 nonzero=5320/9152 ulsch_llr[0..3]=73,89,88,81 l[2Z..2Z+3]=73,88,90,72 l[0..3]=0,0,0,0
[0m[32m[NR_MAC] [UE 0][178.10][RAPROC] 4-Step RA procedure succeeded. CBRA: Contention Resolution is successful.
[0m[NR_RRC] [UE0][RAPROC] Logical Channel DL-CCCH (SRB0), Received NR_RRCSetup
[0m[RLC]    Added srb 1 to UE 0
[0m[NR_RRC] State = NR_RRC_CONNECTED
[0m[NAS]    Generate Initial NAS Message: Registration Request
[0m[NR_RRC] [UE 0][RAPROC] Logical Channel UL-DCCH (SRB1), Generating RRCSetupComplete (bytes32)
[0m[NAS]    [UE 0] Received NR_NAS_CONN_ESTABLISH_IND: asCause 0
[0m[MAC]    [UE 0] Applying CellGroupConfig from gNodeB
[0m[1;31m[RLC]    max RETX reached on SRB 1
[0m[93m[NR_RRC] [UE 0 ID 0] Received indication that RLC reached max retransmissions
[0m[RLC]    Released RLC entity: ue_id=0, lc_id=1
[0m[NR_RRC] RRC moved into IDLE state
[0m[NAS]    [UE 0] Received NR_NAS_CONN_RELEASE_IND: cause OTHER
[0m[NR_MAC] [UE0] Initializing MAC
[0m[93m[PHY]    SSB position provided
[0m[93m[NR_PHY] Starting sync detection
[0m[PHY]    [UE thread Synch] Running Initial Synch 
[0m[NR_PHY] Starting cell search with center freq: 4049760000, bandwidth: 24. Scanning for 1 number of GSCN.
[0m[NR_PHY] Scanning GSCN: 0, with SSB offset: 24, SSB Freq: 0.000000
[0m[32m[PHY]    Initial sync: pbch decoded sucessfully, ssb index 0
[0m[PHY]    pbch rx ok. rsrp:74 dB/RE, adjust_rxgain:-24 dB
[0m[NR_PHY] Cell Detected with GSCN: 0, SSB SC offset: 24, SSB Ref: 0.000000, PSS Corr peak: 117 dB, PSS Corr Average: 80
[0m[PHY]    [UE0] In synch, rx_offset 99284 samples
[0m[PHY]    [UE 0] Measured Carrier Frequency offset -22 Hz
[0m[32m[PHY]    Initial sync successful, PCI: 0
[0m[PHY]    HW: Configuring channel 0 (rf_chain 0): setting tx_freq 4049759978 Hz, rx_freq 4049759978 Hz, tune_offset 0
[0m[PHY]    Got synch: hw_slot_offset 26, carrier off -22 Hz
[0m[32m[PHY]    UE synchronized! decoded_frame_rx=234 UE->init_sync_frame=1 trashed_frames=2
[0m[PHY]    Resynchronizing RX by 99284 samples
[0m[HW]     received write reorder clear context
[0m[PHY]    max_pos_acc = -34, shiftForNextFrame = 0
[0m[PHY]    LDPC_LLR_DIAG BG=2 rv=0 Z=88 Kc=52 E=1512 A=808 R=13: l_min=-128 l_max=127 nonzero=1568/4576 ulsch_llr[0..3]=105,104,-99,123 l[2Z..2Z+3]=105,-99,-97,-101 l[0..3]=0,0,0,0
[0m[32m[NR_RRC] SIB1 decoded
[0m[NR_MAC] [UE 0] Initial cell selection: dl_frequency=4045440 kHz (from command-line, band=77, scs=1)
[0m[NR_MAC] Initial cell selection: uplink_frequency=4045440 kHz (from dl_frequency=4045440 kHz)
[0m[NR_MAC] TDD period index = 5, based on the sum of dl_UL_TransmissionPeriodicity from Pattern1 (2.500000 ms) and Pattern2 (0.000000 ms): Total = 2.500000 ms
[0m[NR_MAC] Set TDD configuration period to: 4 DL slots, 2 UL slots, 5 slots per period (NR_TDD_UL_DL_Pattern is 3 DL slots, 1 UL slots, 6 DL symbols, 4 UL symbols)
[0m[NR_MAC] Configured 1 TDD patterns (total slots: pattern1 = 5, pattern2 = 0)
[0m[MAC]    Initialization of 4-Step CBRA procedure
[0m[NR_MAC] PRACH scheduler: Selected RO Frame 238, Slot 19, Symbol 0, Fdm 0
[0m[PHY]    PRACH [UE 0] in frame.slot 238.19, placing PRACH in position 740, Msg1/MsgA-Preamble frequency start 0 (k1 0), preamble_offset 28, first_nonzero_root_idx 0, preambleIndex = 28
[0m[PHY]    LDPC_LLR_DIAG BG=2 rv=0 Z=28 Kc=52 E=1728 A=208 R=15: l_min=-128 l_max=127 nonzero=1400/1456 ulsch_llr[0..3]=-158,-150,-156,145 l[2Z..2Z+3]=-128,-128,127,-128 l[0..3]=0,0,0,0
[0m[PHY]    [UE 0] RAR-Msg2 decoded
[0m[NR_MAC] [UE 0][RAPROC][RA-RNTI 010b] Got BI RAR subPDU 5 ms
[0m[NR_MAC] [UE 0][RAPROC][RA-RNTI 010b] Got RAPID RAR subPDU
[0m[32m[NR_MAC] [UE 0][RAPROC][239.10] Found RAR with the intended RAPID 28
[0m[93m[MAC]    received TA command 31
[0m[32m[NR_MAC] [RAPROC][239.18] RA-Msg3 transmitted
[0m[NR_MAC] [RAPROC][240.18] RA-Msg3 retransmitted
[0m[NR_MAC] [RAPROC][241.18] RA-Msg3 retransmitted
[0m[NR_MAC] [RAPROC][242.18] RA-Msg3 retransmitted
[0m[PHY]    LDPC_LLR_DIAG BG=2 rv=0 Z=176 Kc=52 E=5184 A=1608 R=15: l_min=-128 l_max=127 nonzero=5320/9152 ulsch_llr[0..3]=87,99,90,55 l[2Z..2Z+3]=87,90,98,99 l[0..3]=0,0,0,0
[0m[32m[NR_MAC] [UE 0][243.10][RAPROC] 4-Step RA procedure succeeded. CBRA: Contention Resolution is successful.
[0m[NR_RRC] [UE0][RAPROC] Logical Channel DL-CCCH (SRB0), Received NR_RRCSetup
[0m[RLC]    Added srb 1 to UE 0
[0m[NR_RRC] State = NR_RRC_CONNECTED
[0m[NAS]    Generate Initial NAS Message: Registration Request
[0m[NR_RRC] [UE 0][RAPROC] Logical Channel UL-DCCH (SRB1), Generating RRCSetupComplete (bytes32)
[0m[NAS]    [UE 0] Received NR_NAS_CONN_ESTABLISH_IND: asCause 0
[0m[MAC]    [UE 0] Applying CellGroupConfig from gNodeB
[0m[NR_MAC] UE 0 RNTI d2d0 stats sfn: 256.4, cumulated bad DCI 0
    DL harq: 3/0/0/0
    UL harq: 47/44/43/41 avg code rate 0.7, avg bit/symbol 2.0, avg per TB: (nb RBs 5.2, nb symbols 12.4)
[0m[1;31m[RLC]    max RETX reached on SRB 1
[0m[93m[NR_RRC] [UE 0 ID 0] Received indication that RLC reached max retransmissions
[0m[RLC]    Released RLC entity: ue_id=0, lc_id=1
[0m[NR_RRC] RRC moved into IDLE state
[0m[NAS]    [UE 0] Received NR_NAS_CONN_RELEASE_IND: cause OTHER
[0m[NR_MAC] [UE0] Initializing MAC
[0m[93m[PHY]    SSB position provided
[0m[93m[NR_PHY] Starting sync detection
[0m[PHY]    [UE thread Synch] Running Initial Synch 
[0m[NR_PHY] Starting cell search with center freq: 4049760000, bandwidth: 24. Scanning for 1 number of GSCN.
[0m[NR_PHY] Scanning GSCN: 0, with SSB offset: 24, SSB Freq: 0.000000
[0m[32m[PHY]    Initial sync: pbch decoded sucessfully, ssb index 0
[0m[PHY]    pbch rx ok. rsrp:74 dB/RE, adjust_rxgain:-24 dB
[0m[NR_PHY] Cell Detected with GSCN: 0, SSB SC offset: 24, SSB Ref: 0.000000, PSS Corr peak: 117 dB, PSS Corr Average: 80
[0m[PHY]    [UE0] In synch, rx_offset 22484 samples
[0m[PHY]    [UE 0] Measured Carrier Frequency offset -12 Hz
[0m[32m[PHY]    Initial sync successful, PCI: 0
[0m[PHY]    HW: Configuring channel 0 (rf_chain 0): setting tx_freq 4049759988 Hz, rx_freq 4049759988 Hz, tune_offset 0
[0m[PHY]    Got synch: hw_slot_offset 6, carrier off -12 Hz
[0m[32m[PHY]    UE synchronized! decoded_frame_rx=298 UE->init_sync_frame=1 trashed_frames=2
[0m[PHY]    Resynchronizing RX by 22484 samples
[0m[HW]     received write reorder clear context
[0m[PHY]    max_pos_acc = -49, shiftForNextFrame = 0
[0m[PHY]    LDPC_LLR_DIAG BG=2 rv=0 Z=88 Kc=52 E=1512 A=808 R=13: l_min=-128 l_max=127 nonzero=1568/4576 ulsch_llr[0..3]=105,104,-99,123 l[2Z..2Z+3]=105,-99,-97,-101 l[0..3]=0,0,0,0
[0m[32m[NR_RRC] SIB1 decoded
[0m[NR_MAC] [UE 0] Initial cell selection: dl_frequency=4045440 kHz (from command-line, band=77, scs=1)
[0m[NR_MAC] Initial cell selection: uplink_frequency=4045440 kHz (from dl_frequency=4045440 kHz)
[0m[NR_MAC] TDD period index = 5, based on the sum of dl_UL_TransmissionPeriodicity from Pattern1 (2.500000 ms) and Pattern2 (0.000000 ms): Total = 2.500000 ms
[0m[NR_MAC] Set TDD configuration period to: 4 DL slots, 2 UL slots, 5 slots per period (NR_TDD_UL_DL_Pattern is 3 DL slots, 1 UL slots, 6 DL symbols, 4 UL symbols)
[0m[NR_MAC] Configured 1 TDD patterns (total slots: pattern1 = 5, pattern2 = 0)
[0m[MAC]    Initialization of 4-Step CBRA procedure
[0m[NR_MAC] PRACH scheduler: Selected RO Frame 302, Slot 19, Symbol 0, Fdm 0
[0m[PHY]    PRACH [UE 0] in frame.slot 302.19, placing PRACH in position 740, Msg1/MsgA-Preamble frequency start 0 (k1 0), preamble_offset 45, first_nonzero_root_idx 0, preambleIndex = 45
[0m[PHY]    LDPC_LLR_DIAG BG=2 rv=0 Z=28 Kc=52 E=1728 A=208 R=15: l_min=-128 l_max=127 nonzero=1400/1456 ulsch_llr[0..3]=151,148,139,-141 l[2Z..2Z+3]=127,127,127,127 l[0..3]=0,0,0,0
[0m[PHY]    [UE 0] RAR-Msg2 decoded
[0m[NR_MAC] [UE 0][RAPROC][RA-RNTI 010b] Got BI RAR subPDU 5 ms
[0m[NR_MAC] [UE 0][RAPROC][RA-RNTI 010b] Got RAPID RAR subPDU
[0m[32m[NR_MAC] [UE 0][RAPROC][303.10] Found RAR with the intended RAPID 45
[0m[93m[MAC]    received TA command 31
[0m[32m[NR_MAC] [RAPROC][303.18] RA-Msg3 transmitted
[0m[NR_MAC] [RAPROC][304.18] RA-Msg3 retransmitted
[0m[PHY]    LDPC_LLR_DIAG BG=2 rv=0 Z=176 Kc=52 E=5184 A=1608 R=15: l_min=-128 l_max=127 nonzero=5320/9152 ulsch_llr[0..3]=83,80,78,81 l[2Z..2Z+3]=83,78,74,89 l[0..3]=0,0,0,0
[0m[32m[NR_MAC] [UE 0][305.10][RAPROC] 4-Step RA procedure succeeded. CBRA: Contention Resolution is successful.
[0m[NR_RRC] [UE0][RAPROC] Logical Channel DL-CCCH (SRB0), Received NR_RRCSetup
[0m[RLC]    Added srb 1 to UE 0
[0m[NR_RRC] State = NR_RRC_CONNECTED
[0m[NAS]    Generate Initial NAS Message: Registration Request
[0m[NR_RRC] [UE 0][RAPROC] Logical Channel UL-DCCH (SRB1), Generating RRCSetupComplete (bytes32)
[0m[NAS]    [UE 0] Received NR_NAS_CONN_ESTABLISH_IND: asCause 0
[0m[MAC]    [UE 0] Applying CellGroupConfig from gNodeB
[0m[1;31m[RLC]    max RETX reached on SRB 1
[0m[93m[NR_RRC] [UE 0 ID 0] Received indication that RLC reached max retransmissions
[0m[RLC]    Released RLC entity: ue_id=0, lc_id=1
[0m[NR_RRC] RRC moved into IDLE state
[0m[NAS]    [UE 0] Received NR_NAS_CONN_RELEASE_IND: cause OTHER
[0m[NR_MAC] [UE0] Initializing MAC
[0m[93m[PHY]    SSB position provided
[0m[93m[NR_PHY] Starting sync detection
[0m[PHY]    [UE thread Synch] Running Initial Synch 
[0m[NR_PHY] Starting cell search with center freq: 4049760000, bandwidth: 24. Scanning for 1 number of GSCN.
[0m[NR_PHY] Scanning GSCN: 0, with SSB offset: 24, SSB Freq: 0.000000
[0m[32m[PHY]    Initial sync: pbch decoded sucessfully, ssb index 0
[0m[PHY]    pbch rx ok. rsrp:74 dB/RE, adjust_rxgain:-24 dB
[0m[NR_PHY] Cell Detected with GSCN: 0, SSB SC offset: 24, SSB Ref: 0.000000, PSS Corr peak: 116 dB, PSS Corr Average: 80
[0m[PHY]    [UE0] In synch, rx_offset 22484 samples
[0m[PHY]    [UE 0] Measured Carrier Frequency offset -14 Hz
[0m[32m[PHY]    Initial sync successful, PCI: 0
[0m[PHY]    HW: Configuring channel 0 (rf_chain 0): setting tx_freq 4049759986 Hz, rx_freq 4049759986 Hz, tune_offset 0
[0m[PHY]    Got synch: hw_slot_offset 6, carrier off -14 Hz
[0m[32m[PHY]    UE synchronized! decoded_frame_rx=360 UE->init_sync_frame=1 trashed_frames=2
[0m[PHY]    Resynchronizing RX by 22484 samples
[0m[HW]     received write reorder clear context
[0m[PHY]    max_pos_acc = -66, shiftForNextFrame = 0
[0m[PHY]    LDPC_LLR_DIAG BG=2 rv=0 Z=88 Kc=52 E=1512 A=808 R=13: l_min=-128 l_max=127 nonzero=1568/4576 ulsch_llr[0..3]=109,100,-102,120 l[2Z..2Z+3]=109,-102,-98,-101 l[0..3]=0,0,0,0
[0m[32m[NR_RRC] SIB1 decoded
[0m[NR_MAC] [UE 0] Initial cell selection: dl_frequency=4045440 kHz (from command-line, band=77, scs=1)
[0m[NR_MAC] Initial cell selection: uplink_frequency=4045440 kHz (from dl_frequency=4045440 kHz)
[0m[NR_MAC] TDD period index = 5, based on the sum of dl_UL_TransmissionPeriodicity from Pattern1 (2.500000 ms) and Pattern2 (0.000000 ms): Total = 2.500000 ms
[0m[NR_MAC] Set TDD configuration period to: 4 DL slots, 2 UL slots, 5 slots per period (NR_TDD_UL_DL_Pattern is 3 DL slots, 1 UL slots, 6 DL symbols, 4 UL symbols)
[0m[NR_MAC] Configured 1 TDD patterns (total slots: pattern1 = 5, pattern2 = 0)
[0m[MAC]    Initialization of 4-Step CBRA procedure
[0m[NR_MAC] PRACH scheduler: Selected RO Frame 364, Slot 19, Symbol 0, Fdm 0
[0m[PHY]    PRACH [UE 0] in frame.slot 364.19, placing PRACH in position 740, Msg1/MsgA-Preamble frequency start 0 (k1 0), preamble_offset 17, first_nonzero_root_idx 0, preambleIndex = 17
[0m[PHY]    LDPC_LLR_DIAG BG=2 rv=0 Z=28 Kc=52 E=1728 A=208 R=15: l_min=-128 l_max=127 nonzero=1400/1456 ulsch_llr[0..3]=-145,-162,-146,157 l[2Z..2Z+3]=-128,-128,-128,-128 l[0..3]=0,0,0,0
[0m[PHY]    [UE 0] RAR-Msg2 decoded
[0m[NR_MAC] [UE 0][RAPROC][RA-RNTI 010b] Got BI RAR subPDU 5 ms
[0m[NR_MAC] [UE 0][RAPROC][RA-RNTI 010b] Got RAPID RAR subPDU
[0m[32m[NR_MAC] [UE 0][RAPROC][365.10] Found RAR with the intended RAPID 17
[0m[93m[MAC]    received TA command 31
[0m[32m[NR_MAC] [RAPROC][365.18] RA-Msg3 transmitted
[0m[NR_MAC] [RAPROC][366.18] RA-Msg3 retransmitted
[0m[NR_MAC] [RAPROC][367.18] RA-Msg3 retransmitted
[0m[PHY]    LDPC_LLR_DIAG BG=2 rv=0 Z=176 Kc=52 E=5184 A=1608 R=15: l_min=-128 l_max=127 nonzero=5320/9152 ulsch_llr[0..3]=84,56,72,77 l[2Z..2Z+3]=84,72,97,97 l[0..3]=0,0,0,0
[0m[32m[NR_MAC] [UE 0][368.10][RAPROC] 4-Step RA procedure succeeded. CBRA: Contention Resolution is successful.
[0m[NR_RRC] [UE0][RAPROC] Logical Channel DL-CCCH (SRB0), Received NR_RRCSetup
[0m[RLC]    Added srb 1 to UE 0
[0m[NR_RRC] State = NR_RRC_CONNECTED
[0m[NAS]    Generate Initial NAS Message: Registration Request
[0m[NR_RRC] [UE 0][RAPROC] Logical Channel UL-DCCH (SRB1), Generating RRCSetupComplete (bytes32)
[0m[NAS]    [UE 0] Received NR_NAS_CONN_ESTABLISH_IND: asCause 0
[0m[MAC]    [UE 0] Applying CellGroupConfig from gNodeB
[0m[NR_MAC] UE 0 RNTI f0ba stats sfn: 384.4, cumulated bad DCI 0
    DL harq: 5/0/0/0
    UL harq: 90/84/80/78 avg code rate 0.7, avg bit/symbol 2.0, avg per TB: (nb RBs 5.1, nb symbols 12.5)
[0m[1;31m[RLC]    max RETX reached on SRB 1
[0m[93m[NR_RRC] [UE 0 ID 0] Received indication that RLC reached max retransmissions
[0m[RLC]    Released RLC entity: ue_id=0, lc_id=1
[0m[NR_RRC] RRC moved into IDLE state
[0m[NAS]    [UE 0] Received NR_NAS_CONN_RELEASE_IND: cause OTHER
[0m[NR_MAC] [UE0] Initializing MAC
[0m[93m[PHY]    SSB position provided
[0m[93m[NR_PHY] Starting sync detection
[0m[PHY]    [UE thread Synch] Running Initial Synch 
[0m[NR_PHY] Starting cell search with center freq: 4049760000, bandwidth: 24. Scanning for 1 number of GSCN.
[0m[NR_PHY] Scanning GSCN: 0, with SSB offset: 24, SSB Freq: 0.000000
[0m[32m[PHY]    Initial sync: pbch decoded sucessfully, ssb index 0
[0m[PHY]    pbch rx ok. rsrp:74 dB/RE, adjust_rxgain:-24 dB
[0m[NR_PHY] Cell Detected with GSCN: 0, SSB SC offset: 24, SSB Ref: 0.000000, PSS Corr peak: 116 dB, PSS Corr Average: 80
[0m[PHY]    [UE0] In synch, rx_offset 99284 samples
[0m[PHY]    [UE 0] Measured Carrier Frequency offset -34 Hz
[0m[32m[PHY]    Initial sync successful, PCI: 0
[0m[PHY]    HW: Configuring channel 0 (rf_chain 0): setting tx_freq 4049759966 Hz, rx_freq 4049759966 Hz, tune_offset 0
[0m[PHY]    Got synch: hw_slot_offset 26, carrier off -34 Hz
[0m[32m[PHY]    UE synchronized! decoded_frame_rx=424 UE->init_sync_frame=1 trashed_frames=2
[0m[PHY]    Resynchronizing RX by 99284 samples
[0m[HW]     received write reorder clear context
[0m[PHY]    max_pos_acc = -81, shiftForNextFrame = 0
[0m[PHY]    LDPC_LLR_DIAG BG=2 rv=0 Z=88 Kc=52 E=1512 A=808 R=13: l_min=-128 l_max=127 nonzero=1568/4576 ulsch_llr[0..3]=109,100,-102,120 l[2Z..2Z+3]=109,-102,-98,-101 l[0..3]=0,0,0,0
[0m[32m[NR_RRC] SIB1 decoded
[0m[NR_MAC] [UE 0] Initial cell selection: dl_frequency=4045440 kHz (from command-line, band=77, scs=1)
[0m[NR_MAC] Initial cell selection: uplink_frequency=4045440 kHz (from dl_frequency=4045440 kHz)
[0m[NR_MAC] TDD period index = 5, based on the sum of dl_UL_TransmissionPeriodicity from Pattern1 (2.500000 ms) and Pattern2 (0.000000 ms): Total = 2.500000 ms
[0m[NR_MAC] Set TDD configuration period to: 4 DL slots, 2 UL slots, 5 slots per period (NR_TDD_UL_DL_Pattern is 3 DL slots, 1 UL slots, 6 DL symbols, 4 UL symbols)
[0m[NR_MAC] Configured 1 TDD patterns (total slots: pattern1 = 5, pattern2 = 0)
[0m[MAC]    Initialization of 4-Step CBRA procedure
[0m[NR_MAC] PRACH scheduler: Selected RO Frame 428, Slot 19, Symbol 0, Fdm 0
[0m[PHY]    PRACH [UE 0] in frame.slot 428.19, placing PRACH in position 740, Msg1/MsgA-Preamble frequency start 0 (k1 0), preamble_offset 17, first_nonzero_root_idx 0, preambleIndex = 17
[0m[PHY]    [UE 0] RAR-Msg2 decoded
[0m[NR_MAC] [UE 0][RAPROC][RA-RNTI 010b] Got BI RAR subPDU 5 ms
[0m[NR_MAC] [UE 0][RAPROC][RA-RNTI 010b] Got RAPID RAR subPDU
[0m[32m[NR_MAC] [UE 0][RAPROC][429.10] Found RAR with the intended RAPID 17
[0m[93m[MAC]    received TA command 31
[0m[32m[NR_MAC] [RAPROC][429.18] RA-Msg3 transmitted
[0m[NR_MAC] [RAPROC][430.18] RA-Msg3 retransmitted
[0m[32m[NR_MAC] [UE 0][431.10][RAPROC] 4-Step RA procedure succeeded. CBRA: Contention Resolution is successful.
[0m[NR_RRC] [UE0][RAPROC] Logical Channel DL-CCCH (SRB0), Received NR_RRCSetup
[0m[RLC]    Added srb 1 to UE 0
[0m[NR_RRC] State = NR_RRC_CONNECTED
[0m[NAS]    Generate Initial NAS Message: Registration Request
[0m[NR_RRC] [UE 0][RAPROC] Logical Channel UL-DCCH (SRB1), Generating RRCSetupComplete (bytes32)
[0m[NAS]    [UE 0] Received NR_NAS_CONN_ESTABLISH_IND: asCause 0
[0m[MAC]    [UE 0] Applying CellGroupConfig from gNodeB
[0m[1;31m[RLC]    max RETX reached on SRB 1
[0m[93m[NR_RRC] [UE 0 ID 0] Received indication that RLC reached max retransmissions
[0m[RLC]    Released RLC entity: ue_id=0, lc_id=1
[0m[NR_RRC] RRC moved into IDLE state
[0m[NAS]    [UE 0] Received NR_NAS_CONN_RELEASE_IND: cause OTHER
[0m[NR_MAC] [UE0] Initializing MAC
[0m[93m[PHY]    SSB position provided
[0m[93m[NR_PHY] Starting sync detection
[0m[PHY]    [UE thread Synch] Running Initial Synch 
[0m[NR_PHY] Starting cell search with center freq: 4049760000, bandwidth: 24. Scanning for 1 number of GSCN.
[0m[NR_PHY] Scanning GSCN: 0, with SSB offset: 24, SSB Freq: 0.000000
[0m[32m[PHY]    Initial sync: pbch decoded sucessfully, ssb index 0
[0m[PHY]    pbch rx ok. rsrp:74 dB/RE, adjust_rxgain:-24 dB
[0m[NR_PHY] Cell Detected with GSCN: 0, SSB SC offset: 24, SSB Ref: 0.000000, PSS Corr peak: 117 dB, PSS Corr Average: 80
[0m[PHY]    [UE0] In synch, rx_offset 22484 samples
[0m[PHY]    [UE 0] Measured Carrier Frequency offset -22 Hz
[0m[32m[PHY]    Initial sync successful, PCI: 0
[0m[PHY]    HW: Configuring channel 0 (rf_chain 0): setting tx_freq 4049759978 Hz, rx_freq 4049759978 Hz, tune_offset 0
[0m[PHY]    Got synch: hw_slot_offset 6, carrier off -22 Hz
[0m[32m[PHY]    UE synchronized! decoded_frame_rx=486 UE->init_sync_frame=1 trashed_frames=2
[0m[PHY]    Resynchronizing RX by 22484 samples
[0m[HW]     received write reorder clear context
[0m[PHY]    max_pos_acc = -93, shiftForNextFrame = 0
[0m[32m[NR_RRC] SIB1 decoded
[0m[NR_MAC] [UE 0] Initial cell selection: dl_frequency=4045440 kHz (from command-line, band=77, scs=1)
[0m[NR_MAC] Initial cell selection: uplink_frequency=4045440 kHz (from dl_frequency=4045440 kHz)
[0m[NR_MAC] TDD period index = 5, based on the sum of dl_UL_TransmissionPeriodicity from Pattern1 (2.500000 ms) and Pattern2 (0.000000 ms): Total = 2.500000 ms
[0m[NR_MAC] Set TDD configuration period to: 4 DL slots, 2 UL slots, 5 slots per period (NR_TDD_UL_DL_Pattern is 3 DL slots, 1 UL slots, 6 DL symbols, 4 UL symbols)
[0m[NR_MAC] Configured 1 TDD patterns (total slots: pattern1 = 5, pattern2 = 0)
[0m[MAC]    Initialization of 4-Step CBRA procedure
[0m[NR_MAC] PRACH scheduler: Selected RO Frame 490, Slot 19, Symbol 0, Fdm 0
[0m[PHY]    PRACH [UE 0] in frame.slot 490.19, placing PRACH in position 740, Msg1/MsgA-Preamble frequency start 0 (k1 0), preamble_offset 19, first_nonzero_root_idx 0, preambleIndex = 19
[0m[PHY]    [UE 0] RAR-Msg2 decoded
[0m[NR_MAC] [UE 0][RAPROC][RA-RNTI 010b] Got BI RAR subPDU 5 ms
[0m[NR_MAC] [UE 0][RAPROC][RA-RNTI 010b] Got RAPID RAR subPDU
[0m[32m[NR_MAC] [UE 0][RAPROC][491.10] Found RAR with the intended RAPID 19
[0m[93m[MAC]    received TA command 31
[0m[32m[NR_MAC] [RAPROC][491.18] RA-Msg3 transmitted
[0m[NR_MAC] [RAPROC][492.18] RA-Msg3 retransmitted
[0m[NR_MAC] [RAPROC][493.18] RA-Msg3 retransmitted
[0m[32m[NR_MAC] [UE 0][494.10][RAPROC] 4-Step RA procedure succeeded. CBRA: Contention Resolution is successful.
[0m[NR_RRC] [UE0][RAPROC] Logical Channel DL-CCCH (SRB0), Received NR_RRCSetup
[0m[RLC]    Added srb 1 to UE 0
[0m[NR_RRC] State = NR_RRC_CONNECTED
[0m[NAS]    Generate Initial NAS Message: Registration Request
[0m[NR_RRC] [UE 0][RAPROC] Logical Channel UL-DCCH (SRB1), Generating RRCSetupComplete (bytes32)
[0m[NAS]    [UE 0] Received NR_NAS_CONN_ESTABLISH_IND: asCause 0
[0m[MAC]    [UE 0] Applying CellGroupConfig from gNodeB
[0m[NR_MAC] UE 0 RNTI 1bd6 stats sfn: 512.4, cumulated bad DCI 0
    DL harq: 7/0/0/0
    UL harq: 129/120/117/115 avg code rate 0.7, avg bit/symbol 2.0, avg per TB: (nb RBs 5.1, nb symbols 12.6)
[0m[1;31m[RLC]    max RETX reached on SRB 1
[0m[93m[NR_RRC] [UE 0 ID 0] Received indication that RLC reached max retransmissions
[0m[RLC]    Released RLC entity: ue_id=0, lc_id=1
[0m[NR_RRC] RRC moved into IDLE state
[0m[NAS]    [UE 0] Received NR_NAS_CONN_RELEASE_IND: cause OTHER
[0m[NR_MAC] [UE0] Initializing MAC
[0m[93m[PHY]    SSB position provided
[0m[93m[NR_PHY] Starting sync detection
[0m[PHY]    [UE thread Synch] Running Initial Synch 
[0m[NR_PHY] Starting cell search with center freq: 4049760000, bandwidth: 24. Scanning for 1 number of GSCN.
[0m[NR_PHY] Scanning GSCN: 0, with SSB offset: 24, SSB Freq: 0.000000
[0m[32m[PHY]    Initial sync: pbch decoded sucessfully, ssb index 0
[0m[PHY]    pbch rx ok. rsrp:74 dB/RE, adjust_rxgain:-24 dB
[0m[NR_PHY] Cell Detected with GSCN: 0, SSB SC offset: 24, SSB Ref: 0.000000, PSS Corr peak: 117 dB, PSS Corr Average: 80
[0m[PHY]    [UE0] In synch, rx_offset 99284 samples
[0m[PHY]    [UE 0] Measured Carrier Frequency offset -2 Hz
[0m[32m[PHY]    Initial sync successful, PCI: 0
[0m[PHY]    HW: Configuring channel 0 (rf_chain 0): setting tx_freq 4049759998 Hz, rx_freq 4049759998 Hz, tune_offset 0
[0m[PHY]    Got synch: hw_slot_offset 26, carrier off -2 Hz
[0m[32m[PHY]    UE synchronized! decoded_frame_rx=550 UE->init_sync_frame=1 trashed_frames=2
[0m[PHY]    Resynchronizing RX by 99284 samples
[0m[HW]     received write reorder clear context
[0m[PHY]    max_pos_acc = -108, shiftForNextFrame = 0
[0m[32m[NR_RRC] SIB1 decoded
[0m[NR_MAC] [UE 0] Initial cell selection: dl_frequency=4045440 kHz (from command-line, band=77, scs=1)
[0m[NR_MAC] Initial cell selection: uplink_frequency=4045440 kHz (from dl_frequency=4045440 kHz)
[0m[NR_MAC] TDD period index = 5, based on the sum of dl_UL_TransmissionPeriodicity from Pattern1 (2.500000 ms) and Pattern2 (0.000000 ms): Total = 2.500000 ms
[0m[NR_MAC] Set TDD configuration period to: 4 DL slots, 2 UL slots, 5 slots per period (NR_TDD_UL_DL_Pattern is 3 DL slots, 1 UL slots, 6 DL symbols, 4 UL symbols)
[0m[NR_MAC] Configured 1 TDD patterns (total slots: pattern1 = 5, pattern2 = 0)
[0m[MAC]    Initialization of 4-Step CBRA procedure
[0m[NR_MAC] PRACH scheduler: Selected RO Frame 554, Slot 19, Symbol 0, Fdm 0
[0m[PHY]    PRACH [UE 0] in frame.slot 554.19, placing PRACH in position 740, Msg1/MsgA-Preamble frequency start 0 (k1 0), preamble_offset 2, first_nonzero_root_idx 0, preambleIndex = 2
[0m[PHY]    [UE 0] RAR-Msg2 decoded
[0m[NR_MAC] [UE 0][RAPROC][RA-RNTI 010b] Got BI RAR subPDU 5 ms
[0m[NR_MAC] [UE 0][RAPROC][RA-RNTI 010b] Got RAPID RAR subPDU
[0m[32m[NR_MAC] [UE 0][RAPROC][555.10] Found RAR with the intended RAPID 2
[0m[93m[MAC]    received TA command 31
[0m[32m[NR_MAC] [RAPROC][555.18] RA-Msg3 transmitted
[0m[NR_MAC] [RAPROC][556.18] RA-Msg3 retransmitted
[0m[32m[NR_MAC] [UE 0][557.10][RAPROC] 4-Step RA procedure succeeded. CBRA: Contention Resolution is successful.
[0m[NR_RRC] [UE0][RAPROC] Logical Channel DL-CCCH (SRB0), Received NR_RRCSetup
[0m[RLC]    Added srb 1 to UE 0
[0m[NR_RRC] State = NR_RRC_CONNECTED
[0m[NAS]    Generate Initial NAS Message: Registration Request
[0m[NR_RRC] [UE 0][RAPROC] Logical Channel UL-DCCH (SRB1), Generating RRCSetupComplete (bytes32)
[0m[NAS]    [UE 0] Received NR_NAS_CONN_ESTABLISH_IND: asCause 0
[0m[MAC]    [UE 0] Applying CellGroupConfig from gNodeB
[0m[1;31m[RLC]    max RETX reached on SRB 1
[0m[93m[NR_RRC] [UE 0 ID 0] Received indication that RLC reached max retransmissions
[0m[RLC]    Released RLC entity: ue_id=0, lc_id=1
[0m[NR_RRC] RRC moved into IDLE state
[0m[NAS]    [UE 0] Received NR_NAS_CONN_RELEASE_IND: cause OTHER
[0m[NR_MAC] [UE0] Initializing MAC
[0m[93m[PHY]    SSB position provided
[0m[93m[NR_PHY] Starting sync detection
[0m[PHY]    [UE thread Synch] Running Initial Synch 
[0m[NR_PHY] Starting cell search with center freq: 4049760000, bandwidth: 24. Scanning for 1 number of GSCN.
[0m[NR_PHY] Scanning GSCN: 0, with SSB offset: 24, SSB Freq: 0.000000
[0m[32m[PHY]    Initial sync: pbch decoded sucessfully, ssb index 0
[0m[PHY]    pbch rx ok. rsrp:74 dB/RE, adjust_rxgain:-24 dB
[0m[NR_PHY] Cell Detected with GSCN: 0, SSB SC offset: 24, SSB Ref: 0.000000, PSS Corr peak: 116 dB, PSS Corr Average: 82
[0m[PHY]    [UE0] In synch, rx_offset 99284 samples
[0m[PHY]    [UE 0] Measured Carrier Frequency offset -19 Hz
[0m[32m[PHY]    Initial sync successful, PCI: 0
[0m[PHY]    HW: Configuring channel 0 (rf_chain 0): setting tx_freq 4049759981 Hz, rx_freq 4049759981 Hz, tune_offset 0
[0m[PHY]    Got synch: hw_slot_offset 26, carrier off -19 Hz
[0m[32m[PHY]    UE synchronized! decoded_frame_rx=614 UE->init_sync_frame=0 trashed_frames=2
[0m[PHY]    Resynchronizing RX by 99284 samples
[0m[HW]     received write reorder clear context
[0m[PHY]    max_pos_acc = -123, shiftForNextFrame = 0
[0m[32m[NR_RRC] SIB1 decoded
[0m[NR_MAC] [UE 0] Initial cell selection: dl_frequency=4045440 kHz (from command-line, band=77, scs=1)
[0m[NR_MAC] Initial cell selection: uplink_frequency=4045440 kHz (from dl_frequency=4045440 kHz)
[0m[NR_MAC] TDD period index = 5, based on the sum of dl_UL_TransmissionPeriodicity from Pattern1 (2.500000 ms) and Pattern2 (0.000000 ms): Total = 2.500000 ms
[0m[NR_MAC] Set TDD configuration period to: 4 DL slots, 2 UL slots, 5 slots per period (NR_TDD_UL_DL_Pattern is 3 DL slots, 1 UL slots, 6 DL symbols, 4 UL symbols)
[0m[NR_MAC] Configured 1 TDD patterns (total slots: pattern1 = 5, pattern2 = 0)
[0m[MAC]    Initialization of 4-Step CBRA procedure
[0m[NR_MAC] PRACH scheduler: Selected RO Frame 618, Slot 19, Symbol 0, Fdm 0
[0m[PHY]    PRACH [UE 0] in frame.slot 618.19, placing PRACH in position 740, Msg1/MsgA-Preamble frequency start 0 (k1 0), preamble_offset 21, first_nonzero_root_idx 0, preambleIndex = 21
[0m[PHY]    [UE 0] RAR-Msg2 decoded
[0m[NR_MAC] [UE 0][RAPROC][RA-RNTI 010b] Got BI RAR subPDU 5 ms
[0m[NR_MAC] [UE 0][RAPROC][RA-RNTI 010b] Got RAPID RAR subPDU
[0m[32m[NR_MAC] [UE 0][RAPROC][619.10] Found RAR with the intended RAPID 21
[0m[93m[MAC]    received TA command 31
[0m[32m[NR_MAC] [RAPROC][619.18] RA-Msg3 transmitted
[0m[NR_MAC] [RAPROC][620.18] RA-Msg3 retransmitted
[0m[32m[NR_MAC] [UE 0][621.10][RAPROC] 4-Step RA procedure succeeded. CBRA: Contention Resolution is successful.
[0m[NR_RRC] [UE0][RAPROC] Logical Channel DL-CCCH (SRB0), Received NR_RRCSetup
[0m[RLC]    Added srb 1 to UE 0
[0m[NR_RRC] State = NR_RRC_CONNECTED
[0m[NAS]    Generate Initial NAS Message: Registration Request
[0m[NR_RRC] [UE 0][RAPROC] Logical Channel UL-DCCH (SRB1), Generating RRCSetupComplete (bytes32)
[0m[NAS]    [UE 0] Received NR_NAS_CONN_ESTABLISH_IND: asCause 0
[0m[MAC]    [UE 0] Applying CellGroupConfig from gNodeB
[0m[NR_MAC] UE 0 RNTI b11e stats sfn: 640.4, cumulated bad DCI 0
    DL harq: 9/0/0/0
    UL harq: 165/152/149/147 avg code rate 0.7, avg bit/symbol 2.0, avg per TB: (nb RBs 5.1, nb symbols 12.6)
[0m[1;31m[RLC]    max RETX reached on SRB 1
[0m[93m[NR_RRC] [UE 0 ID 0] Received indication that RLC reached max retransmissions
[0m[RLC]    Released RLC entity: ue_id=0, lc_id=1
[0m[NR_RRC] RRC moved into IDLE state
[0m[NAS]    [UE 0] Received NR_NAS_CONN_RELEASE_IND: cause OTHER
[0m[NR_MAC] [UE0] Initializing MAC
[0m[93m[PHY]    SSB position provided
[0m[93m[NR_PHY] Starting sync detection
[0m[PHY]    [UE thread Synch] Running Initial Synch 
[0m[NR_PHY] Starting cell search with center freq: 4049760000, bandwidth: 24. Scanning for 1 number of GSCN.
[0m[NR_PHY] Scanning GSCN: 0, with SSB offset: 24, SSB Freq: 0.000000
[0m[32m[PHY]    Initial sync: pbch decoded sucessfully, ssb index 0
[0m[PHY]    pbch rx ok. rsrp:74 dB/RE, adjust_rxgain:-24 dB
[0m[NR_PHY] Cell Detected with GSCN: 0, SSB SC offset: 24, SSB Ref: 0.000000, PSS Corr peak: 117 dB, PSS Corr Average: 80
[0m[PHY]    [UE0] In synch, rx_offset 99284 samples
[0m[PHY]    [UE 0] Measured Carrier Frequency offset -32 Hz
[0m[32m[PHY]    Initial sync successful, PCI: 0
[0m[PHY]    HW: Configuring channel 0 (rf_chain 0): setting tx_freq 4049759968 Hz, rx_freq 4049759968 Hz, tune_offset 0
[0m[PHY]    Got synch: hw_slot_offset 26, carrier off -32 Hz
[0m[32m[PHY]    UE synchronized! decoded_frame_rx=678 UE->init_sync_frame=0 trashed_frames=2
[0m[PHY]    Resynchronizing RX by 99284 samples
[0m[HW]     received write reorder clear context
[0m[PHY]    max_pos_acc = -138, shiftForNextFrame = 0
[0m[32m[NR_RRC] SIB1 decoded
[0m[NR_MAC] [UE 0] Initial cell selection: dl_frequency=4045440 kHz (from command-line, band=77, scs=1)
[0m[NR_MAC] Initial cell selection: uplink_frequency=4045440 kHz (from dl_frequency=4045440 kHz)
[0m[NR_MAC] TDD period index = 5, based on the sum of dl_UL_TransmissionPeriodicity from Pattern1 (2.500000 ms) and Pattern2 (0.000000 ms): Total = 2.500000 ms
[0m[NR_MAC] Set TDD configuration period to: 4 DL slots, 2 UL slots, 5 slots per period (NR_TDD_UL_DL_Pattern is 3 DL slots, 1 UL slots, 6 DL symbols, 4 UL symbols)
[0m[NR_MAC] Configured 1 TDD patterns (total slots: pattern1 = 5, pattern2 = 0)
[0m[MAC]    Initialization of 4-Step CBRA procedure
[0m[NR_MAC] PRACH scheduler: Selected RO Frame 682, Slot 19, Symbol 0, Fdm 0
[0m[PHY]    PRACH [UE 0] in frame.slot 682.19, placing PRACH in position 740, Msg1/MsgA-Preamble frequency start 0 (k1 0), preamble_offset 28, first_nonzero_root_idx 0, preambleIndex = 28
[0m[PHY]    [UE 0] RAR-Msg2 decoded
[0m[NR_MAC] [UE 0][RAPROC][RA-RNTI 010b] Got BI RAR subPDU 5 ms
[0m[NR_MAC] [UE 0][RAPROC][RA-RNTI 010b] Got RAPID RAR subPDU
[0m[32m[NR_MAC] [UE 0][RAPROC][683.10] Found RAR with the intended RAPID 28
[0m[93m[MAC]    received TA command 31
[0m[32m[NR_MAC] [RAPROC][683.18] RA-Msg3 transmitted
[0m[NR_MAC] [RAPROC][684.18] RA-Msg3 retransmitted
[0m[NR_MAC] [RAPROC][685.18] RA-Msg3 retransmitted
[0m[32m[NR_MAC] [UE 0][686.10][RAPROC] 4-Step RA procedure succeeded. CBRA: Contention Resolution is successful.
[0m[NR_RRC] [UE0][RAPROC] Logical Channel DL-CCCH (SRB0), Received NR_RRCSetup
[0m[RLC]    Added srb 1 to UE 0
[0m[NR_RRC] State = NR_RRC_CONNECTED
[0m[NAS]    Generate Initial NAS Message: Registration Request
[0m[NR_RRC] [UE 0][RAPROC] Logical Channel UL-DCCH (SRB1), Generating RRCSetupComplete (bytes32)
[0m[NAS]    [UE 0] Received NR_NAS_CONN_ESTABLISH_IND: asCause 0
[0m[MAC]    [UE 0] Applying CellGroupConfig from gNodeB
[0m[1;31m[RLC]    max RETX reached on SRB 1
[0m[93m[NR_RRC] [UE 0 ID 0] Received indication that RLC reached max retransmissions
[0m[RLC]    Released RLC entity: ue_id=0, lc_id=1
[0m[NR_RRC] RRC moved into IDLE state
[0m[NAS]    [UE 0] Received NR_NAS_CONN_RELEASE_IND: cause OTHER
[0m[NR_MAC] [UE0] Initializing MAC
[0m[93m[PHY]    SSB position provided
[0m[93m[NR_PHY] Starting sync detection
[0m[PHY]    [UE thread Synch] Running Initial Synch 
[0m[NR_PHY] Starting cell search with center freq: 4049760000, bandwidth: 24. Scanning for 1 number of GSCN.
[0m[NR_PHY] Scanning GSCN: 0, with SSB offset: 24, SSB Freq: 0.000000
[0m[32m[PHY]    Initial sync: pbch decoded sucessfully, ssb index 0
[0m[PHY]    pbch rx ok. rsrp:74 dB/RE, adjust_rxgain:-24 dB
[0m[NR_PHY] Cell Detected with GSCN: 0, SSB SC offset: 24, SSB Ref: 0.000000, PSS Corr peak: 117 dB, PSS Corr Average: 80
[0m[PHY]    [UE0] In synch, rx_offset 99284 samples
[0m[PHY]    [UE 0] Measured Carrier Frequency offset 0 Hz
[0m[32m[PHY]    Initial sync successful, PCI: 0
[0m[PHY]    HW: Configuring channel 0 (rf_chain 0): setting tx_freq 4049760000 Hz, rx_freq 4049760000 Hz, tune_offset 0
[0m[PHY]    Got synch: hw_slot_offset 26, carrier off 0 Hz
[0m[32m[PHY]    UE synchronized! decoded_frame_rx=742 UE->init_sync_frame=1 trashed_frames=2
[0m[PHY]    Resynchronizing RX by 99284 samples
[0m[HW]     received write reorder clear context
[0m[PHY]    max_pos_acc = -153, shiftForNextFrame = 0
[0m[32m[NR_RRC] SIB1 decoded
[0m[NR_MAC] [UE 0] Initial cell selection: dl_frequency=4045440 kHz (from command-line, band=77, scs=1)
[0m[NR_MAC] Initial cell selection: uplink_frequency=4045440 kHz (from dl_frequency=4045440 kHz)
[0m[NR_MAC] TDD period index = 5, based on the sum of dl_UL_TransmissionPeriodicity from Pattern1 (2.500000 ms) and Pattern2 (0.000000 ms): Total = 2.500000 ms
[0m[NR_MAC] Set TDD configuration period to: 4 DL slots, 2 UL slots, 5 slots per period (NR_TDD_UL_DL_Pattern is 3 DL slots, 1 UL slots, 6 DL symbols, 4 UL symbols)
[0m[NR_MAC] Configured 1 TDD patterns (total slots: pattern1 = 5, pattern2 = 0)
[0m[MAC]    Initialization of 4-Step CBRA procedure
[0m[NR_MAC] PRACH scheduler: Selected RO Frame 746, Slot 19, Symbol 0, Fdm 0
[0m[PHY]    PRACH [UE 0] in frame.slot 746.19, placing PRACH in position 740, Msg1/MsgA-Preamble frequency start 0 (k1 0), preamble_offset 1, first_nonzero_root_idx 0, preambleIndex = 1
[0m[PHY]    [UE 0] RAR-Msg2 decoded
[0m[NR_MAC] [UE 0][RAPROC][RA-RNTI 010b] Got BI RAR subPDU 5 ms
[0m[NR_MAC] [UE 0][RAPROC][RA-RNTI 010b] Got RAPID RAR subPDU
[0m[32m[NR_MAC] [UE 0][RAPROC][747.10] Found RAR with the intended RAPID 1
[0m[93m[MAC]    received TA command 31
[0m[32m[NR_MAC] [RAPROC][747.18] RA-Msg3 transmitted
[0m[NR_MAC] [RAPROC][748.18] RA-Msg3 retransmitted
[0m[32m[NR_MAC] [UE 0][749.10][RAPROC] 4-Step RA procedure succeeded. CBRA: Contention Resolution is successful.
[0m[NR_RRC] [UE0][RAPROC] Logical Channel DL-CCCH (SRB0), Received NR_RRCSetup
[0m[RLC]    Added srb 1 to UE 0
[0m[NR_RRC] State = NR_RRC_CONNECTED
[0m[NAS]    Generate Initial NAS Message: Registration Request
[0m[NR_RRC] [UE 0][RAPROC] Logical Channel UL-DCCH (SRB1), Generating RRCSetupComplete (bytes32)
[0m[NAS]    [UE 0] Received NR_NAS_CONN_ESTABLISH_IND: asCause 0
[0m[MAC]    [UE 0] Applying CellGroupConfig from gNodeB
[0m[NR_MAC] UE 0 RNTI 3c8e stats sfn: 768.4, cumulated bad DCI 0
    DL harq: 11/0/0/0
    UL harq: 201/185/181/179 avg code rate 0.7, avg bit/symbol 2.0, avg per TB: (nb RBs 5.1, nb symbols 12.6)
[0m[1;31m[RLC]    max RETX reached on SRB 1
[0m[93m[NR_RRC] [UE 0 ID 0] Received indication that RLC reached max retransmissions
[0m[RLC]    Released RLC entity: ue_id=0, lc_id=1
[0m[NR_RRC] RRC moved into IDLE state
[0m[NAS]    [UE 0] Received NR_NAS_CONN_RELEASE_IND: cause OTHER
[0m[NR_MAC] [UE0] Initializing MAC
[0m[93m[PHY]    SSB position provided
[0m[93m[NR_PHY] Starting sync detection
[0m[PHY]    [UE thread Synch] Running Initial Synch 
[0m[NR_PHY] Starting cell search with center freq: 4049760000, bandwidth: 24. Scanning for 1 number of GSCN.
[0m[NR_PHY] Scanning GSCN: 0, with SSB offset: 24, SSB Freq: 0.000000
[0m[32m[PHY]    Initial sync: pbch decoded sucessfully, ssb index 0
[0m[PHY]    pbch rx ok. rsrp:74 dB/RE, adjust_rxgain:-24 dB
[0m[NR_PHY] Cell Detected with GSCN: 0, SSB SC offset: 24, SSB Ref: 0.000000, PSS Corr peak: 117 dB, PSS Corr Average: 81
[0m[PHY]    [UE0] In synch, rx_offset 99284 samples
[0m[PHY]    [UE 0] Measured Carrier Frequency offset -16 Hz
[0m[32m[PHY]    Initial sync successful, PCI: 0
[0m[PHY]    HW: Configuring channel 0 (rf_chain 0): setting tx_freq 4049759984 Hz, rx_freq 4049759984 Hz, tune_offset 0
[0m[PHY]    Got synch: hw_slot_offset 26, carrier off -16 Hz
[0m[32m[PHY]    UE synchronized! decoded_frame_rx=806 UE->init_sync_frame=1 trashed_frames=2
[0m[PHY]    Resynchronizing RX by 99284 samples
[0m[HW]     received write reorder clear context
[0m[PHY]    max_pos_acc = -168, shiftForNextFrame = 0
[0m[32m[NR_RRC] SIB1 decoded
[0m[NR_MAC] [UE 0] Initial cell selection: dl_frequency=4045440 kHz (from command-line, band=77, scs=1)
[0m[NR_MAC] Initial cell selection: uplink_frequency=4045440 kHz (from dl_frequency=4045440 kHz)
[0m[NR_MAC] TDD period index = 5, based on the sum of dl_UL_TransmissionPeriodicity from Pattern1 (2.500000 ms) and Pattern2 (0.000000 ms): Total = 2.500000 ms
[0m[NR_MAC] Set TDD configuration period to: 4 DL slots, 2 UL slots, 5 slots per period (NR_TDD_UL_DL_Pattern is 3 DL slots, 1 UL slots, 6 DL symbols, 4 UL symbols)
[0m[NR_MAC] Configured 1 TDD patterns (total slots: pattern1 = 5, pattern2 = 0)
[0m[MAC]    Initialization of 4-Step CBRA procedure
[0m[NR_MAC] PRACH scheduler: Selected RO Frame 810, Slot 19, Symbol 0, Fdm 0
[0m[PHY]    PRACH [UE 0] in frame.slot 810.19, placing PRACH in position 740, Msg1/MsgA-Preamble frequency start 0 (k1 0), preamble_offset 39, first_nonzero_root_idx 0, preambleIndex = 39
[0m[PHY]    [UE 0] RAR-Msg2 decoded
[0m[NR_MAC] [UE 0][RAPROC][RA-RNTI 010b] Got BI RAR subPDU 5 ms
[0m[NR_MAC] [UE 0][RAPROC][RA-RNTI 010b] Got RAPID RAR subPDU
[0m[32m[NR_MAC] [UE 0][RAPROC][811.10] Found RAR with the intended RAPID 39
[0m[93m[MAC]    received TA command 31
[0m[32m[NR_MAC] [RAPROC][811.18] RA-Msg3 transmitted
[0m[NR_MAC] [RAPROC][812.18] RA-Msg3 retransmitted
[0m[32m[NR_MAC] [UE 0][813.10][RAPROC] 4-Step RA procedure succeeded. CBRA: Contention Resolution is successful.
[0m[NR_RRC] [UE0][RAPROC] Logical Channel DL-CCCH (SRB0), Received NR_RRCSetup
[0m[RLC]    Added srb 1 to UE 0
[0m[NR_RRC] State = NR_RRC_CONNECTED
[0m[NAS]    Generate Initial NAS Message: Registration Request
[0m[NR_RRC] [UE 0][RAPROC] Logical Channel UL-DCCH (SRB1), Generating RRCSetupComplete (bytes32)
[0m[NAS]    [UE 0] Received NR_NAS_CONN_ESTABLISH_IND: asCause 0
[0m[MAC]    [UE 0] Applying CellGroupConfig from gNodeB
[0m[1;31m[RLC]    max RETX reached on SRB 1
[0m[93m[NR_RRC] [UE 0 ID 0] Received indication that RLC reached max retransmissions
[0m[RLC]    Released RLC entity: ue_id=0, lc_id=1
[0m[NR_RRC] RRC moved into IDLE state
[0m[NAS]    [UE 0] Received NR_NAS_CONN_RELEASE_IND: cause OTHER
[0m[NR_MAC] [UE0] Initializing MAC
[0m[93m[PHY]    SSB position provided
[0m[93m[NR_PHY] Starting sync detection
[0m[PHY]    [UE thread Synch] Running Initial Synch 
[0m[NR_PHY] Starting cell search with center freq: 4049760000, bandwidth: 24. Scanning for 1 number of GSCN.
[0m[NR_PHY] Scanning GSCN: 0, with SSB offset: 24, SSB Freq: 0.000000
[0m[32m[PHY]    Initial sync: pbch decoded sucessfully, ssb index 0
[0m[PHY]    pbch rx ok. rsrp:74 dB/RE, adjust_rxgain:-24 dB
[0m[NR_PHY] Cell Detected with GSCN: 0, SSB SC offset: 24, SSB Ref: 0.000000, PSS Corr peak: 117 dB, PSS Corr Average: 81
[0m[PHY]    [UE0] In synch, rx_offset 99284 samples
[0m[PHY]    [UE 0] Measured Carrier Frequency offset 2 Hz
[0m[32m[PHY]    Initial sync successful, PCI: 0
[0m[PHY]    HW: Configuring channel 0 (rf_chain 0): setting tx_freq 4049760002 Hz, rx_freq 4049760002 Hz, tune_offset 0
[0m[PHY]    Got synch: hw_slot_offset 26, carrier off 2 Hz
[0m[32m[PHY]    UE synchronized! decoded_frame_rx=870 UE->init_sync_frame=1 trashed_frames=2
[0m[PHY]    Resynchronizing RX by 99284 samples
[0m[HW]     received write reorder clear context
[0m[PHY]    max_pos_acc = -183, shiftForNextFrame = 0
[0m[32m[NR_RRC] SIB1 decoded
[0m[NR_MAC] [UE 0] Initial cell selection: dl_frequency=4045440 kHz (from command-line, band=77, scs=1)
[0m[NR_MAC] Initial cell selection: uplink_frequency=4045440 kHz (from dl_frequency=4045440 kHz)
[0m[NR_MAC] TDD period index = 5, based on the sum of dl_UL_TransmissionPeriodicity from Pattern1 (2.500000 ms) and Pattern2 (0.000000 ms): Total = 2.500000 ms
[0m[NR_MAC] Set TDD configuration period to: 4 DL slots, 2 UL slots, 5 slots per period (NR_TDD_UL_DL_Pattern is 3 DL slots, 1 UL slots, 6 DL symbols, 4 UL symbols)
[0m[NR_MAC] Configured 1 TDD patterns (total slots: pattern1 = 5, pattern2 = 0)
[0m[MAC]    Initialization of 4-Step CBRA procedure
[0m[NR_MAC] PRACH scheduler: Selected RO Frame 874, Slot 19, Symbol 0, Fdm 0
[0m[PHY]    PRACH [UE 0] in frame.slot 874.19, placing PRACH in position 740, Msg1/MsgA-Preamble frequency start 0 (k1 0), preamble_offset 9, first_nonzero_root_idx 0, preambleIndex = 9
[0m[PHY]    [UE 0] RAR-Msg2 decoded
[0m[NR_MAC] [UE 0][RAPROC][RA-RNTI 010b] Got BI RAR subPDU 5 ms
[0m[NR_MAC] [UE 0][RAPROC][RA-RNTI 010b] Got RAPID RAR subPDU
[0m[32m[NR_MAC] [UE 0][RAPROC][875.10] Found RAR with the intended RAPID 9
[0m[93m[MAC]    received TA command 31
[0m[32m[NR_MAC] [RAPROC][875.18] RA-Msg3 transmitted
[0m[NR_MAC] [RAPROC][876.18] RA-Msg3 retransmitted
[0m[NR_MAC] [RAPROC][877.18] RA-Msg3 retransmitted
[0m[32m[NR_MAC] [UE 0][878.10][RAPROC] 4-Step RA procedure succeeded. CBRA: Contention Resolution is successful.
[0m[NR_RRC] [UE0][RAPROC] Logical Channel DL-CCCH (SRB0), Received NR_RRCSetup
[0m[RLC]    Added srb 1 to UE 0
[0m[NR_RRC] State = NR_RRC_CONNECTED
[0m[NAS]    Generate Initial NAS Message: Registration Request
[0m[NR_RRC] [UE 0][RAPROC] Logical Channel UL-DCCH (SRB1), Generating RRCSetupComplete (bytes32)
[0m[NAS]    [UE 0] Received NR_NAS_CONN_ESTABLISH_IND: asCause 0
[0m[MAC]    [UE 0] Applying CellGroupConfig from gNodeB
[0m[NR_MAC] UE 0 RNTI 7094 stats sfn: 896.4, cumulated bad DCI 0
    DL harq: 13/0/0/0
    UL harq: 238/219/214/210 avg code rate 0.7, avg bit/symbol 2.0, avg per TB: (nb RBs 5.1, nb symbols 12.6)
[0m[1;31m[RLC]    max RETX reached on SRB 1
[0m[93m[NR_RRC] [UE 0 ID 0] Received indication that RLC reached max retransmissions
[0m[RLC]    Released RLC entity: ue_id=0, lc_id=1
[0m[NR_RRC] RRC moved into IDLE state
[0m[NAS]    [UE 0] Received NR_NAS_CONN_RELEASE_IND: cause OTHER
[0m[NR_MAC] [UE0] Initializing MAC
[0m[93m[PHY]    SSB position provided
[0m[93m[NR_PHY] Starting sync detection
[0m[PHY]    [UE thread Synch] Running Initial Synch 
[0m[NR_PHY] Starting cell search with center freq: 4049760000, bandwidth: 24. Scanning for 1 number of GSCN.
[0m[NR_PHY] Scanning GSCN: 0, with SSB offset: 24, SSB Freq: 0.000000
[0m[32m[PHY]    Initial sync: pbch decoded sucessfully, ssb index 0
[0m[PHY]    pbch rx ok. rsrp:74 dB/RE, adjust_rxgain:-24 dB
[0m[NR_PHY] Cell Detected with GSCN: 0, SSB SC offset: 24, SSB Ref: 0.000000, PSS Corr peak: 117 dB, PSS Corr Average: 81
[0m[PHY]    [UE0] In synch, rx_offset 22484 samples
[0m[PHY]    [UE 0] Measured Carrier Frequency offset -16 Hz
[0m[32m[PHY]    Initial sync successful, PCI: 0
[0m[PHY]    HW: Configuring channel 0 (rf_chain 0): setting tx_freq 4049759984 Hz, rx_freq 4049759984 Hz, tune_offset 0
[0m[PHY]    Got synch: hw_slot_offset 6, carrier off -16 Hz
[0m[32m[PHY]    UE synchronized! decoded_frame_rx=936 UE->init_sync_frame=0 trashed_frames=2
[0m[PHY]    Resynchronizing RX by 22484 samples
[0m[HW]     received write reorder clear context
[0m[PHY]    max_pos_acc = -201, shiftForNextFrame = 0
[0m[32m[NR_RRC] SIB1 decoded
[0m[NR_MAC] [UE 0] Initial cell selection: dl_frequency=4045440 kHz (from command-line, band=77, scs=1)
[0m[NR_MAC] Initial cell selection: uplink_frequency=4045440 kHz (from dl_frequency=4045440 kHz)
[0m[NR_MAC] TDD period index = 5, based on the sum of dl_UL_TransmissionPeriodicity from Pattern1 (2.500000 ms) and Pattern2 (0.000000 ms): Total = 2.500000 ms
[0m[NR_MAC] Set TDD configuration period to: 4 DL slots, 2 UL slots, 5 slots per period (NR_TDD_UL_DL_Pattern is 3 DL slots, 1 UL slots, 6 DL symbols, 4 UL symbols)
[0m[NR_MAC] Configured 1 TDD patterns (total slots: pattern1 = 5, pattern2 = 0)
[0m[MAC]    Initialization of 4-Step CBRA procedure
[0m[NR_MAC] PRACH scheduler: Selected RO Frame 940, Slot 19, Symbol 0, Fdm 0
[0m[PHY]    PRACH [UE 0] in frame.slot 940.19, placing PRACH in position 740, Msg1/MsgA-Preamble frequency start 0 (k1 0), preamble_offset 37, first_nonzero_root_idx 0, preambleIndex = 37
[0m[PHY]    [UE 0] RAR-Msg2 decoded
[0m[NR_MAC] [UE 0][RAPROC][RA-RNTI 010b] Got BI RAR subPDU 5 ms
[0m[NR_MAC] [UE 0][RAPROC][RA-RNTI 010b] Got RAPID RAR subPDU
[0m[32m[NR_MAC] [UE 0][RAPROC][941.10] Found RAR with the intended RAPID 37
[0m[93m[MAC]    received TA command 31
[0m[32m[NR_MAC] [RAPROC][941.18] RA-Msg3 transmitted
[0m[NR_MAC] [RAPROC][942.18] RA-Msg3 retransmitted
[0m[32m[NR_MAC] [UE 0][943.10][RAPROC] 4-Step RA procedure succeeded. CBRA: Contention Resolution is successful.
[0m[NR_RRC] [UE0][RAPROC] Logical Channel DL-CCCH (SRB0), Received NR_RRCSetup
[0m[RLC]    Added srb 1 to UE 0
[0m[NR_RRC] State = NR_RRC_CONNECTED
[0m[NAS]    Generate Initial NAS Message: Registration Request
[0m[NR_RRC] [UE 0][RAPROC] Logical Channel UL-DCCH (SRB1), Generating RRCSetupComplete (bytes32)
[0m[NAS]    [UE 0] Received NR_NAS_CONN_ESTABLISH_IND: asCause 0
[0m[MAC]    [UE 0] Applying CellGroupConfig from gNodeB
[0m[1;31m[RLC]    max RETX reached on SRB 1
[0m[93m[NR_RRC] [UE 0 ID 0] Received indication that RLC reached max retransmissions
[0m[RLC]    Released RLC entity: ue_id=0, lc_id=1
[0m[NR_RRC] RRC moved into IDLE state
[0m[NAS]    [UE 0] Received NR_NAS_CONN_RELEASE_IND: cause OTHER
[0m[NR_MAC] [UE0] Initializing MAC
[0m[93m[PHY]    SSB position provided
[0m[93m[NR_PHY] Starting sync detection
[0m[PHY]    [UE thread Synch] Running Initial Synch 
[0m[NR_PHY] Starting cell search with center freq: 4049760000, bandwidth: 24. Scanning for 1 number of GSCN.
[0m[NR_PHY] Scanning GSCN: 0, with SSB offset: 24, SSB Freq: 0.000000
[0m[32m[PHY]    Initial sync: pbch decoded sucessfully, ssb index 0
[0m[PHY]    pbch rx ok. rsrp:74 dB/RE, adjust_rxgain:-24 dB
[0m[NR_PHY] Cell Detected with GSCN: 0, SSB SC offset: 24, SSB Ref: 0.000000, PSS Corr peak: 116 dB, PSS Corr Average: 80
[0m[PHY]    [UE0] In synch, rx_offset 99284 samples
[0m[PHY]    [UE 0] Measured Carrier Frequency offset -8 Hz
[0m[32m[PHY]    Initial sync successful, PCI: 0
[0m[PHY]    HW: Configuring channel 0 (rf_chain 0): setting tx_freq 4049759992 Hz, rx_freq 4049759992 Hz, tune_offset 0
[0m[PHY]    Got synch: hw_slot_offset 26, carrier off -8 Hz
[0m[32m[PHY]    UE synchronized! decoded_frame_rx=1000 UE->init_sync_frame=0 trashed_frames=2
[0m[PHY]    Resynchronizing RX by 99284 samples
[0m[HW]     received write reorder clear context
[0m[PHY]    max_pos_acc = -216, shiftForNextFrame = 0
[0m[32m[NR_RRC] SIB1 decoded
[0m[NR_MAC] [UE 0] Initial cell selection: dl_frequency=4045440 kHz (from command-line, band=77, scs=1)
[0m[NR_MAC] Initial cell selection: uplink_frequency=4045440 kHz (from dl_frequency=4045440 kHz)
[0m[NR_MAC] TDD period index = 5, based on the sum of dl_UL_TransmissionPeriodicity from Pattern1 (2.500000 ms) and Pattern2 (0.000000 ms): Total = 2.500000 ms
[0m[NR_MAC] Set TDD configuration period to: 4 DL slots, 2 UL slots, 5 slots per period (NR_TDD_UL_DL_Pattern is 3 DL slots, 1 UL slots, 6 DL symbols, 4 UL symbols)
[0m[NR_MAC] Configured 1 TDD patterns (total slots: pattern1 = 5, pattern2 = 0)
[0m[MAC]    Initialization of 4-Step CBRA procedure
[0m[NR_MAC] PRACH scheduler: Selected RO Frame 1004, Slot 19, Symbol 0, Fdm 0
[0m[PHY]    PRACH [UE 0] in frame.slot 1004.19, placing PRACH in position 740, Msg1/MsgA-Preamble frequency start 0 (k1 0), preamble_offset 25, first_nonzero_root_idx 0, preambleIndex = 25
[0m[PHY]    [UE 0] RAR-Msg2 decoded
[0m[NR_MAC] [UE 0][RAPROC][RA-RNTI 010b] Got BI RAR subPDU 5 ms
[0m[NR_MAC] [UE 0][RAPROC][RA-RNTI 010b] Got RAPID RAR subPDU
[0m[32m[NR_MAC] [UE 0][RAPROC][1005.10] Found RAR with the intended RAPID 25
[0m[93m[MAC]    received TA command 31
[0m[32m[NR_MAC] [RAPROC][1005.18] RA-Msg3 transmitted
[0m[NR_MAC] [RAPROC][1006.18] RA-Msg3 retransmitted
[0m[32m[NR_MAC] [UE 0][1007.10][RAPROC] 4-Step RA procedure succeeded. CBRA: Contention Resolution is successful.
[0m[NR_RRC] [UE0][RAPROC] Logical Channel DL-CCCH (SRB0), Received NR_RRCSetup
[0m[RLC]    Added srb 1 to UE 0
[0m[NR_RRC] State = NR_RRC_CONNECTED
[0m[NAS]    Generate Initial NAS Message: Registration Request
[0m[NAS]    [UE 0] Received NR_NAS_CONN_ESTABLISH_IND: asCause 0
[0m[NR_RRC] [UE 0][RAPROC] Logical Channel UL-DCCH (SRB1), Generating RRCSetupComplete (bytes32)
[0m[MAC]    [UE 0] Applying CellGroupConfig from gNodeB
[0m[NR_MAC] UE 0 RNTI 54e4 stats sfn: 0.4, cumulated bad DCI 0
    DL harq: 15/0/0/0
    UL harq: 270/247/242/239 avg code rate 0.7, avg bit/symbol 2.0, avg per TB: (nb RBs 5.1, nb symbols 12.6)
[0m[1;31m[RLC]    max RETX reached on SRB 1
[0m[93m[NR_RRC] [UE 0 ID 0] Received indication that RLC reached max retransmissions
[0m[RLC]    Released RLC entity: ue_id=0, lc_id=1
[0m[NR_RRC] RRC moved into IDLE state
[0m[NAS]    [UE 0] Received NR_NAS_CONN_RELEASE_IND: cause OTHER
[0m[NR_MAC] [UE0] Initializing MAC
[0m[93m[PHY]    SSB position provided
[0m[93m[NR_PHY] Starting sync detection
[0m[PHY]    [UE thread Synch] Running Initial Synch 
[0m[NR_PHY] Starting cell search with center freq: 4049760000, bandwidth: 24. Scanning for 1 number of GSCN.
[0m[NR_PHY] Scanning GSCN: 0, with SSB offset: 24, SSB Freq: 0.000000
[0m[32m[PHY]    Initial sync: pbch decoded sucessfully, ssb index 0
[0m[PHY]    pbch rx ok. rsrp:74 dB/RE, adjust_rxgain:-24 dB
[0m[NR_PHY] Cell Detected with GSCN: 0, SSB SC offset: 24, SSB Ref: 0.000000, PSS Corr peak: 117 dB, PSS Corr Average: 81
[0m[PHY]    [UE0] In synch, rx_offset 99284 samples
[0m[PHY]    [UE 0] Measured Carrier Frequency offset -4 Hz
[0m[32m[PHY]    Initial sync successful, PCI: 0
[0m[PHY]    HW: Configuring channel 0 (rf_chain 0): setting tx_freq 4049759996 Hz, rx_freq 4049759996 Hz, tune_offset 0
[0m[PHY]    Got synch: hw_slot_offset 26, carrier off -4 Hz
[0m[32m[PHY]    UE synchronized! decoded_frame_rx=40 UE->init_sync_frame=0 trashed_frames=2
[0m[PHY]    Resynchronizing RX by 99284 samples
[0m[HW]     received write reorder clear context
[0m[PHY]    max_pos_acc = -231, shiftForNextFrame = 0
[0m[32m[NR_RRC] SIB1 decoded
[0m[NR_MAC] [UE 0] Initial cell selection: dl_frequency=4045440 kHz (from command-line, band=77, scs=1)
[0m[NR_MAC] Initial cell selection: uplink_frequency=4045440 kHz (from dl_frequency=4045440 kHz)
[0m[NR_MAC] TDD period index = 5, based on the sum of dl_UL_TransmissionPeriodicity from Pattern1 (2.500000 ms) and Pattern2 (0.000000 ms): Total = 2.500000 ms
[0m[NR_MAC] Set TDD configuration period to: 4 DL slots, 2 UL slots, 5 slots per period (NR_TDD_UL_DL_Pattern is 3 DL slots, 1 UL slots, 6 DL symbols, 4 UL symbols)
[0m[NR_MAC] Configured 1 TDD patterns (total slots: pattern1 = 5, pattern2 = 0)
[0m[MAC]    Initialization of 4-Step CBRA procedure
[0m[NR_MAC] PRACH scheduler: Selected RO Frame 44, Slot 19, Symbol 0, Fdm 0
[0m[PHY]    PRACH [UE 0] in frame.slot 44.19, placing PRACH in position 740, Msg1/MsgA-Preamble frequency start 0 (k1 0), preamble_offset 21, first_nonzero_root_idx 0, preambleIndex = 21
[0m[PHY]    [UE 0] RAR-Msg2 decoded
[0m[NR_MAC] [UE 0][RAPROC][RA-RNTI 010b] Got BI RAR subPDU 5 ms
[0m[NR_MAC] [UE 0][RAPROC][RA-RNTI 010b] Got RAPID RAR subPDU
[0m[32m[NR_MAC] [UE 0][RAPROC][45.10] Found RAR with the intended RAPID 21
[0m[93m[MAC]    received TA command 31
[0m[32m[NR_MAC] [RAPROC][45.18] RA-Msg3 transmitted
[0m[NR_MAC] [RAPROC][46.18] RA-Msg3 retransmitted
[0m[32m[NR_MAC] [UE 0][47.10][RAPROC] 4-Step RA procedure succeeded. CBRA: Contention Resolution is successful.
[0m[NR_RRC] [UE0][RAPROC] Logical Channel DL-CCCH (SRB0), Received NR_RRCSetup
[0m[RLC]    Added srb 1 to UE 0
[0m[NR_RRC] State = NR_RRC_CONNECTED
[0m[NAS]    Generate Initial NAS Message: Registration Request
[0m[NR_RRC] [UE 0][RAPROC] Logical Channel UL-DCCH (SRB1), Generating RRCSetupComplete (bytes32)
[0m[NAS]    [UE 0] Received NR_NAS_CONN_ESTABLISH_IND: asCause 0
[0m[MAC]    [UE 0] Applying CellGroupConfig from gNodeB
[0m[1;31m[RLC]    max RETX reached on SRB 1
[0m[93m[NR_RRC] [UE 0 ID 0] Received indication that RLC reached max retransmissions
[0m[RLC]    Released RLC entity: ue_id=0, lc_id=1
[0m[NR_RRC] RRC moved into IDLE state
[0m[NAS]    [UE 0] Received NR_NAS_CONN_RELEASE_IND: cause OTHER
[0m[NR_MAC] [UE0] Initializing MAC
[0m[93m[PHY]    SSB position provided
[0m[93m[NR_PHY] Starting sync detection
[0m[PHY]    [UE thread Synch] Running Initial Synch 
[0m[NR_PHY] Starting cell search with center freq: 4049760000, bandwidth: 24. Scanning for 1 number of GSCN.
[0m[NR_PHY] Scanning GSCN: 0, with SSB offset: 24, SSB Freq: 0.000000
[0m[32m[PHY]    Initial sync: pbch decoded sucessfully, ssb index 0
[0m[PHY]    pbch rx ok. rsrp:74 dB/RE, adjust_rxgain:-24 dB
[0m[NR_PHY] Cell Detected with GSCN: 0, SSB SC offset: 24, SSB Ref: 0.000000, PSS Corr peak: 117 dB, PSS Corr Average: 81
[0m[PHY]    [UE0] In synch, rx_offset 99284 samples
[0m[PHY]    [UE 0] Measured Carrier Frequency offset -2 Hz
[0m[32m[PHY]    Initial sync successful, PCI: 0
[0m[PHY]    HW: Configuring channel 0 (rf_chain 0): setting tx_freq 4049759998 Hz, rx_freq 4049759998 Hz, tune_offset 0
[0m[PHY]    Got synch: hw_slot_offset 26, carrier off -2 Hz
[0m[32m[PHY]    UE synchronized! decoded_frame_rx=104 UE->init_sync_frame=1 trashed_frames=2
[0m[PHY]    Resynchronizing RX by 99284 samples
[0m[HW]     received write reorder clear context
[0m[PHY]    max_pos_acc = -246, shiftForNextFrame = 0
[0m[32m[NR_RRC] SIB1 decoded
[0m[NR_MAC] [UE 0] Initial cell selection: dl_frequency=4045440 kHz (from command-line, band=77, scs=1)
[0m[NR_MAC] Initial cell selection: uplink_frequency=4045440 kHz (from dl_frequency=4045440 kHz)
[0m[NR_MAC] TDD period index = 5, based on the sum of dl_UL_TransmissionPeriodicity from Pattern1 (2.500000 ms) and Pattern2 (0.000000 ms): Total = 2.500000 ms
[0m[NR_MAC] Set TDD configuration period to: 4 DL slots, 2 UL slots, 5 slots per period (NR_TDD_UL_DL_Pattern is 3 DL slots, 1 UL slots, 6 DL symbols, 4 UL symbols)
[0m[NR_MAC] Configured 1 TDD patterns (total slots: pattern1 = 5, pattern2 = 0)
[0m[MAC]    Initialization of 4-Step CBRA procedure
[0m[NR_MAC] PRACH scheduler: Selected RO Frame 108, Slot 19, Symbol 0, Fdm 0
[0m[PHY]    PRACH [UE 0] in frame.slot 108.19, placing PRACH in position 740, Msg1/MsgA-Preamble frequency start 0 (k1 0), preamble_offset 60, first_nonzero_root_idx 0, preambleIndex = 60
[0m[PHY]    [UE 0] RAR-Msg2 decoded
[0m[NR_MAC] [UE 0][RAPROC][RA-RNTI 010b] Got BI RAR subPDU 5 ms
[0m[NR_MAC] [UE 0][RAPROC][RA-RNTI 010b] Got RAPID RAR subPDU
[0m[32m[NR_MAC] [UE 0][RAPROC][109.10] Found RAR with the intended RAPID 60
[0m[93m[MAC]    received TA command 31
[0m[32m[NR_MAC] [RAPROC][109.18] RA-Msg3 transmitted
[0m[NR_MAC] [RAPROC][110.18] RA-Msg3 retransmitted
[0m[32m[NR_MAC] [UE 0][111.10][RAPROC] 4-Step RA procedure succeeded. CBRA: Contention Resolution is successful.
[0m[93m[NR_RRC] [UE0] Logical Channel DL-CCCH (SRB0), Received RRCReject 
[0m[93m[NR_RRC] [UE 0] Timer T302 expired! Access barring alleviated!
[0m