Logging terminal output to /home/jesse/oran_lab/logs/run_ue/run_ue_20260526_005328_pid1373507.log
UE cores: 20,21,22,23
UE sample advance: -8
VRTSIM shared memory is ready; starting UE without waiting for non-zero DL samples.
CMDLINE: "./nr-uesoftmodem" "-O" "/home/jesse/oran_lab/ue_test.conf" "-C" "4049760000" "-r" "24" "--numerology" "1" "--band" "77" "--ssb" "24" "-A" "-8" "--device.name" "vrtsim" "--vrtsim.role" "client" "--ue-nb-ant-tx" "1" "--ue-nb-ant-rx" "1" 
[UTIL]   running in SA mode (no --phy-test, --do-ra, --nsa option present)
[0m[UTIL]   threadCreate() for Tpool0_-1: creating thread with affinity ffffffff, priority 97
[0m[UTIL]   threadCreate() for Tpool1_-1: creating thread with affinity ffffffff, priority 97
[0m[UTIL]   threadCreate() for Tpool2_-1: creating thread with affinity ffffffff, priority 97
[0m[UTIL]   threadCreate() for Tpool3_-1: creating thread with affinity ffffffff, priority 97
[0m[UTIL]   threadCreate() for Tpool4_-1: creating thread with affinity ffffffff, priority 97
[0m[UTIL]   threadCreate() for Tpool5_-1: creating thread with affinity ffffffff, priority 97
[0m[UTIL]   threadCreate() for Tpool6_-1: creating thread with affinity ffffffff, priority 97
[0m[UTIL]   threadCreate() for Tpool7_-1: creating thread with affinity ffffffff, priority 97
[0m[UTIL]   threadCreate() for Tpool8_-1: creating thread with affinity ffffffff, priority 97
[0m[UTIL]   threadCreate() for Tpool9_-1: creating thread with affinity ffffffff, priority 97
[0m[UTIL]   threadCreate() for Tpool10_-1: creating thread with affinity ffffffff, priority 97
[0m[UTIL]   threadCreate() for Tpool11_-1: creating thread with affinity ffffffff, priority 97
[0m[OPT]    OPT disabled
[0m[HW]     Version: Branch: compression-plus-timing-fix Abrev. Hash: 13fa21ea91 Date: Mon May 25 14:33:49 2026 -0700
[0m[NR_RRC] create TASK_RRC_NRUE 
[0m[UTIL]   threadCreate() for TASK_RRC_NRUE: creating thread with affinity ffffffff, priority 50
[0m[UTIL]   threadCreate() for TASK_NAS_NRUE: creating thread with affinity ffffffff, priority 50
[0m[SIM]    UICC simulation: IMSI=2089900007487, IMEISV=6754567890123413, Ki=fec86ba6eb707ed08905757b1bb44b8f, OPc=C42449363BBAD02B66D16BC975D77CC1
[0m[SIM]    overriding potential uicc0.dnn/nssai_sst/nssai_sd from uicc0.pdu_sessions
[0m[SIM]    will request PDU session ID 1, type 1, DNN oai, NSSAI 1.ffffff
[0m[NR_MAC] [UE0] Initializing MAC
[0m[NR_MAC] Initializing dl and ul config_request. num_slots = 20
[0m[RLC]    Activated srb0 for UE 0
[0m[UTIL]   threadCreate() for time source realtime: creating thread with affinity ffffffff, priority 2
[0m[UTIL]   time manager configuration: [time source: reatime] [mode: standalone] [server IP: 127.0.0.1} [server port: 7374] (server IP/port not used)
[0m[PHY]    Set UE nb_rx_antenna 1, nb_tx_antenna 1, threequarter_fs 0, ofdm_offset_divisor 8
[0m[PHY]    SA init parameters. DL freq 4049760000 UL offset 0 SSB numerology 1 N_RB_DL 24
[0m[PHY]    Init: N_RB_DL 24, first_carrier_offset 368, nb_prefix_samples 36,nb_prefix_samples0 44, ofdm_symbol_size 512
[0m[93m[PHY]    samples_per_subframe 15360/per second 15360000, wCP 14336
[0m[PHY]    Set UE_fo_compensation 0, UE_scan_carrier 0, UE_no_timing_correction 0 
, chest-freq 0, chest-time 0
[0m[UTIL]   threadCreate() for SYNC__actor: creating thread with affinity ffffffff, priority 97
[0m[UTIL]   threadCreate() for DL__actor: creating thread with affinity ffffffff, priority 97
[0m[UTIL]   threadCreate() for DL__actor: creating thread with affinity ffffffff, priority 97
[0m[UTIL]   threadCreate() for DL__actor: creating thread with affinity ffffffff, priority 97
[0m[UTIL]   threadCreate() for DL__actor: creating thread with affinity ffffffff, priority 97
[0m[UTIL]   threadCreate() for UL__actor: creating thread with affinity ffffffff, priority 97
[0m[UTIL]   threadCreate() for UL__actor: creating thread with affinity ffffffff, priority 97
[0m[PHY]    Initializing UE vars for gNB TXant 1, UE RXant 1
[0m[PHY]    prs_config configuration NOT found..!! Skipped configuring UE for the PRS reception
[0m[PHY]    HW: Configuring ru_id 0, sample_rate 15360000.000000, tx/rx num_channels 1/1, duplex_mode TDD
[0m[PHY]    HW: Configuring channel 0 (rf_chain 0): setting tx_freq 4049760000 Hz, rx_freq 4049760000 Hz, tune_offset 0
[0m[PHY]    HW: Configuring channel 0 (rf_chain 0): setting tx_gain 0, rx_gain 110
[0m[UTIL]   threadCreate() for ru_start_thread: creating thread with affinity ffffffff, priority 97
[0m[HW]     VRTSIM: TX sample advance 4096 samples
[0m[HW]     Running as client: will connect to a vrtsim server
[0m[HW]     [RAU] has loaded RFSIMULATOR device.
[0m[HW]     VRTSIM: UE 0/1 - 1x1 antennas, UL offset=0, DL offset=0
[0m[HW]     VRTSIM: client RX aligned to frame boundary current_sample=566877611 aligned_sample=566937600 samples_per_frame=153600
[0m[PHY]    Intializing UE Threads for instance 0 ...
[0m[UTIL]   threadCreate() for UEthread_0: creating thread with affinity ffffffff, priority 97
[0m[UTIL]   threadCreate() for L1_UE_stats_0: creating thread with affinity ffffffff, priority 1
[0m[93m[PHY]    SSB position provided
[0m[93m[NR_PHY] Starting sync detection
[0m[PHY]    [UE thread Synch] Running Initial Synch 
[0m[NR_PHY] Starting cell search with center freq: 4049760000, bandwidth: 24. Scanning for 1 number of GSCN.
[0m[NR_PHY] Scanning GSCN: 0, with SSB offset: 24, SSB Freq: 0.000000
[0m[32m[PHY]    Initial sync: pbch decoded sucessfully, ssb index 0
[0m[PHY]    pbch rx ok. rsrp:74 dB/RE, adjust_rxgain:-24 dB
[0m[NR_PHY] Cell Detected with GSCN: 0, SSB SC offset: 24, SSB Ref: 0.000000, PSS Corr peak: 116 dB, PSS Corr Average: 80
[0m[PHY]    [UE0] In synch, rx_offset 79880 samples
[0m[PHY]    [UE 0] Measured Carrier Frequency offset -10 Hz
[0m[32m[PHY]    Initial sync successful, PCI: 0
[0m[PHY]    HW: Configuring channel 0 (rf_chain 0): setting tx_freq 4049759990 Hz, rx_freq 4049759990 Hz, tune_offset 0
[0m[PHY]    Got synch: hw_slot_offset 21, carrier off -10 Hz
[0m[NR_RRC] [UE 0] BCCH update: phyCellID 0->0, arfcn_ssb 0->669984
[0m[32m[PHY]    UE synchronized! decoded_frame_rx=184 UE->init_sync_frame=1 trashed_frames=2
[0m[PHY]    Resynchronizing RX by 79880 samples
[0m[HW]     received write reorder clear context
[0m[PHY]    max_pos_acc = 0, shiftForNextFrame = 0
[0m[32m[NR_RRC] SIB1 decoded
[0m[NR_MAC] [UE 0] Initial cell selection: dl_frequency=4045440 kHz (from command-line, band=77, scs=1)
[0m[NR_MAC] Initial cell selection: uplink_frequency=4045440 kHz (from dl_frequency=4045440 kHz)
[0m[NR_MAC] TDD period index = 5, based on the sum of dl_UL_TransmissionPeriodicity from Pattern1 (2.500000 ms) and Pattern2 (0.000000 ms): Total = 2.500000 ms
[0m[NR_MAC] Set TDD configuration period to: 4 DL slots, 2 UL slots, 5 slots per period (NR_TDD_UL_DL_Pattern is 3 DL slots, 1 UL slots, 6 DL symbols, 4 UL symbols)
[0m[NR_MAC] Configured 1 TDD patterns (total slots: pattern1 = 5, pattern2 = 0)
[0m[PHY]    N_TA_offset changed from 0 to 200
[0m[MAC]    Initialization of 4-Step CBRA procedure
[0m[NR_MAC] PRACH scheduler: Selected RO Frame 188, Slot 19, Symbol 0, Fdm 0
[0m[PHY]    PRACH [UE 0] in frame.slot 188.19, placing PRACH in position 740, Msg1/MsgA-Preamble frequency start 0 (k1 0), preamble_offset 60, first_nonzero_root_idx 0, preambleIndex = 60
[0m[PHY]    [UE 0] RAR-Msg2 decoded
[0m[NR_MAC] [UE 0][RAPROC][RA-RNTI 010b] Got BI RAR subPDU 5 ms
[0m[NR_MAC] [UE 0][RAPROC][RA-RNTI 010b] Got RAPID RAR subPDU
[0m[32m[NR_MAC] [UE 0][RAPROC][189.10] Found RAR with the intended RAPID 60
[0m[93m[MAC]    received TA command 33
[0m[32m[NR_MAC] [RAPROC][189.18] RA-Msg3 transmitted
[0m[NR_MAC] [RAPROC][190.18] RA-Msg3 retransmitted
[0m[NR_MAC] [RAPROC][191.18] RA-Msg3 retransmitted
[0m[32m[NR_MAC] [UE 0][192.10][RAPROC] 4-Step RA procedure succeeded. CBRA: Contention Resolution is successful.
[0m[NR_RRC] [UE0][RAPROC] Logical Channel DL-CCCH (SRB0), Received NR_RRCSetup
[0m[RLC]    Added srb 1 to UE 0
[0m[NR_RRC] State = NR_RRC_CONNECTED
[0m[NAS]    Generate Initial NAS Message: Registration Request
[0m[NR_RRC] [UE 0][RAPROC] Logical Channel UL-DCCH (SRB1), Generating RRCSetupComplete (bytes32)
[0m[MAC]    [UE 0] Applying CellGroupConfig from gNodeB
[0m[NAS]    [UE 0] Received NR_NAS_CONN_ESTABLISH_IND: asCause 0
[0m[NAS]    [UE 0] Received NAS_DOWNLINK_DATA_IND type FGS_AUTHENTICATION_REQUEST with length 42
[0m[NAS]    [UE 0] Received NAS_DOWNLINK_DATA_IND type FGS_SECURITY_MODE_COMMAND with length 21
[0m[NAS]    Generate Initial NAS Message: Registration Request
[0m[NR_RRC] Received securityModeCommand (gNB 0)
[0m[NR_RRC] Receiving from SRB1 (DL-DCCH), Processing securityModeCommand
[0m[NR_RRC] Security algorithm is set to nea0
[0m[NR_RRC] Integrity protection algorithm is set to nia2
[0m[NR_RRC] Receiving from SRB1 (DL-DCCH), encoding securityModeComplete, rrc_TransactionIdentifier: 0
[0m[NR_RRC] Received Capability Enquiry (gNB 0)
[0m[NR_RRC] Receiving from SRB1 (DL-DCCH), Processing UECapabilityEnquiry
[0m[CONFIG] function config_libconfig_init returned 0
Initializing random number generator, seed 11779715998920038856
Waiting for server to create shared memory segment
UE threads created by 1373517
TYPE <CTRL-C> TO TERMINATE
kausf:7f c0 e 3 8a a2 e2 60 48 d2 ff 93 3f 7a 85 2e 26 8b ef 88 81 89 ff 52 c9 26 b2 2d 38 f 92 79 
kseaf:80 16 8f 98 ee d3 a0 c9 e0 df 67 9a dc bf 63 4c c5 c1 2f 2a 9 b cd 8 74 be c1 eb f d3 3b 18 
kamf:62 2b df b7 5d 67 2c 78 a3 37 94 57 f2 36 a6 11 6e 33 45 e4 35 3b 18 c0 25 44 ab 8f 3b a2 84 be 
knas_int: 50 9b 37 a 8 3d 64 42 c2 54 68 9 67 15 57 c3 
knas_enc: c0 31 f8 18 94 a3 6f 3c f3 5 34 3c 4e a8 1c 5e 
mac ac 3f 7f 57 
[NR_RRC] deriving kRRCenc, kRRCint from KgNB=c4 87 62 bd 31 68 eb 18 13 ee 31 9d 8d fb 3d 7f f1 9f fe 62 3d 86 05 ef 34 a2 9c ae 5c 72 4b 0b [0m
[NR_RRC] securityModeComplete payload: 28 00 00 00 00 00 00 00 c0 1e 00 98 9e 7e 00 00 [0m
<UE-NR-Capability>
    <accessStratumRelease><rel15/></accessStratumRelease>
    <pdcp-Parameters>
        <supportedROHC-Profiles>
            <profile0x0000><false/></profile0x0000>
            <profile0x0001><false/></profile0x0001>
            <profile0x0002><false/></profile0x0002>
            <profile0x0003><false/></profile0x0003>
            <profile0x0004><false/></profile0x0004>
            <profile0x0006><false/></profile0x0006>
            <profile0x0101><false/></profile0x0101>
            <profile0x0102><false/></profile0x0102>
            <profile0x0103><false/></profile0x0103>
            <profile0x0104><false/></profile0x0104>
        </supportedROHC-Profiles>
        <maxNumberROHC-ContextSessions><cs2/></maxNumberROHC-ContextSessions>
    </pdcp-Parameters>
    <phy-Parameters>
    </phy-Parameters>
    <rf-Parameters>
        <supportedBandListNR>
            <BandNR>
                <bandNR>1</bandNR>
            </BandNR>
        </supportedBandListNR>
    </rf-Parameters>
</UE-NR-Capability>
[PHY]    [RRC]UE NR Capability encoded, 10 bytes (86 bits)
[0m[NR_RRC] UECapabilityInformation Encoded 106 bits (14 bytes)
[0m[NAS]    [UE 0] Received NAS_DOWNLINK_DATA_IND type FGS_REGISTRATION_ACCEPT with length 53
[0m[NAS]    Received Registration Accept with result 3GPP
[0m[NAS]    SMS not allowed in 5GS Registration Result
[0m[NR_RRC] 5G-GUTI: AMF pointer 1, AMF Set ID 1, 5G-TMSI 2183410960 
[0m[NAS]    Send NAS_UPLINK_DATA_REQ message(RegistrationComplete)
[0m[NAS]    requested PDU session ID 1 type 1 NSSAI 1.16777215 DNN oai
[0m[NAS]    Send NAS_UPLINK_DATA_REQ message(PduSessionEstablishRequest)
[0m[RLC]    Added srb 2 to UE 0
[0m[RLC]    Added drb 1 to UE 0
[0m[RLC]    Added DRB to UE 0
[0m[NR_RRC] RRCReconfiguration includes radio Bearer Configuration
[0m[MAC]    [UE 0] Applying CellGroupConfig from gNodeB
[0m[NR_MAC] UE 0 RNTI 556a stats sfn: 256.4, cumulated bad DCI 0
    DL harq: 18/0/0
    UL harq: 56/53/17 avg code rate 0.1, avg bit/symbol 2.1, avg per TB: (nb RBs 5.1, nb symbols 12.8)
[0m[SDAP]   Default DRB for the created SDAP entity: DRB 1 
[0m[PDCP]   Added DRB 1 to UE ID 0
[0m[NR_RRC] State = NR_RRC_CONNECTED
[0m[NR_RRC] RRCReconfiguration includes Measurement Configuration
[0m[93m[NR_RRC] Measurement gaps not yet supported!
[0m[NR_RRC] rrcReconfigurationComplete Encoded 10 bits (2 bytes)
[0m[NR_RRC]  Logical Channel UL-DCCH (SRB1), Generating RRCReconfigurationComplete (bytes 2)
[0m[93m[NR_RRC] (active_cell_rsrp) -122 + (rsrp_hysteresis) 0 < (rsrp_threshold) -97
[0m[NAS]    [UE 0] Received NAS_CONN_ESTABLI_CNF: errCode 1, length 98
[0m[NAS]    Received PDU Session Establishment Accept, UE IPv4: 10.0.0.23
[0m[32m[OIP]    TUN Interface oaitun_ue1 successfully configured, IPv4 10.0.0.23, IPv6 (null)
[0m[NR_RRC] MeasurementReport Encoded 53 bits (7 bytes)
[0m[UTIL]   threadCreate() for ue_tun_read_0_p1: creating thread with affinity ffffffff, priority 1
[0m[NR_RRC] MeasurementReport Encoded 53 bits (7 bytes)
[0m[NR_RRC] MeasurementReport Encoded 53 bits (7 bytes)
[0m[NR_MAC] UE 0 RNTI 556a stats sfn: 384.4, cumulated bad DCI 0
    DL harq: 24/0/0/0
    UL harq: 91/88/35/6 avg code rate 0.1, avg bit/symbol 2.1, avg per TB: (nb RBs 5.0, nb symbols 12.9)
[0m[NR_MAC] [391.0] Received TA_COMMAND 30 TAGID 0 CC_id 0 
[0m[NR_RRC] MeasurementReport Encoded 53 bits (7 bytes)
[0m[NR_MAC] [491.0] Received TA_COMMAND 33 TAGID 0 CC_id 0 
[0m[NR_MAC] UE 0 RNTI 556a stats sfn: 512.4, cumulated bad DCI 0
    DL harq: 27/0/0/0
    UL harq: 103/100/45/7 avg code rate 0.1, avg bit/symbol 2.1, avg per TB: (nb RBs 5.0, nb symbols 12.9)
[0m[93m[PHY]    Deadline missed for tx slot 525.4 (current time 1779782015654936 us, deadline 1779782015652570 us, missed by 2366)
[0m[1;31m[PHY]    [UE 0] frame 526, nr_slot_rx 0, Error decoding PBCH!
[0m[NR_MAC] [591.0] Received TA_COMMAND 30 TAGID 0 CC_id 0 
[0m[NR_MAC] [592.1] Received TA_COMMAND 30 TAGID 0 CC_id 0 
[0m[NR_MAC] [593.0] Received TA_COMMAND 30 TAGID 0 CC_id 0 
[0m[NR_MAC] [594.1] Received TA_COMMAND 30 TAGID 0 CC_id 0 
[0m[NR_MAC] UE 0 RNTI 556a stats sfn: 640.4, cumulated bad DCI 0
    DL harq: 28/1/1/1/0
    UL harq: 113/110/55/16/1 avg code rate 0.1, avg bit/symbol 2.1, avg per TB: (nb RBs 5.0, nb symbols 12.9)
[0m[1;31m[RLC]    bad NACK, bigger than ACK (nack 1 ack 2) (tx_next_ack 2 tx_next 2)
[0m[1;31m[RLC]    error decoding control PDU, discarding
[0m[NR_MAC] [691.0] Received TA_COMMAND 30 TAGID 0 CC_id 0 
[0m[NR_MAC] [692.1] Received TA_COMMAND 30 TAGID 0 CC_id 0 
[0m[NR_MAC] [693.0] Received TA_COMMAND 30 TAGID 0 CC_id 0 
[0m[NR_MAC] [694.1] Received TA_COMMAND 30 TAGID 0 CC_id 0 
[0m[NR_MAC] UE 0 RNTI 556a stats sfn: 768.4, cumulated bad DCI 0
    DL harq: 34/5/5/5/0
    UL harq: 138/135/78/31/1 avg code rate 0.1, avg bit/symbol 2.0, avg per TB: (nb RBs 5.0, nb symbols 12.9)
[0m[NR_MAC] [791.0] Received TA_COMMAND 30 TAGID 0 CC_id 0 
[0m[NR_MAC] [792.1] Received TA_COMMAND 30 TAGID 0 CC_id 0 
[0m[NR_MAC] [793.0] Received TA_COMMAND 30 TAGID 0 CC_id 0 
[0m[NR_MAC] [794.1] Received TA_COMMAND 30 TAGID 0 CC_id 0 
[0m[NR_MAC] [891.0] Received TA_COMMAND 30 TAGID 0 CC_id 0 
[0m[NR_MAC] [892.1] Received TA_COMMAND 30 TAGID 0 CC_id 0 
[0m[NR_MAC] [893.0] Received TA_COMMAND 30 TAGID 0 CC_id 0 
[0m[NR_MAC] [894.1] Received TA_COMMAND 30 TAGID 0 CC_id 0 
[0m[NR_MAC] UE 0 RNTI 556a stats sfn: 896.4, cumulated bad DCI 0
    DL harq: 36/7/7/7/0
    UL harq: 148/145/88/41/1 avg code rate 0.1, avg bit/symbol 2.0, avg per TB: (nb RBs 5.0, nb symbols 12.9)
[0m[NR_MAC] [991.0] Received TA_COMMAND 30 TAGID 0 CC_id 0 
[0m[NR_MAC] [992.1] Received TA_COMMAND 30 TAGID 0 CC_id 0 
[0m[NR_MAC] [993.0] Received TA_COMMAND 30 TAGID 0 CC_id 0 
[0m[NR_MAC] [994.1] Received TA_COMMAND 30 TAGID 0 CC_id 0 
[0m[NR_MAC] UE 0 RNTI 556a stats sfn: 0.4, cumulated bad DCI 0
    DL harq: 37/8/8/8/0
    UL harq: 158/155/98/50/1 avg code rate 0.1, avg bit/symbol 2.0, avg per TB: (nb RBs 5.0, nb symbols 12.9)
[0m[NR_MAC] [67.0] Received TA_COMMAND 30 TAGID 0 CC_id 0 
[0m[NR_MAC] [68.1] Received TA_COMMAND 30 TAGID 0 CC_id 0 
[0m[NR_MAC] [69.0] Received TA_COMMAND 30 TAGID 0 CC_id 0 
[0m[NR_MAC] [70.1] Received TA_COMMAND 30 TAGID 0 CC_id 0 
[0m[NR_MAC] UE 0 RNTI 556a stats sfn: 128.4, cumulated bad DCI 0
    DL harq: 38/9/9/9/0
    UL harq: 168/164/107/60/1 avg code rate 0.1, avg bit/symbol 2.0, avg per TB: (nb RBs 5.0, nb symbols 12.9)
[0m[NR_MAC] [167.0] Received TA_COMMAND 30 TAGID 0 CC_id 0 
[0m[NR_MAC] [168.1] Received TA_COMMAND 30 TAGID 0 CC_id 0 
[0m[NR_MAC] [169.0] Received TA_COMMAND 30 TAGID 0 CC_id 0 
[0m[NR_MAC] [170.1] Received TA_COMMAND 30 TAGID 0 CC_id 0 
[0m[NR_MAC] UE 0 RNTI 556a stats sfn: 256.4, cumulated bad DCI 0
    DL harq: 39/10/10/10/0
    UL harq: 177/174/117/70/1 avg code rate 0.1, avg bit/symbol 2.0, avg per TB: (nb RBs 5.0, nb symbols 12.9)
[0m[NR_MAC] [267.0] Received TA_COMMAND 30 TAGID 0 CC_id 0 
[0m[NR_MAC] [268.1] Received TA_COMMAND 30 TAGID 0 CC_id 0 
[0m[NR_MAC] [269.0] Received TA_COMMAND 30 TAGID 0 CC_id 0 
[0m[NR_MAC] [270.1] Received TA_COMMAND 30 TAGID 0 CC_id 0 
[0m[NR_MAC] [367.0] Received TA_COMMAND 30 TAGID 0 CC_id 0 
[0m[NR_MAC] [368.1] Received TA_COMMAND 30 TAGID 0 CC_id 0 
[0m[NR_MAC] [369.0] Received TA_COMMAND 30 TAGID 0 CC_id 0 
[0m[NR_MAC] [370.1] Received TA_COMMAND 30 TAGID 0 CC_id 0 
[0m[NR_MAC] UE 0 RNTI 556a stats sfn: 384.4, cumulated bad DCI 0
    DL harq: 41/12/12/12/0
    UL harq: 187/184/127/80/1 avg code rate 0.1, avg bit/symbol 2.0, avg per TB: (nb RBs 5.0, nb symbols 12.9)
[0m[NR_MAC] [467.0] Received TA_COMMAND 30 TAGID 0 CC_id 0 
[0m[NR_MAC] [468.1] Received TA_COMMAND 30 TAGID 0 CC_id 0 
[0m[NR_MAC] [469.0] Received TA_COMMAND 30 TAGID 0 CC_id 0 
[0m[NR_MAC] [470.1] Received TA_COMMAND 30 TAGID 0 CC_id 0 
[0m[NR_MAC] UE 0 RNTI 556a stats sfn: 512.4, cumulated bad DCI 0
    DL harq: 42/13/13/13/0
    UL harq: 200/197/140/93/1 avg code rate 0.1, avg bit/symbol 2.0, avg per TB: (nb RBs 5.0, nb symbols 13.0)
[0m[NR_MAC] [567.0] Received TA_COMMAND 30 TAGID 0 CC_id 0 
[0m[NR_MAC] [568.1] Received TA_COMMAND 30 TAGID 0 CC_id 0 
[0m[NR_MAC] [569.0] Received TA_COMMAND 30 TAGID 0 CC_id 0 
[0m[NR_MAC] [570.1] Received TA_COMMAND 30 TAGID 0 CC_id 0 
[0m[NR_MAC] UE 0 RNTI 556a stats sfn: 640.4, cumulated bad DCI 0
    DL harq: 43/14/14/14/0
    UL harq: 214/211/154/107/1 avg code rate 0.1, avg bit/symbol 2.0, avg per TB: (nb RBs 5.0, nb symbols 13.0)
[0m[NR_MAC] [667.0] Received TA_COMMAND 30 TAGID 0 CC_id 0 
[0m[NR_MAC] [668.1] Received TA_COMMAND 30 TAGID 0 CC_id 0 
[0m[NR_MAC] [669.0] Received TA_COMMAND 30 TAGID 0 CC_id 0 
[0m[NR_MAC] [670.1] Received TA_COMMAND 30 TAGID 0 CC_id 0 
[0m[NR_MAC] [767.0] Received TA_COMMAND 30 TAGID 0 CC_id 0 
[0m[NR_MAC] [768.1] Received TA_COMMAND 30 TAGID 0 CC_id 0 
[0m[NR_MAC] UE 0 RNTI 556a stats sfn: 768.4, cumulated bad DCI 0
    DL harq: 45/16/15/15/0
    UL harq: 227/224/167/120/1 avg code rate 0.1, avg bit/symbol 2.0, avg per TB: (nb RBs 5.0, nb symbols 13.0)
[0m[NR_MAC] [769.0] Received TA_COMMAND 30 TAGID 0 CC_id 0 
[0m[NR_MAC] [770.1] Received TA_COMMAND 30 TAGID 0 CC_id 0 
[0m[NR_MAC] [867.0] Received TA_COMMAND 30 TAGID 0 CC_id 0 
[0m[NR_MAC] [868.1] Received TA_COMMAND 30 TAGID 0 CC_id 0 
[0m[NR_MAC] [869.0] Received TA_COMMAND 30 TAGID 0 CC_id 0 
[0m[NR_MAC] [870.1] Received TA_COMMAND 30 TAGID 0 CC_id 0 
[0m[NR_MAC] UE 0 RNTI 556a stats sfn: 896.4, cumulated bad DCI 0
    DL harq: 46/17/17/17/0
    UL harq: 241/238/181/134/1 avg code rate 0.1, avg bit/symbol 2.0, avg per TB: (nb RBs 5.0, nb symbols 13.0)
[0m[NR_MAC] [967.0] Received TA_COMMAND 30 TAGID 0 CC_id 0 
[0m[NR_MAC] [968.1] Received TA_COMMAND 30 TAGID 0 CC_id 0 
[0m[NR_MAC] [969.0] Received TA_COMMAND 30 TAGID 0 CC_id 0 
[0m[NR_MAC] [970.1] Received TA_COMMAND 30 TAGID 0 CC_id 0 
[0m[NR_MAC] UE 0 RNTI 556a stats sfn: 0.4, cumulated bad DCI 0
    DL harq: 47/18/18/18/0
    UL harq: 251/248/191/143/1 avg code rate 0.1, avg bit/symbol 2.0, avg per TB: (nb RBs 5.0, nb symbols 13.0)
[0m[NR_MAC] [43.0] Received TA_COMMAND 30 TAGID 0 CC_id 0 
[0m[NR_MAC] [44.1] Received TA_COMMAND 30 TAGID 0 CC_id 0 
[0m[NR_MAC] [45.0] Received TA_COMMAND 30 TAGID 0 CC_id 0 
[0m[NR_MAC] [46.1] Received TA_COMMAND 30 TAGID 0 CC_id 0 
[0m[NR_MAC] UE 0 RNTI 556a stats sfn: 128.4, cumulated bad DCI 0
    DL harq: 48/19/19/19/0
    UL harq: 263/260/203/156/1 avg code rate 0.1, avg bit/symbol 2.0, avg per TB: (nb RBs 5.0, nb symbols 13.0)
[0m[NR_MAC] [143.0] Received TA_COMMAND 29 TAGID 0 CC_id 0 
[0m[NR_MAC] [144.1] Received TA_COMMAND 29 TAGID 0 CC_id 0 
[0m[NR_MAC] [145.0] Received TA_COMMAND 29 TAGID 0 CC_id 0 
[0m[NR_MAC] [146.1] Received TA_COMMAND 29 TAGID 0 CC_id 0 
[0m[NR_MAC] [243.0] Received TA_COMMAND 30 TAGID 0 CC_id 0 
[0m[NR_MAC] [244.1] Received TA_COMMAND 30 TAGID 0 CC_id 0 
[0m[NR_MAC] [245.0] Received TA_COMMAND 30 TAGID 0 CC_id 0 
[0m[NR_MAC] [246.1] Received TA_COMMAND 30 TAGID 0 CC_id 0 
[0m[NR_MAC] UE 0 RNTI 556a stats sfn: 256.4, cumulated bad DCI 0
    DL harq: 50/21/21/21/0
    UL harq: 277/274/216/169/1 avg code rate 0.1, avg bit/symbol 2.0, avg per TB: (nb RBs 5.0, nb symbols 13.0)
[0m[NR_MAC] [343.0] Received TA_COMMAND 30 TAGID 0 CC_id 0 
[0m[NR_MAC] [344.1] Received TA_COMMAND 30 TAGID 0 CC_id 0 
[0m[NR_MAC] [345.0] Received TA_COMMAND 30 TAGID 0 CC_id 0 
[0m[NR_MAC] [346.1] Received TA_COMMAND 30 TAGID 0 CC_id 0 
[0m[NR_MAC] UE 0 RNTI 556a stats sfn: 384.4, cumulated bad DCI 0
    DL harq: 51/22/22/22/0
    UL harq: 286/283/226/179/1 avg code rate 0.1, avg bit/symbol 2.0, avg per TB: (nb RBs 5.0, nb symbols 13.0)
[0m[NR_MAC] [443.0] Received TA_COMMAND 30 TAGID 0 CC_id 0 
[0m[NR_MAC] [444.1] Received TA_COMMAND 30 TAGID 0 CC_id 0 
[0m[NR_MAC] [445.0] Received TA_COMMAND 30 TAGID 0 CC_id 0 
[0m[NR_MAC] [446.1] Received TA_COMMAND 30 TAGID 0 CC_id 0 
[0m[NR_MAC] UE 0 RNTI 556a stats sfn: 512.4, cumulated bad DCI 0
    DL harq: 52/23/23/23/0
    UL harq: 296/293/236/189/1 avg code rate 0.1, avg bit/symbol 2.0, avg per TB: (nb RBs 5.0, nb symbols 13.0)
[0m[NR_MAC] [543.0] Received TA_COMMAND 30 TAGID 0 CC_id 0 
[0m[NR_MAC] [544.1] Received TA_COMMAND 30 TAGID 0 CC_id 0 
[0m[NR_MAC] [545.0] Received TA_COMMAND 30 TAGID 0 CC_id 0 
[0m[NR_MAC] [546.1] Received TA_COMMAND 30 TAGID 0 CC_id 0 
[0m[NR_MAC] UE 0 RNTI 556a stats sfn: 640.4, cumulated bad DCI 0
    DL harq: 53/24/24/24/0
    UL harq: 310/307/250/203/1 avg code rate 0.1, avg bit/symbol 2.0, avg per TB: (nb RBs 5.0, nb symbols 13.0)
[0m[NR_MAC] [643.0] Received TA_COMMAND 29 TAGID 0 CC_id 0 
[0m[NR_MAC] [644.1] Received TA_COMMAND 29 TAGID 0 CC_id 0 
[0m[NR_MAC] [645.0] Received TA_COMMAND 29 TAGID 0 CC_id 0 
[0m[NR_MAC] [646.1] Received TA_COMMAND 29 TAGID 0 CC_id 0 
[0m[NR_MAC] [743.0] Received TA_COMMAND 30 TAGID 0 CC_id 0 
[0m[NR_MAC] [744.1] Received TA_COMMAND 30 TAGID 0 CC_id 0 
[0m[NR_MAC] [745.0] Received TA_COMMAND 30 TAGID 0 CC_id 0 
[0m[NR_MAC] [746.1] Received TA_COMMAND 30 TAGID 0 CC_id 0 
[0m[NR_MAC] UE 0 RNTI 556a stats sfn: 768.4, cumulated bad DCI 0
    DL harq: 55/26/26/26/0
    UL harq: 320/317/260/213/1 avg code rate 0.1, avg bit/symbol 2.0, avg per TB: (nb RBs 5.0, nb symbols 13.0)
[0m[NR_MAC] [843.0] Received TA_COMMAND 30 TAGID 0 CC_id 0 
[0m[NR_MAC] [844.1] Received TA_COMMAND 30 TAGID 0 CC_id 0 
[0m[NR_MAC] [845.0] Received TA_COMMAND 30 TAGID 0 CC_id 0 
[0m[NR_MAC] [846.1] Received TA_COMMAND 30 TAGID 0 CC_id 0 
[0m[NR_MAC] UE 0 RNTI 556a stats sfn: 896.4, cumulated bad DCI 0
    DL harq: 56/27/27/27/0
    UL harq: 333/329/272/225/1 avg code rate 0.1, avg bit/symbol 2.0, avg per TB: (nb RBs 5.0, nb symbols 13.0)
[0m[NR_MAC] UE 0 RNTI 556a stats sfn: 0.4, cumulated bad DCI 0
    DL harq: 57/28/28/28/0
    UL harq: 348/345/288/241/1 avg code rate 0.1, avg bit/symbol 2.0, avg per TB: (nb RBs 5.0, nb symbols 13.0)
[0m[NR_MAC] [119.0] Received TA_COMMAND 30 TAGID 0 CC_id 0 
[0m[NR_MAC] [120.1] Received TA_COMMAND 30 TAGID 0 CC_id 0 
[0m[NR_MAC] [121.0] Received TA_COMMAND 30 TAGID 0 CC_id 0 
[0m[NR_MAC] [122.1] Received TA_COMMAND 30 TAGID 0 CC_id 0 
[0m[NR_MAC] UE 0 RNTI 556a stats sfn: 128.4, cumulated bad DCI 0
    DL harq: 59/30/30/30/0
    UL harq: 363/360/303/256/1 avg code rate 0.1, avg bit/symbol 2.0, avg per TB: (nb RBs 5.0, nb symbols 13.0)
[0m[NR_MAC] [219.0] Received TA_COMMAND 30 TAGID 0 CC_id 0 
[0m[NR_MAC] [220.1] Received TA_COMMAND 30 TAGID 0 CC_id 0 
[0m[NR_MAC] [221.0] Received TA_COMMAND 30 TAGID 0 CC_id 0 
[0m[NR_MAC] [222.1] Received TA_COMMAND 30 TAGID 0 CC_id 0 
[0m[NR_MAC] UE 0 RNTI 556a stats sfn: 256.4, cumulated bad DCI 0
    DL harq: 60/31/31/31/0
    UL harq: 376/373/315/268/1 avg code rate 0.1, avg bit/symbol 2.0, avg per TB: (nb RBs 5.0, nb symbols 13.0)
[0m[NR_MAC] [319.0] Received TA_COMMAND 30 TAGID 0 CC_id 0 
[0m[NR_MAC] [320.1] Received TA_COMMAND 30 TAGID 0 CC_id 0 
[0m[NR_MAC] [321.0] Received TA_COMMAND 30 TAGID 0 CC_id 0 
[0m[NR_MAC] [322.1] Received TA_COMMAND 30 TAGID 0 CC_id 0 
[0m[NR_MAC] UE 0 RNTI 556a stats sfn: 384.4, cumulated bad DCI 0
    DL harq: 61/32/32/32/0
    UL harq: 389/386/328/281/1 avg code rate 0.1, avg bit/symbol 2.0, avg per TB: (nb RBs 5.0, nb symbols 13.0)
[0m[NR_MAC] [419.0] Received TA_COMMAND 30 TAGID 0 CC_id 0 
[0m[NR_MAC] [420.1] Received TA_COMMAND 30 TAGID 0 CC_id 0 
[0m[NR_MAC] [421.0] Received TA_COMMAND 30 TAGID 0 CC_id 0 
[0m[NR_MAC] [422.1] Received TA_COMMAND 30 TAGID 0 CC_id 0 
[0m[NR_MAC] UE 0 RNTI 556a stats sfn: 512.4, cumulated bad DCI 0
    DL harq: 62/33/33/33/0
    UL harq: 398/395/338/291/1 avg code rate 0.1, avg bit/symbol 2.0, avg per TB: (nb RBs 5.0, nb symbols 13.0)
[0m[NR_MAC] [519.0] Received TA_COMMAND 30 TAGID 0 CC_id 0 
[0m[NR_MAC] [520.1] Received TA_COMMAND 30 TAGID 0 CC_id 0 
[0m[NR_MAC] [521.0] Received TA_COMMAND 30 TAGID 0 CC_id 0 
[0m[NR_MAC] [522.1] Received TA_COMMAND 30 TAGID 0 CC_id 0 
[0m[NR_MAC] [619.0] Received TA_COMMAND 30 TAGID 0 CC_id 0 
[0m[NR_MAC] [620.1] Received TA_COMMAND 30 TAGID 0 CC_id 0 
[0m[NR_MAC] [621.0] Received TA_COMMAND 30 TAGID 0 CC_id 0 
[0m[NR_MAC] [622.1] Received TA_COMMAND 30 TAGID 0 CC_id 0 
[0m[NR_MAC] UE 0 RNTI 556a stats sfn: 640.4, cumulated bad DCI 0
    DL harq: 64/35/35/35/0
    UL harq: 408/405/348/301/1 avg code rate 0.1, avg bit/symbol 2.0, avg per TB: (nb RBs 5.0, nb symbols 13.0)
[0m