Logging terminal output to /home/jesse/oran_lab/logs/run_ue/run_ue_20260525_211114_pid637794.log
UE cores: 20,21,22,23
UE sample advance: 0
VRTSIM shared memory is ready; starting UE without waiting for non-zero DL samples.
CMDLINE: "./nr-uesoftmodem" "-O" "/home/jesse/oran_lab/ue_test.conf" "-C" "4049760000" "-r" "24" "--numerology" "1" "--band" "77" "--ssb" "24" "-A" "0" "--device.name" "vrtsim" "--vrtsim.role" "client" "--ue-nb-ant-tx" "1" "--ue-nb-ant-rx" "1" 
[UTIL]   running in SA mode (no --phy-test, --do-ra, --nsa option present)
[0m[UTIL]   threadCreate() for Tpool0_-1: creating thread with affinity ffffffff, priority 97
[0m[UTIL]   threadCreate() for Tpool1_-1: creating thread with affinity ffffffff, priority 97
[0m[UTIL]   threadCreate() for Tpool2_-1: creating thread with affinity ffffffff, priority 97
[0m[UTIL]   threadCreate() for Tpool3_-1: creating thread with affinity ffffffff, priority 97
[0m[UTIL]   threadCreate() for Tpool4_-1: creating thread with affinity ffffffff, priority 97
[0m[UTIL]   threadCreate() for Tpool5_-1: creating thread with affinity ffffffff, priority 97
[0m[UTIL]   threadCreate() for Tpool6_-1: creating thread with affinity ffffffff, priority 97
[0m[UTIL]   threadCreate() for Tpool7_-1: creating thread with affinity ffffffff, priority 97
[0m[UTIL]   threadCreate() for Tpool8_-1: creating thread with affinity ffffffff, priority 97
[0m[UTIL]   threadCreate() for Tpool9_-1: creating thread with affinity ffffffff, priority 97
[0m[UTIL]   threadCreate() for Tpool10_-1: creating thread with affinity ffffffff, priority 97
[0m[UTIL]   threadCreate() for Tpool11_-1: creating thread with affinity ffffffff, priority 97
[0m[OPT]    OPT disabled
[0m[HW]     Version: Branch: oru-rebase-1-plus-compression Abrev. Hash: dae942c616 Date: Fri May 15 22:54:55 2026 +0000
[0m[NR_RRC] create TASK_RRC_NRUE 
[0m[UTIL]   threadCreate() for TASK_RRC_NRUE: creating thread with affinity ffffffff, priority 50
[0m[UTIL]   threadCreate() for TASK_NAS_NRUE: creating thread with affinity ffffffff, priority 50
[0m[SIM]    UICC simulation: IMSI=2089900007487, IMEISV=6754567890123413, Ki=fec86ba6eb707ed08905757b1bb44b8f, OPc=C42449363BBAD02B66D16BC975D77CC1
[0m[SIM]    overriding potential uicc0.dnn/nssai_sst/nssai_sd from uicc0.pdu_sessions
[0m[SIM]    will request PDU session ID 1, type 1, DNN oai, NSSAI 1.ffffff
[0m[NR_MAC] [UE0] Initializing MAC
[0m[NR_MAC] Initializing dl and ul config_request. num_slots = 20
[0m[RLC]    Activated srb0 for UE 0
[0m[UTIL]   threadCreate() for time source realtime: creating thread with affinity ffffffff, priority 2
[0m[UTIL]   time manager configuration: [time source: reatime] [mode: standalone] [server IP: 127.0.0.1} [server port: 7374] (server IP/port not used)
[0m[PHY]    Set UE nb_rx_antenna 1, nb_tx_antenna 1, threequarter_fs 0, ofdm_offset_divisor 8
[0m[PHY]    SA init parameters. DL freq 4049760000 UL offset 0 SSB numerology 1 N_RB_DL 24
[0m[PHY]    Init: N_RB_DL 24, first_carrier_offset 368, nb_prefix_samples 36,nb_prefix_samples0 44, ofdm_symbol_size 512
[0m[93m[PHY]    samples_per_subframe 15360/per second 15360000, wCP 14336
[0m[PHY]    Set UE_fo_compensation 0, UE_scan_carrier 0, UE_no_timing_correction 0 
, chest-freq 0, chest-time 0
[0m[UTIL]   threadCreate() for SYNC__actor: creating thread with affinity ffffffff, priority 97
[0m[UTIL]   threadCreate() for DL__actor: creating thread with affinity ffffffff, priority 97
[0m[UTIL]   threadCreate() for DL__actor: creating thread with affinity ffffffff, priority 97
[0m[UTIL]   threadCreate() for DL__actor: creating thread with affinity ffffffff, priority 97
[0m[UTIL]   threadCreate() for DL__actor: creating thread with affinity ffffffff, priority 97
[0m[UTIL]   threadCreate() for UL__actor: creating thread with affinity ffffffff, priority 97
[0m[UTIL]   threadCreate() for UL__actor: creating thread with affinity ffffffff, priority 97
[0m[PHY]    Initializing UE vars for gNB TXant 1, UE RXant 1
[0m[PHY]    prs_config configuration NOT found..!! Skipped configuring UE for the PRS reception
[0m[PHY]    HW: Configuring ru_id 0, sample_rate 15360000.000000, tx/rx num_channels 1/1, duplex_mode TDD
[0m[PHY]    HW: Configuring channel 0 (rf_chain 0): setting tx_freq 4049760000 Hz, rx_freq 4049760000 Hz, tune_offset 0
[0m[PHY]    HW: Configuring channel 0 (rf_chain 0): setting tx_gain 0, rx_gain 110
[0m[UTIL]   threadCreate() for ru_start_thread: creating thread with affinity ffffffff, priority 97
[0m[HW]     VRTSIM: TX sample advance 4096 samples
[0m[HW]     Running as client: will connect to a vrtsim server
[0m[HW]     [RAU] has loaded RFSIMULATOR device.
[0m[HW]     VRTSIM: UE 0/1 - 1x1 antennas, UL offset=0, DL offset=0
[0m[HW]     VRTSIM: client RX aligned to frame boundary current_sample=19445029210 aligned_sample=19445145600 samples_per_frame=153600
[0m[PHY]    Intializing UE Threads for instance 0 ...
[0m[UTIL]   threadCreate() for UEthread_0: creating thread with affinity ffffffff, priority 97
[0m[UTIL]   threadCreate() for L1_UE_stats_0: creating thread with affinity ffffffff, priority 1
[0m[93m[PHY]    SSB position provided
[0m[93m[NR_PHY] Starting sync detection
[0m[PHY]    [UE thread Synch] Running Initial Synch 
[0m[NR_PHY] Starting cell search with center freq: 4049760000, bandwidth: 24. Scanning for 1 number of GSCN.
[0m[NR_PHY] Scanning GSCN: 0, with SSB offset: 24, SSB Freq: 0.000000
[0m[32m[PHY]    Initial sync: pbch decoded sucessfully, ssb index 0
[0m[PHY]    pbch rx ok. rsrp:74 dB/RE, adjust_rxgain:-24 dB
[0m[NR_PHY] Cell Detected with GSCN: 0, SSB SC offset: 24, SSB Ref: 0.000000, PSS Corr peak: 113 dB, PSS Corr Average: 80
[0m[PHY]    [UE0] In synch, rx_offset 81024 samples
[0m[PHY]    [UE 0] Measured Carrier Frequency offset 13 Hz
[0m[32m[PHY]    Initial sync successful, PCI: 0
[0m[PHY]    HW: Configuring channel 0 (rf_chain 0): setting tx_freq 4049760013 Hz, rx_freq 4049760013 Hz, tune_offset 0
[0m[PHY]    Got synch: hw_slot_offset 21, carrier off 13 Hz
[0m[NR_RRC] [UE 0] BCCH update: phyCellID 0->0, arfcn_ssb 0->669984
[0m[32m[PHY]    UE synchronized! decoded_frame_rx=1004 UE->init_sync_frame=1 trashed_frames=2
[0m[PHY]    Resynchronizing RX by 81024 samples
[0m[HW]     received write reorder clear context
[0m[PHY]    max_pos_acc = 0, shiftForNextFrame = 0
[0m[PHY]    LDPC_LLR_DIAG rv=0 Z=88 E=1512 A=808: ulsch_llr[0..7]=111,99,-103,120,-100,-101,-103,-94 int16_z[2Z..2Z+7]=111,-103,-100,-103,86,-109,-108,123 int8_l[2Z..2Z+7]=111,-103,-100,-103,86,-109,-108,123
[0m[32m[NR_RRC] SIB1 decoded
[0m[NR_MAC] [UE 0] Initial cell selection: dl_frequency=4045440 kHz (from command-line, band=77, scs=1)
[0m[NR_MAC] Initial cell selection: uplink_frequency=4045440 kHz (from dl_frequency=4045440 kHz)
[0m[NR_MAC] TDD period index = 5, based on the sum of dl_UL_TransmissionPeriodicity from Pattern1 (2.500000 ms) and Pattern2 (0.000000 ms): Total = 2.500000 ms
[0m[NR_MAC] Set TDD configuration period to: 4 DL slots, 2 UL slots, 5 slots per period (NR_TDD_UL_DL_Pattern is 3 DL slots, 1 UL slots, 6 DL symbols, 4 UL symbols)
[0m[NR_MAC] Configured 1 TDD patterns (total slots: pattern1 = 5, pattern2 = 0)
[0m[PHY]    N_TA_offset changed from 0 to 200
[0m[MAC]    Initialization of 4-Step CBRA procedure
[0m[NR_MAC] PRACH scheduler: Selected RO Frame 1008, Slot 19, Symbol 0, Fdm 0
[0m[PHY]    PRACH [UE 0] in frame.slot 1008.19, placing PRACH in position 740, Msg1/MsgA-Preamble frequency start 0 (k1 0), preamble_offset 7, first_nonzero_root_idx 0, preambleIndex = 7
[0m[PHY]    LDPC_LLR_DIAG rv=0 Z=28 E=1728 A=208: ulsch_llr[0..7]=-142,-160,127,-154,142,136,-157,151 int16_z[2Z..2Z+7]=-302,290,304,-323,-307,-288,300,-316 int8_l[2Z..2Z+7]=-128,127,127,-128,-128,-128,127,-128
[0m[PHY]    [UE 0] RAR-Msg2 decoded
[0m[NR_MAC] [UE 0][RAPROC][RA-RNTI 010b] Got BI RAR subPDU 5 ms
[0m[NR_MAC] [UE 0][RAPROC][RA-RNTI 010b] Got RAPID RAR subPDU
[0m[32m[NR_MAC] [UE 0][RAPROC][1009.10] Found RAR with the intended RAPID 7
[0m[93m[MAC]    received TA command 31
[0m[32m[NR_MAC] [RAPROC][1009.18] RA-Msg3 transmitted
[0m[NR_MAC] [RAPROC][1010.18] RA-Msg3 retransmitted
[0m[PHY]    LDPC_LLR_DIAG rv=0 Z=176 E=5184 A=1608: ulsch_llr[0..7]=59,64,87,76,82,58,81,91 int16_z[2Z..2Z+7]=59,87,82,81,115,81,86,84 int8_l[2Z..2Z+7]=59,87,82,81,115,81,86,84
[0m[32m[NR_MAC] [UE 0][1011.10][RAPROC] 4-Step RA procedure succeeded. CBRA: Contention Resolution is successful.
[0m[NR_RRC] [UE0][RAPROC] Logical Channel DL-CCCH (SRB0), Received NR_RRCSetup
[0m[RLC]    Added srb 1 to UE 0
[0m[NR_RRC] State = NR_RRC_CONNECTED
[0m[NAS]    Generate Initial NAS Message: Registration Request
[0m[NR_RRC] [UE 0][RAPROC] Logical Channel UL-DCCH (SRB1), Generating RRCSetupComplete (bytes32)
[0m[NAS]    [UE 0] Received NR_NAS_CONN_ESTABLISH_IND: asCause 0
[0m[MAC]    [UE 0] Applying CellGroupConfig from gNodeB
[0m[NR_MAC] UE 0 RNTI 9d35 stats sfn: 0.4, cumulated bad DCI 0
    DL harq: 1/0/0/0
    UL harq: 6/4/4/4 avg code rate 0.7, avg bit/symbol 2.0, avg per TB: (nb RBs 5.3, nb symbols 11.9)
[0m[1;31m[RLC]    max RETX reached on SRB 1
[0m[93m[NR_RRC] [UE 0 ID 0] Received indication that RLC reached max retransmissions
[0m[RLC]    Released RLC entity: ue_id=0, lc_id=1
[0m[NR_RRC] RRC moved into IDLE state
[0m[NAS]    [UE 0] Received NR_NAS_CONN_RELEASE_IND: cause OTHER
[0m[NR_MAC] [UE0] Initializing MAC
[0m[93m[PHY]    SSB position provided
[0m[93m[NR_PHY] Starting sync detection
[0m[PHY]    [UE thread Synch] Running Initial Synch 
[0m[NR_PHY] Starting cell search with center freq: 4049760000, bandwidth: 24. Scanning for 1 number of GSCN.
[0m[NR_PHY] Scanning GSCN: 0, with SSB offset: 24, SSB Freq: 0.000000
[0m[32m[PHY]    Initial sync: pbch decoded sucessfully, ssb index 0
[0m[PHY]    pbch rx ok. rsrp:74 dB/RE, adjust_rxgain:-24 dB
[0m[NR_PHY] Cell Detected with GSCN: 0, SSB SC offset: 24, SSB Ref: 0.000000, PSS Corr peak: 116 dB, PSS Corr Average: 80
[0m[PHY]    [UE0] In synch, rx_offset 22484 samples
[0m[PHY]    [UE 0] Measured Carrier Frequency offset -16 Hz
[0m[32m[PHY]    Initial sync successful, PCI: 0
[0m[PHY]    HW: Configuring channel 0 (rf_chain 0): setting tx_freq 4049759984 Hz, rx_freq 4049759984 Hz, tune_offset 0
[0m[PHY]    Got synch: hw_slot_offset 6, carrier off -16 Hz
[0m[32m[PHY]    UE synchronized! decoded_frame_rx=42 UE->init_sync_frame=1 trashed_frames=2
[0m[PHY]    Resynchronizing RX by 22484 samples
[0m[HW]     received write reorder clear context
[0m[PHY]    max_pos_acc = -21, shiftForNextFrame = 0
[0m[PHY]    LDPC_LLR_DIAG rv=0 Z=88 E=1512 A=808: ulsch_llr[0..7]=109,100,-102,120,-98,-101,-101,-95 int16_z[2Z..2Z+7]=109,-102,-98,-101,85,-108,-107,121 int8_l[2Z..2Z+7]=109,-102,-98,-101,85,-108,-107,121
[0m[32m[NR_RRC] SIB1 decoded
[0m[NR_MAC] [UE 0] Initial cell selection: dl_frequency=4045440 kHz (from command-line, band=77, scs=1)
[0m[NR_MAC] Initial cell selection: uplink_frequency=4045440 kHz (from dl_frequency=4045440 kHz)
[0m[NR_MAC] TDD period index = 5, based on the sum of dl_UL_TransmissionPeriodicity from Pattern1 (2.500000 ms) and Pattern2 (0.000000 ms): Total = 2.500000 ms
[0m[NR_MAC] Set TDD configuration period to: 4 DL slots, 2 UL slots, 5 slots per period (NR_TDD_UL_DL_Pattern is 3 DL slots, 1 UL slots, 6 DL symbols, 4 UL symbols)
[0m[NR_MAC] Configured 1 TDD patterns (total slots: pattern1 = 5, pattern2 = 0)
[0m[MAC]    Initialization of 4-Step CBRA procedure
[0m[NR_MAC] PRACH scheduler: Selected RO Frame 46, Slot 19, Symbol 0, Fdm 0
[0m[PHY]    PRACH [UE 0] in frame.slot 46.19, placing PRACH in position 740, Msg1/MsgA-Preamble frequency start 0 (k1 0), preamble_offset 1, first_nonzero_root_idx 0, preambleIndex = 1
[0m[PHY]    LDPC_LLR_DIAG rv=0 Z=28 E=1728 A=208: ulsch_llr[0..7]=-138,-157,140,-163,137,131,146,-147 int16_z[2Z..2Z+7]=-290,291,289,312,315,323,313,-308 int8_l[2Z..2Z+7]=-128,127,127,127,127,127,127,-128
[0m[PHY]    [UE 0] RAR-Msg2 decoded
[0m[NR_MAC] [UE 0][RAPROC][RA-RNTI 010b] Got BI RAR subPDU 5 ms
[0m[NR_MAC] [UE 0][RAPROC][RA-RNTI 010b] Got RAPID RAR subPDU
[0m[32m[NR_MAC] [UE 0][RAPROC][47.10] Found RAR with the intended RAPID 1
[0m[93m[MAC]    received TA command 31
[0m[32m[NR_MAC] [RAPROC][47.18] RA-Msg3 transmitted
[0m[NR_MAC] [RAPROC][48.18] RA-Msg3 retransmitted
[0m[NR_MAC] [RAPROC][49.18] RA-Msg3 retransmitted
[0m[PHY]    LDPC_LLR_DIAG rv=0 Z=176 E=5184 A=1608: ulsch_llr[0..7]=80,99,92,53,61,89,99,82 int16_z[2Z..2Z+7]=80,92,61,99,83,107,57,74 int8_l[2Z..2Z+7]=80,92,61,99,83,107,57,74
[0m[32m[NR_MAC] [UE 0][50.10][RAPROC] 4-Step RA procedure succeeded. CBRA: Contention Resolution is successful.
[0m[NR_RRC] [UE0][RAPROC] Logical Channel DL-CCCH (SRB0), Received NR_RRCSetup
[0m[RLC]    Added srb 1 to UE 0
[0m[NR_RRC] State = NR_RRC_CONNECTED
[0m[NAS]    Generate Initial NAS Message: Registration Request
[0m[NR_RRC] [UE 0][RAPROC] Logical Channel UL-DCCH (SRB1), Generating RRCSetupComplete (bytes32)
[0m[NAS]    [UE 0] Received NR_NAS_CONN_ESTABLISH_IND: asCause 0
[0m[MAC]    [UE 0] Applying CellGroupConfig from gNodeB
[0m[1;31m[RLC]    max RETX reached on SRB 1
[0m[93m[NR_RRC] [UE 0 ID 0] Received indication that RLC reached max retransmissions
[0m[RLC]    Released RLC entity: ue_id=0, lc_id=1
[0m[NR_RRC] RRC moved into IDLE state
[0m[NAS]    [UE 0] Received NR_NAS_CONN_RELEASE_IND: cause OTHER
[0m[NR_MAC] [UE0] Initializing MAC
[0m[93m[PHY]    SSB position provided
[0m[93m[NR_PHY] Starting sync detection
[0m[PHY]    [UE thread Synch] Running Initial Synch 
[0m[NR_PHY] Starting cell search with center freq: 4049760000, bandwidth: 24. Scanning for 1 number of GSCN.
[0m[NR_PHY] Scanning GSCN: 0, with SSB offset: 24, SSB Freq: 0.000000
[0m[32m[PHY]    Initial sync: pbch decoded sucessfully, ssb index 0
[0m[PHY]    pbch rx ok. rsrp:74 dB/RE, adjust_rxgain:-24 dB
[0m[NR_PHY] Cell Detected with GSCN: 0, SSB SC offset: 24, SSB Ref: 0.000000, PSS Corr peak: 117 dB, PSS Corr Average: 80
[0m[PHY]    [UE0] In synch, rx_offset 22484 samples
[0m[PHY]    [UE 0] Measured Carrier Frequency offset -44 Hz
[0m[32m[PHY]    Initial sync successful, PCI: 0
[0m[PHY]    HW: Configuring channel 0 (rf_chain 0): setting tx_freq 4049759956 Hz, rx_freq 4049759956 Hz, tune_offset 0
[0m[PHY]    Got synch: hw_slot_offset 6, carrier off -44 Hz
[0m[32m[PHY]    UE synchronized! decoded_frame_rx=106 UE->init_sync_frame=0 trashed_frames=2
[0m[PHY]    Resynchronizing RX by 22484 samples
[0m[HW]     received write reorder clear context
[0m[PHY]    max_pos_acc = -36, shiftForNextFrame = 0
[0m[PHY]    LDPC_LLR_DIAG rv=0 Z=88 E=1512 A=808: ulsch_llr[0..7]=105,104,-99,123,-97,-103,-101,-96 int16_z[2Z..2Z+7]=105,-99,-97,-101,84,-107,-108,124 int8_l[2Z..2Z+7]=105,-99,-97,-101,84,-107,-108,124
[0m[32m[NR_RRC] SIB1 decoded
[0m[NR_MAC] [UE 0] Initial cell selection: dl_frequency=4045440 kHz (from command-line, band=77, scs=1)
[0m[NR_MAC] Initial cell selection: uplink_frequency=4045440 kHz (from dl_frequency=4045440 kHz)
[0m[NR_MAC] TDD period index = 5, based on the sum of dl_UL_TransmissionPeriodicity from Pattern1 (2.500000 ms) and Pattern2 (0.000000 ms): Total = 2.500000 ms
[0m[NR_MAC] Set TDD configuration period to: 4 DL slots, 2 UL slots, 5 slots per period (NR_TDD_UL_DL_Pattern is 3 DL slots, 1 UL slots, 6 DL symbols, 4 UL symbols)
[0m[NR_MAC] Configured 1 TDD patterns (total slots: pattern1 = 5, pattern2 = 0)
[0m[MAC]    Initialization of 4-Step CBRA procedure
[0m[NR_MAC] PRACH scheduler: Selected RO Frame 110, Slot 19, Symbol 0, Fdm 0
[0m[PHY]    PRACH [UE 0] in frame.slot 110.19, placing PRACH in position 740, Msg1/MsgA-Preamble frequency start 0 (k1 0), preamble_offset 18, first_nonzero_root_idx 0, preambleIndex = 18
[0m[PHY]    LDPC_LLR_DIAG rv=0 Z=28 E=1728 A=208: ulsch_llr[0..7]=-156,-151,140,-148,-159,-163,156,-152 int16_z[2Z..2Z+7]=-327,309,-315,321,298,321,304,286 int8_l[2Z..2Z+7]=-128,127,-128,127,127,127,127,127
[0m[PHY]    [UE 0] RAR-Msg2 decoded
[0m[NR_MAC] [UE 0][RAPROC][RA-RNTI 010b] Got BI RAR subPDU 5 ms
[0m[NR_MAC] [UE 0][RAPROC][RA-RNTI 010b] Got RAPID RAR subPDU
[0m[32m[NR_MAC] [UE 0][RAPROC][111.10] Found RAR with the intended RAPID 18
[0m[93m[MAC]    received TA command 31
[0m[32m[NR_MAC] [RAPROC][111.18] RA-Msg3 transmitted
[0m[NR_MAC] [RAPROC][112.18] RA-Msg3 retransmitted
[0m[NR_MAC] [RAPROC][113.18] RA-Msg3 retransmitted
[0m[NR_MAC] [RAPROC][114.18] RA-Msg3 retransmitted
[0m[32m[NR_MAC] [UE 0][115.10][RAPROC] 4-Step RA procedure succeeded. CBRA: Contention Resolution is successful.
[0m[NR_RRC] [UE0][RAPROC] Logical Channel DL-CCCH (SRB0), Received NR_RRCSetup
[0m[RLC]    Added srb 1 to UE 0
[0m[NR_RRC] State = NR_RRC_CONNECTED
[0m[NAS]    Generate Initial NAS Message: Registration Request
[0m[NR_RRC] [UE 0][RAPROC] Logical Channel UL-DCCH (SRB1), Generating RRCSetupComplete (bytes32)
[0m[NAS]    [UE 0] Received NR_NAS_CONN_ESTABLISH_IND: asCause 0
[0m[MAC]    [UE 0] Applying CellGroupConfig from gNodeB
[0m[NR_MAC] UE 0 RNTI a061 stats sfn: 128.4, cumulated bad DCI 0
    DL harq: 3/0/0/0
    UL harq: 47/43/42/41 avg code rate 0.7, avg bit/symbol 2.0, avg per TB: (nb RBs 5.2, nb symbols 12.5)
[0m[1;31m[RLC]    max RETX reached on SRB 1
[0m[93m[NR_RRC] [UE 0 ID 0] Received indication that RLC reached max retransmissions
[0m[RLC]    Released RLC entity: ue_id=0, lc_id=1
[0m[NR_RRC] RRC moved into IDLE state
[0m[NAS]    [UE 0] Received NR_NAS_CONN_RELEASE_IND: cause OTHER
[0m[NR_MAC] [UE0] Initializing MAC
[0m[93m[PHY]    SSB position provided
[0m[93m[NR_PHY] Starting sync detection
[0m[PHY]    [UE thread Synch] Running Initial Synch 
[0m[NR_PHY] Starting cell search with center freq: 4049760000, bandwidth: 24. Scanning for 1 number of GSCN.
[0m[NR_PHY] Scanning GSCN: 0, with SSB offset: 24, SSB Freq: 0.000000
[0m[32m[PHY]    Initial sync: pbch decoded sucessfully, ssb index 0
[0m[PHY]    pbch rx ok. rsrp:74 dB/RE, adjust_rxgain:-24 dB
[0m[NR_PHY] Cell Detected with GSCN: 0, SSB SC offset: 24, SSB Ref: 0.000000, PSS Corr peak: 117 dB, PSS Corr Average: 80
[0m[PHY]    [UE0] In synch, rx_offset 99284 samples
[0m[PHY]    [UE 0] Measured Carrier Frequency offset 2 Hz
[0m[32m[PHY]    Initial sync successful, PCI: 0
[0m[PHY]    HW: Configuring channel 0 (rf_chain 0): setting tx_freq 4049760002 Hz, rx_freq 4049760002 Hz, tune_offset 0
[0m[PHY]    Got synch: hw_slot_offset 26, carrier off 2 Hz
[0m[32m[PHY]    UE synchronized! decoded_frame_rx=172 UE->init_sync_frame=0 trashed_frames=2
[0m[PHY]    Resynchronizing RX by 99284 samples
[0m[HW]     received write reorder clear context
[0m[PHY]    max_pos_acc = -54, shiftForNextFrame = 0
[0m[32m[NR_RRC] SIB1 decoded
[0m[NR_MAC] [UE 0] Initial cell selection: dl_frequency=4045440 kHz (from command-line, band=77, scs=1)
[0m[NR_MAC] Initial cell selection: uplink_frequency=4045440 kHz (from dl_frequency=4045440 kHz)
[0m[NR_MAC] TDD period index = 5, based on the sum of dl_UL_TransmissionPeriodicity from Pattern1 (2.500000 ms) and Pattern2 (0.000000 ms): Total = 2.500000 ms
[0m[NR_MAC] Set TDD configuration period to: 4 DL slots, 2 UL slots, 5 slots per period (NR_TDD_UL_DL_Pattern is 3 DL slots, 1 UL slots, 6 DL symbols, 4 UL symbols)
[0m[NR_MAC] Configured 1 TDD patterns (total slots: pattern1 = 5, pattern2 = 0)
[0m[MAC]    Initialization of 4-Step CBRA procedure
[0m[NR_MAC] PRACH scheduler: Selected RO Frame 176, Slot 19, Symbol 0, Fdm 0
[0m[PHY]    PRACH [UE 0] in frame.slot 176.19, placing PRACH in position 740, Msg1/MsgA-Preamble frequency start 0 (k1 0), preamble_offset 36, first_nonzero_root_idx 0, preambleIndex = 36
[0m[PHY]    [UE 0] RAR-Msg2 decoded
[0m[NR_MAC] [UE 0][RAPROC][RA-RNTI 010b] Got BI RAR subPDU 5 ms
[0m[NR_MAC] [UE 0][RAPROC][RA-RNTI 010b] Got RAPID RAR subPDU
[0m[32m[NR_MAC] [UE 0][RAPROC][177.10] Found RAR with the intended RAPID 36
[0m[93m[MAC]    received TA command 31
[0m[32m[NR_MAC] [RAPROC][177.18] RA-Msg3 transmitted
[0m[NR_MAC] [RAPROC][178.18] RA-Msg3 retransmitted
[0m[32m[NR_MAC] [UE 0][179.10][RAPROC] 4-Step RA procedure succeeded. CBRA: Contention Resolution is successful.
[0m[NR_RRC] [UE0][RAPROC] Logical Channel DL-CCCH (SRB0), Received NR_RRCSetup
[0m[RLC]    Added srb 1 to UE 0
[0m[NR_RRC] State = NR_RRC_CONNECTED
[0m[NAS]    Generate Initial NAS Message: Registration Request
[0m[NR_RRC] [UE 0][RAPROC] Logical Channel UL-DCCH (SRB1), Generating RRCSetupComplete (bytes32)
[0m[NAS]    [UE 0] Received NR_NAS_CONN_ESTABLISH_IND: asCause 0
[0m[MAC]    [UE 0] Applying CellGroupConfig from gNodeB
[0m[1;31m[RLC]    max RETX reached on SRB 1
[0m[93m[NR_RRC] [UE 0 ID 0] Received indication that RLC reached max retransmissions
[0m[RLC]    Released RLC entity: ue_id=0, lc_id=1
[0m[NR_RRC] RRC moved into IDLE state
[0m[NAS]    [UE 0] Received NR_NAS_CONN_RELEASE_IND: cause OTHER
[0m[NR_MAC] [UE0] Initializing MAC
[0m[93m[PHY]    SSB position provided
[0m[93m[NR_PHY] Starting sync detection
[0m[PHY]    [UE thread Synch] Running Initial Synch 
[0m[NR_PHY] Starting cell search with center freq: 4049760000, bandwidth: 24. Scanning for 1 number of GSCN.
[0m[NR_PHY] Scanning GSCN: 0, with SSB offset: 24, SSB Freq: 0.000000
[0m[32m[PHY]    Initial sync: pbch decoded sucessfully, ssb index 0
[0m[PHY]    pbch rx ok. rsrp:74 dB/RE, adjust_rxgain:-24 dB
[0m[NR_PHY] Cell Detected with GSCN: 0, SSB SC offset: 24, SSB Ref: 0.000000, PSS Corr peak: 116 dB, PSS Corr Average: 80
[0m[PHY]    [UE0] In synch, rx_offset 99284 samples
[0m[PHY]    [UE 0] Measured Carrier Frequency offset 7 Hz
[0m[32m[PHY]    Initial sync successful, PCI: 0
[0m[PHY]    HW: Configuring channel 0 (rf_chain 0): setting tx_freq 4049760007 Hz, rx_freq 4049760007 Hz, tune_offset 0
[0m[PHY]    Got synch: hw_slot_offset 26, carrier off 7 Hz
[0m[32m[PHY]    UE synchronized! decoded_frame_rx=236 UE->init_sync_frame=0 trashed_frames=2
[0m[PHY]    Resynchronizing RX by 99284 samples
[0m[HW]     received write reorder clear context
[0m[PHY]    max_pos_acc = -69, shiftForNextFrame = 0
[0m[32m[NR_RRC] SIB1 decoded
[0m[NR_MAC] [UE 0] Initial cell selection: dl_frequency=4045440 kHz (from command-line, band=77, scs=1)
[0m[NR_MAC] Initial cell selection: uplink_frequency=4045440 kHz (from dl_frequency=4045440 kHz)
[0m[NR_MAC] TDD period index = 5, based on the sum of dl_UL_TransmissionPeriodicity from Pattern1 (2.500000 ms) and Pattern2 (0.000000 ms): Total = 2.500000 ms
[0m[NR_MAC] Set TDD configuration period to: 4 DL slots, 2 UL slots, 5 slots per period (NR_TDD_UL_DL_Pattern is 3 DL slots, 1 UL slots, 6 DL symbols, 4 UL symbols)
[0m[NR_MAC] Configured 1 TDD patterns (total slots: pattern1 = 5, pattern2 = 0)
[0m[MAC]    Initialization of 4-Step CBRA procedure
[0m[NR_MAC] PRACH scheduler: Selected RO Frame 240, Slot 19, Symbol 0, Fdm 0
[0m[PHY]    PRACH [UE 0] in frame.slot 240.19, placing PRACH in position 740, Msg1/MsgA-Preamble frequency start 0 (k1 0), preamble_offset 41, first_nonzero_root_idx 0, preambleIndex = 41
[0m[PHY]    [UE 0] RAR-Msg2 decoded
[0m[NR_MAC] [UE 0][RAPROC][RA-RNTI 010b] Got BI RAR subPDU 5 ms
[0m[NR_MAC] [UE 0][RAPROC][RA-RNTI 010b] Got RAPID RAR subPDU
[0m[32m[NR_MAC] [UE 0][RAPROC][241.10] Found RAR with the intended RAPID 41
[0m[93m[MAC]    received TA command 31
[0m[32m[NR_MAC] [RAPROC][241.18] RA-Msg3 transmitted
[0m[NR_MAC] [RAPROC][242.18] RA-Msg3 retransmitted
[0m[NR_MAC] [RAPROC][243.18] RA-Msg3 retransmitted
[0m[32m[NR_MAC] [UE 0][244.10][RAPROC] 4-Step RA procedure succeeded. CBRA: Contention Resolution is successful.
[0m[NR_RRC] [UE0][RAPROC] Logical Channel DL-CCCH (SRB0), Received NR_RRCSetup
[0m[RLC]    Added srb 1 to UE 0
[0m[NR_RRC] State = NR_RRC_CONNECTED
[0m[NAS]    Generate Initial NAS Message: Registration Request
[0m[NR_RRC] [UE 0][RAPROC] Logical Channel UL-DCCH (SRB1), Generating RRCSetupComplete (bytes32)
[0m[NAS]    [UE 0] Received NR_NAS_CONN_ESTABLISH_IND: asCause 0
[0m[MAC]    [UE 0] Applying CellGroupConfig from gNodeB
[0m[NR_MAC] UE 0 RNTI 72cc stats sfn: 256.4, cumulated bad DCI 0
    DL harq: 5/0/0/0
    UL harq: 87/80/78/77 avg code rate 0.7, avg bit/symbol 2.0, avg per TB: (nb RBs 5.1, nb symbols 12.6)
[0m[1;31m[RLC]    max RETX reached on SRB 1
[0m[93m[NR_RRC] [UE 0 ID 0] Received indication that RLC reached max retransmissions
[0m[RLC]    Released RLC entity: ue_id=0, lc_id=1
[0m[NR_RRC] RRC moved into IDLE state
[0m[NAS]    [UE 0] Received NR_NAS_CONN_RELEASE_IND: cause OTHER
[0m[NR_MAC] [UE0] Initializing MAC
[0m[93m[PHY]    SSB position provided
[0m[93m[NR_PHY] Starting sync detection
[0m[PHY]    [UE thread Synch] Running Initial Synch 
[0m[NR_PHY] Starting cell search with center freq: 4049760000, bandwidth: 24. Scanning for 1 number of GSCN.
[0m[NR_PHY] Scanning GSCN: 0, with SSB offset: 24, SSB Freq: 0.000000
[0m[32m[PHY]    Initial sync: pbch decoded sucessfully, ssb index 0
[0m[PHY]    pbch rx ok. rsrp:74 dB/RE, adjust_rxgain:-24 dB
[0m[NR_PHY] Cell Detected with GSCN: 0, SSB SC offset: 24, SSB Ref: 0.000000, PSS Corr peak: 116 dB, PSS Corr Average: 80
[0m[PHY]    [UE0] In synch, rx_offset 60884 samples
[0m[PHY]    [UE 0] Measured Carrier Frequency offset -20 Hz
[0m[32m[PHY]    Initial sync successful, PCI: 0
[0m[PHY]    HW: Configuring channel 0 (rf_chain 0): setting tx_freq 4049759980 Hz, rx_freq 4049759980 Hz, tune_offset 0
[0m[PHY]    Got synch: hw_slot_offset 16, carrier off -20 Hz
[0m[32m[PHY]    UE synchronized! decoded_frame_rx=300 UE->init_sync_frame=1 trashed_frames=2
[0m[PHY]    Resynchronizing RX by 60884 samples
[0m[HW]     received write reorder clear context
[0m[PHY]    max_pos_acc = -84, shiftForNextFrame = 0
[0m[32m[NR_RRC] SIB1 decoded
[0m[NR_MAC] [UE 0] Initial cell selection: dl_frequency=4045440 kHz (from command-line, band=77, scs=1)
[0m[NR_MAC] Initial cell selection: uplink_frequency=4045440 kHz (from dl_frequency=4045440 kHz)
[0m[NR_MAC] TDD period index = 5, based on the sum of dl_UL_TransmissionPeriodicity from Pattern1 (2.500000 ms) and Pattern2 (0.000000 ms): Total = 2.500000 ms
[0m[NR_MAC] Set TDD configuration period to: 4 DL slots, 2 UL slots, 5 slots per period (NR_TDD_UL_DL_Pattern is 3 DL slots, 1 UL slots, 6 DL symbols, 4 UL symbols)
[0m[NR_MAC] Configured 1 TDD patterns (total slots: pattern1 = 5, pattern2 = 0)
[0m[MAC]    Initialization of 4-Step CBRA procedure
[0m[NR_MAC] PRACH scheduler: Selected RO Frame 304, Slot 19, Symbol 0, Fdm 0
[0m[PHY]    PRACH [UE 0] in frame.slot 304.19, placing PRACH in position 740, Msg1/MsgA-Preamble frequency start 0 (k1 0), preamble_offset 58, first_nonzero_root_idx 0, preambleIndex = 58
[0m[PHY]    [UE 0] RAR-Msg2 decoded
[0m[NR_MAC] [UE 0][RAPROC][RA-RNTI 010b] Got BI RAR subPDU 5 ms
[0m[NR_MAC] [UE 0][RAPROC][RA-RNTI 010b] Got RAPID RAR subPDU
[0m[32m[NR_MAC] [UE 0][RAPROC][305.10] Found RAR with the intended RAPID 58
[0m[93m[MAC]    received TA command 31
[0m[32m[NR_MAC] [RAPROC][305.18] RA-Msg3 transmitted
[0m[NR_MAC] [RAPROC][306.18] RA-Msg3 retransmitted
[0m[NR_MAC] [RAPROC][307.18] RA-Msg3 retransmitted
[0m[NR_MAC] [RAPROC][308.18] RA-Msg3 retransmitted
[0m[32m[NR_MAC] [UE 0][309.10][RAPROC] 4-Step RA procedure succeeded. CBRA: Contention Resolution is successful.
[0m[NR_RRC] [UE0][RAPROC] Logical Channel DL-CCCH (SRB0), Received NR_RRCSetup
[0m[RLC]    Added srb 1 to UE 0
[0m[NR_RRC] State = NR_RRC_CONNECTED
[0m[NAS]    Generate Initial NAS Message: Registration Request
[0m[NAS]    [UE 0] Received NR_NAS_CONN_ESTABLISH_IND: asCause 0
[0m[NR_RRC] [UE 0][RAPROC] Logical Channel UL-DCCH (SRB1), Generating RRCSetupComplete (bytes32)
[0m[MAC]    [UE 0] Applying CellGroupConfig from gNodeB
[0m[1;31m[RLC]    max RETX reached on SRB 1
[0m[93m[NR_RRC] [UE 0 ID 0] Received indication that RLC reached max retransmissions
[0m[RLC]    Released RLC entity: ue_id=0, lc_id=1
[0m[NR_RRC] RRC moved into IDLE state
[0m[NAS]    [UE 0] Received NR_NAS_CONN_RELEASE_IND: cause OTHER
[0m[NR_MAC] [UE0] Initializing MAC
[0m[93m[PHY]    SSB position provided
[0m[93m[NR_PHY] Starting sync detection
[0m[PHY]    [UE thread Synch] Running Initial Synch 
[0m[NR_PHY] Starting cell search with center freq: 4049760000, bandwidth: 24. Scanning for 1 number of GSCN.
[0m[NR_PHY] Scanning GSCN: 0, with SSB offset: 24, SSB Freq: 0.000000
[0m[32m[PHY]    Initial sync: pbch decoded sucessfully, ssb index 0
[0m[PHY]    pbch rx ok. rsrp:74 dB/RE, adjust_rxgain:-24 dB
[0m[NR_PHY] Cell Detected with GSCN: 0, SSB SC offset: 24, SSB Ref: 0.000000, PSS Corr peak: 116 dB, PSS Corr Average: 81
[0m[PHY]    [UE0] In synch, rx_offset 22484 samples
[0m[PHY]    [UE 0] Measured Carrier Frequency offset 35 Hz
[0m[32m[PHY]    Initial sync successful, PCI: 0
[0m[PHY]    HW: Configuring channel 0 (rf_chain 0): setting tx_freq 4049760035 Hz, rx_freq 4049760035 Hz, tune_offset 0
[0m[PHY]    Got synch: hw_slot_offset 6, carrier off 35 Hz
[0m[32m[PHY]    UE synchronized! decoded_frame_rx=364 UE->init_sync_frame=1 trashed_frames=2
[0m[PHY]    Resynchronizing RX by 22484 samples
[0m[HW]     received write reorder clear context
[0m[PHY]    max_pos_acc = -99, shiftForNextFrame = 0
[0m[32m[NR_RRC] SIB1 decoded
[0m[NR_MAC] [UE 0] Initial cell selection: dl_frequency=4045440 kHz (from command-line, band=77, scs=1)
[0m[NR_MAC] Initial cell selection: uplink_frequency=4045440 kHz (from dl_frequency=4045440 kHz)
[0m[NR_MAC] TDD period index = 5, based on the sum of dl_UL_TransmissionPeriodicity from Pattern1 (2.500000 ms) and Pattern2 (0.000000 ms): Total = 2.500000 ms
[0m[NR_MAC] Set TDD configuration period to: 4 DL slots, 2 UL slots, 5 slots per period (NR_TDD_UL_DL_Pattern is 3 DL slots, 1 UL slots, 6 DL symbols, 4 UL symbols)
[0m[NR_MAC] Configured 1 TDD patterns (total slots: pattern1 = 5, pattern2 = 0)
[0m[MAC]    Initialization of 4-Step CBRA procedure
[0m[NR_MAC] PRACH scheduler: Selected RO Frame 368, Slot 19, Symbol 0, Fdm 0
[0m[PHY]    PRACH [UE 0] in frame.slot 368.19, placing PRACH in position 740, Msg1/MsgA-Preamble frequency start 0 (k1 0), preamble_offset 14, first_nonzero_root_idx 0, preambleIndex = 14
[0m[PHY]    [UE 0] RAR-Msg2 decoded
[0m[NR_MAC] [UE 0][RAPROC][RA-RNTI 010b] Got BI RAR subPDU 5 ms
[0m[NR_MAC] [UE 0][RAPROC][RA-RNTI 010b] Got RAPID RAR subPDU
[0m[32m[NR_MAC] [UE 0][RAPROC][369.10] Found RAR with the intended RAPID 14
[0m[93m[MAC]    received TA command 31
[0m[32m[NR_MAC] [RAPROC][369.18] RA-Msg3 transmitted
[0m[NR_MAC] [RAPROC][370.18] RA-Msg3 retransmitted
[0m[32m[NR_MAC] [UE 0][371.10][RAPROC] 4-Step RA procedure succeeded. CBRA: Contention Resolution is successful.
[0m[NR_RRC] [UE0][RAPROC] Logical Channel DL-CCCH (SRB0), Received NR_RRCSetup
[0m[RLC]    Added srb 1 to UE 0
[0m[NR_RRC] State = NR_RRC_CONNECTED
[0m[NAS]    Generate Initial NAS Message: Registration Request
[0m[NR_RRC] [UE 0][RAPROC] Logical Channel UL-DCCH (SRB1), Generating RRCSetupComplete (bytes32)
[0m[NAS]    [UE 0] Received NR_NAS_CONN_ESTABLISH_IND: asCause 0
[0m[MAC]    [UE 0] Applying CellGroupConfig from gNodeB
[0m[NR_MAC] UE 0 RNTI af1c stats sfn: 384.4, cumulated bad DCI 0
    DL harq: 7/0/0/0
    UL harq: 127/117/115/113 avg code rate 0.7, avg bit/symbol 2.0, avg per TB: (nb RBs 5.1, nb symbols 12.6)
[0m[1;31m[RLC]    max RETX reached on SRB 1
[0m[93m[NR_RRC] [UE 0 ID 0] Received indication that RLC reached max retransmissions
[0m[RLC]    Released RLC entity: ue_id=0, lc_id=1
[0m[NR_RRC] RRC moved into IDLE state
[0m[NAS]    [UE 0] Received NR_NAS_CONN_RELEASE_IND: cause OTHER
[0m[NR_MAC] [UE0] Initializing MAC
[0m[93m[PHY]    SSB position provided
[0m[93m[NR_PHY] Starting sync detection
[0m[PHY]    [UE thread Synch] Running Initial Synch 
[0m[NR_PHY] Starting cell search with center freq: 4049760000, bandwidth: 24. Scanning for 1 number of GSCN.
[0m[NR_PHY] Scanning GSCN: 0, with SSB offset: 24, SSB Freq: 0.000000
[0m[32m[PHY]    Initial sync: pbch decoded sucessfully, ssb index 0
[0m[PHY]    pbch rx ok. rsrp:74 dB/RE, adjust_rxgain:-24 dB
[0m[NR_PHY] Cell Detected with GSCN: 0, SSB SC offset: 24, SSB Ref: 0.000000, PSS Corr peak: 117 dB, PSS Corr Average: 80
[0m[PHY]    [UE0] In synch, rx_offset 22484 samples
[0m[PHY]    [UE 0] Measured Carrier Frequency offset -39 Hz
[0m[32m[PHY]    Initial sync successful, PCI: 0
[0m[PHY]    HW: Configuring channel 0 (rf_chain 0): setting tx_freq 4049759961 Hz, rx_freq 4049759961 Hz, tune_offset 0
[0m[PHY]    Got synch: hw_slot_offset 6, carrier off -39 Hz
[0m[32m[PHY]    UE synchronized! decoded_frame_rx=426 UE->init_sync_frame=1 trashed_frames=2
[0m[PHY]    Resynchronizing RX by 22484 samples
[0m[HW]     received write reorder clear context
[0m[PHY]    max_pos_acc = -111, shiftForNextFrame = 0
[0m[32m[NR_RRC] SIB1 decoded
[0m[NR_MAC] [UE 0] Initial cell selection: dl_frequency=4045440 kHz (from command-line, band=77, scs=1)
[0m[NR_MAC] Initial cell selection: uplink_frequency=4045440 kHz (from dl_frequency=4045440 kHz)
[0m[NR_MAC] TDD period index = 5, based on the sum of dl_UL_TransmissionPeriodicity from Pattern1 (2.500000 ms) and Pattern2 (0.000000 ms): Total = 2.500000 ms
[0m[NR_MAC] Set TDD configuration period to: 4 DL slots, 2 UL slots, 5 slots per period (NR_TDD_UL_DL_Pattern is 3 DL slots, 1 UL slots, 6 DL symbols, 4 UL symbols)
[0m[NR_MAC] Configured 1 TDD patterns (total slots: pattern1 = 5, pattern2 = 0)
[0m[MAC]    Initialization of 4-Step CBRA procedure
[0m[NR_MAC] PRACH scheduler: Selected RO Frame 430, Slot 19, Symbol 0, Fdm 0
[0m[PHY]    PRACH [UE 0] in frame.slot 430.19, placing PRACH in position 740, Msg1/MsgA-Preamble frequency start 0 (k1 0), preamble_offset 60, first_nonzero_root_idx 0, preambleIndex = 60
[0m[PHY]    [UE 0] RAR-Msg2 decoded
[0m[NR_MAC] [UE 0][RAPROC][RA-RNTI 010b] Got BI RAR subPDU 5 ms
[0m[NR_MAC] [UE 0][RAPROC][RA-RNTI 010b] Got RAPID RAR subPDU
[0m[32m[NR_MAC] [UE 0][RAPROC][431.10] Found RAR with the intended RAPID 60
[0m[93m[MAC]    received TA command 31
[0m[32m[NR_MAC] [RAPROC][431.18] RA-Msg3 transmitted
[0m[NR_MAC] [RAPROC][432.18] RA-Msg3 retransmitted
[0m[NR_MAC] [RAPROC][433.18] RA-Msg3 retransmitted
[0m[32m[NR_MAC] [UE 0][434.10][RAPROC] 4-Step RA procedure succeeded. CBRA: Contention Resolution is successful.
[0m[NR_RRC] [UE0][RAPROC] Logical Channel DL-CCCH (SRB0), Received NR_RRCSetup
[0m[RLC]    Added srb 1 to UE 0
[0m[NR_RRC] State = NR_RRC_CONNECTED
[0m[NAS]    Generate Initial NAS Message: Registration Request
[0m[NR_RRC] [UE 0][RAPROC] Logical Channel UL-DCCH (SRB1), Generating RRCSetupComplete (bytes32)
[0m[NAS]    [UE 0] Received NR_NAS_CONN_ESTABLISH_IND: asCause 0
[0m[MAC]    [UE 0] Applying CellGroupConfig from gNodeB
[0m[1;31m[RLC]    max RETX reached on SRB 1
[0m[93m[NR_RRC] [UE 0 ID 0] Received indication that RLC reached max retransmissions
[0m[RLC]    Released RLC entity: ue_id=0, lc_id=1
[0m[NR_RRC] RRC moved into IDLE state
[0m[NAS]    [UE 0] Received NR_NAS_CONN_RELEASE_IND: cause OTHER
[0m[NR_MAC] [UE0] Initializing MAC
[0m[93m[PHY]    SSB position provided
[0m[93m[NR_PHY] Starting sync detection
[0m[PHY]    [UE thread Synch] Running Initial Synch 
[0m[NR_PHY] Starting cell search with center freq: 4049760000, bandwidth: 24. Scanning for 1 number of GSCN.
[0m[NR_PHY] Scanning GSCN: 0, with SSB offset: 24, SSB Freq: 0.000000
[0m[32m[PHY]    Initial sync: pbch decoded sucessfully, ssb index 0
[0m[PHY]    pbch rx ok. rsrp:74 dB/RE, adjust_rxgain:-24 dB
[0m[NR_PHY] Cell Detected with GSCN: 0, SSB SC offset: 24, SSB Ref: 0.000000, PSS Corr peak: 117 dB, PSS Corr Average: 80
[0m[PHY]    [UE0] In synch, rx_offset 99284 samples
[0m[PHY]    [UE 0] Measured Carrier Frequency offset 18 Hz
[0m[32m[PHY]    Initial sync successful, PCI: 0
[0m[PHY]    HW: Configuring channel 0 (rf_chain 0): setting tx_freq 4049760018 Hz, rx_freq 4049760018 Hz, tune_offset 0
[0m[PHY]    Got synch: hw_slot_offset 26, carrier off 18 Hz
[0m[32m[PHY]    UE synchronized! decoded_frame_rx=490 UE->init_sync_frame=1 trashed_frames=2
[0m[PHY]    Resynchronizing RX by 99284 samples
[0m[HW]     received write reorder clear context
[0m[PHY]    max_pos_acc = -126, shiftForNextFrame = 0
[0m[32m[NR_RRC] SIB1 decoded
[0m[NR_MAC] [UE 0] Initial cell selection: dl_frequency=4045440 kHz (from command-line, band=77, scs=1)
[0m[NR_MAC] Initial cell selection: uplink_frequency=4045440 kHz (from dl_frequency=4045440 kHz)
[0m[NR_MAC] TDD period index = 5, based on the sum of dl_UL_TransmissionPeriodicity from Pattern1 (2.500000 ms) and Pattern2 (0.000000 ms): Total = 2.500000 ms
[0m[NR_MAC] Set TDD configuration period to: 4 DL slots, 2 UL slots, 5 slots per period (NR_TDD_UL_DL_Pattern is 3 DL slots, 1 UL slots, 6 DL symbols, 4 UL symbols)
[0m[NR_MAC] Configured 1 TDD patterns (total slots: pattern1 = 5, pattern2 = 0)
[0m[MAC]    Initialization of 4-Step CBRA procedure
[0m[NR_MAC] PRACH scheduler: Selected RO Frame 494, Slot 19, Symbol 0, Fdm 0
[0m[PHY]    PRACH [UE 0] in frame.slot 494.19, placing PRACH in position 740, Msg1/MsgA-Preamble frequency start 0 (k1 0), preamble_offset 4, first_nonzero_root_idx 0, preambleIndex = 4
[0m[PHY]    [UE 0] RAR-Msg2 decoded
[0m[NR_MAC] [UE 0][RAPROC][RA-RNTI 010b] Got BI RAR subPDU 5 ms
[0m[NR_MAC] [UE 0][RAPROC][RA-RNTI 010b] Got RAPID RAR subPDU
[0m[32m[NR_MAC] [UE 0][RAPROC][495.10] Found RAR with the intended RAPID 4
[0m[93m[MAC]    received TA command 31
[0m[32m[NR_MAC] [RAPROC][495.18] RA-Msg3 transmitted
[0m[NR_MAC] [RAPROC][496.18] RA-Msg3 retransmitted
[0m[NR_MAC] [RAPROC][497.18] RA-Msg3 retransmitted
[0m[32m[NR_MAC] [UE 0][498.10][RAPROC] 4-Step RA procedure succeeded. CBRA: Contention Resolution is successful.
[0m[NR_RRC] [UE0][RAPROC] Logical Channel DL-CCCH (SRB0), Received NR_RRCSetup
[0m[RLC]    Added srb 1 to UE 0
[0m[NR_RRC] State = NR_RRC_CONNECTED
[0m[NAS]    Generate Initial NAS Message: Registration Request
[0m[NR_RRC] [UE 0][RAPROC] Logical Channel UL-DCCH (SRB1), Generating RRCSetupComplete (bytes32)
[0m[NAS]    [UE 0] Received NR_NAS_CONN_ESTABLISH_IND: asCause 0
[0m[MAC]    [UE 0] Applying CellGroupConfig from gNodeB
[0m[NR_MAC] UE 0 RNTI f3da stats sfn: 512.4, cumulated bad DCI 0
    DL harq: 9/0/0/0
    UL harq: 165/153/149/147 avg code rate 0.7, avg bit/symbol 2.0, avg per TB: (nb RBs 5.1, nb symbols 12.6)
[0m[1;31m[RLC]    max RETX reached on SRB 1
[0m[93m[NR_RRC] [UE 0 ID 0] Received indication that RLC reached max retransmissions
[0m[RLC]    Released RLC entity: ue_id=0, lc_id=1
[0m[NR_RRC] RRC moved into IDLE state
[0m[NAS]    [UE 0] Received NR_NAS_CONN_RELEASE_IND: cause OTHER
[0m[NR_MAC] [UE0] Initializing MAC
[0m[93m[PHY]    SSB position provided
[0m[93m[NR_PHY] Starting sync detection
[0m[PHY]    [UE thread Synch] Running Initial Synch 
[0m[NR_PHY] Starting cell search with center freq: 4049760000, bandwidth: 24. Scanning for 1 number of GSCN.
[0m[NR_PHY] Scanning GSCN: 0, with SSB offset: 24, SSB Freq: 0.000000
[0m[32m[PHY]    Initial sync: pbch decoded sucessfully, ssb index 0
[0m[PHY]    pbch rx ok. rsrp:74 dB/RE, adjust_rxgain:-24 dB
[0m[NR_PHY] Cell Detected with GSCN: 0, SSB SC offset: 24, SSB Ref: 0.000000, PSS Corr peak: 117 dB, PSS Corr Average: 80
[0m[PHY]    [UE0] In synch, rx_offset 99284 samples
[0m[PHY]    [UE 0] Measured Carrier Frequency offset -19 Hz
[0m[32m[PHY]    Initial sync successful, PCI: 0
[0m[PHY]    HW: Configuring channel 0 (rf_chain 0): setting tx_freq 4049759981 Hz, rx_freq 4049759981 Hz, tune_offset 0
[0m[PHY]    Got synch: hw_slot_offset 26, carrier off -19 Hz
[0m[32m[PHY]    UE synchronized! decoded_frame_rx=554 UE->init_sync_frame=1 trashed_frames=2
[0m[PHY]    Resynchronizing RX by 99284 samples
[0m[HW]     received write reorder clear context
[0m[PHY]    max_pos_acc = -141, shiftForNextFrame = 0
[0m[32m[NR_RRC] SIB1 decoded
[0m[NR_MAC] [UE 0] Initial cell selection: dl_frequency=4045440 kHz (from command-line, band=77, scs=1)
[0m[NR_MAC] Initial cell selection: uplink_frequency=4045440 kHz (from dl_frequency=4045440 kHz)
[0m[NR_MAC] TDD period index = 5, based on the sum of dl_UL_TransmissionPeriodicity from Pattern1 (2.500000 ms) and Pattern2 (0.000000 ms): Total = 2.500000 ms
[0m[NR_MAC] Set TDD configuration period to: 4 DL slots, 2 UL slots, 5 slots per period (NR_TDD_UL_DL_Pattern is 3 DL slots, 1 UL slots, 6 DL symbols, 4 UL symbols)
[0m[NR_MAC] Configured 1 TDD patterns (total slots: pattern1 = 5, pattern2 = 0)
[0m[MAC]    Initialization of 4-Step CBRA procedure
[0m[NR_MAC] PRACH scheduler: Selected RO Frame 558, Slot 19, Symbol 0, Fdm 0
[0m[PHY]    PRACH [UE 0] in frame.slot 558.19, placing PRACH in position 740, Msg1/MsgA-Preamble frequency start 0 (k1 0), preamble_offset 57, first_nonzero_root_idx 0, preambleIndex = 57
[0m[PHY]    [UE 0] RAR-Msg2 decoded
[0m[NR_MAC] [UE 0][RAPROC][RA-RNTI 010b] Got BI RAR subPDU 5 ms
[0m[NR_MAC] [UE 0][RAPROC][RA-RNTI 010b] Got RAPID RAR subPDU
[0m[32m[NR_MAC] [UE 0][RAPROC][559.10] Found RAR with the intended RAPID 57
[0m[93m[MAC]    received TA command 31
[0m[32m[NR_MAC] [RAPROC][559.18] RA-Msg3 transmitted
[0m[NR_MAC] [RAPROC][560.18] RA-Msg3 retransmitted
[0m[32m[NR_MAC] [UE 0][561.10][RAPROC] 4-Step RA procedure succeeded. CBRA: Contention Resolution is successful.
[0m[NR_RRC] [UE0][RAPROC] Logical Channel DL-CCCH (SRB0), Received NR_RRCSetup
[0m[RLC]    Added srb 1 to UE 0
[0m[NR_RRC] State = NR_RRC_CONNECTED
[0m[NAS]    Generate Initial NAS Message: Registration Request
[0m[NR_RRC] [UE 0][RAPROC] Logical Channel UL-DCCH (SRB1), Generating RRCSetupComplete (bytes32)
[0m[NAS]    [UE 0] Received NR_NAS_CONN_ESTABLISH_IND: asCause 0
[0m[MAC]    [UE 0] Applying CellGroupConfig from gNodeB
[0m[1;31m[RLC]    max RETX reached on SRB 1
[0m[93m[NR_RRC] [UE 0 ID 0] Received indication that RLC reached max retransmissions
[0m[RLC]    Released RLC entity: ue_id=0, lc_id=1
[0m[NR_RRC] RRC moved into IDLE state
[0m[NAS]    [UE 0] Received NR_NAS_CONN_RELEASE_IND: cause OTHER
[0m[NR_MAC] [UE0] Initializing MAC
[0m[93m[PHY]    SSB position provided
[0m[93m[NR_PHY] Starting sync detection
[0m[PHY]    [UE thread Synch] Running Initial Synch 
[0m[NR_PHY] Starting cell search with center freq: 4049760000, bandwidth: 24. Scanning for 1 number of GSCN.
[0m[NR_PHY] Scanning GSCN: 0, with SSB offset: 24, SSB Freq: 0.000000
[0m[32m[PHY]    Initial sync: pbch decoded sucessfully, ssb index 0
[0m[PHY]    pbch rx ok. rsrp:74 dB/RE, adjust_rxgain:-24 dB
[0m[NR_PHY] Cell Detected with GSCN: 0, SSB SC offset: 24, SSB Ref: 0.000000, PSS Corr peak: 116 dB, PSS Corr Average: 80
[0m[PHY]    [UE0] In synch, rx_offset 99284 samples
[0m[PHY]    [UE 0] Measured Carrier Frequency offset -15 Hz
[0m[32m[PHY]    Initial sync successful, PCI: 0
[0m[PHY]    HW: Configuring channel 0 (rf_chain 0): setting tx_freq 4049759985 Hz, rx_freq 4049759985 Hz, tune_offset 0
[0m[PHY]    Got synch: hw_slot_offset 26, carrier off -15 Hz
[0m[32m[PHY]    UE synchronized! decoded_frame_rx=618 UE->init_sync_frame=0 trashed_frames=2
[0m[PHY]    Resynchronizing RX by 99284 samples
[0m[HW]     received write reorder clear context
[0m[PHY]    max_pos_acc = -156, shiftForNextFrame = 0
[0m[32m[NR_RRC] SIB1 decoded
[0m[NR_MAC] [UE 0] Initial cell selection: dl_frequency=4045440 kHz (from command-line, band=77, scs=1)
[0m[NR_MAC] Initial cell selection: uplink_frequency=4045440 kHz (from dl_frequency=4045440 kHz)
[0m[NR_MAC] TDD period index = 5, based on the sum of dl_UL_TransmissionPeriodicity from Pattern1 (2.500000 ms) and Pattern2 (0.000000 ms): Total = 2.500000 ms
[0m[NR_MAC] Set TDD configuration period to: 4 DL slots, 2 UL slots, 5 slots per period (NR_TDD_UL_DL_Pattern is 3 DL slots, 1 UL slots, 6 DL symbols, 4 UL symbols)
[0m[NR_MAC] Configured 1 TDD patterns (total slots: pattern1 = 5, pattern2 = 0)
[0m[MAC]    Initialization of 4-Step CBRA procedure
[0m[NR_MAC] PRACH scheduler: Selected RO Frame 622, Slot 19, Symbol 0, Fdm 0
[0m[PHY]    PRACH [UE 0] in frame.slot 622.19, placing PRACH in position 740, Msg1/MsgA-Preamble frequency start 0 (k1 0), preamble_offset 24, first_nonzero_root_idx 0, preambleIndex = 24
[0m[PHY]    [UE 0] RAR-Msg2 decoded
[0m[NR_MAC] [UE 0][RAPROC][RA-RNTI 010b] Got BI RAR subPDU 5 ms
[0m[NR_MAC] [UE 0][RAPROC][RA-RNTI 010b] Got RAPID RAR subPDU
[0m[32m[NR_MAC] [UE 0][RAPROC][623.10] Found RAR with the intended RAPID 24
[0m[93m[MAC]    received TA command 31
[0m[32m[NR_MAC] [RAPROC][623.18] RA-Msg3 transmitted
[0m[NR_MAC] [RAPROC][624.18] RA-Msg3 retransmitted
[0m[32m[NR_MAC] [UE 0][625.10][RAPROC] 4-Step RA procedure succeeded. CBRA: Contention Resolution is successful.
[0m[NR_RRC] [UE0][RAPROC] Logical Channel DL-CCCH (SRB0), Received NR_RRCSetup
[0m[RLC]    Added srb 1 to UE 0
[0m[NR_RRC] State = NR_RRC_CONNECTED
[0m[NAS]    Generate Initial NAS Message: Registration Request
[0m[NR_RRC] [UE 0][RAPROC] Logical Channel UL-DCCH (SRB1), Generating RRCSetupComplete (bytes32)
[0m[NAS]    [UE 0] Received NR_NAS_CONN_ESTABLISH_IND: asCause 0
[0m[MAC]    [UE 0] Applying CellGroupConfig from gNodeB
[0m[NR_MAC] UE 0 RNTI 1ac0 stats sfn: 640.4, cumulated bad DCI 0
    DL harq: 11/0/0/0
    UL harq: 201/184/180/178 avg code rate 0.7, avg bit/symbol 2.0, avg per TB: (nb RBs 5.1, nb symbols 12.6)
[0m[1;31m[RLC]    max RETX reached on SRB 1
[0m[93m[NR_RRC] [UE 0 ID 0] Received indication that RLC reached max retransmissions
[0m[RLC]    Released RLC entity: ue_id=0, lc_id=1
[0m[NR_RRC] RRC moved into IDLE state
[0m[NAS]    [UE 0] Received NR_NAS_CONN_RELEASE_IND: cause OTHER
[0m[NR_MAC] [UE0] Initializing MAC
[0m[93m[PHY]    SSB position provided
[0m[93m[NR_PHY] Starting sync detection
[0m[PHY]    [UE thread Synch] Running Initial Synch 
[0m[NR_PHY] Starting cell search with center freq: 4049760000, bandwidth: 24. Scanning for 1 number of GSCN.
[0m[NR_PHY] Scanning GSCN: 0, with SSB offset: 24, SSB Freq: 0.000000
[0m[32m[PHY]    Initial sync: pbch decoded sucessfully, ssb index 0
[0m[PHY]    pbch rx ok. rsrp:74 dB/RE, adjust_rxgain:-24 dB
[0m[NR_PHY] Cell Detected with GSCN: 0, SSB SC offset: 24, SSB Ref: 0.000000, PSS Corr peak: 117 dB, PSS Corr Average: 81
[0m[PHY]    [UE0] In synch, rx_offset 99284 samples
[0m[PHY]    [UE 0] Measured Carrier Frequency offset 6 Hz
[0m[32m[PHY]    Initial sync successful, PCI: 0
[0m[PHY]    HW: Configuring channel 0 (rf_chain 0): setting tx_freq 4049760006 Hz, rx_freq 4049760006 Hz, tune_offset 0
[0m[PHY]    Got synch: hw_slot_offset 26, carrier off 6 Hz
[0m[32m[PHY]    UE synchronized! decoded_frame_rx=682 UE->init_sync_frame=0 trashed_frames=2
[0m[PHY]    Resynchronizing RX by 99284 samples
[0m[HW]     received write reorder clear context
[0m[PHY]    max_pos_acc = -171, shiftForNextFrame = 0
[0m[32m[NR_RRC] SIB1 decoded
[0m[NR_MAC] [UE 0] Initial cell selection: dl_frequency=4045440 kHz (from command-line, band=77, scs=1)
[0m[NR_MAC] Initial cell selection: uplink_frequency=4045440 kHz (from dl_frequency=4045440 kHz)
[0m[NR_MAC] TDD period index = 5, based on the sum of dl_UL_TransmissionPeriodicity from Pattern1 (2.500000 ms) and Pattern2 (0.000000 ms): Total = 2.500000 ms
[0m[NR_MAC] Set TDD configuration period to: 4 DL slots, 2 UL slots, 5 slots per period (NR_TDD_UL_DL_Pattern is 3 DL slots, 1 UL slots, 6 DL symbols, 4 UL symbols)
[0m[NR_MAC] Configured 1 TDD patterns (total slots: pattern1 = 5, pattern2 = 0)
[0m[MAC]    Initialization of 4-Step CBRA procedure
[0m[NR_MAC] PRACH scheduler: Selected RO Frame 686, Slot 19, Symbol 0, Fdm 0
[0m[PHY]    PRACH [UE 0] in frame.slot 686.19, placing PRACH in position 740, Msg1/MsgA-Preamble frequency start 0 (k1 0), preamble_offset 1, first_nonzero_root_idx 0, preambleIndex = 1
[0m[PHY]    [UE 0] RAR-Msg2 decoded
[0m[NR_MAC] [UE 0][RAPROC][RA-RNTI 010b] Got BI RAR subPDU 5 ms
[0m[NR_MAC] [UE 0][RAPROC][RA-RNTI 010b] Got RAPID RAR subPDU
[0m[32m[NR_MAC] [UE 0][RAPROC][687.10] Found RAR with the intended RAPID 1
[0m[93m[MAC]    received TA command 31
[0m[32m[NR_MAC] [RAPROC][687.18] RA-Msg3 transmitted
[0m[NR_MAC] [RAPROC][688.18] RA-Msg3 retransmitted
[0m[NR_MAC] [RAPROC][689.18] RA-Msg3 retransmitted
[0m[32m[NR_MAC] [UE 0][690.10][RAPROC] 4-Step RA procedure succeeded. CBRA: Contention Resolution is successful.
[0m[NR_RRC] [UE0][RAPROC] Logical Channel DL-CCCH (SRB0), Received NR_RRCSetup
[0m[RLC]    Added srb 1 to UE 0
[0m[NR_RRC] State = NR_RRC_CONNECTED
[0m[NAS]    Generate Initial NAS Message: Registration Request
[0m[NR_RRC] [UE 0][RAPROC] Logical Channel UL-DCCH (SRB1), Generating RRCSetupComplete (bytes32)
[0m[NAS]    [UE 0] Received NR_NAS_CONN_ESTABLISH_IND: asCause 0
[0m[MAC]    [UE 0] Applying CellGroupConfig from gNodeB
[0m[1;31m[RLC]    max RETX reached on SRB 1
[0m[93m[NR_RRC] [UE 0 ID 0] Received indication that RLC reached max retransmissions
[0m[RLC]    Released RLC entity: ue_id=0, lc_id=1
[0m[NR_RRC] RRC moved into IDLE state
[0m[NAS]    [UE 0] Received NR_NAS_CONN_RELEASE_IND: cause OTHER
[0m[NR_MAC] [UE0] Initializing MAC
[0m[93m[PHY]    SSB position provided
[0m[93m[NR_PHY] Starting sync detection
[0m[PHY]    [UE thread Synch] Running Initial Synch 
[0m[NR_PHY] Starting cell search with center freq: 4049760000, bandwidth: 24. Scanning for 1 number of GSCN.
[0m[NR_PHY] Scanning GSCN: 0, with SSB offset: 24, SSB Freq: 0.000000
[0m[32m[PHY]    Initial sync: pbch decoded sucessfully, ssb index 0
[0m[PHY]    pbch rx ok. rsrp:74 dB/RE, adjust_rxgain:-24 dB
[0m[NR_PHY] Cell Detected with GSCN: 0, SSB SC offset: 24, SSB Ref: 0.000000, PSS Corr peak: 117 dB, PSS Corr Average: 81
[0m[PHY]    [UE0] In synch, rx_offset 99284 samples
[0m[PHY]    [UE 0] Measured Carrier Frequency offset -4 Hz
[0m[32m[PHY]    Initial sync successful, PCI: 0
[0m[PHY]    HW: Configuring channel 0 (rf_chain 0): setting tx_freq 4049759996 Hz, rx_freq 4049759996 Hz, tune_offset 0
[0m[PHY]    Got synch: hw_slot_offset 26, carrier off -4 Hz
[0m[32m[PHY]    UE synchronized! decoded_frame_rx=748 UE->init_sync_frame=0 trashed_frames=2
[0m[PHY]    Resynchronizing RX by 99284 samples
[0m[HW]     received write reorder clear context
[0m[PHY]    max_pos_acc = -189, shiftForNextFrame = 0
[0m[32m[NR_RRC] SIB1 decoded
[0m[NR_MAC] [UE 0] Initial cell selection: dl_frequency=4045440 kHz (from command-line, band=77, scs=1)
[0m[NR_MAC] Initial cell selection: uplink_frequency=4045440 kHz (from dl_frequency=4045440 kHz)
[0m[NR_MAC] TDD period index = 5, based on the sum of dl_UL_TransmissionPeriodicity from Pattern1 (2.500000 ms) and Pattern2 (0.000000 ms): Total = 2.500000 ms
[0m[NR_MAC] Set TDD configuration period to: 4 DL slots, 2 UL slots, 5 slots per period (NR_TDD_UL_DL_Pattern is 3 DL slots, 1 UL slots, 6 DL symbols, 4 UL symbols)
[0m[NR_MAC] Configured 1 TDD patterns (total slots: pattern1 = 5, pattern2 = 0)
[0m[MAC]    Initialization of 4-Step CBRA procedure
[0m[NR_MAC] PRACH scheduler: Selected RO Frame 752, Slot 19, Symbol 0, Fdm 0
[0m[PHY]    PRACH [UE 0] in frame.slot 752.19, placing PRACH in position 740, Msg1/MsgA-Preamble frequency start 0 (k1 0), preamble_offset 27, first_nonzero_root_idx 0, preambleIndex = 27
[0m[PHY]    [UE 0] RAR-Msg2 decoded
[0m[NR_MAC] [UE 0][RAPROC][RA-RNTI 010b] Got BI RAR subPDU 5 ms
[0m[NR_MAC] [UE 0][RAPROC][RA-RNTI 010b] Got RAPID RAR subPDU
[0m[32m[NR_MAC] [UE 0][RAPROC][753.10] Found RAR with the intended RAPID 27
[0m[93m[MAC]    received TA command 31
[0m[32m[NR_MAC] [RAPROC][753.18] RA-Msg3 transmitted
[0m[NR_MAC] [RAPROC][754.18] RA-Msg3 retransmitted
[0m[NR_MAC] [RAPROC][755.18] RA-Msg3 retransmitted
[0m[32m[NR_MAC] [UE 0][756.10][RAPROC] 4-Step RA procedure succeeded. CBRA: Contention Resolution is successful.
[0m[NR_RRC] [UE0][RAPROC] Logical Channel DL-CCCH (SRB0), Received NR_RRCSetup
[0m[RLC]    Added srb 1 to UE 0
[0m[NR_RRC] State = NR_RRC_CONNECTED
[0m[NAS]    Generate Initial NAS Message: Registration Request
[0m[NR_RRC] [UE 0][RAPROC] Logical Channel UL-DCCH (SRB1), Generating RRCSetupComplete (bytes32)
[0m[NAS]    [UE 0] Received NR_NAS_CONN_ESTABLISH_IND: asCause 0
[0m[MAC]    [UE 0] Applying CellGroupConfig from gNodeB
[0m[NR_MAC] UE 0 RNTI 5d34 stats sfn: 768.4, cumulated bad DCI 0
    DL harq: 13/0/0/0
    UL harq: 232/214/208/206 avg code rate 0.7, avg bit/symbol 2.0, avg per TB: (nb RBs 5.1, nb symbols 12.6)
[0m[1;31m[RLC]    max RETX reached on SRB 1
[0m[93m[NR_RRC] [UE 0 ID 0] Received indication that RLC reached max retransmissions
[0m[RLC]    Released RLC entity: ue_id=0, lc_id=1
[0m[NR_RRC] RRC moved into IDLE state
[0m[NAS]    [UE 0] Received NR_NAS_CONN_RELEASE_IND: cause OTHER
[0m[NR_MAC] [UE0] Initializing MAC
[0m[93m[PHY]    SSB position provided
[0m[93m[NR_PHY] Starting sync detection
[0m[PHY]    [UE thread Synch] Running Initial Synch 
[0m[NR_PHY] Starting cell search with center freq: 4049760000, bandwidth: 24. Scanning for 1 number of GSCN.
[0m[NR_PHY] Scanning GSCN: 0, with SSB offset: 24, SSB Freq: 0.000000
[0m[32m[PHY]    Initial sync: pbch decoded sucessfully, ssb index 0
[0m[PHY]    pbch rx ok. rsrp:74 dB/RE, adjust_rxgain:-24 dB
[0m[NR_PHY] Cell Detected with GSCN: 0, SSB SC offset: 24, SSB Ref: 0.000000, PSS Corr peak: 117 dB, PSS Corr Average: 82
[0m[PHY]    [UE0] In synch, rx_offset 22484 samples
[0m[PHY]    [UE 0] Measured Carrier Frequency offset -30 Hz
[0m[32m[PHY]    Initial sync successful, PCI: 0
[0m[PHY]    HW: Configuring channel 0 (rf_chain 0): setting tx_freq 4049759970 Hz, rx_freq 4049759970 Hz, tune_offset 0
[0m[PHY]    Got synch: hw_slot_offset 6, carrier off -30 Hz
[0m[32m[PHY]    UE synchronized! decoded_frame_rx=812 UE->init_sync_frame=1 trashed_frames=2
[0m[PHY]    Resynchronizing RX by 22484 samples
[0m[HW]     received write reorder clear context
[0m[PHY]    max_pos_acc = -204, shiftForNextFrame = 0
[0m[32m[NR_RRC] SIB1 decoded
[0m[NR_MAC] [UE 0] Initial cell selection: dl_frequency=4045440 kHz (from command-line, band=77, scs=1)
[0m[NR_MAC] Initial cell selection: uplink_frequency=4045440 kHz (from dl_frequency=4045440 kHz)
[0m[NR_MAC] TDD period index = 5, based on the sum of dl_UL_TransmissionPeriodicity from Pattern1 (2.500000 ms) and Pattern2 (0.000000 ms): Total = 2.500000 ms
[0m[NR_MAC] Set TDD configuration period to: 4 DL slots, 2 UL slots, 5 slots per period (NR_TDD_UL_DL_Pattern is 3 DL slots, 1 UL slots, 6 DL symbols, 4 UL symbols)
[0m[NR_MAC] Configured 1 TDD patterns (total slots: pattern1 = 5, pattern2 = 0)
[0m[MAC]    Initialization of 4-Step CBRA procedure
[0m[NR_MAC] PRACH scheduler: Selected RO Frame 816, Slot 19, Symbol 0, Fdm 0
[0m[PHY]    PRACH [UE 0] in frame.slot 816.19, placing PRACH in position 740, Msg1/MsgA-Preamble frequency start 0 (k1 0), preamble_offset 16, first_nonzero_root_idx 0, preambleIndex = 16
[0m[PHY]    [UE 0] RAR-Msg2 decoded
[0m[NR_MAC] [UE 0][RAPROC][RA-RNTI 010b] Got BI RAR subPDU 5 ms
[0m[NR_MAC] [UE 0][RAPROC][RA-RNTI 010b] Got RAPID RAR subPDU
[0m[32m[NR_MAC] [UE 0][RAPROC][817.10] Found RAR with the intended RAPID 16
[0m[93m[MAC]    received TA command 31
[0m[32m[NR_MAC] [RAPROC][817.18] RA-Msg3 transmitted
[0m[NR_MAC] [RAPROC][818.18] RA-Msg3 retransmitted
[0m[NR_MAC] [RAPROC][819.18] RA-Msg3 retransmitted
[0m[32m[NR_MAC] [UE 0][820.10][RAPROC] 4-Step RA procedure succeeded. CBRA: Contention Resolution is successful.
[0m[NR_RRC] [UE0][RAPROC] Logical Channel DL-CCCH (SRB0), Received NR_RRCSetup
[0m[RLC]    Added srb 1 to UE 0
[0m[NR_RRC] State = NR_RRC_CONNECTED
[0m[NAS]    Generate Initial NAS Message: Registration Request
[0m[NAS]    [UE 0] Received NR_NAS_CONN_ESTABLISH_IND: asCause 0
[0m[NR_RRC] [UE 0][RAPROC] Logical Channel UL-DCCH (SRB1), Generating RRCSetupComplete (bytes32)
[0m[MAC]    [UE 0] Applying CellGroupConfig from gNodeB
[0m[1;31m[RLC]    max RETX reached on SRB 1
[0m[93m[NR_RRC] [UE 0 ID 0] Received indication that RLC reached max retransmissions
[0m[RLC]    Released RLC entity: ue_id=0, lc_id=1
[0m[NR_RRC] RRC moved into IDLE state
[0m[NAS]    [UE 0] Received NR_NAS_CONN_RELEASE_IND: cause OTHER
[0m[NR_MAC] [UE0] Initializing MAC
[0m[93m[PHY]    SSB position provided
[0m[93m[NR_PHY] Starting sync detection
[0m[PHY]    [UE thread Synch] Running Initial Synch 
[0m[NR_PHY] Starting cell search with center freq: 4049760000, bandwidth: 24. Scanning for 1 number of GSCN.
[0m[NR_PHY] Scanning GSCN: 0, with SSB offset: 24, SSB Freq: 0.000000
[0m[32m[PHY]    Initial sync: pbch decoded sucessfully, ssb index 0
[0m[PHY]    pbch rx ok. rsrp:74 dB/RE, adjust_rxgain:-24 dB
[0m[NR_PHY] Cell Detected with GSCN: 0, SSB SC offset: 24, SSB Ref: 0.000000, PSS Corr peak: 117 dB, PSS Corr Average: 81
[0m[PHY]    [UE0] In synch, rx_offset 99284 samples
[0m[PHY]    [UE 0] Measured Carrier Frequency offset 34 Hz
[0m[32m[PHY]    Initial sync successful, PCI: 0
[0m[PHY]    HW: Configuring channel 0 (rf_chain 0): setting tx_freq 4049760034 Hz, rx_freq 4049760034 Hz, tune_offset 0
[0m[PHY]    Got synch: hw_slot_offset 26, carrier off 34 Hz
[0m[32m[PHY]    UE synchronized! decoded_frame_rx=876 UE->init_sync_frame=1 trashed_frames=2
[0m[PHY]    Resynchronizing RX by 99284 samples
[0m[HW]     received write reorder clear context
[0m[PHY]    max_pos_acc = -219, shiftForNextFrame = 0
[0m[32m[NR_RRC] SIB1 decoded
[0m[NR_MAC] [UE 0] Initial cell selection: dl_frequency=4045440 kHz (from command-line, band=77, scs=1)
[0m[NR_MAC] Initial cell selection: uplink_frequency=4045440 kHz (from dl_frequency=4045440 kHz)
[0m[NR_MAC] TDD period index = 5, based on the sum of dl_UL_TransmissionPeriodicity from Pattern1 (2.500000 ms) and Pattern2 (0.000000 ms): Total = 2.500000 ms
[0m[NR_MAC] Set TDD configuration period to: 4 DL slots, 2 UL slots, 5 slots per period (NR_TDD_UL_DL_Pattern is 3 DL slots, 1 UL slots, 6 DL symbols, 4 UL symbols)
[0m[NR_MAC] Configured 1 TDD patterns (total slots: pattern1 = 5, pattern2 = 0)
[0m[MAC]    Initialization of 4-Step CBRA procedure
[0m[NR_MAC] PRACH scheduler: Selected RO Frame 880, Slot 19, Symbol 0, Fdm 0
[0m[PHY]    PRACH [UE 0] in frame.slot 880.19, placing PRACH in position 740, Msg1/MsgA-Preamble frequency start 0 (k1 0), preamble_offset 6, first_nonzero_root_idx 0, preambleIndex = 6
[0m[PHY]    [UE 0] RAR-Msg2 decoded
[0m[NR_MAC] [UE 0][RAPROC][RA-RNTI 010b] Got BI RAR subPDU 5 ms
[0m[NR_MAC] [UE 0][RAPROC][RA-RNTI 010b] Got RAPID RAR subPDU
[0m[32m[NR_MAC] [UE 0][RAPROC][881.10] Found RAR with the intended RAPID 6
[0m[93m[MAC]    received TA command 31
[0m[32m[NR_MAC] [RAPROC][881.18] RA-Msg3 transmitted
[0m[NR_MAC] [RAPROC][882.18] RA-Msg3 retransmitted
[0m[NR_MAC] [RAPROC][883.18] RA-Msg3 retransmitted
[0m[32m[NR_MAC] [UE 0][884.10][RAPROC] 4-Step RA procedure succeeded. CBRA: Contention Resolution is successful.
[0m[NR_RRC] [UE0][RAPROC] Logical Channel DL-CCCH (SRB0), Received NR_RRCSetup
[0m[RLC]    Added srb 1 to UE 0
[0m[NR_RRC] State = NR_RRC_CONNECTED
[0m[NAS]    Generate Initial NAS Message: Registration Request
[0m[NR_RRC] [UE 0][RAPROC] Logical Channel UL-DCCH (SRB1), Generating RRCSetupComplete (bytes32)
[0m[NAS]    [UE 0] Received NR_NAS_CONN_ESTABLISH_IND: asCause 0
[0m[MAC]    [UE 0] Applying CellGroupConfig from gNodeB
[0m[NR_MAC] UE 0 RNTI ce41 stats sfn: 896.4, cumulated bad DCI 0
    DL harq: 15/0/0/0
    UL harq: 270/250/242/240 avg code rate 0.7, avg bit/symbol 2.0, avg per TB: (nb RBs 5.1, nb symbols 12.6)
[0m[1;31m[RLC]    max RETX reached on SRB 1
[0m[93m[NR_RRC] [UE 0 ID 0] Received indication that RLC reached max retransmissions
[0m[RLC]    Released RLC entity: ue_id=0, lc_id=1
[0m[NR_RRC] RRC moved into IDLE state
[0m[NAS]    [UE 0] Received NR_NAS_CONN_RELEASE_IND: cause OTHER
[0m[NR_MAC] [UE0] Initializing MAC
[0m[93m[PHY]    SSB position provided
[0m[93m[NR_PHY] Starting sync detection
[0m[PHY]    [UE thread Synch] Running Initial Synch 
[0m[NR_PHY] Starting cell search with center freq: 4049760000, bandwidth: 24. Scanning for 1 number of GSCN.
[0m[NR_PHY] Scanning GSCN: 0, with SSB offset: 24, SSB Freq: 0.000000
[0m[32m[PHY]    Initial sync: pbch decoded sucessfully, ssb index 0
[0m[PHY]    pbch rx ok. rsrp:74 dB/RE, adjust_rxgain:-24 dB
[0m[NR_PHY] Cell Detected with GSCN: 0, SSB SC offset: 24, SSB Ref: 0.000000, PSS Corr peak: 117 dB, PSS Corr Average: 81
[0m[PHY]    [UE0] In synch, rx_offset 99284 samples
[0m[PHY]    [UE 0] Measured Carrier Frequency offset 2 Hz
[0m[32m[PHY]    Initial sync successful, PCI: 0
[0m[PHY]    HW: Configuring channel 0 (rf_chain 0): setting tx_freq 4049760002 Hz, rx_freq 4049760002 Hz, tune_offset 0
[0m[PHY]    Got synch: hw_slot_offset 26, carrier off 2 Hz
[0m[32m[PHY]    UE synchronized! decoded_frame_rx=942 UE->init_sync_frame=0 trashed_frames=2
[0m[PHY]    Resynchronizing RX by 99284 samples
[0m[HW]     received write reorder clear context
[0m[PHY]    max_pos_acc = -237, shiftForNextFrame = 0
[0m[32m[NR_RRC] SIB1 decoded
[0m[NR_MAC] [UE 0] Initial cell selection: dl_frequency=4045440 kHz (from command-line, band=77, scs=1)
[0m[NR_MAC] Initial cell selection: uplink_frequency=4045440 kHz (from dl_frequency=4045440 kHz)
[0m[NR_MAC] TDD period index = 5, based on the sum of dl_UL_TransmissionPeriodicity from Pattern1 (2.500000 ms) and Pattern2 (0.000000 ms): Total = 2.500000 ms
[0m[NR_MAC] Set TDD configuration period to: 4 DL slots, 2 UL slots, 5 slots per period (NR_TDD_UL_DL_Pattern is 3 DL slots, 1 UL slots, 6 DL symbols, 4 UL symbols)
[0m[NR_MAC] Configured 1 TDD patterns (total slots: pattern1 = 5, pattern2 = 0)
[0m[MAC]    Initialization of 4-Step CBRA procedure
[0m[NR_MAC] PRACH scheduler: Selected RO Frame 946, Slot 19, Symbol 0, Fdm 0
[0m[PHY]    PRACH [UE 0] in frame.slot 946.19, placing PRACH in position 740, Msg1/MsgA-Preamble frequency start 0 (k1 0), preamble_offset 52, first_nonzero_root_idx 0, preambleIndex = 52
[0m[PHY]    [UE 0] RAR-Msg2 decoded
[0m[NR_MAC] [UE 0][RAPROC][RA-RNTI 010b] Got BI RAR subPDU 5 ms
[0m[NR_MAC] [UE 0][RAPROC][RA-RNTI 010b] Got RAPID RAR subPDU
[0m[32m[NR_MAC] [UE 0][RAPROC][947.10] Found RAR with the intended RAPID 52
[0m[93m[MAC]    received TA command 31
[0m[32m[NR_MAC] [RAPROC][947.18] RA-Msg3 transmitted
[0m[NR_MAC] [RAPROC][948.18] RA-Msg3 retransmitted
[0m[NR_MAC] [RAPROC][949.18] RA-Msg3 retransmitted
[0m[32m[NR_MAC] [UE 0][950.10][RAPROC] 4-Step RA procedure succeeded. CBRA: Contention Resolution is successful.
[0m[NR_RRC] [UE0][RAPROC] Logical Channel DL-CCCH (SRB0), Received NR_RRCSetup
[0m[RLC]    Added srb 1 to UE 0
[0m[NR_RRC] State = NR_RRC_CONNECTED
[0m[NAS]    Generate Initial NAS Message: Registration Request
[0m[NR_RRC] [UE 0][RAPROC] Logical Channel UL-DCCH (SRB1), Generating RRCSetupComplete (bytes32)
[0m[NAS]    [UE 0] Received NR_NAS_CONN_ESTABLISH_IND: asCause 0
[0m[MAC]    [UE 0] Applying CellGroupConfig from gNodeB
[0m[1;31m[RLC]    max RETX reached on SRB 1
[0m[93m[NR_RRC] [UE 0 ID 0] Received indication that RLC reached max retransmissions
[0m[RLC]    Released RLC entity: ue_id=0, lc_id=1
[0m[NR_RRC] RRC moved into IDLE state
[0m[NAS]    [UE 0] Received NR_NAS_CONN_RELEASE_IND: cause OTHER
[0m[NR_MAC] [UE0] Initializing MAC
[0m[93m[PHY]    SSB position provided
[0m[93m[NR_PHY] Starting sync detection
[0m[PHY]    [UE thread Synch] Running Initial Synch 
[0m[NR_PHY] Starting cell search with center freq: 4049760000, bandwidth: 24. Scanning for 1 number of GSCN.
[0m[NR_PHY] Scanning GSCN: 0, with SSB offset: 24, SSB Freq: 0.000000
[0m[32m[PHY]    Initial sync: pbch decoded sucessfully, ssb index 0
[0m[PHY]    pbch rx ok. rsrp:74 dB/RE, adjust_rxgain:-24 dB
[0m[NR_PHY] Cell Detected with GSCN: 0, SSB SC offset: 24, SSB Ref: 0.000000, PSS Corr peak: 117 dB, PSS Corr Average: 82
[0m[PHY]    [UE0] In synch, rx_offset 99284 samples
[0m[PHY]    [UE 0] Measured Carrier Frequency offset -14 Hz
[0m[32m[PHY]    Initial sync successful, PCI: 0
[0m[PHY]    HW: Configuring channel 0 (rf_chain 0): setting tx_freq 4049759986 Hz, rx_freq 4049759986 Hz, tune_offset 0
[0m[PHY]    Got synch: hw_slot_offset 26, carrier off -14 Hz
[0m[32m[PHY]    UE synchronized! decoded_frame_rx=1008 UE->init_sync_frame=0 trashed_frames=2
[0m[PHY]    Resynchronizing RX by 99284 samples
[0m[HW]     received write reorder clear context
[0m[PHY]    max_pos_acc = -255, shiftForNextFrame = 0
[0m[32m[NR_RRC] SIB1 decoded
[0m[NR_MAC] [UE 0] Initial cell selection: dl_frequency=4045440 kHz (from command-line, band=77, scs=1)
[0m[NR_MAC] Initial cell selection: uplink_frequency=4045440 kHz (from dl_frequency=4045440 kHz)
[0m[NR_MAC] TDD period index = 5, based on the sum of dl_UL_TransmissionPeriodicity from Pattern1 (2.500000 ms) and Pattern2 (0.000000 ms): Total = 2.500000 ms
[0m[NR_MAC] Set TDD configuration period to: 4 DL slots, 2 UL slots, 5 slots per period (NR_TDD_UL_DL_Pattern is 3 DL slots, 1 UL slots, 6 DL symbols, 4 UL symbols)
[0m[NR_MAC] Configured 1 TDD patterns (total slots: pattern1 = 5, pattern2 = 0)
[0m[MAC]    Initialization of 4-Step CBRA procedure
[0m[NR_MAC] PRACH scheduler: Selected RO Frame 1012, Slot 19, Symbol 0, Fdm 0
[0m[PHY]    PRACH [UE 0] in frame.slot 1012.19, placing PRACH in position 740, Msg1/MsgA-Preamble frequency start 0 (k1 0), preamble_offset 63, first_nonzero_root_idx 0, preambleIndex = 63
[0m[PHY]    [UE 0] RAR-Msg2 decoded
[0m[NR_MAC] [UE 0][RAPROC][RA-RNTI 010b] Got BI RAR subPDU 5 ms
[0m[NR_MAC] [UE 0][RAPROC][RA-RNTI 010b] Got RAPID RAR subPDU
[0m[32m[NR_MAC] [UE 0][RAPROC][1013.10] Found RAR with the intended RAPID 63
[0m[93m[MAC]    received TA command 31
[0m[32m[NR_MAC] [RAPROC][1013.18] RA-Msg3 transmitted
[0m[NR_MAC] [RAPROC][1014.18] RA-Msg3 retransmitted
[0m[32m[NR_MAC] [UE 0][1015.10][RAPROC] 4-Step RA procedure succeeded. CBRA: Contention Resolution is successful.
[0m[93m[NR_RRC] [UE0] Logical Channel DL-CCCH (SRB0), Received RRCReject 
[0m[93m[NR_RRC] [UE 0] Timer T302 expired! Access barring alleviated!
[0m