Logging terminal output to /home/jesse/oran_lab/logs/run_ue/run_ue_20260522_152640_pid539821.log
UE cores: 16,17,18,19
VRTSIM shared memory is ready; starting UE without waiting for non-zero DL samples.
CMDLINE: "./nr-uesoftmodem" "-C" "4049760000" "-r" "106" "--numerology" "1" "--band" "77" "--ssb" "516" "--device.name" "vrtsim" "--vrtsim.role" "client" "--ue-nb-ant-tx" "1" "--ue-nb-ant-rx" "1" 
[UTIL]   running in SA mode (no --phy-test, --do-ra, --nsa option present)
[0m[UTIL]   threadCreate() for Tpool0_-1: creating thread with affinity ffffffff, priority 97
[0m[UTIL]   threadCreate() for Tpool1_-1: creating thread with affinity ffffffff, priority 97
[0m[UTIL]   threadCreate() for Tpool2_-1: creating thread with affinity ffffffff, priority 97
[0m[UTIL]   threadCreate() for Tpool3_-1: creating thread with affinity ffffffff, priority 97
[0m[UTIL]   threadCreate() for Tpool4_-1: creating thread with affinity ffffffff, priority 97
[0m[UTIL]   threadCreate() for Tpool5_-1: creating thread with affinity ffffffff, priority 97
[0m[UTIL]   threadCreate() for Tpool6_-1: creating thread with affinity ffffffff, priority 97
[0m[UTIL]   threadCreate() for Tpool7_-1: creating thread with affinity ffffffff, priority 97
[0m[OPT]    OPT disabled
[0m[HW]     Version: Branch: oru-rebase-1-plus-compression Abrev. Hash: dae942c616 Date: Fri May 15 22:54:55 2026 +0000
[0m[NR_RRC] create TASK_RRC_NRUE 
[0m[UTIL]   threadCreate() for TASK_RRC_NRUE: creating thread with affinity ffffffff, priority 50
[0m[UTIL]   threadCreate() for TASK_NAS_NRUE: creating thread with affinity ffffffff, priority 50
[0m[SIM]    UICC simulation: IMSI=2089900007487, IMEISV=6754567890123413, Ki=fec86ba6eb707ed08905757b1bb44b8f, OPc=c42449363bbad02b66d16bc975d77cc1
[0m[NR_MAC] [UE0] Initializing MAC
[0m[NR_MAC] Initializing dl and ul config_request. num_slots = 20
[0m[RLC]    Activated srb0 for UE 0
[0m[UTIL]   threadCreate() for time source realtime: creating thread with affinity ffffffff, priority 2
[0m[UTIL]   time manager configuration: [time source: reatime] [mode: standalone] [server IP: 127.0.0.1} [server port: 7374] (server IP/port not used)
[0m[PHY]    Set UE nb_rx_antenna 1, nb_tx_antenna 1, threequarter_fs 0, ofdm_offset_divisor 8
[0m[PHY]    SA init parameters. DL freq 4049760000 UL offset 0 SSB numerology 1 N_RB_DL 106
[0m[PHY]    Init: N_RB_DL 106, first_carrier_offset 1412, nb_prefix_samples 144,nb_prefix_samples0 176, ofdm_symbol_size 2048
[0m[93m[PHY]    samples_per_subframe 61440/per second 61440000, wCP 57344
[0m[PHY]    Set UE_fo_compensation 0, UE_scan_carrier 0, UE_no_timing_correction 0 
, chest-freq 0, chest-time 0
[0m[UTIL]   threadCreate() for SYNC__actor: creating thread with affinity ffffffff, priority 97
[0m[UTIL]   threadCreate() for DL__actor: creating thread with affinity ffffffff, priority 97
[0m[UTIL]   threadCreate() for DL__actor: creating thread with affinity ffffffff, priority 97
[0m[UTIL]   threadCreate() for DL__actor: creating thread with affinity ffffffff, priority 97
[0m[UTIL]   threadCreate() for DL__actor: creating thread with affinity ffffffff, priority 97
[0m[UTIL]   threadCreate() for UL__actor: creating thread with affinity ffffffff, priority 97
[0m[UTIL]   threadCreate() for UL__actor: creating thread with affinity ffffffff, priority 97
[0m[PHY]    Initializing UE vars for gNB TXant 1, UE RXant 1
[0m[PHY]    prs_config configuration NOT found..!! Skipped configuring UE for the PRS reception
[0m[PHY]    HW: Configuring ru_id 0, sample_rate 61440000.000000, tx/rx num_channels 1/1, duplex_mode TDD
[0m[PHY]    HW: Configuring channel 0 (rf_chain 0): setting tx_freq 4049760000 Hz, rx_freq 4049760000 Hz, tune_offset 0
[0m[PHY]    HW: Configuring channel 0 (rf_chain 0): setting tx_gain 0, rx_gain 110
[0m[UTIL]   threadCreate() for ru_start_thread: creating thread with affinity ffffffff, priority 97
[0m[HW]     VRTSIM: TX sample advance 4096 samples
[0m[HW]     Running as client: will connect to a vrtsim server
[0m[HW]     [RAU] has loaded RFSIMULATOR device.
[0m[HW]     VRTSIM: UE 0/1 - 1x1 antennas, UL offset=0, DL offset=0
[0m[PHY]    Intializing UE Threads for instance 0 ...
[0m[UTIL]   threadCreate() for UEthread_0: creating thread with affinity ffffffff, priority 97
[0m[UTIL]   threadCreate() for L1_UE_stats_0: creating thread with affinity ffffffff, priority 1
[0m[93m[PHY]    SSB position provided
[0m[93m[NR_PHY] Starting sync detection
[0m[PHY]    [UE thread Synch] Running Initial Synch 
[0m[NR_PHY] Starting cell search with center freq: 4049760000, bandwidth: 106. Scanning for 1 number of GSCN.
[0m[NR_PHY] Scanning GSCN: 0, with SSB offset: 516, SSB Freq: 0.000000
[0m[32m[PHY]    Initial sync: pbch decoded sucessfully, ssb index 0
[0m[PHY]    pbch rx ok. rsrp:75 dB/RE, adjust_rxgain:-25 dB
[0m[NR_PHY] Cell Detected with GSCN: 0, SSB SC offset: 516, SSB Ref: 0.000000, PSS Corr peak: 120 dB, PSS Corr Average: 84
[0m[PHY]    [UE0] In synch, rx_offset 112260 samples
[0m[PHY]    [UE 0] Measured Carrier Frequency offset -9 Hz
[0m[32m[PHY]    Initial sync successful, PCI: 0
[0m[PHY]    HW: Configuring channel 0 (rf_chain 0): setting tx_freq 4049759991 Hz, rx_freq 4049759991 Hz, tune_offset 0
[0m[PHY]    Got synch: hw_slot_offset 7, carrier off -9 Hz
[0m[NR_RRC] [UE 0] BCCH update: phyCellID 0->0, arfcn_ssb 0->669984
[0m[32m[PHY]    UE synchronized! decoded_frame_rx=566 UE->init_sync_frame=1 trashed_frames=8
[0m[PHY]    Resynchronizing RX by 112260 samples
[0m[HW]     received write reorder clear context
[0m[PHY]    max_pos_acc = 0, shiftForNextFrame = 0
[0m[32m[NR_RRC] SIB1 decoded
[0m[NR_MAC] [UE 0] Initial cell selection: dl_frequency=4030680 kHz (from command-line, band=77, scs=1)
[0m[NR_MAC] Initial cell selection: uplink_frequency=4030680 kHz (from dl_frequency=4030680 kHz)
[0m[NR_MAC] TDD period index = 5, based on the sum of dl_UL_TransmissionPeriodicity from Pattern1 (2.500000 ms) and Pattern2 (0.000000 ms): Total = 2.500000 ms
[0m[NR_MAC] Set TDD configuration period to: 4 DL slots, 2 UL slots, 5 slots per period (NR_TDD_UL_DL_Pattern is 3 DL slots, 1 UL slots, 6 DL symbols, 4 UL symbols)
[0m[NR_MAC] Configured 1 TDD patterns (total slots: pattern1 = 5, pattern2 = 0)
[0m[PHY]    N_TA_offset changed from 0 to 800
[0m[MAC]    Initialization of 4-Step CBRA procedure
[0m[NR_MAC] PRACH scheduler: Selected RO Frame 576, Slot 19, Symbol 0, Fdm 0
[0m[PHY]    PRACH [UE 0] in frame.slot 576.19, placing PRACH in position 2828, Msg1/MsgA-Preamble frequency start 0 (k1 0), preamble_offset 22, first_nonzero_root_idx 0, preambleIndex = 22
[0m[93m[MAC]    [UE 0] RAR reception failed
[0m[NR_MAC] PRACH scheduler: Selected RO Frame 578, Slot 19, Symbol 0, Fdm 0
[0m[PHY]    PRACH [UE 0] in frame.slot 578.19, placing PRACH in position 2828, Msg1/MsgA-Preamble frequency start 0 (k1 0), preamble_offset 9, first_nonzero_root_idx 0, preambleIndex = 9
[0m[93m[MAC]    [UE 0] RAR reception failed
[0m[NR_MAC] PRACH scheduler: Selected RO Frame 580, Slot 19, Symbol 0, Fdm 0
[0m[PHY]    PRACH [UE 0] in frame.slot 580.19, placing PRACH in position 2828, Msg1/MsgA-Preamble frequency start 0 (k1 0), preamble_offset 27, first_nonzero_root_idx 0, preambleIndex = 27
[0m[93m[MAC]    [UE 0] RAR reception failed
[0m[NR_MAC] PRACH scheduler: Selected RO Frame 582, Slot 19, Symbol 0, Fdm 0
[0m[PHY]    PRACH [UE 0] in frame.slot 582.19, placing PRACH in position 2828, Msg1/MsgA-Preamble frequency start 0 (k1 0), preamble_offset 49, first_nonzero_root_idx 0, preambleIndex = 49
[0m[93m[MAC]    [UE 0] RAR reception failed
[0m[NR_MAC] PRACH scheduler: Selected RO Frame 584, Slot 19, Symbol 0, Fdm 0
[0m[PHY]    PRACH [UE 0] in frame.slot 584.19, placing PRACH in position 2828, Msg1/MsgA-Preamble frequency start 0 (k1 0), preamble_offset 11, first_nonzero_root_idx 0, preambleIndex = 11
[0m[93m[MAC]    [UE 0] RAR reception failed
[0m[NR_MAC] PRACH scheduler: Selected RO Frame 586, Slot 19, Symbol 0, Fdm 0
[0m[PHY]    PRACH [UE 0] in frame.slot 586.19, placing PRACH in position 2828, Msg1/MsgA-Preamble frequency start 0 (k1 0), preamble_offset 15, first_nonzero_root_idx 0, preambleIndex = 15
[0m[93m[MAC]    [UE 0] RAR reception failed
[0m[NR_MAC] PRACH scheduler: Selected RO Frame 588, Slot 19, Symbol 0, Fdm 0
[0m[PHY]    PRACH [UE 0] in frame.slot 588.19, placing PRACH in position 2828, Msg1/MsgA-Preamble frequency start 0 (k1 0), preamble_offset 22, first_nonzero_root_idx 0, preambleIndex = 22
[0m[93m[MAC]    [UE 0] RAR reception failed
[0m[NR_MAC] PRACH scheduler: Selected RO Frame 590, Slot 19, Symbol 0, Fdm 0
[0m[PHY]    PRACH [UE 0] in frame.slot 590.19, placing PRACH in position 2828, Msg1/MsgA-Preamble frequency start 0 (k1 0), preamble_offset 1, first_nonzero_root_idx 0, preambleIndex = 1
[0m[93m[MAC]    [UE 0] RAR reception failed
[0m[NR_MAC] PRACH scheduler: Selected RO Frame 592, Slot 19, Symbol 0, Fdm 0
[0m[PHY]    PRACH [UE 0] in frame.slot 592.19, placing PRACH in position 2828, Msg1/MsgA-Preamble frequency start 0 (k1 0), preamble_offset 41, first_nonzero_root_idx 0, preambleIndex = 41
[0m[93m[MAC]    [UE 0] RAR reception failed
[0m[NR_MAC] PRACH scheduler: Selected RO Frame 594, Slot 19, Symbol 0, Fdm 0
[0m[PHY]    PRACH [UE 0] in frame.slot 594.19, placing PRACH in position 2828, Msg1/MsgA-Preamble frequency start 0 (k1 0), preamble_offset 62, first_nonzero_root_idx 0, preambleIndex = 62
[0m[93m[MAC]    [UE 0] RAR reception failed
[0m[NR_MAC] PRACH scheduler: Selected RO Frame 596, Slot 19, Symbol 0, Fdm 0
[0m[PHY]    PRACH [UE 0] in frame.slot 596.19, placing PRACH in position 2828, Msg1/MsgA-Preamble frequency start 0 (k1 0), preamble_offset 57, first_nonzero_root_idx 0, preambleIndex = 57
[0m[93m[MAC]    [UE 0] RAR reception failed
[0m[NR_MAC] PRACH scheduler: Selected RO Frame 598, Slot 19, Symbol 0, Fdm 0
[0m[PHY]    PRACH [UE 0] in frame.slot 598.19, placing PRACH in position 2828, Msg1/MsgA-Preamble frequency start 0 (k1 0), preamble_offset 30, first_nonzero_root_idx 0, preambleIndex = 30
[0m[93m[MAC]    [UE 0] RAR reception failed
[0m[NR_MAC] PRACH scheduler: Selected RO Frame 600, Slot 19, Symbol 0, Fdm 0
[0m[PHY]    PRACH [UE 0] in frame.slot 600.19, placing PRACH in position 2828, Msg1/MsgA-Preamble frequency start 0 (k1 0), preamble_offset 39, first_nonzero_root_idx 0, preambleIndex = 39
[0m[93m[MAC]    [UE 0] RAR reception failed
[0m[NR_MAC] PRACH scheduler: Selected RO Frame 602, Slot 19, Symbol 0, Fdm 0
[0m[PHY]    PRACH [UE 0] in frame.slot 602.19, placing PRACH in position 2828, Msg1/MsgA-Preamble frequency start 0 (k1 0), preamble_offset 62, first_nonzero_root_idx 0, preambleIndex = 62
[0m[93m[MAC]    [UE 0] RAR reception failed
[0m[NR_MAC] PRACH scheduler: Selected RO Frame 604, Slot 19, Symbol 0, Fdm 0
[0m[PHY]    PRACH [UE 0] in frame.slot 604.19, placing PRACH in position 2828, Msg1/MsgA-Preamble frequency start 0 (k1 0), preamble_offset 29, first_nonzero_root_idx 0, preambleIndex = 29
[0m[93m[MAC]    [UE 0] RAR reception failed
[0m[NR_MAC] PRACH scheduler: Selected RO Frame 606, Slot 19, Symbol 0, Fdm 0
[0m[PHY]    PRACH [UE 0] in frame.slot 606.19, placing PRACH in position 2828, Msg1/MsgA-Preamble frequency start 0 (k1 0), preamble_offset 40, first_nonzero_root_idx 0, preambleIndex = 40
[0m[93m[MAC]    [UE 0] RAR reception failed
[0m[NR_MAC] PRACH scheduler: Selected RO Frame 608, Slot 19, Symbol 0, Fdm 0
[0m[PHY]    PRACH [UE 0] in frame.slot 608.19, placing PRACH in position 2828, Msg1/MsgA-Preamble frequency start 0 (k1 0), preamble_offset 19, first_nonzero_root_idx 0, preambleIndex = 19
[0m[93m[MAC]    [UE 0] RAR reception failed
[0m[NR_MAC] PRACH scheduler: Selected RO Frame 610, Slot 19, Symbol 0, Fdm 0
[0m[PHY]    PRACH [UE 0] in frame.slot 610.19, placing PRACH in position 2828, Msg1/MsgA-Preamble frequency start 0 (k1 0), preamble_offset 29, first_nonzero_root_idx 0, preambleIndex = 29
[0m[93m[MAC]    [UE 0] RAR reception failed
[0m[NR_MAC] PRACH scheduler: Selected RO Frame 612, Slot 19, Symbol 0, Fdm 0
[0m[PHY]    PRACH [UE 0] in frame.slot 612.19, placing PRACH in position 2828, Msg1/MsgA-Preamble frequency start 0 (k1 0), preamble_offset 41, first_nonzero_root_idx 0, preambleIndex = 41
[0m[93m[MAC]    [UE 0] RAR reception failed
[0m[NR_MAC] PRACH scheduler: Selected RO Frame 614, Slot 19, Symbol 0, Fdm 0
[0m[PHY]    PRACH [UE 0] in frame.slot 614.19, placing PRACH in position 2828, Msg1/MsgA-Preamble frequency start 0 (k1 0), preamble_offset 53, first_nonzero_root_idx 0, preambleIndex = 53
[0m[93m[MAC]    [UE 0] RAR reception failed
[0m[NR_RRC] RRC moved into IDLE state
[0m[NAS]    [UE 0] Received NR_NAS_CONN_RELEASE_IND: cause OTHER
[0m[NR_MAC] [UE0] Initializing MAC
[0m[93m[PHY]    SSB position provided
[0m[93m[NR_PHY] Starting sync detection
[0m[PHY]    [UE thread Synch] Running Initial Synch 
[0m[NR_PHY] Starting cell search with center freq: 4049760000, bandwidth: 106. Scanning for 1 number of GSCN.
[0m[NR_PHY] Scanning GSCN: 0, with SSB offset: 516, SSB Freq: 0.000000
[0m[32m[PHY]    Initial sync: pbch decoded sucessfully, ssb index 0
[0m[PHY]    pbch rx ok. rsrp:75 dB/RE, adjust_rxgain:-25 dB
[0m[NR_PHY] Cell Detected with GSCN: 0, SSB SC offset: 516, SSB Ref: 0.000000, PSS Corr peak: 120 dB, PSS Corr Average: 84
[0m[PHY]    [UE0] In synch, rx_offset 550736 samples
[0m[PHY]    [UE 0] Measured Carrier Frequency offset -4 Hz
[0m[32m[PHY]    Initial sync successful, PCI: 0
[0m[PHY]    HW: Configuring channel 0 (rf_chain 0): setting tx_freq 4049759996 Hz, rx_freq 4049759996 Hz, tune_offset 0
[0m[PHY]    Got synch: hw_slot_offset 36, carrier off -4 Hz
[0m[32m[PHY]    UE synchronized! decoded_frame_rx=618 UE->init_sync_frame=0 trashed_frames=14
[0m[PHY]    Resynchronizing RX by 550736 samples
[0m[HW]     received write reorder clear context
[0m[PHY]    max_pos_acc = -2, shiftForNextFrame = 0
[0m[1;31m[PHY]    [UE 0] frame 296, nr_slot_rx 0, Error decoding PBCH!
[0m[1;31m[PHY]    [UE 0] frame 298, nr_slot_rx 0, Error decoding PBCH!
[0m[1;31m[PHY]    [UE 0] frame 300, nr_slot_rx 0, Error decoding PBCH!
[0m[1;31m[PHY]    [UE 0] frame 302, nr_slot_rx 0, Error decoding PBCH!
[0m[1;31m[PHY]    [UE 0] frame 304, nr_slot_rx 0, Error decoding PBCH!
[0m[1;31m[PHY]    [UE 0] frame 306, nr_slot_rx 0, Error decoding PBCH!
[0m[1;31m[PHY]    [UE 0] frame 308, nr_slot_rx 0, Error decoding PBCH!
[0m[1;31m[PHY]    [UE 0] frame 310, nr_slot_rx 0, Error decoding PBCH!
[0m[1;31m[PHY]    [UE 0] frame 312, nr_slot_rx 0, Error decoding PBCH!
[0m[1;31m[PHY]    [UE 0] frame 314, nr_slot_rx 0, Error decoding PBCH!
[0m[1;31m[PHY]    [UE 0] frame 316, nr_slot_rx 0, Error decoding PBCH!
[0m[1;31m[PHY]    [UE 0] frame 318, nr_slot_rx 0, Error decoding PBCH!
[0m[1;31m[PHY]    [UE 0] frame 320, nr_slot_rx 0, Error decoding PBCH!
[0m[1;31m[PHY]    [UE 0] frame 322, nr_slot_rx 0, Error decoding PBCH!
[0m[1;31m[PHY]    [UE 0] frame 324, nr_slot_rx 0, Error decoding PBCH!
[0m[1;31m[PHY]    [UE 0] frame 326, nr_slot_rx 0, Error decoding PBCH!
[0m[1;31m[PHY]    [UE 0] frame 328, nr_slot_rx 0, Error decoding PBCH!
[0m[1;31m[PHY]    [UE 0] frame 330, nr_slot_rx 0, Error decoding PBCH!
[0m[1;31m[PHY]    [UE 0] frame 332, nr_slot_rx 0, Error decoding PBCH!
[0m[1;31m[PHY]    [UE 0] frame 334, nr_slot_rx 0, Error decoding PBCH!
[0m[1;31m[PHY]    [UE 0] frame 336, nr_slot_rx 0, Error decoding PBCH!
[0m[1;31m[PHY]    [UE 0] frame 338, nr_slot_rx 0, Error decoding PBCH!
[0m[1;31m[PHY]    [UE 0] frame 340, nr_slot_rx 0, Error decoding PBCH!
[0m[1;31m[PHY]    [UE 0] frame 342, nr_slot_rx 0, Error decoding PBCH!
[0m[1;31m[PHY]    [UE 0] frame 344, nr_slot_rx 0, Error decoding PBCH!
[0m[1;31m[PHY]    [UE 0] frame 346, nr_slot_rx 0, Error decoding PBCH!
[0m[1;31m[PHY]    [UE 0] frame 348, nr_slot_rx 0, Error decoding PBCH!
[0m[1;31m[PHY]    [UE 0] frame 350, nr_slot_rx 0, Error decoding PBCH!
[0m[1;31m[PHY]    [UE 0] frame 352, nr_slot_rx 0, Error decoding PBCH!
[0m[1;31m[PHY]    [UE 0] frame 354, nr_slot_rx 0, Error decoding PBCH!
[0m[1;31m[PHY]    [UE 0] frame 356, nr_slot_rx 0, Error decoding PBCH!
[0m[1;31m[PHY]    [UE 0] frame 358, nr_slot_rx 0, Error decoding PBCH!
[0m[1;31m[PHY]    [UE 0] frame 360, nr_slot_rx 0, Error decoding PBCH!
[0m[1;31m[PHY]    [UE 0] frame 362, nr_slot_rx 0, Error decoding PBCH!
[0m[1;31m[PHY]    [UE 0] frame 364, nr_slot_rx 0, Error decoding PBCH!
[0m[1;31m[PHY]    [UE 0] frame 366, nr_slot_rx 0, Error decoding PBCH!
[0m[1;31m[PHY]    [UE 0] frame 368, nr_slot_rx 0, Error decoding PBCH!
[0m[1;31m[PHY]    [UE 0] frame 370, nr_slot_rx 0, Error decoding PBCH!
[0m[1;31m[PHY]    [UE 0] frame 372, nr_slot_rx 0, Error decoding PBCH!
[0m[1;31m[PHY]    [UE 0] frame 374, nr_slot_rx 0, Error decoding PBCH!
[0m[1;31m[PHY]    [UE 0] frame 376, nr_slot_rx 0, Error decoding PBCH!
[0m[1;31m[PHY]    [UE 0] frame 378, nr_slot_rx 0, Error decoding PBCH!
[0m[1;31m[PHY]    [UE 0] frame 380, nr_slot_rx 0, Error decoding PBCH!
[0m[1;31m[PHY]    [UE 0] frame 382, nr_slot_rx 0, Error decoding PBCH!
[0m[1;31m[PHY]    [UE 0] frame 384, nr_slot_rx 0, Error decoding PBCH!
[0m[1;31m[PHY]    [UE 0] frame 386, nr_slot_rx 0, Error decoding PBCH!
[0m[1;31m[PHY]    [UE 0] frame 388, nr_slot_rx 0, Error decoding PBCH!
[0m[1;31m[PHY]    [UE 0] frame 390, nr_slot_rx 0, Error decoding PBCH!
[0m[1;31m[PHY]    [UE 0] frame 392, nr_slot_rx 0, Error decoding PBCH!
[0m[1;31m[PHY]    [UE 0] frame 394, nr_slot_rx 0, Error decoding PBCH!
[0m[1;31m[PHY]    [UE 0] frame 396, nr_slot_rx 0, Error decoding PBCH!
[0m[1;31m[PHY]    [UE 0] frame 398, nr_slot_rx 0, Error decoding PBCH!
[0m[1;31m[PHY]    [UE 0] frame 400, nr_slot_rx 0, Error decoding PBCH!
[0m[1;31m[PHY]    [UE 0] frame 402, nr_slot_rx 0, Error decoding PBCH!
[0m[1;31m[PHY]    [UE 0] frame 404, nr_slot_rx 0, Error decoding PBCH!
[0m[1;31m[PHY]    [UE 0] frame 406, nr_slot_rx 0, Error decoding PBCH!
[0m[1;31m[PHY]    [UE 0] frame 408, nr_slot_rx 0, Error decoding PBCH!
[0m[1;31m[PHY]    [UE 0] frame 410, nr_slot_rx 0, Error decoding PBCH!
[0m[1;31m[PHY]    [UE 0] frame 412, nr_slot_rx 0, Error decoding PBCH!
[0m[1;31m[PHY]    [UE 0] frame 414, nr_slot_rx 0, Error decoding PBCH!
[0m[1;31m[PHY]    [UE 0] frame 416, nr_slot_rx 0, Error decoding PBCH!
[0m[1;31m[PHY]    [UE 0] frame 418, nr_slot_rx 0, Error decoding PBCH!
[0m[1;31m[PHY]    [UE 0] frame 420, nr_slot_rx 0, Error decoding PBCH!
[0m[1;31m[PHY]    [UE 0] frame 422, nr_slot_rx 0, Error decoding PBCH!
[0m[1;31m[PHY]    [UE 0] frame 424, nr_slot_rx 0, Error decoding PBCH!
[0m[1;31m[PHY]    [UE 0] frame 426, nr_slot_rx 0, Error decoding PBCH!
[0m[1;31m[PHY]    [UE 0] frame 428, nr_slot_rx 0, Error decoding PBCH!
[0m[1;31m[PHY]    [UE 0] frame 430, nr_slot_rx 0, Error decoding PBCH!
[0m[1;31m[PHY]    [UE 0] frame 432, nr_slot_rx 0, Error decoding PBCH!
[0m[1;31m[PHY]    [UE 0] frame 434, nr_slot_rx 0, Error decoding PBCH!
[0m[1;31m[PHY]    [UE 0] frame 436, nr_slot_rx 0, Error decoding PBCH!
[0m[1;31m[PHY]    [UE 0] frame 438, nr_slot_rx 0, Error decoding PBCH!
[0m[1;31m[PHY]    [UE 0] frame 440, nr_slot_rx 0, Error decoding PBCH!
[0m[1;31m[PHY]    [UE 0] frame 442, nr_slot_rx 0, Error decoding PBCH!
[0m[1;31m[PHY]    [UE 0] frame 444, nr_slot_rx 0, Error decoding PBCH!
[0m[1;31m[PHY]    [UE 0] frame 446, nr_slot_rx 0, Error decoding PBCH!
[0m[1;31m[PHY]    [UE 0] frame 448, nr_slot_rx 0, Error decoding PBCH!
[0m[1;31m[PHY]    [UE 0] frame 450, nr_slot_rx 0, Error decoding PBCH!
[0m[1;31m[PHY]    [UE 0] frame 452, nr_slot_rx 0, Error decoding PBCH!
[0m[1;31m[PHY]    [UE 0] frame 454, nr_slot_rx 0, Error decoding PBCH!
[0m[1;31m[PHY]    [UE 0] frame 456, nr_slot_rx 0, Error decoding PBCH!
[0m[1;31m[PHY]    [UE 0] frame 458, nr_slot_rx 0, Error decoding PBCH!
[0m[1;31m[PHY]    [UE 0] frame 460, nr_slot_rx 0, Error decoding PBCH!
[0m[1;31m[PHY]    [UE 0] frame 462, nr_slot_rx 0, Error decoding PBCH!
[0m[1;31m[PHY]    [UE 0] frame 464, nr_slot_rx 0, Error decoding PBCH!
[0m[1;31m[PHY]    [UE 0] frame 466, nr_slot_rx 0, Error decoding PBCH!
[0m[1;31m[PHY]    [UE 0] frame 468, nr_slot_rx 0, Error decoding PBCH!
[0m[1;31m[PHY]    [UE 0] frame 470, nr_slot_rx 0, Error decoding PBCH!
[0m[1;31m[PHY]    [UE 0] frame 472, nr_slot_rx 0, Error decoding PBCH!
[0m