Logging terminal output to /home/jesse/oran_lab/logs/run_ue/run_ue_20260525_210616_pid621825.log
UE cores: 20,21,22,23
UE sample advance: 0
VRTSIM shared memory is ready; starting UE without waiting for non-zero DL samples.
CMDLINE: "./nr-uesoftmodem" "-O" "/home/jesse/oran_lab/ue_test.conf" "-C" "4049760000" "-r" "24" "--numerology" "1" "--band" "77" "--ssb" "24" "-A" "0" "--device.name" "vrtsim" "--vrtsim.role" "client" "--ue-nb-ant-tx" "1" "--ue-nb-ant-rx" "1" 
[UTIL]   running in SA mode (no --phy-test, --do-ra, --nsa option present)
[0m[UTIL]   threadCreate() for Tpool0_-1: creating thread with affinity ffffffff, priority 97
[0m[UTIL]   threadCreate() for Tpool1_-1: creating thread with affinity ffffffff, priority 97
[0m[UTIL]   threadCreate() for Tpool2_-1: creating thread with affinity ffffffff, priority 97
[0m[UTIL]   threadCreate() for Tpool3_-1: creating thread with affinity ffffffff, priority 97
[0m[UTIL]   threadCreate() for Tpool4_-1: creating thread with affinity ffffffff, priority 97
[0m[UTIL]   threadCreate() for Tpool5_-1: creating thread with affinity ffffffff, priority 97
[0m[UTIL]   threadCreate() for Tpool6_-1: creating thread with affinity ffffffff, priority 97
[0m[UTIL]   threadCreate() for Tpool7_-1: creating thread with affinity ffffffff, priority 97
[0m[UTIL]   threadCreate() for Tpool8_-1: creating thread with affinity ffffffff, priority 97
[0m[UTIL]   threadCreate() for Tpool9_-1: creating thread with affinity ffffffff, priority 97
[0m[UTIL]   threadCreate() for Tpool10_-1: creating thread with affinity ffffffff, priority 97
[0m[UTIL]   threadCreate() for Tpool11_-1: creating thread with affinity ffffffff, priority 97
[0m[OPT]    OPT disabled
[0m[HW]     Version: Branch: oru-rebase-1-plus-compression Abrev. Hash: dae942c616 Date: Fri May 15 22:54:55 2026 +0000
[0m[NR_RRC] create TASK_RRC_NRUE 
[0m[UTIL]   threadCreate() for TASK_RRC_NRUE: creating thread with affinity ffffffff, priority 50
[0m[UTIL]   threadCreate() for TASK_NAS_NRUE: creating thread with affinity ffffffff, priority 50
[0m[SIM]    UICC simulation: IMSI=2089900007487, IMEISV=6754567890123413, Ki=fec86ba6eb707ed08905757b1bb44b8f, OPc=C42449363BBAD02B66D16BC975D77CC1
[0m[SIM]    overriding potential uicc0.dnn/nssai_sst/nssai_sd from uicc0.pdu_sessions
[0m[SIM]    will request PDU session ID 1, type 1, DNN oai, NSSAI 1.ffffff
[0m[NR_MAC] [UE0] Initializing MAC
[0m[NR_MAC] Initializing dl and ul config_request. num_slots = 20
[0m[RLC]    Activated srb0 for UE 0
[0m[UTIL]   threadCreate() for time source realtime: creating thread with affinity ffffffff, priority 2
[0m[UTIL]   time manager configuration: [time source: reatime] [mode: standalone] [server IP: 127.0.0.1} [server port: 7374] (server IP/port not used)
[0m[PHY]    Set UE nb_rx_antenna 1, nb_tx_antenna 1, threequarter_fs 0, ofdm_offset_divisor 8
[0m[PHY]    SA init parameters. DL freq 4049760000 UL offset 0 SSB numerology 1 N_RB_DL 24
[0m[PHY]    Init: N_RB_DL 24, first_carrier_offset 368, nb_prefix_samples 36,nb_prefix_samples0 44, ofdm_symbol_size 512
[0m[93m[PHY]    samples_per_subframe 15360/per second 15360000, wCP 14336
[0m[PHY]    Set UE_fo_compensation 0, UE_scan_carrier 0, UE_no_timing_correction 0 
, chest-freq 0, chest-time 0
[0m[UTIL]   threadCreate() for SYNC__actor: creating thread with affinity ffffffff, priority 97
[0m[UTIL]   threadCreate() for DL__actor: creating thread with affinity ffffffff, priority 97
[0m[UTIL]   threadCreate() for DL__actor: creating thread with affinity ffffffff, priority 97
[0m[UTIL]   threadCreate() for DL__actor: creating thread with affinity ffffffff, priority 97
[0m[UTIL]   threadCreate() for DL__actor: creating thread with affinity ffffffff, priority 97
[0m[UTIL]   threadCreate() for UL__actor: creating thread with affinity ffffffff, priority 97
[0m[UTIL]   threadCreate() for UL__actor: creating thread with affinity ffffffff, priority 97
[0m[PHY]    Initializing UE vars for gNB TXant 1, UE RXant 1
[0m[PHY]    prs_config configuration NOT found..!! Skipped configuring UE for the PRS reception
[0m[PHY]    HW: Configuring ru_id 0, sample_rate 15360000.000000, tx/rx num_channels 1/1, duplex_mode TDD
[0m[PHY]    HW: Configuring channel 0 (rf_chain 0): setting tx_freq 4049760000 Hz, rx_freq 4049760000 Hz, tune_offset 0
[0m[PHY]    HW: Configuring channel 0 (rf_chain 0): setting tx_gain 0, rx_gain 110
[0m[UTIL]   threadCreate() for ru_start_thread: creating thread with affinity ffffffff, priority 97
[0m[HW]     VRTSIM: TX sample advance 4096 samples
[0m[HW]     Running as client: will connect to a vrtsim server
[0m[HW]     [RAU] has loaded RFSIMULATOR device.
[0m[HW]     VRTSIM: UE 0/1 - 1x1 antennas, UL offset=0, DL offset=0
[0m[HW]     VRTSIM: client RX aligned to frame boundary current_sample=14869873187 aligned_sample=14870016000 samples_per_frame=153600
[0m[PHY]    Intializing UE Threads for instance 0 ...
[0m[UTIL]   threadCreate() for UEthread_0: creating thread with affinity ffffffff, priority 97
[0m[UTIL]   threadCreate() for L1_UE_stats_0: creating thread with affinity ffffffff, priority 1
[0m[93m[PHY]    SSB position provided
[0m[93m[NR_PHY] Starting sync detection
[0m[PHY]    [UE thread Synch] Running Initial Synch 
[0m[NR_PHY] Starting cell search with center freq: 4049760000, bandwidth: 24. Scanning for 1 number of GSCN.
[0m[NR_PHY] Scanning GSCN: 0, with SSB offset: 24, SSB Freq: 0.000000
[0m[32m[PHY]    Initial sync: pbch decoded sucessfully, ssb index 0
[0m[PHY]    pbch rx ok. rsrp:74 dB/RE, adjust_rxgain:-24 dB
[0m[NR_PHY] Cell Detected with GSCN: 0, SSB SC offset: 24, SSB Ref: 0.000000, PSS Corr peak: 113 dB, PSS Corr Average: 81
[0m[PHY]    [UE0] In synch, rx_offset 81024 samples
[0m[PHY]    [UE 0] Measured Carrier Frequency offset 7 Hz
[0m[32m[PHY]    Initial sync successful, PCI: 0
[0m[PHY]    HW: Configuring channel 0 (rf_chain 0): setting tx_freq 4049760007 Hz, rx_freq 4049760007 Hz, tune_offset 0
[0m[PHY]    Got synch: hw_slot_offset 21, carrier off 7 Hz
[0m[NR_RRC] [UE 0] BCCH update: phyCellID 0->0, arfcn_ssb 0->669984
[0m[32m[PHY]    UE synchronized! decoded_frame_rx=914 UE->init_sync_frame=1 trashed_frames=2
[0m[PHY]    Resynchronizing RX by 81024 samples
[0m[HW]     received write reorder clear context
[0m[PHY]    max_pos_acc = 0, shiftForNextFrame = 0
[0m[PHY]    LDPC_LLR_DIAG rv=0 Z=88 E=1512 A=808: ulsch_llr[0..7]=111,99,-103,120,-100,-101,-103,-94 int16_z[2Z..2Z+7]=111,-103,-100,-103,86,-109,-108,123 int8_l[2Z..2Z+7]=111,-103,-100,-103,86,-109,-108,123
[0m[32m[NR_RRC] SIB1 decoded
[0m[NR_MAC] [UE 0] Initial cell selection: dl_frequency=4045440 kHz (from command-line, band=77, scs=1)
[0m[NR_MAC] Initial cell selection: uplink_frequency=4045440 kHz (from dl_frequency=4045440 kHz)
[0m[NR_MAC] TDD period index = 5, based on the sum of dl_UL_TransmissionPeriodicity from Pattern1 (2.500000 ms) and Pattern2 (0.000000 ms): Total = 2.500000 ms
[0m[NR_MAC] Set TDD configuration period to: 4 DL slots, 2 UL slots, 5 slots per period (NR_TDD_UL_DL_Pattern is 3 DL slots, 1 UL slots, 6 DL symbols, 4 UL symbols)
[0m[NR_MAC] Configured 1 TDD patterns (total slots: pattern1 = 5, pattern2 = 0)
[0m[PHY]    N_TA_offset changed from 0 to 200
[0m[MAC]    Initialization of 4-Step CBRA procedure
[0m[NR_MAC] PRACH scheduler: Selected RO Frame 918, Slot 19, Symbol 0, Fdm 0
[0m[PHY]    PRACH [UE 0] in frame.slot 918.19, placing PRACH in position 740, Msg1/MsgA-Preamble frequency start 0 (k1 0), preamble_offset 15, first_nonzero_root_idx 0, preambleIndex = 15
[0m[PHY]    LDPC_LLR_DIAG rv=0 Z=28 E=1728 A=208: ulsch_llr[0..7]=-139,-166,133,-155,144,144,-154,146 int16_z[2Z..2Z+7]=-298,289,306,-320,-311,-305,-314,315 int8_l[2Z..2Z+7]=-128,127,127,-128,-128,-128,-128,127
[0m[PHY]    [UE 0] RAR-Msg2 decoded
[0m[NR_MAC] [UE 0][RAPROC][RA-RNTI 010b] Got BI RAR subPDU 5 ms
[0m[NR_MAC] [UE 0][RAPROC][RA-RNTI 010b] Got RAPID RAR subPDU
[0m[32m[NR_MAC] [UE 0][RAPROC][919.10] Found RAR with the intended RAPID 15
[0m[93m[MAC]    received TA command 31
[0m[32m[NR_MAC] [RAPROC][919.18] RA-Msg3 transmitted
[0m[NR_MAC] [RAPROC][920.18] RA-Msg3 retransmitted
[0m[NR_MAC] [RAPROC][921.18] RA-Msg3 retransmitted
[0m[PHY]    LDPC_LLR_DIAG rv=0 Z=28 E=1296 A=144: ulsch_llr[0..7]=146,181,152,-176,174,157,168,-159 int16_z[2Z..2Z+7]=326,333,346,335,329,332,335,352 int8_l[2Z..2Z+7]=127,127,127,127,127,127,127,127
[0m[32m[NR_MAC] [UE 0][922.10][RAPROC] 4-Step RA procedure succeeded. CBRA: Contention Resolution is successful.
[0m[93m[NR_RRC] [UE0] Logical Channel DL-CCCH (SRB0), Received RRCReject 
[0m[93m[NR_RRC] [UE 0] Timer T302 expired! Access barring alleviated!
[0m[1;31m[PHY]    [UE 0] frame 186, nr_slot_rx 0, Error decoding PBCH!
[0m[1;31m[PHY]    [UE 0] frame 188, nr_slot_rx 0, Error decoding PBCH!
[0m[1;31m[PHY]    [UE 0] frame 190, nr_slot_rx 0, Error decoding PBCH!
[0m[1;31m[PHY]    [UE 0] frame 192, nr_slot_rx 0, Error decoding PBCH!
[0m[1;31m[PHY]    [UE 0] frame 194, nr_slot_rx 0, Error decoding PBCH!
[0m[1;31m[PHY]    [UE 0] frame 196, nr_slot_rx 0, Error decoding PBCH!
[0m[1;31m[PHY]    [UE 0] frame 198, nr_slot_rx 0, Error decoding PBCH!
[0m[1;31m[PHY]    [UE 0] frame 200, nr_slot_rx 0, Error decoding PBCH!
[0m[1;31m[PHY]    [UE 0] frame 202, nr_slot_rx 0, Error decoding PBCH!
[0m[1;31m[PHY]    [UE 0] frame 204, nr_slot_rx 0, Error decoding PBCH!
[0m[1;31m[PHY]    [UE 0] frame 206, nr_slot_rx 0, Error decoding PBCH!
[0m[1;31m[PHY]    [UE 0] frame 208, nr_slot_rx 0, Error decoding PBCH!
[0m[1;31m[PHY]    [UE 0] frame 210, nr_slot_rx 0, Error decoding PBCH!
[0m[1;31m[PHY]    [UE 0] frame 212, nr_slot_rx 0, Error decoding PBCH!
[0m[1;31m[PHY]    [UE 0] frame 214, nr_slot_rx 0, Error decoding PBCH!
[0m[1;31m[PHY]    [UE 0] frame 216, nr_slot_rx 0, Error decoding PBCH!
[0m[1;31m[PHY]    [UE 0] frame 218, nr_slot_rx 0, Error decoding PBCH!
[0m[1;31m[PHY]    [UE 0] frame 220, nr_slot_rx 0, Error decoding PBCH!
[0m[1;31m[PHY]    [UE 0] frame 222, nr_slot_rx 0, Error decoding PBCH!
[0m[1;31m[PHY]    [UE 0] frame 224, nr_slot_rx 0, Error decoding PBCH!
[0m[1;31m[PHY]    [UE 0] frame 226, nr_slot_rx 0, Error decoding PBCH!
[0m[1;31m[PHY]    [UE 0] frame 228, nr_slot_rx 0, Error decoding PBCH!
[0m[1;31m[PHY]    [UE 0] frame 230, nr_slot_rx 0, Error decoding PBCH!
[0m[1;31m[PHY]    [UE 0] frame 232, nr_slot_rx 0, Error decoding PBCH!
[0m[1;31m[PHY]    [UE 0] frame 234, nr_slot_rx 0, Error decoding PBCH!
[0m[1;31m[PHY]    [UE 0] frame 236, nr_slot_rx 0, Error decoding PBCH!
[0m[1;31m[PHY]    [UE 0] frame 238, nr_slot_rx 0, Error decoding PBCH!
[0m[1;31m[PHY]    [UE 0] frame 240, nr_slot_rx 0, Error decoding PBCH!
[0m[1;31m[PHY]    [UE 0] frame 242, nr_slot_rx 0, Error decoding PBCH!
[0m[1;31m[PHY]    [UE 0] frame 244, nr_slot_rx 0, Error decoding PBCH!
[0m[1;31m[PHY]    [UE 0] frame 246, nr_slot_rx 0, Error decoding PBCH!
[0m[1;31m[PHY]    [UE 0] frame 248, nr_slot_rx 0, Error decoding PBCH!
[0m[1;31m[PHY]    [UE 0] frame 250, nr_slot_rx 0, Error decoding PBCH!
[0m[1;31m[PHY]    [UE 0] frame 252, nr_slot_rx 0, Error decoding PBCH!
[0m[1;31m[PHY]    [UE 0] frame 254, nr_slot_rx 0, Error decoding PBCH!
[0m[1;31m[PHY]    [UE 0] frame 256, nr_slot_rx 0, Error decoding PBCH!
[0m[1;31m[PHY]    [UE 0] frame 258, nr_slot_rx 0, Error decoding PBCH!
[0m[1;31m[PHY]    [UE 0] frame 260, nr_slot_rx 0, Error decoding PBCH!
[0m[1;31m[PHY]    [UE 0] frame 262, nr_slot_rx 0, Error decoding PBCH!
[0m[1;31m[PHY]    [UE 0] frame 264, nr_slot_rx 0, Error decoding PBCH!
[0m[1;31m[PHY]    [UE 0] frame 266, nr_slot_rx 0, Error decoding PBCH!
[0m[1;31m[PHY]    [UE 0] frame 268, nr_slot_rx 0, Error decoding PBCH!
[0m[1;31m[PHY]    [UE 0] frame 270, nr_slot_rx 0, Error decoding PBCH!
[0m[1;31m[PHY]    [UE 0] frame 272, nr_slot_rx 0, Error decoding PBCH!
[0m[1;31m[PHY]    [UE 0] frame 274, nr_slot_rx 0, Error decoding PBCH!
[0m[1;31m[PHY]    [UE 0] frame 276, nr_slot_rx 0, Error decoding PBCH!
[0m[1;31m[PHY]    [UE 0] frame 278, nr_slot_rx 0, Error decoding PBCH!
[0m[1;31m[PHY]    [UE 0] frame 280, nr_slot_rx 0, Error decoding PBCH!
[0m[1;31m[PHY]    [UE 0] frame 282, nr_slot_rx 0, Error decoding PBCH!
[0m[1;31m[PHY]    [UE 0] frame 284, nr_slot_rx 0, Error decoding PBCH!
[0m[1;31m[PHY]    [UE 0] frame 286, nr_slot_rx 0, Error decoding PBCH!
[0m[1;31m[PHY]    [UE 0] frame 288, nr_slot_rx 0, Error decoding PBCH!
[0m[1;31m[PHY]    [UE 0] frame 290, nr_slot_rx 0, Error decoding PBCH!
[0m[1;31m[PHY]    [UE 0] frame 292, nr_slot_rx 0, Error decoding PBCH!
[0m[1;31m[PHY]    [UE 0] frame 294, nr_slot_rx 0, Error decoding PBCH!
[0m[1;31m[PHY]    [UE 0] frame 296, nr_slot_rx 0, Error decoding PBCH!
[0m[1;31m[PHY]    [UE 0] frame 298, nr_slot_rx 0, Error decoding PBCH!
[0m[1;31m[PHY]    [UE 0] frame 300, nr_slot_rx 0, Error decoding PBCH!
[0m[1;31m[PHY]    [UE 0] frame 302, nr_slot_rx 0, Error decoding PBCH!
[0m[1;31m[PHY]    [UE 0] frame 304, nr_slot_rx 0, Error decoding PBCH!
[0m[1;31m[PHY]    [UE 0] frame 306, nr_slot_rx 0, Error decoding PBCH!
[0m[1;31m[PHY]    [UE 0] frame 308, nr_slot_rx 0, Error decoding PBCH!
[0m[1;31m[PHY]    [UE 0] frame 310, nr_slot_rx 0, Error decoding PBCH!
[0m[1;31m[PHY]    [UE 0] frame 312, nr_slot_rx 0, Error decoding PBCH!
[0m[1;31m[PHY]    [UE 0] frame 314, nr_slot_rx 0, Error decoding PBCH!
[0m[1;31m[PHY]    [UE 0] frame 316, nr_slot_rx 0, Error decoding PBCH!
[0m[1;31m[PHY]    [UE 0] frame 318, nr_slot_rx 0, Error decoding PBCH!
[0m[1;31m[PHY]    [UE 0] frame 320, nr_slot_rx 0, Error decoding PBCH!
[0m[1;31m[PHY]    [UE 0] frame 322, nr_slot_rx 0, Error decoding PBCH!
[0m[1;31m[PHY]    [UE 0] frame 324, nr_slot_rx 0, Error decoding PBCH!
[0m[1;31m[PHY]    [UE 0] frame 326, nr_slot_rx 0, Error decoding PBCH!
[0m[1;31m[PHY]    [UE 0] frame 328, nr_slot_rx 0, Error decoding PBCH!
[0m[1;31m[PHY]    [UE 0] frame 330, nr_slot_rx 0, Error decoding PBCH!
[0m[1;31m[PHY]    [UE 0] frame 332, nr_slot_rx 0, Error decoding PBCH!
[0m[1;31m[PHY]    [UE 0] frame 334, nr_slot_rx 0, Error decoding PBCH!
[0m[1;31m[PHY]    [UE 0] frame 336, nr_slot_rx 0, Error decoding PBCH!
[0m[1;31m[PHY]    [UE 0] frame 338, nr_slot_rx 0, Error decoding PBCH!
[0m[1;31m[PHY]    [UE 0] frame 340, nr_slot_rx 0, Error decoding PBCH!
[0m[1;31m[PHY]    [UE 0] frame 342, nr_slot_rx 0, Error decoding PBCH!
[0m[1;31m[PHY]    [UE 0] frame 344, nr_slot_rx 0, Error decoding PBCH!
[0m[1;31m[PHY]    [UE 0] frame 346, nr_slot_rx 0, Error decoding PBCH!
[0m[1;31m[PHY]    [UE 0] frame 348, nr_slot_rx 0, Error decoding PBCH!
[0m[1;31m[PHY]    [UE 0] frame 350, nr_slot_rx 0, Error decoding PBCH!
[0m[1;31m[PHY]    [UE 0] frame 352, nr_slot_rx 0, Error decoding PBCH!
[0m[1;31m[PHY]    [UE 0] frame 354, nr_slot_rx 0, Error decoding PBCH!
[0m[1;31m[PHY]    [UE 0] frame 356, nr_slot_rx 0, Error decoding PBCH!
[0m[1;31m[PHY]    [UE 0] frame 358, nr_slot_rx 0, Error decoding PBCH!
[0m[1;31m[PHY]    [UE 0] frame 360, nr_slot_rx 0, Error decoding PBCH!
[0m[1;31m[PHY]    [UE 0] frame 362, nr_slot_rx 0, Error decoding PBCH!
[0m[1;31m[PHY]    [UE 0] frame 364, nr_slot_rx 0, Error decoding PBCH!
[0m[1;31m[PHY]    [UE 0] frame 366, nr_slot_rx 0, Error decoding PBCH!
[0m[1;31m[PHY]    [UE 0] frame 368, nr_slot_rx 0, Error decoding PBCH!
[0m[1;31m[PHY]    [UE 0] frame 370, nr_slot_rx 0, Error decoding PBCH!
[0m[1;31m[PHY]    [UE 0] frame 372, nr_slot_rx 0, Error decoding PBCH!
[0m[1;31m[PHY]    [UE 0] frame 374, nr_slot_rx 0, Error decoding PBCH!
[0m[1;31m[PHY]    [UE 0] frame 376, nr_slot_rx 0, Error decoding PBCH!
[0m[1;31m[PHY]    [UE 0] frame 378, nr_slot_rx 0, Error decoding PBCH!
[0m[1;31m[PHY]    [UE 0] frame 380, nr_slot_rx 0, Error decoding PBCH!
[0m[1;31m[PHY]    [UE 0] frame 382, nr_slot_rx 0, Error decoding PBCH!
[0m[1;31m[PHY]    [UE 0] frame 384, nr_slot_rx 0, Error decoding PBCH!
[0m[1;31m[PHY]    [UE 0] frame 386, nr_slot_rx 0, Error decoding PBCH!
[0m[1;31m[PHY]    [UE 0] frame 388, nr_slot_rx 0, Error decoding PBCH!
[0m[1;31m[PHY]    [UE 0] frame 390, nr_slot_rx 0, Error decoding PBCH!
[0m[1;31m[PHY]    [UE 0] frame 392, nr_slot_rx 0, Error decoding PBCH!
[0m[1;31m[PHY]    [UE 0] frame 394, nr_slot_rx 0, Error decoding PBCH!
[0m[1;31m[PHY]    [UE 0] frame 396, nr_slot_rx 0, Error decoding PBCH!
[0m[1;31m[PHY]    [UE 0] frame 398, nr_slot_rx 0, Error decoding PBCH!
[0m[1;31m[PHY]    [UE 0] frame 400, nr_slot_rx 0, Error decoding PBCH!
[0m[1;31m[PHY]    [UE 0] frame 402, nr_slot_rx 0, Error decoding PBCH!
[0m[93m[NR_RRC] [UE 0] Timer T310 expired
[0m[NR_RRC] RRC moved into IDLE state
[0m[1;31m[PHY]    [UE 0] frame 404, nr_slot_rx 0, Error decoding PBCH!
[0m[NAS]    [UE 0] Received NR_NAS_CONN_RELEASE_IND: cause OTHER
[0m[NR_MAC] [UE0] Initializing MAC
[0m[93m[PHY]    SSB position provided
[0m[93m[NR_PHY] Starting sync detection
[0m[PHY]    [UE thread Synch] Running Initial Synch 
[0m[NR_PHY] Starting cell search with center freq: 4049760000, bandwidth: 24. Scanning for 1 number of GSCN.
[0m[NR_PHY] Scanning GSCN: 0, with SSB offset: 24, SSB Freq: 0.000000
[0m[1;31m[PHY]    synch Failed: 
[0m[93m[PHY]    SSB position provided
[0m[93m[NR_PHY] Starting sync detection
[0m[PHY]    [UE thread Synch] Running Initial Synch 
[0m[NR_PHY] Starting cell search with center freq: 4049760000, bandwidth: 24. Scanning for 1 number of GSCN.
[0m[NR_PHY] Scanning GSCN: 0, with SSB offset: 24, SSB Freq: 0.000000
[0m[1;31m[PHY]    synch Failed: 
[0m[93m[PHY]    SSB position provided
[0m[93m[NR_PHY] Starting sync detection
[0m[PHY]    [UE thread Synch] Running Initial Synch 
[0m[NR_PHY] Starting cell search with center freq: 4049760000, bandwidth: 24. Scanning for 1 number of GSCN.
[0m[NR_PHY] Scanning GSCN: 0, with SSB offset: 24, SSB Freq: 0.000000
[0m[1;31m[PHY]    synch Failed: 
[0m[93m[PHY]    SSB position provided
[0m[93m[NR_PHY] Starting sync detection
[0m[PHY]    [UE thread Synch] Running Initial Synch 
[0m[NR_PHY] Starting cell search with center freq: 4049760000, bandwidth: 24. Scanning for 1 number of GSCN.
[0m[NR_PHY] Scanning GSCN: 0, with SSB offset: 24, SSB Freq: 0.000000
[0m[1;31m[PHY]    synch Failed: 
[0m[93m[PHY]    SSB position provided
[0m[93m[NR_PHY] Starting sync detection
[0m[PHY]    [UE thread Synch] Running Initial Synch 
[0m[NR_PHY] Starting cell search with center freq: 4049760000, bandwidth: 24. Scanning for 1 number of GSCN.
[0m[NR_PHY] Scanning GSCN: 0, with SSB offset: 24, SSB Freq: 0.000000
[0m[1;31m[PHY]    synch Failed: 
[0m[93m[PHY]    SSB position provided
[0m[93m[NR_PHY] Starting sync detection
[0m[PHY]    [UE thread Synch] Running Initial Synch 
[0m[NR_PHY] Starting cell search with center freq: 4049760000, bandwidth: 24. Scanning for 1 number of GSCN.
[0m[NR_PHY] Scanning GSCN: 0, with SSB offset: 24, SSB Freq: 0.000000
[0m[1;31m[PHY]    synch Failed: 
[0m[93m[PHY]    SSB position provided
[0m[93m[NR_PHY] Starting sync detection
[0m[PHY]    [UE thread Synch] Running Initial Synch 
[0m[NR_PHY] Starting cell search with center freq: 4049760000, bandwidth: 24. Scanning for 1 number of GSCN.
[0m[NR_PHY] Scanning GSCN: 0, with SSB offset: 24, SSB Freq: 0.000000
[0m[1;31m[PHY]    synch Failed: 
[0m[93m[PHY]    SSB position provided
[0m[93m[NR_PHY] Starting sync detection
[0m[PHY]    [UE thread Synch] Running Initial Synch 
[0m[NR_PHY] Starting cell search with center freq: 4049760000, bandwidth: 24. Scanning for 1 number of GSCN.
[0m[NR_PHY] Scanning GSCN: 0, with SSB offset: 24, SSB Freq: 0.000000
[0m[1;31m[PHY]    synch Failed: 
[0m[93m[PHY]    SSB position provided
[0m[93m[NR_PHY] Starting sync detection
[0m[PHY]    [UE thread Synch] Running Initial Synch 
[0m[NR_PHY] Starting cell search with center freq: 4049760000, bandwidth: 24. Scanning for 1 number of GSCN.
[0m[NR_PHY] Scanning GSCN: 0, with SSB offset: 24, SSB Freq: 0.000000
[0m[1;31m[PHY]    synch Failed: 
[0m[93m[PHY]    SSB position provided
[0m[93m[NR_PHY] Starting sync detection
[0m[PHY]    [UE thread Synch] Running Initial Synch 
[0m[NR_PHY] Starting cell search with center freq: 4049760000, bandwidth: 24. Scanning for 1 number of GSCN.
[0m[NR_PHY] Scanning GSCN: 0, with SSB offset: 24, SSB Freq: 0.000000
[0m[1;31m[PHY]    synch Failed: 
[0m[93m[PHY]    SSB position provided
[0m[93m[NR_PHY] Starting sync detection
[0m[PHY]    [UE thread Synch] Running Initial Synch 
[0m[NR_PHY] Starting cell search with center freq: 4049760000, bandwidth: 24. Scanning for 1 number of GSCN.
[0m[NR_PHY] Scanning GSCN: 0, with SSB offset: 24, SSB Freq: 0.000000
[0m[1;31m[PHY]    synch Failed: 
[0m[93m[PHY]    SSB position provided
[0m[93m[NR_PHY] Starting sync detection
[0m[PHY]    [UE thread Synch] Running Initial Synch 
[0m[NR_PHY] Starting cell search with center freq: 4049760000, bandwidth: 24. Scanning for 1 number of GSCN.
[0m[NR_PHY] Scanning GSCN: 0, with SSB offset: 24, SSB Freq: 0.000000
[0m[1;31m[PHY]    synch Failed: 
[0m[93m[PHY]    SSB position provided
[0m[93m[NR_PHY] Starting sync detection
[0m[PHY]    [UE thread Synch] Running Initial Synch 
[0m[NR_PHY] Starting cell search with center freq: 4049760000, bandwidth: 24. Scanning for 1 number of GSCN.
[0m[NR_PHY] Scanning GSCN: 0, with SSB offset: 24, SSB Freq: 0.000000
[0m[1;31m[PHY]    synch Failed: 
[0m[93m[PHY]    SSB position provided
[0m[93m[NR_PHY] Starting sync detection
[0m[PHY]    [UE thread Synch] Running Initial Synch 
[0m[NR_PHY] Starting cell search with center freq: 4049760000, bandwidth: 24. Scanning for 1 number of GSCN.
[0m[NR_PHY] Scanning GSCN: 0, with SSB offset: 24, SSB Freq: 0.000000
[0m[1;31m[PHY]    synch Failed: 
[0m[93m[PHY]    SSB position provided
[0m[93m[NR_PHY] Starting sync detection
[0m[PHY]    [UE thread Synch] Running Initial Synch 
[0m[NR_PHY] Starting cell search with center freq: 4049760000, bandwidth: 24. Scanning for 1 number of GSCN.
[0m[NR_PHY] Scanning GSCN: 0, with SSB offset: 24, SSB Freq: 0.000000
[0m[1;31m[PHY]    synch Failed: 
[0m[93m[PHY]    SSB position provided
[0m[93m[NR_PHY] Starting sync detection
[0m[PHY]    [UE thread Synch] Running Initial Synch 
[0m[NR_PHY] Starting cell search with center freq: 4049760000, bandwidth: 24. Scanning for 1 number of GSCN.
[0m[NR_PHY] Scanning GSCN: 0, with SSB offset: 24, SSB Freq: 0.000000
[0m[1;31m[PHY]    synch Failed: 
[0m[93m[PHY]    SSB position provided
[0m[93m[NR_PHY] Starting sync detection
[0m[PHY]    [UE thread Synch] Running Initial Synch 
[0m[NR_PHY] Starting cell search with center freq: 4049760000, bandwidth: 24. Scanning for 1 number of GSCN.
[0m[NR_PHY] Scanning GSCN: 0, with SSB offset: 24, SSB Freq: 0.000000
[0m[1;31m[PHY]    synch Failed: 
[0m[93m[PHY]    SSB position provided
[0m[93m[NR_PHY] Starting sync detection
[0m[PHY]    [UE thread Synch] Running Initial Synch 
[0m[NR_PHY] Starting cell search with center freq: 4049760000, bandwidth: 24. Scanning for 1 number of GSCN.
[0m[NR_PHY] Scanning GSCN: 0, with SSB offset: 24, SSB Freq: 0.000000
[0m[1;31m[PHY]    synch Failed: 
[0m[93m[PHY]    SSB position provided
[0m[93m[NR_PHY] Starting sync detection
[0m[PHY]    [UE thread Synch] Running Initial Synch 
[0m[NR_PHY] Starting cell search with center freq: 4049760000, bandwidth: 24. Scanning for 1 number of GSCN.
[0m[NR_PHY] Scanning GSCN: 0, with SSB offset: 24, SSB Freq: 0.000000
[0m[1;31m[PHY]    synch Failed: 
[0m[93m[PHY]    SSB position provided
[0m[93m[NR_PHY] Starting sync detection
[0m[PHY]    [UE thread Synch] Running Initial Synch 
[0m[NR_PHY] Starting cell search with center freq: 4049760000, bandwidth: 24. Scanning for 1 number of GSCN.
[0m[NR_PHY] Scanning GSCN: 0, with SSB offset: 24, SSB Freq: 0.000000
[0m[1;31m[PHY]    synch Failed: 
[0m[93m[PHY]    SSB position provided
[0m[93m[NR_PHY] Starting sync detection
[0m[PHY]    [UE thread Synch] Running Initial Synch 
[0m[NR_PHY] Starting cell search with center freq: 4049760000, bandwidth: 24. Scanning for 1 number of GSCN.
[0m[NR_PHY] Scanning GSCN: 0, with SSB offset: 24, SSB Freq: 0.000000
[0m[1;31m[PHY]    synch Failed: 
[0m[93m[PHY]    SSB position provided
[0m[93m[NR_PHY] Starting sync detection
[0m[PHY]    [UE thread Synch] Running Initial Synch 
[0m[NR_PHY] Starting cell search with center freq: 4049760000, bandwidth: 24. Scanning for 1 number of GSCN.
[0m[NR_PHY] Scanning GSCN: 0, with SSB offset: 24, SSB Freq: 0.000000
[0m[1;31m[PHY]    synch Failed: 
[0m[93m[PHY]    SSB position provided
[0m[93m[NR_PHY] Starting sync detection
[0m[PHY]    [UE thread Synch] Running Initial Synch 
[0m[NR_PHY] Starting cell search with center freq: 4049760000, bandwidth: 24. Scanning for 1 number of GSCN.
[0m[NR_PHY] Scanning GSCN: 0, with SSB offset: 24, SSB Freq: 0.000000
[0m[1;31m[PHY]    synch Failed: 
[0m[93m[PHY]    SSB position provided
[0m[93m[NR_PHY] Starting sync detection
[0m[PHY]    [UE thread Synch] Running Initial Synch 
[0m[NR_PHY] Starting cell search with center freq: 4049760000, bandwidth: 24. Scanning for 1 number of GSCN.
[0m[NR_PHY] Scanning GSCN: 0, with SSB offset: 24, SSB Freq: 0.000000
[0m[1;31m[PHY]    synch Failed: 
[0m[93m[PHY]    SSB position provided
[0m[93m[NR_PHY] Starting sync detection
[0m[PHY]    [UE thread Synch] Running Initial Synch 
[0m[NR_PHY] Starting cell search with center freq: 4049760000, bandwidth: 24. Scanning for 1 number of GSCN.
[0m[NR_PHY] Scanning GSCN: 0, with SSB offset: 24, SSB Freq: 0.000000
[0m[1;31m[PHY]    synch Failed: 
[0m[93m[PHY]    SSB position provided
[0m[93m[NR_PHY] Starting sync detection
[0m[PHY]    [UE thread Synch] Running Initial Synch 
[0m[NR_PHY] Starting cell search with center freq: 4049760000, bandwidth: 24. Scanning for 1 number of GSCN.
[0m[NR_PHY] Scanning GSCN: 0, with SSB offset: 24, SSB Freq: 0.000000
[0m[1;31m[PHY]    synch Failed: 
[0m[93m[PHY]    SSB position provided
[0m[93m[NR_PHY] Starting sync detection
[0m[PHY]    [UE thread Synch] Running Initial Synch 
[0m[NR_PHY] Starting cell search with center freq: 4049760000, bandwidth: 24. Scanning for 1 number of GSCN.
[0m[NR_PHY] Scanning GSCN: 0, with SSB offset: 24, SSB Freq: 0.000000
[0m[1;31m[PHY]    synch Failed: 
[0m[93m[PHY]    SSB position provided
[0m[93m[NR_PHY] Starting sync detection
[0m[PHY]    [UE thread Synch] Running Initial Synch 
[0m[NR_PHY] Starting cell search with center freq: 4049760000, bandwidth: 24. Scanning for 1 number of GSCN.
[0m[NR_PHY] Scanning GSCN: 0, with SSB offset: 24, SSB Freq: 0.000000
[0m[1;31m[PHY]    synch Failed: 
[0m[93m[PHY]    SSB position provided
[0m[93m[NR_PHY] Starting sync detection
[0m[PHY]    [UE thread Synch] Running Initial Synch 
[0m[NR_PHY] Starting cell search with center freq: 4049760000, bandwidth: 24. Scanning for 1 number of GSCN.
[0m[NR_PHY] Scanning GSCN: 0, with SSB offset: 24, SSB Freq: 0.000000
[0m[1;31m[PHY]    synch Failed: 
[0m[93m[PHY]    SSB position provided
[0m[93m[NR_PHY] Starting sync detection
[0m[PHY]    [UE thread Synch] Running Initial Synch 
[0m[NR_PHY] Starting cell search with center freq: 4049760000, bandwidth: 24. Scanning for 1 number of GSCN.
[0m[NR_PHY] Scanning GSCN: 0, with SSB offset: 24, SSB Freq: 0.000000
[0m[1;31m[PHY]    synch Failed: 
[0m[93m[PHY]    SSB position provided
[0m[93m[NR_PHY] Starting sync detection
[0m[PHY]    [UE thread Synch] Running Initial Synch 
[0m[NR_PHY] Starting cell search with center freq: 4049760000, bandwidth: 24. Scanning for 1 number of GSCN.
[0m[NR_PHY] Scanning GSCN: 0, with SSB offset: 24, SSB Freq: 0.000000
[0m[1;31m[PHY]    synch Failed: 
[0m[93m[PHY]    SSB position provided
[0m[93m[NR_PHY] Starting sync detection
[0m[PHY]    [UE thread Synch] Running Initial Synch 
[0m[NR_PHY] Starting cell search with center freq: 4049760000, bandwidth: 24. Scanning for 1 number of GSCN.
[0m[NR_PHY] Scanning GSCN: 0, with SSB offset: 24, SSB Freq: 0.000000
[0m[1;31m[PHY]    synch Failed: 
[0m[93m[PHY]    SSB position provided
[0m[93m[NR_PHY] Starting sync detection
[0m[PHY]    [UE thread Synch] Running Initial Synch 
[0m[NR_PHY] Starting cell search with center freq: 4049760000, bandwidth: 24. Scanning for 1 number of GSCN.
[0m[NR_PHY] Scanning GSCN: 0, with SSB offset: 24, SSB Freq: 0.000000
[0m[1;31m[PHY]    synch Failed: 
[0m[93m[PHY]    SSB position provided
[0m[93m[NR_PHY] Starting sync detection
[0m[PHY]    [UE thread Synch] Running Initial Synch 
[0m[NR_PHY] Starting cell search with center freq: 4049760000, bandwidth: 24. Scanning for 1 number of GSCN.
[0m[NR_PHY] Scanning GSCN: 0, with SSB offset: 24, SSB Freq: 0.000000
[0m[1;31m[PHY]    synch Failed: 
[0m[93m[PHY]    SSB position provided
[0m[93m[NR_PHY] Starting sync detection
[0m[PHY]    [UE thread Synch] Running Initial Synch 
[0m[NR_PHY] Starting cell search with center freq: 4049760000, bandwidth: 24. Scanning for 1 number of GSCN.
[0m[NR_PHY] Scanning GSCN: 0, with SSB offset: 24, SSB Freq: 0.000000
[0m[1;31m[PHY]    synch Failed: 
[0m[93m[PHY]    SSB position provided
[0m[93m[NR_PHY] Starting sync detection
[0m[PHY]    [UE thread Synch] Running Initial Synch 
[0m[NR_PHY] Starting cell search with center freq: 4049760000, bandwidth: 24. Scanning for 1 number of GSCN.
[0m[NR_PHY] Scanning GSCN: 0, with SSB offset: 24, SSB Freq: 0.000000
[0m[1;31m[PHY]    synch Failed: 
[0m[93m[PHY]    SSB position provided
[0m[93m[NR_PHY] Starting sync detection
[0m[PHY]    [UE thread Synch] Running Initial Synch 
[0m[NR_PHY] Starting cell search with center freq: 4049760000, bandwidth: 24. Scanning for 1 number of GSCN.
[0m[NR_PHY] Scanning GSCN: 0, with SSB offset: 24, SSB Freq: 0.000000
[0m[1;31m[PHY]    synch Failed: 
[0m[93m[PHY]    SSB position provided
[0m[93m[NR_PHY] Starting sync detection
[0m[PHY]    [UE thread Synch] Running Initial Synch 
[0m[NR_PHY] Starting cell search with center freq: 4049760000, bandwidth: 24. Scanning for 1 number of GSCN.
[0m[NR_PHY] Scanning GSCN: 0, with SSB offset: 24, SSB Freq: 0.000000
[0m[1;31m[PHY]    synch Failed: 
[0m[93m[PHY]    SSB position provided
[0m[93m[NR_PHY] Starting sync detection
[0m[PHY]    [UE thread Synch] Running Initial Synch 
[0m[NR_PHY] Starting cell search with center freq: 4049760000, bandwidth: 24. Scanning for 1 number of GSCN.
[0m[NR_PHY] Scanning GSCN: 0, with SSB offset: 24, SSB Freq: 0.000000
[0m[1;31m[PHY]    synch Failed: 
[0m[93m[PHY]    SSB position provided
[0m[93m[NR_PHY] Starting sync detection
[0m[PHY]    [UE thread Synch] Running Initial Synch 
[0m[NR_PHY] Starting cell search with center freq: 4049760000, bandwidth: 24. Scanning for 1 number of GSCN.
[0m[NR_PHY] Scanning GSCN: 0, with SSB offset: 24, SSB Freq: 0.000000
[0m[1;31m[PHY]    synch Failed: 
[0m[93m[PHY]    SSB position provided
[0m[93m[NR_PHY] Starting sync detection
[0m[PHY]    [UE thread Synch] Running Initial Synch 
[0m[NR_PHY] Starting cell search with center freq: 4049760000, bandwidth: 24. Scanning for 1 number of GSCN.
[0m[NR_PHY] Scanning GSCN: 0, with SSB offset: 24, SSB Freq: 0.000000
[0m[1;31m[PHY]    synch Failed: 
[0m[93m[PHY]    SSB position provided
[0m[93m[NR_PHY] Starting sync detection
[0m[PHY]    [UE thread Synch] Running Initial Synch 
[0m[NR_PHY] Starting cell search with center freq: 4049760000, bandwidth: 24. Scanning for 1 number of GSCN.
[0m[NR_PHY] Scanning GSCN: 0, with SSB offset: 24, SSB Freq: 0.000000
[0m[1;31m[PHY]    synch Failed: 
[0m[93m[PHY]    SSB position provided
[0m[93m[NR_PHY] Starting sync detection
[0m[PHY]    [UE thread Synch] Running Initial Synch 
[0m[NR_PHY] Starting cell search with center freq: 4049760000, bandwidth: 24. Scanning for 1 number of GSCN.
[0m[NR_PHY] Scanning GSCN: 0, with SSB offset: 24, SSB Freq: 0.000000
[0m[1;31m[PHY]    synch Failed: 
[0m[93m[PHY]    SSB position provided
[0m[93m[NR_PHY] Starting sync detection
[0m[PHY]    [UE thread Synch] Running Initial Synch 
[0m[NR_PHY] Starting cell search with center freq: 4049760000, bandwidth: 24. Scanning for 1 number of GSCN.
[0m[NR_PHY] Scanning GSCN: 0, with SSB offset: 24, SSB Freq: 0.000000
[0m[1;31m[PHY]    synch Failed: 
[0m[93m[PHY]    SSB position provided
[0m[93m[NR_PHY] Starting sync detection
[0m[PHY]    [UE thread Synch] Running Initial Synch 
[0m[NR_PHY] Starting cell search with center freq: 4049760000, bandwidth: 24. Scanning for 1 number of GSCN.
[0m[NR_PHY] Scanning GSCN: 0, with SSB offset: 24, SSB Freq: 0.000000
[0m[1;31m[PHY]    synch Failed: 
[0m[93m[PHY]    SSB position provided
[0m[93m[NR_PHY] Starting sync detection
[0m[PHY]    [UE thread Synch] Running Initial Synch 
[0m[NR_PHY] Starting cell search with center freq: 4049760000, bandwidth: 24. Scanning for 1 number of GSCN.
[0m[NR_PHY] Scanning GSCN: 0, with SSB offset: 24, SSB Freq: 0.000000
[0m[1;31m[PHY]    synch Failed: 
[0m[93m[PHY]    SSB position provided
[0m[93m[NR_PHY] Starting sync detection
[0m[PHY]    [UE thread Synch] Running Initial Synch 
[0m[NR_PHY] Starting cell search with center freq: 4049760000, bandwidth: 24. Scanning for 1 number of GSCN.
[0m[NR_PHY] Scanning GSCN: 0, with SSB offset: 24, SSB Freq: 0.000000
[0m[1;31m[PHY]    synch Failed: 
[0m[93m[PHY]    SSB position provided
[0m[93m[NR_PHY] Starting sync detection
[0m[PHY]    [UE thread Synch] Running Initial Synch 
[0m[NR_PHY] Starting cell search with center freq: 4049760000, bandwidth: 24. Scanning for 1 number of GSCN.
[0m[NR_PHY] Scanning GSCN: 0, with SSB offset: 24, SSB Freq: 0.000000
[0m[1;31m[PHY]    synch Failed: 
[0m[93m[PHY]    SSB position provided
[0m[93m[NR_PHY] Starting sync detection
[0m[PHY]    [UE thread Synch] Running Initial Synch 
[0m[NR_PHY] Starting cell search with center freq: 4049760000, bandwidth: 24. Scanning for 1 number of GSCN.
[0m[NR_PHY] Scanning GSCN: 0, with SSB offset: 24, SSB Freq: 0.000000
[0m[1;31m[PHY]    synch Failed: 
[0m[93m[PHY]    SSB position provided
[0m[93m[NR_PHY] Starting sync detection
[0m[PHY]    [UE thread Synch] Running Initial Synch 
[0m[NR_PHY] Starting cell search with center freq: 4049760000, bandwidth: 24. Scanning for 1 number of GSCN.
[0m[NR_PHY] Scanning GSCN: 0, with SSB offset: 24, SSB Freq: 0.000000
[0m[1;31m[PHY]    synch Failed: 
[0m[93m[PHY]    SSB position provided
[0m[93m[NR_PHY] Starting sync detection
[0m[PHY]    [UE thread Synch] Running Initial Synch 
[0m[NR_PHY] Starting cell search with center freq: 4049760000, bandwidth: 24. Scanning for 1 number of GSCN.
[0m[NR_PHY] Scanning GSCN: 0, with SSB offset: 24, SSB Freq: 0.000000
[0m[1;31m[PHY]    synch Failed: 
[0m[93m[PHY]    SSB position provided
[0m[93m[NR_PHY] Starting sync detection
[0m[PHY]    [UE thread Synch] Running Initial Synch 
[0m[NR_PHY] Starting cell search with center freq: 4049760000, bandwidth: 24. Scanning for 1 number of GSCN.
[0m[NR_PHY] Scanning GSCN: 0, with SSB offset: 24, SSB Freq: 0.000000
[0m[1;31m[PHY]    synch Failed: 
[0m[93m[PHY]    SSB position provided
[0m[93m[NR_PHY] Starting sync detection
[0m[PHY]    [UE thread Synch] Running Initial Synch 
[0m[NR_PHY] Starting cell search with center freq: 4049760000, bandwidth: 24. Scanning for 1 number of GSCN.
[0m[NR_PHY] Scanning GSCN: 0, with SSB offset: 24, SSB Freq: 0.000000
[0m[1;31m[PHY]    synch Failed: 
[0m[93m[PHY]    SSB position provided
[0m[93m[NR_PHY] Starting sync detection
[0m[PHY]    [UE thread Synch] Running Initial Synch 
[0m[NR_PHY] Starting cell search with center freq: 4049760000, bandwidth: 24. Scanning for 1 number of GSCN.
[0m[NR_PHY] Scanning GSCN: 0, with SSB offset: 24, SSB Freq: 0.000000
[0m[1;31m[PHY]    synch Failed: 
[0m[93m[PHY]    SSB position provided
[0m[93m[NR_PHY] Starting sync detection
[0m[PHY]    [UE thread Synch] Running Initial Synch 
[0m[NR_PHY] Starting cell search with center freq: 4049760000, bandwidth: 24. Scanning for 1 number of GSCN.
[0m[NR_PHY] Scanning GSCN: 0, with SSB offset: 24, SSB Freq: 0.000000
[0m[1;31m[PHY]    synch Failed: 
[0m[93m[PHY]    SSB position provided
[0m[93m[NR_PHY] Starting sync detection
[0m[PHY]    [UE thread Synch] Running Initial Synch 
[0m[NR_PHY] Starting cell search with center freq: 4049760000, bandwidth: 24. Scanning for 1 number of GSCN.
[0m[NR_PHY] Scanning GSCN: 0, with SSB offset: 24, SSB Freq: 0.000000
[0m[1;31m[PHY]    synch Failed: 
[0m[93m[PHY]    SSB position provided
[0m[93m[NR_PHY] Starting sync detection
[0m[PHY]    [UE thread Synch] Running Initial Synch 
[0m[NR_PHY] Starting cell search with center freq: 4049760000, bandwidth: 24. Scanning for 1 number of GSCN.
[0m[NR_PHY] Scanning GSCN: 0, with SSB offset: 24, SSB Freq: 0.000000
[0m[1;31m[PHY]    synch Failed: 
[0m[93m[PHY]    SSB position provided
[0m[93m[NR_PHY] Starting sync detection
[0m[PHY]    [UE thread Synch] Running Initial Synch 
[0m[NR_PHY] Starting cell search with center freq: 4049760000, bandwidth: 24. Scanning for 1 number of GSCN.
[0m[NR_PHY] Scanning GSCN: 0, with SSB offset: 24, SSB Freq: 0.000000
[0m[1;31m[PHY]    synch Failed: 
[0m[93m[PHY]    SSB position provided
[0m[93m[NR_PHY] Starting sync detection
[0m[PHY]    [UE thread Synch] Running Initial Synch 
[0m[NR_PHY] Starting cell search with center freq: 4049760000, bandwidth: 24. Scanning for 1 number of GSCN.
[0m[NR_PHY] Scanning GSCN: 0, with SSB offset: 24, SSB Freq: 0.000000
[0m[1;31m[PHY]    synch Failed: 
[0m[93m[PHY]    SSB position provided
[0m[93m[NR_PHY] Starting sync detection
[0m[PHY]    [UE thread Synch] Running Initial Synch 
[0m[NR_PHY] Starting cell search with center freq: 4049760000, bandwidth: 24. Scanning for 1 number of GSCN.
[0m[NR_PHY] Scanning GSCN: 0, with SSB offset: 24, SSB Freq: 0.000000
[0m[1;31m[PHY]    synch Failed: 
[0m[93m[PHY]    SSB position provided
[0m[93m[NR_PHY] Starting sync detection
[0m[PHY]    [UE thread Synch] Running Initial Synch 
[0m[NR_PHY] Starting cell search with center freq: 4049760000, bandwidth: 24. Scanning for 1 number of GSCN.
[0m[NR_PHY] Scanning GSCN: 0, with SSB offset: 24, SSB Freq: 0.000000
[0m[1;31m[PHY]    synch Failed: 
[0m