Logging terminal output to /home/jesse/oran_lab/logs/run_ue/run_ue_20260527_133742_pid4170024.log
UE cores: 20,21,22,23
UE sample advance: 0
VRTSIM shared memory is ready; starting UE without waiting for non-zero DL samples.
CMDLINE: "./nr-uesoftmodem" "-O" "/home/jesse/oran_lab/ue_test.conf" "-C" "4049760000" "-r" "24" "--numerology" "1" "--band" "77" "--ssb" "24" "-A" "0" "--device.name" "vrtsim" "--vrtsim.role" "client" "--ue-nb-ant-tx" "1" "--ue-nb-ant-rx" "1" 
[UTIL]   running in SA mode (no --phy-test, --do-ra, --nsa option present)
[0m[UTIL]   threadCreate() for Tpool0_-1: creating thread with affinity ffffffff, priority 97
[0m[UTIL]   threadCreate() for Tpool1_-1: creating thread with affinity ffffffff, priority 97
[0m[UTIL]   threadCreate() for Tpool2_-1: creating thread with affinity ffffffff, priority 97
[0m[UTIL]   threadCreate() for Tpool3_-1: creating thread with affinity ffffffff, priority 97
[0m[UTIL]   threadCreate() for Tpool4_-1: creating thread with affinity ffffffff, priority 97
[0m[UTIL]   threadCreate() for Tpool5_-1: creating thread with affinity ffffffff, priority 97
[0m[UTIL]   threadCreate() for Tpool6_-1: creating thread with affinity ffffffff, priority 97
[0m[UTIL]   threadCreate() for Tpool7_-1: creating thread with affinity ffffffff, priority 97
[0m[UTIL]   threadCreate() for Tpool8_-1: creating thread with affinity ffffffff, priority 97
[0m[UTIL]   threadCreate() for Tpool9_-1: creating thread with affinity ffffffff, priority 97
[0m[UTIL]   threadCreate() for Tpool10_-1: creating thread with affinity ffffffff, priority 97
[0m[UTIL]   threadCreate() for Tpool11_-1: creating thread with affinity ffffffff, priority 97
[0m[OPT]    OPT disabled
[0m[HW]     Version: Branch: compression-plus-timing-fix Abrev. Hash: 13fa21ea91 Date: Mon May 25 14:33:49 2026 -0700
[0m[NR_RRC] create TASK_RRC_NRUE 
[0m[UTIL]   threadCreate() for TASK_RRC_NRUE: creating thread with affinity ffffffff, priority 50
[0m[UTIL]   threadCreate() for TASK_NAS_NRUE: creating thread with affinity ffffffff, priority 50
[0m[SIM]    UICC simulation: IMSI=2089900007487, IMEISV=6754567890123413, Ki=fec86ba6eb707ed08905757b1bb44b8f, OPc=C42449363BBAD02B66D16BC975D77CC1
[0m[SIM]    overriding potential uicc0.dnn/nssai_sst/nssai_sd from uicc0.pdu_sessions
[0m[SIM]    will request PDU session ID 1, type 1, DNN oai, NSSAI 1.ffffff
[0m[NR_MAC] [UE0] Initializing MAC
[0m[NR_MAC] Initializing dl and ul config_request. num_slots = 20
[0m[RLC]    Activated srb0 for UE 0
[0m[UTIL]   threadCreate() for time source realtime: creating thread with affinity ffffffff, priority 2
[0m[UTIL]   time manager configuration: [time source: reatime] [mode: standalone] [server IP: 127.0.0.1} [server port: 7374] (server IP/port not used)
[0m[PHY]    Set UE nb_rx_antenna 1, nb_tx_antenna 1, threequarter_fs 0, ofdm_offset_divisor 8
[0m[PHY]    SA init parameters. DL freq 4049760000 UL offset 0 SSB numerology 1 N_RB_DL 24
[0m[PHY]    Init: N_RB_DL 24, first_carrier_offset 368, nb_prefix_samples 36,nb_prefix_samples0 44, ofdm_symbol_size 512
[0m[93m[PHY]    samples_per_subframe 15360/per second 15360000, wCP 14336
[0m[PHY]    Set UE_fo_compensation 0, UE_scan_carrier 0, UE_no_timing_correction 0 
, chest-freq 0, chest-time 0
[0m[UTIL]   threadCreate() for SYNC__actor: creating thread with affinity ffffffff, priority 97
[0m[UTIL]   threadCreate() for DL__actor: creating thread with affinity ffffffff, priority 97
[0m[UTIL]   threadCreate() for DL__actor: creating thread with affinity ffffffff, priority 97
[0m[UTIL]   threadCreate() for DL__actor: creating thread with affinity ffffffff, priority 97
[0m[UTIL]   threadCreate() for DL__actor: creating thread with affinity ffffffff, priority 97
[0m[UTIL]   threadCreate() for UL__actor: creating thread with affinity ffffffff, priority 97
[0m[UTIL]   threadCreate() for UL__actor: creating thread with affinity ffffffff, priority 97
[0m[PHY]    Initializing UE vars for gNB TXant 1, UE RXant 1
[0m[PHY]    prs_config configuration NOT found..!! Skipped configuring UE for the PRS reception
[0m[PHY]    HW: Configuring ru_id 0, sample_rate 15360000.000000, tx/rx num_channels 1/1, duplex_mode TDD
[0m[PHY]    HW: Configuring channel 0 (rf_chain 0): setting tx_freq 4049760000 Hz, rx_freq 4049760000 Hz, tune_offset 0
[0m[PHY]    HW: Configuring channel 0 (rf_chain 0): setting tx_gain 0, rx_gain 110
[0m[UTIL]   threadCreate() for ru_start_thread: creating thread with affinity ffffffff, priority 97
[0m[HW]     VRTSIM: TX sample advance 4096 samples
[0m[HW]     Running as client: will connect to a vrtsim server
[0m[HW]     [RAU] has loaded RFSIMULATOR device.
[0m[HW]     VRTSIM: UE 0/1 - 1x1 antennas, UL offset=0, DL offset=0
[0m[HW]     VRTSIM: client RX aligned to frame boundary current_sample=845143153 aligned_sample=845260800 samples_per_frame=153600
[0m[PHY]    Intializing UE Threads for instance 0 ...
[0m[UTIL]   threadCreate() for UEthread_0: creating thread with affinity ffffffff, priority 97
[0m[UTIL]   threadCreate() for L1_UE_stats_0: creating thread with affinity ffffffff, priority 1
[0m[93m[PHY]    SSB position provided
[0m[93m[NR_PHY] Starting sync detection
[0m[PHY]    [UE thread Synch] Running Initial Synch 
[0m[NR_PHY] Starting cell search with center freq: 4049760000, bandwidth: 24. Scanning for 1 number of GSCN.
[0m[NR_PHY] Scanning GSCN: 0, with SSB offset: 24, SSB Freq: 0.000000
[0m[32m[PHY]    Initial sync: pbch decoded sucessfully, ssb index 0
[0m[PHY]    pbch rx ok. rsrp:74 dB/RE, adjust_rxgain:-24 dB
[0m[NR_PHY] Cell Detected with GSCN: 0, SSB SC offset: 24, SSB Ref: 0.000000, PSS Corr peak: 116 dB, PSS Corr Average: 80
[0m[PHY]    [UE0] In synch, rx_offset 3348 samples
[0m[PHY]    [UE 0] Measured Carrier Frequency offset -2 Hz
[0m[32m[PHY]    Initial sync successful, PCI: 0
[0m[PHY]    HW: Configuring channel 0 (rf_chain 0): setting tx_freq 4049759998 Hz, rx_freq 4049759998 Hz, tune_offset 0
[0m[PHY]    Got synch: hw_slot_offset 1, carrier off -2 Hz
[0m[NR_RRC] [UE 0] BCCH update: phyCellID 0->0, arfcn_ssb 0->669984
[0m[32m[PHY]    UE synchronized! decoded_frame_rx=628 UE->init_sync_frame=0 trashed_frames=4
[0m[PHY]    Resynchronizing RX by 3348 samples
[0m[HW]     received write reorder clear context
[0m[PHY]    max_pos_acc = 0, shiftForNextFrame = 0
[0m[32m[NR_RRC] SIB1 decoded
[0m[NR_MAC] [UE 0] Initial cell selection: dl_frequency=4045440 kHz (from command-line, band=77, scs=1)
[0m[NR_MAC] Initial cell selection: uplink_frequency=4045440 kHz (from dl_frequency=4045440 kHz)
[0m[NR_MAC] TDD period index = 5, based on the sum of dl_UL_TransmissionPeriodicity from Pattern1 (2.500000 ms) and Pattern2 (0.000000 ms): Total = 2.500000 ms
[0m[NR_MAC] Set TDD configuration period to: 4 DL slots, 2 UL slots, 5 slots per period (NR_TDD_UL_DL_Pattern is 3 DL slots, 1 UL slots, 6 DL symbols, 4 UL symbols)
[0m[NR_MAC] Configured 1 TDD patterns (total slots: pattern1 = 5, pattern2 = 0)
[0m[PHY]    N_TA_offset changed from 0 to 200
[0m[MAC]    Initialization of 4-Step CBRA procedure
[0m[NR_MAC] PRACH scheduler: Selected RO Frame 634, Slot 19, Symbol 0, Fdm 0
[0m[PHY]    PRACH [UE 0] in frame.slot 634.19, placing PRACH in position 740, Msg1/MsgA-Preamble frequency start 0 (k1 0), preamble_offset 45, first_nonzero_root_idx 0, preambleIndex = 45
[0m[PHY]    [UE 0] RAR-Msg2 decoded
[0m[NR_MAC] [UE 0][RAPROC][RA-RNTI 010b] Got BI RAR subPDU 5 ms
[0m[NR_MAC] [UE 0][RAPROC][RA-RNTI 010b] Got RAPID RAR subPDU
[0m[32m[NR_MAC] [UE 0][RAPROC][635.10] Found RAR with the intended RAPID 45
[0m[93m[MAC]    received TA command 31
[0m[32m[NR_MAC] [RAPROC][635.18] RA-Msg3 transmitted
[0m[32m[NR_MAC] [UE 0][636.10][RAPROC] 4-Step RA procedure succeeded. CBRA: Contention Resolution is successful.
[0m[NR_RRC] [UE0][RAPROC] Logical Channel DL-CCCH (SRB0), Received NR_RRCSetup
[0m[RLC]    Added srb 1 to UE 0
[0m[NR_RRC] State = NR_RRC_CONNECTED
[0m[NAS]    Generate Initial NAS Message: Registration Request
[0m[NR_RRC] [UE 0][RAPROC] Logical Channel UL-DCCH (SRB1), Generating RRCSetupComplete (bytes32)
[0m[MAC]    [UE 0] Applying CellGroupConfig from gNodeB
[0m[NAS]    [UE 0] Received NR_NAS_CONN_ESTABLISH_IND: asCause 0
[0m[NR_MAC] UE 0 RNTI 8cbc stats sfn: 640.4, cumulated bad DCI 0
    DL harq: 1/0/0
    UL harq: 4/2/1 avg code rate 0.1, avg bit/symbol 2.1, avg per TB: (nb RBs 5.4, nb symbols 11.6)
[0m[NAS]    [UE 0] Received NAS_DOWNLINK_DATA_IND type FGS_AUTHENTICATION_REQUEST with length 42
[0m[NAS]    [UE 0] Received NAS_DOWNLINK_DATA_IND type FGS_SECURITY_MODE_COMMAND with length 21
[0m[NAS]    Generate Initial NAS Message: Registration Request
[0m[NR_RRC] Received securityModeCommand (gNB 0)
[0m[NR_RRC] Receiving from SRB1 (DL-DCCH), Processing securityModeCommand
[0m[NR_RRC] Security algorithm is set to nea0
[0m[NR_RRC] Integrity protection algorithm is set to nia2
[0m[NR_RRC] Receiving from SRB1 (DL-DCCH), encoding securityModeComplete, rrc_TransactionIdentifier: 0
[0m[NR_RRC] Received Capability Enquiry (gNB 0)
[0m[NR_RRC] Receiving from SRB1 (DL-DCCH), Processing UECapabilityEnquiry
[0m[CONFIG] function config_libconfig_init returned 0
Initializing random number generator, seed 14763358148071115231
Waiting for server to create shared memory segment
UE threads created by 4170032
TYPE <CTRL-C> TO TERMINATE
kausf:35 e3 16 d2 18 81 b5 a6 6d be df 88 52 e1 a5 a8 13 c8 46 4b 87 30 b6 db e9 16 bf a6 b4 5a 18 40 
kseaf:26 99 64 9a d ef f2 b9 d9 70 ec a9 9d a0 5a 28 a9 e0 d7 d2 14 90 77 e6 59 d6 ec d 4a b2 e2 f8 
kamf:7f 81 9f 38 6c 68 3 27 c1 3c f2 6e 8c 5e e5 50 ae 41 6b e9 5f cf ef aa 77 4e fd bf e3 38 1 d7 
knas_int: ed ce b2 3d 5b a1 5f 81 b5 58 ce 57 8d f1 c7 41 
knas_enc: 70 6 fa 4d 21 81 4d af 91 e9 dd b2 2e e7 b8 d3 
mac 3e 40 29 4b 
[NR_RRC] deriving kRRCenc, kRRCint from KgNB=2a fa 7c f1 6e c9 c0 97 92 4d 85 67 3f a4 d7 ed 99 57 53 18 21 20 c0 62 17 8f 79 bd b0 75 80 b9 [0m
[NR_RRC] securityModeComplete payload: 28 00 00 00 00 00 00 00 a0 38 00 74 26 7e 00 00 [0m
<UE-NR-Capability>
    <accessStratumRelease><rel15/></accessStratumRelease>
    <pdcp-Parameters>
        <supportedROHC-Profiles>
            <profile0x0000><false/></profile0x0000>
            <profile0x0001><false/></profile0x0001>
            <profile0x0002><false/></profile0x0002>
            <profile0x0003><false/></profile0x0003>
            <profile0x0004><false/></profile0x0004>
            <profile0x0006><false/></profile0x0006>
            <profile0x0101><false/></profile0x0101>
            <profile0x0102><false/></profile0x0102>
            <profile0x0103><false/></profile0x0103>
            <profile0x0104><false/></profile0x0104>
        </supportedROHC-Profiles>
        <maxNumberROHC-ContextSessions><cs2/></maxNumberROHC-ContextSessions>
    </pdcp-Parameters>
    <phy-Parameters>
    </phy-Parameters>
    <rf-Parameters>
        <supportedBandListNR>
            <BandNR>
                <bandNR>1</bandNR>
            </BandNR>
        </supportedBandListNR>
    </rf-Parameters>
</UE-NR-Capability>
[PHY]    [RRC]UE NR Capability encoded, 10 bytes (86 bits)
[0m[NR_RRC] UECapabilityInformation Encoded 106 bits (14 bytes)
[0m[NAS]    [UE 0] Received NAS_DOWNLINK_DATA_IND type FGS_REGISTRATION_ACCEPT with length 53
[0m[NAS]    Received Registration Accept with result 3GPP
[0m[NAS]    SMS not allowed in 5GS Registration Result
[0m[NR_RRC] 5G-GUTI: AMF pointer 1, AMF Set ID 1, 5G-TMSI 1426810398 
[0m[NAS]    Send NAS_UPLINK_DATA_REQ message(RegistrationComplete)
[0m[NAS]    requested PDU session ID 1 type 1 NSSAI 1.16777215 DNN oai
[0m[NAS]    Send NAS_UPLINK_DATA_REQ message(PduSessionEstablishRequest)
[0m[RLC]    Added srb 2 to UE 0
[0m[RLC]    Added drb 1 to UE 0
[0m[RLC]    Added DRB to UE 0
[0m[NR_RRC] RRCReconfiguration includes radio Bearer Configuration
[0m[MAC]    [UE 0] Applying CellGroupConfig from gNodeB
[0m[SDAP]   Default DRB for the created SDAP entity: DRB 1 
[0m[PDCP]   Added DRB 1 to UE ID 0
[0m[NR_RRC] State = NR_RRC_CONNECTED
[0m[NR_RRC] RRCReconfiguration includes Measurement Configuration
[0m[93m[NR_RRC] Measurement gaps not yet supported!
[0m[NR_RRC] rrcReconfigurationComplete Encoded 10 bits (2 bytes)
[0m[NR_RRC]  Logical Channel UL-DCCH (SRB1), Generating RRCReconfigurationComplete (bytes 2)
[0m[93m[NR_RRC] (active_cell_rsrp) -123 + (rsrp_hysteresis) 0 < (rsrp_threshold) -97
[0m[NAS]    [UE 0] Received NAS_CONN_ESTABLI_CNF: errCode 1, length 98
[0m[NAS]    Received PDU Session Establishment Accept, UE IPv4: 10.0.0.65
[0m[32m[OIP]    TUN Interface oaitun_ue1 successfully configured, IPv4 10.0.0.65, IPv6 (null)
[0m[NR_RRC] MeasurementReport Encoded 53 bits (7 bytes)
[0m[UTIL]   threadCreate() for ue_tun_read_0_p1: creating thread with affinity ffffffff, priority 1
[0m[NR_RRC] MeasurementReport Encoded 53 bits (7 bytes)
[0m[NR_MAC] UE 0 RNTI 8cbc stats sfn: 768.4, cumulated bad DCI 0
    DL harq: 23/0/0
    UL harq: 76/75/75 avg code rate 0.1, avg bit/symbol 2.1, avg per TB: (nb RBs 5.0, nb symbols 13.0)
[0m[NR_RRC] MeasurementReport Encoded 53 bits (7 bytes)
[0m[NR_RRC] MeasurementReport Encoded 53 bits (7 bytes)
[0m[NR_MAC] UE 0 RNTI 8cbc stats sfn: 896.4, cumulated bad DCI 0
    DL harq: 26/0/0
    UL harq: 91/90/90 avg code rate 0.1, avg bit/symbol 2.1, avg per TB: (nb RBs 5.0, nb symbols 13.0)
[0m[NR_MAC] UE 0 RNTI 8cbc stats sfn: 0.4, cumulated bad DCI 0
    DL harq: 27/0/0
    UL harq: 102/101/100 avg code rate 0.1, avg bit/symbol 2.1, avg per TB: (nb RBs 5.0, nb symbols 13.0)
[0m[NR_MAC] UE 0 RNTI 8cbc stats sfn: 128.4, cumulated bad DCI 0
    DL harq: 30/0/0
    UL harq: 120/119/119 avg code rate 0.1, avg bit/symbol 2.1, avg per TB: (nb RBs 5.0, nb symbols 13.0)
[0m[NR_MAC] UE 0 RNTI 8cbc stats sfn: 256.4, cumulated bad DCI 0
    DL harq: 31/0/0
    UL harq: 131/130/130 avg code rate 0.1, avg bit/symbol 2.0, avg per TB: (nb RBs 5.0, nb symbols 13.0)
[0m[NR_MAC] UE 0 RNTI 8cbc stats sfn: 384.4, cumulated bad DCI 0
    DL harq: 32/0/0
    UL harq: 141/140/140 avg code rate 0.1, avg bit/symbol 2.0, avg per TB: (nb RBs 5.0, nb symbols 13.0)
[0m[NR_MAC] UE 0 RNTI 8cbc stats sfn: 512.4, cumulated bad DCI 0
    DL harq: 34/0/0
    UL harq: 152/151/151 avg code rate 0.1, avg bit/symbol 2.0, avg per TB: (nb RBs 5.0, nb symbols 13.0)
[0m[NR_MAC] UE 0 RNTI 8cbc stats sfn: 640.4, cumulated bad DCI 0
    DL harq: 35/0/0
    UL harq: 163/162/162 avg code rate 0.1, avg bit/symbol 2.0, avg per TB: (nb RBs 5.0, nb symbols 13.0)
[0m[NR_MAC] UE 0 RNTI 8cbc stats sfn: 768.4, cumulated bad DCI 0
    DL harq: 36/0/0
    UL harq: 173/172/172 avg code rate 0.1, avg bit/symbol 2.0, avg per TB: (nb RBs 5.0, nb symbols 13.0)
[0m[NR_MAC] UE 0 RNTI 8cbc stats sfn: 896.4, cumulated bad DCI 0
    DL harq: 38/0/0
    UL harq: 191/190/189 avg code rate 0.1, avg bit/symbol 2.0, avg per TB: (nb RBs 5.0, nb symbols 13.0)
[0m[NR_MAC] UE 0 RNTI 8cbc stats sfn: 0.4, cumulated bad DCI 0
    DL harq: 40/0/0
    UL harq: 201/200/200 avg code rate 0.1, avg bit/symbol 2.0, avg per TB: (nb RBs 5.0, nb symbols 13.0)
[0m[NR_MAC] UE 0 RNTI 8cbc stats sfn: 128.4, cumulated bad DCI 0
    DL harq: 41/0/0
    UL harq: 212/211/211 avg code rate 0.1, avg bit/symbol 2.0, avg per TB: (nb RBs 5.0, nb symbols 13.0)
[0m[NR_MAC] UE 0 RNTI 8cbc stats sfn: 256.4, cumulated bad DCI 0
    DL harq: 42/0/0
    UL harq: 223/222/221 avg code rate 0.1, avg bit/symbol 2.0, avg per TB: (nb RBs 5.0, nb symbols 13.0)
[0m[NR_MAC] UE 0 RNTI 8cbc stats sfn: 384.4, cumulated bad DCI 0
    DL harq: 43/0/0
    UL harq: 233/232/232 avg code rate 0.1, avg bit/symbol 2.0, avg per TB: (nb RBs 5.0, nb symbols 13.0)
[0m[NR_MAC] UE 0 RNTI 8cbc stats sfn: 512.4, cumulated bad DCI 0
    DL harq: 45/0/0
    UL harq: 244/243/243 avg code rate 0.1, avg bit/symbol 2.0, avg per TB: (nb RBs 5.0, nb symbols 13.0)
[0m[NR_MAC] UE 0 RNTI 8cbc stats sfn: 640.4, cumulated bad DCI 0
    DL harq: 46/0/0
    UL harq: 255/254/253 avg code rate 0.1, avg bit/symbol 2.0, avg per TB: (nb RBs 5.0, nb symbols 13.0)
[0m[NR_MAC] UE 0 RNTI 8cbc stats sfn: 768.4, cumulated bad DCI 0
    DL harq: 47/0/0
    UL harq: 265/264/264 avg code rate 0.1, avg bit/symbol 2.0, avg per TB: (nb RBs 5.0, nb symbols 13.0)
[0m[NR_MAC] UE 0 RNTI 8cbc stats sfn: 896.4, cumulated bad DCI 0
    DL harq: 49/0/0
    UL harq: 276/275/275 avg code rate 0.1, avg bit/symbol 2.0, avg per TB: (nb RBs 5.0, nb symbols 13.0)
[0m[NR_MAC] UE 0 RNTI 8cbc stats sfn: 0.4, cumulated bad DCI 0
    DL harq: 50/0/0
    UL harq: 287/286/285 avg code rate 0.1, avg bit/symbol 2.0, avg per TB: (nb RBs 5.0, nb symbols 13.0)
[0m[NR_MAC] UE 0 RNTI 8cbc stats sfn: 128.4, cumulated bad DCI 0
    DL harq: 51/0/0
    UL harq: 297/296/296 avg code rate 0.1, avg bit/symbol 2.0, avg per TB: (nb RBs 5.0, nb symbols 13.0)
[0m[NR_MAC] UE 0 RNTI 8cbc stats sfn: 256.4, cumulated bad DCI 0
    DL harq: 52/0/0
    UL harq: 308/307/307 avg code rate 0.1, avg bit/symbol 2.0, avg per TB: (nb RBs 5.0, nb symbols 13.0)
[0m[NR_MAC] UE 0 RNTI 8cbc stats sfn: 384.4, cumulated bad DCI 0
    DL harq: 54/0/0
    UL harq: 319/318/317 avg code rate 0.1, avg bit/symbol 2.0, avg per TB: (nb RBs 5.0, nb symbols 13.0)
[0m[NR_MAC] UE 0 RNTI 8cbc stats sfn: 512.4, cumulated bad DCI 0
    DL harq: 56/0/0
    UL harq: 336/335/335 avg code rate 0.1, avg bit/symbol 2.0, avg per TB: (nb RBs 5.0, nb symbols 13.0)
[0m[NR_MAC] UE 0 RNTI 8cbc stats sfn: 640.4, cumulated bad DCI 0
    DL harq: 57/0/0
    UL harq: 347/346/345 avg code rate 0.1, avg bit/symbol 2.0, avg per TB: (nb RBs 5.0, nb symbols 13.0)
[0m[NR_MAC] UE 0 RNTI 8cbc stats sfn: 768.4, cumulated bad DCI 0
    DL harq: 59/0/0
    UL harq: 357/356/356 avg code rate 0.1, avg bit/symbol 2.0, avg per TB: (nb RBs 5.0, nb symbols 13.0)
[0m[NR_MAC] UE 0 RNTI 8cbc stats sfn: 896.4, cumulated bad DCI 0
    DL harq: 60/0/0
    UL harq: 368/367/367 avg code rate 0.1, avg bit/symbol 2.0, avg per TB: (nb RBs 5.0, nb symbols 13.0)
[0m[NR_MAC] UE 0 RNTI 8cbc stats sfn: 0.4, cumulated bad DCI 0
    DL harq: 61/0/0
    UL harq: 379/378/377 avg code rate 0.1, avg bit/symbol 2.0, avg per TB: (nb RBs 5.0, nb symbols 13.0)
[0m[NR_MAC] UE 0 RNTI 8cbc stats sfn: 128.4, cumulated bad DCI 0
    DL harq: 62/0/0
    UL harq: 389/388/388 avg code rate 0.1, avg bit/symbol 2.0, avg per TB: (nb RBs 5.0, nb symbols 13.0)
[0m[NR_MAC] UE 0 RNTI 8cbc stats sfn: 256.4, cumulated bad DCI 0
    DL harq: 64/0/0
    UL harq: 400/399/399 avg code rate 0.1, avg bit/symbol 2.0, avg per TB: (nb RBs 5.0, nb symbols 13.0)
[0m[NR_MAC] UE 0 RNTI 8cbc stats sfn: 384.4, cumulated bad DCI 0
    DL harq: 65/0/0
    UL harq: 411/410/409 avg code rate 0.1, avg bit/symbol 2.0, avg per TB: (nb RBs 5.0, nb symbols 13.0)
[0m[NR_MAC] UE 0 RNTI 8cbc stats sfn: 512.4, cumulated bad DCI 0
    DL harq: 66/0/0
    UL harq: 421/420/420 avg code rate 0.1, avg bit/symbol 2.0, avg per TB: (nb RBs 5.0, nb symbols 13.0)
[0m[NR_MAC] UE 0 RNTI 8cbc stats sfn: 640.4, cumulated bad DCI 0
    DL harq: 68/0/0
    UL harq: 432/431/431 avg code rate 0.1, avg bit/symbol 2.0, avg per TB: (nb RBs 5.0, nb symbols 13.0)
[0m[NR_MAC] UE 0 RNTI 8cbc stats sfn: 768.4, cumulated bad DCI 0
    DL harq: 69/0/0
    UL harq: 443/442/441 avg code rate 0.1, avg bit/symbol 2.0, avg per TB: (nb RBs 5.0, nb symbols 13.0)
[0m[NR_MAC] UE 0 RNTI 8cbc stats sfn: 896.4, cumulated bad DCI 0
    DL harq: 70/0/0
    UL harq: 453/452/452 avg code rate 0.1, avg bit/symbol 2.0, avg per TB: (nb RBs 5.0, nb symbols 13.0)
[0m[NR_MAC] UE 0 RNTI 8cbc stats sfn: 0.4, cumulated bad DCI 0
    DL harq: 71/0/0
    UL harq: 464/463/463 avg code rate 0.1, avg bit/symbol 2.0, avg per TB: (nb RBs 5.0, nb symbols 13.0)
[0m[NR_MAC] UE 0 RNTI 8cbc stats sfn: 128.4, cumulated bad DCI 0
    DL harq: 73/0/0
    UL harq: 475/474/473 avg code rate 0.1, avg bit/symbol 2.0, avg per TB: (nb RBs 5.0, nb symbols 13.0)
[0m[NR_MAC] UE 0 RNTI 8cbc stats sfn: 256.4, cumulated bad DCI 0
    DL harq: 74/0/0
    UL harq: 485/484/484 avg code rate 0.1, avg bit/symbol 2.0, avg per TB: (nb RBs 5.0, nb symbols 13.0)
[0m[NR_MAC] UE 0 RNTI 8cbc stats sfn: 384.4, cumulated bad DCI 0
    DL harq: 75/0/0
    UL harq: 496/495/495 avg code rate 0.1, avg bit/symbol 2.0, avg per TB: (nb RBs 5.0, nb symbols 13.0)
[0m[NR_MAC] UE 0 RNTI 8cbc stats sfn: 512.4, cumulated bad DCI 0
    DL harq: 76/0/0
    UL harq: 507/506/505 avg code rate 0.1, avg bit/symbol 2.0, avg per TB: (nb RBs 5.0, nb symbols 13.0)
[0m[NR_MAC] UE 0 RNTI 8cbc stats sfn: 640.4, cumulated bad DCI 0
    DL harq: 78/0/0
    UL harq: 517/516/516 avg code rate 0.1, avg bit/symbol 2.0, avg per TB: (nb RBs 5.0, nb symbols 13.0)
[0m[NR_MAC] UE 0 RNTI 8cbc stats sfn: 768.4, cumulated bad DCI 0
    DL harq: 79/0/0
    UL harq: 528/527/527 avg code rate 0.1, avg bit/symbol 2.0, avg per TB: (nb RBs 5.0, nb symbols 13.0)
[0m[NR_MAC] UE 0 RNTI 8cbc stats sfn: 896.4, cumulated bad DCI 0
    DL harq: 80/0/0
    UL harq: 539/538/537 avg code rate 0.1, avg bit/symbol 2.0, avg per TB: (nb RBs 5.0, nb symbols 13.0)
[0m[NR_MAC] UE 0 RNTI 8cbc stats sfn: 0.4, cumulated bad DCI 0
    DL harq: 82/0/0
    UL harq: 549/548/548 avg code rate 0.1, avg bit/symbol 2.0, avg per TB: (nb RBs 5.0, nb symbols 13.0)
[0m[NR_MAC] UE 0 RNTI 8cbc stats sfn: 128.4, cumulated bad DCI 0
    DL harq: 83/0/0
    UL harq: 560/559/559 avg code rate 0.1, avg bit/symbol 2.0, avg per TB: (nb RBs 5.0, nb symbols 13.0)
[0m[NR_MAC] UE 0 RNTI 8cbc stats sfn: 256.4, cumulated bad DCI 0
    DL harq: 84/0/0
    UL harq: 571/570/569 avg code rate 0.1, avg bit/symbol 2.0, avg per TB: (nb RBs 5.0, nb symbols 13.0)
[0m[NR_MAC] UE 0 RNTI 8cbc stats sfn: 384.4, cumulated bad DCI 0
    DL harq: 85/0/0
    UL harq: 581/580/580 avg code rate 0.1, avg bit/symbol 2.0, avg per TB: (nb RBs 5.0, nb symbols 13.0)
[0m[NR_MAC] UE 0 RNTI 8cbc stats sfn: 512.4, cumulated bad DCI 0
    DL harq: 87/0/0
    UL harq: 592/591/591 avg code rate 0.1, avg bit/symbol 2.0, avg per TB: (nb RBs 5.0, nb symbols 13.0)
[0m[NR_MAC] UE 0 RNTI 8cbc stats sfn: 640.4, cumulated bad DCI 0
    DL harq: 89/0/0
    UL harq: 611/610/610 avg code rate 0.1, avg bit/symbol 2.0, avg per TB: (nb RBs 5.0, nb symbols 13.0)
[0m[NR_MAC] UE 0 RNTI 8cbc stats sfn: 768.4, cumulated bad DCI 0
    DL harq: 90/0/0
    UL harq: 622/620/620 avg code rate 0.1, avg bit/symbol 2.0, avg per TB: (nb RBs 5.0, nb symbols 13.0)
[0m[NR_MAC] UE 0 RNTI 8cbc stats sfn: 896.4, cumulated bad DCI 0
    DL harq: 92/0/0
    UL harq: 632/631/631 avg code rate 0.1, avg bit/symbol 2.0, avg per TB: (nb RBs 5.0, nb symbols 13.0)
[0m[NR_MAC] UE 0 RNTI 8cbc stats sfn: 0.4, cumulated bad DCI 0
    DL harq: 93/0/0
    UL harq: 643/642/642 avg code rate 0.1, avg bit/symbol 2.0, avg per TB: (nb RBs 5.0, nb symbols 13.0)
[0m[NR_MAC] UE 0 RNTI 8cbc stats sfn: 128.4, cumulated bad DCI 0
    DL harq: 94/0/0
    UL harq: 654/652/652 avg code rate 0.1, avg bit/symbol 2.0, avg per TB: (nb RBs 5.0, nb symbols 13.0)
[0m[NR_MAC] UE 0 RNTI 8cbc stats sfn: 256.4, cumulated bad DCI 0
    DL harq: 95/0/0
    UL harq: 664/663/663 avg code rate 0.1, avg bit/symbol 2.0, avg per TB: (nb RBs 5.0, nb symbols 13.0)
[0m[NR_MAC] UE 0 RNTI 8cbc stats sfn: 384.4, cumulated bad DCI 0
    DL harq: 97/0/0
    UL harq: 675/674/674 avg code rate 0.1, avg bit/symbol 2.0, avg per TB: (nb RBs 5.0, nb symbols 13.0)
[0m[NR_MAC] UE 0 RNTI 8cbc stats sfn: 512.4, cumulated bad DCI 0
    DL harq: 98/0/0
    UL harq: 686/684/684 avg code rate 0.1, avg bit/symbol 2.0, avg per TB: (nb RBs 5.0, nb symbols 13.0)
[0m[NR_MAC] UE 0 RNTI 8cbc stats sfn: 640.4, cumulated bad DCI 0
    DL harq: 99/0/0
    UL harq: 696/695/695 avg code rate 0.1, avg bit/symbol 2.0, avg per TB: (nb RBs 5.0, nb symbols 13.0)
[0m[NR_MAC] UE 0 RNTI 8cbc stats sfn: 768.4, cumulated bad DCI 0
    DL harq: 101/0/0
    UL harq: 707/706/706 avg code rate 0.1, avg bit/symbol 2.0, avg per TB: (nb RBs 5.0, nb symbols 13.0)
[0m[NR_MAC] UE 0 RNTI 8cbc stats sfn: 896.4, cumulated bad DCI 0
    DL harq: 102/0/0
    UL harq: 718/716/716 avg code rate 0.1, avg bit/symbol 2.0, avg per TB: (nb RBs 5.0, nb symbols 13.0)
[0m[NR_MAC] UE 0 RNTI 8cbc stats sfn: 0.4, cumulated bad DCI 0
    DL harq: 103/0/0
    UL harq: 728/727/727 avg code rate 0.1, avg bit/symbol 2.0, avg per TB: (nb RBs 5.0, nb symbols 13.0)
[0m[NR_MAC] UE 0 RNTI 8cbc stats sfn: 128.4, cumulated bad DCI 0
    DL harq: 104/0/0
    UL harq: 739/738/738 avg code rate 0.1, avg bit/symbol 2.0, avg per TB: (nb RBs 5.0, nb symbols 13.0)
[0m[NR_MAC] UE 0 RNTI 8cbc stats sfn: 256.4, cumulated bad DCI 0
    DL harq: 106/0/0
    UL harq: 750/748/748 avg code rate 0.1, avg bit/symbol 2.0, avg per TB: (nb RBs 5.0, nb symbols 13.0)
[0m[NR_MAC] UE 0 RNTI 8cbc stats sfn: 384.4, cumulated bad DCI 0
    DL harq: 107/0/0
    UL harq: 760/759/759 avg code rate 0.1, avg bit/symbol 2.0, avg per TB: (nb RBs 5.0, nb symbols 13.0)
[0m[NR_MAC] UE 0 RNTI 8cbc stats sfn: 512.4, cumulated bad DCI 0
    DL harq: 108/0/0
    UL harq: 771/770/770 avg code rate 0.1, avg bit/symbol 2.0, avg per TB: (nb RBs 5.0, nb symbols 13.0)
[0m[NR_MAC] UE 0 RNTI 8cbc stats sfn: 640.4, cumulated bad DCI 0
    DL harq: 109/0/0
    UL harq: 782/780/780 avg code rate 0.1, avg bit/symbol 2.0, avg per TB: (nb RBs 5.0, nb symbols 13.0)
[0m[NR_MAC] UE 0 RNTI 8cbc stats sfn: 768.4, cumulated bad DCI 0
    DL harq: 111/0/0
    UL harq: 792/791/791 avg code rate 0.1, avg bit/symbol 2.0, avg per TB: (nb RBs 5.0, nb symbols 13.0)
[0m[NR_MAC] UE 0 RNTI 8cbc stats sfn: 896.4, cumulated bad DCI 0
    DL harq: 112/0/0
    UL harq: 803/802/802 avg code rate 0.1, avg bit/symbol 2.0, avg per TB: (nb RBs 5.0, nb symbols 13.0)
[0m[NR_MAC] UE 0 RNTI 8cbc stats sfn: 0.4, cumulated bad DCI 0
    DL harq: 113/0/0
    UL harq: 814/812/812 avg code rate 0.1, avg bit/symbol 2.0, avg per TB: (nb RBs 5.0, nb symbols 13.0)
[0m[NR_MAC] UE 0 RNTI 8cbc stats sfn: 128.4, cumulated bad DCI 0
    DL harq: 115/0/0
    UL harq: 824/823/823 avg code rate 0.1, avg bit/symbol 2.0, avg per TB: (nb RBs 5.0, nb symbols 13.0)
[0m[NR_MAC] UE 0 RNTI 8cbc stats sfn: 256.4, cumulated bad DCI 0
    DL harq: 116/0/0
    UL harq: 835/834/834 avg code rate 0.1, avg bit/symbol 2.0, avg per TB: (nb RBs 5.0, nb symbols 13.0)
[0m[NR_MAC] UE 0 RNTI 8cbc stats sfn: 384.4, cumulated bad DCI 0
    DL harq: 117/0/0
    UL harq: 846/844/844 avg code rate 0.1, avg bit/symbol 2.0, avg per TB: (nb RBs 5.0, nb symbols 13.0)
[0m[NR_MAC] UE 0 RNTI 8cbc stats sfn: 512.4, cumulated bad DCI 0
    DL harq: 118/0/0
    UL harq: 856/855/855 avg code rate 0.1, avg bit/symbol 2.0, avg per TB: (nb RBs 5.0, nb symbols 13.0)
[0m[NR_MAC] UE 0 RNTI 8cbc stats sfn: 640.4, cumulated bad DCI 0
    DL harq: 120/0/0
    UL harq: 867/866/866 avg code rate 0.1, avg bit/symbol 2.0, avg per TB: (nb RBs 5.0, nb symbols 13.0)
[0m[NR_MAC] UE 0 RNTI 8cbc stats sfn: 768.4, cumulated bad DCI 0
    DL harq: 121/0/0
    UL harq: 878/876/876 avg code rate 0.1, avg bit/symbol 2.0, avg per TB: (nb RBs 5.0, nb symbols 13.0)
[0m[NR_MAC] UE 0 RNTI 8cbc stats sfn: 896.4, cumulated bad DCI 0
    DL harq: 122/0/0
    UL harq: 888/887/887 avg code rate 0.1, avg bit/symbol 2.0, avg per TB: (nb RBs 5.0, nb symbols 13.0)
[0m[NR_MAC] UE 0 RNTI 8cbc stats sfn: 0.4, cumulated bad DCI 0
    DL harq: 124/0/0
    UL harq: 899/898/898 avg code rate 0.1, avg bit/symbol 2.0, avg per TB: (nb RBs 5.0, nb symbols 13.0)
[0m[NR_MAC] UE 0 RNTI 8cbc stats sfn: 128.4, cumulated bad DCI 0
    DL harq: 125/0/0
    UL harq: 910/908/908 avg code rate 0.1, avg bit/symbol 2.0, avg per TB: (nb RBs 5.0, nb symbols 13.0)
[0m[NR_MAC] UE 0 RNTI 8cbc stats sfn: 256.4, cumulated bad DCI 0
    DL harq: 126/0/0
    UL harq: 920/919/919 avg code rate 0.1, avg bit/symbol 2.0, avg per TB: (nb RBs 5.0, nb symbols 13.0)
[0m[NR_MAC] UE 0 RNTI 8cbc stats sfn: 384.4, cumulated bad DCI 0
    DL harq: 127/0/0
    UL harq: 931/930/930 avg code rate 0.1, avg bit/symbol 2.0, avg per TB: (nb RBs 5.0, nb symbols 13.0)
[0m[NR_MAC] UE 0 RNTI 8cbc stats sfn: 512.4, cumulated bad DCI 0
    DL harq: 129/0/0
    UL harq: 942/940/940 avg code rate 0.1, avg bit/symbol 2.0, avg per TB: (nb RBs 5.0, nb symbols 13.0)
[0m[NR_MAC] UE 0 RNTI 8cbc stats sfn: 640.4, cumulated bad DCI 0
    DL harq: 130/0/0
    UL harq: 952/951/951 avg code rate 0.1, avg bit/symbol 2.0, avg per TB: (nb RBs 5.0, nb symbols 13.0)
[0m[NR_MAC] UE 0 RNTI 8cbc stats sfn: 768.4, cumulated bad DCI 0
    DL harq: 131/0/0
    UL harq: 963/962/962 avg code rate 0.1, avg bit/symbol 2.0, avg per TB: (nb RBs 5.0, nb symbols 13.0)
[0m[NR_MAC] UE 0 RNTI 8cbc stats sfn: 896.4, cumulated bad DCI 0
    DL harq: 133/0/0
    UL harq: 974/972/972 avg code rate 0.1, avg bit/symbol 2.0, avg per TB: (nb RBs 5.0, nb symbols 13.0)
[0m[NR_MAC] UE 0 RNTI 8cbc stats sfn: 0.4, cumulated bad DCI 0
    DL harq: 134/0/0
    UL harq: 984/983/983 avg code rate 0.1, avg bit/symbol 2.0, avg per TB: (nb RBs 5.0, nb symbols 13.0)
[0m[NR_MAC] UE 0 RNTI 8cbc stats sfn: 128.4, cumulated bad DCI 0
    DL harq: 135/0/0
    UL harq: 995/994/994 avg code rate 0.1, avg bit/symbol 2.0, avg per TB: (nb RBs 5.0, nb symbols 13.0)
[0m[NR_MAC] UE 0 RNTI 8cbc stats sfn: 256.4, cumulated bad DCI 0
    DL harq: 136/0/0
    UL harq: 1006/1004/1004 avg code rate 0.1, avg bit/symbol 2.0, avg per TB: (nb RBs 5.0, nb symbols 13.0)
[0m[NR_MAC] UE 0 RNTI 8cbc stats sfn: 384.4, cumulated bad DCI 0
    DL harq: 138/0/0
    UL harq: 1016/1015/1015 avg code rate 0.1, avg bit/symbol 2.0, avg per TB: (nb RBs 5.0, nb symbols 13.0)
[0m[NR_MAC] UE 0 RNTI 8cbc stats sfn: 512.4, cumulated bad DCI 0
    DL harq: 139/0/0
    UL harq: 1027/1026/1026 avg code rate 0.1, avg bit/symbol 2.0, avg per TB: (nb RBs 5.0, nb symbols 13.0)
[0m[NR_MAC] UE 0 RNTI 8cbc stats sfn: 640.4, cumulated bad DCI 0
    DL harq: 140/0/0
    UL harq: 1038/1036/1036 avg code rate 0.1, avg bit/symbol 2.0, avg per TB: (nb RBs 5.0, nb symbols 13.0)
[0m[NR_MAC] UE 0 RNTI 8cbc stats sfn: 768.4, cumulated bad DCI 0
    DL harq: 141/0/0
    UL harq: 1048/1047/1047 avg code rate 0.1, avg bit/symbol 2.0, avg per TB: (nb RBs 5.0, nb symbols 13.0)
[0m[NR_MAC] UE 0 RNTI 8cbc stats sfn: 896.4, cumulated bad DCI 0
    DL harq: 143/0/0
    UL harq: 1059/1058/1058 avg code rate 0.1, avg bit/symbol 2.0, avg per TB: (nb RBs 5.0, nb symbols 13.0)
[0m[NR_MAC] UE 0 RNTI 8cbc stats sfn: 0.4, cumulated bad DCI 0
    DL harq: 144/0/0
    UL harq: 1070/1068/1068 avg code rate 0.1, avg bit/symbol 2.0, avg per TB: (nb RBs 5.0, nb symbols 13.0)
[0m[NR_MAC] UE 0 RNTI 8cbc stats sfn: 128.4, cumulated bad DCI 0
    DL harq: 145/0/0
    UL harq: 1080/1079/1079 avg code rate 0.1, avg bit/symbol 2.0, avg per TB: (nb RBs 5.0, nb symbols 13.0)
[0m[NR_MAC] UE 0 RNTI 8cbc stats sfn: 256.4, cumulated bad DCI 0
    DL harq: 147/0/0
    UL harq: 1091/1090/1090 avg code rate 0.1, avg bit/symbol 2.0, avg per TB: (nb RBs 5.0, nb symbols 13.0)
[0m[NR_MAC] UE 0 RNTI 8cbc stats sfn: 384.4, cumulated bad DCI 0
    DL harq: 148/0/0
    UL harq: 1102/1100/1100 avg code rate 0.1, avg bit/symbol 2.0, avg per TB: (nb RBs 5.0, nb symbols 13.0)
[0m[NR_MAC] UE 0 RNTI 8cbc stats sfn: 512.4, cumulated bad DCI 0
    DL harq: 149/0/0
    UL harq: 1112/1111/1111 avg code rate 0.1, avg bit/symbol 2.0, avg per TB: (nb RBs 5.0, nb symbols 13.0)
[0m[NR_MAC] UE 0 RNTI 8cbc stats sfn: 640.4, cumulated bad DCI 0
    DL harq: 150/0/0
    UL harq: 1123/1122/1122 avg code rate 0.1, avg bit/symbol 2.0, avg per TB: (nb RBs 5.0, nb symbols 13.0)
[0m[NR_MAC] UE 0 RNTI 8cbc stats sfn: 768.4, cumulated bad DCI 0
    DL harq: 152/0/0
    UL harq: 1134/1132/1132 avg code rate 0.1, avg bit/symbol 2.0, avg per TB: (nb RBs 5.0, nb symbols 13.0)
[0m[NR_MAC] UE 0 RNTI 8cbc stats sfn: 896.4, cumulated bad DCI 0
    DL harq: 153/0/0
    UL harq: 1144/1143/1143 avg code rate 0.1, avg bit/symbol 2.0, avg per TB: (nb RBs 5.0, nb symbols 13.0)
[0m[NR_MAC] UE 0 RNTI 8cbc stats sfn: 0.4, cumulated bad DCI 0
    DL harq: 154/0/0
    UL harq: 1155/1154/1154 avg code rate 0.1, avg bit/symbol 2.0, avg per TB: (nb RBs 5.0, nb symbols 13.0)
[0m[NR_MAC] UE 0 RNTI 8cbc stats sfn: 128.4, cumulated bad DCI 0
    DL harq: 157/0/0
    UL harq: 1174/1172/1172 avg code rate 0.1, avg bit/symbol 2.0, avg per TB: (nb RBs 5.0, nb symbols 13.0)
[0m[NR_MAC] UE 0 RNTI 8cbc stats sfn: 256.4, cumulated bad DCI 0
    DL harq: 158/0/0
    UL harq: 1184/1183/1183 avg code rate 0.1, avg bit/symbol 2.0, avg per TB: (nb RBs 5.0, nb symbols 13.0)
[0m[NR_MAC] UE 0 RNTI 8cbc stats sfn: 384.4, cumulated bad DCI 0
    DL harq: 159/0/0
    UL harq: 1195/1194/1194 avg code rate 0.1, avg bit/symbol 2.0, avg per TB: (nb RBs 5.0, nb symbols 13.0)
[0m[NR_MAC] UE 0 RNTI 8cbc stats sfn: 512.4, cumulated bad DCI 0
    DL harq: 160/0/0
    UL harq: 1206/1204/1204 avg code rate 0.1, avg bit/symbol 2.0, avg per TB: (nb RBs 5.0, nb symbols 13.0)
[0m[NR_MAC] UE 0 RNTI 8cbc stats sfn: 640.4, cumulated bad DCI 0
    DL harq: 162/0/0
    UL harq: 1216/1215/1215 avg code rate 0.1, avg bit/symbol 2.0, avg per TB: (nb RBs 5.0, nb symbols 13.0)
[0m[NR_MAC] UE 0 RNTI 8cbc stats sfn: 768.4, cumulated bad DCI 0
    DL harq: 163/0/0
    UL harq: 1227/1226/1226 avg code rate 0.1, avg bit/symbol 2.0, avg per TB: (nb RBs 5.0, nb symbols 13.0)
[0m[NR_MAC] UE 0 RNTI 8cbc stats sfn: 896.4, cumulated bad DCI 0
    DL harq: 164/0/0
    UL harq: 1238/1236/1236 avg code rate 0.1, avg bit/symbol 2.0, avg per TB: (nb RBs 5.0, nb symbols 13.0)
[0m[NR_MAC] UE 0 RNTI 8cbc stats sfn: 0.4, cumulated bad DCI 0
    DL harq: 166/0/0
    UL harq: 1248/1247/1247 avg code rate 0.1, avg bit/symbol 2.0, avg per TB: (nb RBs 5.0, nb symbols 13.0)
[0m[NR_MAC] UE 0 RNTI 8cbc stats sfn: 128.4, cumulated bad DCI 0
    DL harq: 167/0/0
    UL harq: 1259/1258/1258 avg code rate 0.1, avg bit/symbol 2.0, avg per TB: (nb RBs 5.0, nb symbols 13.0)
[0m[NR_MAC] UE 0 RNTI 8cbc stats sfn: 256.4, cumulated bad DCI 0
    DL harq: 168/0/0
    UL harq: 1270/1268/1268 avg code rate 0.1, avg bit/symbol 2.0, avg per TB: (nb RBs 5.0, nb symbols 13.0)
[0m[NR_MAC] UE 0 RNTI 8cbc stats sfn: 384.4, cumulated bad DCI 0
    DL harq: 169/0/0
    UL harq: 1280/1279/1279 avg code rate 0.1, avg bit/symbol 2.0, avg per TB: (nb RBs 5.0, nb symbols 13.0)
[0m[NR_MAC] UE 0 RNTI 8cbc stats sfn: 512.4, cumulated bad DCI 0
    DL harq: 171/0/0
    UL harq: 1291/1290/1290 avg code rate 0.1, avg bit/symbol 2.0, avg per TB: (nb RBs 5.0, nb symbols 13.0)
[0m[NR_MAC] UE 0 RNTI 8cbc stats sfn: 640.4, cumulated bad DCI 0
    DL harq: 172/0/0
    UL harq: 1302/1300/1300 avg code rate 0.1, avg bit/symbol 2.0, avg per TB: (nb RBs 5.0, nb symbols 13.0)
[0m[NR_MAC] UE 0 RNTI 8cbc stats sfn: 768.4, cumulated bad DCI 0
    DL harq: 173/0/0
    UL harq: 1312/1311/1311 avg code rate 0.1, avg bit/symbol 2.0, avg per TB: (nb RBs 5.0, nb symbols 13.0)
[0m[NR_MAC] UE 0 RNTI 8cbc stats sfn: 896.4, cumulated bad DCI 0
    DL harq: 174/0/0
    UL harq: 1323/1322/1322 avg code rate 0.1, avg bit/symbol 2.0, avg per TB: (nb RBs 5.0, nb symbols 13.0)
[0m[NR_MAC] UE 0 RNTI 8cbc stats sfn: 0.4, cumulated bad DCI 0
    DL harq: 176/0/0
    UL harq: 1334/1332/1332 avg code rate 0.1, avg bit/symbol 2.0, avg per TB: (nb RBs 5.0, nb symbols 13.0)
[0m[NR_MAC] UE 0 RNTI 8cbc stats sfn: 128.4, cumulated bad DCI 0
    DL harq: 177/0/0
    UL harq: 1344/1343/1343 avg code rate 0.1, avg bit/symbol 2.0, avg per TB: (nb RBs 5.0, nb symbols 13.0)
[0m[NR_MAC] UE 0 RNTI 8cbc stats sfn: 256.4, cumulated bad DCI 0
    DL harq: 178/0/0
    UL harq: 1355/1354/1354 avg code rate 0.1, avg bit/symbol 2.0, avg per TB: (nb RBs 5.0, nb symbols 13.0)
[0m[NR_MAC] UE 0 RNTI 8cbc stats sfn: 384.4, cumulated bad DCI 0
    DL harq: 180/0/0
    UL harq: 1366/1364/1364 avg code rate 0.1, avg bit/symbol 2.0, avg per TB: (nb RBs 5.0, nb symbols 13.0)
[0m[NR_MAC] UE 0 RNTI 8cbc stats sfn: 512.4, cumulated bad DCI 0
    DL harq: 181/0/0
    UL harq: 1376/1375/1375 avg code rate 0.1, avg bit/symbol 2.0, avg per TB: (nb RBs 5.0, nb symbols 13.0)
[0m[NR_MAC] UE 0 RNTI 8cbc stats sfn: 640.4, cumulated bad DCI 0
    DL harq: 182/0/0
    UL harq: 1387/1386/1386 avg code rate 0.1, avg bit/symbol 2.0, avg per TB: (nb RBs 5.0, nb symbols 13.0)
[0m[NR_MAC] UE 0 RNTI 8cbc stats sfn: 768.4, cumulated bad DCI 0
    DL harq: 183/0/0
    UL harq: 1398/1396/1396 avg code rate 0.1, avg bit/symbol 2.0, avg per TB: (nb RBs 5.0, nb symbols 13.0)
[0m[NR_MAC] UE 0 RNTI 8cbc stats sfn: 896.4, cumulated bad DCI 0
    DL harq: 185/0/0
    UL harq: 1408/1407/1407 avg code rate 0.1, avg bit/symbol 2.0, avg per TB: (nb RBs 5.0, nb symbols 13.0)
[0m[NR_MAC] UE 0 RNTI 8cbc stats sfn: 0.4, cumulated bad DCI 0
    DL harq: 186/0/0
    UL harq: 1419/1418/1418 avg code rate 0.1, avg bit/symbol 2.0, avg per TB: (nb RBs 5.0, nb symbols 13.0)
[0m[NR_MAC] UE 0 RNTI 8cbc stats sfn: 128.4, cumulated bad DCI 0
    DL harq: 187/0/0
    UL harq: 1430/1428/1428 avg code rate 0.1, avg bit/symbol 2.0, avg per TB: (nb RBs 5.0, nb symbols 13.0)
[0m[NR_MAC] UE 0 RNTI 8cbc stats sfn: 256.4, cumulated bad DCI 0
    DL harq: 189/0/0
    UL harq: 1440/1439/1439 avg code rate 0.1, avg bit/symbol 2.0, avg per TB: (nb RBs 5.0, nb symbols 13.0)
[0m[NR_MAC] UE 0 RNTI 8cbc stats sfn: 384.4, cumulated bad DCI 0
    DL harq: 190/0/0
    UL harq: 1451/1450/1450 avg code rate 0.1, avg bit/symbol 2.0, avg per TB: (nb RBs 5.0, nb symbols 13.0)
[0m[NR_MAC] UE 0 RNTI 8cbc stats sfn: 512.4, cumulated bad DCI 0
    DL harq: 191/0/0
    UL harq: 1462/1460/1460 avg code rate 0.1, avg bit/symbol 2.0, avg per TB: (nb RBs 5.0, nb symbols 13.0)
[0m[NR_MAC] UE 0 RNTI 8cbc stats sfn: 640.4, cumulated bad DCI 0
    DL harq: 192/0/0
    UL harq: 1472/1471/1471 avg code rate 0.1, avg bit/symbol 2.0, avg per TB: (nb RBs 5.0, nb symbols 13.0)
[0m[NR_MAC] UE 0 RNTI 8cbc stats sfn: 768.4, cumulated bad DCI 0
    DL harq: 194/0/0
    UL harq: 1483/1482/1482 avg code rate 0.1, avg bit/symbol 2.0, avg per TB: (nb RBs 5.0, nb symbols 13.0)
[0m[NR_MAC] UE 0 RNTI 8cbc stats sfn: 896.4, cumulated bad DCI 0
    DL harq: 195/0/0
    UL harq: 1494/1492/1492 avg code rate 0.1, avg bit/symbol 2.0, avg per TB: (nb RBs 5.0, nb symbols 13.0)
[0m[NR_MAC] UE 0 RNTI 8cbc stats sfn: 0.4, cumulated bad DCI 0
    DL harq: 196/0/0
    UL harq: 1504/1503/1503 avg code rate 0.1, avg bit/symbol 2.0, avg per TB: (nb RBs 5.0, nb symbols 13.0)
[0m[NR_MAC] UE 0 RNTI 8cbc stats sfn: 128.4, cumulated bad DCI 0
    DL harq: 198/0/0
    UL harq: 1515/1514/1514 avg code rate 0.1, avg bit/symbol 2.0, avg per TB: (nb RBs 5.0, nb symbols 13.0)
[0m[NR_MAC] UE 0 RNTI 8cbc stats sfn: 256.4, cumulated bad DCI 0
    DL harq: 199/0/0
    UL harq: 1526/1524/1524 avg code rate 0.1, avg bit/symbol 2.0, avg per TB: (nb RBs 5.0, nb symbols 13.0)
[0m[NR_MAC] UE 0 RNTI 8cbc stats sfn: 384.4, cumulated bad DCI 0
    DL harq: 200/0/0
    UL harq: 1536/1535/1535 avg code rate 0.1, avg bit/symbol 2.0, avg per TB: (nb RBs 5.0, nb symbols 13.0)
[0m[NR_MAC] UE 0 RNTI 8cbc stats sfn: 512.4, cumulated bad DCI 0
    DL harq: 201/0/0
    UL harq: 1547/1546/1546 avg code rate 0.1, avg bit/symbol 2.0, avg per TB: (nb RBs 5.0, nb symbols 13.0)
[0m[NR_MAC] UE 0 RNTI 8cbc stats sfn: 640.4, cumulated bad DCI 0
    DL harq: 203/0/0
    UL harq: 1558/1556/1556 avg code rate 0.1, avg bit/symbol 2.0, avg per TB: (nb RBs 5.0, nb symbols 13.0)
[0m[NR_MAC] UE 0 RNTI 8cbc stats sfn: 768.4, cumulated bad DCI 0
    DL harq: 204/0/0
    UL harq: 1568/1567/1567 avg code rate 0.1, avg bit/symbol 2.0, avg per TB: (nb RBs 5.0, nb symbols 13.0)
[0m[NR_MAC] UE 0 RNTI 8cbc stats sfn: 896.4, cumulated bad DCI 0
    DL harq: 205/0/0
    UL harq: 1579/1578/1578 avg code rate 0.1, avg bit/symbol 2.0, avg per TB: (nb RBs 5.0, nb symbols 13.0)
[0m[NR_MAC] UE 0 RNTI 8cbc stats sfn: 0.4, cumulated bad DCI 0
    DL harq: 206/0/0
    UL harq: 1590/1588/1588 avg code rate 0.1, avg bit/symbol 2.0, avg per TB: (nb RBs 5.0, nb symbols 13.0)
[0m[NR_MAC] UE 0 RNTI 8cbc stats sfn: 128.4, cumulated bad DCI 0
    DL harq: 208/0/0
    UL harq: 1600/1599/1599 avg code rate 0.1, avg bit/symbol 2.0, avg per TB: (nb RBs 5.0, nb symbols 13.0)
[0m[NR_MAC] UE 0 RNTI 8cbc stats sfn: 256.4, cumulated bad DCI 0
    DL harq: 209/0/0
    UL harq: 1611/1610/1610 avg code rate 0.1, avg bit/symbol 2.0, avg per TB: (nb RBs 5.0, nb symbols 13.0)
[0m[NR_MAC] UE 0 RNTI 8cbc stats sfn: 384.4, cumulated bad DCI 0
    DL harq: 210/0/0
    UL harq: 1622/1620/1620 avg code rate 0.1, avg bit/symbol 2.0, avg per TB: (nb RBs 5.0, nb symbols 13.0)
[0m[NR_MAC] UE 0 RNTI 8cbc stats sfn: 512.4, cumulated bad DCI 0
    DL harq: 212/0/0
    UL harq: 1632/1631/1631 avg code rate 0.1, avg bit/symbol 2.0, avg per TB: (nb RBs 5.0, nb symbols 13.0)
[0m[NR_MAC] UE 0 RNTI 8cbc stats sfn: 640.4, cumulated bad DCI 0
    DL harq: 213/0/0
    UL harq: 1643/1642/1642 avg code rate 0.1, avg bit/symbol 2.0, avg per TB: (nb RBs 5.0, nb symbols 13.0)
[0m[NR_MAC] UE 0 RNTI 8cbc stats sfn: 768.4, cumulated bad DCI 0
    DL harq: 214/0/0
    UL harq: 1654/1652/1652 avg code rate 0.1, avg bit/symbol 2.0, avg per TB: (nb RBs 5.0, nb symbols 13.0)
[0m[NR_MAC] UE 0 RNTI 8cbc stats sfn: 896.4, cumulated bad DCI 0
    DL harq: 215/0/0
    UL harq: 1664/1663/1663 avg code rate 0.1, avg bit/symbol 2.0, avg per TB: (nb RBs 5.0, nb symbols 13.0)
[0m[NR_MAC] UE 0 RNTI 8cbc stats sfn: 0.4, cumulated bad DCI 0
    DL harq: 217/0/0
    UL harq: 1675/1674/1674 avg code rate 0.1, avg bit/symbol 2.0, avg per TB: (nb RBs 5.0, nb symbols 13.0)
[0m[NR_MAC] UE 0 RNTI 8cbc stats sfn: 128.4, cumulated bad DCI 0
    DL harq: 218/0/0
    UL harq: 1686/1684/1684 avg code rate 0.1, avg bit/symbol 2.0, avg per TB: (nb RBs 5.0, nb symbols 13.0)
[0m[NR_MAC] UE 0 RNTI 8cbc stats sfn: 256.4, cumulated bad DCI 0
    DL harq: 219/0/0
    UL harq: 1696/1695/1695 avg code rate 0.1, avg bit/symbol 2.0, avg per TB: (nb RBs 5.0, nb symbols 13.0)
[0m[NR_MAC] UE 0 RNTI 8cbc stats sfn: 384.4, cumulated bad DCI 0
    DL harq: 221/0/0
    UL harq: 1707/1706/1706 avg code rate 0.1, avg bit/symbol 2.0, avg per TB: (nb RBs 5.0, nb symbols 13.0)
[0m[NR_MAC] UE 0 RNTI 8cbc stats sfn: 512.4, cumulated bad DCI 0
    DL harq: 222/0/0
    UL harq: 1718/1716/1716 avg code rate 0.1, avg bit/symbol 2.0, avg per TB: (nb RBs 5.0, nb symbols 13.0)
[0m[NR_MAC] UE 0 RNTI 8cbc stats sfn: 640.4, cumulated bad DCI 0
    DL harq: 223/0/0
    UL harq: 1728/1727/1727 avg code rate 0.1, avg bit/symbol 2.0, avg per TB: (nb RBs 5.0, nb symbols 13.0)
[0m[NR_MAC] UE 0 RNTI 8cbc stats sfn: 768.4, cumulated bad DCI 0
    DL harq: 224/0/0
    UL harq: 1739/1738/1738 avg code rate 0.1, avg bit/symbol 2.0, avg per TB: (nb RBs 5.0, nb symbols 13.0)
[0m[NR_MAC] UE 0 RNTI 8cbc stats sfn: 896.4, cumulated bad DCI 0
    DL harq: 226/0/0
    UL harq: 1750/1748/1748 avg code rate 0.1, avg bit/symbol 2.0, avg per TB: (nb RBs 5.0, nb symbols 13.0)
[0m[NR_MAC] UE 0 RNTI 8cbc stats sfn: 0.4, cumulated bad DCI 0
    DL harq: 227/0/0
    UL harq: 1760/1759/1759 avg code rate 0.1, avg bit/symbol 2.0, avg per TB: (nb RBs 5.0, nb symbols 13.0)
[0m[NR_MAC] UE 0 RNTI 8cbc stats sfn: 128.4, cumulated bad DCI 0
    DL harq: 228/0/0
    UL harq: 1771/1770/1770 avg code rate 0.1, avg bit/symbol 2.0, avg per TB: (nb RBs 5.0, nb symbols 13.0)
[0m[NR_MAC] UE 0 RNTI 8cbc stats sfn: 256.4, cumulated bad DCI 0
    DL harq: 230/0/0
    UL harq: 1782/1780/1780 avg code rate 0.1, avg bit/symbol 2.0, avg per TB: (nb RBs 5.0, nb symbols 13.0)
[0m[NR_MAC] UE 0 RNTI 8cbc stats sfn: 384.4, cumulated bad DCI 0
    DL harq: 231/0/0
    UL harq: 1792/1791/1791 avg code rate 0.1, avg bit/symbol 2.0, avg per TB: (nb RBs 5.0, nb symbols 13.0)
[0m[NR_MAC] UE 0 RNTI 8cbc stats sfn: 512.4, cumulated bad DCI 0
    DL harq: 232/0/0
    UL harq: 1803/1802/1802 avg code rate 0.1, avg bit/symbol 2.0, avg per TB: (nb RBs 5.0, nb symbols 13.0)
[0m[NR_MAC] UE 0 RNTI 8cbc stats sfn: 640.4, cumulated bad DCI 0
    DL harq: 233/0/0
    UL harq: 1814/1812/1812 avg code rate 0.1, avg bit/symbol 2.0, avg per TB: (nb RBs 5.0, nb symbols 13.0)
[0m[NR_MAC] UE 0 RNTI 8cbc stats sfn: 768.4, cumulated bad DCI 0
    DL harq: 235/0/0
    UL harq: 1824/1823/1823 avg code rate 0.1, avg bit/symbol 2.0, avg per TB: (nb RBs 5.0, nb symbols 13.0)
[0m[NR_MAC] UE 0 RNTI 8cbc stats sfn: 896.4, cumulated bad DCI 0
    DL harq: 236/0/0
    UL harq: 1835/1834/1834 avg code rate 0.1, avg bit/symbol 2.0, avg per TB: (nb RBs 5.0, nb symbols 13.0)
[0m[NR_MAC] UE 0 RNTI 8cbc stats sfn: 0.4, cumulated bad DCI 0
    DL harq: 237/0/0
    UL harq: 1846/1844/1844 avg code rate 0.1, avg bit/symbol 2.0, avg per TB: (nb RBs 5.0, nb symbols 13.0)
[0m[NR_MAC] UE 0 RNTI 8cbc stats sfn: 128.4, cumulated bad DCI 0
    DL harq: 238/0/0
    UL harq: 1856/1855/1855 avg code rate 0.1, avg bit/symbol 2.0, avg per TB: (nb RBs 5.0, nb symbols 13.0)
[0m[NR_MAC] UE 0 RNTI 8cbc stats sfn: 256.4, cumulated bad DCI 0
    DL harq: 240/0/0
    UL harq: 1867/1866/1866 avg code rate 0.1, avg bit/symbol 2.0, avg per TB: (nb RBs 5.0, nb symbols 13.0)
[0m[NR_MAC] UE 0 RNTI 8cbc stats sfn: 384.4, cumulated bad DCI 0
    DL harq: 241/0/0
    UL harq: 1878/1876/1876 avg code rate 0.1, avg bit/symbol 2.0, avg per TB: (nb RBs 5.0, nb symbols 13.0)
[0m[NR_MAC] UE 0 RNTI 8cbc stats sfn: 512.4, cumulated bad DCI 0
    DL harq: 242/0/0
    UL harq: 1888/1887/1887 avg code rate 0.1, avg bit/symbol 2.0, avg per TB: (nb RBs 5.0, nb symbols 13.0)
[0m[NR_MAC] UE 0 RNTI 8cbc stats sfn: 640.4, cumulated bad DCI 0
    DL harq: 244/0/0
    UL harq: 1899/1898/1898 avg code rate 0.1, avg bit/symbol 2.0, avg per TB: (nb RBs 5.0, nb symbols 13.0)
[0m[NR_MAC] UE 0 RNTI 8cbc stats sfn: 768.4, cumulated bad DCI 0
    DL harq: 245/0/0
    UL harq: 1910/1908/1908 avg code rate 0.1, avg bit/symbol 2.0, avg per TB: (nb RBs 5.0, nb symbols 13.0)
[0m[NR_MAC] UE 0 RNTI 8cbc stats sfn: 896.4, cumulated bad DCI 0
    DL harq: 246/0/0
    UL harq: 1920/1919/1919 avg code rate 0.1, avg bit/symbol 2.0, avg per TB: (nb RBs 5.0, nb symbols 13.0)
[0m[NR_MAC] UE 0 RNTI 8cbc stats sfn: 0.4, cumulated bad DCI 0
    DL harq: 247/0/0
    UL harq: 1931/1930/1930 avg code rate 0.1, avg bit/symbol 2.0, avg per TB: (nb RBs 5.0, nb symbols 13.0)
[0m[NR_MAC] UE 0 RNTI 8cbc stats sfn: 128.4, cumulated bad DCI 0
    DL harq: 249/0/0
    UL harq: 1942/1940/1940 avg code rate 0.1, avg bit/symbol 2.0, avg per TB: (nb RBs 5.0, nb symbols 13.0)
[0m[NR_MAC] UE 0 RNTI 8cbc stats sfn: 256.4, cumulated bad DCI 0
    DL harq: 250/0/0
    UL harq: 1952/1951/1951 avg code rate 0.1, avg bit/symbol 2.0, avg per TB: (nb RBs 5.0, nb symbols 13.0)
[0m[NR_MAC] UE 0 RNTI 8cbc stats sfn: 384.4, cumulated bad DCI 0
    DL harq: 251/0/0
    UL harq: 1963/1962/1962 avg code rate 0.1, avg bit/symbol 2.0, avg per TB: (nb RBs 5.0, nb symbols 13.0)
[0m[NR_MAC] UE 0 RNTI 8cbc stats sfn: 512.4, cumulated bad DCI 0
    DL harq: 253/0/0
    UL harq: 1974/1972/1972 avg code rate 0.1, avg bit/symbol 2.0, avg per TB: (nb RBs 5.0, nb symbols 13.0)
[0m[NR_MAC] UE 0 RNTI 8cbc stats sfn: 640.4, cumulated bad DCI 0
    DL harq: 254/0/0
    UL harq: 1984/1983/1983 avg code rate 0.1, avg bit/symbol 2.0, avg per TB: (nb RBs 5.0, nb symbols 13.0)
[0m[NR_MAC] UE 0 RNTI 8cbc stats sfn: 768.4, cumulated bad DCI 0
    DL harq: 255/0/0
    UL harq: 1995/1994/1994 avg code rate 0.1, avg bit/symbol 2.0, avg per TB: (nb RBs 5.0, nb symbols 13.0)
[0m[NR_MAC] UE 0 RNTI 8cbc stats sfn: 896.4, cumulated bad DCI 0
    DL harq: 256/0/0
    UL harq: 2006/2004/2004 avg code rate 0.1, avg bit/symbol 2.0, avg per TB: (nb RBs 5.0, nb symbols 13.0)
[0m[NR_MAC] UE 0 RNTI 8cbc stats sfn: 0.4, cumulated bad DCI 0
    DL harq: 258/0/0
    UL harq: 2016/2015/2015 avg code rate 0.1, avg bit/symbol 2.0, avg per TB: (nb RBs 5.0, nb symbols 13.0)
[0m[NR_MAC] UE 0 RNTI 8cbc stats sfn: 128.4, cumulated bad DCI 0
    DL harq: 259/0/0
    UL harq: 2027/2026/2026 avg code rate 0.1, avg bit/symbol 2.0, avg per TB: (nb RBs 5.0, nb symbols 13.0)
[0m[NR_MAC] UE 0 RNTI 8cbc stats sfn: 256.4, cumulated bad DCI 0
    DL harq: 260/0/0
    UL harq: 2038/2036/2036 avg code rate 0.1, avg bit/symbol 2.0, avg per TB: (nb RBs 5.0, nb symbols 13.0)
[0m[NR_MAC] UE 0 RNTI 8cbc stats sfn: 384.4, cumulated bad DCI 0
    DL harq: 262/0/0
    UL harq: 2048/2047/2047 avg code rate 0.1, avg bit/symbol 2.0, avg per TB: (nb RBs 5.0, nb symbols 13.0)
[0m[NR_MAC] UE 0 RNTI 8cbc stats sfn: 512.4, cumulated bad DCI 0
    DL harq: 263/0/0
    UL harq: 2059/2058/2058 avg code rate 0.1, avg bit/symbol 2.0, avg per TB: (nb RBs 5.0, nb symbols 13.0)
[0m[NR_MAC] UE 0 RNTI 8cbc stats sfn: 640.4, cumulated bad DCI 0
    DL harq: 264/0/0
    UL harq: 2070/2068/2068 avg code rate 0.1, avg bit/symbol 2.0, avg per TB: (nb RBs 5.0, nb symbols 13.0)
[0m[NR_MAC] UE 0 RNTI 8cbc stats sfn: 768.4, cumulated bad DCI 0
    DL harq: 265/0/0
    UL harq: 2080/2079/2079 avg code rate 0.1, avg bit/symbol 2.0, avg per TB: (nb RBs 5.0, nb symbols 13.0)
[0m[NR_MAC] UE 0 RNTI 8cbc stats sfn: 896.4, cumulated bad DCI 0
    DL harq: 267/0/0
    UL harq: 2091/2090/2090 avg code rate 0.1, avg bit/symbol 2.0, avg per TB: (nb RBs 5.0, nb symbols 13.0)
[0m[NR_MAC] UE 0 RNTI 8cbc stats sfn: 0.4, cumulated bad DCI 0
    DL harq: 268/0/0
    UL harq: 2102/2100/2100 avg code rate 0.1, avg bit/symbol 2.0, avg per TB: (nb RBs 5.0, nb symbols 13.0)
[0m[NR_MAC] UE 0 RNTI 8cbc stats sfn: 128.4, cumulated bad DCI 0
    DL harq: 269/0/0
    UL harq: 2112/2111/2111 avg code rate 0.1, avg bit/symbol 2.0, avg per TB: (nb RBs 5.0, nb symbols 13.0)
[0m[NR_MAC] UE 0 RNTI 8cbc stats sfn: 256.4, cumulated bad DCI 0
    DL harq: 270/0/0
    UL harq: 2123/2122/2122 avg code rate 0.1, avg bit/symbol 2.0, avg per TB: (nb RBs 5.0, nb symbols 13.0)
[0m[NR_MAC] UE 0 RNTI 8cbc stats sfn: 384.4, cumulated bad DCI 0
    DL harq: 272/0/0
    UL harq: 2134/2132/2132 avg code rate 0.1, avg bit/symbol 2.0, avg per TB: (nb RBs 5.0, nb symbols 13.0)
[0m[NR_MAC] UE 0 RNTI 8cbc stats sfn: 512.4, cumulated bad DCI 0
    DL harq: 273/0/0
    UL harq: 2144/2143/2143 avg code rate 0.1, avg bit/symbol 2.0, avg per TB: (nb RBs 5.0, nb symbols 13.0)
[0m[NR_MAC] UE 0 RNTI 8cbc stats sfn: 640.4, cumulated bad DCI 0
    DL harq: 274/0/0
    UL harq: 2155/2154/2154 avg code rate 0.1, avg bit/symbol 2.0, avg per TB: (nb RBs 5.0, nb symbols 13.0)
[0m[NR_MAC] UE 0 RNTI 8cbc stats sfn: 768.4, cumulated bad DCI 0
    DL harq: 276/0/0
    UL harq: 2166/2164/2164 avg code rate 0.1, avg bit/symbol 2.0, avg per TB: (nb RBs 5.0, nb symbols 13.0)
[0m[NR_MAC] UE 0 RNTI 8cbc stats sfn: 896.4, cumulated bad DCI 0
    DL harq: 277/0/0
    UL harq: 2176/2175/2175 avg code rate 0.1, avg bit/symbol 2.0, avg per TB: (nb RBs 5.0, nb symbols 13.0)
[0m[NR_MAC] UE 0 RNTI 8cbc stats sfn: 0.4, cumulated bad DCI 0
    DL harq: 278/0/0
    UL harq: 2187/2186/2186 avg code rate 0.1, avg bit/symbol 2.0, avg per TB: (nb RBs 5.0, nb symbols 13.0)
[0m[NR_MAC] UE 0 RNTI 8cbc stats sfn: 128.4, cumulated bad DCI 0
    DL harq: 279/0/0
    UL harq: 2198/2196/2196 avg code rate 0.1, avg bit/symbol 2.0, avg per TB: (nb RBs 5.0, nb symbols 13.0)
[0m[NR_MAC] UE 0 RNTI 8cbc stats sfn: 256.4, cumulated bad DCI 0
    DL harq: 281/0/0
    UL harq: 2208/2207/2207 avg code rate 0.1, avg bit/symbol 2.0, avg per TB: (nb RBs 5.0, nb symbols 13.0)
[0m[NR_MAC] UE 0 RNTI 8cbc stats sfn: 384.4, cumulated bad DCI 0
    DL harq: 282/0/0
    UL harq: 2219/2218/2218 avg code rate 0.1, avg bit/symbol 2.0, avg per TB: (nb RBs 5.0, nb symbols 13.0)
[0m[NR_MAC] UE 0 RNTI 8cbc stats sfn: 512.4, cumulated bad DCI 0
    DL harq: 283/0/0
    UL harq: 2235/2234/2232 avg code rate 0.1, avg bit/symbol 2.0, avg per TB: (nb RBs 5.0, nb symbols 13.0)
[0m[NR_MAC] UE 0 RNTI 8cbc stats sfn: 640.4, cumulated bad DCI 0
    DL harq: 286/0/0
    UL harq: 2247/2246/2246 avg code rate 0.1, avg bit/symbol 2.0, avg per TB: (nb RBs 5.0, nb symbols 13.0)
[0m[NR_MAC] UE 0 RNTI 8cbc stats sfn: 768.4, cumulated bad DCI 0
    DL harq: 287/0/0
    UL harq: 2258/2257/2257 avg code rate 0.1, avg bit/symbol 2.0, avg per TB: (nb RBs 5.0, nb symbols 13.0)
[0m[NR_MAC] UE 0 RNTI 8cbc stats sfn: 896.4, cumulated bad DCI 0
    DL harq: 288/0/0
    UL harq: 2268/2267/2267 avg code rate 0.1, avg bit/symbol 2.0, avg per TB: (nb RBs 5.0, nb symbols 13.0)
[0m[NR_MAC] UE 0 RNTI 8cbc stats sfn: 0.4, cumulated bad DCI 0
    DL harq: 289/0/0
    UL harq: 2279/2278/2278 avg code rate 0.1, avg bit/symbol 2.0, avg per TB: (nb RBs 5.0, nb symbols 13.0)
[0m[NR_MAC] UE 0 RNTI 8cbc stats sfn: 128.4, cumulated bad DCI 0
    DL harq: 291/0/0
    UL harq: 2290/2289/2289 avg code rate 0.1, avg bit/symbol 2.0, avg per TB: (nb RBs 5.0, nb symbols 13.0)
[0m[NR_MAC] UE 0 RNTI 8cbc stats sfn: 256.4, cumulated bad DCI 0
    DL harq: 292/0/0
    UL harq: 2300/2299/2299 avg code rate 0.1, avg bit/symbol 2.0, avg per TB: (nb RBs 5.0, nb symbols 13.0)
[0m[NR_MAC] UE 0 RNTI 8cbc stats sfn: 384.4, cumulated bad DCI 0
    DL harq: 293/0/0
    UL harq: 2311/2310/2310 avg code rate 0.1, avg bit/symbol 2.0, avg per TB: (nb RBs 5.0, nb symbols 13.0)
[0m[NR_MAC] UE 0 RNTI 8cbc stats sfn: 512.4, cumulated bad DCI 0
    DL harq: 295/0/0
    UL harq: 2322/2321/2321 avg code rate 0.1, avg bit/symbol 2.0, avg per TB: (nb RBs 5.0, nb symbols 13.0)
[0m[NR_MAC] UE 0 RNTI 8cbc stats sfn: 640.4, cumulated bad DCI 0
    DL harq: 296/0/0
    UL harq: 2332/2331/2331 avg code rate 0.1, avg bit/symbol 2.0, avg per TB: (nb RBs 5.0, nb symbols 13.0)
[0m[NR_MAC] UE 0 RNTI 8cbc stats sfn: 768.4, cumulated bad DCI 0
    DL harq: 297/0/0
    UL harq: 2343/2342/2342 avg code rate 0.1, avg bit/symbol 2.0, avg per TB: (nb RBs 5.0, nb symbols 13.0)
[0m[NR_MAC] UE 0 RNTI 8cbc stats sfn: 896.4, cumulated bad DCI 0
    DL harq: 298/0/0
    UL harq: 2354/2353/2353 avg code rate 0.1, avg bit/symbol 2.0, avg per TB: (nb RBs 5.0, nb symbols 13.0)
[0m[NR_MAC] UE 0 RNTI 8cbc stats sfn: 0.4, cumulated bad DCI 0
    DL harq: 300/0/0
    UL harq: 2364/2363/2363 avg code rate 0.1, avg bit/symbol 2.0, avg per TB: (nb RBs 5.0, nb symbols 13.0)
[0m[NR_MAC] UE 0 RNTI 8cbc stats sfn: 128.4, cumulated bad DCI 0
    DL harq: 301/0/0
    UL harq: 2375/2374/2374 avg code rate 0.1, avg bit/symbol 2.0, avg per TB: (nb RBs 5.0, nb symbols 13.0)
[0m[NR_MAC] UE 0 RNTI 8cbc stats sfn: 256.4, cumulated bad DCI 0
    DL harq: 302/0/0
    UL harq: 2386/2385/2385 avg code rate 0.1, avg bit/symbol 2.0, avg per TB: (nb RBs 5.0, nb symbols 13.0)
[0m[NR_MAC] UE 0 RNTI 8cbc stats sfn: 384.4, cumulated bad DCI 0
    DL harq: 303/0/0
    UL harq: 2396/2395/2395 avg code rate 0.1, avg bit/symbol 2.0, avg per TB: (nb RBs 5.0, nb symbols 13.0)
[0m[NR_MAC] UE 0 RNTI 8cbc stats sfn: 512.4, cumulated bad DCI 0
    DL harq: 305/0/0
    UL harq: 2407/2406/2406 avg code rate 0.1, avg bit/symbol 2.0, avg per TB: (nb RBs 5.0, nb symbols 13.0)
[0m[NR_MAC] UE 0 RNTI 8cbc stats sfn: 640.4, cumulated bad DCI 0
    DL harq: 306/0/0
    UL harq: 2418/2417/2417 avg code rate 0.1, avg bit/symbol 2.0, avg per TB: (nb RBs 5.0, nb symbols 13.0)
[0m[NR_MAC] UE 0 RNTI 8cbc stats sfn: 768.4, cumulated bad DCI 0
    DL harq: 307/0/0
    UL harq: 2428/2427/2427 avg code rate 0.1, avg bit/symbol 2.0, avg per TB: (nb RBs 5.0, nb symbols 13.0)
[0m[NR_MAC] UE 0 RNTI 8cbc stats sfn: 896.4, cumulated bad DCI 0
    DL harq: 309/0/0
    UL harq: 2439/2438/2438 avg code rate 0.1, avg bit/symbol 2.0, avg per TB: (nb RBs 5.0, nb symbols 13.0)
[0m[NR_MAC] UE 0 RNTI 8cbc stats sfn: 0.4, cumulated bad DCI 0
    DL harq: 310/0/0
    UL harq: 2450/2449/2449 avg code rate 0.1, avg bit/symbol 2.0, avg per TB: (nb RBs 5.0, nb symbols 13.0)
[0m[NR_MAC] UE 0 RNTI 8cbc stats sfn: 128.4, cumulated bad DCI 0
    DL harq: 311/0/0
    UL harq: 2460/2459/2459 avg code rate 0.1, avg bit/symbol 2.0, avg per TB: (nb RBs 5.0, nb symbols 13.0)
[0m[NR_MAC] UE 0 RNTI 8cbc stats sfn: 256.4, cumulated bad DCI 0
    DL harq: 312/0/0
    UL harq: 2471/2470/2470 avg code rate 0.1, avg bit/symbol 2.0, avg per TB: (nb RBs 5.0, nb symbols 13.0)
[0m[NR_MAC] UE 0 RNTI 8cbc stats sfn: 384.4, cumulated bad DCI 0
    DL harq: 314/0/0
    UL harq: 2482/2481/2481 avg code rate 0.1, avg bit/symbol 2.0, avg per TB: (nb RBs 5.0, nb symbols 13.0)
[0m[NR_MAC] UE 0 RNTI 8cbc stats sfn: 512.4, cumulated bad DCI 0
    DL harq: 315/0/0
    UL harq: 2492/2491/2491 avg code rate 0.1, avg bit/symbol 2.0, avg per TB: (nb RBs 5.0, nb symbols 13.0)
[0m[NR_MAC] UE 0 RNTI 8cbc stats sfn: 640.4, cumulated bad DCI 0
    DL harq: 316/0/0
    UL harq: 2503/2502/2502 avg code rate 0.1, avg bit/symbol 2.0, avg per TB: (nb RBs 5.0, nb symbols 13.0)
[0m[NR_MAC] UE 0 RNTI 8cbc stats sfn: 768.4, cumulated bad DCI 0
    DL harq: 318/0/0
    UL harq: 2514/2513/2513 avg code rate 0.1, avg bit/symbol 2.0, avg per TB: (nb RBs 5.0, nb symbols 13.0)
[0m[NR_MAC] UE 0 RNTI 8cbc stats sfn: 896.4, cumulated bad DCI 0
    DL harq: 319/0/0
    UL harq: 2524/2523/2523 avg code rate 0.1, avg bit/symbol 2.0, avg per TB: (nb RBs 5.0, nb symbols 13.0)
[0m[NR_MAC] UE 0 RNTI 8cbc stats sfn: 0.4, cumulated bad DCI 0
    DL harq: 320/0/0
    UL harq: 2535/2534/2534 avg code rate 0.1, avg bit/symbol 2.0, avg per TB: (nb RBs 5.0, nb symbols 13.0)
[0m[NR_MAC] UE 0 RNTI 8cbc stats sfn: 128.4, cumulated bad DCI 0
    DL harq: 321/0/0
    UL harq: 2546/2545/2545 avg code rate 0.1, avg bit/symbol 2.0, avg per TB: (nb RBs 5.0, nb symbols 13.0)
[0m[NR_MAC] UE 0 RNTI 8cbc stats sfn: 256.4, cumulated bad DCI 0
    DL harq: 323/0/0
    UL harq: 2556/2555/2555 avg code rate 0.1, avg bit/symbol 2.0, avg per TB: (nb RBs 5.0, nb symbols 13.0)
[0m[NR_MAC] UE 0 RNTI 8cbc stats sfn: 384.4, cumulated bad DCI 0
    DL harq: 324/0/0
    UL harq: 2567/2566/2566 avg code rate 0.1, avg bit/symbol 2.0, avg per TB: (nb RBs 5.0, nb symbols 13.0)
[0m[NR_MAC] UE 0 RNTI 8cbc stats sfn: 512.4, cumulated bad DCI 0
    DL harq: 325/0/0
    UL harq: 2578/2577/2577 avg code rate 0.1, avg bit/symbol 2.0, avg per TB: (nb RBs 5.0, nb symbols 13.0)
[0m[NR_MAC] UE 0 RNTI 8cbc stats sfn: 640.4, cumulated bad DCI 0
    DL harq: 327/0/0
    UL harq: 2588/2587/2587 avg code rate 0.1, avg bit/symbol 2.0, avg per TB: (nb RBs 5.0, nb symbols 13.0)
[0m[NR_MAC] UE 0 RNTI 8cbc stats sfn: 768.4, cumulated bad DCI 0
    DL harq: 328/0/0
    UL harq: 2599/2598/2598 avg code rate 0.1, avg bit/symbol 2.0, avg per TB: (nb RBs 5.0, nb symbols 13.0)
[0m[NR_MAC] UE 0 RNTI 8cbc stats sfn: 896.4, cumulated bad DCI 0
    DL harq: 329/0/0
    UL harq: 2610/2609/2609 avg code rate 0.1, avg bit/symbol 2.0, avg per TB: (nb RBs 5.0, nb symbols 13.0)
[0m[NR_MAC] UE 0 RNTI 8cbc stats sfn: 0.4, cumulated bad DCI 0
    DL harq: 330/0/0
    UL harq: 2620/2619/2619 avg code rate 0.1, avg bit/symbol 2.0, avg per TB: (nb RBs 5.0, nb symbols 13.0)
[0m[NR_MAC] UE 0 RNTI 8cbc stats sfn: 128.4, cumulated bad DCI 0
    DL harq: 332/0/0
    UL harq: 2631/2630/2630 avg code rate 0.1, avg bit/symbol 2.0, avg per TB: (nb RBs 5.0, nb symbols 13.0)
[0m[NR_MAC] UE 0 RNTI 8cbc stats sfn: 256.4, cumulated bad DCI 0
    DL harq: 333/0/0
    UL harq: 2642/2641/2641 avg code rate 0.1, avg bit/symbol 2.0, avg per TB: (nb RBs 5.0, nb symbols 13.0)
[0m[NR_MAC] UE 0 RNTI 8cbc stats sfn: 384.4, cumulated bad DCI 0
    DL harq: 334/0/0
    UL harq: 2652/2651/2651 avg code rate 0.1, avg bit/symbol 2.0, avg per TB: (nb RBs 5.0, nb symbols 13.0)
[0m[NR_MAC] UE 0 RNTI 8cbc stats sfn: 512.4, cumulated bad DCI 0
    DL harq: 335/0/0
    UL harq: 2663/2662/2662 avg code rate 0.1, avg bit/symbol 2.0, avg per TB: (nb RBs 5.0, nb symbols 13.0)
[0m[NR_MAC] UE 0 RNTI 8cbc stats sfn: 640.4, cumulated bad DCI 0
    DL harq: 337/0/0
    UL harq: 2674/2673/2673 avg code rate 0.1, avg bit/symbol 2.0, avg per TB: (nb RBs 5.0, nb symbols 13.0)
[0m[NR_MAC] UE 0 RNTI 8cbc stats sfn: 768.4, cumulated bad DCI 0
    DL harq: 338/0/0
    UL harq: 2684/2683/2683 avg code rate 0.1, avg bit/symbol 2.0, avg per TB: (nb RBs 5.0, nb symbols 13.0)
[0m[NR_MAC] UE 0 RNTI 8cbc stats sfn: 896.4, cumulated bad DCI 0
    DL harq: 339/0/0
    UL harq: 2695/2694/2694 avg code rate 0.1, avg bit/symbol 2.0, avg per TB: (nb RBs 5.0, nb symbols 13.0)
[0m[NR_MAC] UE 0 RNTI 8cbc stats sfn: 0.4, cumulated bad DCI 0
    DL harq: 341/0/0
    UL harq: 2706/2705/2705 avg code rate 0.1, avg bit/symbol 2.0, avg per TB: (nb RBs 5.0, nb symbols 13.0)
[0m[NR_MAC] UE 0 RNTI 8cbc stats sfn: 128.4, cumulated bad DCI 0
    DL harq: 342/0/0
    UL harq: 2716/2715/2715 avg code rate 0.1, avg bit/symbol 2.0, avg per TB: (nb RBs 5.0, nb symbols 13.0)
[0m[NR_MAC] UE 0 RNTI 8cbc stats sfn: 256.4, cumulated bad DCI 0
    DL harq: 343/0/0
    UL harq: 2727/2726/2726 avg code rate 0.1, avg bit/symbol 2.0, avg per TB: (nb RBs 5.0, nb symbols 13.0)
[0m[NR_MAC] UE 0 RNTI 8cbc stats sfn: 384.4, cumulated bad DCI 0
    DL harq: 344/0/0
    UL harq: 2738/2737/2737 avg code rate 0.1, avg bit/symbol 2.0, avg per TB: (nb RBs 5.0, nb symbols 13.0)
[0m[NR_MAC] UE 0 RNTI 8cbc stats sfn: 512.4, cumulated bad DCI 0
    DL harq: 346/0/0
    UL harq: 2748/2747/2747 avg code rate 0.1, avg bit/symbol 2.0, avg per TB: (nb RBs 5.0, nb symbols 13.0)
[0m[NR_MAC] UE 0 RNTI 8cbc stats sfn: 640.4, cumulated bad DCI 0
    DL harq: 347/0/0
    UL harq: 2759/2758/2758 avg code rate 0.1, avg bit/symbol 2.0, avg per TB: (nb RBs 5.0, nb symbols 13.0)
[0m[NR_MAC] UE 0 RNTI 8cbc stats sfn: 768.4, cumulated bad DCI 0
    DL harq: 348/0/0
    UL harq: 2770/2769/2769 avg code rate 0.1, avg bit/symbol 2.0, avg per TB: (nb RBs 5.0, nb symbols 13.0)
[0m[NR_MAC] UE 0 RNTI 8cbc stats sfn: 896.4, cumulated bad DCI 0
    DL harq: 350/0/0
    UL harq: 2780/2779/2779 avg code rate 0.1, avg bit/symbol 2.0, avg per TB: (nb RBs 5.0, nb symbols 13.0)
[0m[NR_MAC] UE 0 RNTI 8cbc stats sfn: 0.4, cumulated bad DCI 0
    DL harq: 351/0/0
    UL harq: 2791/2790/2790 avg code rate 0.1, avg bit/symbol 2.0, avg per TB: (nb RBs 5.0, nb symbols 13.0)
[0m[NR_MAC] UE 0 RNTI 8cbc stats sfn: 128.4, cumulated bad DCI 0
    DL harq: 352/0/0
    UL harq: 2802/2801/2801 avg code rate 0.1, avg bit/symbol 2.0, avg per TB: (nb RBs 5.0, nb symbols 13.0)
[0m[NR_MAC] UE 0 RNTI 8cbc stats sfn: 256.4, cumulated bad DCI 0
    DL harq: 353/0/0
    UL harq: 2812/2811/2811 avg code rate 0.1, avg bit/symbol 2.0, avg per TB: (nb RBs 5.0, nb symbols 13.0)
[0m[NR_MAC] UE 0 RNTI 8cbc stats sfn: 384.4, cumulated bad DCI 0
    DL harq: 355/0/0
    UL harq: 2823/2822/2822 avg code rate 0.1, avg bit/symbol 2.0, avg per TB: (nb RBs 5.0, nb symbols 13.0)
[0m[NR_MAC] UE 0 RNTI 8cbc stats sfn: 512.4, cumulated bad DCI 0
    DL harq: 356/0/0
    UL harq: 2834/2833/2833 avg code rate 0.1, avg bit/symbol 2.0, avg per TB: (nb RBs 5.0, nb symbols 13.0)
[0m[NR_MAC] UE 0 RNTI 8cbc stats sfn: 640.4, cumulated bad DCI 0
    DL harq: 357/0/0
    UL harq: 2844/2843/2843 avg code rate 0.1, avg bit/symbol 2.0, avg per TB: (nb RBs 5.0, nb symbols 13.0)
[0m[NR_MAC] UE 0 RNTI 8cbc stats sfn: 768.4, cumulated bad DCI 0
    DL harq: 359/0/0
    UL harq: 2855/2854/2854 avg code rate 0.1, avg bit/symbol 2.0, avg per TB: (nb RBs 5.0, nb symbols 13.0)
[0m[NR_MAC] UE 0 RNTI 8cbc stats sfn: 896.4, cumulated bad DCI 0
    DL harq: 360/0/0
    UL harq: 2866/2865/2865 avg code rate 0.1, avg bit/symbol 2.0, avg per TB: (nb RBs 5.0, nb symbols 13.0)
[0m[NR_MAC] UE 0 RNTI 8cbc stats sfn: 0.4, cumulated bad DCI 0
    DL harq: 361/0/0
    UL harq: 2876/2875/2875 avg code rate 0.1, avg bit/symbol 2.0, avg per TB: (nb RBs 5.0, nb symbols 13.0)
[0m[NR_MAC] UE 0 RNTI 8cbc stats sfn: 128.4, cumulated bad DCI 0
    DL harq: 362/0/0
    UL harq: 2887/2886/2886 avg code rate 0.1, avg bit/symbol 2.0, avg per TB: (nb RBs 5.0, nb symbols 13.0)
[0m[NR_MAC] UE 0 RNTI 8cbc stats sfn: 256.4, cumulated bad DCI 0
    DL harq: 364/0/0
    UL harq: 2898/2897/2897 avg code rate 0.1, avg bit/symbol 2.0, avg per TB: (nb RBs 5.0, nb symbols 13.0)
[0m[NR_MAC] UE 0 RNTI 8cbc stats sfn: 384.4, cumulated bad DCI 0
    DL harq: 365/0/0
    UL harq: 2908/2907/2907 avg code rate 0.1, avg bit/symbol 2.0, avg per TB: (nb RBs 5.0, nb symbols 13.0)
[0m[NR_MAC] UE 0 RNTI 8cbc stats sfn: 512.4, cumulated bad DCI 0
    DL harq: 366/0/0
    UL harq: 2919/2918/2918 avg code rate 0.1, avg bit/symbol 2.0, avg per TB: (nb RBs 5.0, nb symbols 13.0)
[0m[NR_MAC] UE 0 RNTI 8cbc stats sfn: 640.4, cumulated bad DCI 0
    DL harq: 367/0/0
    UL harq: 2930/2929/2929 avg code rate 0.1, avg bit/symbol 2.0, avg per TB: (nb RBs 5.0, nb symbols 13.0)
[0m[NR_MAC] UE 0 RNTI 8cbc stats sfn: 768.4, cumulated bad DCI 0
    DL harq: 369/0/0
    UL harq: 2940/2939/2939 avg code rate 0.1, avg bit/symbol 2.0, avg per TB: (nb RBs 5.0, nb symbols 13.0)
[0m[NR_MAC] UE 0 RNTI 8cbc stats sfn: 896.4, cumulated bad DCI 0
    DL harq: 370/0/0
    UL harq: 2951/2950/2950 avg code rate 0.1, avg bit/symbol 2.0, avg per TB: (nb RBs 5.0, nb symbols 13.0)
[0m[NR_MAC] UE 0 RNTI 8cbc stats sfn: 0.4, cumulated bad DCI 0
    DL harq: 371/0/0
    UL harq: 2962/2961/2961 avg code rate 0.1, avg bit/symbol 2.0, avg per TB: (nb RBs 5.0, nb symbols 13.0)
[0m[NR_MAC] UE 0 RNTI 8cbc stats sfn: 128.4, cumulated bad DCI 0
    DL harq: 373/0/0
    UL harq: 2972/2971/2971 avg code rate 0.1, avg bit/symbol 2.0, avg per TB: (nb RBs 5.0, nb symbols 13.0)
[0m[NR_MAC] UE 0 RNTI 8cbc stats sfn: 256.4, cumulated bad DCI 0
    DL harq: 374/0/0
    UL harq: 2983/2982/2982 avg code rate 0.1, avg bit/symbol 2.0, avg per TB: (nb RBs 5.0, nb symbols 13.0)
[0m[NR_MAC] UE 0 RNTI 8cbc stats sfn: 384.4, cumulated bad DCI 0
    DL harq: 375/0/0
    UL harq: 2994/2993/2993 avg code rate 0.1, avg bit/symbol 2.0, avg per TB: (nb RBs 5.0, nb symbols 13.0)
[0m[NR_MAC] UE 0 RNTI 8cbc stats sfn: 512.4, cumulated bad DCI 0
    DL harq: 376/0/0
    UL harq: 3004/3003/3003 avg code rate 0.1, avg bit/symbol 2.0, avg per TB: (nb RBs 5.0, nb symbols 13.0)
[0m[NR_MAC] UE 0 RNTI 8cbc stats sfn: 640.4, cumulated bad DCI 0
    DL harq: 378/0/0
    UL harq: 3015/3014/3014 avg code rate 0.1, avg bit/symbol 2.0, avg per TB: (nb RBs 5.0, nb symbols 13.0)
[0m[NR_MAC] UE 0 RNTI 8cbc stats sfn: 768.4, cumulated bad DCI 0
    DL harq: 379/0/0
    UL harq: 3026/3025/3025 avg code rate 0.1, avg bit/symbol 2.0, avg per TB: (nb RBs 5.0, nb symbols 13.0)
[0m[NR_MAC] UE 0 RNTI 8cbc stats sfn: 896.4, cumulated bad DCI 0
    DL harq: 380/0/0
    UL harq: 3036/3035/3035 avg code rate 0.1, avg bit/symbol 2.0, avg per TB: (nb RBs 5.0, nb symbols 13.0)
[0m[NR_MAC] UE 0 RNTI 8cbc stats sfn: 0.4, cumulated bad DCI 0
    DL harq: 382/0/0
    UL harq: 3047/3046/3046 avg code rate 0.1, avg bit/symbol 2.0, avg per TB: (nb RBs 5.0, nb symbols 13.0)
[0m[NR_MAC] UE 0 RNTI 8cbc stats sfn: 128.4, cumulated bad DCI 0
    DL harq: 383/0/0
    UL harq: 3058/3057/3057 avg code rate 0.1, avg bit/symbol 2.0, avg per TB: (nb RBs 5.0, nb symbols 13.0)
[0m[NR_MAC] UE 0 RNTI 8cbc stats sfn: 256.4, cumulated bad DCI 0
    DL harq: 384/0/0
    UL harq: 3068/3067/3067 avg code rate 0.1, avg bit/symbol 2.0, avg per TB: (nb RBs 5.0, nb symbols 13.0)
[0m[NR_MAC] UE 0 RNTI 8cbc stats sfn: 384.4, cumulated bad DCI 0
    DL harq: 385/0/0
    UL harq: 3079/3078/3078 avg code rate 0.1, avg bit/symbol 2.0, avg per TB: (nb RBs 5.0, nb symbols 13.0)
[0m[NR_MAC] UE 0 RNTI 8cbc stats sfn: 512.4, cumulated bad DCI 0
    DL harq: 387/0/0
    UL harq: 3090/3089/3089 avg code rate 0.1, avg bit/symbol 2.0, avg per TB: (nb RBs 5.0, nb symbols 13.0)
[0m[NR_MAC] UE 0 RNTI 8cbc stats sfn: 640.4, cumulated bad DCI 0
    DL harq: 388/0/0
    UL harq: 3100/3099/3099 avg code rate 0.1, avg bit/symbol 2.0, avg per TB: (nb RBs 5.0, nb symbols 13.0)
[0m[NR_MAC] UE 0 RNTI 8cbc stats sfn: 768.4, cumulated bad DCI 0
    DL harq: 389/0/0
    UL harq: 3111/3110/3110 avg code rate 0.1, avg bit/symbol 2.0, avg per TB: (nb RBs 5.0, nb symbols 13.0)
[0m[NR_MAC] UE 0 RNTI 8cbc stats sfn: 896.4, cumulated bad DCI 0
    DL harq: 391/0/0
    UL harq: 3122/3121/3121 avg code rate 0.1, avg bit/symbol 2.0, avg per TB: (nb RBs 5.0, nb symbols 13.0)
[0m[NR_MAC] UE 0 RNTI 8cbc stats sfn: 0.4, cumulated bad DCI 0
    DL harq: 392/0/0
    UL harq: 3132/3131/3131 avg code rate 0.1, avg bit/symbol 2.0, avg per TB: (nb RBs 5.0, nb symbols 13.0)
[0m[NR_MAC] UE 0 RNTI 8cbc stats sfn: 128.4, cumulated bad DCI 0
    DL harq: 393/0/0
    UL harq: 3143/3142/3142 avg code rate 0.1, avg bit/symbol 2.0, avg per TB: (nb RBs 5.0, nb symbols 13.0)
[0m[NR_MAC] UE 0 RNTI 8cbc stats sfn: 256.4, cumulated bad DCI 0
    DL harq: 394/0/0
    UL harq: 3154/3153/3153 avg code rate 0.1, avg bit/symbol 2.0, avg per TB: (nb RBs 5.0, nb symbols 13.0)
[0m[NR_MAC] UE 0 RNTI 8cbc stats sfn: 384.4, cumulated bad DCI 0
    DL harq: 396/0/0
    UL harq: 3164/3163/3163 avg code rate 0.1, avg bit/symbol 2.0, avg per TB: (nb RBs 5.0, nb symbols 13.0)
[0m[NR_MAC] UE 0 RNTI 8cbc stats sfn: 512.4, cumulated bad DCI 0
    DL harq: 397/0/0
    UL harq: 3175/3174/3174 avg code rate 0.1, avg bit/symbol 2.0, avg per TB: (nb RBs 5.0, nb symbols 13.0)
[0m[NR_MAC] UE 0 RNTI 8cbc stats sfn: 640.4, cumulated bad DCI 0
    DL harq: 398/0/0
    UL harq: 3186/3185/3185 avg code rate 0.1, avg bit/symbol 2.0, avg per TB: (nb RBs 5.0, nb symbols 13.0)
[0m[NR_MAC] UE 0 RNTI 8cbc stats sfn: 768.4, cumulated bad DCI 0
    DL harq: 399/0/0
    UL harq: 3196/3195/3195 avg code rate 0.1, avg bit/symbol 2.0, avg per TB: (nb RBs 5.0, nb symbols 13.0)
[0m[NR_MAC] UE 0 RNTI 8cbc stats sfn: 896.4, cumulated bad DCI 0
    DL harq: 401/0/0
    UL harq: 3207/3206/3206 avg code rate 0.1, avg bit/symbol 2.0, avg per TB: (nb RBs 5.0, nb symbols 13.0)
[0m[NR_MAC] UE 0 RNTI 8cbc stats sfn: 0.4, cumulated bad DCI 0
    DL harq: 402/0/0
    UL harq: 3218/3217/3217 avg code rate 0.1, avg bit/symbol 2.0, avg per TB: (nb RBs 5.0, nb symbols 13.0)
[0m[NR_MAC] UE 0 RNTI 8cbc stats sfn: 128.4, cumulated bad DCI 0
    DL harq: 403/0/0
    UL harq: 3228/3227/3227 avg code rate 0.1, avg bit/symbol 2.0, avg per TB: (nb RBs 5.0, nb symbols 13.0)
[0m[NR_MAC] UE 0 RNTI 8cbc stats sfn: 256.4, cumulated bad DCI 0
    DL harq: 405/0/0
    UL harq: 3239/3238/3238 avg code rate 0.1, avg bit/symbol 2.0, avg per TB: (nb RBs 5.0, nb symbols 13.0)
[0m[NR_MAC] UE 0 RNTI 8cbc stats sfn: 384.4, cumulated bad DCI 0
    DL harq: 406/0/0
    UL harq: 3250/3249/3249 avg code rate 0.1, avg bit/symbol 2.0, avg per TB: (nb RBs 5.0, nb symbols 13.0)
[0m[NR_MAC] UE 0 RNTI 8cbc stats sfn: 512.4, cumulated bad DCI 0
    DL harq: 407/0/0
    UL harq: 3260/3259/3259 avg code rate 0.1, avg bit/symbol 2.0, avg per TB: (nb RBs 5.0, nb symbols 13.0)
[0m[NR_MAC] UE 0 RNTI 8cbc stats sfn: 640.4, cumulated bad DCI 0
    DL harq: 408/0/0
    UL harq: 3271/3270/3270 avg code rate 0.1, avg bit/symbol 2.0, avg per TB: (nb RBs 5.0, nb symbols 13.0)
[0m[NR_MAC] UE 0 RNTI 8cbc stats sfn: 768.4, cumulated bad DCI 0
    DL harq: 410/0/0
    UL harq: 3282/3281/3281 avg code rate 0.1, avg bit/symbol 2.0, avg per TB: (nb RBs 5.0, nb symbols 13.0)
[0m[NR_MAC] UE 0 RNTI 8cbc stats sfn: 896.4, cumulated bad DCI 0
    DL harq: 411/0/0
    UL harq: 3292/3291/3291 avg code rate 0.1, avg bit/symbol 2.0, avg per TB: (nb RBs 5.0, nb symbols 13.0)
[0m[NR_MAC] UE 0 RNTI 8cbc stats sfn: 0.4, cumulated bad DCI 0
    DL harq: 412/0/0
    UL harq: 3303/3302/3302 avg code rate 0.1, avg bit/symbol 2.0, avg per TB: (nb RBs 5.0, nb symbols 13.0)
[0m[NR_MAC] UE 0 RNTI 8cbc stats sfn: 128.4, cumulated bad DCI 0
    DL harq: 414/0/0
    UL harq: 3314/3313/3313 avg code rate 0.1, avg bit/symbol 2.0, avg per TB: (nb RBs 5.0, nb symbols 13.0)
[0m[NR_MAC] UE 0 RNTI 8cbc stats sfn: 256.4, cumulated bad DCI 0
    DL harq: 415/0/0
    UL harq: 3324/3323/3323 avg code rate 0.1, avg bit/symbol 2.0, avg per TB: (nb RBs 5.0, nb symbols 13.0)
[0m[NR_MAC] UE 0 RNTI 8cbc stats sfn: 384.4, cumulated bad DCI 0
    DL harq: 416/0/0
    UL harq: 3335/3334/3334 avg code rate 0.1, avg bit/symbol 2.0, avg per TB: (nb RBs 5.0, nb symbols 13.0)
[0m[NR_MAC] UE 0 RNTI 8cbc stats sfn: 512.4, cumulated bad DCI 0
    DL harq: 417/0/0
    UL harq: 3346/3345/3345 avg code rate 0.1, avg bit/symbol 2.0, avg per TB: (nb RBs 5.0, nb symbols 13.0)
[0m[NR_MAC] UE 0 RNTI 8cbc stats sfn: 640.4, cumulated bad DCI 0
    DL harq: 419/0/0
    UL harq: 3356/3355/3355 avg code rate 0.1, avg bit/symbol 2.0, avg per TB: (nb RBs 5.0, nb symbols 13.0)
[0m[NR_MAC] UE 0 RNTI 8cbc stats sfn: 768.4, cumulated bad DCI 0
    DL harq: 420/0/0
    UL harq: 3367/3366/3366 avg code rate 0.1, avg bit/symbol 2.0, avg per TB: (nb RBs 5.0, nb symbols 13.0)
[0m[NR_MAC] UE 0 RNTI 8cbc stats sfn: 896.4, cumulated bad DCI 0
    DL harq: 421/0/0
    UL harq: 3378/3377/3377 avg code rate 0.1, avg bit/symbol 2.0, avg per TB: (nb RBs 5.0, nb symbols 13.0)
[0m[NR_MAC] UE 0 RNTI 8cbc stats sfn: 0.4, cumulated bad DCI 0
    DL harq: 423/0/0
    UL harq: 3388/3387/3387 avg code rate 0.1, avg bit/symbol 2.0, avg per TB: (nb RBs 5.0, nb symbols 13.0)
[0m[NR_MAC] UE 0 RNTI 8cbc stats sfn: 128.4, cumulated bad DCI 0
    DL harq: 424/0/0
    UL harq: 3399/3398/3398 avg code rate 0.1, avg bit/symbol 2.0, avg per TB: (nb RBs 5.0, nb symbols 13.0)
[0m[NR_MAC] UE 0 RNTI 8cbc stats sfn: 256.4, cumulated bad DCI 0
    DL harq: 425/0/0
    UL harq: 3410/3409/3409 avg code rate 0.1, avg bit/symbol 2.0, avg per TB: (nb RBs 5.0, nb symbols 13.0)
[0m[NR_MAC] UE 0 RNTI 8cbc stats sfn: 384.4, cumulated bad DCI 0
    DL harq: 426/0/0
    UL harq: 3420/3419/3419 avg code rate 0.1, avg bit/symbol 2.0, avg per TB: (nb RBs 5.0, nb symbols 13.0)
[0m[NR_MAC] UE 0 RNTI 8cbc stats sfn: 512.4, cumulated bad DCI 0
    DL harq: 428/0/0
    UL harq: 3431/3430/3430 avg code rate 0.1, avg bit/symbol 2.0, avg per TB: (nb RBs 5.0, nb symbols 13.0)
[0m[NR_MAC] UE 0 RNTI 8cbc stats sfn: 640.4, cumulated bad DCI 0
    DL harq: 429/0/0
    UL harq: 3442/3441/3441 avg code rate 0.1, avg bit/symbol 2.0, avg per TB: (nb RBs 5.0, nb symbols 13.0)
[0m[NR_MAC] UE 0 RNTI 8cbc stats sfn: 768.4, cumulated bad DCI 0
    DL harq: 430/0/0
    UL harq: 3452/3451/3451 avg code rate 0.1, avg bit/symbol 2.0, avg per TB: (nb RBs 5.0, nb symbols 13.0)
[0m[NR_MAC] UE 0 RNTI 8cbc stats sfn: 896.4, cumulated bad DCI 0
    DL harq: 431/0/0
    UL harq: 3463/3462/3462 avg code rate 0.1, avg bit/symbol 2.0, avg per TB: (nb RBs 5.0, nb symbols 13.0)
[0m[NR_MAC] UE 0 RNTI 8cbc stats sfn: 0.4, cumulated bad DCI 0
    DL harq: 433/0/0
    UL harq: 3474/3473/3473 avg code rate 0.1, avg bit/symbol 2.0, avg per TB: (nb RBs 5.0, nb symbols 13.0)
[0m[NR_MAC] UE 0 RNTI 8cbc stats sfn: 128.4, cumulated bad DCI 0
    DL harq: 434/0/0
    UL harq: 3484/3483/3483 avg code rate 0.1, avg bit/symbol 2.0, avg per TB: (nb RBs 5.0, nb symbols 13.0)
[0m[NR_MAC] UE 0 RNTI 8cbc stats sfn: 256.4, cumulated bad DCI 0
    DL harq: 435/0/0
    UL harq: 3495/3494/3494 avg code rate 0.1, avg bit/symbol 2.0, avg per TB: (nb RBs 5.0, nb symbols 13.0)
[0m[NR_MAC] UE 0 RNTI 8cbc stats sfn: 384.4, cumulated bad DCI 0
    DL harq: 437/0/0
    UL harq: 3506/3505/3505 avg code rate 0.1, avg bit/symbol 2.0, avg per TB: (nb RBs 5.0, nb symbols 13.0)
[0m[NR_MAC] UE 0 RNTI 8cbc stats sfn: 512.4, cumulated bad DCI 0
    DL harq: 438/0/0
    UL harq: 3516/3515/3515 avg code rate 0.1, avg bit/symbol 2.0, avg per TB: (nb RBs 5.0, nb symbols 13.0)
[0m[NR_MAC] UE 0 RNTI 8cbc stats sfn: 640.4, cumulated bad DCI 0
    DL harq: 439/0/0
    UL harq: 3527/3526/3526 avg code rate 0.1, avg bit/symbol 2.0, avg per TB: (nb RBs 5.0, nb symbols 13.0)
[0m[NR_MAC] UE 0 RNTI 8cbc stats sfn: 768.4, cumulated bad DCI 0
    DL harq: 440/0/0
    UL harq: 3538/3537/3537 avg code rate 0.1, avg bit/symbol 2.0, avg per TB: (nb RBs 5.0, nb symbols 13.0)
[0m[NR_MAC] UE 0 RNTI 8cbc stats sfn: 896.4, cumulated bad DCI 0
    DL harq: 442/0/0
    UL harq: 3548/3547/3547 avg code rate 0.1, avg bit/symbol 2.0, avg per TB: (nb RBs 5.0, nb symbols 13.0)
[0m[NR_MAC] UE 0 RNTI 8cbc stats sfn: 0.4, cumulated bad DCI 0
    DL harq: 443/0/0
    UL harq: 3559/3558/3558 avg code rate 0.1, avg bit/symbol 2.0, avg per TB: (nb RBs 5.0, nb symbols 13.0)
[0m[NR_MAC] UE 0 RNTI 8cbc stats sfn: 128.4, cumulated bad DCI 0
    DL harq: 444/0/0
    UL harq: 3570/3569/3569 avg code rate 0.1, avg bit/symbol 2.0, avg per TB: (nb RBs 5.0, nb symbols 13.0)
[0m[NR_MAC] UE 0 RNTI 8cbc stats sfn: 256.4, cumulated bad DCI 0
    DL harq: 446/0/0
    UL harq: 3580/3579/3579 avg code rate 0.1, avg bit/symbol 2.0, avg per TB: (nb RBs 5.0, nb symbols 13.0)
[0m[NR_MAC] UE 0 RNTI 8cbc stats sfn: 384.4, cumulated bad DCI 0
    DL harq: 447/0/0
    UL harq: 3591/3590/3590 avg code rate 0.1, avg bit/symbol 2.0, avg per TB: (nb RBs 5.0, nb symbols 13.0)
[0m[NR_MAC] UE 0 RNTI 8cbc stats sfn: 512.4, cumulated bad DCI 0
    DL harq: 448/0/0
    UL harq: 3602/3601/3601 avg code rate 0.1, avg bit/symbol 2.0, avg per TB: (nb RBs 5.0, nb symbols 13.0)
[0m[NR_MAC] UE 0 RNTI 8cbc stats sfn: 640.4, cumulated bad DCI 0
    DL harq: 449/0/0
    UL harq: 3612/3611/3611 avg code rate 0.1, avg bit/symbol 2.0, avg per TB: (nb RBs 5.0, nb symbols 13.0)
[0m[NR_MAC] UE 0 RNTI 8cbc stats sfn: 768.4, cumulated bad DCI 0
    DL harq: 451/0/0
    UL harq: 3623/3622/3622 avg code rate 0.1, avg bit/symbol 2.0, avg per TB: (nb RBs 5.0, nb symbols 13.0)
[0m[NR_MAC] UE 0 RNTI 8cbc stats sfn: 896.4, cumulated bad DCI 0
    DL harq: 452/0/0
    UL harq: 3634/3633/3633 avg code rate 0.1, avg bit/symbol 2.0, avg per TB: (nb RBs 5.0, nb symbols 13.0)
[0m[NR_MAC] UE 0 RNTI 8cbc stats sfn: 0.4, cumulated bad DCI 0
    DL harq: 453/0/0
    UL harq: 3644/3643/3643 avg code rate 0.1, avg bit/symbol 2.0, avg per TB: (nb RBs 5.0, nb symbols 13.0)
[0m[NR_MAC] UE 0 RNTI 8cbc stats sfn: 128.4, cumulated bad DCI 0
    DL harq: 455/0/0
    UL harq: 3655/3654/3654 avg code rate 0.1, avg bit/symbol 2.0, avg per TB: (nb RBs 5.0, nb symbols 13.0)
[0m[NR_MAC] UE 0 RNTI 8cbc stats sfn: 256.4, cumulated bad DCI 0
    DL harq: 456/0/0
    UL harq: 3666/3665/3665 avg code rate 0.1, avg bit/symbol 2.0, avg per TB: (nb RBs 5.0, nb symbols 13.0)
[0m[NR_MAC] UE 0 RNTI 8cbc stats sfn: 384.4, cumulated bad DCI 0
    DL harq: 457/0/0
    UL harq: 3676/3675/3675 avg code rate 0.1, avg bit/symbol 2.0, avg per TB: (nb RBs 5.0, nb symbols 13.0)
[0m[NR_MAC] UE 0 RNTI 8cbc stats sfn: 512.4, cumulated bad DCI 0
    DL harq: 458/0/0
    UL harq: 3687/3686/3686 avg code rate 0.1, avg bit/symbol 2.0, avg per TB: (nb RBs 5.0, nb symbols 13.0)
[0m[NR_MAC] UE 0 RNTI 8cbc stats sfn: 640.4, cumulated bad DCI 0
    DL harq: 460/0/0
    UL harq: 3698/3697/3697 avg code rate 0.1, avg bit/symbol 2.0, avg per TB: (nb RBs 5.0, nb symbols 13.0)
[0m[NR_MAC] UE 0 RNTI 8cbc stats sfn: 768.4, cumulated bad DCI 0
    DL harq: 461/0/0
    UL harq: 3708/3707/3707 avg code rate 0.1, avg bit/symbol 2.0, avg per TB: (nb RBs 5.0, nb symbols 13.0)
[0m[NR_MAC] UE 0 RNTI 8cbc stats sfn: 896.4, cumulated bad DCI 0
    DL harq: 462/0/0
    UL harq: 3719/3718/3718 avg code rate 0.1, avg bit/symbol 2.0, avg per TB: (nb RBs 5.0, nb symbols 13.0)
[0m[NR_MAC] UE 0 RNTI 8cbc stats sfn: 0.4, cumulated bad DCI 0
    DL harq: 463/0/0
    UL harq: 3730/3729/3729 avg code rate 0.1, avg bit/symbol 2.0, avg per TB: (nb RBs 5.0, nb symbols 13.0)
[0m[NR_MAC] UE 0 RNTI 8cbc stats sfn: 128.4, cumulated bad DCI 0
    DL harq: 465/0/0
    UL harq: 3740/3739/3739 avg code rate 0.1, avg bit/symbol 2.0, avg per TB: (nb RBs 5.0, nb symbols 13.0)
[0m[NR_MAC] UE 0 RNTI 8cbc stats sfn: 256.4, cumulated bad DCI 0
    DL harq: 466/0/0
    UL harq: 3751/3750/3750 avg code rate 0.1, avg bit/symbol 2.0, avg per TB: (nb RBs 5.0, nb symbols 13.0)
[0m[NR_MAC] UE 0 RNTI 8cbc stats sfn: 384.4, cumulated bad DCI 0
    DL harq: 467/0/0
    UL harq: 3762/3761/3761 avg code rate 0.1, avg bit/symbol 2.0, avg per TB: (nb RBs 5.0, nb symbols 13.0)
[0m[NR_MAC] UE 0 RNTI 8cbc stats sfn: 512.4, cumulated bad DCI 0
    DL harq: 469/0/0
    UL harq: 3772/3771/3771 avg code rate 0.1, avg bit/symbol 2.0, avg per TB: (nb RBs 5.0, nb symbols 13.0)
[0m[NR_MAC] UE 0 RNTI 8cbc stats sfn: 640.4, cumulated bad DCI 0
    DL harq: 470/0/0
    UL harq: 3783/3782/3782 avg code rate 0.1, avg bit/symbol 2.0, avg per TB: (nb RBs 5.0, nb symbols 13.0)
[0m[NR_MAC] UE 0 RNTI 8cbc stats sfn: 768.4, cumulated bad DCI 0
    DL harq: 471/0/0
    UL harq: 3794/3793/3793 avg code rate 0.1, avg bit/symbol 2.0, avg per TB: (nb RBs 5.0, nb symbols 13.0)
[0m[NR_MAC] UE 0 RNTI 8cbc stats sfn: 896.4, cumulated bad DCI 0
    DL harq: 472/0/0
    UL harq: 3804/3803/3803 avg code rate 0.1, avg bit/symbol 2.0, avg per TB: (nb RBs 5.0, nb symbols 13.0)
[0m[NR_MAC] UE 0 RNTI 8cbc stats sfn: 0.4, cumulated bad DCI 0
    DL harq: 474/0/0
    UL harq: 3815/3814/3814 avg code rate 0.1, avg bit/symbol 2.0, avg per TB: (nb RBs 5.0, nb symbols 13.0)
[0m[NR_MAC] UE 0 RNTI 8cbc stats sfn: 128.4, cumulated bad DCI 0
    DL harq: 475/0/0
    UL harq: 3826/3825/3825 avg code rate 0.1, avg bit/symbol 2.0, avg per TB: (nb RBs 5.0, nb symbols 13.0)
[0m[NR_MAC] UE 0 RNTI 8cbc stats sfn: 256.4, cumulated bad DCI 0
    DL harq: 476/0/0
    UL harq: 3836/3835/3835 avg code rate 0.1, avg bit/symbol 2.0, avg per TB: (nb RBs 5.0, nb symbols 13.0)
[0m[NR_MAC] UE 0 RNTI 8cbc stats sfn: 384.4, cumulated bad DCI 0
    DL harq: 478/0/0
    UL harq: 3847/3846/3846 avg code rate 0.1, avg bit/symbol 2.0, avg per TB: (nb RBs 5.0, nb symbols 13.0)
[0m[NR_MAC] UE 0 RNTI 8cbc stats sfn: 512.4, cumulated bad DCI 0
    DL harq: 479/0/0
    UL harq: 3858/3857/3857 avg code rate 0.1, avg bit/symbol 2.0, avg per TB: (nb RBs 5.0, nb symbols 13.0)
[0m[NR_MAC] UE 0 RNTI 8cbc stats sfn: 640.4, cumulated bad DCI 0
    DL harq: 480/0/0
    UL harq: 3868/3867/3867 avg code rate 0.1, avg bit/symbol 2.0, avg per TB: (nb RBs 5.0, nb symbols 13.0)
[0m[NR_MAC] UE 0 RNTI 8cbc stats sfn: 768.4, cumulated bad DCI 0
    DL harq: 481/0/0
    UL harq: 3879/3878/3878 avg code rate 0.1, avg bit/symbol 2.0, avg per TB: (nb RBs 5.0, nb symbols 13.0)
[0m[NR_MAC] UE 0 RNTI 8cbc stats sfn: 896.4, cumulated bad DCI 0
    DL harq: 483/0/0
    UL harq: 3890/3889/3889 avg code rate 0.1, avg bit/symbol 2.0, avg per TB: (nb RBs 5.0, nb symbols 13.0)
[0m[NR_MAC] UE 0 RNTI 8cbc stats sfn: 0.4, cumulated bad DCI 0
    DL harq: 484/0/0
    UL harq: 3900/3899/3899 avg code rate 0.1, avg bit/symbol 2.0, avg per TB: (nb RBs 5.0, nb symbols 13.0)
[0m[NR_MAC] UE 0 RNTI 8cbc stats sfn: 128.4, cumulated bad DCI 0
    DL harq: 485/0/0
    UL harq: 3911/3910/3910 avg code rate 0.1, avg bit/symbol 2.0, avg per TB: (nb RBs 5.0, nb symbols 13.0)
[0m[NR_MAC] UE 0 RNTI 8cbc stats sfn: 256.4, cumulated bad DCI 0
    DL harq: 487/0/0
    UL harq: 3922/3921/3921 avg code rate 0.1, avg bit/symbol 2.0, avg per TB: (nb RBs 5.0, nb symbols 13.0)
[0m[NR_MAC] UE 0 RNTI 8cbc stats sfn: 384.4, cumulated bad DCI 0
    DL harq: 488/0/0
    UL harq: 3932/3931/3931 avg code rate 0.1, avg bit/symbol 2.0, avg per TB: (nb RBs 5.0, nb symbols 13.0)
[0m[NR_MAC] UE 0 RNTI 8cbc stats sfn: 512.4, cumulated bad DCI 0
    DL harq: 489/0/0
    UL harq: 3943/3942/3942 avg code rate 0.1, avg bit/symbol 2.0, avg per TB: (nb RBs 5.0, nb symbols 13.0)
[0m[NR_MAC] UE 0 RNTI 8cbc stats sfn: 640.4, cumulated bad DCI 0
    DL harq: 490/0/0
    UL harq: 3954/3953/3953 avg code rate 0.1, avg bit/symbol 2.0, avg per TB: (nb RBs 5.0, nb symbols 13.0)
[0m[NR_MAC] UE 0 RNTI 8cbc stats sfn: 768.4, cumulated bad DCI 0
    DL harq: 492/0/0
    UL harq: 3964/3963/3963 avg code rate 0.1, avg bit/symbol 2.0, avg per TB: (nb RBs 5.0, nb symbols 13.0)
[0m[NR_MAC] UE 0 RNTI 8cbc stats sfn: 896.4, cumulated bad DCI 0
    DL harq: 493/0/0
    UL harq: 3975/3974/3974 avg code rate 0.1, avg bit/symbol 2.0, avg per TB: (nb RBs 5.0, nb symbols 13.0)
[0m[NR_MAC] UE 0 RNTI 8cbc stats sfn: 0.4, cumulated bad DCI 0
    DL harq: 494/0/0
    UL harq: 3986/3985/3985 avg code rate 0.1, avg bit/symbol 2.0, avg per TB: (nb RBs 5.0, nb symbols 13.0)
[0m[NR_MAC] UE 0 RNTI 8cbc stats sfn: 128.4, cumulated bad DCI 0
    DL harq: 495/0/0
    UL harq: 3996/3995/3995 avg code rate 0.1, avg bit/symbol 2.0, avg per TB: (nb RBs 5.0, nb symbols 13.0)
[0m