Logging terminal output to /home/jesse/oran_lab/logs/run_ue/run_ue_20260526_110353_pid3389420.log
UE cores: 20,21,22,23
UE sample advance: 0
VRTSIM shared memory is ready; starting UE without waiting for non-zero DL samples.
CMDLINE: "./nr-uesoftmodem" "-O" "/home/jesse/oran_lab/ue_test.conf" "-C" "4049760000" "-r" "24" "--numerology" "1" "--band" "77" "--ssb" "24" "-A" "0" "--device.name" "vrtsim" "--vrtsim.role" "client" "--ue-nb-ant-tx" "1" "--ue-nb-ant-rx" "1" 
[UTIL]   running in SA mode (no --phy-test, --do-ra, --nsa option present)
[0m[UTIL]   threadCreate() for Tpool0_-1: creating thread with affinity ffffffff, priority 97
[0m[UTIL]   threadCreate() for Tpool1_-1: creating thread with affinity ffffffff, priority 97
[0m[UTIL]   threadCreate() for Tpool2_-1: creating thread with affinity ffffffff, priority 97
[0m[UTIL]   threadCreate() for Tpool3_-1: creating thread with affinity ffffffff, priority 97
[0m[UTIL]   threadCreate() for Tpool4_-1: creating thread with affinity ffffffff, priority 97
[0m[UTIL]   threadCreate() for Tpool5_-1: creating thread with affinity ffffffff, priority 97
[0m[UTIL]   threadCreate() for Tpool6_-1: creating thread with affinity ffffffff, priority 97
[0m[UTIL]   threadCreate() for Tpool7_-1: creating thread with affinity ffffffff, priority 97
[0m[UTIL]   threadCreate() for Tpool8_-1: creating thread with affinity ffffffff, priority 97
[0m[UTIL]   threadCreate() for Tpool9_-1: creating thread with affinity ffffffff, priority 97
[0m[UTIL]   threadCreate() for Tpool10_-1: creating thread with affinity ffffffff, priority 97
[0m[UTIL]   threadCreate() for Tpool11_-1: creating thread with affinity ffffffff, priority 97
[0m[OPT]    OPT disabled
[0m[HW]     Version: Branch: compression-plus-timing-fix Abrev. Hash: 13fa21ea91 Date: Mon May 25 14:33:49 2026 -0700
[0m[NR_RRC] create TASK_RRC_NRUE 
[0m[UTIL]   threadCreate() for TASK_RRC_NRUE: creating thread with affinity ffffffff, priority 50
[0m[UTIL]   threadCreate() for TASK_NAS_NRUE: creating thread with affinity ffffffff, priority 50
[0m[SIM]    UICC simulation: IMSI=2089900007487, IMEISV=6754567890123413, Ki=fec86ba6eb707ed08905757b1bb44b8f, OPc=C42449363BBAD02B66D16BC975D77CC1
[0m[SIM]    overriding potential uicc0.dnn/nssai_sst/nssai_sd from uicc0.pdu_sessions
[0m[SIM]    will request PDU session ID 1, type 1, DNN oai, NSSAI 1.ffffff
[0m[NR_MAC] [UE0] Initializing MAC
[0m[NR_MAC] Initializing dl and ul config_request. num_slots = 20
[0m[RLC]    Activated srb0 for UE 0
[0m[UTIL]   threadCreate() for time source realtime: creating thread with affinity ffffffff, priority 2
[0m[UTIL]   time manager configuration: [time source: reatime] [mode: standalone] [server IP: 127.0.0.1} [server port: 7374] (server IP/port not used)
[0m[PHY]    Set UE nb_rx_antenna 1, nb_tx_antenna 1, threequarter_fs 0, ofdm_offset_divisor 8
[0m[PHY]    SA init parameters. DL freq 4049760000 UL offset 0 SSB numerology 1 N_RB_DL 24
[0m[PHY]    Init: N_RB_DL 24, first_carrier_offset 368, nb_prefix_samples 36,nb_prefix_samples0 44, ofdm_symbol_size 512
[0m[93m[PHY]    samples_per_subframe 15360/per second 15360000, wCP 14336
[0m[PHY]    Set UE_fo_compensation 0, UE_scan_carrier 0, UE_no_timing_correction 0 
, chest-freq 0, chest-time 0
[0m[UTIL]   threadCreate() for SYNC__actor: creating thread with affinity ffffffff, priority 97
[0m[UTIL]   threadCreate() for DL__actor: creating thread with affinity ffffffff, priority 97
[0m[UTIL]   threadCreate() for DL__actor: creating thread with affinity ffffffff, priority 97
[0m[UTIL]   threadCreate() for DL__actor: creating thread with affinity ffffffff, priority 97
[0m[UTIL]   threadCreate() for DL__actor: creating thread with affinity ffffffff, priority 97
[0m[UTIL]   threadCreate() for UL__actor: creating thread with affinity ffffffff, priority 97
[0m[UTIL]   threadCreate() for UL__actor: creating thread with affinity ffffffff, priority 97
[0m[PHY]    Initializing UE vars for gNB TXant 1, UE RXant 1
[0m[PHY]    prs_config configuration NOT found..!! Skipped configuring UE for the PRS reception
[0m[PHY]    HW: Configuring ru_id 0, sample_rate 15360000.000000, tx/rx num_channels 1/1, duplex_mode TDD
[0m[PHY]    HW: Configuring channel 0 (rf_chain 0): setting tx_freq 4049760000 Hz, rx_freq 4049760000 Hz, tune_offset 0
[0m[PHY]    HW: Configuring channel 0 (rf_chain 0): setting tx_gain 0, rx_gain 110
[0m[UTIL]   threadCreate() for ru_start_thread: creating thread with affinity ffffffff, priority 97
[0m[HW]     VRTSIM: TX sample advance 4096 samples
[0m[HW]     Running as client: will connect to a vrtsim server
[0m[HW]     [RAU] has loaded RFSIMULATOR device.
[0m[HW]     VRTSIM: UE 0/1 - 1x1 antennas, UL offset=0, DL offset=0
[0m[HW]     VRTSIM: client RX aligned to frame boundary current_sample=453334782 aligned_sample=453427200 samples_per_frame=153600
[0m[PHY]    Intializing UE Threads for instance 0 ...
[0m[UTIL]   threadCreate() for UEthread_0: creating thread with affinity ffffffff, priority 97
[0m[UTIL]   threadCreate() for L1_UE_stats_0: creating thread with affinity ffffffff, priority 1
[0m[93m[PHY]    SSB position provided
[0m[93m[NR_PHY] Starting sync detection
[0m[PHY]    [UE thread Synch] Running Initial Synch 
[0m[NR_PHY] Starting cell search with center freq: 4049760000, bandwidth: 24. Scanning for 1 number of GSCN.
[0m[NR_PHY] Scanning GSCN: 0, with SSB offset: 24, SSB Freq: 0.000000
[0m[32m[PHY]    Initial sync: pbch decoded sucessfully, ssb index 0
[0m[PHY]    pbch rx ok. rsrp:74 dB/RE, adjust_rxgain:-24 dB
[0m[NR_PHY] Cell Detected with GSCN: 0, SSB SC offset: 24, SSB Ref: 0.000000, PSS Corr peak: 113 dB, PSS Corr Average: 80
[0m[PHY]    [UE0] In synch, rx_offset 73016 samples
[0m[PHY]    [UE 0] Measured Carrier Frequency offset -28 Hz
[0m[32m[PHY]    Initial sync successful, PCI: 0
[0m[PHY]    HW: Configuring channel 0 (rf_chain 0): setting tx_freq 4049759972 Hz, rx_freq 4049759972 Hz, tune_offset 0
[0m[PHY]    Got synch: hw_slot_offset 19, carrier off -28 Hz
[0m[NR_RRC] [UE 0] BCCH update: phyCellID 0->0, arfcn_ssb 0->669984
[0m[32m[PHY]    UE synchronized! decoded_frame_rx=796 UE->init_sync_frame=1 trashed_frames=2
[0m[PHY]    Resynchronizing RX by 73016 samples
[0m[HW]     received write reorder clear context
[0m[PHY]    max_pos_acc = 0, shiftForNextFrame = 0
[0m[32m[NR_RRC] SIB1 decoded
[0m[NR_MAC] [UE 0] Initial cell selection: dl_frequency=4045440 kHz (from command-line, band=77, scs=1)
[0m[NR_MAC] Initial cell selection: uplink_frequency=4045440 kHz (from dl_frequency=4045440 kHz)
[0m[NR_MAC] TDD period index = 5, based on the sum of dl_UL_TransmissionPeriodicity from Pattern1 (2.500000 ms) and Pattern2 (0.000000 ms): Total = 2.500000 ms
[0m[NR_MAC] Set TDD configuration period to: 4 DL slots, 2 UL slots, 5 slots per period (NR_TDD_UL_DL_Pattern is 3 DL slots, 1 UL slots, 6 DL symbols, 4 UL symbols)
[0m[NR_MAC] Configured 1 TDD patterns (total slots: pattern1 = 5, pattern2 = 0)
[0m[PHY]    N_TA_offset changed from 0 to 200
[0m[MAC]    Initialization of 4-Step CBRA procedure
[0m[NR_MAC] PRACH scheduler: Selected RO Frame 800, Slot 19, Symbol 0, Fdm 0
[0m[PHY]    PRACH [UE 0] in frame.slot 800.19, placing PRACH in position 740, Msg1/MsgA-Preamble frequency start 0 (k1 0), preamble_offset 3, first_nonzero_root_idx 0, preambleIndex = 3
[0m[PHY]    [UE 0] RAR-Msg2 decoded
[0m[NR_MAC] [UE 0][RAPROC][RA-RNTI 010b] Got BI RAR subPDU 5 ms
[0m[NR_MAC] [UE 0][RAPROC][RA-RNTI 010b] Got RAPID RAR subPDU
[0m[32m[NR_MAC] [UE 0][RAPROC][801.10] Found RAR with the intended RAPID 3
[0m[93m[MAC]    received TA command 31
[0m[32m[NR_MAC] [RAPROC][801.18] RA-Msg3 transmitted
[0m[NR_MAC] [RAPROC][802.18] RA-Msg3 retransmitted
[0m[32m[NR_MAC] [UE 0][803.10][RAPROC] 4-Step RA procedure succeeded. CBRA: Contention Resolution is successful.
[0m[NR_RRC] [UE0][RAPROC] Logical Channel DL-CCCH (SRB0), Received NR_RRCSetup
[0m[RLC]    Added srb 1 to UE 0
[0m[NR_RRC] State = NR_RRC_CONNECTED
[0m[NAS]    Generate Initial NAS Message: Registration Request
[0m[NR_RRC] [UE 0][RAPROC] Logical Channel UL-DCCH (SRB1), Generating RRCSetupComplete (bytes32)
[0m[MAC]    [UE 0] Applying CellGroupConfig from gNodeB
[0m[NAS]    [UE 0] Received NR_NAS_CONN_ESTABLISH_IND: asCause 0
[0m[NR_RRC] [UE0][RAPROC] Logical Channel DL-CCCH (SRB0), Received NR_RRCSetup
[0m[NR_RRC] State = NR_RRC_CONNECTED
[0m[MAC]    [UE 0] Applying CellGroupConfig from gNodeB
[0m[NAS]    Generate Initial NAS Message: Registration Request
[0m[NR_RRC] [UE 0][RAPROC] Logical Channel UL-DCCH (SRB1), Generating RRCSetupComplete (bytes32)
[0m[NAS]    [UE 0] Received NR_NAS_CONN_ESTABLISH_IND: asCause 0
[0m[NR_RRC] [UE0][RAPROC] Logical Channel DL-CCCH (SRB0), Received NR_RRCSetup
[0m[NR_RRC] State = NR_RRC_CONNECTED
[0m[NAS]    Generate Initial NAS Message: Registration Request
[0m[MAC]    [UE 0] Applying CellGroupConfig from gNodeB
[0m[NR_RRC] [UE 0][RAPROC] Logical Channel UL-DCCH (SRB1), Generating RRCSetupComplete (bytes32)
[0m[NAS]    [UE 0] Received NR_NAS_CONN_ESTABLISH_IND: asCause 0
[0m[NR_RRC] [UE0][RAPROC] Logical Channel DL-CCCH (SRB0), Received NR_RRCSetup
[0m[NR_RRC] State = NR_RRC_CONNECTED
[0m[MAC]    [UE 0] Applying CellGroupConfig from gNodeB
[0m[NAS]    Generate Initial NAS Message: Registration Request
[0m[NR_RRC] [UE 0][RAPROC] Logical Channel UL-DCCH (SRB1), Generating RRCSetupComplete (bytes32)
[0m[NAS]    [UE 0] Received NR_NAS_CONN_ESTABLISH_IND: asCause 0
[0m[93m[NR_MAC] [UE 0] SR not served! SR counter 64 reached sr_MaxTransmissions 64
[0m[93m[NR_MAC] Triggering new RA procedure for UE with RNTI 2c02
[0m[MAC]    Initialization of 4-Step CBRA procedure
[0m[NR_MAC] PRACH scheduler: Selected RO Frame 836, Slot 19, Symbol 0, Fdm 0
[0m[PHY]    PRACH [UE 0] in frame.slot 836.19, placing PRACH in position 740, Msg1/MsgA-Preamble frequency start 0 (k1 0), preamble_offset 36, first_nonzero_root_idx 0, preambleIndex = 36
[0m[PHY]    [UE 0] RAR-Msg2 decoded
[0m[NR_MAC] [UE 0][RAPROC][RA-RNTI 010b] Got BI RAR subPDU 5 ms
[0m[NR_MAC] [UE 0][RAPROC][RA-RNTI 010b] Got RAPID RAR subPDU
[0m[32m[NR_MAC] [UE 0][RAPROC][837.10] Found RAR with the intended RAPID 36
[0m[32m[NR_MAC] [RAPROC][837.18] RA-Msg3 transmitted
[0m[93m[MAC]    [UE 0] Contention resolution failed
[0m[NR_MAC] PRACH scheduler: Selected RO Frame 844, Slot 19, Symbol 0, Fdm 0
[0m[PHY]    PRACH [UE 0] in frame.slot 844.19, placing PRACH in position 740, Msg1/MsgA-Preamble frequency start 0 (k1 0), preamble_offset 44, first_nonzero_root_idx 0, preambleIndex = 44
[0m[PHY]    [UE 0] RAR-Msg2 decoded
[0m[NR_MAC] [UE 0][RAPROC][RA-RNTI 010b] Got BI RAR subPDU 5 ms
[0m[NR_MAC] [UE 0][RAPROC][RA-RNTI 010b] Got RAPID RAR subPDU
[0m[32m[NR_MAC] [UE 0][RAPROC][845.10] Found RAR with the intended RAPID 44
[0m[32m[NR_MAC] [RAPROC][845.18] RA-Msg3 transmitted
[0m[93m[MAC]    [UE 0] Contention resolution failed
[0m[NR_MAC] PRACH scheduler: Selected RO Frame 852, Slot 19, Symbol 0, Fdm 0
[0m[PHY]    PRACH [UE 0] in frame.slot 852.19, placing PRACH in position 740, Msg1/MsgA-Preamble frequency start 0 (k1 0), preamble_offset 24, first_nonzero_root_idx 0, preambleIndex = 24
[0m[PHY]    [UE 0] RAR-Msg2 decoded
[0m[NR_MAC] [UE 0][RAPROC][RA-RNTI 010b] Got BI RAR subPDU 5 ms
[0m[NR_MAC] [UE 0][RAPROC][RA-RNTI 010b] Got RAPID RAR subPDU
[0m[32m[NR_MAC] [UE 0][RAPROC][853.10] Found RAR with the intended RAPID 24
[0m[32m[NR_MAC] [RAPROC][853.18] RA-Msg3 transmitted
[0m[93m[MAC]    [UE 0] Contention resolution failed
[0m[NR_MAC] PRACH scheduler: Selected RO Frame 860, Slot 19, Symbol 0, Fdm 0
[0m[PHY]    PRACH [UE 0] in frame.slot 860.19, placing PRACH in position 740, Msg1/MsgA-Preamble frequency start 0 (k1 0), preamble_offset 17, first_nonzero_root_idx 0, preambleIndex = 17
[0m[PHY]    [UE 0] RAR-Msg2 decoded
[0m[NR_MAC] [UE 0][RAPROC][RA-RNTI 010b] Got BI RAR subPDU 5 ms
[0m[NR_MAC] [UE 0][RAPROC][RA-RNTI 010b] Got RAPID RAR subPDU
[0m[32m[NR_MAC] [UE 0][RAPROC][861.10] Found RAR with the intended RAPID 17
[0m[32m[NR_MAC] [RAPROC][861.18] RA-Msg3 transmitted
[0m[93m[MAC]    [UE 0] Contention resolution failed
[0m[NR_MAC] PRACH scheduler: Selected RO Frame 868, Slot 19, Symbol 0, Fdm 0
[0m[PHY]    PRACH [UE 0] in frame.slot 868.19, placing PRACH in position 740, Msg1/MsgA-Preamble frequency start 0 (k1 0), preamble_offset 51, first_nonzero_root_idx 0, preambleIndex = 51
[0m[PHY]    [UE 0] RAR-Msg2 decoded
[0m[NR_MAC] [UE 0][RAPROC][RA-RNTI 010b] Got BI RAR subPDU 5 ms
[0m[NR_MAC] [UE 0][RAPROC][RA-RNTI 010b] Got RAPID RAR subPDU
[0m[32m[NR_MAC] [UE 0][RAPROC][869.10] Found RAR with the intended RAPID 51
[0m[32m[NR_MAC] [RAPROC][869.18] RA-Msg3 transmitted
[0m[93m[MAC]    [UE 0] Contention resolution failed
[0m[NR_MAC] PRACH scheduler: Selected RO Frame 876, Slot 19, Symbol 0, Fdm 0
[0m[PHY]    PRACH [UE 0] in frame.slot 876.19, placing PRACH in position 740, Msg1/MsgA-Preamble frequency start 0 (k1 0), preamble_offset 41, first_nonzero_root_idx 0, preambleIndex = 41
[0m[PHY]    [UE 0] RAR-Msg2 decoded
[0m[NR_MAC] [UE 0][RAPROC][RA-RNTI 010b] Got BI RAR subPDU 5 ms
[0m[NR_MAC] [UE 0][RAPROC][RA-RNTI 010b] Got RAPID RAR subPDU
[0m[32m[NR_MAC] [UE 0][RAPROC][877.10] Found RAR with the intended RAPID 41
[0m[32m[NR_MAC] [RAPROC][877.18] RA-Msg3 transmitted
[0m[93m[MAC]    [UE 0] Contention resolution failed
[0m[NR_MAC] PRACH scheduler: Selected RO Frame 884, Slot 19, Symbol 0, Fdm 0
[0m[PHY]    PRACH [UE 0] in frame.slot 884.19, placing PRACH in position 740, Msg1/MsgA-Preamble frequency start 0 (k1 0), preamble_offset 14, first_nonzero_root_idx 0, preambleIndex = 14
[0m[PHY]    [UE 0] RAR-Msg2 decoded
[0m[NR_MAC] [UE 0][RAPROC][RA-RNTI 010b] Got BI RAR subPDU 5 ms
[0m[NR_MAC] [UE 0][RAPROC][RA-RNTI 010b] Got RAPID RAR subPDU
[0m[32m[NR_MAC] [UE 0][RAPROC][885.10] Found RAR with the intended RAPID 14
[0m[32m[NR_MAC] [RAPROC][885.18] RA-Msg3 transmitted
[0m[93m[MAC]    [UE 0] Contention resolution failed
[0m[NR_MAC] PRACH scheduler: Selected RO Frame 892, Slot 19, Symbol 0, Fdm 0
[0m[PHY]    PRACH [UE 0] in frame.slot 892.19, placing PRACH in position 740, Msg1/MsgA-Preamble frequency start 0 (k1 0), preamble_offset 54, first_nonzero_root_idx 0, preambleIndex = 54
[0m[PHY]    [UE 0] RAR-Msg2 decoded
[0m[NR_MAC] [UE 0][RAPROC][RA-RNTI 010b] Got BI RAR subPDU 5 ms
[0m[NR_MAC] [UE 0][RAPROC][RA-RNTI 010b] Got RAPID RAR subPDU
[0m[32m[NR_MAC] [UE 0][RAPROC][893.10] Found RAR with the intended RAPID 54
[0m[32m[NR_MAC] [RAPROC][893.18] RA-Msg3 transmitted
[0m[93m[MAC]    [UE 0] Contention resolution failed
[0m[NR_MAC] PRACH scheduler: Selected RO Frame 900, Slot 19, Symbol 0, Fdm 0
[0m[PHY]    PRACH [UE 0] in frame.slot 900.19, placing PRACH in position 740, Msg1/MsgA-Preamble frequency start 0 (k1 0), preamble_offset 0, first_nonzero_root_idx 0, preambleIndex = 0
[0m[PHY]    [UE 0] RAR-Msg2 decoded
[0m[NR_MAC] [UE 0][RAPROC][RA-RNTI 010b] Got BI RAR subPDU 5 ms
[0m[NR_MAC] [UE 0][RAPROC][RA-RNTI 010b] Got RAPID RAR subPDU
[0m[32m[NR_MAC] [UE 0][RAPROC][901.10] Found RAR with the intended RAPID 0
[0m[32m[NR_MAC] [RAPROC][901.18] RA-Msg3 transmitted
[0m[93m[MAC]    [UE 0] Contention resolution failed
[0m[NR_MAC] PRACH scheduler: Selected RO Frame 908, Slot 19, Symbol 0, Fdm 0
[0m[PHY]    PRACH [UE 0] in frame.slot 908.19, placing PRACH in position 740, Msg1/MsgA-Preamble frequency start 0 (k1 0), preamble_offset 9, first_nonzero_root_idx 0, preambleIndex = 9
[0m[PHY]    [UE 0] RAR-Msg2 decoded
[0m[NR_MAC] [UE 0][RAPROC][RA-RNTI 010b] Got BI RAR subPDU 5 ms
[0m[NR_MAC] [UE 0][RAPROC][RA-RNTI 010b] Got RAPID RAR subPDU
[0m[32m[NR_MAC] [UE 0][RAPROC][909.10] Found RAR with the intended RAPID 9
[0m[32m[NR_MAC] [RAPROC][909.18] RA-Msg3 transmitted
[0m[93m[MAC]    [UE 0] Contention resolution failed
[0m[NR_MAC] PRACH scheduler: Selected RO Frame 916, Slot 19, Symbol 0, Fdm 0
[0m[PHY]    PRACH [UE 0] in frame.slot 916.19, placing PRACH in position 740, Msg1/MsgA-Preamble frequency start 0 (k1 0), preamble_offset 38, first_nonzero_root_idx 0, preambleIndex = 38
[0m[PHY]    [UE 0] RAR-Msg2 decoded
[0m[NR_MAC] [UE 0][RAPROC][RA-RNTI 010b] Got BI RAR subPDU 5 ms
[0m[NR_MAC] [UE 0][RAPROC][RA-RNTI 010b] Got RAPID RAR subPDU
[0m[32m[NR_MAC] [UE 0][RAPROC][917.10] Found RAR with the intended RAPID 38
[0m[32m[NR_MAC] [RAPROC][917.18] RA-Msg3 transmitted
[0m[93m[MAC]    [UE 0] Contention resolution failed
[0m[NR_MAC] PRACH scheduler: Selected RO Frame 924, Slot 19, Symbol 0, Fdm 0
[0m[PHY]    PRACH [UE 0] in frame.slot 924.19, placing PRACH in position 740, Msg1/MsgA-Preamble frequency start 0 (k1 0), preamble_offset 31, first_nonzero_root_idx 0, preambleIndex = 31
[0m[PHY]    [UE 0] RAR-Msg2 decoded
[0m[NR_MAC] [UE 0][RAPROC][RA-RNTI 010b] Got BI RAR subPDU 5 ms
[0m[NR_MAC] [UE 0][RAPROC][RA-RNTI 010b] Got RAPID RAR subPDU
[0m[32m[NR_MAC] [UE 0][RAPROC][925.10] Found RAR with the intended RAPID 31
[0m[32m[NR_MAC] [RAPROC][925.18] RA-Msg3 transmitted
[0m[93m[MAC]    [UE 0] Contention resolution failed
[0m[NR_MAC] PRACH scheduler: Selected RO Frame 932, Slot 19, Symbol 0, Fdm 0
[0m[PHY]    PRACH [UE 0] in frame.slot 932.19, placing PRACH in position 740, Msg1/MsgA-Preamble frequency start 0 (k1 0), preamble_offset 15, first_nonzero_root_idx 0, preambleIndex = 15
[0m[PHY]    [UE 0] RAR-Msg2 decoded
[0m[NR_MAC] [UE 0][RAPROC][RA-RNTI 010b] Got BI RAR subPDU 5 ms
[0m[NR_MAC] [UE 0][RAPROC][RA-RNTI 010b] Got RAPID RAR subPDU
[0m[32m[NR_MAC] [UE 0][RAPROC][933.10] Found RAR with the intended RAPID 15
[0m[32m[NR_MAC] [RAPROC][933.18] RA-Msg3 transmitted
[0m[93m[MAC]    [UE 0] Contention resolution failed
[0m[NR_MAC] PRACH scheduler: Selected RO Frame 940, Slot 19, Symbol 0, Fdm 0
[0m[PHY]    PRACH [UE 0] in frame.slot 940.19, placing PRACH in position 740, Msg1/MsgA-Preamble frequency start 0 (k1 0), preamble_offset 49, first_nonzero_root_idx 0, preambleIndex = 49
[0m[PHY]    [UE 0] RAR-Msg2 decoded
[0m[NR_MAC] [UE 0][RAPROC][RA-RNTI 010b] Got BI RAR subPDU 5 ms
[0m[NR_MAC] [UE 0][RAPROC][RA-RNTI 010b] Got RAPID RAR subPDU
[0m[32m[NR_MAC] [UE 0][RAPROC][941.10] Found RAR with the intended RAPID 49
[0m[32m[NR_MAC] [RAPROC][941.18] RA-Msg3 transmitted
[0m[93m[MAC]    [UE 0] Contention resolution failed
[0m[NR_MAC] PRACH scheduler: Selected RO Frame 948, Slot 19, Symbol 0, Fdm 0
[0m[PHY]    PRACH [UE 0] in frame.slot 948.19, placing PRACH in position 740, Msg1/MsgA-Preamble frequency start 0 (k1 0), preamble_offset 57, first_nonzero_root_idx 0, preambleIndex = 57
[0m[PHY]    [UE 0] RAR-Msg2 decoded
[0m[NR_MAC] [UE 0][RAPROC][RA-RNTI 010b] Got BI RAR subPDU 5 ms
[0m[NR_MAC] [UE 0][RAPROC][RA-RNTI 010b] Got RAPID RAR subPDU
[0m[32m[NR_MAC] [UE 0][RAPROC][949.10] Found RAR with the intended RAPID 57
[0m[32m[NR_MAC] [RAPROC][949.18] RA-Msg3 transmitted
[0m[93m[MAC]    [UE 0] Contention resolution failed
[0m[NR_MAC] PRACH scheduler: Selected RO Frame 956, Slot 19, Symbol 0, Fdm 0
[0m[PHY]    PRACH [UE 0] in frame.slot 956.19, placing PRACH in position 740, Msg1/MsgA-Preamble frequency start 0 (k1 0), preamble_offset 32, first_nonzero_root_idx 0, preambleIndex = 32
[0m[PHY]    [UE 0] RAR-Msg2 decoded
[0m[NR_MAC] [UE 0][RAPROC][RA-RNTI 010b] Got BI RAR subPDU 5 ms
[0m[NR_MAC] [UE 0][RAPROC][RA-RNTI 010b] Got RAPID RAR subPDU
[0m[32m[NR_MAC] [UE 0][RAPROC][957.10] Found RAR with the intended RAPID 32
[0m[32m[NR_MAC] [RAPROC][957.18] RA-Msg3 transmitted
[0m[93m[MAC]    [UE 0] Contention resolution failed
[0m[NR_MAC] PRACH scheduler: Selected RO Frame 964, Slot 19, Symbol 0, Fdm 0
[0m[PHY]    PRACH [UE 0] in frame.slot 964.19, placing PRACH in position 740, Msg1/MsgA-Preamble frequency start 0 (k1 0), preamble_offset 35, first_nonzero_root_idx 0, preambleIndex = 35
[0m[PHY]    [UE 0] RAR-Msg2 decoded
[0m[NR_MAC] [UE 0][RAPROC][RA-RNTI 010b] Got BI RAR subPDU 5 ms
[0m[NR_MAC] [UE 0][RAPROC][RA-RNTI 010b] Got RAPID RAR subPDU
[0m[32m[NR_MAC] [UE 0][RAPROC][965.10] Found RAR with the intended RAPID 35
[0m[32m[NR_MAC] [RAPROC][965.18] RA-Msg3 transmitted
[0m[93m[MAC]    [UE 0] Contention resolution failed
[0m[NR_MAC] PRACH scheduler: Selected RO Frame 972, Slot 19, Symbol 0, Fdm 0
[0m[PHY]    PRACH [UE 0] in frame.slot 972.19, placing PRACH in position 740, Msg1/MsgA-Preamble frequency start 0 (k1 0), preamble_offset 58, first_nonzero_root_idx 0, preambleIndex = 58
[0m[PHY]    [UE 0] RAR-Msg2 decoded
[0m[NR_MAC] [UE 0][RAPROC][RA-RNTI 010b] Got BI RAR subPDU 5 ms
[0m[NR_MAC] [UE 0][RAPROC][RA-RNTI 010b] Got RAPID RAR subPDU
[0m[32m[NR_MAC] [UE 0][RAPROC][973.10] Found RAR with the intended RAPID 58
[0m[32m[NR_MAC] [RAPROC][973.18] RA-Msg3 transmitted
[0m[93m[MAC]    [UE 0] Contention resolution failed
[0m[NR_MAC] PRACH scheduler: Selected RO Frame 980, Slot 19, Symbol 0, Fdm 0
[0m[PHY]    PRACH [UE 0] in frame.slot 980.19, placing PRACH in position 740, Msg1/MsgA-Preamble frequency start 0 (k1 0), preamble_offset 54, first_nonzero_root_idx 0, preambleIndex = 54
[0m[PHY]    [UE 0] RAR-Msg2 decoded
[0m[NR_MAC] [UE 0][RAPROC][RA-RNTI 010b] Got BI RAR subPDU 5 ms
[0m[NR_MAC] [UE 0][RAPROC][RA-RNTI 010b] Got RAPID RAR subPDU
[0m[32m[NR_MAC] [UE 0][RAPROC][981.10] Found RAR with the intended RAPID 54
[0m[32m[NR_MAC] [RAPROC][981.18] RA-Msg3 transmitted
[0m[93m[MAC]    [UE 0] Contention resolution failed
[0m[NR_MAC] PRACH scheduler: Selected RO Frame 988, Slot 19, Symbol 0, Fdm 0
[0m[PHY]    PRACH [UE 0] in frame.slot 988.19, placing PRACH in position 740, Msg1/MsgA-Preamble frequency start 0 (k1 0), preamble_offset 25, first_nonzero_root_idx 0, preambleIndex = 25
[0m[PHY]    [UE 0] RAR-Msg2 decoded
[0m[NR_MAC] [UE 0][RAPROC][RA-RNTI 010b] Got BI RAR subPDU 5 ms
[0m[NR_MAC] [UE 0][RAPROC][RA-RNTI 010b] Got RAPID RAR subPDU
[0m[32m[NR_MAC] [UE 0][RAPROC][989.10] Found RAR with the intended RAPID 25
[0m[32m[NR_MAC] [RAPROC][989.18] RA-Msg3 transmitted
[0m[93m[MAC]    [UE 0] Contention resolution failed
[0m[RLC]    Released RLC entity: ue_id=0, lc_id=1
[0m[NR_RRC] RRC moved into IDLE state
[0m[NAS]    [UE 0] Received NR_NAS_CONN_RELEASE_IND: cause OTHER
[0m[NR_MAC] [UE0] Initializing MAC
[0m[93m[PHY]    SSB position provided
[0m[93m[NR_PHY] Starting sync detection
[0m[PHY]    [UE thread Synch] Running Initial Synch 
[0m[NR_PHY] Starting cell search with center freq: 4049760000, bandwidth: 24. Scanning for 1 number of GSCN.
[0m[NR_PHY] Scanning GSCN: 0, with SSB offset: 24, SSB Freq: 0.000000
[0m[32m[PHY]    Initial sync: pbch decoded sucessfully, ssb index 0
[0m[PHY]    pbch rx ok. rsrp:74 dB/RE, adjust_rxgain:-24 dB
[0m[NR_PHY] Cell Detected with GSCN: 0, SSB SC offset: 24, SSB Ref: 0.000000, PSS Corr peak: 117 dB, PSS Corr Average: 80
[0m[PHY]    [UE0] In synch, rx_offset 114644 samples
[0m[PHY]    [UE 0] Measured Carrier Frequency offset -11 Hz
[0m[32m[PHY]    Initial sync successful, PCI: 0
[0m[PHY]    HW: Configuring channel 0 (rf_chain 0): setting tx_freq 4049759989 Hz, rx_freq 4049759989 Hz, tune_offset 0
[0m[PHY]    Got synch: hw_slot_offset 30, carrier off -11 Hz
[0m[32m[PHY]    UE synchronized! decoded_frame_rx=998 UE->init_sync_frame=0 trashed_frames=2
[0m[PHY]    Resynchronizing RX by 114644 samples
[0m[HW]     received write reorder clear context
[0m[PHY]    max_pos_acc = -56, shiftForNextFrame = 0
[0m[32m[NR_RRC] SIB1 decoded
[0m[NR_MAC] [UE 0] Initial cell selection: dl_frequency=4045440 kHz (from command-line, band=77, scs=1)
[0m[NR_MAC] Initial cell selection: uplink_frequency=4045440 kHz (from dl_frequency=4045440 kHz)
[0m[NR_MAC] TDD period index = 5, based on the sum of dl_UL_TransmissionPeriodicity from Pattern1 (2.500000 ms) and Pattern2 (0.000000 ms): Total = 2.500000 ms
[0m[NR_MAC] Set TDD configuration period to: 4 DL slots, 2 UL slots, 5 slots per period (NR_TDD_UL_DL_Pattern is 3 DL slots, 1 UL slots, 6 DL symbols, 4 UL symbols)
[0m[NR_MAC] Configured 1 TDD patterns (total slots: pattern1 = 5, pattern2 = 0)
[0m[MAC]    Initialization of 4-Step CBRA procedure
[0m[NR_MAC] PRACH scheduler: Selected RO Frame 1002, Slot 19, Symbol 0, Fdm 0
[0m[PHY]    PRACH [UE 0] in frame.slot 1002.19, placing PRACH in position 740, Msg1/MsgA-Preamble frequency start 0 (k1 0), preamble_offset 38, first_nonzero_root_idx 0, preambleIndex = 38
[0m[PHY]    [UE 0] RAR-Msg2 decoded
[0m[NR_MAC] [UE 0][RAPROC][RA-RNTI 010b] Got BI RAR subPDU 5 ms
[0m[NR_MAC] [UE 0][RAPROC][RA-RNTI 010b] Got RAPID RAR subPDU
[0m[32m[NR_MAC] [UE 0][RAPROC][1003.10] Found RAR with the intended RAPID 38
[0m[93m[MAC]    received TA command 31
[0m[32m[NR_MAC] [RAPROC][1003.18] RA-Msg3 transmitted
[0m[NR_MAC] [RAPROC][1004.18] RA-Msg3 retransmitted
[0m[NR_MAC] [RAPROC][1005.18] RA-Msg3 retransmitted
[0m[NR_MAC] [RAPROC][1006.18] RA-Msg3 retransmitted
[0m[93m[MAC]    [UE 0] Contention resolution failed
[0m[NR_MAC] PRACH scheduler: Selected RO Frame 1013, Slot 19, Symbol 0, Fdm 0
[0m[PHY]    PRACH [UE 0] in frame.slot 1013.19, placing PRACH in position 740, Msg1/MsgA-Preamble frequency start 0 (k1 0), preamble_offset 47, first_nonzero_root_idx 0, preambleIndex = 47
[0m[PHY]    [UE 0] RAR-Msg2 decoded
[0m[NR_MAC] [UE 0][RAPROC][RA-RNTI 010b] Got BI RAR subPDU 5 ms
[0m[NR_MAC] [UE 0][RAPROC][RA-RNTI 010b] Got RAPID RAR subPDU
[0m[32m[NR_MAC] [UE 0][RAPROC][1014.10] Found RAR with the intended RAPID 47
[0m[32m[NR_MAC] [RAPROC][1014.18] RA-Msg3 transmitted
[0m[NR_MAC] [RAPROC][1015.18] RA-Msg3 retransmitted
[0m[NR_MAC] [RAPROC][1016.18] RA-Msg3 retransmitted
[0m[NR_MAC] [RAPROC][1017.18] RA-Msg3 retransmitted
[0m[93m[MAC]    [UE 0] Contention resolution failed
[0m[NR_MAC] PRACH scheduler: Selected RO Frame 0, Slot 19, Symbol 0, Fdm 0
[0m[PHY]    PRACH [UE 0] in frame.slot 0.19, placing PRACH in position 740, Msg1/MsgA-Preamble frequency start 0 (k1 0), preamble_offset 2, first_nonzero_root_idx 0, preambleIndex = 2
[0m[PHY]    [UE 0] RAR-Msg2 decoded
[0m[NR_MAC] [UE 0][RAPROC][RA-RNTI 010b] Got BI RAR subPDU 5 ms
[0m[NR_MAC] [UE 0][RAPROC][RA-RNTI 010b] Got RAPID RAR subPDU
[0m[32m[NR_MAC] [UE 0][RAPROC][1.10] Found RAR with the intended RAPID 2
[0m[32m[NR_MAC] [RAPROC][1.18] RA-Msg3 transmitted
[0m[NR_MAC] [RAPROC][2.18] RA-Msg3 retransmitted
[0m[NR_MAC] [RAPROC][3.18] RA-Msg3 retransmitted
[0m[NR_MAC] [RAPROC][4.18] RA-Msg3 retransmitted
[0m[93m[MAC]    [UE 0] Contention resolution failed
[0m[NR_MAC] PRACH scheduler: Selected RO Frame 11, Slot 19, Symbol 0, Fdm 0
[0m[PHY]    PRACH [UE 0] in frame.slot 11.19, placing PRACH in position 740, Msg1/MsgA-Preamble frequency start 0 (k1 0), preamble_offset 52, first_nonzero_root_idx 0, preambleIndex = 52
[0m[PHY]    [UE 0] RAR-Msg2 decoded
[0m[NR_MAC] [UE 0][RAPROC][RA-RNTI 010b] Got BI RAR subPDU 5 ms
[0m[NR_MAC] [UE 0][RAPROC][RA-RNTI 010b] Got RAPID RAR subPDU
[0m[32m[NR_MAC] [UE 0][RAPROC][12.10] Found RAR with the intended RAPID 52
[0m[32m[NR_MAC] [RAPROC][12.18] RA-Msg3 transmitted
[0m[NR_MAC] [RAPROC][13.18] RA-Msg3 retransmitted
[0m[NR_MAC] [RAPROC][14.18] RA-Msg3 retransmitted
[0m[NR_MAC] [RAPROC][15.18] RA-Msg3 retransmitted
[0m[93m[MAC]    [UE 0] Contention resolution failed
[0m[NR_MAC] PRACH scheduler: Selected RO Frame 22, Slot 19, Symbol 0, Fdm 0
[0m[PHY]    PRACH [UE 0] in frame.slot 22.19, placing PRACH in position 740, Msg1/MsgA-Preamble frequency start 0 (k1 0), preamble_offset 23, first_nonzero_root_idx 0, preambleIndex = 23
[0m[PHY]    [UE 0] RAR-Msg2 decoded
[0m[NR_MAC] [UE 0][RAPROC][RA-RNTI 010b] Got BI RAR subPDU 5 ms
[0m[NR_MAC] [UE 0][RAPROC][RA-RNTI 010b] Got RAPID RAR subPDU
[0m[32m[NR_MAC] [UE 0][RAPROC][23.10] Found RAR with the intended RAPID 23
[0m[32m[NR_MAC] [RAPROC][23.18] RA-Msg3 transmitted
[0m[NR_MAC] [RAPROC][24.18] RA-Msg3 retransmitted
[0m[NR_MAC] [RAPROC][25.18] RA-Msg3 retransmitted
[0m[NR_MAC] [RAPROC][26.18] RA-Msg3 retransmitted
[0m[93m[MAC]    [UE 0] Contention resolution failed
[0m[NR_MAC] PRACH scheduler: Selected RO Frame 33, Slot 19, Symbol 0, Fdm 0
[0m[PHY]    PRACH [UE 0] in frame.slot 33.19, placing PRACH in position 740, Msg1/MsgA-Preamble frequency start 0 (k1 0), preamble_offset 18, first_nonzero_root_idx 0, preambleIndex = 18
[0m[PHY]    [UE 0] RAR-Msg2 decoded
[0m[NR_MAC] [UE 0][RAPROC][RA-RNTI 010b] Got BI RAR subPDU 5 ms
[0m[NR_MAC] [UE 0][RAPROC][RA-RNTI 010b] Got RAPID RAR subPDU
[0m[32m[NR_MAC] [UE 0][RAPROC][34.10] Found RAR with the intended RAPID 18
[0m[32m[NR_MAC] [RAPROC][34.18] RA-Msg3 transmitted
[0m[NR_MAC] [RAPROC][35.18] RA-Msg3 retransmitted
[0m[NR_MAC] [RAPROC][36.18] RA-Msg3 retransmitted
[0m[NR_MAC] [RAPROC][37.18] RA-Msg3 retransmitted
[0m[93m[MAC]    [UE 0] Contention resolution failed
[0m[NR_MAC] PRACH scheduler: Selected RO Frame 44, Slot 19, Symbol 0, Fdm 0
[0m[PHY]    PRACH [UE 0] in frame.slot 44.19, placing PRACH in position 740, Msg1/MsgA-Preamble frequency start 0 (k1 0), preamble_offset 21, first_nonzero_root_idx 0, preambleIndex = 21
[0m[PHY]    [UE 0] RAR-Msg2 decoded
[0m[NR_MAC] [UE 0][RAPROC][RA-RNTI 010b] Got BI RAR subPDU 5 ms
[0m[NR_MAC] [UE 0][RAPROC][RA-RNTI 010b] Got RAPID RAR subPDU
[0m[32m[NR_MAC] [UE 0][RAPROC][45.10] Found RAR with the intended RAPID 21
[0m[32m[NR_MAC] [RAPROC][45.18] RA-Msg3 transmitted
[0m[NR_MAC] [RAPROC][46.18] RA-Msg3 retransmitted
[0m[NR_MAC] [RAPROC][47.18] RA-Msg3 retransmitted
[0m[NR_MAC] [RAPROC][48.18] RA-Msg3 retransmitted
[0m[93m[MAC]    [UE 0] Contention resolution failed
[0m[NR_MAC] PRACH scheduler: Selected RO Frame 55, Slot 19, Symbol 0, Fdm 0
[0m[PHY]    PRACH [UE 0] in frame.slot 55.19, placing PRACH in position 740, Msg1/MsgA-Preamble frequency start 0 (k1 0), preamble_offset 1, first_nonzero_root_idx 0, preambleIndex = 1
[0m[PHY]    [UE 0] RAR-Msg2 decoded
[0m[NR_MAC] [UE 0][RAPROC][RA-RNTI 010b] Got BI RAR subPDU 5 ms
[0m[NR_MAC] [UE 0][RAPROC][RA-RNTI 010b] Got RAPID RAR subPDU
[0m[32m[NR_MAC] [UE 0][RAPROC][56.10] Found RAR with the intended RAPID 1
[0m[32m[NR_MAC] [RAPROC][56.18] RA-Msg3 transmitted
[0m[NR_MAC] [RAPROC][57.18] RA-Msg3 retransmitted
[0m[NR_MAC] [RAPROC][58.18] RA-Msg3 retransmitted
[0m[NR_MAC] [RAPROC][59.18] RA-Msg3 retransmitted
[0m[93m[MAC]    [UE 0] Contention resolution failed
[0m[NR_MAC] PRACH scheduler: Selected RO Frame 66, Slot 19, Symbol 0, Fdm 0
[0m[PHY]    PRACH [UE 0] in frame.slot 66.19, placing PRACH in position 740, Msg1/MsgA-Preamble frequency start 0 (k1 0), preamble_offset 22, first_nonzero_root_idx 0, preambleIndex = 22
[0m[PHY]    [UE 0] RAR-Msg2 decoded
[0m[NR_MAC] [UE 0][RAPROC][RA-RNTI 010b] Got BI RAR subPDU 5 ms
[0m[NR_MAC] [UE 0][RAPROC][RA-RNTI 010b] Got RAPID RAR subPDU
[0m[32m[NR_MAC] [UE 0][RAPROC][67.10] Found RAR with the intended RAPID 22
[0m[32m[NR_MAC] [RAPROC][67.18] RA-Msg3 transmitted
[0m[NR_MAC] [RAPROC][68.18] RA-Msg3 retransmitted
[0m[NR_MAC] [RAPROC][69.18] RA-Msg3 retransmitted
[0m[NR_MAC] [RAPROC][70.18] RA-Msg3 retransmitted
[0m[93m[MAC]    [UE 0] Contention resolution failed
[0m[NR_MAC] PRACH scheduler: Selected RO Frame 77, Slot 19, Symbol 0, Fdm 0
[0m[PHY]    PRACH [UE 0] in frame.slot 77.19, placing PRACH in position 740, Msg1/MsgA-Preamble frequency start 0 (k1 0), preamble_offset 15, first_nonzero_root_idx 0, preambleIndex = 15
[0m[PHY]    [UE 0] RAR-Msg2 decoded
[0m[NR_MAC] [UE 0][RAPROC][RA-RNTI 010b] Got BI RAR subPDU 5 ms
[0m[NR_MAC] [UE 0][RAPROC][RA-RNTI 010b] Got RAPID RAR subPDU
[0m[32m[NR_MAC] [UE 0][RAPROC][78.10] Found RAR with the intended RAPID 15
[0m[32m[NR_MAC] [RAPROC][78.18] RA-Msg3 transmitted
[0m[NR_MAC] [RAPROC][79.18] RA-Msg3 retransmitted
[0m[NR_MAC] [RAPROC][80.18] RA-Msg3 retransmitted
[0m[NR_MAC] [RAPROC][81.18] RA-Msg3 retransmitted
[0m[93m[MAC]    [UE 0] Contention resolution failed
[0m[NR_MAC] PRACH scheduler: Selected RO Frame 88, Slot 19, Symbol 0, Fdm 0
[0m[PHY]    PRACH [UE 0] in frame.slot 88.19, placing PRACH in position 740, Msg1/MsgA-Preamble frequency start 0 (k1 0), preamble_offset 40, first_nonzero_root_idx 0, preambleIndex = 40
[0m[PHY]    [UE 0] RAR-Msg2 decoded
[0m[NR_MAC] [UE 0][RAPROC][RA-RNTI 010b] Got BI RAR subPDU 5 ms
[0m[NR_MAC] [UE 0][RAPROC][RA-RNTI 010b] Got RAPID RAR subPDU
[0m[32m[NR_MAC] [UE 0][RAPROC][89.10] Found RAR with the intended RAPID 40
[0m[32m[NR_MAC] [RAPROC][89.18] RA-Msg3 transmitted
[0m[NR_MAC] [RAPROC][90.18] RA-Msg3 retransmitted
[0m[NR_MAC] [RAPROC][91.18] RA-Msg3 retransmitted
[0m[NR_MAC] [RAPROC][92.18] RA-Msg3 retransmitted
[0m[93m[MAC]    [UE 0] Contention resolution failed
[0m[NR_MAC] PRACH scheduler: Selected RO Frame 99, Slot 19, Symbol 0, Fdm 0
[0m[PHY]    PRACH [UE 0] in frame.slot 99.19, placing PRACH in position 740, Msg1/MsgA-Preamble frequency start 0 (k1 0), preamble_offset 9, first_nonzero_root_idx 0, preambleIndex = 9
[0m[PHY]    [UE 0] RAR-Msg2 decoded
[0m[NR_MAC] [UE 0][RAPROC][RA-RNTI 010b] Got BI RAR subPDU 5 ms
[0m[NR_MAC] [UE 0][RAPROC][RA-RNTI 010b] Got RAPID RAR subPDU
[0m[32m[NR_MAC] [UE 0][RAPROC][100.10] Found RAR with the intended RAPID 9
[0m[32m[NR_MAC] [RAPROC][100.18] RA-Msg3 transmitted
[0m[NR_MAC] [RAPROC][101.18] RA-Msg3 retransmitted
[0m[NR_MAC] [RAPROC][102.18] RA-Msg3 retransmitted
[0m[NR_MAC] [RAPROC][103.18] RA-Msg3 retransmitted
[0m[93m[MAC]    [UE 0] Contention resolution failed
[0m[NR_MAC] PRACH scheduler: Selected RO Frame 110, Slot 19, Symbol 0, Fdm 0
[0m[PHY]    PRACH [UE 0] in frame.slot 110.19, placing PRACH in position 740, Msg1/MsgA-Preamble frequency start 0 (k1 0), preamble_offset 5, first_nonzero_root_idx 0, preambleIndex = 5
[0m[PHY]    [UE 0] RAR-Msg2 decoded
[0m[NR_MAC] [UE 0][RAPROC][RA-RNTI 010b] Got BI RAR subPDU 5 ms
[0m[NR_MAC] [UE 0][RAPROC][RA-RNTI 010b] Got RAPID RAR subPDU
[0m[32m[NR_MAC] [UE 0][RAPROC][111.10] Found RAR with the intended RAPID 5
[0m[32m[NR_MAC] [RAPROC][111.18] RA-Msg3 transmitted
[0m[NR_MAC] [RAPROC][112.18] RA-Msg3 retransmitted
[0m[NR_MAC] [RAPROC][113.18] RA-Msg3 retransmitted
[0m[NR_MAC] [RAPROC][114.18] RA-Msg3 retransmitted
[0m[93m[MAC]    [UE 0] Contention resolution failed
[0m[NR_MAC] PRACH scheduler: Selected RO Frame 121, Slot 19, Symbol 0, Fdm 0
[0m[PHY]    PRACH [UE 0] in frame.slot 121.19, placing PRACH in position 740, Msg1/MsgA-Preamble frequency start 0 (k1 0), preamble_offset 18, first_nonzero_root_idx 0, preambleIndex = 18
[0m[PHY]    [UE 0] RAR-Msg2 decoded
[0m[NR_MAC] [UE 0][RAPROC][RA-RNTI 010b] Got BI RAR subPDU 5 ms
[0m[NR_MAC] [UE 0][RAPROC][RA-RNTI 010b] Got RAPID RAR subPDU
[0m[32m[NR_MAC] [UE 0][RAPROC][122.10] Found RAR with the intended RAPID 18
[0m[32m[NR_MAC] [RAPROC][122.18] RA-Msg3 transmitted
[0m[NR_MAC] [RAPROC][123.18] RA-Msg3 retransmitted
[0m[NR_MAC] [RAPROC][124.18] RA-Msg3 retransmitted
[0m[NR_MAC] [RAPROC][125.18] RA-Msg3 retransmitted
[0m[93m[MAC]    [UE 0] Contention resolution failed
[0m[NR_MAC] PRACH scheduler: Selected RO Frame 132, Slot 19, Symbol 0, Fdm 0
[0m[PHY]    PRACH [UE 0] in frame.slot 132.19, placing PRACH in position 740, Msg1/MsgA-Preamble frequency start 0 (k1 0), preamble_offset 42, first_nonzero_root_idx 0, preambleIndex = 42
[0m[PHY]    [UE 0] RAR-Msg2 decoded
[0m[NR_MAC] [UE 0][RAPROC][RA-RNTI 010b] Got BI RAR subPDU 5 ms
[0m[NR_MAC] [UE 0][RAPROC][RA-RNTI 010b] Got RAPID RAR subPDU
[0m[32m[NR_MAC] [UE 0][RAPROC][133.10] Found RAR with the intended RAPID 42
[0m[32m[NR_MAC] [RAPROC][133.18] RA-Msg3 transmitted
[0m[NR_MAC] [RAPROC][134.18] RA-Msg3 retransmitted
[0m[NR_MAC] [RAPROC][135.18] RA-Msg3 retransmitted
[0m[NR_MAC] [RAPROC][136.18] RA-Msg3 retransmitted
[0m[93m[MAC]    [UE 0] Contention resolution failed
[0m[NR_MAC] PRACH scheduler: Selected RO Frame 143, Slot 19, Symbol 0, Fdm 0
[0m[PHY]    PRACH [UE 0] in frame.slot 143.19, placing PRACH in position 740, Msg1/MsgA-Preamble frequency start 0 (k1 0), preamble_offset 49, first_nonzero_root_idx 0, preambleIndex = 49
[0m[PHY]    [UE 0] RAR-Msg2 decoded
[0m[NR_MAC] [UE 0][RAPROC][RA-RNTI 010b] Got BI RAR subPDU 5 ms
[0m[NR_MAC] [UE 0][RAPROC][RA-RNTI 010b] Got RAPID RAR subPDU
[0m[32m[NR_MAC] [UE 0][RAPROC][144.10] Found RAR with the intended RAPID 49
[0m[32m[NR_MAC] [RAPROC][144.18] RA-Msg3 transmitted
[0m[NR_MAC] [RAPROC][145.18] RA-Msg3 retransmitted
[0m[NR_MAC] [RAPROC][146.18] RA-Msg3 retransmitted
[0m[NR_MAC] [RAPROC][147.18] RA-Msg3 retransmitted
[0m[93m[MAC]    [UE 0] Contention resolution failed
[0m[NR_MAC] PRACH scheduler: Selected RO Frame 154, Slot 19, Symbol 0, Fdm 0
[0m[PHY]    PRACH [UE 0] in frame.slot 154.19, placing PRACH in position 740, Msg1/MsgA-Preamble frequency start 0 (k1 0), preamble_offset 57, first_nonzero_root_idx 0, preambleIndex = 57
[0m[PHY]    [UE 0] RAR-Msg2 decoded
[0m[NR_MAC] [UE 0][RAPROC][RA-RNTI 010b] Got BI RAR subPDU 5 ms
[0m[NR_MAC] [UE 0][RAPROC][RA-RNTI 010b] Got RAPID RAR subPDU
[0m[32m[NR_MAC] [UE 0][RAPROC][155.10] Found RAR with the intended RAPID 57
[0m[32m[NR_MAC] [RAPROC][155.18] RA-Msg3 transmitted
[0m[NR_MAC] [RAPROC][156.18] RA-Msg3 retransmitted
[0m[NR_MAC] [RAPROC][157.18] RA-Msg3 retransmitted
[0m[NR_MAC] [RAPROC][158.18] RA-Msg3 retransmitted
[0m[93m[MAC]    [UE 0] Contention resolution failed
[0m[NR_MAC] PRACH scheduler: Selected RO Frame 165, Slot 19, Symbol 0, Fdm 0
[0m[PHY]    PRACH [UE 0] in frame.slot 165.19, placing PRACH in position 740, Msg1/MsgA-Preamble frequency start 0 (k1 0), preamble_offset 42, first_nonzero_root_idx 0, preambleIndex = 42
[0m[PHY]    [UE 0] RAR-Msg2 decoded
[0m[NR_MAC] [UE 0][RAPROC][RA-RNTI 010b] Got BI RAR subPDU 5 ms
[0m[NR_MAC] [UE 0][RAPROC][RA-RNTI 010b] Got RAPID RAR subPDU
[0m[32m[NR_MAC] [UE 0][RAPROC][166.10] Found RAR with the intended RAPID 42
[0m[32m[NR_MAC] [RAPROC][166.18] RA-Msg3 transmitted
[0m[NR_MAC] [RAPROC][167.18] RA-Msg3 retransmitted
[0m[NR_MAC] [RAPROC][168.18] RA-Msg3 retransmitted
[0m[NR_MAC] [RAPROC][169.18] RA-Msg3 retransmitted
[0m[93m[MAC]    [UE 0] Contention resolution failed
[0m[NR_MAC] PRACH scheduler: Selected RO Frame 176, Slot 19, Symbol 0, Fdm 0
[0m[PHY]    PRACH [UE 0] in frame.slot 176.19, placing PRACH in position 740, Msg1/MsgA-Preamble frequency start 0 (k1 0), preamble_offset 31, first_nonzero_root_idx 0, preambleIndex = 31
[0m[PHY]    [UE 0] RAR-Msg2 decoded
[0m[NR_MAC] [UE 0][RAPROC][RA-RNTI 010b] Got BI RAR subPDU 5 ms
[0m[NR_MAC] [UE 0][RAPROC][RA-RNTI 010b] Got RAPID RAR subPDU
[0m[32m[NR_MAC] [UE 0][RAPROC][177.10] Found RAR with the intended RAPID 31
[0m[32m[NR_MAC] [RAPROC][177.18] RA-Msg3 transmitted
[0m[NR_MAC] [RAPROC][178.18] RA-Msg3 retransmitted
[0m[NR_MAC] [RAPROC][179.18] RA-Msg3 retransmitted
[0m[NR_MAC] [RAPROC][180.18] RA-Msg3 retransmitted
[0m[93m[MAC]    [UE 0] Contention resolution failed
[0m[NR_MAC] PRACH scheduler: Selected RO Frame 187, Slot 19, Symbol 0, Fdm 0
[0m[PHY]    PRACH [UE 0] in frame.slot 187.19, placing PRACH in position 740, Msg1/MsgA-Preamble frequency start 0 (k1 0), preamble_offset 38, first_nonzero_root_idx 0, preambleIndex = 38
[0m[PHY]    [UE 0] RAR-Msg2 decoded
[0m[NR_MAC] [UE 0][RAPROC][RA-RNTI 010b] Got BI RAR subPDU 5 ms
[0m[NR_MAC] [UE 0][RAPROC][RA-RNTI 010b] Got RAPID RAR subPDU
[0m[32m[NR_MAC] [UE 0][RAPROC][188.10] Found RAR with the intended RAPID 38
[0m[32m[NR_MAC] [RAPROC][188.18] RA-Msg3 transmitted
[0m[NR_MAC] [RAPROC][189.18] RA-Msg3 retransmitted
[0m[NR_MAC] [RAPROC][190.18] RA-Msg3 retransmitted
[0m[NR_MAC] [RAPROC][191.18] RA-Msg3 retransmitted
[0m[93m[MAC]    [UE 0] Contention resolution failed
[0m[93m[NR_RRC] [UE 0] Timer T300 expired! No timely response to RRCSetupRequest
[0m[MAC]    Initialization of 4-Step CBRA procedure
[0m[NR_MAC] PRACH scheduler: Selected RO Frame 228, Slot 19, Symbol 0, Fdm 0
[0m[PHY]    PRACH [UE 0] in frame.slot 228.19, placing PRACH in position 740, Msg1/MsgA-Preamble frequency start 0 (k1 0), preamble_offset 38, first_nonzero_root_idx 0, preambleIndex = 38
[0m[PHY]    [UE 0] RAR-Msg2 decoded
[0m[NR_MAC] [UE 0][RAPROC][RA-RNTI 010b] Got BI RAR subPDU 5 ms
[0m[NR_MAC] [UE 0][RAPROC][RA-RNTI 010b] Got RAPID RAR subPDU
[0m[32m[NR_MAC] [UE 0][RAPROC][229.10] Found RAR with the intended RAPID 38
[0m[93m[MAC]    received TA command 31
[0m[32m[NR_MAC] [RAPROC][229.18] RA-Msg3 transmitted
[0m[NR_MAC] [RAPROC][230.18] RA-Msg3 retransmitted
[0m[NR_MAC] [RAPROC][231.18] RA-Msg3 retransmitted
[0m[NR_MAC] [RAPROC][232.18] RA-Msg3 retransmitted
[0m[93m[MAC]    [UE 0] Contention resolution failed
[0m[NR_MAC] PRACH scheduler: Selected RO Frame 239, Slot 19, Symbol 0, Fdm 0
[0m[PHY]    PRACH [UE 0] in frame.slot 239.19, placing PRACH in position 740, Msg1/MsgA-Preamble frequency start 0 (k1 0), preamble_offset 21, first_nonzero_root_idx 0, preambleIndex = 21
[0m[PHY]    [UE 0] RAR-Msg2 decoded
[0m[NR_MAC] [UE 0][RAPROC][RA-RNTI 010b] Got BI RAR subPDU 5 ms
[0m[NR_MAC] [UE 0][RAPROC][RA-RNTI 010b] Got RAPID RAR subPDU
[0m[32m[NR_MAC] [UE 0][RAPROC][240.10] Found RAR with the intended RAPID 21
[0m[32m[NR_MAC] [RAPROC][240.18] RA-Msg3 transmitted
[0m[NR_MAC] [RAPROC][241.18] RA-Msg3 retransmitted
[0m[NR_MAC] [RAPROC][242.18] RA-Msg3 retransmitted
[0m[NR_MAC] [RAPROC][243.18] RA-Msg3 retransmitted
[0m[93m[MAC]    [UE 0] Contention resolution failed
[0m[NR_MAC] PRACH scheduler: Selected RO Frame 250, Slot 19, Symbol 0, Fdm 0
[0m[PHY]    PRACH [UE 0] in frame.slot 250.19, placing PRACH in position 740, Msg1/MsgA-Preamble frequency start 0 (k1 0), preamble_offset 23, first_nonzero_root_idx 0, preambleIndex = 23
[0m[PHY]    [UE 0] RAR-Msg2 decoded
[0m[NR_MAC] [UE 0][RAPROC][RA-RNTI 010b] Got BI RAR subPDU 5 ms
[0m[NR_MAC] [UE 0][RAPROC][RA-RNTI 010b] Got RAPID RAR subPDU
[0m[32m[NR_MAC] [UE 0][RAPROC][251.10] Found RAR with the intended RAPID 23
[0m[32m[NR_MAC] [RAPROC][251.18] RA-Msg3 transmitted
[0m[NR_MAC] [RAPROC][252.18] RA-Msg3 retransmitted
[0m[NR_MAC] [RAPROC][253.18] RA-Msg3 retransmitted
[0m[NR_MAC] [RAPROC][254.18] RA-Msg3 retransmitted
[0m[93m[MAC]    [UE 0] Contention resolution failed
[0m[NR_MAC] PRACH scheduler: Selected RO Frame 261, Slot 19, Symbol 0, Fdm 0
[0m[PHY]    PRACH [UE 0] in frame.slot 261.19, placing PRACH in position 740, Msg1/MsgA-Preamble frequency start 0 (k1 0), preamble_offset 30, first_nonzero_root_idx 0, preambleIndex = 30
[0m[PHY]    [UE 0] RAR-Msg2 decoded
[0m[NR_MAC] [UE 0][RAPROC][RA-RNTI 010b] Got BI RAR subPDU 5 ms
[0m[NR_MAC] [UE 0][RAPROC][RA-RNTI 010b] Got RAPID RAR subPDU
[0m[32m[NR_MAC] [UE 0][RAPROC][262.10] Found RAR with the intended RAPID 30
[0m[32m[NR_MAC] [RAPROC][262.18] RA-Msg3 transmitted
[0m[NR_MAC] [RAPROC][263.18] RA-Msg3 retransmitted
[0m[NR_MAC] [RAPROC][264.18] RA-Msg3 retransmitted
[0m[NR_MAC] [RAPROC][265.18] RA-Msg3 retransmitted
[0m[93m[MAC]    [UE 0] Contention resolution failed
[0m[NR_MAC] PRACH scheduler: Selected RO Frame 272, Slot 19, Symbol 0, Fdm 0
[0m[PHY]    PRACH [UE 0] in frame.slot 272.19, placing PRACH in position 740, Msg1/MsgA-Preamble frequency start 0 (k1 0), preamble_offset 36, first_nonzero_root_idx 0, preambleIndex = 36
[0m[PHY]    [UE 0] RAR-Msg2 decoded
[0m[NR_MAC] [UE 0][RAPROC][RA-RNTI 010b] Got BI RAR subPDU 5 ms
[0m[NR_MAC] [UE 0][RAPROC][RA-RNTI 010b] Got RAPID RAR subPDU
[0m[32m[NR_MAC] [UE 0][RAPROC][273.10] Found RAR with the intended RAPID 36
[0m[32m[NR_MAC] [RAPROC][273.18] RA-Msg3 transmitted
[0m[NR_MAC] [RAPROC][274.18] RA-Msg3 retransmitted
[0m[NR_MAC] [RAPROC][275.18] RA-Msg3 retransmitted
[0m[NR_MAC] [RAPROC][276.18] RA-Msg3 retransmitted
[0m[93m[MAC]    [UE 0] Contention resolution failed
[0m[NR_MAC] PRACH scheduler: Selected RO Frame 283, Slot 19, Symbol 0, Fdm 0
[0m[PHY]    PRACH [UE 0] in frame.slot 283.19, placing PRACH in position 740, Msg1/MsgA-Preamble frequency start 0 (k1 0), preamble_offset 48, first_nonzero_root_idx 0, preambleIndex = 48
[0m[PHY]    [UE 0] RAR-Msg2 decoded
[0m[NR_MAC] [UE 0][RAPROC][RA-RNTI 010b] Got BI RAR subPDU 5 ms
[0m[NR_MAC] [UE 0][RAPROC][RA-RNTI 010b] Got RAPID RAR subPDU
[0m[32m[NR_MAC] [UE 0][RAPROC][284.10] Found RAR with the intended RAPID 48
[0m[32m[NR_MAC] [RAPROC][284.18] RA-Msg3 transmitted
[0m[NR_MAC] [RAPROC][285.18] RA-Msg3 retransmitted
[0m[NR_MAC] [RAPROC][286.18] RA-Msg3 retransmitted
[0m[NR_MAC] [RAPROC][287.18] RA-Msg3 retransmitted
[0m[93m[MAC]    [UE 0] Contention resolution failed
[0m[NR_MAC] PRACH scheduler: Selected RO Frame 294, Slot 19, Symbol 0, Fdm 0
[0m[PHY]    PRACH [UE 0] in frame.slot 294.19, placing PRACH in position 740, Msg1/MsgA-Preamble frequency start 0 (k1 0), preamble_offset 8, first_nonzero_root_idx 0, preambleIndex = 8
[0m[PHY]    [UE 0] RAR-Msg2 decoded
[0m[NR_MAC] [UE 0][RAPROC][RA-RNTI 010b] Got BI RAR subPDU 5 ms
[0m[NR_MAC] [UE 0][RAPROC][RA-RNTI 010b] Got RAPID RAR subPDU
[0m[32m[NR_MAC] [UE 0][RAPROC][295.10] Found RAR with the intended RAPID 8
[0m[32m[NR_MAC] [RAPROC][295.18] RA-Msg3 transmitted
[0m[NR_MAC] [RAPROC][296.18] RA-Msg3 retransmitted
[0m[NR_MAC] [RAPROC][297.18] RA-Msg3 retransmitted
[0m[NR_MAC] [RAPROC][298.18] RA-Msg3 retransmitted
[0m[93m[MAC]    [UE 0] Contention resolution failed
[0m[NR_MAC] PRACH scheduler: Selected RO Frame 305, Slot 19, Symbol 0, Fdm 0
[0m[PHY]    PRACH [UE 0] in frame.slot 305.19, placing PRACH in position 740, Msg1/MsgA-Preamble frequency start 0 (k1 0), preamble_offset 26, first_nonzero_root_idx 0, preambleIndex = 26
[0m[PHY]    [UE 0] RAR-Msg2 decoded
[0m[NR_MAC] [UE 0][RAPROC][RA-RNTI 010b] Got BI RAR subPDU 5 ms
[0m[NR_MAC] [UE 0][RAPROC][RA-RNTI 010b] Got RAPID RAR subPDU
[0m[32m[NR_MAC] [UE 0][RAPROC][306.10] Found RAR with the intended RAPID 26
[0m[32m[NR_MAC] [RAPROC][306.18] RA-Msg3 transmitted
[0m[NR_MAC] [RAPROC][307.18] RA-Msg3 retransmitted
[0m[NR_MAC] [RAPROC][308.18] RA-Msg3 retransmitted
[0m[NR_MAC] [RAPROC][309.18] RA-Msg3 retransmitted
[0m[93m[MAC]    [UE 0] Contention resolution failed
[0m[NR_MAC] PRACH scheduler: Selected RO Frame 316, Slot 19, Symbol 0, Fdm 0
[0m[PHY]    PRACH [UE 0] in frame.slot 316.19, placing PRACH in position 740, Msg1/MsgA-Preamble frequency start 0 (k1 0), preamble_offset 62, first_nonzero_root_idx 0, preambleIndex = 62
[0m[PHY]    [UE 0] RAR-Msg2 decoded
[0m[NR_MAC] [UE 0][RAPROC][RA-RNTI 010b] Got BI RAR subPDU 5 ms
[0m[NR_MAC] [UE 0][RAPROC][RA-RNTI 010b] Got RAPID RAR subPDU
[0m[32m[NR_MAC] [UE 0][RAPROC][317.10] Found RAR with the intended RAPID 62
[0m[32m[NR_MAC] [RAPROC][317.18] RA-Msg3 transmitted
[0m[NR_MAC] [RAPROC][318.18] RA-Msg3 retransmitted
[0m[NR_MAC] [RAPROC][319.18] RA-Msg3 retransmitted
[0m[NR_MAC] [RAPROC][320.18] RA-Msg3 retransmitted
[0m[93m[MAC]    [UE 0] Contention resolution failed
[0m[NR_MAC] PRACH scheduler: Selected RO Frame 327, Slot 19, Symbol 0, Fdm 0
[0m[PHY]    PRACH [UE 0] in frame.slot 327.19, placing PRACH in position 740, Msg1/MsgA-Preamble frequency start 0 (k1 0), preamble_offset 1, first_nonzero_root_idx 0, preambleIndex = 1
[0m[PHY]    [UE 0] RAR-Msg2 decoded
[0m[NR_MAC] [UE 0][RAPROC][RA-RNTI 010b] Got BI RAR subPDU 5 ms
[0m[NR_MAC] [UE 0][RAPROC][RA-RNTI 010b] Got RAPID RAR subPDU
[0m[32m[NR_MAC] [UE 0][RAPROC][328.10] Found RAR with the intended RAPID 1
[0m[32m[NR_MAC] [RAPROC][328.18] RA-Msg3 transmitted
[0m[NR_MAC] [RAPROC][329.18] RA-Msg3 retransmitted
[0m[NR_MAC] [RAPROC][330.18] RA-Msg3 retransmitted
[0m[NR_MAC] [RAPROC][331.18] RA-Msg3 retransmitted
[0m[93m[MAC]    [UE 0] Contention resolution failed
[0m[NR_MAC] PRACH scheduler: Selected RO Frame 338, Slot 19, Symbol 0, Fdm 0
[0m[PHY]    PRACH [UE 0] in frame.slot 338.19, placing PRACH in position 740, Msg1/MsgA-Preamble frequency start 0 (k1 0), preamble_offset 9, first_nonzero_root_idx 0, preambleIndex = 9
[0m[PHY]    [UE 0] RAR-Msg2 decoded
[0m[NR_MAC] [UE 0][RAPROC][RA-RNTI 010b] Got BI RAR subPDU 5 ms
[0m[NR_MAC] [UE 0][RAPROC][RA-RNTI 010b] Got RAPID RAR subPDU
[0m[32m[NR_MAC] [UE 0][RAPROC][339.10] Found RAR with the intended RAPID 9
[0m[32m[NR_MAC] [RAPROC][339.18] RA-Msg3 transmitted
[0m[NR_MAC] [RAPROC][340.18] RA-Msg3 retransmitted
[0m[NR_MAC] [RAPROC][341.18] RA-Msg3 retransmitted
[0m[NR_MAC] [RAPROC][342.18] RA-Msg3 retransmitted
[0m[93m[MAC]    [UE 0] Contention resolution failed
[0m[NR_MAC] PRACH scheduler: Selected RO Frame 349, Slot 19, Symbol 0, Fdm 0
[0m[PHY]    PRACH [UE 0] in frame.slot 349.19, placing PRACH in position 740, Msg1/MsgA-Preamble frequency start 0 (k1 0), preamble_offset 56, first_nonzero_root_idx 0, preambleIndex = 56
[0m[PHY]    [UE 0] RAR-Msg2 decoded
[0m[NR_MAC] [UE 0][RAPROC][RA-RNTI 010b] Got BI RAR subPDU 5 ms
[0m[NR_MAC] [UE 0][RAPROC][RA-RNTI 010b] Got RAPID RAR subPDU
[0m[32m[NR_MAC] [UE 0][RAPROC][350.10] Found RAR with the intended RAPID 56
[0m[32m[NR_MAC] [RAPROC][350.18] RA-Msg3 transmitted
[0m[NR_MAC] [RAPROC][351.18] RA-Msg3 retransmitted
[0m[NR_MAC] [RAPROC][352.18] RA-Msg3 retransmitted
[0m[NR_MAC] [RAPROC][353.18] RA-Msg3 retransmitted
[0m[93m[MAC]    [UE 0] Contention resolution failed
[0m[NR_MAC] PRACH scheduler: Selected RO Frame 360, Slot 19, Symbol 0, Fdm 0
[0m[PHY]    PRACH [UE 0] in frame.slot 360.19, placing PRACH in position 740, Msg1/MsgA-Preamble frequency start 0 (k1 0), preamble_offset 54, first_nonzero_root_idx 0, preambleIndex = 54
[0m[PHY]    [UE 0] RAR-Msg2 decoded
[0m[NR_MAC] [UE 0][RAPROC][RA-RNTI 010b] Got BI RAR subPDU 5 ms
[0m[NR_MAC] [UE 0][RAPROC][RA-RNTI 010b] Got RAPID RAR subPDU
[0m[32m[NR_MAC] [UE 0][RAPROC][361.10] Found RAR with the intended RAPID 54
[0m[32m[NR_MAC] [RAPROC][361.18] RA-Msg3 transmitted
[0m[NR_MAC] [RAPROC][362.18] RA-Msg3 retransmitted
[0m[NR_MAC] [RAPROC][363.18] RA-Msg3 retransmitted
[0m[NR_MAC] [RAPROC][364.18] RA-Msg3 retransmitted
[0m[93m[MAC]    [UE 0] Contention resolution failed
[0m[NR_MAC] PRACH scheduler: Selected RO Frame 371, Slot 19, Symbol 0, Fdm 0
[0m[PHY]    PRACH [UE 0] in frame.slot 371.19, placing PRACH in position 740, Msg1/MsgA-Preamble frequency start 0 (k1 0), preamble_offset 24, first_nonzero_root_idx 0, preambleIndex = 24
[0m[PHY]    [UE 0] RAR-Msg2 decoded
[0m[NR_MAC] [UE 0][RAPROC][RA-RNTI 010b] Got BI RAR subPDU 5 ms
[0m[NR_MAC] [UE 0][RAPROC][RA-RNTI 010b] Got RAPID RAR subPDU
[0m[32m[NR_MAC] [UE 0][RAPROC][372.10] Found RAR with the intended RAPID 24
[0m[32m[NR_MAC] [RAPROC][372.18] RA-Msg3 transmitted
[0m[NR_MAC] [RAPROC][373.18] RA-Msg3 retransmitted
[0m[NR_MAC] [RAPROC][374.18] RA-Msg3 retransmitted
[0m[NR_MAC] [RAPROC][375.18] RA-Msg3 retransmitted
[0m[93m[MAC]    [UE 0] Contention resolution failed
[0m[NR_MAC] PRACH scheduler: Selected RO Frame 382, Slot 19, Symbol 0, Fdm 0
[0m[PHY]    PRACH [UE 0] in frame.slot 382.19, placing PRACH in position 740, Msg1/MsgA-Preamble frequency start 0 (k1 0), preamble_offset 35, first_nonzero_root_idx 0, preambleIndex = 35
[0m[PHY]    [UE 0] RAR-Msg2 decoded
[0m[NR_MAC] [UE 0][RAPROC][RA-RNTI 010b] Got BI RAR subPDU 5 ms
[0m[NR_MAC] [UE 0][RAPROC][RA-RNTI 010b] Got RAPID RAR subPDU
[0m[32m[NR_MAC] [UE 0][RAPROC][383.10] Found RAR with the intended RAPID 35
[0m[32m[NR_MAC] [RAPROC][383.18] RA-Msg3 transmitted
[0m[NR_MAC] [RAPROC][384.18] RA-Msg3 retransmitted
[0m[NR_MAC] [RAPROC][385.18] RA-Msg3 retransmitted
[0m[NR_MAC] [RAPROC][386.18] RA-Msg3 retransmitted
[0m[93m[MAC]    [UE 0] Contention resolution failed
[0m[NR_MAC] PRACH scheduler: Selected RO Frame 393, Slot 19, Symbol 0, Fdm 0
[0m[PHY]    PRACH [UE 0] in frame.slot 393.19, placing PRACH in position 740, Msg1/MsgA-Preamble frequency start 0 (k1 0), preamble_offset 32, first_nonzero_root_idx 0, preambleIndex = 32
[0m[PHY]    [UE 0] RAR-Msg2 decoded
[0m[NR_MAC] [UE 0][RAPROC][RA-RNTI 010b] Got BI RAR subPDU 5 ms
[0m[NR_MAC] [UE 0][RAPROC][RA-RNTI 010b] Got RAPID RAR subPDU
[0m[32m[NR_MAC] [UE 0][RAPROC][394.10] Found RAR with the intended RAPID 32
[0m[32m[NR_MAC] [RAPROC][394.18] RA-Msg3 transmitted
[0m[NR_MAC] [RAPROC][395.18] RA-Msg3 retransmitted
[0m[NR_MAC] [RAPROC][396.18] RA-Msg3 retransmitted
[0m[NR_MAC] [RAPROC][397.18] RA-Msg3 retransmitted
[0m[93m[MAC]    [UE 0] Contention resolution failed
[0m[NR_MAC] PRACH scheduler: Selected RO Frame 404, Slot 19, Symbol 0, Fdm 0
[0m[PHY]    PRACH [UE 0] in frame.slot 404.19, placing PRACH in position 740, Msg1/MsgA-Preamble frequency start 0 (k1 0), preamble_offset 41, first_nonzero_root_idx 0, preambleIndex = 41
[0m[PHY]    [UE 0] RAR-Msg2 decoded
[0m[NR_MAC] [UE 0][RAPROC][RA-RNTI 010b] Got BI RAR subPDU 5 ms
[0m[NR_MAC] [UE 0][RAPROC][RA-RNTI 010b] Got RAPID RAR subPDU
[0m[32m[NR_MAC] [UE 0][RAPROC][405.10] Found RAR with the intended RAPID 41
[0m[32m[NR_MAC] [RAPROC][405.18] RA-Msg3 transmitted
[0m[NR_MAC] [RAPROC][406.18] RA-Msg3 retransmitted
[0m[NR_MAC] [RAPROC][407.18] RA-Msg3 retransmitted
[0m[NR_MAC] [RAPROC][408.18] RA-Msg3 retransmitted
[0m[93m[MAC]    [UE 0] Contention resolution failed
[0m[NR_MAC] PRACH scheduler: Selected RO Frame 415, Slot 19, Symbol 0, Fdm 0
[0m[PHY]    PRACH [UE 0] in frame.slot 415.19, placing PRACH in position 740, Msg1/MsgA-Preamble frequency start 0 (k1 0), preamble_offset 32, first_nonzero_root_idx 0, preambleIndex = 32
[0m[PHY]    [UE 0] RAR-Msg2 decoded
[0m[NR_MAC] [UE 0][RAPROC][RA-RNTI 010b] Got BI RAR subPDU 5 ms
[0m[NR_MAC] [UE 0][RAPROC][RA-RNTI 010b] Got RAPID RAR subPDU
[0m[32m[NR_MAC] [UE 0][RAPROC][416.10] Found RAR with the intended RAPID 32
[0m[32m[NR_MAC] [RAPROC][416.18] RA-Msg3 transmitted
[0m[NR_MAC] [RAPROC][417.18] RA-Msg3 retransmitted
[0m[NR_MAC] [RAPROC][418.18] RA-Msg3 retransmitted
[0m[NR_MAC] [RAPROC][419.18] RA-Msg3 retransmitted
[0m[93m[MAC]    [UE 0] Contention resolution failed
[0m[NR_MAC] PRACH scheduler: Selected RO Frame 426, Slot 19, Symbol 0, Fdm 0
[0m[PHY]    PRACH [UE 0] in frame.slot 426.19, placing PRACH in position 740, Msg1/MsgA-Preamble frequency start 0 (k1 0), preamble_offset 53, first_nonzero_root_idx 0, preambleIndex = 53
[0m[PHY]    [UE 0] RAR-Msg2 decoded
[0m[NR_MAC] [UE 0][RAPROC][RA-RNTI 010b] Got BI RAR subPDU 5 ms
[0m[NR_MAC] [UE 0][RAPROC][RA-RNTI 010b] Got RAPID RAR subPDU
[0m[32m[NR_MAC] [UE 0][RAPROC][427.10] Found RAR with the intended RAPID 53
[0m[32m[NR_MAC] [RAPROC][427.18] RA-Msg3 transmitted
[0m[NR_MAC] [RAPROC][428.18] RA-Msg3 retransmitted
[0m[NR_MAC] [RAPROC][429.18] RA-Msg3 retransmitted
[0m[NR_MAC] [RAPROC][430.18] RA-Msg3 retransmitted
[0m[93m[MAC]    [UE 0] Contention resolution failed
[0m[NR_MAC] PRACH scheduler: Selected RO Frame 437, Slot 19, Symbol 0, Fdm 0
[0m[PHY]    PRACH [UE 0] in frame.slot 437.19, placing PRACH in position 740, Msg1/MsgA-Preamble frequency start 0 (k1 0), preamble_offset 6, first_nonzero_root_idx 0, preambleIndex = 6
[0m[PHY]    [UE 0] RAR-Msg2 decoded
[0m[NR_MAC] [UE 0][RAPROC][RA-RNTI 010b] Got BI RAR subPDU 5 ms
[0m[NR_MAC] [UE 0][RAPROC][RA-RNTI 010b] Got RAPID RAR subPDU
[0m[32m[NR_MAC] [UE 0][RAPROC][438.10] Found RAR with the intended RAPID 6
[0m[32m[NR_MAC] [RAPROC][438.18] RA-Msg3 transmitted
[0m[NR_MAC] [RAPROC][439.18] RA-Msg3 retransmitted
[0m[NR_MAC] [RAPROC][440.18] RA-Msg3 retransmitted
[0m[NR_MAC] [RAPROC][441.18] RA-Msg3 retransmitted
[0m[93m[MAC]    [UE 0] Contention resolution failed
[0m[93m[NR_RRC] [UE 0] Timer T300 expired! No timely response to RRCSetupRequest
[0m[MAC]    Initialization of 4-Step CBRA procedure
[0m[NR_MAC] PRACH scheduler: Selected RO Frame 478, Slot 19, Symbol 0, Fdm 0
[0m[PHY]    PRACH [UE 0] in frame.slot 478.19, placing PRACH in position 740, Msg1/MsgA-Preamble frequency start 0 (k1 0), preamble_offset 41, first_nonzero_root_idx 0, preambleIndex = 41
[0m[PHY]    [UE 0] RAR-Msg2 decoded
[0m[NR_MAC] [UE 0][RAPROC][RA-RNTI 010b] Got BI RAR subPDU 5 ms
[0m[NR_MAC] [UE 0][RAPROC][RA-RNTI 010b] Got RAPID RAR subPDU
[0m[32m[NR_MAC] [UE 0][RAPROC][479.10] Found RAR with the intended RAPID 41
[0m[93m[MAC]    received TA command 31
[0m[32m[NR_MAC] [RAPROC][479.18] RA-Msg3 transmitted
[0m[NR_MAC] [RAPROC][480.18] RA-Msg3 retransmitted
[0m[NR_MAC] [RAPROC][481.18] RA-Msg3 retransmitted
[0m[NR_MAC] [RAPROC][482.18] RA-Msg3 retransmitted
[0m[93m[MAC]    [UE 0] Contention resolution failed
[0m[NR_MAC] PRACH scheduler: Selected RO Frame 489, Slot 19, Symbol 0, Fdm 0
[0m[PHY]    PRACH [UE 0] in frame.slot 489.19, placing PRACH in position 740, Msg1/MsgA-Preamble frequency start 0 (k1 0), preamble_offset 36, first_nonzero_root_idx 0, preambleIndex = 36
[0m[PHY]    [UE 0] RAR-Msg2 decoded
[0m[NR_MAC] [UE 0][RAPROC][RA-RNTI 010b] Got BI RAR subPDU 5 ms
[0m[NR_MAC] [UE 0][RAPROC][RA-RNTI 010b] Got RAPID RAR subPDU
[0m[32m[NR_MAC] [UE 0][RAPROC][490.10] Found RAR with the intended RAPID 36
[0m[32m[NR_MAC] [RAPROC][490.18] RA-Msg3 transmitted
[0m[NR_MAC] [RAPROC][491.18] RA-Msg3 retransmitted
[0m[NR_MAC] [RAPROC][492.18] RA-Msg3 retransmitted
[0m[NR_MAC] [RAPROC][493.18] RA-Msg3 retransmitted
[0m[93m[MAC]    [UE 0] Contention resolution failed
[0m[NR_MAC] PRACH scheduler: Selected RO Frame 500, Slot 19, Symbol 0, Fdm 0
[0m[PHY]    PRACH [UE 0] in frame.slot 500.19, placing PRACH in position 740, Msg1/MsgA-Preamble frequency start 0 (k1 0), preamble_offset 31, first_nonzero_root_idx 0, preambleIndex = 31
[0m[PHY]    [UE 0] RAR-Msg2 decoded
[0m[NR_MAC] [UE 0][RAPROC][RA-RNTI 010b] Got BI RAR subPDU 5 ms
[0m[NR_MAC] [UE 0][RAPROC][RA-RNTI 010b] Got RAPID RAR subPDU
[0m[32m[NR_MAC] [UE 0][RAPROC][501.10] Found RAR with the intended RAPID 31
[0m[32m[NR_MAC] [RAPROC][501.18] RA-Msg3 transmitted
[0m[NR_MAC] [RAPROC][502.18] RA-Msg3 retransmitted
[0m[NR_MAC] [RAPROC][503.18] RA-Msg3 retransmitted
[0m[NR_MAC] [RAPROC][504.18] RA-Msg3 retransmitted
[0m[93m[MAC]    [UE 0] Contention resolution failed
[0m[NR_MAC] PRACH scheduler: Selected RO Frame 511, Slot 19, Symbol 0, Fdm 0
[0m[PHY]    PRACH [UE 0] in frame.slot 511.19, placing PRACH in position 740, Msg1/MsgA-Preamble frequency start 0 (k1 0), preamble_offset 50, first_nonzero_root_idx 0, preambleIndex = 50
[0m[PHY]    [UE 0] RAR-Msg2 decoded
[0m[NR_MAC] [UE 0][RAPROC][RA-RNTI 010b] Got BI RAR subPDU 5 ms
[0m[NR_MAC] [UE 0][RAPROC][RA-RNTI 010b] Got RAPID RAR subPDU
[0m[32m[NR_MAC] [UE 0][RAPROC][512.10] Found RAR with the intended RAPID 50
[0m[32m[NR_MAC] [RAPROC][512.18] RA-Msg3 transmitted
[0m[NR_MAC] [RAPROC][513.18] RA-Msg3 retransmitted
[0m[NR_MAC] [RAPROC][514.18] RA-Msg3 retransmitted
[0m[NR_MAC] [RAPROC][515.18] RA-Msg3 retransmitted
[0m[93m[MAC]    [UE 0] Contention resolution failed
[0m[NR_MAC] PRACH scheduler: Selected RO Frame 522, Slot 19, Symbol 0, Fdm 0
[0m[PHY]    PRACH [UE 0] in frame.slot 522.19, placing PRACH in position 740, Msg1/MsgA-Preamble frequency start 0 (k1 0), preamble_offset 6, first_nonzero_root_idx 0, preambleIndex = 6
[0m[PHY]    [UE 0] RAR-Msg2 decoded
[0m[NR_MAC] [UE 0][RAPROC][RA-RNTI 010b] Got BI RAR subPDU 5 ms
[0m[NR_MAC] [UE 0][RAPROC][RA-RNTI 010b] Got RAPID RAR subPDU
[0m[32m[NR_MAC] [UE 0][RAPROC][523.10] Found RAR with the intended RAPID 6
[0m[32m[NR_MAC] [RAPROC][523.18] RA-Msg3 transmitted
[0m[NR_MAC] [RAPROC][524.18] RA-Msg3 retransmitted
[0m[NR_MAC] [RAPROC][525.18] RA-Msg3 retransmitted
[0m[NR_MAC] [RAPROC][526.18] RA-Msg3 retransmitted
[0m[93m[MAC]    [UE 0] Contention resolution failed
[0m[NR_MAC] PRACH scheduler: Selected RO Frame 533, Slot 19, Symbol 0, Fdm 0
[0m[PHY]    PRACH [UE 0] in frame.slot 533.19, placing PRACH in position 740, Msg1/MsgA-Preamble frequency start 0 (k1 0), preamble_offset 48, first_nonzero_root_idx 0, preambleIndex = 48
[0m[PHY]    [UE 0] RAR-Msg2 decoded
[0m[NR_MAC] [UE 0][RAPROC][RA-RNTI 010b] Got BI RAR subPDU 5 ms
[0m[NR_MAC] [UE 0][RAPROC][RA-RNTI 010b] Got RAPID RAR subPDU
[0m[32m[NR_MAC] [UE 0][RAPROC][534.10] Found RAR with the intended RAPID 48
[0m[32m[NR_MAC] [RAPROC][534.18] RA-Msg3 transmitted
[0m[NR_MAC] [RAPROC][535.18] RA-Msg3 retransmitted
[0m[NR_MAC] [RAPROC][536.18] RA-Msg3 retransmitted
[0m[NR_MAC] [RAPROC][537.18] RA-Msg3 retransmitted
[0m[93m[MAC]    [UE 0] Contention resolution failed
[0m[NR_MAC] PRACH scheduler: Selected RO Frame 544, Slot 19, Symbol 0, Fdm 0
[0m[PHY]    PRACH [UE 0] in frame.slot 544.19, placing PRACH in position 740, Msg1/MsgA-Preamble frequency start 0 (k1 0), preamble_offset 34, first_nonzero_root_idx 0, preambleIndex = 34
[0m[PHY]    [UE 0] RAR-Msg2 decoded
[0m[NR_MAC] [UE 0][RAPROC][RA-RNTI 010b] Got BI RAR subPDU 5 ms
[0m[NR_MAC] [UE 0][RAPROC][RA-RNTI 010b] Got RAPID RAR subPDU
[0m[32m[NR_MAC] [UE 0][RAPROC][545.10] Found RAR with the intended RAPID 34
[0m[32m[NR_MAC] [RAPROC][545.18] RA-Msg3 transmitted
[0m[NR_MAC] [RAPROC][546.18] RA-Msg3 retransmitted
[0m[NR_MAC] [RAPROC][547.18] RA-Msg3 retransmitted
[0m[NR_MAC] [RAPROC][548.18] RA-Msg3 retransmitted
[0m[93m[MAC]    [UE 0] Contention resolution failed
[0m[NR_MAC] PRACH scheduler: Selected RO Frame 555, Slot 19, Symbol 0, Fdm 0
[0m[PHY]    PRACH [UE 0] in frame.slot 555.19, placing PRACH in position 740, Msg1/MsgA-Preamble frequency start 0 (k1 0), preamble_offset 4, first_nonzero_root_idx 0, preambleIndex = 4
[0m[PHY]    [UE 0] RAR-Msg2 decoded
[0m[NR_MAC] [UE 0][RAPROC][RA-RNTI 010b] Got BI RAR subPDU 5 ms
[0m[NR_MAC] [UE 0][RAPROC][RA-RNTI 010b] Got RAPID RAR subPDU
[0m[32m[NR_MAC] [UE 0][RAPROC][556.10] Found RAR with the intended RAPID 4
[0m[32m[NR_MAC] [RAPROC][556.18] RA-Msg3 transmitted
[0m[NR_MAC] [RAPROC][557.18] RA-Msg3 retransmitted
[0m[NR_MAC] [RAPROC][558.18] RA-Msg3 retransmitted
[0m[NR_MAC] [RAPROC][559.18] RA-Msg3 retransmitted
[0m[93m[MAC]    [UE 0] Contention resolution failed
[0m[NR_MAC] PRACH scheduler: Selected RO Frame 566, Slot 19, Symbol 0, Fdm 0
[0m[PHY]    PRACH [UE 0] in frame.slot 566.19, placing PRACH in position 740, Msg1/MsgA-Preamble frequency start 0 (k1 0), preamble_offset 32, first_nonzero_root_idx 0, preambleIndex = 32
[0m[PHY]    [UE 0] RAR-Msg2 decoded
[0m[NR_MAC] [UE 0][RAPROC][RA-RNTI 010b] Got BI RAR subPDU 5 ms
[0m[NR_MAC] [UE 0][RAPROC][RA-RNTI 010b] Got RAPID RAR subPDU
[0m[32m[NR_MAC] [UE 0][RAPROC][567.10] Found RAR with the intended RAPID 32
[0m[32m[NR_MAC] [RAPROC][567.18] RA-Msg3 transmitted
[0m[NR_MAC] [RAPROC][568.18] RA-Msg3 retransmitted
[0m[NR_MAC] [RAPROC][569.18] RA-Msg3 retransmitted
[0m[NR_MAC] [RAPROC][570.18] RA-Msg3 retransmitted
[0m[93m[MAC]    [UE 0] Contention resolution failed
[0m[NR_MAC] PRACH scheduler: Selected RO Frame 577, Slot 19, Symbol 0, Fdm 0
[0m[PHY]    PRACH [UE 0] in frame.slot 577.19, placing PRACH in position 740, Msg1/MsgA-Preamble frequency start 0 (k1 0), preamble_offset 7, first_nonzero_root_idx 0, preambleIndex = 7
[0m[PHY]    [UE 0] RAR-Msg2 decoded
[0m[NR_MAC] [UE 0][RAPROC][RA-RNTI 010b] Got BI RAR subPDU 5 ms
[0m[NR_MAC] [UE 0][RAPROC][RA-RNTI 010b] Got RAPID RAR subPDU
[0m[32m[NR_MAC] [UE 0][RAPROC][578.10] Found RAR with the intended RAPID 7
[0m[32m[NR_MAC] [RAPROC][578.18] RA-Msg3 transmitted
[0m[NR_MAC] [RAPROC][579.18] RA-Msg3 retransmitted
[0m[NR_MAC] [RAPROC][580.18] RA-Msg3 retransmitted
[0m[NR_MAC] [RAPROC][581.18] RA-Msg3 retransmitted
[0m[93m[MAC]    [UE 0] Contention resolution failed
[0m[NR_MAC] PRACH scheduler: Selected RO Frame 588, Slot 19, Symbol 0, Fdm 0
[0m[PHY]    PRACH [UE 0] in frame.slot 588.19, placing PRACH in position 740, Msg1/MsgA-Preamble frequency start 0 (k1 0), preamble_offset 58, first_nonzero_root_idx 0, preambleIndex = 58
[0m[PHY]    [UE 0] RAR-Msg2 decoded
[0m[NR_MAC] [UE 0][RAPROC][RA-RNTI 010b] Got BI RAR subPDU 5 ms
[0m[NR_MAC] [UE 0][RAPROC][RA-RNTI 010b] Got RAPID RAR subPDU
[0m[32m[NR_MAC] [UE 0][RAPROC][589.10] Found RAR with the intended RAPID 58
[0m[32m[NR_MAC] [RAPROC][589.18] RA-Msg3 transmitted
[0m[NR_MAC] [RAPROC][590.18] RA-Msg3 retransmitted
[0m[NR_MAC] [RAPROC][591.18] RA-Msg3 retransmitted
[0m[NR_MAC] [RAPROC][592.18] RA-Msg3 retransmitted
[0m[93m[MAC]    [UE 0] Contention resolution failed
[0m[NR_MAC] PRACH scheduler: Selected RO Frame 599, Slot 19, Symbol 0, Fdm 0
[0m[PHY]    PRACH [UE 0] in frame.slot 599.19, placing PRACH in position 740, Msg1/MsgA-Preamble frequency start 0 (k1 0), preamble_offset 7, first_nonzero_root_idx 0, preambleIndex = 7
[0m[PHY]    [UE 0] RAR-Msg2 decoded
[0m[NR_MAC] [UE 0][RAPROC][RA-RNTI 010b] Got BI RAR subPDU 5 ms
[0m[NR_MAC] [UE 0][RAPROC][RA-RNTI 010b] Got RAPID RAR subPDU
[0m[32m[NR_MAC] [UE 0][RAPROC][600.10] Found RAR with the intended RAPID 7
[0m[32m[NR_MAC] [RAPROC][600.18] RA-Msg3 transmitted
[0m[NR_MAC] [RAPROC][601.18] RA-Msg3 retransmitted
[0m[NR_MAC] [RAPROC][602.18] RA-Msg3 retransmitted
[0m[NR_MAC] [RAPROC][603.18] RA-Msg3 retransmitted
[0m[93m[MAC]    [UE 0] Contention resolution failed
[0m[NR_MAC] PRACH scheduler: Selected RO Frame 610, Slot 19, Symbol 0, Fdm 0
[0m[PHY]    PRACH [UE 0] in frame.slot 610.19, placing PRACH in position 740, Msg1/MsgA-Preamble frequency start 0 (k1 0), preamble_offset 11, first_nonzero_root_idx 0, preambleIndex = 11
[0m