Logging terminal output to /home/jesse/oran_lab/logs/run_ue/run_ue_20260531_160110_pid1600385.log
UE cores: 20,21,22,23
UE sample advance: 0
VRTSIM shared memory is ready; starting UE without waiting for non-zero DL samples.
CMDLINE: "./nr-uesoftmodem" "-O" "/home/jesse/oran_lab/ue_test.conf" "-C" "4049760000" "-r" "24" "--numerology" "1" "--band" "77" "--ssb" "24" "-A" "0" "--device.name" "vrtsim" "--vrtsim.role" "client" "--ue-nb-ant-tx" "1" "--ue-nb-ant-rx" "1" "--vrtsim.chanmod" "1" "--vrtsim.rx-target-snr-db" "20" 
[UTIL]   running in SA mode (no --phy-test, --do-ra, --nsa option present)
[0m[UTIL]   threadCreate() for Tpool0_-1: creating thread with affinity ffffffff, priority 97
[0m[UTIL]   threadCreate() for Tpool1_-1: creating thread with affinity ffffffff, priority 97
[0m[UTIL]   threadCreate() for Tpool2_-1: creating thread with affinity ffffffff, priority 97
[0m[UTIL]   threadCreate() for Tpool3_-1: creating thread with affinity ffffffff, priority 97
[0m[UTIL]   threadCreate() for Tpool4_-1: creating thread with affinity ffffffff, priority 97
[0m[UTIL]   threadCreate() for Tpool5_-1: creating thread with affinity ffffffff, priority 97
[0m[UTIL]   threadCreate() for Tpool6_-1: creating thread with affinity ffffffff, priority 97
[0m[UTIL]   threadCreate() for Tpool7_-1: creating thread with affinity ffffffff, priority 97
[0m[UTIL]   threadCreate() for Tpool8_-1: creating thread with affinity ffffffff, priority 97
[0m[UTIL]   threadCreate() for Tpool9_-1: creating thread with affinity ffffffff, priority 97
[0m[UTIL]   threadCreate() for Tpool10_-1: creating thread with affinity ffffffff, priority 97
[0m[UTIL]   threadCreate() for Tpool11_-1: creating thread with affinity ffffffff, priority 97
[0m[OPT]    OPT disabled
[0m[HW]     Version: Branch: compression-plus-timing-fix Abrev. Hash: 3b10464162 Date: Tue May 26 09:32:18 2026 -0700
[0m[NR_RRC] create TASK_RRC_NRUE 
[0m[UTIL]   threadCreate() for TASK_RRC_NRUE: creating thread with affinity ffffffff, priority 50
[0m[UTIL]   threadCreate() for TASK_NAS_NRUE: creating thread with affinity ffffffff, priority 50
[0m[SIM]    UICC simulation: IMSI=2089900007487, IMEISV=6754567890123413, Ki=fec86ba6eb707ed08905757b1bb44b8f, OPc=C42449363BBAD02B66D16BC975D77CC1
[0m[SIM]    overriding potential uicc0.dnn/nssai_sst/nssai_sd from uicc0.pdu_sessions
[0m[SIM]    will request PDU session ID 1, type 1, DNN oai, NSSAI 1.ffffff
[0m[NR_MAC] [UE0] Initializing MAC
[0m[NR_MAC] Initializing dl and ul config_request. num_slots = 20
[0m[RLC]    Activated srb0 for UE 0
[0m[UTIL]   threadCreate() for time source realtime: creating thread with affinity ffffffff, priority 2
[0m[UTIL]   time manager configuration: [time source: reatime] [mode: standalone] [server IP: 127.0.0.1} [server port: 7374] (server IP/port not used)
[0m[PHY]    Set UE nb_rx_antenna 1, nb_tx_antenna 1, threequarter_fs 0, ofdm_offset_divisor 8
[0m[PHY]    SA init parameters. DL freq 4049760000 UL offset 0 SSB numerology 1 N_RB_DL 24
[0m[PHY]    Init: N_RB_DL 24, first_carrier_offset 368, nb_prefix_samples 36,nb_prefix_samples0 44, ofdm_symbol_size 512
[0m[93m[PHY]    samples_per_subframe 15360/per second 15360000, wCP 14336
[0m[PHY]    Set UE_fo_compensation 0, UE_scan_carrier 0, UE_no_timing_correction 0 
, chest-freq 0, chest-time 0
[0m[UTIL]   threadCreate() for SYNC__actor: creating thread with affinity ffffffff, priority 97
[0m[UTIL]   threadCreate() for DL__actor: creating thread with affinity ffffffff, priority 97
[0m[UTIL]   threadCreate() for DL__actor: creating thread with affinity ffffffff, priority 97
[0m[UTIL]   threadCreate() for DL__actor: creating thread with affinity ffffffff, priority 97
[0m[UTIL]   threadCreate() for DL__actor: creating thread with affinity ffffffff, priority 97
[0m[UTIL]   threadCreate() for UL__actor: creating thread with affinity ffffffff, priority 97
[0m[UTIL]   threadCreate() for UL__actor: creating thread with affinity ffffffff, priority 97
[0m[PHY]    Initializing UE vars for gNB TXant 1, UE RXant 1
[0m[PHY]    prs_config configuration NOT found..!! Skipped configuring UE for the PRS reception
[0m[PHY]    HW: Configuring ru_id 0, sample_rate 15360000.000000, tx/rx num_channels 1/1, duplex_mode TDD
[0m[PHY]    HW: Configuring channel 0 (rf_chain 0): setting tx_freq 4049760000 Hz, rx_freq 4049760000 Hz, tune_offset 0
[0m[PHY]    HW: Configuring channel 0 (rf_chain 0): setting tx_gain 0, rx_gain 110
[0m[UTIL]   threadCreate() for ru_start_thread: creating thread with affinity ffffffff, priority 97
[0m[HW]     VRTSIM: TX sample advance 4096 samples
[0m[HW]     Running as client: will connect to a vrtsim server
[0m[32m[HW]     VRTSIM: RX-SNR AGC enabled, target 20 dB (UL/client_tx); noise pool = unit variance
[0m[32m[HW]     VRTSIM: Noise power 1 sample value
[0m[HW]     [RAU] has loaded RFSIMULATOR device.
[0m[HW]     VRTSIM: UE 0/1 - 1x1 antennas, UL offset=0, DL offset=0
[0m[HW]     VRTSIM: client RX aligned to frame boundary current_sample=119172712 aligned_sample=119193600 samples_per_frame=153600
[0m[UTIL]   threadCreate() for chanmod_actor: creating thread with affinity 1c, priority 97
[0m[OCM]    Channel Model (inside of new_channel_desc_scm)=23

[0m[OCM]    [CHANNEL] Getting new channel descriptor, nb_tx 1, nb_rx 1, nb_taps 1, channel_length 1
[0m[OCM]    Model server_tx_channel_model type AWGN allocated from config file, list vrtsim_sweep_list
[0m[OCM]    Channel Model (inside of new_channel_desc_scm)=23

[0m[OCM]    [CHANNEL] Getting new channel descriptor, nb_tx 1, nb_rx 1, nb_taps 1, channel_length 1
[0m[OCM]    Model client_tx_channel_model type AWGN allocated from config file, list vrtsim_sweep_list
[0m[HW]     Channel model client_tx_channel_model parameters: path_loss_dB=0.00, nb_tx=1, nb_rx=1, channel_length=1
[0m[PHY]    Intializing UE Threads for instance 0 ...
[0m[UTIL]   threadCreate() for UEthread_0: creating thread with affinity ffffffff, priority 97
[0m[UTIL]   threadCreate() for L1_UE_stats_0: creating thread with affinity ffffffff, priority 1
[0m[93m[PHY]    SSB position provided
[0m[93m[NR_PHY] Starting sync detection
[0m[PHY]    [UE thread Synch] Running Initial Synch 
[0m[NR_PHY] Starting cell search with center freq: 4049760000, bandwidth: 24. Scanning for 1 number of GSCN.
[0m[NR_PHY] Scanning GSCN: 0, with SSB offset: 24, SSB Freq: 0.000000
[0m[32m[PHY]    Initial sync: pbch decoded sucessfully, ssb index 0
[0m[PHY]    pbch rx ok. rsrp:74 dB/RE, adjust_rxgain:-24 dB
[0m[NR_PHY] Cell Detected with GSCN: 0, SSB SC offset: 24, SSB Ref: 0.000000, PSS Corr peak: 117 dB, PSS Corr Average: 80
[0m[PHY]    [UE0] In synch, rx_offset 94984 samples
[0m[PHY]    [UE 0] Measured Carrier Frequency offset 3 Hz
[0m[32m[PHY]    Initial sync successful, PCI: 0
[0m[PHY]    HW: Configuring channel 0 (rf_chain 0): setting tx_freq 4049760003 Hz, rx_freq 4049760003 Hz, tune_offset 0
[0m[PHY]    Got synch: hw_slot_offset 25, carrier off 3 Hz
[0m[NR_RRC] [UE 0] BCCH update: phyCellID 0->0, arfcn_ssb 0->669984
[0m[32m[PHY]    UE synchronized! decoded_frame_rx=232 UE->init_sync_frame=0 trashed_frames=2
[0m[PHY]    Resynchronizing RX by 94984 samples
[0m[HW]     received write reorder clear context
[0m[PHY]    max_pos_acc = 0, shiftForNextFrame = 0
[0m[32m[NR_RRC] SIB1 decoded
[0m[NR_MAC] [UE 0] Initial cell selection: dl_frequency=4045440 kHz (from command-line, band=77, scs=1)
[0m[NR_MAC] Initial cell selection: uplink_frequency=4045440 kHz (from dl_frequency=4045440 kHz)
[0m[NR_MAC] TDD period index = 5, based on the sum of dl_UL_TransmissionPeriodicity from Pattern1 (2.500000 ms) and Pattern2 (0.000000 ms): Total = 2.500000 ms
[0m[NR_MAC] Set TDD configuration period to: 2 DL slots, 4 UL slots, 5 slots per period (NR_TDD_UL_DL_Pattern is 1 DL slots, 3 UL slots, 6 DL symbols, 4 UL symbols)
[0m[NR_MAC] Configured 1 TDD patterns (total slots: pattern1 = 5, pattern2 = 0)
[0m[PHY]    N_TA_offset changed from 0 to 200
[0m[MAC]    Initialization of 4-Step CBRA procedure
[0m[NR_MAC] PRACH scheduler: Selected RO Frame 236, Slot 19, Symbol 0, Fdm 0
[0m[PHY]    PRACH [UE 0] in frame.slot 236.19, placing PRACH in position 740, Msg1/MsgA-Preamble frequency start 0 (k1 0), preamble_offset 18, first_nonzero_root_idx 0, preambleIndex = 18
[0m[HW]     VRTSIM RX SNR (time-domain, UL client_tx): 20.00 dB (target 20 dB)
[0m[PHY]    [UE 0] RAR-Msg2 decoded
[0m[NR_MAC] [UE 0][RAPROC][RA-RNTI 010b] Got BI RAR subPDU 5 ms
[0m[NR_MAC] [UE 0][RAPROC][RA-RNTI 010b] Got RAPID RAR subPDU
[0m[32m[NR_MAC] [UE 0][RAPROC][237.10] Found RAR with the intended RAPID 18
[0m[93m[MAC]    received TA command 31
[0m[32m[NR_MAC] [RAPROC][237.18] RA-Msg3 transmitted
[0m[32m[NR_MAC] [UE 0][238.10][RAPROC] 4-Step RA procedure succeeded. CBRA: Contention Resolution is successful.
[0m[NR_RRC] [UE0][RAPROC] Logical Channel DL-CCCH (SRB0), Received NR_RRCSetup
[0m[RLC]    Added srb 1 to UE 0
[0m[NR_RRC] State = NR_RRC_CONNECTED
[0m[NAS]    Generate Initial NAS Message: Registration Request
[0m[NR_RRC] [UE 0][RAPROC] Logical Channel UL-DCCH (SRB1), Generating RRCSetupComplete (bytes32)
[0m[NAS]    [UE 0] Received NR_NAS_CONN_ESTABLISH_IND: asCause 0
[0m[MAC]    [UE 0] Applying CellGroupConfig from gNodeB
[0m[NAS]    [UE 0] Received NAS_DOWNLINK_DATA_IND type FGS_AUTHENTICATION_REQUEST with length 42
[0m[NAS]    [UE 0] Received NAS_DOWNLINK_DATA_IND type FGS_SECURITY_MODE_COMMAND with length 21
[0m[NAS]    Generate Initial NAS Message: Registration Request
[0m[NR_RRC] Received securityModeCommand (gNB 0)
[0m[NR_RRC] Receiving from SRB1 (DL-DCCH), Processing securityModeCommand
[0m[NR_RRC] Security algorithm is set to nea0
[0m[NR_RRC] Integrity protection algorithm is set to nia2
[0m[NR_RRC] Receiving from SRB1 (DL-DCCH), encoding securityModeComplete, rrc_TransactionIdentifier: 0
[0m[NR_RRC] Received Capability Enquiry (gNB 0)
[0m[NR_RRC] Receiving from SRB1 (DL-DCCH), Processing UECapabilityEnquiry
[0m[CONFIG] function config_libconfig_init returned 0
Initializing random number generator, seed 15394434751388987746
Initializing random number generator, seed 6819727622717069237
Waiting for server to create shared memory segment
AWGN: ricean_factor 0.000000
AWGN: ricean_factor 0.000000
UE threads created by 1600393
TYPE <CTRL-C> TO TERMINATE
kausf:2c d2 0 26 9d 30 c4 d6 14 21 52 d a9 d8 59 d3 8c 4 3d 20 dd 86 5e c7 71 5e 1c b7 d0 7a f3 d2 
kseaf:58 5d e4 d7 f4 cd 39 21 e3 fc d f0 ab 21 21 d 6e 1a b0 5b e1 29 fa 20 ab 61 4c 1 ac df 2f 32 
kamf:d0 4c 98 45 41 23 25 6e 75 4b a4 b6 41 d2 f1 2a 45 ad 17 9a cc f1 66 8 f da 94 2f b9 8 af b3 
knas_int: aa 41 b 61 82 86 a3 e8 9b bf 3 d1 67 47 0 68 
knas_enc: 0 de 65 13 d2 58 c8 26 9 bb f2 bb bf 61 11 31 
mac 24 52 9b 44 
[NR_RRC] deriving kRRCenc, kRRCint from KgNB=77 d4 32 12 ad b4 ad 2f ca 06 0f 57 6d da 1b a5 64 3b fa a2 a5 43 f9 80 68 28 10 d4 1e c6 2a 4b [0m
[NR_RRC] securityModeComplete payload: 28 00 00 00 00 00 00 00 60 12 00 a4 e9 72 00 00 [0m
<UE-NR-Capability>
    <accessStratumRelease><rel15/></accessStratumRelease>
    <pdcp-Parameters>
        <supportedROHC-Profiles>
            <profile0x0000><false/></profile0x0000>
            <profile0x0001><false/></profile0x0001>
            <profile0x0002><false/></profile0x0002>
            <profile0x0003><false/></profile0x0003>
            <profile0x0004><false/></profile0x0004>
            <profile0x0006><false/></profile0x0006>
            <profile0x0101><false/></profile0x0101>
            <profile0x0102><false/></profile0x0102>
            <profile0x0103><false/></profile0x0103>
            <profile0x0104><false/></profile0x0104>
        </supportedROHC-Profiles>
        <maxNumberROHC-ContextSessions><cs2/></maxNumberROHC-ContextSessions>
    </pdcp-Parameters>
    <phy-Parameters>
    </phy-Parameters>
    <rf-Parameters>
        <supportedBandListNR>
            <BandNR>
                <bandNR>1</bandNR>
            </BandNR>
        </supportedBandListNR>
    </rf-Parameters>
</UE-NR-Capability>
[PHY]    [RRC]UE NR Capability encoded, 10 bytes (86 bits)
[0m[NR_RRC] UECapabilityInformation Encoded 106 bits (14 bytes)
[0m[NAS]    [UE 0] Received NAS_DOWNLINK_DATA_IND type FGS_REGISTRATION_ACCEPT with length 53
[0m[NAS]    Received Registration Accept with result 3GPP
[0m[NAS]    SMS not allowed in 5GS Registration Result
[0m[NR_RRC] 5G-GUTI: AMF pointer 1, AMF Set ID 1, 5G-TMSI 1515319162 
[0m[NAS]    Send NAS_UPLINK_DATA_REQ message(RegistrationComplete)
[0m[NAS]    requested PDU session ID 1 type 1 NSSAI 1.16777215 DNN oai
[0m[NAS]    Send NAS_UPLINK_DATA_REQ message(PduSessionEstablishRequest)
[0m[RLC]    Added srb 2 to UE 0
[0m[RLC]    Added drb 1 to UE 0
[0m[RLC]    Added DRB to UE 0
[0m[NR_RRC] RRCReconfiguration includes radio Bearer Configuration
[0m[MAC]    [UE 0] Applying CellGroupConfig from gNodeB
[0m[SDAP]   Default DRB for the created SDAP entity: DRB 1 
[0m[PDCP]   Added DRB 1 to UE ID 0
[0m[NR_RRC] State = NR_RRC_CONNECTED
[0m[NR_RRC] RRCReconfiguration includes Measurement Configuration
[0m[93m[NR_RRC] Measurement gaps not yet supported!
[0m[NR_RRC] rrcReconfigurationComplete Encoded 10 bits (2 bytes)
[0m[NR_RRC]  Logical Channel UL-DCCH (SRB1), Generating RRCReconfigurationComplete (bytes 2)
[0m[NAS]    [UE 0] Received NAS_CONN_ESTABLI_CNF: errCode 1, length 98
[0m[NAS]    Received PDU Session Establishment Accept, UE IPv4: 10.0.0.143
[0m[32m[OIP]    TUN Interface oaitun_ue1 successfully configured, IPv4 10.0.0.143, IPv6 (null)
[0m[93m[NR_RRC] (active_cell_rsrp) -122 + (rsrp_hysteresis) 0 < (rsrp_threshold) -97
[0m[UTIL]   threadCreate() for ue_tun_read_0_p1: creating thread with affinity ffffffff, priority 1
[0m[NR_MAC] UE 0 RNTI a43e stats sfn: 256.2, cumulated bad DCI 0
    DL harq: 19/0
    UL harq: 20/0 avg code rate 0.1, avg bit/symbol 2.0, avg per TB: (nb RBs 16.0, nb symbols 12.5)
[0m[NR_RRC] MeasurementReport Encoded 53 bits (7 bytes)
[0m[NR_RRC] MeasurementReport Encoded 53 bits (7 bytes)
[0m[NR_RRC] MeasurementReport Encoded 53 bits (7 bytes)
[0m[NR_MAC] UE 0 RNTI a43e stats sfn: 384.2, cumulated bad DCI 0
    DL harq: 24/0
    UL harq: 41/0 avg code rate 0.1, avg bit/symbol 2.0, avg per TB: (nb RBs 16.0, nb symbols 12.8)
[0m[NR_RRC] MeasurementReport Encoded 53 bits (7 bytes)
[0m[NR_MAC] UE 0 RNTI a43e stats sfn: 512.2, cumulated bad DCI 0
    DL harq: 26/0
    UL harq: 56/0 avg code rate 0.1, avg bit/symbol 2.0, avg per TB: (nb RBs 16.0, nb symbols 12.8)
[0m[NR_MAC] UE 0 RNTI a43e stats sfn: 640.2, cumulated bad DCI 0
    DL harq: 28/0
    UL harq: 69/0 avg code rate 0.1, avg bit/symbol 2.0, avg per TB: (nb RBs 16.0, nb symbols 12.9)
[0m[NR_MAC] UE 0 RNTI a43e stats sfn: 768.2, cumulated bad DCI 0
    DL harq: 30/0
    UL harq: 84/0 avg code rate 0.1, avg bit/symbol 2.0, avg per TB: (nb RBs 16.0, nb symbols 12.9)
[0m[NR_MAC] UE 0 RNTI a43e stats sfn: 896.2, cumulated bad DCI 0
    DL harq: 31/0
    UL harq: 97/0 avg code rate 0.1, avg bit/symbol 2.0, avg per TB: (nb RBs 16.0, nb symbols 12.9)
[0m[NR_MAC] UE 0 RNTI a43e stats sfn: 0.2, cumulated bad DCI 0
    DL harq: 36/0
    UL harq: 117/0 avg code rate 0.1, avg bit/symbol 2.0, avg per TB: (nb RBs 16.0, nb symbols 12.9)
[0m[HW]     VRTSIM RX SNR (time-domain, UL client_tx): 20.00 dB (target 20 dB)
[0m[NR_MAC] UE 0 RNTI a43e stats sfn: 128.2, cumulated bad DCI 0
    DL harq: 67/0
    UL harq: 613/0 avg code rate 0.4, avg bit/symbol 2.6, avg per TB: (nb RBs 16.8, nb symbols 13.0)
[0m[HW]     VRTSIM RX SNR (time-domain, UL client_tx): 20.00 dB (target 20 dB)
[0m[NR_MAC] UE 0 RNTI a43e stats sfn: 256.2, cumulated bad DCI 0
    DL harq: 86/0
    UL harq: 1125/0 avg code rate 0.6, avg bit/symbol 4.4, avg per TB: (nb RBs 16.9, nb symbols 13.0)
[0m[NR_MAC] UE 0 RNTI a43e stats sfn: 384.2, cumulated bad DCI 0
    DL harq: 106/0
    UL harq: 1637/0 avg code rate 0.8, avg bit/symbol 5.2, avg per TB: (nb RBs 16.9, nb symbols 13.0)
[0m[HW]     VRTSIM RX SNR (time-domain, UL client_tx): 20.00 dB (target 20 dB)
[0m[NR_MAC] UE 0 RNTI a43e stats sfn: 512.2, cumulated bad DCI 0
    DL harq: 128/0
    UL harq: 2149/0 avg code rate 0.8, avg bit/symbol 5.4, avg per TB: (nb RBs 16.9, nb symbols 13.0)
[0m[HW]     VRTSIM RX SNR (time-domain, UL client_tx): 20.00 dB (target 20 dB)
[0m[NR_MAC] UE 0 RNTI a43e stats sfn: 640.2, cumulated bad DCI 0
    DL harq: 149/0
    UL harq: 2661/0 avg code rate 0.9, avg bit/symbol 5.6, avg per TB: (nb RBs 17.0, nb symbols 13.0)
[0m[HW]     VRTSIM RX SNR (time-domain, UL client_tx): 20.00 dB (target 20 dB)
[0m[NR_MAC] UE 0 RNTI a43e stats sfn: 768.2, cumulated bad DCI 0
    DL harq: 171/0
    UL harq: 3173/0 avg code rate 0.9, avg bit/symbol 5.7, avg per TB: (nb RBs 17.0, nb symbols 13.0)
[0m[HW]     VRTSIM RX SNR (time-domain, UL client_tx): 20.00 dB (target 20 dB)
[0m[NR_MAC] UE 0 RNTI a43e stats sfn: 896.2, cumulated bad DCI 0
    DL harq: 193/0
    UL harq: 3685/0 avg code rate 0.9, avg bit/symbol 5.7, avg per TB: (nb RBs 17.0, nb symbols 13.0)
[0m[HW]     VRTSIM RX SNR (time-domain, UL client_tx): 20.00 dB (target 20 dB)
[0m[NR_MAC] UE 0 RNTI a43e stats sfn: 0.2, cumulated bad DCI 0
    DL harq: 216/0
    UL harq: 4197/0 avg code rate 0.9, avg bit/symbol 5.8, avg per TB: (nb RBs 17.0, nb symbols 13.0)
[0m[NR_MAC] UE 0 RNTI a43e stats sfn: 128.2, cumulated bad DCI 0
    DL harq: 238/0
    UL harq: 4709/0 avg code rate 0.9, avg bit/symbol 5.8, avg per TB: (nb RBs 17.0, nb symbols 13.0)
[0m[HW]     VRTSIM RX SNR (time-domain, UL client_tx): 20.00 dB (target 20 dB)
[0m[NR_MAC] UE 0 RNTI a43e stats sfn: 256.2, cumulated bad DCI 0
    DL harq: 260/0
    UL harq: 5221/0 avg code rate 0.9, avg bit/symbol 5.8, avg per TB: (nb RBs 17.0, nb symbols 13.0)
[0m[HW]     VRTSIM RX SNR (time-domain, UL client_tx): 20.00 dB (target 20 dB)
[0m[NR_MAC] UE 0 RNTI a43e stats sfn: 384.2, cumulated bad DCI 0
    DL harq: 281/0
    UL harq: 5733/0 avg code rate 0.9, avg bit/symbol 5.8, avg per TB: (nb RBs 17.0, nb symbols 13.0)
[0m[HW]     VRTSIM RX SNR (time-domain, UL client_tx): 20.00 dB (target 20 dB)
[0m[NR_MAC] UE 0 RNTI a43e stats sfn: 512.2, cumulated bad DCI 0
    DL harq: 304/0
    UL harq: 6245/0 avg code rate 0.9, avg bit/symbol 5.8, avg per TB: (nb RBs 17.0, nb symbols 13.0)
[0m[HW]     VRTSIM RX SNR (time-domain, UL client_tx): 20.00 dB (target 20 dB)
[0m[NR_MAC] UE 0 RNTI a43e stats sfn: 640.2, cumulated bad DCI 0
    DL harq: 326/0
    UL harq: 6757/0 avg code rate 0.9, avg bit/symbol 5.9, avg per TB: (nb RBs 17.0, nb symbols 13.0)
[0m[NR_MAC] UE 0 RNTI a43e stats sfn: 768.2, cumulated bad DCI 0
    DL harq: 348/0
    UL harq: 7269/0 avg code rate 0.9, avg bit/symbol 5.9, avg per TB: (nb RBs 17.0, nb symbols 13.0)
[0m[HW]     VRTSIM RX SNR (time-domain, UL client_tx): 20.00 dB (target 20 dB)
[0m[NR_MAC] UE 0 RNTI a43e stats sfn: 896.2, cumulated bad DCI 0
    DL harq: 371/0
    UL harq: 7781/0 avg code rate 0.9, avg bit/symbol 5.9, avg per TB: (nb RBs 17.0, nb symbols 13.0)
[0m[HW]     VRTSIM RX SNR (time-domain, UL client_tx): 20.00 dB (target 20 dB)
[0m[NR_MAC] UE 0 RNTI a43e stats sfn: 0.2, cumulated bad DCI 0
    DL harq: 393/0
    UL harq: 8293/0 avg code rate 0.9, avg bit/symbol 5.9, avg per TB: (nb RBs 17.0, nb symbols 13.0)
[0m[HW]     VRTSIM RX SNR (time-domain, UL client_tx): 20.00 dB (target 20 dB)
[0m[NR_MAC] UE 0 RNTI a43e stats sfn: 128.2, cumulated bad DCI 0
    DL harq: 415/0
    UL harq: 8805/0 avg code rate 0.9, avg bit/symbol 5.9, avg per TB: (nb RBs 17.0, nb symbols 13.0)
[0m[HW]     VRTSIM RX SNR (time-domain, UL client_tx): 20.00 dB (target 20 dB)
[0m[NR_MAC] UE 0 RNTI a43e stats sfn: 256.2, cumulated bad DCI 0
    DL harq: 437/0
    UL harq: 9317/0 avg code rate 0.9, avg bit/symbol 5.9, avg per TB: (nb RBs 17.0, nb symbols 13.0)
[0m[NR_MAC] UE 0 RNTI a43e stats sfn: 384.2, cumulated bad DCI 0
    DL harq: 459/0
    UL harq: 9829/0 avg code rate 0.9, avg bit/symbol 5.9, avg per TB: (nb RBs 17.0, nb symbols 13.0)
[0m[HW]     VRTSIM RX SNR (time-domain, UL client_tx): 20.00 dB (target 20 dB)
[0m[NR_MAC] UE 0 RNTI a43e stats sfn: 512.2, cumulated bad DCI 0
    DL harq: 481/0
    UL harq: 10341/0 avg code rate 0.9, avg bit/symbol 5.9, avg per TB: (nb RBs 17.0, nb symbols 13.0)
[0m[HW]     VRTSIM RX SNR (time-domain, UL client_tx): 20.00 dB (target 20 dB)
[0m[NR_MAC] UE 0 RNTI a43e stats sfn: 640.2, cumulated bad DCI 0
    DL harq: 502/0
    UL harq: 10853/0 avg code rate 0.9, avg bit/symbol 5.9, avg per TB: (nb RBs 17.0, nb symbols 13.0)
[0m[HW]     VRTSIM RX SNR (time-domain, UL client_tx): 20.00 dB (target 20 dB)
[0m[NR_MAC] UE 0 RNTI a43e stats sfn: 768.2, cumulated bad DCI 0
    DL harq: 524/0
    UL harq: 11365/0 avg code rate 0.9, avg bit/symbol 5.9, avg per TB: (nb RBs 17.0, nb symbols 13.0)
[0m[HW]     VRTSIM RX SNR (time-domain, UL client_tx): 20.00 dB (target 20 dB)
[0m[NR_MAC] UE 0 RNTI a43e stats sfn: 896.2, cumulated bad DCI 0
    DL harq: 547/0
    UL harq: 11877/0 avg code rate 0.9, avg bit/symbol 5.9, avg per TB: (nb RBs 17.0, nb symbols 13.0)
[0m[NR_MAC] UE 0 RNTI a43e stats sfn: 0.2, cumulated bad DCI 0
    DL harq: 568/0
    UL harq: 12389/0 avg code rate 0.9, avg bit/symbol 5.9, avg per TB: (nb RBs 17.0, nb symbols 13.0)
[0m[HW]     VRTSIM RX SNR (time-domain, UL client_tx): 20.00 dB (target 20 dB)
[0m[NR_MAC] UE 0 RNTI a43e stats sfn: 128.2, cumulated bad DCI 0
    DL harq: 590/0
    UL harq: 12901/0 avg code rate 0.9, avg bit/symbol 5.9, avg per TB: (nb RBs 17.0, nb symbols 13.0)
[0m[HW]     VRTSIM RX SNR (time-domain, UL client_tx): 20.00 dB (target 20 dB)
[0m[NR_MAC] UE 0 RNTI a43e stats sfn: 256.2, cumulated bad DCI 0
    DL harq: 613/0
    UL harq: 13413/0 avg code rate 0.9, avg bit/symbol 5.9, avg per TB: (nb RBs 17.0, nb symbols 13.0)
[0m[HW]     VRTSIM RX SNR (time-domain, UL client_tx): 20.00 dB (target 20 dB)
[0m[NR_MAC] UE 0 RNTI a43e stats sfn: 384.2, cumulated bad DCI 0
    DL harq: 635/0
    UL harq: 13925/0 avg code rate 0.9, avg bit/symbol 5.9, avg per TB: (nb RBs 17.0, nb symbols 13.0)
[0m[HW]     VRTSIM RX SNR (time-domain, UL client_tx): 20.00 dB (target 20 dB)
[0m[NR_MAC] UE 0 RNTI a43e stats sfn: 512.2, cumulated bad DCI 0
    DL harq: 657/0
    UL harq: 14437/0 avg code rate 0.9, avg bit/symbol 5.9, avg per TB: (nb RBs 17.0, nb symbols 13.0)
[0m[HW]     VRTSIM RX SNR (time-domain, UL client_tx): 20.00 dB (target 20 dB)
[0m[NR_MAC] UE 0 RNTI a43e stats sfn: 640.2, cumulated bad DCI 0
    DL harq: 679/0
    UL harq: 14949/0 avg code rate 0.9, avg bit/symbol 5.9, avg per TB: (nb RBs 17.0, nb symbols 13.0)
[0m[NR_MAC] UE 0 RNTI a43e stats sfn: 768.2, cumulated bad DCI 0
    DL harq: 702/0
    UL harq: 15461/0 avg code rate 0.9, avg bit/symbol 5.9, avg per TB: (nb RBs 17.0, nb symbols 13.0)
[0m[HW]     VRTSIM RX SNR (time-domain, UL client_tx): 20.00 dB (target 20 dB)
[0m[NR_MAC] UE 0 RNTI a43e stats sfn: 896.2, cumulated bad DCI 0
    DL harq: 724/0
    UL harq: 15973/0 avg code rate 0.9, avg bit/symbol 5.9, avg per TB: (nb RBs 17.0, nb symbols 13.0)
[0m[HW]     VRTSIM RX SNR (time-domain, UL client_tx): 20.00 dB (target 20 dB)
[0m[NR_MAC] UE 0 RNTI a43e stats sfn: 0.2, cumulated bad DCI 0
    DL harq: 746/0
    UL harq: 16485/0 avg code rate 0.9, avg bit/symbol 5.9, avg per TB: (nb RBs 17.0, nb symbols 13.0)
[0m[HW]     VRTSIM RX SNR (time-domain, UL client_tx): 20.00 dB (target 20 dB)
[0m[NR_MAC] UE 0 RNTI a43e stats sfn: 128.2, cumulated bad DCI 0
    DL harq: 767/0
    UL harq: 16997/0 avg code rate 0.9, avg bit/symbol 5.9, avg per TB: (nb RBs 17.0, nb symbols 13.0)
[0m[HW]     VRTSIM RX SNR (time-domain, UL client_tx): 20.00 dB (target 20 dB)
[0m[NR_MAC] UE 0 RNTI a43e stats sfn: 256.2, cumulated bad DCI 0
    DL harq: 789/0
    UL harq: 17509/0 avg code rate 0.9, avg bit/symbol 5.9, avg per TB: (nb RBs 17.0, nb symbols 13.0)
[0m[NR_MAC] UE 0 RNTI a43e stats sfn: 384.2, cumulated bad DCI 0
    DL harq: 811/0
    UL harq: 18021/0 avg code rate 0.9, avg bit/symbol 6.0, avg per TB: (nb RBs 17.0, nb symbols 13.0)
[0m[HW]     VRTSIM RX SNR (time-domain, UL client_tx): 20.00 dB (target 20 dB)
[0m[NR_MAC] UE 0 RNTI a43e stats sfn: 512.2, cumulated bad DCI 0
    DL harq: 833/0
    UL harq: 18533/0 avg code rate 0.9, avg bit/symbol 6.0, avg per TB: (nb RBs 17.0, nb symbols 13.0)
[0m[HW]     VRTSIM RX SNR (time-domain, UL client_tx): 20.00 dB (target 20 dB)
[0m[NR_MAC] UE 0 RNTI a43e stats sfn: 640.2, cumulated bad DCI 0
    DL harq: 856/0
    UL harq: 19045/0 avg code rate 0.9, avg bit/symbol 6.0, avg per TB: (nb RBs 17.0, nb symbols 13.0)
[0m[HW]     VRTSIM RX SNR (time-domain, UL client_tx): 20.00 dB (target 20 dB)
[0m[NR_MAC] UE 0 RNTI a43e stats sfn: 768.2, cumulated bad DCI 0
    DL harq: 878/0
    UL harq: 19557/0 avg code rate 0.9, avg bit/symbol 6.0, avg per TB: (nb RBs 17.0, nb symbols 13.0)
[0m[HW]     VRTSIM RX SNR (time-domain, UL client_tx): 20.00 dB (target 20 dB)
[0m[NR_MAC] UE 0 RNTI a43e stats sfn: 896.2, cumulated bad DCI 0
    DL harq: 900/0
    UL harq: 20069/0 avg code rate 0.9, avg bit/symbol 6.0, avg per TB: (nb RBs 17.0, nb symbols 13.0)
[0m[NR_MAC] UE 0 RNTI a43e stats sfn: 0.2, cumulated bad DCI 0
    DL harq: 923/0
    UL harq: 20581/0 avg code rate 0.9, avg bit/symbol 6.0, avg per TB: (nb RBs 17.0, nb symbols 13.0)
[0m[HW]     VRTSIM RX SNR (time-domain, UL client_tx): 20.00 dB (target 20 dB)
[0m[NR_MAC] UE 0 RNTI a43e stats sfn: 128.2, cumulated bad DCI 0
    DL harq: 945/0
    UL harq: 21093/0 avg code rate 0.9, avg bit/symbol 6.0, avg per TB: (nb RBs 17.0, nb symbols 13.0)
[0m[HW]     VRTSIM RX SNR (time-domain, UL client_tx): 20.00 dB (target 20 dB)
[0m[NR_MAC] UE 0 RNTI a43e stats sfn: 256.2, cumulated bad DCI 0
    DL harq: 966/0
    UL harq: 21605/0 avg code rate 0.9, avg bit/symbol 6.0, avg per TB: (nb RBs 17.0, nb symbols 13.0)
[0m[HW]     VRTSIM RX SNR (time-domain, UL client_tx): 20.00 dB (target 20 dB)
[0m[NR_MAC] UE 0 RNTI a43e stats sfn: 384.2, cumulated bad DCI 0
    DL harq: 989/0
    UL harq: 22117/0 avg code rate 0.9, avg bit/symbol 6.0, avg per TB: (nb RBs 17.0, nb symbols 13.0)
[0m[HW]     VRTSIM RX SNR (time-domain, UL client_tx): 20.00 dB (target 20 dB)
[0m[NR_MAC] UE 0 RNTI a43e stats sfn: 512.2, cumulated bad DCI 0
    DL harq: 1080/0
    UL harq: 22629/0 avg code rate 0.9, avg bit/symbol 6.0, avg per TB: (nb RBs 17.0, nb symbols 13.0)
[0m[NR_MAC] UE 0 RNTI a43e stats sfn: 640.2, cumulated bad DCI 0
    DL harq: 1113/0
    UL harq: 23139/1 avg code rate 0.9, avg bit/symbol 6.0, avg per TB: (nb RBs 17.0, nb symbols 13.0)
[0m[HW]     VRTSIM RX SNR (time-domain, UL client_tx): 20.00 dB (target 20 dB)
[0m[NR_MAC] UE 0 RNTI a43e stats sfn: 768.2, cumulated bad DCI 0
    DL harq: 1147/0
    UL harq: 23651/1 avg code rate 0.9, avg bit/symbol 6.0, avg per TB: (nb RBs 17.0, nb symbols 13.0)
[0m[HW]     VRTSIM RX SNR (time-domain, UL client_tx): 20.00 dB (target 20 dB)
[0m