Logging terminal output to /home/jesse/oran_lab/logs/run_ru/run_ru_20260527_100120_pid3462278.log
RU cores: 10,11,12,13,14,15,16
RU numerology: 1
ORU PRACH frame adjust: 0
AnonHugePages:   6725632 kB
ShmemHugePages:        0 kB
FileHugePages:   3432448 kB
HugePages_Total:    8192
HugePages_Free:        0
HugePages_Rsvd:        0
HugePages_Surp:        0
Hugepagesize:       2048 kB
Hugetlb:        16777216 kB
Using uio_pci_generic; skipping VFIO IOMMU group viability check.
CMDLINE: "./nr-oru" "-O" "/home/jesse/oran_lab/ru_test.conf" "--vrtsim.role" "server" "--numerology" "1" 
[93m[PHY]    ./nr-oru is experimental software and at this point is not an implementation of a 7.2 O-RAN RU
[0mEAL: Detected 32 lcore(s)
EAL: Detected 1 NUMA nodes
EAL: Auto-detected process type: PRIMARY
EAL: Detected shared linkage of DPDK
EAL: Multi-process socket /var/run/dpdk/ru/mp_socket
EAL: Selected IOVA mode 'PA'
EAL: No available hugepages reported in hugepages-1048576kB
EAL: Probing VFIO support...
EAL: VFIO support initialized
EAL: Probe PCI driver: net_i40e_vf (8086:154c) device: 0000:06:02.0 (socket 0)
[CONFIG] function config_libconfig_init returned 0
Reading in command-line options
configuring for RRU
About to Init RU threads
xran_fh_init:
  io_cfg:
    id 1 (O-RU)
    num_vfs 2
    num_rxq 1
    dpdk_dev [0000:06:02.0, 0000:06:02.1, (null), (null), (null), (null), (null), (null), (null), (null), (null), (null), (null), (null), (null), (null)]
    bbdev_dev (null)
    bbdev_mode -1
    dpdkIoVaMode 0
    dpdkMemorySize 8192
    core 11
    system_core 10
    pkt_proc_core 0000000000003000
    pkt_proc_core_64_127 0000000000000000
    pkt_aux_core 0
    timing_core 11
    port (filled within xran library)
    io_sleep 0
    nEthLinePerPort 1
    nEthLineSpeed 10
    one_vf_cu_plane 0
    eowd_cmn[1]:
      initiator_en 0
      numberOfSamples 0
      filterType 0
      responseTo 0
      measVf 0
      measState 0
      measId 0
      measMethod 0
      owdm_enable 0
      owdm_PlLength 0
eowd_port (filled within xran library)
    bbu_offload 0
  eAxCId_conf:
    mask_cuPortId 0xf000
    mask_bandSectorId 0x0f00
    mask_ccId 0x00f0
    mask_ruPortId 0x000f
    bit_cuPortId 0
    bit_bandSectorId 0
    bit_ccId 0
    bit_ruPortId 0
  xran_ports 1
  dpdkBasebandFecMode 0
  dpdkBasebandDevice (null)
  filePrefix ru
  mtu 9600
  p_o_du_addr 
  p_o_du_addr [00:11:22:33:64:68, 00:11:22:33:64:69]
  totalBfWeights 0
  mlogxranenable 0
  dlCpProcBurst 0
'DPDK 20.11.9'
 xran_init: MTU 9600
PF Eth line speed 10G
PF Eth lines per O-xU port 1
RX HW queues per O-xU Eth line 1 
node 0
total cores 32 c_mask 0x00000000000003c00 core 11 [id] system_core 10 [id] pkt_proc_core 0x00000000000003000 [mask] pkt_aux_core 0 [id] timing_core 11 [id]
xran_ethdi_init_dpdk_io: Calling rte_eal_init:ru -c 0x00000000000003c00 -n2 --iova-mode=pa --socket-mem=8192,0 --socket-limit=8192,0 --proc-type=auto --no-telemetry --file-prefix ru -a0000:00:00.0    
xran_init_mbuf_pool: socket 0
initializing port 0 for TX, drv=net_i40e_vf
Port 0 MAC: 00 11 22 33 64 66
Port 0: nb_rxd 4096 nb_txd 4096
[0] mp_rx__p_0_q_0 num blocks 65535
[0] mempool_small__0

Checking link status portid [0]  EAL: Probe PCI driver: net_i40e_vf (8086:154c) device: 0000:06:02.1 (socket 0)
skipped by XRAN_SKIP_LINK_CHECK
initializing port 1 for TX, drv=net_i40e_vf
Port 1 MAC: 00 11 22 33 64 67
Port 1: nb_rxd 4096 nb_txd 4096
[1] mp_rx__p_1_q_0 num blocks 65535
[1] mempool_small__1
Created ring tx_ring_cp_1 on core 11
Created ring rx_ring_cp_1_0 on core 11

Checking link status portid [1]  [93m[HW]     XRAN modifed affinity. Correcting affinity of caller
[0mskipped by XRAN_SKIP_LINK_CHECK
[ 0] vf  0 local  SRC MAC: 00 11 22 33 64 66
[ 0] vf  0 remote DST MAC: 00 11 22 33 64 68
[ 0] vf  1 local  SRC MAC: 00 11 22 33 64 67
[ 0] vf  1 remote DST MAC: 00 11 22 33 64 69
created dl_gen_ring_up_0 on core 11
xran_fh_config:
  dpdk_port 0
  sector_id 0
  nCC 1
  neAxc 1
  neAxcUl 0
  nAntElmTRx 0
  nDLFftSize 9
  nULFftSize 9
  nDLRBs 24
  nULRBs 24
  nDLAbsFrePointA 0
  nULAbsFrePointA 0
  nDLCenterFreqARFCN 0
  nULCenterFreqARFCN 0
  ttiCb (nil)
  ttiCbParam (nil)
  Tadv_cp_dl 0
  T2a_min_cp_dl 0
  T2a_max_cp_dl 0
  T2a_min_cp_ul 0
  T2a_max_cp_ul 0
  T2a_min_up 200
  T2a_max_up 1200
  Ta3_min 200
  Ta3_max 470
  T1a_min_cp_dl 0
  T1a_max_cp_dl 0
  T1a_min_cp_ul 0
  T1a_max_cp_ul 0
  T1a_min_up 0
  T1a_max_up 0
  Ta4_min 0
  Ta4_max 0
  enableCP 1
  prachEnable 1
  srsEnable 0
  puschMaskEnable 0
  puschMaskSlot 0
  cp_vlan_tag 0
  up_vlan_tag 0
  debugStop 0
  debugStopCount 0
  DynamicSectionEna 0
  GPS_Alpha 0
  GPS_Beta -9000
  srsEnableCp 0
  SrsDelaySym 0
  prach_config:
    nPrachConfIdx 159
    nPrachSubcSpacing 1
    nPrachZeroCorrConf 0
    nPrachRestrictSet 0
    nPrachRootSeqIdx 0
    nPrachFreqStart 0
    nPrachFreqOffset -288
    nPrachFilterIdx 0
    startSymId 0
    lastSymId 0
    startPrbc 0
    numPrbc 0
    timeOffset 0
    freqOffset 0
    eAxC_offset 1
    nPrachConfIdxLTE 0
  srs_config:
    symbMask 0000
    eAxC_offset 0
  frame_conf:
    nFrameDuplexType TDD
    nNumerology 1
    nTddPeriod 5
    sSlotConfig[0]: DDDDDDDDDDDDDD
    sSlotConfig[1]: DDDDDDDDDDDDDD
    sSlotConfig[2]: DDDDDDDDDDDDDD
    sSlotConfig[3]: DDDDDDGGGGUUUU
    sSlotConfig[4]: UUUUUUUUUUUUUU
  ru_config:
    xranTech NR
    xranCat A
    xranCompHdrType dynamic
    iqWidth 9
    compMeth 1
    iqWidth_PRACH 9
    compMeth_PRACH 1
    fftSize 10
    byteOrder network/BE
    iqOrder I_Q
    xran_max_frame 0
  bbdev_enc (nil)
  bbdev_dec (nil)
  tx_cp_eAxC2Vf 0x7fff84330850
  tx_up_eAxC2Vf 0x7fff84331450
  rx_cp_eAxC2Vf 0x7fff84332050
  rx_up_eAxC2Vf 0x7fff84332c50
  log_level 1
  max_sections_per_slot 0
  max_sections_per_symbol 0
  RunSlotPrbMapBySymbolEnable 0
  LiteOnIgnoreUPSectionIdEnable 0
  dssEnable 0
  dssPeriod 0
  technology[XRAN_MAX_DSS_PERIODICITY] (not filled as DSS disabled)
 xran_open: 5G NR Category A
xRAN open PRACH config: Numerology 1 ConfIdx 159, preambleFmrt 10 startsymb 0, numSymbol 12, occassionsInPrachSlot 1
PRACH: x 1 y[0] 0, y[1] 0 prach slot: 9 ..
PRACH start symbol 0 lastsymbol 11
xran_init_vfs_mapping: p 0 vf 0
xran_init_vfs_mapping: p 0 vf 1
xran_open: interval_us=500, interval_us_local=500
bbu_offload 0
XRAN_UP_VF: 0x0000
xran_timing_source_thread [CPU 11] [PID: 3462290]
TTI interval 500 [us]
Start UL U-plane 200 us after OTA [offset in sym 6]
Receive DL U-plane 1200 us after OTA [offset in sym 34]
O-XU      1
HW        0
Num cores 3
Num ports 1
O-RU Cat  0
O-RU CC   1
O-RU eAxC 1
p:0 XRAN_JOB_TYPE_CP_DL worker id 1
p:0 XRAN_JOB_TYPE_CP_UL worker id 1
p:0 XRAN_JOB_TYPE_CP_DL worker id 0
p:0 XRAN_JOB_TYPE_CP_UL worker id 0
xran_generic_worker_thread [CPU 12] [PID: 3462290]
spawn worker 0 core 12
xran_generic_worker_thread [CPU 13] [PID: 3462290]
spawn worker 1 core 13
xran_open [CPU 10] [PID: 3462290]
Waiting on Timing thread...
Initialize ORAN port instance 0 (1) sector 0
xran_sector_get_instances() o_xu_id 0 xran_handle 0x745380f95040
xran_sector_get_instances [0]: CC 0 handle 0x56ea78c6c940
Handle: 0x7453b044c468 Instance: 0x56ea78c6c940
-> hInstance 0x56ea78c6c940
ru_0_cc_0_idx_0: [ handle 0x56ea78c6c940 0 0 ] [nPoolIndex 0] nNumberOfBuffers 511 nBufferSize 14116 socket_id 0
CC:[ handle 0x56ea78c6c940 ru 0 cc_idx 0 ] [nPoolIndex 0] mb pool 0x284784540 
xran_bm_init() hInstance 0x56ea78c6c940 poolIdx 0 elements 511 size 14116
xran_bm_allocate_buffer() hInstance 0x56ea78c6c940 poolIdx 0 count 280
ru_0_cc_0_idx_1: [ handle 0x56ea78c6c940 0 0 ] [nPoolIndex 1] nNumberOfBuffers 511 nBufferSize 4976 socket_id 0
CC:[ handle 0x56ea78c6c940 ru 0 cc_idx 0 ] [nPoolIndex 1] mb pool 0x284786dc0 
xran_bm_init() hInstance 0x56ea78c6c940 poolIdx 1 elements 511 size 4[93m[HW]     PRACH was not configured for frame.slot 0.19 adjusted 0.19 frame8 0: no C-plane config cached
[0m[93m[HW]     PRACH was not configured for frame.slot 83.19 adjusted 83.19 frame8 83: no C-plane config cached
[0m[93m[HW]     PRACH was not configured for frame.slot 166.19 adjusted 166.19 frame8 166: no C-plane config cached
[0m[93m[HW]     PRACH was not configured for frame.slot 250.19 adjusted 250.19 frame8 250: no C-plane config cached
[0m[93m[HW]     PRACH was not configured for frame.slot 333.19 adjusted 333.19 frame8 77: no C-plane config cached
[0m[93m[HW]     PRACH was not configured for frame.slot 416.19 adjusted 416.19 frame8 160: no C-plane config cached
[0m[93m[HW]     PRACH was not configured for frame.slot 500.19 adjusted 500.19 frame8 244: no C-plane config cached
[0m[93m[HW]     PRACH was not configured for frame.slot 583.19 adjusted 583.19 frame8 71: no C-plane config cached
[0m[93m[HW]     PRACH was not configured for frame.slot 666.19 adjusted 666.19 frame8 154: no C-plane config cached
[0m[93m[HW]     PRACH was not configured for frame.slot 750.19 adjusted 750.19 frame8 238: no C-plane config cached
[0m[93m[HW]     PRACH was not configured for frame.slot 833.19 adjusted 833.19 frame8 65: no C-plane config cached
[0m[93m[HW]     PRACH was not configured for frame.slot 916.19 adjusted 916.19 frame8 148: no C-plane config cached
[0m[93m[HW]     PRACH was not configured for frame.slot 1000.19 adjusted 1000.19 frame8 232: no C-plane config cached
[0m[93m[HW]     PRACH was not configured for frame.slot 82.19 adjusted 82.19 frame8 82: no C-plane config cached
[0m[93m[HW]     PRACH was not configured for frame.slot 165.19 adjusted 165.19 frame8 165: no C-plane config cached
[0m[93m[HW]     PRACH was not configured for frame.slot 249.19 adjusted 249.19 frame8 249: no C-plane config cached
[0m[93m[HW]     [ORU] Drop invalid U-plane packet: port=0 frame=17 subframe=3 slot=38 slot_in_frame=44 symbol=37 ant=0 start_prb=0 num_prb=0 nDLRBs=24 neAxc=1
[0m[93m[HW]     PRACH was not configured for frame.slot 355.19 adjusted 355.19 frame8 99: no C-plane config cached
[0m[93m[HW]     PRACH was not configured for frame.slot 438.19 adjusted 438.19 frame8 182: no C-plane config cached
[0m[93m[HW]     Packets early: 1
[0m[93m[HW]     Packets malformed (packet couldn't be processed): 1
[0m[93m[HW]     PRACH was not configured for frame.slot 545.19 adjusted 545.19 frame8 33: no C-plane config cached
[0m[93m[HW]     PRACH was not configured for frame.slot 628.19 adjusted 628.19 frame8 116: no C-plane config cached
[0m[93m[HW]     PRACH was not configured for frame.slot 711.19 adjusted 711.19 frame8 199: no C-plane config cached
[0m[93m[HW]     PRACH was not configured for frame.slot 818.19 adjusted 818.19 frame8 50: no C-plane config cached
[0m[93m[HW]     PRACH was not configured for frame.slot 901.19 adjusted 901.19 frame8 133: no C-plane config cached
[0m[93m[HW]     PRACH was not configured for frame.slot 984.19 adjusted 984.19 frame8 216: no C-plane config cached
[0m[93m[HW]     PRACH was not configured for frame.slot 67.19 adjusted 67.19 frame8 67: no C-plane config cached
[0m[93m[HW]     PRACH was not configured for frame.slot 150.19 adjusted 150.19 frame8 150: no C-plane config cached
[0m[93m[HW]     PRACH was not configured for frame.slot 233.19 adjusted 233.19 frame8 233: no C-plane config cached
[0m[93m[HW]     PRACH was not configured for frame.slot 340.19 adjusted 340.19 frame8 84: no C-plane config cached
[0m[93m[HW]     PRACH was not configured for frame.slot 423.19 adjusted 423.19 frame8 167: no C-plane config cached
[0m[93m[HW]     PRACH was not configured for frame.slot 506.19 adjusted 506.19 frame8 250: no C-plane config cached
[0m[93m[HW]     PRACH was not configured for frame.slot 613.19 adjusted 613.19 frame8 101: no C-plane config cached
[0m[93m[HW]     [ORU] Drop invalid U-plane packet: port=0 frame=17 subframe=3 slot=38 slot_in_frame=44 symbol=37 ant=0 start_prb=0 num_prb=0 nDLRBs=24 neAxc=1
[0m[93m[HW]     PRACH was not configured for frame.slot 696.19 adjusted 696.19 frame8 184: no C-plane config cached
[0m[93m[HW]     Packets early: 1
[0m[93m[HW]     Packets malformed (packet couldn't be processed): 1
[0m[93m[HW]     PRACH was not configured for frame.slot 802.19 adjusted 802.19 frame8 34: no C-plane config cached
[0m[93m[HW]     PRACH was not configured for frame.slot 886.19 adjusted 886.19 frame8 118: no C-plane config cached
[0m[93m[HW]     [ORU] Drop invalid U-plane packet: port=0 frame=17 subframe=3 slot=38 slot_in_frame=44 symbol=37 ant=0 start_prb=0 num_prb=0 nDLRBs=24 neAxc=1
[0m[93m[HW]     PRACH was not configured for frame.slot 969.19 adjusted 969.19 frame8 201: no C-plane config cached
[0m[93m[HW]     Packets early: 1
[0m[93m[HW]     Packets malformed (packet couldn't be processed): 1
[0m[93m[HW]     PRACH was not configured for frame.slot 51.19 adjusted 51.19 frame8 51: no C-plane config cached
[0m[93m[HW]     PRACH was not configured for frame.slot 135.19 adjusted 135.19 frame8 135: no C-plane config cached
[0m[93m[HW]     PRACH was not configured for frame.slot 218.19 adjusted 218.19 frame8 218: no C-plane config cached
[0m[93m[HW]     [ORU] Drop invalid U-plane packet: port=0 frame=17 subframe=3 slot=38 slot_in_frame=44 symbol=37 ant=0 start_prb=0 num_prb=0 nDLRBs=24 neAxc=1
[0m[93m[HW]     PRACH was not configured for frame.slot 324.19 adjusted 324.19 frame8 68: no C-plane config cached
[0m[93m[HW]     PRACH was not configured for frame.slot 408.19 adjusted 408.19 frame8 152: no C-plane config cached
[0m[93m[HW]     PRACH was not configured for frame.slot 491.19 adjusted 491.19 frame8 235: no C-plane config cached
[0m[93m[HW]     Packets early: 1
[0m[93m[HW]     Packets malformed (packet couldn't be processed): 1
[0m[93m[HW]     PRACH was not configured for frame.slot 597.19 adjusted 597.19 frame8 85: no C-plane config cached
[0m[93m[HW]     PRACH was not configured for frame.slot 681.19 adjusted 681.19 frame8 169: no C-plane config cached
[0m[93m[HW]     PRACH was not configured for frame.slot 764.19 adjusted 764.19 frame8 252: no C-plane config cached
[0m[93m[HW]     PRACH was not configured for frame.slot 870.19 adjusted 870.19 frame8 102: no C-plane config cached
[0m[93m[HW]     PRACH was not configured for frame.slot 954.19 adjusted 954.19 frame8 186: no C-plane config cached
[0m[93m[HW]     PRACH was not configured for frame.slot 36.19 adjusted 36.19 frame8 36: no C-plane config cached
[0m[93m[HW]     [ORU] Drop invalid U-plane packet: port=0 frame=17 subframe=3 slot=38 slot_in_frame=44 symbol=37 ant=0 start_prb=0 num_prb=0 nDLRBs=24 neAxc=1
[0m[93m[HW]     PRACH was not configured for frame.slot 119.19 adjusted 119.19 frame8 119: no C-plane config cached
[0m[93m[HW]     PRACH was not configured for frame.slot 203.19 adjusted 203.19 frame8 203: no C-plane config cached
[0m[93m[HW]     Packets early: 1
[0m[93m[HW]     Packets malformed (packet couldn't be processed): 1
[0m[93m[HW]     PRACH was not configured for frame.slot 309.19 adjusted 309.19 frame8 53: no C-plane config cached
[0m[93m[HW]     PRACH was not configured for frame.slot 392.19 adjusted 392.19 frame8 136: no C-plane config cached
[0m[93m[HW]     PRACH was not configured for frame.slot 476.19 adjusted 476.19 frame8 220: no C-plane config cached
[0m[93m[HW]     PRACH was not configured for frame.slot 582.19 adjusted 582.19 frame8 70: no C-plane config cached
[0m[93m[HW]     PRACH was not configured for frame.slot 665.19 adjusted 665.19 frame8 153: no C-plane config cached
[0m[93m[HW]     PRACH was not configured for frame.slot 749.19 adjusted 749.19 frame8 237: no C-plane config cached
[0m[93m[HW]     PRACH was not configured for frame.slot 855.19 adjusted 855.19 frame8 87: no C-plane config cached
[0m[93m[HW]     PRACH was not configured for frame.slot 938.19 adjusted 938.19 frame8 170: no C-plane config cached
[0m[93m[HW]     PRACH was not configured for frame.slot 1022.19 adjusted 1022.19 frame8 254: no C-plane config cached
[0m[93m[HW]     PRACH was not configured for frame.slot 104.19 adjusted 104.19 frame8 104: no C-plane config cached
[0m[93m[HW]     PRACH was not configured for frame.slot 187.19 adjusted 187.19 frame8 187: no C-plane config cached
[0m[93m[HW]     PRACH was not configured for frame.slot 294.19 adjusted 294.19 frame8 38: no C-plane config cached
[0m[93m[HW]     PRACH was not configured for frame.slot 377.19 adjusted 377.19 frame8 121: no C-plane config cached
[0m[93m[HW]     PRACH was not configured for frame.slot 460.19 adjusted 460.19 frame8 204: no C-plane config cached
[0m[93m[HW]     PRACH was not configured for frame.slot 567.19 adjusted 567.19 frame8 55: no C-plane config cached
[0m[93m[HW]     PRACH was not configured for frame.slot 650.19 adjusted 650.19 frame8 138: no C-plane config cached
[0m[93m[HW]     [ORU] Drop invalid U-plane packet: port=0 frame=17 subframe=3 slot=38 slot_in_frame=44 symbol=37 ant=0 start_prb=0 num_prb=0 nDLRBs=24 neAxc=1
[0m[93m[HW]     PRACH was not configured for frame.slot 733.19 adjusted 733.19 frame8 221: no C-plane config cached
[0m[93m[HW]     Packets early: 1
[0m[93m[HW]     Packets malformed (packet couldn't be processed): 1
[0m[93m[HW]     PRACH was not configured for frame.slot 840.19 adjusted 840.19 frame8 72: no C-plane config cached
[0m[93m[HW]     PRACH was not configured for frame.slot 923.19 adjusted 923.19 frame8 155: no C-plane config cached
[0m[93m[HW]     PRACH was not configured for frame.slot 1006.19 adjusted 1006.19 frame8 238: no C-plane config cached
[0m[93m[HW]     PRACH was not configured for frame.slot 89.19 adjusted 89.19 frame8 89: no C-plane config cached
[0m[93m[HW]     PRACH was not configured for frame.slot 172.19 adjusted 172.19 frame8 172: no C-plane config cached
[0m[93m[HW]     PRACH was not configured for frame.slot 255.19 adjusted 255.19 frame8 255: no C-plane config cached
[0m[93m[HW]     PRACH was not configured for frame.slot 362.19 adjusted 362.19 frame8 106: no C-plane config cached
[0m[93m[HW]     PRACH was not configured for frame.slot 445.19 adjusted 445.19 frame8 189: no C-plane config cached
[0m[93m[HW]     PRACH was not configured for frame.slot 551.19 adjusted 551.19 frame8 39: no C-plane config cached
[0m[93m[HW]     PRACH was not configured for frame.slot 635.19 adjusted 635.19 frame8 123: no C-plane config cached
[0m[93m[HW]     PRACH was not configured for frame.slot 718.19 adjusted 718.19 frame8 206: no C-plane config cached
[0m[93m[HW]     PRACH was not configured for frame.slot 824.19 adjusted 824.19 frame8 56: no C-plane config cached
[0m[93m[HW]     PRACH was not configured for frame.slot 908.19 adjusted 908.19 frame8 140: no C-plane config cached
[0m[93m[HW]     PRACH was not configured for frame.slot 991.19 adjusted 991.19 frame8 223: no C-plane config cached
[0m[93m[HW]     [ORU] Drop invalid U-plane packet: port=0 frame=17 subframe=3 slot=38 slot_in_frame=44 symbol=37 ant=0 start_prb=0 num_prb=0 nDLRBs=24 neAxc=1
[0m[93m[HW]     PRACH was not configured for frame.slot 73.19 adjusted 73.19 frame8 73: no C-plane config cached
[0m[93m[HW]     PRACH was not configured for frame.slot 157.19 adjusted 157.19 frame8 157: no C-plane config cached
[0m[93m[HW]     PRACH was not configured for frame.slot 240.19 adjusted 240.19 frame8 240: no C-plane config cached
[0m[93m[HW]     [ORU] Drop invalid U-plane packet: port=0 frame=17 subframe=3 slot=38 slot_in_frame=44 symbol=37 ant=0 start_prb=0 num_prb=0 nDLRBs=24 neAxc=1
[0m[93m[HW]     Packets early: 2
[0m[93m[HW]     Packets malformed (packet couldn't be processed): 2
[0m[93m[HW]     PRACH was not configured for frame.slot 346.19 adjusted 346.19 frame8 90: no C-plane config cached
[0m[93m[HW]     PRACH was not configured for frame.slot 430.19 adjusted 430.19 frame8 174: no C-plane config cached
[0m[93m[HW]     PRACH was not configured for frame.slot 536.19 adjusted 536.19 frame8 24: no C-plane config cached
[0m[93m[HW]     PRACH was not configured for frame.slot 619.19 adjusted 619.19 frame8 107: no C-plane config cached
[0m[93m[HW]     [ORU] Drop invalid U-plane packet: port=0 frame=17 subframe=3 slot=38 slot_in_frame=44 symbol=37 ant=0 start_prb=0 num_prb=0 nDLRBs=24 neAxc=1
[0m[93m[HW]     PRACH was not configured for frame.slot 703.19 adjusted 703.19 frame8 191: no C-plane config cached
[0m[93m[HW]     Packets early: 1
[0m[93m[HW]     Packets malformed (packet couldn't be processed): 1
[0m[93m[HW]     PRACH was not configured for frame.slot 809.19 adjusted 809.19 frame8 41: no C-plane config cached
[0m[93m[HW]     PRACH was not configured for frame.slot 892.19 adjusted 892.19 frame8 124: no C-plane config cached
[0m[93m[HW]     PRACH was not configured for frame.slot 976.19 adjusted 976.19 frame8 208: no C-plane config cached
[0m[93m[HW]     PRACH was not configured for frame.slot 58.19 adjusted 58.19 frame8 58: no C-plane config cached
[0m[93m[HW]     PRACH was not configured for frame.slot 141.19 adjusted 141.19 frame8 141: no C-plane config cached
[0m[93m[HW]     PRACH was not configured for frame.slot 225.19 adjusted 225.19 frame8 225: no C-plane config cached
[0m[93m[HW]     PRACH was not configured for frame.slot 331.19 adjusted 331.19 frame8 75: no C-plane config cached
[0m[93m[HW]     PRACH was not configured for frame.slot 414.19 adjusted 414.19 frame8 158: no C-plane config cached
[0m[93m[HW]     PRACH was not configured for frame.slot 498.19 adjusted 498.19 frame8 242: no C-plane config cached
[0m[93m[HW]     [ORU] Drop invalid U-plane packet: port=0 frame=17 subframe=3 slot=38 slot_in_frame=44 symbol=37 ant=0 start_prb=0 num_prb=0 nDLRBs=24 neAxc=1
[0m[93m[HW]     Packets early: 1
[0m[93m[HW]     Packets malformed (packet couldn't be processed): 1
[0m[93m[HW]     PRACH was not configured for frame.slot 604.19 adjusted 604.19 frame8 92: no C-plane config cached
[0m[93m[HW]     PRACH was not configured for frame.slot 687.19 adjusted 687.19 frame8 175: no C-plane config cached
[0m[93m[HW]     PRACH was not configured for frame.slot 794.19 adjusted 794.19 frame8 26: no C-plane config cached
[0m[93m[HW]     PRACH was not configured for frame.slot 877.19 adjusted 877.19 frame8 109: no C-plane config cached
[0m[93m[HW]     PRACH was not configured for frame.slot 960.19 adjusted 960.19 frame8 192: no C-plane config cached
[0m[93m[HW]     PRACH was not configured for frame.slot 43.19 adjusted 43.19 frame8 43: no C-plane config cached
[0m[93m[HW]     PRACH was not configured for frame.slot 126.19 adjusted 126.19 frame8 126: no C-plane config cached
[0m[93m[HW]     PRACH was not configured for frame.slot 209.19 adjusted 209.19 frame8 209: no C-plane config cached
[0m[93m[HW]     PRACH was not configured for frame.slot 316.19 adjusted 316.19 frame8 60: no C-plane config cached
[0m[93m[HW]     PRACH was not configured for frame.slot 399.19 adjusted 399.19 frame8 143: no C-plane config cached
[0m[93m[HW]     PRACH was not configured for frame.slot 482.19 adjusted 482.19 frame8 226: no C-plane config cached
[0m[93m[HW]     PRACH was not configured for frame.slot 589.19 adjusted 589.19 frame8 77: no C-plane config cached
[0m[93m[HW]     PRACH was not configured for frame.slot 672.19 adjusted 672.19 frame8 160: no C-plane config cached
[0m[93m[HW]     PRACH was not configured for frame.slot 755.19 adjusted 755.19 frame8 243: no C-plane config cached
[0m[93m[HW]     PRACH was not configured for frame.slot 862.19 adjusted 862.19 frame8 94: no C-plane config cached
[0m[93m[HW]     PRACH was not configured for frame.slot 945.19 adjusted 945.19 frame8 177: no C-plane config cached
[0m[93m[HW]     PRACH was not configured for frame.slot 27.19 adjusted 27.19 frame8 27: no C-plane config cached
[0m[93m[HW]     PRACH was not configured for frame.slot 111.19 adjusted 111.19 frame8 111: no C-plane config cached
[0m[93m[HW]     [ORU] Drop invalid U-plane packet: port=0 frame=17 subframe=3 slot=38 slot_in_frame=44 symbol=37 ant=0 start_prb=0 num_prb=0 nDLRBs=24 neAxc=1
[0m[93m[HW]     PRACH was not configured for frame.slot 194.19 adjusted 194.19 frame8 194: no C-plane config cached
[0m[93m[HW]     Packets early: 1
[0m[93m[HW]     Packets malformed (packet couldn't be processed): 1
[0m[93m[HW]     PRACH was not configured for frame.slot 300.19 adjusted 300.19 frame8 44: no C-plane config cached
[0m[93m[HW]     PRACH was not configured for frame.slot 384.19 adjusted 384.19 frame8 128: no C-plane config cached
[0m[93m[HW]     PRACH was not configured for frame.slot 467.19 adjusted 467.19 frame8 211: no C-plane config cached
[0m[93m[HW]     PRACH was not configured for frame.slot 573.19 adjusted 573.19 frame8 61: no C-plane config cached
[0m[93m[HW]     PRACH was not configured for frame.slot 657.19 adjusted 657.19 frame8 145: no C-plane config cached
[0m[93m[HW]     PRACH was not configured for frame.slot 740.19 adjusted 740.19 frame8 228: no C-plane config cached
[0m[93m[HW]     PRACH was not configured for frame.slot 846.19 adjusted 846.19 frame8 78: no C-plane config cached
[0m[93m[HW]     PRACH was not configured for frame.slot 930.19 adjusted 930.19 frame8 162: no C-plane config cached
[0m[93m[HW]     PRACH was not configured for frame.slot 1013.19 adjusted 1013.19 frame8 245: no C-plane config cached
[0m[93m[HW]     PRACH was not configured for frame.slot 95.19 adjusted 95.19 frame8 95: no C-plane config cached
[0m[93m[HW]     PRACH was not configured for frame.slot 179.19 adjusted 179.19 frame8 179: no C-plane config cached
[0m[93m[HW]     PRACH was not configured for frame.slot 285.19 adjusted 285.19 frame8 29: no C-plane config cached
[0m[93m[HW]     PRACH was not configured for frame.slot 368.19 adjusted 368.19 frame8 112: no C-plane config cached
[0m[93m[HW]     [ORU] Drop invalid U-plane packet: port=0 frame=17 subframe=3 slot=38 slot_in_frame=44 symbol=37 ant=0 start_prb=0 num_prb=0 nDLRBs=24 neAxc=1
[0m[93m[HW]     PRACH was not configured for frame.slot 452.19 adjusted 452.19 frame8 196: no C-plane config cached
[0m[93m[HW]     Packets early: 1
[0m[93m[HW]     Packets malformed (packet couldn't be processed): 1
[0m[93m[HW]     PRACH was not configured for frame.slot 558.19 adjusted 558.19 frame8 46: no C-plane config cached
[0m[93m[HW]     PRACH was not configured for frame.slot 641.19 adjusted 641.19 frame8 129: no C-plane config cached
[0m[93m[HW]     [ORU] Drop invalid U-plane packet: port=0 frame=17 subframe=3 slot=38 slot_in_frame=44 symbol=37 ant=0 start_prb=0 num_prb=0 nDLRBs=24 neAxc=1
[0m[93m[HW]     PRACH was not configured for frame.slot 725.19 adjusted 725.19 frame8 213: no C-plane config cached
[0m[93m[HW]     Packets early: 1
[0m[93m[HW]     Packets malformed (packet couldn't be processed): 1
[0m[93m[HW]     PRACH was not configured for frame.slot 831.19 adjusted 831.19 frame8 63: no C-plane config cached
[0m[93m[HW]     PRACH was not configured for frame.slot 914.19 adjusted 914.19 frame8 146: no C-plane config cached
[0m[93m[HW]     PRACH was not configured for frame.slot 998.19 adjusted 998.19 frame8 230: no C-plane config cached
[0m[93m[HW]     PRACH was not configured for frame.slot 80.19 adjusted 80.19 frame8 80: no C-plane config cached
[0m[93m[HW]     [ORU] Drop invalid U-plane packet: port=0 frame=17 subframe=3 slot=38 slot_in_frame=44 symbol=37 ant=0 start_prb=0 num_prb=0 nDLRBs=24 neAxc=1
[0m[93m[HW]     PRACH was not configured for frame.slot 163.19 adjusted 163.19 frame8 163: no C-plane config cached
[0m[93m[HW]     PRACH was not configured for frame.slot 247.19 adjusted 247.19 frame8 247: no C-plane config cached
[0m[93m[HW]     Packets early: 1
[0m[93m[HW]     Packets malformed (packet couldn't be processed): 1
[0m[93m[HW]     PRACH was not configured for frame.slot 353.19 adjusted 353.19 frame8 97: no C-plane config cached
[0m[93m[HW]     PRACH was not configured for frame.slot 436.19 adjusted 436.19 frame8 180: no C-plane config cached
[0m[93m[HW]     PRACH was not configured for frame.slot 543.19 adjusted 543.19 frame8 31: no C-plane config cached
[0m[93m[HW]     PRACH was not configured for frame.slot 626.19 adjusted 626.19 frame8 114: no C-plane config cached
[0m[93m[HW]     PRACH was not configured for frame.slot 709.19 adjusted 709.19 frame8 197: no C-plane config cached
[0m[93m[HW]     PRACH was not configured for frame.slot 816.19 adjusted 816.19 frame8 48: no C-plane config cached
[0m[93m[HW]     PRACH was not configured for frame.slot 899.19 adjusted 899.19 frame8 131: no C-plane config cached
[0m[93m[HW]     [ORU] Drop invalid U-plane packet: port=0 frame=17 subframe=3 slot=38 slot_in_frame=44 symbol=37 ant=0 start_prb=0 num_prb=0 nDLRBs=24 neAxc=1
[0m[93m[HW]     PRACH was not configured for frame.slot 982.19 adjusted 982.19 frame8 214: no C-plane config cached
[0m[93m[HW]     Packets early: 1
[0m[93m[HW]     Packets malformed (packet couldn't be processed): 1
[0m[93m[HW]     PRACH was not configured for frame.slot 65.19 adjusted 65.19 frame8 65: no C-plane config cached
[0m[93m[HW]     PRACH was not configured for frame.slot 148.19 adjusted 148.19 frame8 148: no C-plane config cached
[0m[93m[HW]     PRACH was not configured for frame.slot 231.19 adjusted 231.19 frame8 231: no C-plane config cached
[0m[93m[HW]     PRACH was not configured for frame.slot 338.19 adjusted 338.19 frame8 82: no C-plane config cached
[0m[93m[HW]     PRACH was not configured for frame.slot 421.19 adjusted 421.19 frame8 165: no C-plane config cached
[0m[93m[HW]     PRACH was not configured for frame.slot 504.19 adjusted 504.19 frame8 248: no C-plane config cached
[0m[93m[HW]     PRACH was not configured for frame.slot 611.19 adjusted 611.19 frame8 99: no C-plane config cached
[0m[93m[HW]     PRACH was not configured for frame.slot 694.19 adjusted 694.19 frame8 182: no C-plane config cached
[0m[93m[HW]     PRACH was not configured for frame.slot 800.19 adjusted 800.19 frame8 32: no C-plane config cached
[0m[93m[HW]     PRACH was not configured for frame.slot 884.19 adjusted 884.19 frame8 116: no C-plane config cached
[0m[93m[HW]     PRACH was not configured for frame.slot 967.19 adjusted 967.19 frame8 199: no C-plane config cached
[0m[93m[HW]     PRACH was not configured for frame.slot 49.19 adjusted 49.19 frame8 49: no C-plane config cached
[0m[93m[HW]     PRACH was not configured for frame.slot 133.19 adjusted 133.19 frame8 133: no C-plane config cached
[0m[93m[HW]     PRACH was not configured for frame.slot 216.19 adjusted 216.19 frame8 216: no C-plane config cached
[0m[93m[HW]     PRACH was not configured for frame.slot 322.19 adjusted 322.19 frame8 66: no C-plane config cached
[0m[93m[HW]     PRACH was not configured for frame.slot 406.19 adjusted 406.19 frame8 150: no C-plane config cached
[0m[93m[HW]     PRACH was not configured for frame.slot 489.19 adjusted 489.19 frame8 233: no C-plane config cached
[0m[93m[HW]     [ORU] Drop invalid U-plane packet: port=0 frame=17 subframe=3 slot=38 slot_in_frame=44 symbol=37 ant=0 start_prb=0 num_prb=0 nDLRBs=24 neAxc=1
[0m[93m[HW]     PRACH was not configured for frame.slot 595.19 adjusted 595.19 frame8 83: no C-plane config cached
[0m[93m[HW]     PRACH was not configured for frame.slot 679.19 adjusted 679.19 frame8 167: no C-plane config cached
[0m[93m[HW]     PRACH was not configured for frame.slot 762.19 adjusted 762.19 frame8 250: no C-plane config cached
[0m[93m[HW]     Packets early: 1
[0m[93m[HW]     Packets malformed (packet couldn't be processed): 1
[0m[93m[HW]     PRACH was not configured for frame.slot 868.19 adjusted 868.19 frame8 100: no C-plane config cached
[0m[93m[HW]     PRACH was not configured for frame.slot 952.19 adjusted 952.19 frame8 184: no C-plane config cached
[0m[93m[HW]     PRACH was not configured for frame.slot 34.19 adjusted 34.19 frame8 34: no C-plane config cached
[0m[93m[HW]     PRACH was not configured for frame.slot 117.19 adjusted 117.19 frame8 117: no C-plane config cached
[0m[93m[HW]     PRACH was not configured for frame.slot 201.19 adjusted 201.19 frame8 201: no C-plane config cached
[0m[93m[HW]     PRACH was not configured for frame.slot 307.19 adjusted 307.19 frame8 51: no C-plane config cached
[0m[93m[HW]     PRACH was not configured for frame.slot 390.19 adjusted 390.19 frame8 134: no C-plane config cached
[0m[93m[HW]     PRACH was not configured for frame.slot 474.19 adjusted 474.19 frame8 218: no C-plane config cached
[0m[93m[HW]     PRACH was not configured for frame.slot 580.19 adjusted 580.19 frame8 68: no C-plane config cached
[0m[93m[HW]     PRACH was not configured for frame.slot 663.19 adjusted 663.19 frame8 151: no C-plane config cached
[0m[93m[HW]     PRACH was not configured for frame.slot 747.19 adjusted 747.19 frame8 235: no C-plane config cached
[0m[93m[HW]     PRACH was not configured for frame.slot 853.19 adjusted 853.19 frame8 85: no C-plane config cached
[0m[93m[HW]     PRACH was not configured for frame.slot 936.19 adjusted 936.19 frame8 168: no C-plane config cached
[0m[93m[HW]     PRACH was not configured for frame.slot 1020.19 adjusted 1020.19 frame8 252: no C-plane config cached
[0m[93m[HW]     PRACH was not configured for frame.slot 102.19 adjusted 102.19 frame8 102: no C-plane config cached
[0m[93m[HW]     PRACH was not configured for frame.slot 185.19 adjusted 185.19 frame8 185: no C-plane config cached
[0m[93m[HW]     PRACH was not configured for frame.slot 292.19 adjusted 292.19 frame8 36: no C-plane config cached
[0m[93m[HW]     PRACH was not configured for frame.slot 375.19 adjusted 375.19 frame8 119: no C-plane config cached
[0m[93m[HW]     PRACH was not configured for frame.slot 458.19 adjusted 458.19 frame8 202: no C-plane config cached
[0m[93m[HW]     PRACH was not configured for frame.slot 565.19 adjusted 565.19 frame8 53: no C-plane config cached
[0m[93m[HW]     PRACH was not configured for frame.slot 648.19 adjusted 648.19 frame8 136: no C-plane config cached
[0m[93m[HW]     PRACH was not configured for frame.slot 731.19 adjusted 731.19 frame8 219: no C-plane config cached
[0m[93m[HW]     PRACH was not configured for frame.slot 838.19 adjusted 838.19 frame8 70: no C-plane config cached
[0m[93m[HW]     PRACH was not configured for frame.slot 921.19 adjusted 921.19 frame8 153: no C-plane config cached
[0m[93m[HW]     PRACH was not configured for frame.slot 1004.19 adjusted 1004.19 frame8 236: no C-plane config cached
[0m[93m[HW]     PRACH was not configured for frame.slot 87.19 adjusted 87.19 frame8 87: no C-plane config cached
[0m[93m[HW]     PRACH was not configured for frame.slot 170.19 adjusted 170.19 frame8 170: no C-plane config cached
[0m[93m[HW]     PRACH was not configured for frame.slot 253.19 adjusted 253.19 frame8 253: no C-plane config cached
[0m[93m[HW]     PRACH was not configured for frame.slot 360.19 adjusted 360.19 frame8 104: no C-plane config cached
[0m[93m[HW]     PRACH was not configured for frame.slot 443.19 adjusted 443.19 frame8 187: no C-plane config cached
[0m[93m[HW]     PRACH was not configured for frame.slot 549.19 adjusted 549.19 frame8 37: no C-plane config cached
[0m[93m[HW]     PRACH was not configured for frame.slot 633.19 adjusted 633.19 frame8 121: no C-plane config cached
[0m[93m[HW]     PRACH was not configured for frame.slot 716.19 adjusted 716.19 frame8 204: no C-plane config cached
[0m