Logging terminal output to /home/jesse/oran_lab/logs/run_ru/run_ru_20260531_075427_pid4125683.log
RU cores: 10,11,12,13,14,15,16
RU numerology: 1
ORU PRACH frame adjust: 0
AnonHugePages:  12896256 kB
ShmemHugePages:        0 kB
FileHugePages:   2816000 kB
HugePages_Total:    8192
HugePages_Free:        0
HugePages_Rsvd:        0
HugePages_Surp:        0
Hugepagesize:       2048 kB
Hugetlb:        16777216 kB
Using uio_pci_generic; skipping VFIO IOMMU group viability check.
CMDLINE: "./nr-oru" "-O" "/home/jesse/oran_lab/ru_test.conf" "--vrtsim.role" "server" "--numerology" "1" "--vrtsim.chanmod" "1" "--vrtsim.timescale" "1.0" "--vrtsim.client-num-rx-antennas" "2" 
[93m[PHY]    ./nr-oru is experimental software and at this point is not an implementation of a 7.2 O-RAN RU
[0mEAL: Detected 32 lcore(s)
EAL: Detected 1 NUMA nodes
EAL: Auto-detected process type: PRIMARY
EAL: Detected shared linkage of DPDK
EAL: Multi-process socket /var/run/dpdk/ru/mp_socket
EAL: Selected IOVA mode 'PA'
EAL: No available hugepages reported in hugepages-1048576kB
EAL: Probing VFIO support...
EAL: VFIO support initialized
EAL: Probe PCI driver: net_i40e_vf (8086:154c) device: 0000:06:02.0 (socket 0)
[CONFIG] function config_libconfig_init returned 0
Reading in command-line options
configuring for RRU
About to Init RU threads
xran_fh_init:
  io_cfg:
    id 1 (O-RU)
    num_vfs 2
    num_rxq 1
    dpdk_dev [0000:06:02.0, 0000:06:02.1, (null), (null), (null), (null), (null), (null), (null), (null), (null), (null), (null), (null), (null), (null)]
    bbdev_dev (null)
    bbdev_mode -1
    dpdkIoVaMode 0
    dpdkMemorySize 8192
    core 11
    system_core 10
    pkt_proc_core 0000000000003000
    pkt_proc_core_64_127 0000000000000000
    pkt_aux_core 0
    timing_core 11
    port (filled within xran library)
    io_sleep 0
    nEthLinePerPort 1
    nEthLineSpeed 10
    one_vf_cu_plane 0
    eowd_cmn[1]:
      initiator_en 0
      numberOfSamples 0
      filterType 0
      responseTo 0
      measVf 0
      measState 0
      measId 0
      measMethod 0
      owdm_enable 0
      owdm_PlLength 0
eowd_port (filled within xran library)
    bbu_offload 0
  eAxCId_conf:
    mask_cuPortId 0xf000
    mask_bandSectorId 0x0f00
    mask_ccId 0x00f0
    mask_ruPortId 0x000f
    bit_cuPortId 0
    bit_bandSectorId 0
    bit_ccId 0
    bit_ruPortId 0
  xran_ports 1
  dpdkBasebandFecMode 0
  dpdkBasebandDevice (null)
  filePrefix ru
  mtu 9600
  p_o_du_addr 
  p_o_du_addr [00:11:22:33:64:68, 00:11:22:33:64:69]
  totalBfWeights 0
  mlogxranenable 0
  dlCpProcBurst 0
'DPDK 20.11.9'
 xran_init: MTU 9600
PF Eth line speed 10G
PF Eth lines per O-xU port 1
RX HW queues per O-xU Eth line 1 
node 0
total cores 32 c_mask 0x00000000000003c00 core 11 [id] system_core 10 [id] pkt_proc_core 0x00000000000003000 [mask] pkt_aux_core 0 [id] timing_core 11 [id]
xran_ethdi_init_dpdk_io: Calling rte_eal_init:ru -c 0x00000000000003c00 -n2 --iova-mode=pa --socket-mem=8192,0 --socket-limit=8192,0 --proc-type=auto --no-telemetry --file-prefix ru -a0000:00:00.0    
xran_init_mbuf_pool: socket 0
initializing port 0 for TX, drv=net_i40e_vf
Port 0 MAC: 00 11 22 33 64 66
Port 0: nb_rxd 4096 nb_txd 4096
[0] mp_rx__p_0_q_0 num blocks 65535
[0] mempool_small__0

Checking link status portid [0]  EAL: Probe PCI driver: net_i40e_vf (8086:154c) device: 0000:06:02.1 (socket 0)
skipped by XRAN_SKIP_LINK_CHECK
initializing port 1 for TX, drv=net_i40e_vf
Port 1 MAC: 00 11 22 33 64 67
Port 1: nb_rxd 4096 nb_txd 4096
[1] mp_rx__p_1_q_0 num blocks 65535
[1] mempool_small__1
Created ring tx_ring_cp_1 on core 11
Created ring rx_ring_cp_1_0 on core 11

Checking link status portid [1]  [93m[HW]     XRAN modifed affinity. Correcting affinity of caller
[0mskipped by XRAN_SKIP_LINK_CHECK
[ 0] vf  0 local  SRC MAC: 00 11 22 33 64 66
[ 0] vf  0 remote DST MAC: 00 11 22 33 64 68
[ 0] vf  1 local  SRC MAC: 00 11 22 33 64 67
[ 0] vf  1 remote DST MAC: 00 11 22 33 64 69
created dl_gen_ring_up_0 on core 11
xran_fh_config:
  dpdk_port 0
  sector_id 0
  nCC 1
  neAxc 2
  neAxcUl 0
  nAntElmTRx 0
  nDLFftSize 9
  nULFftSize 9
  nDLRBs 24
  nULRBs 24
  nDLAbsFrePointA 0
  nULAbsFrePointA 0
  nDLCenterFreqARFCN 0
  nULCenterFreqARFCN 0
  ttiCb (nil)
  ttiCbParam (nil)
  Tadv_cp_dl 0
  T2a_min_cp_dl 0
  T2a_max_cp_dl 0
  T2a_min_cp_ul 0
  T2a_max_cp_ul 0
  T2a_min_up 200
  T2a_max_up 1200
  Ta3_min 200
  Ta3_max 470
  T1a_min_cp_dl 0
  T1a_max_cp_dl 0
  T1a_min_cp_ul 0
  T1a_max_cp_ul 0
  T1a_min_up 0
  T1a_max_up 0
  Ta4_min 0
  Ta4_max 0
  enableCP 1
  prachEnable 1
  srsEnable 0
  puschMaskEnable 0
  puschMaskSlot 0
  cp_vlan_tag 0
  up_vlan_tag 0
  debugStop 0
  debugStopCount 0
  DynamicSectionEna 0
  GPS_Alpha 0
  GPS_Beta -9000
  srsEnableCp 0
  SrsDelaySym 0
  prach_config:
    nPrachConfIdx 159
    nPrachSubcSpacing 1
    nPrachZeroCorrConf 0
    nPrachRestrictSet 0
    nPrachRootSeqIdx 0
    nPrachFreqStart 0
    nPrachFreqOffset -288
    nPrachFilterIdx 0
    startSymId 0
    lastSymId 0
    startPrbc 0
    numPrbc 0
    timeOffset 0
    freqOffset 0
    eAxC_offset 2
    nPrachConfIdxLTE 0
  srs_config:
    symbMask 0000
    eAxC_offset 0
  frame_conf:
    nFrameDuplexType TDD
    nNumerology 1
    nTddPeriod 5
    sSlotConfig[0]: DDDDDDDDDDDDDD
    sSlotConfig[1]: DDDDDDGGGGUUUU
    sSlotConfig[2]: UUUUUUUUUUUUUU
    sSlotConfig[3]: UUUUUUUUUUUUUU
    sSlotConfig[4]: UUUUUUUUUUUUUU
  ru_config:
    xranTech NR
    xranCat A
    xranCompHdrType dynamic
    iqWidth 9
    compMeth 1
    iqWidth_PRACH 9
    compMeth_PRACH 1
    fftSize 10
    byteOrder network/BE
    iqOrder I_Q
    xran_max_frame 0
  bbdev_enc (nil)
  bbdev_dec (nil)
  tx_cp_eAxC2Vf 0x7fffb5966150
  tx_up_eAxC2Vf 0x7fffb5966d50
  rx_cp_eAxC2Vf 0x7fffb5967950
  rx_up_eAxC2Vf 0x7fffb5968550
  log_level 1
  max_sections_per_slot 0
  max_sections_per_symbol 0
  RunSlotPrbMapBySymbolEnable 0
  LiteOnIgnoreUPSectionIdEnable 0
  dssEnable 0
  dssPeriod 0
  technology[XRAN_MAX_DSS_PERIODICITY] (not filled as DSS disabled)
 xran_open: 5G NR Category A
xRAN open PRACH config: Numerology 1 ConfIdx 159, preambleFmrt 10 startsymb 0, numSymbol 12, occassionsInPrachSlot 1
PRACH: x 1 y[0] 0, y[1] 0 prach slot: 9 ..
PRACH start symbol 0 lastsymbol 11
xran_init_vfs_mapping: p 0 vf 0
xran_init_vfs_mapping: p 0 vf 1
xran_open: interval_us=500, interval_us_local=500
bbu_offload 0
XRAN_UP_VF: 0x0000
xran_timing_source_thread [CPU 11] [PID: 4125695]
TTI interval 500 [us]
Start UL U-plane 200 us after OTA [offset in sym 6]
Receive DL U-plane 1200 us after OTA [offset in sym 34]
O-XU      1
HW        0
Num cores 3
Num ports 1
O-RU Cat  0
O-RU CC   1
O-RU eAxC 2
p:0 XRAN_JOB_TYPE_CP_DL worker id 1
p:0 XRAN_JOB_TYPE_CP_UL worker id 1
p:0 XRAN_JOB_TYPE_CP_DL worker id 0
p:0 XRAN_JOB_TYPE_CP_UL worker id 0
xran_generic_worker_thread [CPU 12] [PID: 4125695]
spawn worker 0 core 12
xran_generic_worker_thread [CPU 13] [PID: 4125695]
spawn worker 1 core 13
xran_open [CPU 10] [PID: 4125695]
Waiting on Timing thread...
Initialize ORAN port instance 0 (1) sector 0
xran_sector_get_instances() o_xu_id 0 xran_handle 0x7264dcf95040
xran_sector_get_instances [0]: CC 0 handle 0x557187dbb800
Handle: 0x72650c3c9468 Instance: 0x557187dbb800
-> hInstance 0x557187dbb800
ru_0_cc_0_idx_0: [ handle 0x557187dbb800 0 0 ] [nPoolIndex 0] nNumberOfBuffers 4095 nBufferSize 14116 socket_id 0
CC:[ handle 0x557187dbb800 ru 0 cc_idx 0 ] [nPoolIndex 0] mb pool 0x284784540 
xran_bm_init() hInstance 0x557187dbb800 poolIdx 0 elements 4095 size 14116
xran_bm_allocate_buffer() hInstance 0x557187dbb800 poolIdx 0 count 560
ru_0_cc_0_idx_1: [ handle 0x557187dbb800 0 0 ] [nPoolIndex 1] nNumberOfBuffers 4095 nBufferSize 4976 socket_id 0
CC:[ handle 0x557187dbb800 ru 0 cc_idx 0 ] [nPoolIndex 1] mb pool 0x284788a00 
xran_bm_init() hInstance 0x557187dbb800 poolIdx 1 elements 4095 si[93m[HW]     [ORU] Drop invalid U-plane packet: port=0 frame=17 subframe=3 slot=38 slot_in_frame=44 symbol=37 ant=0 start_prb=0 num_prb=0 nDLRBs=24 neAxc=2
[0m[93m[HW]     PRACH was not configured for frame.slot 149.19 adjusted 149.19 frame8 149: no C-plane config cached
[0m[93m[HW]     PRACH was not configured for frame.slot 190.19 adjusted 190.19 frame8 190: no C-plane config cached
[0m[93m[HW]     PRACH was not configured for frame.slot 232.19 adjusted 232.19 frame8 232: no C-plane config cached
[0m[93m[HW]     Packets not processed by the application layer (application layer too slow): 84
[0m[93m[HW]     Packets early: 1
[0m[93m[HW]     Packets malformed (packet couldn't be processed): 1
[0m[93m[HW]     [ORU] Drop invalid U-plane packet: port=0 frame=17 subframe=3 slot=38 slot_in_frame=44 symbol=37 ant=0 start_prb=0 num_prb=0 nDLRBs=24 neAxc=2
[0m[93m[HW]     PRACH was not configured for frame.slot 423.19 adjusted 423.19 frame8 167: no C-plane config cached
[0m[93m[HW]     PRACH was not configured for frame.slot 464.19 adjusted 464.19 frame8 208: no C-plane config cached
[0m[93m[HW]     PRACH was not configured for frame.slot 506.19 adjusted 506.19 frame8 250: no C-plane config cached
[0m[93m[HW]     Packets early: 1
[0m[93m[HW]     Packets malformed (packet couldn't be processed): 1
[0m[93m[HW]     PRACH was not configured for frame.slot 697.19 adjusted 697.19 frame8 185: no C-plane config cached
[0m[93m[HW]     [ORU] Drop invalid U-plane packet: port=0 frame=17 subframe=3 slot=38 slot_in_frame=44 symbol=37 ant=0 start_prb=0 num_prb=0 nDLRBs=24 neAxc=2
[0m[93m[HW]     PRACH was not configured for frame.slot 738.19 adjusted 738.19 frame8 226: no C-plane config cached
[0m[93m[HW]     Packets early: 1
[0m[93m[HW]     Packets malformed (packet couldn't be processed): 1
[0m[93m[HW]     PRACH was not configured for frame.slot 929.19 adjusted 929.19 frame8 161: no C-plane config cached
[0m[93m[HW]     PRACH was not configured for frame.slot 971.19 adjusted 971.19 frame8 203: no C-plane config cached
[0m[93m[HW]     PRACH was not configured for frame.slot 1012.19 adjusted 1012.19 frame8 244: no C-plane config cached
[0m[93m[HW]     PRACH was not configured for frame.slot 179.19 adjusted 179.19 frame8 179: no C-plane config cached
[0m[93m[HW]     PRACH was not configured for frame.slot 221.19 adjusted 221.19 frame8 221: no C-plane config cached
[0m[93m[HW]     PRACH was not configured for frame.slot 411.19 adjusted 411.19 frame8 155: no C-plane config cached
[0m[93m[HW]     PRACH was not configured for frame.slot 453.19 adjusted 453.19 frame8 197: no C-plane config cached
[0m[93m[HW]     PRACH was not configured for frame.slot 495.19 adjusted 495.19 frame8 239: no C-plane config cached
[0m[93m[HW]     [ORU] Drop invalid U-plane packet: port=0 frame=17 subframe=3 slot=38 slot_in_frame=44 symbol=37 ant=0 start_prb=0 num_prb=0 nDLRBs=24 neAxc=2
[0m[93m[HW]     PRACH was not configured for frame.slot 685.19 adjusted 685.19 frame8 173: no C-plane config cached
[0m[93m[HW]     PRACH was not configured for frame.slot 727.19 adjusted 727.19 frame8 215: no C-plane config cached
[0m[93m[HW]     Packets early: 1
[0m[93m[HW]     Packets malformed (packet couldn't be processed): 1
[0m[93m[HW]     PRACH was not configured for frame.slot 918.19 adjusted 918.19 frame8 150: no C-plane config cached
[0m[93m[HW]     PRACH was not configured for frame.slot 959.19 adjusted 959.19 frame8 191: no C-plane config cached
[0m[93m[HW]     PRACH was not configured for frame.slot 1001.19 adjusted 1001.19 frame8 233: no C-plane config cached
[0m[93m[HW]     PRACH was not configured for frame.slot 168.19 adjusted 168.19 frame8 168: no C-plane config cached
[0m[93m[HW]     PRACH was not configured for frame.slot 209.19 adjusted 209.19 frame8 209: no C-plane config cached
[0m[93m[HW]     PRACH was not configured for frame.slot 251.19 adjusted 251.19 frame8 251: no C-plane config cached
[0m[93m[HW]     PRACH was not configured for frame.slot 442.19 adjusted 442.19 frame8 186: no C-plane config cached
[0m[93m[HW]     PRACH was not configured for frame.slot 483.19 adjusted 483.19 frame8 227: no C-plane config cached
[0m[93m[HW]     PRACH was not configured for frame.slot 674.19 adjusted 674.19 frame8 162: no C-plane config cached
[0m[93m[HW]     PRACH was not configured for frame.slot 716.19 adjusted 716.19 frame8 204: no C-plane config cached
[0m[93m[HW]     PRACH was not configured for frame.slot 757.19 adjusted 757.19 frame8 245: no C-plane config cached
[0m[93m[HW]     PRACH was not configured for frame.slot 948.19 adjusted 948.19 frame8 180: no C-plane config cached
[0m[93m[HW]     PRACH was not configured for frame.slot 990.19 adjusted 990.19 frame8 222: no C-plane config cached
[0m[93m[HW]     [ORU] Drop invalid U-plane packet: port=0 frame=17 subframe=3 slot=38 slot_in_frame=44 symbol=37 ant=0 start_prb=0 num_prb=0 nDLRBs=24 neAxc=2
[0m[93m[HW]     PRACH was not configured for frame.slot 156.19 adjusted 156.19 frame8 156: no C-plane config cached
[0m[93m[HW]     PRACH was not configured for frame.slot 198.19 adjusted 198.19 frame8 198: no C-plane config cached
[0m[93m[HW]     PRACH was not configured for frame.slot 240.19 adjusted 240.19 frame8 240: no C-plane config cached
[0m[93m[HW]     Packets early: 1
[0m[93m[HW]     Packets malformed (packet couldn't be processed): 1
[0m[93m[HW]     PRACH was not configured for frame.slot 430.19 adjusted 430.19 frame8 174: no C-plane config cached
[0m[93m[HW]     PRACH was not configured for frame.slot 472.19 adjusted 472.19 frame8 216: no C-plane config cached
[0m[93m[HW]     PRACH was not configured for frame.slot 663.19 adjusted 663.19 frame8 151: no C-plane config cached
[0m[93m[HW]     PRACH was not configured for frame.slot 704.19 adjusted 704.19 frame8 192: no C-plane config cached
[0m[93m[HW]     PRACH was not configured for frame.slot 746.19 adjusted 746.19 frame8 234: no C-plane config cached
[0m[93m[HW]     PRACH was not configured for frame.slot 937.19 adjusted 937.19 frame8 169: no C-plane config cached
[0m[93m[HW]     PRACH was not configured for frame.slot 978.19 adjusted 978.19 frame8 210: no C-plane config cached
[0m[93m[HW]     PRACH was not configured for frame.slot 1020.19 adjusted 1020.19 frame8 252: no C-plane config cached
[0m[93m[HW]     PRACH was not configured for frame.slot 187.19 adjusted 187.19 frame8 187: no C-plane config cached
[0m[93m[HW]     PRACH was not configured for frame.slot 228.19 adjusted 228.19 frame8 228: no C-plane config cached
[0m[93m[HW]     PRACH was not configured for frame.slot 419.19 adjusted 419.19 frame8 163: no C-plane config cached
[0m[93m[HW]     [ORU] Drop invalid U-plane packet: port=0 frame=17 subframe=3 slot=38 slot_in_frame=44 symbol=37 ant=0 start_prb=0 num_prb=0 nDLRBs=24 neAxc=2
[0m[93m[HW]     PRACH was not configured for frame.slot 461.19 adjusted 461.19 frame8 205: no C-plane config cached
[0m[93m[HW]     PRACH was not configured for frame.slot 502.19 adjusted 502.19 frame8 246: no C-plane config cached
[0m[93m[HW]     Packets early: 1
[0m[93m[HW]     Packets malformed (packet couldn't be processed): 1
[0m[93m[HW]     PRACH was not configured for frame.slot 693.19 adjusted 693.19 frame8 181: no C-plane config cached
[0m[93m[HW]     [ORU] Drop invalid U-plane packet: port=0 frame=17 subframe=3 slot=38 slot_in_frame=44 symbol=37 ant=0 start_prb=0 num_prb=0 nDLRBs=24 neAxc=2
[0m[93m[HW]     PRACH was not configured for frame.slot 735.19 adjusted 735.19 frame8 223: no C-plane config cached
[0m[93m[HW]     Packets early: 1
[0m[93m[HW]     Packets malformed (packet couldn't be processed): 1
[0m[93m[HW]     PRACH was not configured for frame.slot 925.19 adjusted 925.19 frame8 157: no C-plane config cached
[0m[93m[HW]     PRACH was not configured for frame.slot 967.19 adjusted 967.19 frame8 199: no C-plane config cached
[0m[93m[HW]     PRACH was not configured for frame.slot 1009.19 adjusted 1009.19 frame8 241: no C-plane config cached
[0m[93m[HW]     [ORU] Drop invalid U-plane packet: port=0 frame=17 subframe=3 slot=38 slot_in_frame=44 symbol=37 ant=0 start_prb=0 num_prb=0 nDLRBs=24 neAxc=2
[0m[93m[HW]     PRACH was not configured for frame.slot 175.19 adjusted 175.19 frame8 175: no C-plane config cached
[0m[93m[HW]     PRACH was not configured for frame.slot 217.19 adjusted 217.19 frame8 217: no C-plane config cached
[0m[93m[HW]     Packets early: 1
[0m[93m[HW]     Packets malformed (packet couldn't be processed): 1
[0m[93m[HW]     PRACH was not configured for frame.slot 408.19 adjusted 408.19 frame8 152: no C-plane config cached
[0m[93m[HW]     PRACH was not configured for frame.slot 449.19 adjusted 449.19 frame8 193: no C-plane config cached
[0m[93m[HW]     PRACH was not configured for frame.slot 491.19 adjusted 491.19 frame8 235: no C-plane config cached
[0m[93m[HW]     PRACH was not configured for frame.slot 682.19 adjusted 682.19 frame8 170: no C-plane config cached
[0m[93m[HW]     PRACH was not configured for frame.slot 723.19 adjusted 723.19 frame8 211: no C-plane config cached
[0m[93m[HW]     PRACH was not configured for frame.slot 765.19 adjusted 765.19 frame8 253: no C-plane config cached
[0m[93m[HW]     PRACH was not configured for frame.slot 956.19 adjusted 956.19 frame8 188: no C-plane config cached
[0m[93m[HW]     [ORU] Drop invalid U-plane packet: port=0 frame=17 subframe=3 slot=38 slot_in_frame=44 symbol=37 ant=0 start_prb=0 num_prb=0 nDLRBs=24 neAxc=2
[0m[93m[HW]     PRACH was not configured for frame.slot 997.19 adjusted 997.19 frame8 229: no C-plane config cached
[0m[93m[HW]     Packets early: 1
[0m[93m[HW]     Packets malformed (packet couldn't be processed): 1
[0m[93m[HW]     PRACH was not configured for frame.slot 164.19 adjusted 164.19 frame8 164: no C-plane config cached
[0m[93m[HW]     PRACH was not configured for frame.slot 206.19 adjusted 206.19 frame8 206: no C-plane config cached
[0m[93m[HW]     PRACH was not configured for frame.slot 247.19 adjusted 247.19 frame8 247: no C-plane config cached
[0m[93m[HW]     PRACH was not configured for frame.slot 438.19 adjusted 438.19 frame8 182: no C-plane config cached
[0m[93m[HW]     PRACH was not configured for frame.slot 480.19 adjusted 480.19 frame8 224: no C-plane config cached
[0m[93m[HW]     PRACH was not configured for frame.slot 670.19 adjusted 670.19 frame8 158: no C-plane config cached
[0m[93m[HW]     PRACH was not configured for frame.slot 712.19 adjusted 712.19 frame8 200: no C-plane config cached
[0m[93m[HW]     PRACH was not configured for frame.slot 754.19 adjusted 754.19 frame8 242: no C-plane config cached
[0m[93m[HW]     PRACH was not configured for frame.slot 944.19 adjusted 944.19 frame8 176: no C-plane config cached
[0m[93m[HW]     PRACH was not configured for frame.slot 986.19 adjusted 986.19 frame8 218: no C-plane config cached
[0m[93m[HW]     PRACH was not configured for frame.slot 153.19 adjusted 153.19 frame8 153: no C-plane config cached
[0m[93m[HW]     PRACH was not configured for frame.slot 194.19 adjusted 194.19 frame8 194: no C-plane config cached
[0m[93m[HW]     PRACH was not configured for frame.slot 236.19 adjusted 236.19 frame8 236: no C-plane config cached
[0m[93m[HW]     PRACH was not configured for frame.slot 427.19 adjusted 427.19 frame8 171: no C-plane config cached
[0m[93m[HW]     PRACH was not configured for frame.slot 468.19 adjusted 468.19 frame8 212: no C-plane config cached
[0m[93m[HW]     PRACH was not configured for frame.slot 510.19 adjusted 510.19 frame8 254: no C-plane config cached
[0m[93m[HW]     [ORU] Drop invalid U-plane packet: port=0 frame=17 subframe=3 slot=38 slot_in_frame=44 symbol=37 ant=0 start_prb=0 num_prb=0 nDLRBs=24 neAxc=2
[0m[93m[HW]     PRACH was not configured for frame.slot 701.19 adjusted 701.19 frame8 189: no C-plane config cached
[0m[93m[HW]     PRACH was not configured for frame.slot 742.19 adjusted 742.19 frame8 230: no C-plane config cached
[0m[93m[HW]     Packets early: 1
[0m[93m[HW]     Packets malformed (packet couldn't be processed): 1
[0m[93m[HW]     PRACH was not configured for frame.slot 933.19 adjusted 933.19 frame8 165: no C-plane config cached
[0m[93m[HW]     PRACH was not configured for frame.slot 975.19 adjusted 975.19 frame8 207: no C-plane config cached
[0m[93m[HW]     PRACH was not configured for frame.slot 1016.19 adjusted 1016.19 frame8 248: no C-plane config cached
[0m[93m[HW]     PRACH was not configured for frame.slot 183.19 adjusted 183.19 frame8 183: no C-plane config cached
[0m[93m[HW]     PRACH was not configured for frame.slot 225.19 adjusted 225.19 frame8 225: no C-plane config cached
[0m[93m[HW]     PRACH was not configured for frame.slot 415.19 adjusted 415.19 frame8 159: no C-plane config cached
[0m[93m[HW]     PRACH was not configured for frame.slot 457.19 adjusted 457.19 frame8 201: no C-plane config cached
[0m[93m[HW]     PRACH was not configured for frame.slot 499.19 adjusted 499.19 frame8 243: no C-plane config cached
[0m[93m[HW]     PRACH was not configured for frame.slot 689.19 adjusted 689.19 frame8 177: no C-plane config cached
[0m[93m[HW]     PRACH was not configured for frame.slot 731.19 adjusted 731.19 frame8 219: no C-plane config cached
[0m[93m[HW]     PRACH was not configured for frame.slot 922.19 adjusted 922.19 frame8 154: no C-plane config cached
[0m[93m[HW]     PRACH was not configured for frame.slot 963.19 adjusted 963.19 frame8 195: no C-plane config cached
[0m[93m[HW]     PRACH was not configured for frame.slot 1005.19 adjusted 1005.19 frame8 237: no C-plane config cached
[0m