Logging terminal output to /home/jesse/oran_lab/logs/run_du/run_du_20260527_200843_pid1205199.log
DU cores: 4,5,6,7,8,9,17,18
DU numerology: 1
AnonHugePages:   6762496 kB
ShmemHugePages:        0 kB
FileHugePages:   5353472 kB
HugePages_Total:    8192
HugePages_Free:     4096
HugePages_Rsvd:        0
HugePages_Surp:        0
Hugepagesize:       2048 kB
Hugetlb:        16777216 kB
CMDLINE: "./nr-softmodem" "-O" "/home/jesse/oran_lab/du_test.conf" "--gNBs.[0].min_rxtxtime" "6" "--thread-pool" "4,5,6,7" "--numerology" "1" 
[HW]     Version: Branch: compression-plus-timing-fix Abrev. Hash: 3b10464162 Date: Tue May 26 09:32:18 2026 -0700
[0m[PHY]    No prs_config configuration found..!!
[0m[PHY]    DL frequency 4049760000 Hz, UL frequency 4049760000 Hz: uldl offset 0 Hz
[0m[PHY]    Initializing frame parms for mu 1, N_RB 24, Ncp 0
[0m[PHY]    Init: N_RB_DL 24, first_carrier_offset 368, nb_prefix_samples 36,nb_prefix_samples0 44, ofdm_symbol_size 512
[0m[MAC]    received F1 Setup Response from CU (null)
[0m[MAC]    CU uses RRC version 17.3.0
[0m[MAC]    Clearing the DU's UE states before, if any.
[0m[MAC]    received gNB-DU configuration update acknowledge
[0m[PHY]    number of L1 instances 1, number of RU 1, number of CPU cores 32
[0m[PHY]    Initialized RU proc 0 (NGFI_RAU_IF4p5,synch_to_ext_device),
[0m[PHY]    Starting RU 0 (NGFI_RAU_IF4p5,synch_to_ext_device) on cpu 5
[0m[PHY]    Initializing frame parms for mu 1, N_RB 24, Ncp 0
[0m[PHY]    Init: N_RB_DL 24, first_carrier_offset 368, nb_prefix_samples 36,nb_prefix_samples0 44, ofdm_symbol_size 512
[0m[PHY]    fp->scs=30000
[0m[PHY]    fp->ofdm_symbol_size=512
[0m[PHY]    fp->nb_prefix_samples0=44
[0m[PHY]    fp->nb_prefix_samples=36
[0m[PHY]    fp->slots_per_subframe=2
[0m[PHY]    fp->samples_per_subframe_wCP=14336
[0m[PHY]    fp->samples_per_frame_wCP=143360
[0m[PHY]    fp->samples_per_subframe=15360
[0m[PHY]    fp->samples_per_frame=153600
[0m[PHY]    fp->dl_CarrierFreq=4049760000
[0m[PHY]    fp->ul_CarrierFreq=4049760000
[0m[PHY]    fp->Nid_cell=0
[0m[PHY]    fp->first_carrier_offset=368
[0m[PHY]    fp->ssb_start_subcarrier=0
[0m[PHY]    fp->Ncp=0
[0m[PHY]    fp->N_RB_DL=24
[0m[PHY]    fp->numerology_index=1
[0m[PHY]    fp->ofdm_offset_divisor=8
[0m[PHY]    fp->threequarter_fs=0
[0m[PHY]    fp->sl_CarrierFreq=0
[0m[PHY]    fp->N_RB_SL=0
[0m[PHY]    Setting RF config for N_RB 24, NB_RX 1, NB_TX 1
[0m[PHY]    tune_offset 0 Hz, sample_rate 15360000 Hz
[0m[PHY]    Channel 0: setting tx_gain offset 0, tx_freq 4049760000 Hz
[0m[PHY]    Channel 0: setting rx_gain offset 0, rx_freq 4049760000 Hz
[0m[PHY]    starting transport
[0m[32m[PHY]    Initializing XRAN layer as O-DU
[0m[HW]     Initializing O-RAN 7.2 FH interface through xran library (compiled against headers of oran_f_release_v1.8)
[0mEAL: Detected 32 lcore(s)
EAL: Detected 1 NUMA nodes
EAL: Auto-detected process type: PRIMARY
EAL: Detected shared linkage of DPDK
EAL: Multi-process socket /var/run/dpdk/wls_0/mp_socket
EAL: Selected IOVA mode 'PA'
EAL: No available hugepages reported in hugepages-1048576kB
EAL: Probing VFIO support...
EAL: VFIO support initialized
EAL: Probe PCI driver: net_i40e_vf (8086:154c) device: 0000:06:02.2 (socket 0)
[CONFIG] function config_libconfig_init returned 0
xran_fh_init:
  io_cfg:
    id 0 (O-DU)
    num_vfs 2
    num_rxq 1
    dpdk_dev [0000:06:02.2, 0000:06:02.3, (null), (null), (null), (null), (null), (null), (null), (null), (null), (null), (null), (null), (null), (null)]
    bbdev_dev (null)
    bbdev_mode -1
    dpdkIoVaMode 0
    dpdkMemorySize 8192
    core 9
    system_core 8
    pkt_proc_core 0000000000060000
    pkt_proc_core_64_127 0000000000000000
    pkt_aux_core 0
    timing_core 9
    port (filled within xran library)
    io_sleep 0
    nEthLinePerPort 1
    nEthLineSpeed 10
    one_vf_cu_plane 0
    eowd_cmn[0]:
      initiator_en 0
      numberOfSamples 0
      filterType 0
      responseTo 0
      measVf 0
      measState 0
      measId 0
      measMethod 0
      owdm_enable 0
      owdm_PlLength 0
eowd_port (filled within xran library)
    bbu_offload 0
  eAxCId_conf:
    mask_cuPortId 0xf000
    mask_bandSectorId 0x0f00
    mask_ccId 0x00f0
    mask_ruPortId 0x000f
    bit_cuPortId 0
    bit_bandSectorId 0
    bit_ccId 0
    bit_ruPortId 0
  xran_ports 1
  dpdkBasebandFecMode 0
  dpdkBasebandDevice (null)
  filePrefix wls_0
  mtu 9600
  p_o_du_addr (null)
  p_o_ru_addr [00:11:22:33:64:66, 00:11:22:33:64:67]
  totalBfWeights 0
  mlogxranenable 0
  dlCpProcBurst 0
'DPDK 20.11.9'
 xran_init: MTU 9600
PF Eth line speed 10G
PF Eth lines per O-xU port 1
RX HW queues per O-xU Eth line 1 
node 0
total cores 32 c_mask 0x00000000000060300 core 9 [id] system_core 8 [id] pkt_proc_core 0x00000000000060000 [mask] pkt_aux_core 0 [id] timing_core 9 [id]
xran_ethdi_init_dpdk_io: Calling rte_eal_init:wls_0 -c 0x00000000000060300 -n2 --iova-mode=pa --socket-mem=8192,0 --socket-limit=8192,0 --proc-type=auto --no-telemetry --file-prefix wls_0 -a0000:00:00.0    
xran_init_mbuf_pool: socket 0
initializing port 0 for TX, drv=net_i40e_vf
Port 0 MAC: 00 11 22 33 64 68
Port 0: nb_rxd 4096 nb_txd 4096
[0] mp_rx__p_0_q_0 num blocks 65535
[0] mempool_small__0

Checking link status portid [0]  EAL: Probe PCI driver: net_i40e_vf (8086:154c) device: 0000:06:02.3 (socket 0)
skipped by XRAN_SKIP_LINK_CHECK
initializing port 1 for TX, drv=net_i40e_vf
Port 1 MAC: 00 11 22 33 64 69
Port 1: nb_rxd 4096 nb_txd 4096
[1] mp_rx__p_1_q_0 num blocks 65535
[1] mempool_small__1
Created ring tx_ring_cp_1 on core 9
Created ring rx_ring_cp_1_0 on core 9

Checking link status portid [1]  [93m[HW]     XRAN modifed affinity. Correcting affinity of caller
[0mskipped by XRAN_SKIP_LINK_CHECK
[ 0] vf  0 local  SRC MAC: 00 11 22 33 64 68
[ 0] vf  0 remote DST MAC: 00 11 22 33 64 66
[ 0] vf  1 local  SRC MAC: 00 11 22 33 64 69
[ 0] vf  1 remote DST MAC: 00 11 22 33 64 67
created dl_gen_ring_up_0 on core 9
xran_fh_config:
  dpdk_port 0
  sector_id 0
  nCC 1
  neAxc 1
  neAxcUl 0
  nAntElmTRx 0
  nDLFftSize 9
  nULFftSize 9
  nDLRBs 24
  nULRBs 24
  nDLAbsFrePointA 0
  nULAbsFrePointA 0
  nDLCenterFreqARFCN 0
  nULCenterFreqARFCN 0
  ttiCb (nil)
  ttiCbParam (nil)
  Tadv_cp_dl 0
  T2a_min_cp_dl 0
  T2a_max_cp_dl 0
  T2a_min_cp_ul 0
  T2a_max_cp_ul 0
  T2a_min_up 0
  T2a_max_up 0
  Ta3_min 0
  Ta3_max 0
  T1a_min_cp_dl 285
  T1a_max_cp_dl 470
  T1a_min_cp_ul 285
  T1a_max_cp_ul 535
  T1a_min_up 300
  T1a_max_up 450
  Ta4_min 400
  Ta4_max 440
  enableCP 1
  prachEnable 1
  srsEnable 0
  puschMaskEnable 0
  puschMaskSlot 0
  cp_vlan_tag 0
  up_vlan_tag 0
  debugStop 0
  debugStopCount 0
  DynamicSectionEna 0
  GPS_Alpha 0
  GPS_Beta -9000
  srsEnableCp 0
  SrsDelaySym 0
  prach_config:
    nPrachConfIdx 159
    nPrachSubcSpacing 1
    nPrachZeroCorrConf 0
    nPrachRestrictSet 0
    nPrachRootSeqIdx 0
    nPrachFreqStart 0
    nPrachFreqOffset -288
    nPrachFilterIdx 0
    startSymId 0
    lastSymId 0
    startPrbc 0
    numPrbc 0
    timeOffset 0
    freqOffset 0
    eAxC_offset 1
    nPrachConfIdxLTE 0
  srs_config:
    symbMask 0000
    eAxC_offset 0
  frame_conf:
    nFrameDuplexType TDD
    nNumerology 1
    nTddPeriod 5
    sSlotConfig[0]: DDDDDDDDDDDDDD
    sSlotConfig[1]: DDDDDDDDDDDDDD
    sSlotConfig[2]: DDDDDDDDDDDDDD
    sSlotConfig[3]: DDDDDDGGGGUUUU
    sSlotConfig[4]: UUUUUUUUUUUUUU
  ru_config:
    xranTech NR
    xranCat A
    xranCompHdrType dynamic
    iqWidth 9
    compMeth 1
    iqWidth_PRACH 16
    compMeth_PRACH 0
    fftSize 8
    byteOrder network/BE
    iqOrder I_Q
    xran_max_frame 0
  bbdev_enc (nil)
  bbdev_dec (nil)
  tx_cp_eAxC2Vf 0x77a612fe14b0
  tx_up_eAxC2Vf 0x77a612fe20b0
  rx_cp_eAxC2Vf 0x77a612fe2cb0
  rx_up_eAxC2Vf 0x77a612fe38b0
  log_level 1
  max_sections_per_slot 0
  max_sections_per_symbol 0
  RunSlotPrbMapBySymbolEnable 0
  LiteOnIgnoreUPSectionIdEnable 0
  dssEnable 0
  dssPeriod 0
  technology[XRAN_MAX_DSS_PERIODICITY] (not filled as DSS disabled)
 xran_open: 5G NR Category A
xRAN open PRACH config: Numerology 1 ConfIdx 159, preambleFmrt 10 startsymb 0, numSymbol 12, occassionsInPrachSlot 1
PRACH: x 1 y[0] 0, y[1] 0 prach slot: 9 ..
PRACH start symbol 0 lastsymbol 11
xran_init_vfs_mapping: p 0 vf 0
xran_init_vfs_mapping: p 0 vf 1
xran_open: interval_us=500, interval_us_local=500
bbu_offload 0
XRAN_UP_VF: 0x0000
xran_timing_source_thread [CPU  9] [PID: 1205222]
TTI interval 500 [us]
delay_cp_dl_max=30, sym_cp_dl_max=1, max_dl_offset_sym=13
delay_cp_dl_min=215, sym_cp_dl_min=5, min_dl_offset_sym=9
delay_cp_ul=465,     sym_cp_ul=0,     ul_offset_sym=14
offset_num_slots_cp_dl=0, offset_num_slots_cp_ul=1, offset_num_slots_up_ul=0
C-plane DL from 30 us after TTI  [trigger on sym 1] to 215 us after TTI [trigger on sym 5]
Start C-plane UL 465 us after TTI  [trigger on sym 0]
Start U-plane DL 450 us before OTA [offset  in sym -12]
Start U-plane UL 440 us OTA        [offset  in sym 13]
C-plane to U-plane delay 20 us after TTI
Start Sym timer 107142 ns
created sym cp dl cb for symbol 1
O-XU      0
HW        0
Num cores 3
Num ports 1
O-RU Cat  0
created sym cp dl cb for symbol 2
O-RU CC   1
O-RU eAxC 1
p:0 XRAN_JOB_TYPE_CP_DL worker id 1
p:0 XRAN_JOB_TYPE_CP_UL worker id 1
created sym cp dl cb for symbol 3
created sym cp dl cb for symbol 4
created sym cp dl cb for symbol 5
p:0 XRAN_JOB_TYPE_CP_DL worker id 0
p:0 XRAN_JOB_TYPE_CP_UL worker id 0
xran_generic_worker_thread [CPU 17] [PID: 1205222]
spawn worker 0 core 17
xran_generic_worker_thread [CPU 18] [PID: 1205222]
spawn worker 1 core 18
xran_open [CPU  7] [PID: 1205222]
Waiting on Timing thread...
Initialize ORAN port instance 0 (1) sector 0
xran_sector_get_instances() o_xu_id 0 xran_handle 0x77a5d8f95040
xran_sector_get_instances [0]: CC 0 handle 0x77a60016c740
Handle: 0x77a6205b1468 Instance: 0[HW]     [RAU] has loaded ETHERNET trasport protocol.
[0m[PHY]    Starting IF interface for RU 0, nb_rx 1
[0m[PHY]    RU 0 Setting N_TA_offset to 200 samples (UL Freq 4045440, N_RB 24, mu 1)
[0m[PHY]    Signaling main thread that RU 0 is ready, sl_ahead 10
[0m[PHY]    L1 configured without analog beamforming
[0m[PHY]    Attaching RU 0 antenna 0 to gNB antenna 0
[0m[PHY]    got sync (ru_thread)
[0m[PHY]    got sync (L1_stats_thread)
[0mx77a60016c740
-> hInstance 0x77a60016c740
ru_0_cc_0_idx_0: [ handle 0x77a60016c740 0 0 ] [nPoolIndex 0] nNumberOfBuffers 511 nBufferSize 14116 socket_id 0
CC:[ handle 0x77a60016c740 ru 0 cc_idx 0 ] [nPoolIndex 0] mb pool 0x284784940 
xran_bm_init() hInstance 0x77a60016c740 poolIdx 0 elements 511 size 14116
xran_bm_allocate_buffer() hInstance 0x77a60016c740 poolIdx 0 count 280
ru_0_cc_0_idx_1: [ handle 0x77a60016c740 0 0 ] [nPoolIndex 1] nNumberOfBuffers 511 nBufferSize 4976 socket_id 0
CC:[ handle 0x77a60016c740 ru 0 cc_idx 0 ] [nPoolIndex 1] mb pool 0x284784280 
xran_bm_init() hInstance 0x77a60016c740 poolIdx 1 elements 511 size 4976
xran_bm_allocate_buffer() hInstance 0x77a60016c740 poolIdx 1 count 20
ru_0_cc_0_idx_2: [ handle 0x77a60016c740 0 0 ] [nPoolIndex 2] nNumberOfBuffers 511 nBufferSize 13168 socket_id 0
CC:[ handle 0x77a60016c740 ru 0 cc_idx 0 ] [nPoolIndex 2] mb pool 0x284786d00 
xran_bm_init() hInstance 0x77a60016c740 poolIdx 2 elements 511 size 13168
xran_bm_allocate_buffer() hInstance 0x77a60016c740 poolIdx 2 count 280
ru_0_cc_0_idx_3: [ handle 0x77a60016c740 0 0 ] [nPoolIndex 3] nNumberOfBuffers 511 nBufferSize 4976 socket_id 0
CC:[ handle 0x77a60016c740 ru 0 cc_idx 0 ] [nPoolIndex 3] mb pool 0x284786700 
xran_bm_init() hInstance 0x77a60016c740 poolIdx 3 elements 511 size 4976
xran_bm_allocate_buffer() hInstance 0x77a60016c740 poolIdx 3 count 20
ru_0_cc_0_idx_4: [ handle 0x77a60016c740 0 0 ] [nPoolIndex 4] nNumberOfBuffers 511 nBufferSize 3360 socket_id 0
CC:[ handle 0x77a60016c740 ru 0 cc_idx 0 ] [nPoolIndex 4] mb pool 0x2847861c0 
xran_bm_init() hInstance 0x77a60016c740 poolIdx 4 elements 511 size 3360
xran_bm_allocate_buffer() hInstance 0x77a60016c740 poolIdx 4 count 280
ORAN: get_internal_parameter
ORAN: get_internal_parameter
ORAN: trx_oran_start
O-DU: XRAN start time: 05/28/26 03:08:47.396995402 UTC [500]
Start ORAN. Done
TYPE <CTRL-C> TO TERMINATE
[PHY]    RU 0 no rf device
[0m[PHY]    RU 0 RF started cpu_meas_enabled 0
[0m[HW]     [PUSCH BFP] ENTER: frame=0, slot=9, sym=12, ant=0, startRB=0, numRB=24, iqWidth=9, payload_len=672
[0m[HW]     [PUSCH BFP] Decompression returned, rsp.len=1152
[0m[HW]     [PUSCH BFP] ENTER: frame=0, slot=9, sym=13, ant=0, startRB=0, numRB=24, iqWidth=9, payload_len=672
[0m[HW]     [PUSCH BFP] Decompression returned, rsp.len=1152
[0m[93m[HW]     TTI processing delay detected, skipping    0.10 =>    1. 8
[0m[HW]     [PUSCH BFP] ENTER: frame=1, slot=8, sym=10, ant=0, startRB=0, numRB=24, iqWidth=9, payload_len=672
[0m[HW]     [PUSCH BFP] Decompression returned, rsp.len=1152
[0m[HW]     [PUSCH BFP] ENTER: frame=1, slot=8, sym=11, ant=0, startRB=0, numRB=24, iqWidth=9, payload_len=672
[0m[HW]     [PUSCH BFP] Decompression returned, rsp.len=1152
[0m[HW]     [PUSCH BFP] ENTER: frame=1, slot=8, sym=12, ant=0, startRB=0, numRB=24, iqWidth=9, payload_len=672
[0m[HW]     [PUSCH BFP] Decompression returned, rsp.len=1152
[0m[1;31m[HW]     Received Time doesn't correspond to the time we think it is (slot mismatch, received 1.8, expected 0.10)
[0m[1;31m[HW]     Received Time doesn't correspond to the time we think it is (frame mismatch, 1.8 , expected 0.8)
[0m[93m[HW]     we get rach data from ru, but it is not scheduled 1.19
[0m[93m[HW]     TTI processing delay detected, skipping   97. 4 =>   98.10
[0m[1;31m[HW]     Received Time doesn't correspond to the time we think it is (slot mismatch, received 98.10, expected 97.4)
[0m[1;31m[HW]     Received Time doesn't correspond to the time we think it is (frame mismatch, 98.10 , expected 97.10)
[0m[93m[HW]     we get rach data from ru, but it is not scheduled 98.19
[0m[32m[PHY]    Command line parameters for OAI UE: -C 4049760000 -r 24 --numerology 1 --ssb 24 
[0m[93m[HW]     TTI processing delay detected, skipping  107. 4 =>  107.16
[0m[1;31m[HW]     Received Time doesn't correspond to the time we think it is (slot mismatch, received 107.16, expected 107.4)
[0m[93m[HW]     we get rach data from ru, but it is not scheduled 107.19
[0m[93m[HW]     we get rach data from ru, but it is not scheduled 108.19
[0m[PHY]    ULSCH ACK trace 111.18 rnti 70b7 harq 0 round 0 rv 0 crc_valid 1 processed 1/1 abort 0 dtx 0 TBS 7 rb 0+8 sym 10+3 mcs 1 Qm 2 SNR 0.0 dB TAest 0
[0m[93m[NR_MAC] MSG3 ULSCH with no signal
[0m[PHY]    ULSCH ACK trace 112.18 rnti 70b7 harq 0 round 1 rv 2 crc_valid 1 processed 1/1 abort 0 dtx 0 TBS 7 rb 0+8 sym 10+3 mcs 1 Qm 2 SNR 0.0 dB TAest 0
[0m[93m[NR_MAC] MSG3 ULSCH with no signal
[0m[PHY]    ULSCH ACK trace 113.18 rnti 442e harq 0 round 0 rv 0 crc_valid 1 processed 1/1 abort 0 dtx 0 TBS 7 rb 0+8 sym 10+3 mcs 1 Qm 2 SNR 39.0 dB TAest 0
[0m[93m[PHY]    ULSCH NAK trace 113.18 rnti 70b7 harq 0 round 1 rv 3 crc_valid 0 processed 0/1 abort 1 dtx 0 TBS 7 rb 7+8 sym 10+3 mcs 1 Qm 2 SNR 30.0 dB TAest 0
[0m[MAC]    [RAPROC] Received SDU for CCCH length 6 for UE 442e
[0m[93m[PHY]    ULSCH NAK trace 114.18 rnti 70b7 harq 0 round 2 rv 1 crc_valid 0 processed 0/1 abort 1 dtx 0 TBS 7 rb 0+8 sym 10+3 mcs 1 Qm 2 SNR 27.8 dB TAest 0
[0m[93m[NR_MAC] UE 70b7 RA failed at state WAIT_Msg3 (Reached msg3 max harq rounds)
[0m[93m[PHY]    ULSCH NAK trace 115.19 rnti 442e harq 0 round 0 rv 0 crc_valid 0 processed 0/1 abort 1 dtx 0 TBS 17 rb 12+5 sym 0+13 mcs 0 Qm 2 SNR 22.2 dB TAest 47
[0m[93m[PHY]    ULSCH NAK trace 116.19 rnti 442e harq 0 round 1 rv 2 crc_valid 0 processed 0/1 abort 1 dtx 0 TBS 17 rb 12+5 sym 0+13 mcs 0 Qm 2 SNR 21.0 dB TAest 46
[0m[93m[PHY]    ULSCH NAK trace 117.19 rnti 442e harq 0 round 2 rv 3 crc_valid 0 processed 0/1 abort 1 dtx 0 TBS 17 rb 12+5 sym 0+13 mcs 0 Qm 2 SNR 20.6 dB TAest 48
[0m[93m[PHY]    ULSCH NAK trace 118.19 rnti 442e harq 0 round 3 rv 1 crc_valid 0 processed 0/1 abort 1 dtx 0 TBS 17 rb 12+5 sym 0+13 mcs 0 Qm 2 SNR 20.4 dB TAest 47
[0m[HW]     [o-du 0][rx   10716 pps   10716 kbps   41557][tx   31916 pps   31916 kbps  100256][Total Msgs_Rcvd 10716]
[0m[HW]     [FH LOAD][o-du 0] rx=41.557 Mbps tx=100.256 Mbps total=141.813 Mbps rx_pps=10716 tx_pps=31916 total_pps=42632
[0m[HW]     [o_du0][pusch0    9180 prach0    1536]
[0m[93m[PHY]    ULSCH NAK trace 128.4 rnti 442e harq 1 round 0 rv 0 crc_valid 0 processed 0/1 abort 1 dtx 0 TBS 17 rb 4+5 sym 0+13 mcs 0 Qm 2 SNR 21.3 dB TAest 47
[0m[93m[PHY]    ULSCH NAK trace 129.4 rnti 442e harq 1 round 1 rv 2 crc_valid 0 processed 0/1 abort 1 dtx 0 TBS 17 rb 4+5 sym 0+13 mcs 0 Qm 2 SNR 19.0 dB TAest 47
[0m[93m[PHY]    ULSCH NAK trace 130.4 rnti 442e harq 1 round 2 rv 3 crc_valid 0 processed 0/1 abort 1 dtx 0 TBS 17 rb 4+5 sym 0+13 mcs 0 Qm 2 SNR 19.4 dB TAest 49
[0m[93m[PHY]    ULSCH NAK trace 131.4 rnti 442e harq 1 round 3 rv 1 crc_valid 0 processed 0/1 abort 1 dtx 0 TBS 17 rb 4+5 sym 0+13 mcs 0 Qm 2 SNR 20.3 dB TAest 47
[0m[93m[PHY]    ULSCH NAK trace 141.4 rnti 442e harq 2 round 0 rv 0 crc_valid 0 processed 0/1 abort 1 dtx 0 TBS 17 rb 4+5 sym 0+13 mcs 0 Qm 2 SNR 19.8 dB TAest 48
[0m[93m[PHY]    ULSCH NAK trace 142.4 rnti 442e harq 2 round 1 rv 2 crc_valid 0 processed 0/1 abort 1 dtx 0 TBS 17 rb 4+5 sym 0+13 mcs 0 Qm 2 SNR 19.9 dB TAest 47
[0m[93m[PHY]    ULSCH NAK trace 143.4 rnti 442e harq 2 round 2 rv 3 crc_valid 0 processed 0/1 abort 1 dtx 0 TBS 17 rb 4+5 sym 0+13 mcs 0 Qm 2 SNR 19.7 dB TAest 46
[0m[93m[PHY]    ULSCH NAK trace 144.4 rnti 442e harq 2 round 3 rv 1 crc_valid 0 processed 0/1 abort 1 dtx 0 TBS 17 rb 4+5 sym 0+13 mcs 0 Qm 2 SNR 20.5 dB TAest 48
[0m[93m[PHY]    ULSCH NAK trace 154.4 rnti 442e harq 3 round 0 rv 0 crc_valid 0 processed 0/1 abort 1 dtx 0 TBS 17 rb 4+5 sym 0+13 mcs 0 Qm 2 SNR 21.8 dB TAest 48
[0m[93m[PHY]    ULSCH NAK trace 155.4 rnti 442e harq 3 round 1 rv 2 crc_valid 0 processed 0/1 abort 1 dtx 0 TBS 17 rb 4+5 sym 0+13 mcs 0 Qm 2 SNR 21.1 dB TAest 47
[0m[93m[PHY]    ULSCH NAK trace 156.4 rnti 442e harq 3 round 2 rv 3 crc_valid 0 processed 0/1 abort 1 dtx 0 TBS 17 rb 4+5 sym 0+13 mcs 0 Qm 2 SNR 20.7 dB TAest 46
[0m[93m[PHY]    ULSCH NAK trace 157.4 rnti 442e harq 3 round 3 rv 1 crc_valid 0 processed 0/1 abort 1 dtx 0 TBS 17 rb 4+5 sym 0+13 mcs 0 Qm 2 SNR 19.7 dB TAest 48
[0m[93m[PHY]    ULSCH NAK trace 167.4 rnti 442e harq 4 round 0 rv 0 crc_valid 0 processed 0/1 abort 1 dtx 0 TBS 17 rb 4+5 sym 0+13 mcs 0 Qm 2 SNR 20.5 dB TAest 46
[0m[93m[PHY]    ULSCH NAK trace 168.4 rnti 442e harq 4 round 1 rv 2 crc_valid 0 processed 0/1 abort 1 dtx 0 TBS 17 rb 4+5 sym 0+13 mcs 0 Qm 2 SNR 21.0 dB TAest 47
[0m[93m[PHY]    ULSCH NAK trace 169.4 rnti 442e harq 4 round 2 rv 3 crc_valid 0 processed 0/1 abort 1 dtx 0 TBS 17 rb 4+5 sym 0+13 mcs 0 Qm 2 SNR 19.8 dB TAest 47
[0m[93m[PHY]    ULSCH NAK trace 170.4 rnti 442e harq 4 round 3 rv 1 crc_valid 0 processed 0/1 abort 1 dtx 0 TBS 17 rb 4+5 sym 0+13 mcs 0 Qm 2 SNR 20.4 dB TAest 49
[0m[93m[PHY]    ULSCH NAK trace 180.4 rnti 442e harq 5 round 0 rv 0 crc_valid 0 processed 0/1 abort 1 dtx 0 TBS 17 rb 4+5 sym 0+13 mcs 0 Qm 2 SNR 21.1 dB TAest 47
[0m[93m[PHY]    ULSCH NAK trace 181.4 rnti 442e harq 5 round 1 rv 2 crc_valid 0 processed 0/1 abort 1 dtx 0 TBS 17 rb 4+5 sym 0+13 mcs 0 Qm 2 SNR 21.0 dB TAest 49
[0m[93m[PHY]    ULSCH NAK trace 182.4 rnti 442e harq 5 round 2 rv 3 crc_valid 0 processed 0/1 abort 1 dtx 0 TBS 17 rb 4+5 sym 0+13 mcs 0 Qm 2 SNR 22.0 dB TAest 47
[0m[93m[PHY]    ULSCH NAK trace 183.4 rnti 442e harq 5 round 3 rv 1 crc_valid 0 processed 0/1 abort 1 dtx 0 TBS 17 rb 4+5 sym 0+13 mcs 0 Qm 2 SNR 22.2 dB TAest 48
[0m[93m[PHY]    ULSCH NAK trace 193.4 rnti 442e harq 6 round 0 rv 0 crc_valid 0 processed 0/1 abort 1 dtx 0 TBS 17 rb 4+5 sym 0+13 mcs 0 Qm 2 SNR 18.9 dB TAest 49
[0m[93m[PHY]    ULSCH NAK trace 194.4 rnti 442e harq 6 round 1 rv 2 crc_valid 0 processed 0/1 abort 1 dtx 0 TBS 17 rb 4+5 sym 0+13 mcs 0 Qm 2 SNR 20.3 dB TAest 48
[0m[93m[PHY]    ULSCH NAK trace 195.4 rnti 442e harq 6 round 2 rv 3 crc_valid 0 processed 0/1 abort 1 dtx 0 TBS 17 rb 4+5 sym 0+13 mcs 0 Qm 2 SNR 20.5 dB TAest 47
[0m[93m[PHY]    ULSCH NAK trace 196.4 rnti 442e harq 6 round 3 rv 1 crc_valid 0 processed 0/1 abort 1 dtx 0 TBS 17 rb 4+5 sym 0+13 mcs 0 Qm 2 SNR 20.4 dB TAest 47
[0m[93m[PHY]    ULSCH NAK trace 206.4 rnti 442e harq 7 round 0 rv 0 crc_valid 0 processed 0/1 abort 1 dtx 0 TBS 17 rb 4+5 sym 0+13 mcs 0 Qm 2 SNR 20.7 dB TAest 47
[0m[93m[PHY]    ULSCH NAK trace 207.4 rnti 442e harq 7 round 1 rv 2 crc_valid 0 processed 0/1 abort 1 dtx 0 TBS 17 rb 4+5 sym 0+13 mcs 0 Qm 2 SNR 21.0 dB TAest 47
[0m[HW]     [o-du 0][rx   21468 pps   10752 kbps   45432][tx   63788 pps   31872 kbps  108900][Total Msgs_Rcvd 21468]
[0m[HW]     [FH LOAD][o-du 0] rx=45.432 Mbps tx=108.900 Mbps total=154.332 Mbps rx_pps=10752 tx_pps=31872 total_pps=42624
[0m[HW]     [o_du0][pusch0   18396 prach0    3072]
[0m[HW]     [o-du 0][rx   32220 pps   10752 kbps   45421][tx   95660 pps   31872 kbps  108900][Total Msgs_Rcvd 32220]
[0m[HW]     [FH LOAD][o-du 0] rx=45.421 Mbps tx=108.900 Mbps total=154.321 Mbps rx_pps=10752 tx_pps=31872 total_pps=42624
[0m[HW]     [o_du0][pusch0   27612 prach0    4608]
[0m[HW]     [o-du 0][rx   42972 pps   10752 kbps   45427][tx  127532 pps   31872 kbps  108900][Total Msgs_Rcvd 42972]
[0m[HW]     [FH LOAD][o-du 0] rx=45.427 Mbps tx=108.900 Mbps total=154.327 Mbps rx_pps=10752 tx_pps=31872 total_pps=42624
[0m[HW]     [o_du0][pusch0   36828 prach0    6144]
[0m[HW]     [o-du 0][rx   53724 pps   10752 kbps   45421][tx  159404 pps   31872 kbps  108900][Total Msgs_Rcvd 53724]
[0m[HW]     [FH LOAD][o-du 0] rx=45.421 Mbps tx=108.900 Mbps total=154.321 Mbps rx_pps=10752 tx_pps=31872 total_pps=42624
[0m[HW]     [o_du0][pusch0   46044 prach0    7680]
[0m[HW]     [o-du 0][rx   64476 pps   10752 kbps   45422][tx  191276 pps   31872 kbps  108900][Total Msgs_Rcvd 64476]
[0m[HW]     [FH LOAD][o-du 0] rx=45.422 Mbps tx=108.900 Mbps total=154.322 Mbps rx_pps=10752 tx_pps=31872 total_pps=42624
[0m[HW]     [o_du0][pusch0   55260 prach0    9216]
[0m[PHY]    ULSCH ACK trace 817.4 rnti 442e harq 6 round 0 rv 0 crc_valid 1 processed 1/1 abort 0 dtx 0 TBS 17 rb 4+5 sym 0+13 mcs 0 Qm 2 SNR 0.0 dB TAest 0
[0m[PHY]    ULSCH ACK trace 817.18 rnti 1ad0 harq 0 round 0 rv 0 crc_valid 1 processed 1/1 abort 0 dtx 0 TBS 7 rb 0+8 sym 10+3 mcs 1 Qm 2 SNR 0.0 dB TAest 0
[0m[93m[NR_MAC] MSG3 ULSCH with no signal
[0m[PHY]    ULSCH ACK trace 818.18 rnti 1ad0 harq 0 round 1 rv 2 crc_valid 1 processed 1/1 abort 0 dtx 0 TBS 7 rb 0+8 sym 10+3 mcs 1 Qm 2 SNR 0.0 dB TAest 0
[0m[93m[NR_MAC] MSG3 ULSCH with no signal
[0m[PHY]    ULSCH ACK trace 819.18 rnti 4172 harq 0 round 0 rv 0 crc_valid 1 processed 1/1 abort 0 dtx 0 TBS 7 rb 0+8 sym 10+3 mcs 1 Qm 2 SNR 39.0 dB TAest -1
[0m[MAC]    [RAPROC] Received SDU for CCCH length 6 for UE 4172
[0m[93m[NR_MAC] UE 1ad0 RA failed at state WAIT_Msg3 (Reached msg3 max harq rounds)
[0m[PHY]    ULSCH ACK trace 823.19 rnti 4172 harq 0 round 2 rv 3 crc_valid 1 processed 1/1 abort 0 dtx 0 TBS 17 rb 12+5 sym 0+13 mcs 0 Qm 2 SNR 33.9 dB TAest -1
[0m[PHY]    ULSCH ACK trace 824.14 rnti 4172 harq 1 round 2 rv 3 crc_valid 1 processed 1/1 abort 0 dtx 0 TBS 17 rb 4+5 sym 0+13 mcs 0 Qm 2 SNR 34.8 dB TAest -1
[0m[PHY]    ULSCH ACK trace 826.4 rnti 4172 harq 2 round 2 rv 3 crc_valid 1 processed 1/1 abort 0 dtx 0 TBS 17 rb 4+5 sym 0+13 mcs 0 Qm 2 SNR 33.9 dB TAest 0
[0m[PHY]    ULSCH ACK trace 826.19 rnti 4172 harq 3 round 2 rv 3 crc_valid 1 processed 1/1 abort 0 dtx 0 TBS 17 rb 12+5 sym 0+13 mcs 0 Qm 2 SNR 34.8 dB TAest 0
[0m[PHY]    ULSCH ACK trace 827.4 rnti 442e harq 7 round 0 rv 0 crc_valid 1 processed 1/1 abort 0 dtx 0 TBS 17 rb 4+5 sym 0+13 mcs 0 Qm 2 SNR 0.0 dB TAest 0
[0m[PHY]    ULSCH ACK trace 827.9 rnti 4172 harq 4 round 2 rv 3 crc_valid 1 processed 1/1 abort 0 dtx 0 TBS 17 rb 4+5 sym 0+13 mcs 0 Qm 2 SNR 34.8 dB TAest -1
[0m[PHY]    ULSCH ACK trace 827.14 rnti 4172 harq 5 round 2 rv 3 crc_valid 1 processed 1/1 abort 0 dtx 0 TBS 17 rb 4+5 sym 0+13 mcs 0 Qm 2 SNR 34.8 dB TAest -1
[0m[PHY]    ULSCH ACK trace 829.19 rnti 4172 harq 6 round 2 rv 3 crc_valid 1 processed 1/1 abort 0 dtx 0 TBS 17 rb 12+5 sym 0+13 mcs 0 Qm 2 SNR 34.9 dB TAest 0
[0m[PHY]    ULSCH ACK trace 832.4 rnti 4172 harq 7 round 2 rv 3 crc_valid 1 processed 1/1 abort 0 dtx 0 TBS 17 rb 4+5 sym 0+13 mcs 0 Qm 2 SNR 22.5 dB TAest -1
[0m[PHY]    ULSCH ACK trace 832.14 rnti 4172 harq 8 round 2 rv 3 crc_valid 1 processed 1/1 abort 0 dtx 0 TBS 17 rb 4+5 sym 0+13 mcs 0 Qm 2 SNR 24.8 dB TAest -1
[0m[PHY]    ULSCH ACK trace 837.4 rnti 442e harq 8 round 0 rv 0 crc_valid 1 processed 1/1 abort 0 dtx 0 TBS 17 rb 4+5 sym 0+13 mcs 0 Qm 2 SNR -7.8 dB TAest 0
[0m[PHY]    ULSCH ACK trace 838.14 rnti 4172 harq 9 round 2 rv 3 crc_valid 1 processed 1/1 abort 0 dtx 0 TBS 17 rb 4+5 sym 0+13 mcs 0 Qm 2 SNR 34.8 dB TAest 0
[0m[PHY]    ULSCH ACK trace 839.9 rnti 4172 harq 10 round 2 rv 3 crc_valid 1 processed 1/1 abort 0 dtx 0 TBS 17 rb 4+5 sym 0+13 mcs 0 Qm 2 SNR 33.9 dB TAest -1
[0m[PHY]    ULSCH ACK trace 840.4 rnti 4172 harq 11 round 2 rv 3 crc_valid 1 processed 1/1 abort 0 dtx 0 TBS 17 rb 4+5 sym 0+13 mcs 0 Qm 2 SNR 34.8 dB TAest -1
[0m[PHY]    ULSCH ACK trace 841.14 rnti 4172 harq 12 round 2 rv 3 crc_valid 1 processed 1/1 abort 0 dtx 0 TBS 17 rb 4+5 sym 0+13 mcs 0 Qm 2 SNR 34.8 dB TAest 0
[0m[PHY]    ULSCH ACK trace 841.19 rnti 4172 harq 13 round 2 rv 3 crc_valid 1 processed 1/1 abort 0 dtx 0 TBS 17 rb 12+5 sym 0+13 mcs 0 Qm 2 SNR 34.8 dB TAest 0
[0m[PHY]    ULSCH ACK trace 842.9 rnti 4172 harq 14 round 2 rv 3 crc_valid 1 processed 1/1 abort 0 dtx 0 TBS 17 rb 4+5 sym 0+13 mcs 0 Qm 2 SNR 34.8 dB TAest 0
[0m[PHY]    ULSCH ACK trace 843.4 rnti 4172 harq 15 round 2 rv 3 crc_valid 1 processed 1/1 abort 0 dtx 0 TBS 17 rb 4+5 sym 0+13 mcs 0 Qm 2 SNR 35.6 dB TAest -1
[0m[PHY]    ULSCH ACK trace 844.14 rnti 4172 harq 0 round 2 rv 3 crc_valid 1 processed 1/1 abort 0 dtx 0 TBS 17 rb 4+5 sym 0+13 mcs 0 Qm 2 SNR 14.7 dB TAest -1
[0m[PHY]    ULSCH ACK trace 847.4 rnti 4172 harq 1 round 2 rv 3 crc_valid 1 processed 1/1 abort 0 dtx 0 TBS 17 rb 4+5 sym 0+13 mcs 0 Qm 2 SNR 26.6 dB TAest -1
[0m[PHY]    ULSCH ACK trace 847.9 rnti 442e harq 9 round 0 rv 0 crc_valid 1 processed 1/1 abort 0 dtx 0 TBS 17 rb 4+5 sym 0+13 mcs 0 Qm 2 SNR -7.8 dB TAest 0
[0m[PHY]    ULSCH ACK trace 847.14 rnti 4172 harq 2 round 2 rv 3 crc_valid 1 processed 1/1 abort 0 dtx 0 TBS 17 rb 4+5 sym 0+13 mcs 0 Qm 2 SNR 28.8 dB TAest -1
[0m[PHY]    ULSCH ACK trace 850.4 rnti 4172 harq 3 round 2 rv 3 crc_valid 1 processed 1/1 abort 0 dtx 0 TBS 17 rb 4+5 sym 0+13 mcs 0 Qm 2 SNR 35.6 dB TAest 0
[0m[PHY]    ULSCH ACK trace 850.14 rnti 4172 harq 4 round 2 rv 3 crc_valid 1 processed 1/1 abort 0 dtx 0 TBS 17 rb 4+5 sym 0+13 mcs 0 Qm 2 SNR 34.8 dB TAest 0
[0m[PHY]    ULSCH ACK trace 850.19 rnti 4172 harq 5 round 2 rv 3 crc_valid 1 processed 1/1 abort 0 dtx 0 TBS 17 rb 12+5 sym 0+13 mcs 0 Qm 2 SNR 33.9 dB TAest 0
[0m[93m[NR_MAC] MSG3 ULSCH with no signal
[0m[93m[NR_MAC] UE 55f6 RA failed at state WAIT_Msg3 (Reached msg3 max harq rounds)
[0m[93m[NR_MAC] Received ACK for RRCReconfiguration, but nothing to apply!
[0m[93m[NR_MAC] Received ACK for RRCReconfiguration, but nothing to apply!
[0m[93m[NR_MAC] Received ACK for RRCReconfiguration, but nothing to apply!
[0m[93m[NR_MAC] Received ACK for RRCReconfiguration, but nothing to apply!
[0m[93m[NR_MAC] Received ACK for RRCReconfiguration, but nothing to apply!
[0m[HW]     [o-du 0][rx   75228 pps   10752 kbps   45421][tx  223148 pps   31872 kbps  108900][Total Msgs_Rcvd 75228]
[0m[HW]     [FH LOAD][o-du 0] rx=45.421 Mbps tx=108.900 Mbps total=154.321 Mbps rx_pps=10752 tx_pps=31872 total_pps=42624
[0m[HW]     [o_du0][pusch0   64476 prach0   10752]
[0m[HW]     [o-du 0][rx   85980 pps   10752 kbps   45432][tx  255020 pps   31872 kbps  108900][Total Msgs_Rcvd 85980]
[0m[HW]     [FH LOAD][o-du 0] rx=45.432 Mbps tx=108.900 Mbps total=154.332 Mbps rx_pps=10752 tx_pps=31872 total_pps=42624
[0m[HW]     [o_du0][pusch0   73692 prach0   12288]
[0m[PHY]    prach_I0 = 0.0 dB
[0m[HW]     [o-du 0][rx   96732 pps   10752 kbps   45421][tx  286892 pps   31872 kbps  108900][Total Msgs_Rcvd 96732]
[0m[HW]     [FH LOAD][o-du 0] rx=45.421 Mbps tx=108.900 Mbps total=154.321 Mbps rx_pps=10752 tx_pps=31872 total_pps=42624
[0m[HW]     [o_du0][pusch0   82908 prach0   13824]
[0m[HW]     [o-du 0][rx  107484 pps   10752 kbps   45432][tx  318764 pps   31872 kbps  108900][Total Msgs_Rcvd 107484]
[0m[HW]     [FH LOAD][o-du 0] rx=45.432 Mbps tx=108.900 Mbps total=154.332 Mbps rx_pps=10752 tx_pps=31872 total_pps=42624
[0m[HW]     [o_du0][pusch0   92124 prach0   15360]
[0m[HW]     [o-du 0][rx  118236 pps   10752 kbps   45421][tx  350636 pps   31872 kbps  108900][Total Msgs_Rcvd 118236]
[0m[HW]     [FH LOAD][o-du 0] rx=45.421 Mbps tx=108.900 Mbps total=154.321 Mbps rx_pps=10752 tx_pps=31872 total_pps=42624
[0m[HW]     [o_du0][pusch0  101340 prach0   16896]
[0m[HW]     [o-du 0][rx  128988 pps   10752 kbps   45432][tx  382508 pps   31872 kbps  108900][Total Msgs_Rcvd 128988]
[0m[HW]     [FH LOAD][o-du 0] rx=45.432 Mbps tx=108.900 Mbps total=154.332 Mbps rx_pps=10752 tx_pps=31872 total_pps=42624
[0m[HW]     [o_du0][pusch0  110556 prach0   18432]
[0m[HW]     [o-du 0][rx  139740 pps   10752 kbps   45416][tx  414380 pps   31872 kbps  108900][Total Msgs_Rcvd 139740]
[0m[HW]     [FH LOAD][o-du 0] rx=45.416 Mbps tx=108.900 Mbps total=154.316 Mbps rx_pps=10752 tx_pps=31872 total_pps=42624
[0m[HW]     [o_du0][pusch0  119772 prach0   19968]
[0m[HW]     [o-du 0][rx  150493 pps   10753 kbps   45419][tx  446252 pps   31872 kbps  108900][Total Msgs_Rcvd 150493]
[0m[HW]     [FH LOAD][o-du 0] rx=45.419 Mbps tx=108.900 Mbps total=154.319 Mbps rx_pps=10753 tx_pps=31872 total_pps=42625
[0m[HW]     [o_du0][pusch0  128988 prach0   21504]
[0m[HW]     [o-du 0][rx  161245 pps   10752 kbps   45427][tx  478124 pps   31872 kbps  108900][Total Msgs_Rcvd 161245]
[0m[HW]     [FH LOAD][o-du 0] rx=45.427 Mbps tx=108.900 Mbps total=154.327 Mbps rx_pps=10752 tx_pps=31872 total_pps=42624
[0m[HW]     [o_du0][pusch0  138204 prach0   23040]
[0m[HW]     [o-du 0][rx  171998 pps   10753 kbps   45431][tx  509996 pps   31872 kbps  108900][Total Msgs_Rcvd 171998]
[0m[HW]     [FH LOAD][o-du 0] rx=45.431 Mbps tx=108.900 Mbps total=154.331 Mbps rx_pps=10753 tx_pps=31872 total_pps=42625
[0m[HW]     [o_du0][pusch0  147420 prach0   24576]
[0m[PHY]    prach_I0 = 13.8 dB
[0m[HW]     [o-du 0][rx  182750 pps   10752 kbps   45435][tx  541868 pps   31872 kbps  108900][Total Msgs_Rcvd 182750]
[0m[HW]     [FH LOAD][o-du 0] rx=45.435 Mbps tx=108.900 Mbps total=154.335 Mbps rx_pps=10752 tx_pps=31872 total_pps=42624
[0m[HW]     [o_du0][pusch0  156636 prach0   26112]
[0m[HW]     [o-du 0][rx  193502 pps   10752 kbps   45427][tx  573740 pps   31872 kbps  108900][Total Msgs_Rcvd 193502]
[0m[HW]     [FH LOAD][o-du 0] rx=45.427 Mbps tx=108.900 Mbps total=154.327 Mbps rx_pps=10752 tx_pps=31872 total_pps=42624
[0m[HW]     [o_du0][pusch0  165852 prach0   27648]
[0m[HW]     [o-du 0][rx  204255 pps   10753 kbps   45427][tx  605612 pps   31872 kbps  108900][Total Msgs_Rcvd 204255]
[0m[HW]     [FH LOAD][o-du 0] rx=45.427 Mbps tx=108.900 Mbps total=154.327 Mbps rx_pps=10753 tx_pps=31872 total_pps=42625
[0m[HW]     [o_du0][pusch0  175068 prach0   29184]
[0m[HW]     [o-du 0][rx  215007 pps   10752 kbps   45424][tx  637484 pps   31872 kbps  108900][Total Msgs_Rcvd 215007]
[0m[HW]     [FH LOAD][o-du 0] rx=45.424 Mbps tx=108.900 Mbps total=154.324 Mbps rx_pps=10752 tx_pps=31872 total_pps=42624
[0m[HW]     [o_du0][pusch0  184284 prach0   30720]
[0m[HW]     [o-du 0][rx  225759 pps   10752 kbps   45432][tx  669356 pps   31872 kbps  108900][Total Msgs_Rcvd 225759]
[0m[HW]     [FH LOAD][o-du 0] rx=45.432 Mbps tx=108.900 Mbps total=154.332 Mbps rx_pps=10752 tx_pps=31872 total_pps=42624
[0m[HW]     [o_du0][pusch0  193500 prach0   32256]
[0m[HW]     [o-du 0][rx  236511 pps   10752 kbps   45427][tx  701228 pps   31872 kbps  108900][Total Msgs_Rcvd 236511]
[0m[HW]     [FH LOAD][o-du 0] rx=45.427 Mbps tx=108.900 Mbps total=154.327 Mbps rx_pps=10752 tx_pps=31872 total_pps=42624
[0m[HW]     [o_du0][pusch0  202716 prach0   33792]
[0m[HW]     [o-du 0][rx  247263 pps   10752 kbps   45432][tx  733100 pps   31872 kbps  108900][Total Msgs_Rcvd 247263]
[0m[HW]     [FH LOAD][o-du 0] rx=45.432 Mbps tx=108.900 Mbps total=154.332 Mbps rx_pps=10752 tx_pps=31872 total_pps=42624
[0m[HW]     [o_du0][pusch0  211932 prach0   35328]
[0m[HW]     [o-du 0][rx  258015 pps   10752 kbps   45421][tx  764972 pps   31872 kbps  108900][Total Msgs_Rcvd 258015]
[0m[HW]     [FH LOAD][o-du 0] rx=45.421 Mbps tx=108.900 Mbps total=154.321 Mbps rx_pps=10752 tx_pps=31872 total_pps=42624
[0m[HW]     [o_du0][pusch0  221148 prach0   36864]
[0m[PHY]    prach_I0 = 13.2 dB
[0m[HW]     [o-du 0][rx  268767 pps   10752 kbps   45427][tx  796844 pps   31872 kbps  108900][Total Msgs_Rcvd 268767]
[0m[HW]     [FH LOAD][o-du 0] rx=45.427 Mbps tx=108.900 Mbps total=154.327 Mbps rx_pps=10752 tx_pps=31872 total_pps=42624
[0m[HW]     [o_du0][pusch0  230364 prach0   38400]
[0m[HW]     [o-du 0][rx  279520 pps   10753 kbps   45429][tx  828716 pps   31872 kbps  108900][Total Msgs_Rcvd 279520]
[0m[HW]     [FH LOAD][o-du 0] rx=45.429 Mbps tx=108.900 Mbps total=154.329 Mbps rx_pps=10753 tx_pps=31872 total_pps=42625
[0m[HW]     [o_du0][pusch0  239580 prach0   39936]
[0m[HW]     [o-du 0][rx  290272 pps   10752 kbps   45432][tx  860588 pps   31872 kbps  108900][Total Msgs_Rcvd 290272]
[0m[HW]     [FH LOAD][o-du 0] rx=45.432 Mbps tx=108.900 Mbps total=154.332 Mbps rx_pps=10752 tx_pps=31872 total_pps=42624
[0m[HW]     [o_du0][pusch0  248796 prach0   41472]
[0m[HW]     [o-du 0][rx  301024 pps   10752 kbps   45421][tx  892460 pps   31872 kbps  108900][Total Msgs_Rcvd 301024]
[0m[HW]     [FH LOAD][o-du 0] rx=45.421 Mbps tx=108.900 Mbps total=154.321 Mbps rx_pps=10752 tx_pps=31872 total_pps=42624
[0m[HW]     [o_du0][pusch0  258012 prach0   43008]
[0m[HW]     [o-du 0][rx  311776 pps   10752 kbps   45432][tx  924332 pps   31872 kbps  108900][Total Msgs_Rcvd 311776]
[0m[HW]     [FH LOAD][o-du 0] rx=45.432 Mbps tx=108.900 Mbps total=154.332 Mbps rx_pps=10752 tx_pps=31872 total_pps=42624
[0m[HW]     [o_du0][pusch0  267228 prach0   44544]
[0m[HW]     [o-du 0][rx  322528 pps   10752 kbps   45421][tx  956204 pps   31872 kbps  108900][Total Msgs_Rcvd 322528]
[0m[HW]     [FH LOAD][o-du 0] rx=45.421 Mbps tx=108.900 Mbps total=154.321 Mbps rx_pps=10752 tx_pps=31872 total_pps=42624
[0m[HW]     [o_du0][pusch0  276444 prach0   46080]
[0m[HW]     [o-du 0][rx  333280 pps   10752 kbps   45427][tx  988076 pps   31872 kbps  108900][Total Msgs_Rcvd 333280]
[0m[HW]     [FH LOAD][o-du 0] rx=45.427 Mbps tx=108.900 Mbps total=154.327 Mbps rx_pps=10752 tx_pps=31872 total_pps=42624
[0m[HW]     [o_du0][pusch0  285660 prach0   47616]
[0m[HW]     [o-du 0][rx  344032 pps   10752 kbps   45432][tx 1019948 pps   31872 kbps  108900][Total Msgs_Rcvd 344032]
[0m[HW]     [FH LOAD][o-du 0] rx=45.432 Mbps tx=108.900 Mbps total=154.332 Mbps rx_pps=10752 tx_pps=31872 total_pps=42624
[0m[HW]     [o_du0][pusch0  294876 prach0   49152]
[0m[PHY]    prach_I0 = 13.8 dB
[0m[HW]     [o-du 0][rx  354784 pps   10752 kbps   45421][tx 1051820 pps   31872 kbps  108900][Total Msgs_Rcvd 354784]
[0m[HW]     [FH LOAD][o-du 0] rx=45.421 Mbps tx=108.900 Mbps total=154.321 Mbps rx_pps=10752 tx_pps=31872 total_pps=42624
[0m[HW]     [o_du0][pusch0  304092 prach0   50688]
[0m[HW]     [o-du 0][rx  365536 pps   10752 kbps   45427][tx 1083692 pps   31872 kbps  108900][Total Msgs_Rcvd 365536]
[0m[HW]     [FH LOAD][o-du 0] rx=45.427 Mbps tx=108.900 Mbps total=154.327 Mbps rx_pps=10752 tx_pps=31872 total_pps=42624
[0m[HW]     [o_du0][pusch0  313308 prach0   52224]
[0m[HW]     [o-du 0][rx  376288 pps   10752 kbps   45427][tx 1115564 pps   31872 kbps  108900][Total Msgs_Rcvd 376288]
[0m[HW]     [FH LOAD][o-du 0] rx=45.427 Mbps tx=108.900 Mbps total=154.327 Mbps rx_pps=10752 tx_pps=31872 total_pps=42624
[0m[HW]     [o_du0][pusch0  322524 prach0   53760]
[0m[1;31m[NR_MAC] Invalid PDU in 427.9 for RNTI 4172! mac_subheader_len: 2, mac_len: 20, remaining pdu_len: 20
[0m[1;31m[NR_MAC] Residual UL MAC PDU: [0m[HW]     [o-du 0][rx  387040 pps   10752 kbps   45427][tx 1147436 pps   31872 kbps  108900][Total Msgs_Rcvd 387040]
[0m[HW]     [FH LOAD][o-du 0] rx=45.427 Mbps tx=108.900 Mbps total=154.327 Mbps rx_pps=10752 tx_pps=31872 total_pps=42624
[0m[HW]     [o_du0][pusch0  331740 prach0   55296]
[0m[HW]     [o-du 0][rx  397792 pps   10752 kbps   45421][tx 1179308 pps   31872 kbps  108900][Total Msgs_Rcvd 397792]
[0m[HW]     [FH LOAD][o-du 0] rx=45.421 Mbps tx=108.900 Mbps total=154.321 Mbps rx_pps=10752 tx_pps=31872 total_pps=42624
[0m[HW]     [o_du0][pusch0  340956 prach0   56832]
[0m[HW]     [o-du 0][rx  408544 pps   10752 kbps   45432][tx 1211180 pps   31872 kbps  108900][Total Msgs_Rcvd 408544]
[0m[HW]     [FH LOAD][o-du 0] rx=45.432 Mbps tx=108.900 Mbps total=154.332 Mbps rx_pps=10752 tx_pps=31872 total_pps=42624
[0m[HW]     [o_du0][pusch0  350172 prach0   58368]
[0m[HW]     [o-du 0][rx  419297 pps   10753 kbps   45434][tx 1243052 pps   31872 kbps  108900][Total Msgs_Rcvd 419297]
[0m[HW]     [FH LOAD][o-du 0] rx=45.434 Mbps tx=108.900 Mbps total=154.334 Mbps rx_pps=10753 tx_pps=31872 total_pps=42625
[0m[HW]     [o_du0][pusch0  359388 prach0   59904]
[0m[HW]     [o-du 0][rx  430049 pps   10752 kbps   45416][tx 1274924 pps   31872 kbps  108900][Total Msgs_Rcvd 430049]
[0m[HW]     [FH LOAD][o-du 0] rx=45.416 Mbps tx=108.900 Mbps total=154.316 Mbps rx_pps=10752 tx_pps=31872 total_pps=42624
[0m[HW]     [o_du0][pusch0  368604 prach0   61440]
[0m[PHY]    prach_I0 = 13.4 dB
[0m[HW]     [o-du 0][rx  440801 pps   10752 kbps   45427][tx 1306796 pps   31872 kbps  108900][Total Msgs_Rcvd 440801]
[0m[HW]     [FH LOAD][o-du 0] rx=45.427 Mbps tx=108.900 Mbps total=154.327 Mbps rx_pps=10752 tx_pps=31872 total_pps=42624
[0m[HW]     [o_du0][pusch0  377820 prach0   62976]
[0m[HW]     [o-du 0][rx  451553 pps   10752 kbps   45432][tx 1338668 pps   31872 kbps  108900][Total Msgs_Rcvd 451553]
[0m[HW]     [FH LOAD][o-du 0] rx=45.432 Mbps tx=108.900 Mbps total=154.332 Mbps rx_pps=10752 tx_pps=31872 total_pps=42624
[0m[HW]     [o_du0][pusch0  387036 prach0   64512]
[0m[HW]     [o-du 0][rx  462305 pps   10752 kbps   45422][tx 1370540 pps   31872 kbps  108900][Total Msgs_Rcvd 462305]
[0m[HW]     [FH LOAD][o-du 0] rx=45.422 Mbps tx=108.900 Mbps total=154.322 Mbps rx_pps=10752 tx_pps=31872 total_pps=42624
[0m[HW]     [o_du0][pusch0  396252 prach0   66048]
[0m[HW]     [o-du 0][rx  473057 pps   10752 kbps   45431][tx 1402412 pps   31872 kbps  108900][Total Msgs_Rcvd 473057]
[0m[HW]     [FH LOAD][o-du 0] rx=45.431 Mbps tx=108.900 Mbps total=154.331 Mbps rx_pps=10752 tx_pps=31872 total_pps=42624
[0m[HW]     [o_du0][pusch0  405468 prach0   67584]
[0m[HW]     [o-du 0][rx  483809 pps   10752 kbps   45432][tx 1434284 pps   31872 kbps  108900][Total Msgs_Rcvd 483809]
[0m[HW]     [FH LOAD][o-du 0] rx=45.432 Mbps tx=108.900 Mbps total=154.332 Mbps rx_pps=10752 tx_pps=31872 total_pps=42624
[0m[HW]     [o_du0][pusch0  414684 prach0   69120]
[0m[HW]     [o-du 0][rx  494561 pps   10752 kbps   45427][tx 1466156 pps   31872 kbps  108900][Total Msgs_Rcvd 494561]
[0m[HW]     [FH LOAD][o-du 0] rx=45.427 Mbps tx=108.900 Mbps total=154.327 Mbps rx_pps=10752 tx_pps=31872 total_pps=42624
[0m[HW]     [o_du0][pusch0  423900 prach0   70656]
[0m[HW]     [o-du 0][rx  505313 pps   10752 kbps   45427][tx 1498028 pps   31872 kbps  108900][Total Msgs_Rcvd 505313]
[0m[HW]     [FH LOAD][o-du 0] rx=45.427 Mbps tx=108.900 Mbps total=154.327 Mbps rx_pps=10752 tx_pps=31872 total_pps=42624
[0m[HW]     [o_du0][pusch0  433116 prach0   72192]
[0m[HW]     [o-du 0][rx  516065 pps   10752 kbps   45427][tx 1529900 pps   31872 kbps  108900][Total Msgs_Rcvd 516065]
[0m[HW]     [FH LOAD][o-du 0] rx=45.427 Mbps tx=108.900 Mbps total=154.327 Mbps rx_pps=10752 tx_pps=31872 total_pps=42624
[0m[HW]     [o_du0][pusch0  442332 prach0   73728]
[0m[PHY]    prach_I0 = 13.2 dB
[0m[HW]     [o-du 0][rx  526817 pps   10752 kbps   45432][tx 1561772 pps   31872 kbps  108900][Total Msgs_Rcvd 526817]
[0m[HW]     [FH LOAD][o-du 0] rx=45.432 Mbps tx=108.900 Mbps total=154.332 Mbps rx_pps=10752 tx_pps=31872 total_pps=42624
[0m[HW]     [o_du0][pusch0  451548 prach0   75264]
[0m[HW]     [o-du 0][rx  537570 pps   10753 kbps   45427][tx 1593644 pps   31872 kbps  108900][Total Msgs_Rcvd 537570]
[0m[HW]     [FH LOAD][o-du 0] rx=45.427 Mbps tx=108.900 Mbps total=154.327 Mbps rx_pps=10753 tx_pps=31872 total_pps=42625
[0m[HW]     [o_du0][pusch0  460764 prach0   76800]
[0m[HW]     [o-du 0][rx  548323 pps   10753 kbps   45424][tx 1625516 pps   31872 kbps  108900][Total Msgs_Rcvd 548323]
[0m[HW]     [FH LOAD][o-du 0] rx=45.424 Mbps tx=108.900 Mbps total=154.324 Mbps rx_pps=10753 tx_pps=31872 total_pps=42625
[0m[HW]     [o_du0][pusch0  469980 prach0   78336]
[0m[HW]     [o-du 0][rx  559075 pps   10752 kbps   45432][tx 1657388 pps   31872 kbps  108900][Total Msgs_Rcvd 559075]
[0m[HW]     [FH LOAD][o-du 0] rx=45.432 Mbps tx=108.900 Mbps total=154.332 Mbps rx_pps=10752 tx_pps=31872 total_pps=42624
[0m[HW]     [o_du0][pusch0  479196 prach0   79872]
[0m[HW]     [o-du 0][rx  569827 pps   10752 kbps   45421][tx 1689260 pps   31872 kbps  108900][Total Msgs_Rcvd 569827]
[0m[HW]     [FH LOAD][o-du 0] rx=45.421 Mbps tx=108.900 Mbps total=154.321 Mbps rx_pps=10752 tx_pps=31872 total_pps=42624
[0m[HW]     [o_du0][pusch0  488412 prach0   81408]
[0m[HW]     [o-du 0][rx  580579 pps   10752 kbps   45427][tx 1721132 pps   31872 kbps  108900][Total Msgs_Rcvd 580579]
[0m[HW]     [FH LOAD][o-du 0] rx=45.427 Mbps tx=108.900 Mbps total=154.327 Mbps rx_pps=10752 tx_pps=31872 total_pps=42624
[0m[HW]     [o_du0][pusch0  497628 prach0   82944]
[0m[HW]     [o-du 0][rx  591332 pps   10753 kbps   45435][tx 1753004 pps   31872 kbps  108900][Total Msgs_Rcvd 591332]
[0m[HW]     [FH LOAD][o-du 0] rx=45.435 Mbps tx=108.900 Mbps total=154.335 Mbps rx_pps=10753 tx_pps=31872 total_pps=42625
[0m[HW]     [o_du0][pusch0  506844 prach0   84480]
[0m[HW]     [o-du 0][rx  602084 pps   10752 kbps   45421][tx 1784876 pps   31872 kbps  108900][Total Msgs_Rcvd 602084]
[0m[HW]     [FH LOAD][o-du 0] rx=45.421 Mbps tx=108.900 Mbps total=154.321 Mbps rx_pps=10752 tx_pps=31872 total_pps=42624
[0m[HW]     [o_du0][pusch0  516060 prach0   86016]
[0m[PHY]    prach_I0 = 13.1 dB
[0m[HW]     [o-du 0][rx  612836 pps   10752 kbps   45427][tx 1816748 pps   31872 kbps  108900][Total Msgs_Rcvd 612836]
[0m[HW]     [FH LOAD][o-du 0] rx=45.427 Mbps tx=108.900 Mbps total=154.327 Mbps rx_pps=10752 tx_pps=31872 total_pps=42624
[0m[HW]     [o_du0][pusch0  525276 prach0   87552]
[0m[HW]     [o-du 0][rx  623588 pps   10752 kbps   45432][tx 1848620 pps   31872 kbps  108900][Total Msgs_Rcvd 623588]
[0m[HW]     [FH LOAD][o-du 0] rx=45.432 Mbps tx=108.900 Mbps total=154.332 Mbps rx_pps=10752 tx_pps=31872 total_pps=42624
[0m[HW]     [o_du0][pusch0  534492 prach0   89088]
[0m[HW]     [o-du 0][rx  634340 pps   10752 kbps   45416][tx 1880492 pps   31872 kbps  108900][Total Msgs_Rcvd 634340]
[0m[HW]     [FH LOAD][o-du 0] rx=45.416 Mbps tx=108.900 Mbps total=154.316 Mbps rx_pps=10752 tx_pps=31872 total_pps=42624
[0m[HW]     [o_du0][pusch0  543708 prach0   90624]
[0m[HW]     [o-du 0][rx  645092 pps   10752 kbps   45437][tx 1912364 pps   31872 kbps  108900][Total Msgs_Rcvd 645092]
[0m[HW]     [FH LOAD][o-du 0] rx=45.437 Mbps tx=108.900 Mbps total=154.337 Mbps rx_pps=10752 tx_pps=31872 total_pps=42624
[0m[HW]     [o_du0][pusch0  552924 prach0   92160]
[0m[HW]     [o-du 0][rx  655845 pps   10753 kbps   45429][tx 1944236 pps   31872 kbps  108900][Total Msgs_Rcvd 655845]
[0m[HW]     [FH LOAD][o-du 0] rx=45.429 Mbps tx=108.900 Mbps total=154.329 Mbps rx_pps=10753 tx_pps=31872 total_pps=42625
[0m[HW]     [o_du0][pusch0  562140 prach0   93696]
[0m[HW]     [o-du 0][rx  666597 pps   10752 kbps   45422][tx 1976108 pps   31872 kbps  108900][Total Msgs_Rcvd 666597]
[0m[HW]     [FH LOAD][o-du 0] rx=45.422 Mbps tx=108.900 Mbps total=154.322 Mbps rx_pps=10752 tx_pps=31872 total_pps=42624
[0m[HW]     [o_du0][pusch0  571356 prach0   95232]
[0m[1;31m[NR_MAC] Invalid PDU in 798.9 for RNTI 4172! mac_subheader_len: 2, mac_len: 151, remaining pdu_len: 20
[0m[1;31m[NR_MAC] Residual UL MAC PDU: [0m[HW]     [o-du 0][rx  677349 pps   10752 kbps   45437][tx 2007980 pps   31872 kbps  108900][Total Msgs_Rcvd 677349]
[0m[HW]     [FH LOAD][o-du 0] rx=45.437 Mbps tx=108.900 Mbps total=154.337 Mbps rx_pps=10752 tx_pps=31872 total_pps=42624
[0m[HW]     [o_du0][pusch0  580572 prach0   96768]
[0m[HW]     [o-du 0][rx  688101 pps   10752 kbps   45432][tx 2039852 pps   31872 kbps  108900][Total Msgs_Rcvd 688101]
[0m[HW]     [FH LOAD][o-du 0] rx=45.432 Mbps tx=108.900 Mbps total=154.332 Mbps rx_pps=10752 tx_pps=31872 total_pps=42624
[0m[HW]     [o_du0][pusch0  589788 prach0   98304]
[0m[PHY]    prach_I0 = 13.6 dB
[0m[HW]     [o-du 0][rx  698853 pps   10752 kbps   45421][tx 2071724 pps   31872 kbps  108900][Total Msgs_Rcvd 698853]
[0m[HW]     [FH LOAD][o-du 0] rx=45.421 Mbps tx=108.900 Mbps total=154.321 Mbps rx_pps=10752 tx_pps=31872 total_pps=42624
[0m[HW]     [o_du0][pusch0  599004 prach0   99840]
[0m[HW]     [o-du 0][rx  709605 pps   10752 kbps   45432][tx 2103596 pps   31872 kbps  108900][Total Msgs_Rcvd 709605]
[0m[HW]     [FH LOAD][o-du 0] rx=45.432 Mbps tx=108.900 Mbps total=154.332 Mbps rx_pps=10752 tx_pps=31872 total_pps=42624
[0m[HW]     [o_du0][pusch0  608220 prach0  101376]
[0m[HW]     [o-du 0][rx  720357 pps   10752 kbps   45416][tx 2135468 pps   31872 kbps  108900][Total Msgs_Rcvd 720357]
[0m[HW]     [FH LOAD][o-du 0] rx=45.416 Mbps tx=108.900 Mbps total=154.316 Mbps rx_pps=10752 tx_pps=31872 total_pps=42624
[0m[HW]     [o_du0][pusch0  617436 prach0  102912]
[0m[HW]     [o-du 0][rx  731109 pps   10752 kbps   45416][tx 2167340 pps   31872 kbps  108900][Total Msgs_Rcvd 731109]
[0m[HW]     [FH LOAD][o-du 0] rx=45.416 Mbps tx=108.900 Mbps total=154.316 Mbps rx_pps=10752 tx_pps=31872 total_pps=42624
[0m[HW]     [o_du0][pusch0  626652 prach0  104448]
[0m[HW]     [o-du 0][rx  741861 pps   10752 kbps   45427][tx 2199212 pps   31872 kbps  108900][Total Msgs_Rcvd 741861]
[0m[HW]     [FH LOAD][o-du 0] rx=45.427 Mbps tx=108.900 Mbps total=154.327 Mbps rx_pps=10752 tx_pps=31872 total_pps=42624
[0m[HW]     [o_du0][pusch0  635868 prach0  105984]
[0m[HW]     [o-du 0][rx  752613 pps   10752 kbps   45427][tx 2231084 pps   31872 kbps  108900][Total Msgs_Rcvd 752613]
[0m[HW]     [FH LOAD][o-du 0] rx=45.427 Mbps tx=108.900 Mbps total=154.327 Mbps rx_pps=10752 tx_pps=31872 total_pps=42624
[0m[HW]     [o_du0][pusch0  645084 prach0  107520]
[0m[HW]     [o-du 0][rx  763365 pps   10752 kbps   45427][tx 2262956 pps   31872 kbps  108900][Total Msgs_Rcvd 763365]
[0m[HW]     [FH LOAD][o-du 0] rx=45.427 Mbps tx=108.900 Mbps total=154.327 Mbps rx_pps=10752 tx_pps=31872 total_pps=42624
[0m[HW]     [o_du0][pusch0  654300 prach0  109056]
[0m[HW]     [o-du 0][rx  774117 pps   10752 kbps   45437][tx 2294828 pps   31872 kbps  108900][Total Msgs_Rcvd 774117]
[0m[HW]     [FH LOAD][o-du 0] rx=45.437 Mbps tx=108.900 Mbps total=154.337 Mbps rx_pps=10752 tx_pps=31872 total_pps=42624
[0m[HW]     [o_du0][pusch0  663516 prach0  110592]
[0m[PHY]    prach_I0 = 13.7 dB
[0m[HW]     [o-du 0][rx  784869 pps   10752 kbps   45421][tx 2326700 pps   31872 kbps  108900][Total Msgs_Rcvd 784869]
[0m[HW]     [FH LOAD][o-du 0] rx=45.421 Mbps tx=108.900 Mbps total=154.321 Mbps rx_pps=10752 tx_pps=31872 total_pps=42624
[0m[HW]     [o_du0][pusch0  672732 prach0  112128]
[0m[HW]     [o-du 0][rx  795622 pps   10753 kbps   45435][tx 2358572 pps   31872 kbps  108900][Total Msgs_Rcvd 795622]
[0m[HW]     [FH LOAD][o-du 0] rx=45.435 Mbps tx=108.900 Mbps total=154.335 Mbps rx_pps=10753 tx_pps=31872 total_pps=42625
[0m[HW]     [o_du0][pusch0  681948 prach0  113664]
[0m[HW]     [o-du 0][rx  806374 pps   10752 kbps   45427][tx 2390444 pps   31872 kbps  108900][Total Msgs_Rcvd 806374]
[0m[HW]     [FH LOAD][o-du 0] rx=45.427 Mbps tx=108.900 Mbps total=154.327 Mbps rx_pps=10752 tx_pps=31872 total_pps=42624
[0m[HW]     [o_du0][pusch0  691164 prach0  115200]
[0m[HW]     [o-du 0][rx  817126 pps   10752 kbps   45416][tx 2422316 pps   31872 kbps  108900][Total Msgs_Rcvd 817126]
[0m[HW]     [FH LOAD][o-du 0] rx=45.416 Mbps tx=108.900 Mbps total=154.316 Mbps rx_pps=10752 tx_pps=31872 total_pps=42624
[0m[HW]     [o_du0][pusch0  700380 prach0  116736]
[0m[HW]     [o-du 0][rx  827878 pps   10752 kbps   45431][tx 2454188 pps   31872 kbps  108900][Total Msgs_Rcvd 827878]
[0m[HW]     [FH LOAD][o-du 0] rx=45.431 Mbps tx=108.900 Mbps total=154.331 Mbps rx_pps=10752 tx_pps=31872 total_pps=42624
[0m[HW]     [o_du0][pusch0  709596 prach0  118272]
[0m[HW]     [o-du 0][rx  838630 pps   10752 kbps   45432][tx 2486060 pps   31872 kbps  108900][Total Msgs_Rcvd 838630]
[0m[HW]     [FH LOAD][o-du 0] rx=45.432 Mbps tx=108.900 Mbps total=154.332 Mbps rx_pps=10752 tx_pps=31872 total_pps=42624
[0m[HW]     [o_du0][pusch0  718812 prach0  119808]
[0m[HW]     [o-du 0][rx  849382 pps   10752 kbps   45427][tx 2517932 pps   31872 kbps  108900][Total Msgs_Rcvd 849382]
[0m[HW]     [FH LOAD][o-du 0] rx=45.427 Mbps tx=108.900 Mbps total=154.327 Mbps rx_pps=10752 tx_pps=31872 total_pps=42624
[0m[HW]     [o_du0][pusch0  728028 prach0  121344]
[0m[HW]     [o-du 0][rx  860134 pps   10752 kbps   45427][tx 2549804 pps   31872 kbps  108900][Total Msgs_Rcvd 860134]
[0m[HW]     [FH LOAD][o-du 0] rx=45.427 Mbps tx=108.900 Mbps total=154.327 Mbps rx_pps=10752 tx_pps=31872 total_pps=42624
[0m[HW]     [o_du0][pusch0  737244 prach0  122880]
[0m[PHY]    prach_I0 = 13.0 dB
[0m[HW]     [o-du 0][rx  870886 pps   10752 kbps   45427][tx 2581676 pps   31872 kbps  108900][Total Msgs_Rcvd 870886]
[0m[HW]     [FH LOAD][o-du 0] rx=45.427 Mbps tx=108.900 Mbps total=154.327 Mbps rx_pps=10752 tx_pps=31872 total_pps=42624
[0m[HW]     [o_du0][pusch0  746460 prach0  124416]
[0m[HW]     [o-du 0][rx  881638 pps   10752 kbps   45427][tx 2613548 pps   31872 kbps  108900][Total Msgs_Rcvd 881638]
[0m[HW]     [FH LOAD][o-du 0] rx=45.427 Mbps tx=108.900 Mbps total=154.327 Mbps rx_pps=10752 tx_pps=31872 total_pps=42624
[0m[HW]     [o_du0][pusch0  755676 prach0  125952]
[0m[HW]     [o-du 0][rx  892390 pps   10752 kbps   45426][tx 2645420 pps   31872 kbps  108900][Total Msgs_Rcvd 892390]
[0m[HW]     [FH LOAD][o-du 0] rx=45.426 Mbps tx=108.900 Mbps total=154.326 Mbps rx_pps=10752 tx_pps=31872 total_pps=42624
[0m[HW]     [o_du0][pusch0  764892 prach0  127488]
[0m[HW]     [o-du 0][rx  903142 pps   10752 kbps   45427][tx 2677292 pps   31872 kbps  108900][Total Msgs_Rcvd 903142]
[0m[HW]     [FH LOAD][o-du 0] rx=45.427 Mbps tx=108.900 Mbps total=154.327 Mbps rx_pps=10752 tx_pps=31872 total_pps=42624
[0m[HW]     [o_du0][pusch0  774108 prach0  129024]
[0m[HW]     [o-du 0][rx  913895 pps   10753 kbps   45425][tx 2709164 pps   31872 kbps  108900][Total Msgs_Rcvd 913895]
[0m[HW]     [FH LOAD][o-du 0] rx=45.425 Mbps tx=108.900 Mbps total=154.325 Mbps rx_pps=10753 tx_pps=31872 total_pps=42625
[0m[HW]     [o_du0][pusch0  783324 prach0  130560]
[0m[HW]     [o-du 0][rx  924648 pps   10753 kbps   45424][tx 2741036 pps   31872 kbps  108900][Total Msgs_Rcvd 924648]
[0m[HW]     [FH LOAD][o-du 0] rx=45.424 Mbps tx=108.900 Mbps total=154.324 Mbps rx_pps=10753 tx_pps=31872 total_pps=42625
[0m[HW]     [o_du0][pusch0  792540 prach0  132096]
[0m[HW]     [o-du 0][rx  935400 pps   10752 kbps   45427][tx 2772908 pps   31872 kbps  108900][Total Msgs_Rcvd 935400]
[0m[HW]     [FH LOAD][o-du 0] rx=45.427 Mbps tx=108.900 Mbps total=154.327 Mbps rx_pps=10752 tx_pps=31872 total_pps=42624
[0m[HW]     [o_du0][pusch0  801756 prach0  133632]
[0m[HW]     [o-du 0][rx  946152 pps   10752 kbps   45427][tx 2804780 pps   31872 kbps  108900][Total Msgs_Rcvd 946152]
[0m[HW]     [FH LOAD][o-du 0] rx=45.427 Mbps tx=108.900 Mbps total=154.327 Mbps rx_pps=10752 tx_pps=31872 total_pps=42624
[0m[HW]     [o_du0][pusch0  810972 prach0  135168]
[0m[PHY]    prach_I0 = 13.5 dB
[0m[HW]     [o-du 0][rx  956904 pps   10752 kbps   45422][tx 2836652 pps   31872 kbps  108900][Total Msgs_Rcvd 956904]
[0m[HW]     [FH LOAD][o-du 0] rx=45.422 Mbps tx=108.900 Mbps total=154.322 Mbps rx_pps=10752 tx_pps=31872 total_pps=42624
[0m[HW]     [o_du0][pusch0  820188 prach0  136704]
[0m[HW]     [o-du 0][rx  967657 pps   10753 kbps   45444][tx 2868524 pps   31872 kbps  108900][Total Msgs_Rcvd 967657]
[0m[HW]     [FH LOAD][o-du 0] rx=45.444 Mbps tx=108.900 Mbps total=154.344 Mbps rx_pps=10753 tx_pps=31872 total_pps=42625
[0m[HW]     [o_du0][pusch0  829404 prach0  138240]
[0m[HW]     [o-du 0][rx  978409 pps   10752 kbps   45416][tx 2900396 pps   31872 kbps  108900][Total Msgs_Rcvd 978409]
[0m[HW]     [FH LOAD][o-du 0] rx=45.416 Mbps tx=108.900 Mbps total=154.316 Mbps rx_pps=10752 tx_pps=31872 total_pps=42624
[0m[HW]     [o_du0][pusch0  838620 prach0  139776]
[0m[HW]     [o-du 0][rx  989161 pps   10752 kbps   45422][tx 2932268 pps   31872 kbps  108900][Total Msgs_Rcvd 989161]
[0m[HW]     [FH LOAD][o-du 0] rx=45.422 Mbps tx=108.900 Mbps total=154.322 Mbps rx_pps=10752 tx_pps=31872 total_pps=42624
[0m[HW]     [o_du0][pusch0  847836 prach0  141312]
[0m[HW]     [o-du 0][rx  999913 pps   10752 kbps   45421][tx 2964140 pps   31872 kbps  108900][Total Msgs_Rcvd 999913]
[0m[HW]     [FH LOAD][o-du 0] rx=45.421 Mbps tx=108.900 Mbps total=154.321 Mbps rx_pps=10752 tx_pps=31872 total_pps=42624
[0m[HW]     [o_du0][pusch0  857052 prach0  142848]
[0m[HW]     [o-du 0][rx 1010665 pps   10752 kbps   45427][tx 2996012 pps   31872 kbps  108900][Total Msgs_Rcvd 1010665]
[0m[HW]     [FH LOAD][o-du 0] rx=45.427 Mbps tx=108.900 Mbps total=154.327 Mbps rx_pps=10752 tx_pps=31872 total_pps=42624
[0m[HW]     [o_du0][pusch0  866268 prach0  144384]
[0m[HW]     [o-du 0][rx 1021417 pps   10752 kbps   45427][tx 3027884 pps   31872 kbps  108900][Total Msgs_Rcvd 1021417]
[0m[HW]     [FH LOAD][o-du 0] rx=45.427 Mbps tx=108.900 Mbps total=154.327 Mbps rx_pps=10752 tx_pps=31872 total_pps=42624
[0m[HW]     [o_du0][pusch0  875484 prach0  145920]
[0m[HW]     [o-du 0][rx 1032170 pps   10753 kbps   45437][tx 3059756 pps   31872 kbps  108900][Total Msgs_Rcvd 1032170]
[0m[HW]     [FH LOAD][o-du 0] rx=45.437 Mbps tx=108.900 Mbps total=154.337 Mbps rx_pps=10753 tx_pps=31872 total_pps=42625
[0m[HW]     [o_du0][pusch0  884700 prach0  147456]
[0m[PHY]    prach_I0 = 13.7 dB
[0m[HW]     [o-du 0][rx 1042922 pps   10752 kbps   45426][tx 3091628 pps   31872 kbps  108900][Total Msgs_Rcvd 1042922]
[0m[HW]     [FH LOAD][o-du 0] rx=45.426 Mbps tx=108.900 Mbps total=154.326 Mbps rx_pps=10752 tx_pps=31872 total_pps=42624
[0m[HW]     [o_du0][pusch0  893916 prach0  148992]
[0m[HW]     [o-du 0][rx 1053674 pps   10752 kbps   45417][tx 3123500 pps   31872 kbps  108900][Total Msgs_Rcvd 1053674]
[0m[HW]     [FH LOAD][o-du 0] rx=45.417 Mbps tx=108.900 Mbps total=154.317 Mbps rx_pps=10752 tx_pps=31872 total_pps=42624
[0m[HW]     [o_du0][pusch0  903132 prach0  150528]
[0m[HW]     [o-du 0][rx 1064426 pps   10752 kbps   45427][tx 3155372 pps   31872 kbps  108900][Total Msgs_Rcvd 1064426]
[0m[HW]     [FH LOAD][o-du 0] rx=45.427 Mbps tx=108.900 Mbps total=154.327 Mbps rx_pps=10752 tx_pps=31872 total_pps=42624
[0m[HW]     [o_du0][pusch0  912348 prach0  152064]
[0m[HW]     [o-du 0][rx 1075178 pps   10752 kbps   45427][tx 3187244 pps   31872 kbps  108900][Total Msgs_Rcvd 1075178]
[0m[HW]     [FH LOAD][o-du 0] rx=45.427 Mbps tx=108.900 Mbps total=154.327 Mbps rx_pps=10752 tx_pps=31872 total_pps=42624
[0m[HW]     [o_du0][pusch0  921564 prach0  153600]
[0m[HW]     [o-du 0][rx 1085930 pps   10752 kbps   45427][tx 3219116 pps   31872 kbps  108900][Total Msgs_Rcvd 1085930]
[0m[HW]     [FH LOAD][o-du 0] rx=45.427 Mbps tx=108.900 Mbps total=154.327 Mbps rx_pps=10752 tx_pps=31872 total_pps=42624
[0m[HW]     [o_du0][pusch0  930780 prach0  155136]
[0m[HW]     [o-du 0][rx 1096682 pps   10752 kbps   45427][tx 3250988 pps   31872 kbps  108900][Total Msgs_Rcvd 1096682]
[0m[HW]     [FH LOAD][o-du 0] rx=45.427 Mbps tx=108.900 Mbps total=154.327 Mbps rx_pps=10752 tx_pps=31872 total_pps=42624
[0m[HW]     [o_du0][pusch0  939996 prach0  156672]
[0m[HW]     [o-du 0][rx 1107434 pps   10752 kbps   45427][tx 3282860 pps   31872 kbps  108900][Total Msgs_Rcvd 1107434]
[0m[HW]     [FH LOAD][o-du 0] rx=45.427 Mbps tx=108.900 Mbps total=154.327 Mbps rx_pps=10752 tx_pps=31872 total_pps=42624
[0m[HW]     [o_du0][pusch0  949212 prach0  158208]
[0m[HW]     [o-du 0][rx 1118186 pps   10752 kbps   45427][tx 3314732 pps   31872 kbps  108900][Total Msgs_Rcvd 1118186]
[0m[HW]     [FH LOAD][o-du 0] rx=45.427 Mbps tx=108.900 Mbps total=154.327 Mbps rx_pps=10752 tx_pps=31872 total_pps=42624
[0m[HW]     [o_du0][pusch0  958428 prach0  159744]
[0m[PHY]    prach_I0 = 14.3 dB
[0m[HW]     [o-du 0][rx 1128938 pps   10752 kbps   45427][tx 3346604 pps   31872 kbps  108900][Total Msgs_Rcvd 1128938]
[0m[HW]     [FH LOAD][o-du 0] rx=45.427 Mbps tx=108.900 Mbps total=154.327 Mbps rx_pps=10752 tx_pps=31872 total_pps=42624
[0m[HW]     [o_du0][pusch0  967644 prach0  161280]
[0m[HW]     [o-du 0][rx 1139690 pps   10752 kbps   45421][tx 3378476 pps   31872 kbps  108900][Total Msgs_Rcvd 1139690]
[0m[HW]     [FH LOAD][o-du 0] rx=45.421 Mbps tx=108.900 Mbps total=154.321 Mbps rx_pps=10752 tx_pps=31872 total_pps=42624
[0m[HW]     [o_du0][pusch0  976860 prach0  162816]
[0m[HW]     [o-du 0][rx 1150442 pps   10752 kbps   45432][tx 3410348 pps   31872 kbps  108900][Total Msgs_Rcvd 1150442]
[0m[HW]     [FH LOAD][o-du 0] rx=45.432 Mbps tx=108.900 Mbps total=154.332 Mbps rx_pps=10752 tx_pps=31872 total_pps=42624
[0m[HW]     [o_du0][pusch0  986076 prach0  164352]
[0m[HW]     [o-du 0][rx 1161194 pps   10752 kbps   45427][tx 3442220 pps   31872 kbps  108900][Total Msgs_Rcvd 1161194]
[0m[HW]     [FH LOAD][o-du 0] rx=45.427 Mbps tx=108.900 Mbps total=154.327 Mbps rx_pps=10752 tx_pps=31872 total_pps=42624
[0m[HW]     [o_du0][pusch0  995292 prach0  165888]
[0m[HW]     [o-du 0][rx 1171946 pps   10752 kbps   45427][tx 3474092 pps   31872 kbps  108900][Total Msgs_Rcvd 1171946]
[0m[HW]     [FH LOAD][o-du 0] rx=45.427 Mbps tx=108.900 Mbps total=154.327 Mbps rx_pps=10752 tx_pps=31872 total_pps=42624
[0m[HW]     [o_du0][pusch0 1004508 prach0  167424]
[0m[HW]     [o-du 0][rx 1182699 pps   10753 kbps   45424][tx 3505964 pps   31872 kbps  108900][Total Msgs_Rcvd 1182699]
[0m[HW]     [FH LOAD][o-du 0] rx=45.424 Mbps tx=108.900 Mbps total=154.324 Mbps rx_pps=10753 tx_pps=31872 total_pps=42625
[0m[HW]     [o_du0][pusch0 1013724 prach0  168960]
[0m[HW]     [o-du 0][rx 1193451 pps   10752 kbps   45432][tx 3537836 pps   31872 kbps  108900][Total Msgs_Rcvd 1193451]
[0m[HW]     [FH LOAD][o-du 0] rx=45.432 Mbps tx=108.900 Mbps total=154.332 Mbps rx_pps=10752 tx_pps=31872 total_pps=42624
[0m[HW]     [o_du0][pusch0 1022940 prach0  170496]
[0m[HW]     [o-du 0][rx 1204203 pps   10752 kbps   45427][tx 3569708 pps   31872 kbps  108900][Total Msgs_Rcvd 1204203]
[0m[HW]     [FH LOAD][o-du 0] rx=45.427 Mbps tx=108.900 Mbps total=154.327 Mbps rx_pps=10752 tx_pps=31872 total_pps=42624
[0m[HW]     [o_du0][pusch0 1032156 prach0  172032]
[0m[PHY]    prach_I0 = 13.3 dB
[0m[HW]     [o-du 0][rx 1214955 pps   10752 kbps   45421][tx 3601580 pps   31872 kbps  108900][Total Msgs_Rcvd 1214955]
[0m[HW]     [FH LOAD][o-du 0] rx=45.421 Mbps tx=108.900 Mbps total=154.321 Mbps rx_pps=10752 tx_pps=31872 total_pps=42624
[0m[HW]     [o_du0][pusch0 1041372 prach0  173568]
[0m[HW]     [o-du 0][rx 1225707 pps   10752 kbps   45427][tx 3633452 pps   31872 kbps  108900][Total Msgs_Rcvd 1225707]
[0m[HW]     [FH LOAD][o-du 0] rx=45.427 Mbps tx=108.900 Mbps total=154.327 Mbps rx_pps=10752 tx_pps=31872 total_pps=42624
[0m[HW]     [o_du0][pusch0 1050588 prach0  175104]
[0m[HW]     [o-du 0][rx 1236459 pps   10752 kbps   45427][tx 3665324 pps   31872 kbps  108900][Total Msgs_Rcvd 1236459]
[0m[HW]     [FH LOAD][o-du 0] rx=45.427 Mbps tx=108.900 Mbps total=154.327 Mbps rx_pps=10752 tx_pps=31872 total_pps=42624
[0m[HW]     [o_du0][pusch0 1059804 prach0  176640]
[0m[HW]     [o-du 0][rx 1247211 pps   10752 kbps   45427][tx 3697196 pps   31872 kbps  108900][Total Msgs_Rcvd 1247211]
[0m[HW]     [FH LOAD][o-du 0] rx=45.427 Mbps tx=108.900 Mbps total=154.327 Mbps rx_pps=10752 tx_pps=31872 total_pps=42624
[0m[HW]     [o_du0][pusch0 1069020 prach0  178176]
[0m[HW]     [o-du 0][rx 1257963 pps   10752 kbps   45432][tx 3729068 pps   31872 kbps  108900][Total Msgs_Rcvd 1257963]
[0m[HW]     [FH LOAD][o-du 0] rx=45.432 Mbps tx=108.900 Mbps total=154.332 Mbps rx_pps=10752 tx_pps=31872 total_pps=42624
[0m[HW]     [o_du0][pusch0 1078236 prach0  179712]
[0m[HW]     [o-du 0][rx 1268715 pps   10752 kbps   45421][tx 3760940 pps   31872 kbps  108900][Total Msgs_Rcvd 1268715]
[0m[HW]     [FH LOAD][o-du 0] rx=45.421 Mbps tx=108.900 Mbps total=154.321 Mbps rx_pps=10752 tx_pps=31872 total_pps=42624
[0m[HW]     [o_du0][pusch0 1087452 prach0  181248]
[0m[HW]     [o-du 0][rx 1279467 pps   10752 kbps   45432][tx 3792812 pps   31872 kbps  108900][Total Msgs_Rcvd 1279467]
[0m[HW]     [FH LOAD][o-du 0] rx=45.432 Mbps tx=108.900 Mbps total=154.332 Mbps rx_pps=10752 tx_pps=31872 total_pps=42624
[0m[HW]     [o_du0][pusch0 1096668 prach0  182784]
[0m[HW]     [o-du 0][rx 1290220 pps   10753 kbps   45424][tx 3824684 pps   31872 kbps  108900][Total Msgs_Rcvd 1290220]
[0m[HW]     [FH LOAD][o-du 0] rx=45.424 Mbps tx=108.900 Mbps total=154.324 Mbps rx_pps=10753 tx_pps=31872 total_pps=42625
[0m[HW]     [o_du0][pusch0 1105884 prach0  184320]
[0m[PHY]    prach_I0 = 13.4 dB
[0m[HW]     [o-du 0][rx 1300972 pps   10752 kbps   45432][tx 3856556 pps   31872 kbps  108900][Total Msgs_Rcvd 1300972]
[0m[HW]     [FH LOAD][o-du 0] rx=45.432 Mbps tx=108.900 Mbps total=154.332 Mbps rx_pps=10752 tx_pps=31872 total_pps=42624
[0m[HW]     [o_du0][pusch0 1115100 prach0  185856]
[0m[HW]     [o-du 0][rx 1311725 pps   10753 kbps   45427][tx 3888428 pps   31872 kbps  108900][Total Msgs_Rcvd 1311725]
[0m[HW]     [FH LOAD][o-du 0] rx=45.427 Mbps tx=108.900 Mbps total=154.327 Mbps rx_pps=10753 tx_pps=31872 total_pps=42625
[0m[HW]     [o_du0][pusch0 1124316 prach0  187392]
[0m[HW]     [o-du 0][rx 1322477 pps   10752 kbps   45427][tx 3920300 pps   31872 kbps  108900][Total Msgs_Rcvd 1322477]
[0m[HW]     [FH LOAD][o-du 0] rx=45.427 Mbps tx=108.900 Mbps total=154.327 Mbps rx_pps=10752 tx_pps=31872 total_pps=42624
[0m[HW]     [o_du0][pusch0 1133532 prach0  188928]
[0m[HW]     [o-du 0][rx 1333229 pps   10752 kbps   45427][tx 3952172 pps   31872 kbps  108900][Total Msgs_Rcvd 1333229]
[0m[HW]     [FH LOAD][o-du 0] rx=45.427 Mbps tx=108.900 Mbps total=154.327 Mbps rx_pps=10752 tx_pps=31872 total_pps=42624
[0m[HW]     [o_du0][pusch0 1142748 prach0  190464]
[0m[HW]     [o-du 0][rx 1343982 pps   10753 kbps   45435][tx 3984044 pps   31872 kbps  108900][Total Msgs_Rcvd 1343982]
[0m[HW]     [FH LOAD][o-du 0] rx=45.435 Mbps tx=108.900 Mbps total=154.335 Mbps rx_pps=10753 tx_pps=31872 total_pps=42625
[0m[HW]     [o_du0][pusch0 1151964 prach0  192000]
[0m[HW]     [o-du 0][rx 1354734 pps   10752 kbps   45427][tx 4015916 pps   31872 kbps  108900][Total Msgs_Rcvd 1354734]
[0m[HW]     [FH LOAD][o-du 0] rx=45.427 Mbps tx=108.900 Mbps total=154.327 Mbps rx_pps=10752 tx_pps=31872 total_pps=42624
[0m[HW]     [o_du0][pusch0 1161180 prach0  193536]
[0m[HW]     [o-du 0][rx 1365486 pps   10752 kbps   45427][tx 4047788 pps   31872 kbps  108900][Total Msgs_Rcvd 1365486]
[0m[HW]     [FH LOAD][o-du 0] rx=45.427 Mbps tx=108.900 Mbps total=154.327 Mbps rx_pps=10752 tx_pps=31872 total_pps=42624
[0m[HW]     [o_du0][pusch0 1170396 prach0  195072]
[0m[1;31m[NR_MAC] LCID 28 not handled yet!
[0m[1;31m[NR_MAC] RNTI 4172 [1010.19], received unknown MAC header (LCID = 0x28)
[0m[HW]     [o-du 0][rx 1376238 pps   10752 kbps   45427][tx 4079660 pps   31872 kbps  108900][Total Msgs_Rcvd 1376238]
[0m[HW]     [FH LOAD][o-du 0] rx=45.427 Mbps tx=108.900 Mbps total=154.327 Mbps rx_pps=10752 tx_pps=31872 total_pps=42624
[0m[HW]     [o_du0][pusch0 1179612 prach0  196608]
[0m[PHY]    prach_I0 = 13.6 dB
[0m[HW]     [o-du 0][rx 1386990 pps   10752 kbps   45427][tx 4111532 pps   31872 kbps  108900][Total Msgs_Rcvd 1386990]
[0m[HW]     [FH LOAD][o-du 0] rx=45.427 Mbps tx=108.900 Mbps total=154.327 Mbps rx_pps=10752 tx_pps=31872 total_pps=42624
[0m[HW]     [o_du0][pusch0 1188828 prach0  198144]
[0m[HW]     [o-du 0][rx 1397742 pps   10752 kbps   45427][tx 4143404 pps   31872 kbps  108900][Total Msgs_Rcvd 1397742]
[0m[HW]     [FH LOAD][o-du 0] rx=45.427 Mbps tx=108.900 Mbps total=154.327 Mbps rx_pps=10752 tx_pps=31872 total_pps=42624
[0m[HW]     [o_du0][pusch0 1198044 prach0  199680]
[0m[HW]     [o-du 0][rx 1408494 pps   10752 kbps   45427][tx 4175276 pps   31872 kbps  108900][Total Msgs_Rcvd 1408494]
[0m[HW]     [FH LOAD][o-du 0] rx=45.427 Mbps tx=108.900 Mbps total=154.327 Mbps rx_pps=10752 tx_pps=31872 total_pps=42624
[0m[HW]     [o_du0][pusch0 1207260 prach0  201216]
[0m[HW]     [o-du 0][rx 1419247 pps   10753 kbps   45424][tx 4207148 pps   31872 kbps  108900][Total Msgs_Rcvd 1419247]
[0m[HW]     [FH LOAD][o-du 0] rx=45.424 Mbps tx=108.900 Mbps total=154.324 Mbps rx_pps=10753 tx_pps=31872 total_pps=42625
[0m[HW]     [o_du0][pusch0 1216476 prach0  202752]
[0m[HW]     [o-du 0][rx 1429999 pps   10752 kbps   45432][tx 4239020 pps   31872 kbps  108900][Total Msgs_Rcvd 1429999]
[0m[HW]     [FH LOAD][o-du 0] rx=45.432 Mbps tx=108.900 Mbps total=154.332 Mbps rx_pps=10752 tx_pps=31872 total_pps=42624
[0m[HW]     [o_du0][pusch0 1225692 prach0  204288]
[0m[HW]     [o-du 0][rx 1440751 pps   10752 kbps   45427][tx 4270892 pps   31872 kbps  108900][Total Msgs_Rcvd 1440751]
[0m[HW]     [FH LOAD][o-du 0] rx=45.427 Mbps tx=108.900 Mbps total=154.327 Mbps rx_pps=10752 tx_pps=31872 total_pps=42624
[0m[HW]     [o_du0][pusch0 1234908 prach0  205824]
[0m[HW]     [o-du 0][rx 1451503 pps   10752 kbps   45427][tx 4302764 pps   31872 kbps  108900][Total Msgs_Rcvd 1451503]
[0m[HW]     [FH LOAD][o-du 0] rx=45.427 Mbps tx=108.900 Mbps total=154.327 Mbps rx_pps=10752 tx_pps=31872 total_pps=42624
[0m[HW]     [o_du0][pusch0 1244124 prach0  207360]
[0m[HW]     [o-du 0][rx 1462255 pps   10752 kbps   45427][tx 4334636 pps   31872 kbps  108900][Total Msgs_Rcvd 1462255]
[0m[HW]     [FH LOAD][o-du 0] rx=45.427 Mbps tx=108.900 Mbps total=154.327 Mbps rx_pps=10752 tx_pps=31872 total_pps=42624
[0m[HW]     [o_du0][pusch0 1253340 prach0  208896]
[0m[PHY]    prach_I0 = 13.4 dB
[0m[HW]     [o-du 0][rx 1473007 pps   10752 kbps   45427][tx 4366508 pps   31872 kbps  108900][Total Msgs_Rcvd 1473007]
[0m[HW]     [FH LOAD][o-du 0] rx=45.427 Mbps tx=108.900 Mbps total=154.327 Mbps rx_pps=10752 tx_pps=31872 total_pps=42624
[0m[HW]     [o_du0][pusch0 1262556 prach0  210432]
[0m[HW]     [o-du 0][rx 1483759 pps   10752 kbps   45432][tx 4398380 pps   31872 kbps  108900][Total Msgs_Rcvd 1483759]
[0m[HW]     [FH LOAD][o-du 0] rx=45.432 Mbps tx=108.900 Mbps total=154.332 Mbps rx_pps=10752 tx_pps=31872 total_pps=42624
[0m[HW]     [o_du0][pusch0 1271772 prach0  211968]
[0m[HW]     [o-du 0][rx 1494511 pps   10752 kbps   45432][tx 4430252 pps   31872 kbps  108900][Total Msgs_Rcvd 1494511]
[0m[HW]     [FH LOAD][o-du 0] rx=45.432 Mbps tx=108.900 Mbps total=154.332 Mbps rx_pps=10752 tx_pps=31872 total_pps=42624
[0m[HW]     [o_du0][pusch0 1280988 prach0  213504]
[0m[HW]     [o-du 0][rx 1505263 pps   10752 kbps   45421][tx 4462124 pps   31872 kbps  108900][Total Msgs_Rcvd 1505263]
[0m[HW]     [FH LOAD][o-du 0] rx=45.421 Mbps tx=108.900 Mbps total=154.321 Mbps rx_pps=10752 tx_pps=31872 total_pps=42624
[0m[HW]     [o_du0][pusch0 1290204 prach0  215040]
[0m[HW]     [o-du 0][rx 1516015 pps   10752 kbps   45427][tx 4493996 pps   31872 kbps  108900][Total Msgs_Rcvd 1516015]
[0m[HW]     [FH LOAD][o-du 0] rx=45.427 Mbps tx=108.900 Mbps total=154.327 Mbps rx_pps=10752 tx_pps=31872 total_pps=42624
[0m[HW]     [o_du0][pusch0 1299420 prach0  216576]
[0m[HW]     [o-du 0][rx 1526767 pps   10752 kbps   45427][tx 4525868 pps   31872 kbps  108900][Total Msgs_Rcvd 1526767]
[0m[HW]     [FH LOAD][o-du 0] rx=45.427 Mbps tx=108.900 Mbps total=154.327 Mbps rx_pps=10752 tx_pps=31872 total_pps=42624
[0m[HW]     [o_du0][pusch0 1308636 prach0  218112]
[0m[HW]     [o-du 0][rx 1537519 pps   10752 kbps   45427][tx 4557740 pps   31872 kbps  108900][Total Msgs_Rcvd 1537519]
[0m[HW]     [FH LOAD][o-du 0] rx=45.427 Mbps tx=108.900 Mbps total=154.327 Mbps rx_pps=10752 tx_pps=31872 total_pps=42624
[0m[HW]     [o_du0][pusch0 1317852 prach0  219648]
[0m[HW]     [o-du 0][rx 1548272 pps   10753 kbps   45427][tx 4589612 pps   31872 kbps  108900][Total Msgs_Rcvd 1548272]
[0m[HW]     [FH LOAD][o-du 0] rx=45.427 Mbps tx=108.900 Mbps total=154.327 Mbps rx_pps=10753 tx_pps=31872 total_pps=42625
[0m[HW]     [o_du0][pusch0 1327068 prach0  221184]
[0m[PHY]    prach_I0 = 13.0 dB
[0m[HW]     [o-du 0][rx 1559024 pps   10752 kbps   45419][tx 4621484 pps   31872 kbps  108900][Total Msgs_Rcvd 1559024]
[0m[HW]     [FH LOAD][o-du 0] rx=45.419 Mbps tx=108.900 Mbps total=154.319 Mbps rx_pps=10752 tx_pps=31872 total_pps=42624
[0m[HW]     [o_du0][pusch0 1336284 prach0  222720]
[0m[HW]     [o-du 0][rx 1569776 pps   10752 kbps   45427][tx 4653356 pps   31872 kbps  108900][Total Msgs_Rcvd 1569776]
[0m[HW]     [FH LOAD][o-du 0] rx=45.427 Mbps tx=108.900 Mbps total=154.327 Mbps rx_pps=10752 tx_pps=31872 total_pps=42624
[0m[HW]     [o_du0][pusch0 1345500 prach0  224256]
[0m[HW]     [o-du 0][rx 1580528 pps   10752 kbps   45427][tx 4685228 pps   31872 kbps  108900][Total Msgs_Rcvd 1580528]
[0m[HW]     [FH LOAD][o-du 0] rx=45.427 Mbps tx=108.900 Mbps total=154.327 Mbps rx_pps=10752 tx_pps=31872 total_pps=42624
[0m[HW]     [o_du0][pusch0 1354716 prach0  225792]
[0m[HW]     [o-du 0][rx 1591280 pps   10752 kbps   45422][tx 4717100 pps   31872 kbps  108900][Total Msgs_Rcvd 1591280]
[0m[HW]     [FH LOAD][o-du 0] rx=45.422 Mbps tx=108.900 Mbps total=154.322 Mbps rx_pps=10752 tx_pps=31872 total_pps=42624
[0m[HW]     [o_du0][pusch0 1363932 prach0  227328]
[0m[1;31m[NR_MAC] LCID 3 not handled yet!
[0m[1;31m[NR_MAC] RNTI 4172 [611.19], received unknown MAC header (LCID = 0x03)
[0m[HW]     [o-du 0][rx 1602032 pps   10752 kbps   45431][tx 4748972 pps   31872 kbps  108900][Total Msgs_Rcvd 1602032]
[0m[HW]     [FH LOAD][o-du 0] rx=45.431 Mbps tx=108.900 Mbps total=154.331 Mbps rx_pps=10752 tx_pps=31872 total_pps=42624
[0m[HW]     [o_du0][pusch0 1373148 prach0  228864]
[0m[HW]     [o-du 0][rx 1612784 pps   10752 kbps   45437][tx 4780844 pps   31872 kbps  108900][Total Msgs_Rcvd 1612784]
[0m[HW]     [FH LOAD][o-du 0] rx=45.437 Mbps tx=108.900 Mbps total=154.337 Mbps rx_pps=10752 tx_pps=31872 total_pps=42624
[0m[HW]     [o_du0][pusch0 1382364 prach0  230400]
[0m[HW]     [o-du 0][rx 1623536 pps   10752 kbps   45416][tx 4812716 pps   31872 kbps  108900][Total Msgs_Rcvd 1623536]
[0m[HW]     [FH LOAD][o-du 0] rx=45.416 Mbps tx=108.900 Mbps total=154.316 Mbps rx_pps=10752 tx_pps=31872 total_pps=42624
[0m[HW]     [o_du0][pusch0 1391580 prach0  231936]
[0m[HW]     [o-du 0][rx 1634288 pps   10752 kbps   45427][tx 4844588 pps   31872 kbps  108900][Total Msgs_Rcvd 1634288]
[0m[HW]     [FH LOAD][o-du 0] rx=45.427 Mbps tx=108.900 Mbps total=154.327 Mbps rx_pps=10752 tx_pps=31872 total_pps=42624
[0m[HW]     [o_du0][pusch0 1400796 prach0  233472]
[0m[PHY]    prach_I0 = 12.6 dB
[0m[HW]     [o-du 0][rx 1645040 pps   10752 kbps   45437][tx 4876460 pps   31872 kbps  108900][Total Msgs_Rcvd 1645040]
[0m[HW]     [FH LOAD][o-du 0] rx=45.437 Mbps tx=108.900 Mbps total=154.337 Mbps rx_pps=10752 tx_pps=31872 total_pps=42624
[0m[HW]     [o_du0][pusch0 1410012 prach0  235008]
[0m[HW]     [o-du 0][rx 1655792 pps   10752 kbps   45421][tx 4908332 pps   31872 kbps  108900][Total Msgs_Rcvd 1655792]
[0m[HW]     [FH LOAD][o-du 0] rx=45.421 Mbps tx=108.900 Mbps total=154.321 Mbps rx_pps=10752 tx_pps=31872 total_pps=42624
[0m[HW]     [o_du0][pusch0 1419228 prach0  236544]
[0m[HW]     [o-du 0][rx 1666544 pps   10752 kbps   45432][tx 4940204 pps   31872 kbps  108900][Total Msgs_Rcvd 1666544]
[0m[HW]     [FH LOAD][o-du 0] rx=45.432 Mbps tx=108.900 Mbps total=154.332 Mbps rx_pps=10752 tx_pps=31872 total_pps=42624
[0m[HW]     [o_du0][pusch0 1428444 prach0  238080]
[0m[HW]     [o-du 0][rx 1677296 pps   10752 kbps   45421][tx 4972076 pps   31872 kbps  108900][Total Msgs_Rcvd 1677296]
[0m[HW]     [FH LOAD][o-du 0] rx=45.421 Mbps tx=108.900 Mbps total=154.321 Mbps rx_pps=10752 tx_pps=31872 total_pps=42624
[0m[HW]     [o_du0][pusch0 1437660 prach0  239616]
[0m[HW]     [o-du 0][rx 1688048 pps   10752 kbps   45427][tx 5003948 pps   31872 kbps  108900][Total Msgs_Rcvd 1688048]
[0m[HW]     [FH LOAD][o-du 0] rx=45.427 Mbps tx=108.900 Mbps total=154.327 Mbps rx_pps=10752 tx_pps=31872 total_pps=42624
[0m[HW]     [o_du0][pusch0 1446876 prach0  241152]
[0m[HW]     [o-du 0][rx 1698800 pps   10752 kbps   45422][tx 5035820 pps   31872 kbps  108900][Total Msgs_Rcvd 1698800]
[0m[HW]     [FH LOAD][o-du 0] rx=45.422 Mbps tx=108.900 Mbps total=154.322 Mbps rx_pps=10752 tx_pps=31872 total_pps=42624
[0m[HW]     [o_du0][pusch0 1456092 prach0  242688]
[0m[HW]     [o-du 0][rx 1709552 pps   10752 kbps   45437][tx 5067692 pps   31872 kbps  108900][Total Msgs_Rcvd 1709552]
[0m[HW]     [FH LOAD][o-du 0] rx=45.437 Mbps tx=108.900 Mbps total=154.337 Mbps rx_pps=10752 tx_pps=31872 total_pps=42624
[0m[HW]     [o_du0][pusch0 1465308 prach0  244224]
[0m[HW]     [o-du 0][rx 1720304 pps   10752 kbps   45421][tx 5099564 pps   31872 kbps  108900][Total Msgs_Rcvd 1720304]
[0m[HW]     [FH LOAD][o-du 0] rx=45.421 Mbps tx=108.900 Mbps total=154.321 Mbps rx_pps=10752 tx_pps=31872 total_pps=42624
[0m[HW]     [o_du0][pusch0 1474524 prach0  245760]
[0m[PHY]    prach_I0 = 13.1 dB
[0m[HW]     [o-du 0][rx 1731056 pps   10752 kbps   45432][tx 5131436 pps   31872 kbps  108900][Total Msgs_Rcvd 1731056]
[0m[HW]     [FH LOAD][o-du 0] rx=45.432 Mbps tx=108.900 Mbps total=154.332 Mbps rx_pps=10752 tx_pps=31872 total_pps=42624
[0m[HW]     [o_du0][pusch0 1483740 prach0  247296]
[0m[HW]     [o-du 0][rx 1741808 pps   10752 kbps   45427][tx 5163308 pps   31872 kbps  108900][Total Msgs_Rcvd 1741808]
[0m[HW]     [FH LOAD][o-du 0] rx=45.427 Mbps tx=108.900 Mbps total=154.327 Mbps rx_pps=10752 tx_pps=31872 total_pps=42624
[0m[HW]     [o_du0][pusch0 1492956 prach0  248832]
[0m[HW]     [o-du 0][rx 1752560 pps   10752 kbps   45421][tx 5195180 pps   31872 kbps  108900][Total Msgs_Rcvd 1752560]
[0m[HW]     [FH LOAD][o-du 0] rx=45.421 Mbps tx=108.900 Mbps total=154.321 Mbps rx_pps=10752 tx_pps=31872 total_pps=42624
[0m[HW]     [o_du0][pusch0 1502172 prach0  250368]
[0m[HW]     [o-du 0][rx 1763312 pps   10752 kbps   45437][tx 5227052 pps   31872 kbps  108900][Total Msgs_Rcvd 1763312]
[0m[HW]     [FH LOAD][o-du 0] rx=45.437 Mbps tx=108.900 Mbps total=154.337 Mbps rx_pps=10752 tx_pps=31872 total_pps=42624
[0m[HW]     [o_du0][pusch0 1511388 prach0  251904]
[0m[HW]     [o-du 0][rx 1774064 pps   10752 kbps   45421][tx 5258924 pps   31872 kbps  108900][Total Msgs_Rcvd 1774064]
[0m[HW]     [FH LOAD][o-du 0] rx=45.421 Mbps tx=108.900 Mbps total=154.321 Mbps rx_pps=10752 tx_pps=31872 total_pps=42624
[0m[HW]     [o_du0][pusch0 1520604 prach0  253440]
[0m[HW]     [o-du 0][rx 1784816 pps   10752 kbps   45432][tx 5290796 pps   31872 kbps  108900][Total Msgs_Rcvd 1784816]
[0m[HW]     [FH LOAD][o-du 0] rx=45.432 Mbps tx=108.900 Mbps total=154.332 Mbps rx_pps=10752 tx_pps=31872 total_pps=42624
[0m[HW]     [o_du0][pusch0 1529820 prach0  254976]
[0m