Logging terminal output to /home/jesse/oran_lab/logs/run_ru/run_ru_20260524_212000_pid914414.log
RU cores: 10,11,12,13,14,15,16
RU numerology: 1
ORU PRACH frame adjust: 0
AnonHugePages:         0 kB
ShmemHugePages:        0 kB
FileHugePages:    329728 kB
HugePages_Total:    8192
HugePages_Free:        0
HugePages_Rsvd:        0
HugePages_Surp:        0
Hugepagesize:       2048 kB
Hugetlb:        16777216 kB
Using uio_pci_generic; skipping VFIO IOMMU group viability check.
CMDLINE: "./nr-oru" "-O" "/home/jesse/oran_lab/ru_test.conf" "--vrtsim.role" "server" "--numerology" "1" 
[93m[PHY]    ./nr-oru is experimental software and at this point is not an implementation of a 7.2 O-RAN RU
[0m[HW]     Version: Branch: oru-rebase-1-plus-compression Abrev. Hash: dae942c616 Date: Fri May 15 22:54:55 2026 +0000
[0m[HW]     Initializing O-RAN 7.2 FH interface through xran library (compiled against headers of oran_f_release_v1.8)
[0mEAL: Detected 32 lcore(s)
EAL: Detected 1 NUMA nodes
EAL: Auto-detected process type: PRIMARY
EAL: Detected shared linkage of DPDK
EAL: Multi-process socket /var/run/dpdk/ru/mp_socket
EAL: Selected IOVA mode 'PA'
EAL: No available hugepages reported in hugepages-1048576kB
EAL: Probing VFIO support...
EAL: VFIO support initialized
EAL: Probe PCI driver: net_i40e_vf (8086:154c) device: 0000:06:02.0 (socket 0)
[CONFIG] function config_libconfig_init returned 0
Reading in command-line options
configuring for RRU
About to Init RU threads
xran_fh_init:
  io_cfg:
    id 1 (O-RU)
    num_vfs 2
    num_rxq 1
    dpdk_dev [0000:06:02.0, 0000:06:02.1, (null), (null), (null), (null), (null), (null), (null), (null), (null), (null), (null), (null), (null), (null)]
    bbdev_dev (null)
    bbdev_mode -1
    dpdkIoVaMode 0
    dpdkMemorySize 8192
    core 11
    system_core 10
    pkt_proc_core 0000000000003000
    pkt_proc_core_64_127 0000000000000000
    pkt_aux_core 0
    timing_core 11
    port (filled within xran library)
    io_sleep 0
    nEthLinePerPort 1
    nEthLineSpeed 10
    one_vf_cu_plane 0
    eowd_cmn[1]:
      initiator_en 0
      numberOfSamples 0
      filterType 0
      responseTo 0
      measVf 0
      measState 0
      measId 0
      measMethod 0
      owdm_enable 0
      owdm_PlLength 0
eowd_port (filled within xran library)
    bbu_offload 0
  eAxCId_conf:
    mask_cuPortId 0xf000
    mask_bandSectorId 0x0f00
    mask_ccId 0x00f0
    mask_ruPortId 0x000f
    bit_cuPortId 0
    bit_bandSectorId 0
    bit_ccId 0
    bit_ruPortId 0
  xran_ports 1
  dpdkBasebandFecMode 0
  dpdkBasebandDevice (null)
  filePrefix ru
  mtu 9600
  p_o_du_addr 
  p_o_du_addr [00:11:22:33:64:68, 00:11:22:33:64:69]
  totalBfWeights 0
  mlogxranenable 0
  dlCpProcBurst 0
'DPDK 20.11.9'
 xran_init: MTU 9600
PF Eth line speed 10G
PF Eth lines per O-xU port 1
RX HW queues per O-xU Eth line 1 
node 0
total cores 32 c_mask 0x00000000000003c00 core 11 [id] system_core 10 [id] pkt_proc_core 0x00000000000003000 [mask] pkt_aux_core 0 [id] timing_core 11 [id]
xran_ethdi_init_dpdk_io: Calling rte_eal_init:ru -c 0x00000000000003c00 -n2 --iova-mode=pa --socket-mem=8192,0 --socket-limit=8192,0 --proc-type=auto --no-telemetry --file-prefix ru -a0000:00:00.0    
xran_init_mbuf_pool: socket 0
initializing port 0 for TX, drv=net_i40e_vf
Port 0 MAC: 00 11 22 33 64 66
Port 0: nb_rxd 4096 nb_txd 4096
[0] mp_rx__p_0_q_0 num blocks 65535
[0] mempool_small__0

Checking link status portid [0]  EAL: Probe PCI driver: net_i40e_vf (8086:154c) device: 0000:06:02.1 (socket 0)
skipped by XRAN_SKIP_LINK_CHECK
initializing port 1 for TX, drv=net_i40e_vf
Port 1 MAC: 00 11 22 33 64 67
Port 1: nb_rxd 4096 nb_txd 4096
[1] mp_rx__p_1_q_0 num blocks 65535
[1] mempool_small__1
Created ring tx_ring_cp_1 on core 11
Created ring rx_ring_cp_1_0 on core 11

Checking link status portid [1]  [93m[HW]     XRAN modifed affinity. Correcting affinity of caller
[0mskipped by XRAN_SKIP_LINK_CHECK
[ 0] vf  0 local  SRC MAC: 00 11 22 33 64 66
[ 0] vf  0 remote DST MAC: 00 11 22 33 64 68
[ 0] vf  1 local  SRC MAC: 00 11 22 33 64 67
[ 0] vf  1 remote DST MAC: 00 11 22 33 64 69
created dl_gen_ring_up_0 on core 11
xran_fh_config:
  dpdk_port 0
  sector_id 0
  nCC 1
  neAxc 1
  neAxcUl 0
  nAntElmTRx 0
  nDLFftSize 9
  nULFftSize 9
  nDLRBs 24
  nULRBs 24
  nDLAbsFrePointA 0
  nULAbsFrePointA 0
  nDLCenterFreqARFCN 0
  nULCenterFreqARFCN 0
  ttiCb (nil)
  ttiCbParam (nil)
  Tadv_cp_dl 0
  T2a_min_cp_dl 0
  T2a_max_cp_dl 0
  T2a_min_cp_ul 0
  T2a_max_cp_ul 0
  T2a_min_up 200
  T2a_max_up 1200
  Ta3_min 200
  Ta3_max 470
  T1a_min_cp_dl 0
  T1a_max_cp_dl 0
  T1a_min_cp_ul 0
  T1a_max_cp_ul 0
  T1a_min_up 0
  T1a_max_up 0
  Ta4_min 0
  Ta4_max 0
  enableCP 1
  prachEnable 1
  srsEnable 0
  puschMaskEnable 0
  puschMaskSlot 0
  cp_vlan_tag 0
  up_vlan_tag 0
  debugStop 0
  debugStopCount 0
  DynamicSectionEna 0
  GPS_Alpha 0
  GPS_Beta -9000
  srsEnableCp 0
  SrsDelaySym 0
  prach_config:
    nPrachConfIdx 159
    nPrachSubcSpacing 1
    nPrachZeroCorrConf 0
    nPrachRestrictSet 0
    nPrachRootSeqIdx 0
    nPrachFreqStart 0
    nPrachFreqOffset -288
    nPrachFilterIdx 0
    startSymId 0
    lastSymId 0
    startPrbc 0
    numPrbc 0
    timeOffset 0
    freqOffset 0
    eAxC_offset 1
    nPrachConfIdxLTE 0
  srs_config:
    symbMask 0000
    eAxC_offset 0
  frame_conf:
    nFrameDuplexType TDD
    nNumerology 1
    nTddPeriod 5
    sSlotConfig[0]: DDDDDDDDDDDDDD
    sSlotConfig[1]: DDDDDDDDDDDDDD
    sSlotConfig[2]: DDDDDDDDDDDDDD
    sSlotConfig[3]: DDDDDDGGGGUUUU
    sSlotConfig[4]: UUUUUUUUUUUUUU
  ru_config:
    xranTech NR
    xranCat A
    xranCompHdrType dynamic
    iqWidth 16
    compMeth 0
    iqWidth_PRACH 16
    compMeth_PRACH 0
    fftSize 10
    byteOrder network/BE
    iqOrder I_Q
    xran_max_frame 0
  bbdev_enc (nil)
  bbdev_dec (nil)
  tx_cp_eAxC2Vf 0x7ffdfe34fe90
  tx_up_eAxC2Vf 0x7ffdfe350a90
  rx_cp_eAxC2Vf 0x7ffdfe351690
  rx_up_eAxC2Vf 0x7ffdfe352290
  log_level 1
  max_sections_per_slot 0
  max_sections_per_symbol 0
  RunSlotPrbMapBySymbolEnable 0
  LiteOnIgnoreUPSectionIdEnable 0
  dssEnable 0
  dssPeriod 0
  technology[XRAN_MAX_DSS_PERIODICITY] (not filled as DSS disabled)
 xran_open: 5G NR Category A
xRAN open PRACH config: Numerology 1 ConfIdx 159, preambleFmrt 10 startsymb 0, numSymbol 12, occassionsInPrachSlot 1
PRACH: x 1 y[0] 0, y[1] 0 prach slot: 9 ..
PRACH start symbol 0 lastsymbol 11
xran_init_vfs_mapping: p 0 vf 0
xran_init_vfs_mapping: p 0 vf 1
xran_open: interval_us=500, interval_us_local=500
bbu_offload 0
XRAN_UP_VF: 0x0000
xran_timing_source_thread [CPU 11] [PID: 914430]
TTI interval 500 [us]
Start UL U-plane 200 us after OTA [offset in sym 6]
Receive DL U-plane 1200 us after OTA [offset in sym 34]
O-XU      1
HW        0
Num cores 3
Num ports 1
O-RU Cat  0
O-RU CC   1
O-RU eAxC 1
p:0 XRAN_JOB_TYPE_CP_DL worker id 1
p:0 XRAN_JOB_TYPE_CP_UL worker id 1
p:0 XRAN_JOB_TYPE_CP_DL worker id 0
p:0 XRAN_JOB_TYPE_CP_UL worker id 0
xran_generic_worker_thread [CPU 12] [PID: 914430]
spawn worker 0 core 12
xran_generic_worker_thread [CPU 13] [PID: 914430]
spawn worker 1 core 13
xran_open [CPU 10] [PID: 914430]
Waiting on Timing thread...
Initialize ORAN port instance 0 (1) sector 0
xran_sector_get_instances() o_xu_id 0 xran_handle 0x7ba9d0f95040
xran_sector_get_instances [0]: CC 0 handle 0x584796f5dac0
Handle: 0x7baa020f7b68 Instance: 0x584796f5dac0
-> hInstance 0x584796f5dac0
ru_0_cc_0_idx_0: [ handle 0x584796f5dac0 0 0 ] [nPoolIndex 0] nNumberOfBuffers 511 nBufferSize 14116 socket_id 0
CC:[ handle 0x584796f5dac0 ru 0 cc_idx 0 ] [nPoolIndex 0] mb pool 0x284763240 
xran_bm_init() hInstance 0x584796f5dac0 poolIdx 0 elements 511 size 14116
xran_bm_allocate_buffer() hInstance 0x584796f5dac0 poolIdx 0 count 280
ru_0_cc_0_idx_1: [ handle 0x584796f5dac0 0 0 ] [nPoolIndex 1] nNumberOfBuffers 511 nBufferSize 4976 socket_id 0
CC:[ handle 0x584796f5dac0 ru 0 cc_idx 0 ] [nPoolIndex 1] mb pool 0x284765dc0 
xran_bm_init() hInstance 0x584796f5dac0 poolIdx 1 elements 511 size 497[HW]     [PRB MAP INIT] ant=0, slot=0: After xran_init, dir=1, nPrbElm=1
[0m[HW]     [PRB MAP INIT]   prbMap[0]: compMethod=0, iqWidth=16, nRBStart=0, nRBSize=24
[0m[HW]     [PRB MAP INIT] ant=0, slot=1: After xran_init, dir=1, nPrbElm=1
[0m[HW]     [PRB MAP INIT]   prbMap[0]: compMethod=0, iqWidth=16, nRBStart=0, nRBSize=24
[0m[HW]     [PRB MAP INIT] ant=0, slot=0: After xran_init, dir=0, nPrbElm=1
[0m[HW]     [PRB MAP INIT]   prbMap[0]: compMethod=0, iqWidth=16, nRBStart=0, nRBSize=24
[0m[HW]     [PRB MAP INIT] ant=0, slot=1: After xran_init, dir=0, nPrbElm=1
[0m[HW]     [PRB MAP INIT]   prbMap[0]: compMethod=0, iqWidth=16, nRBStart=0, nRBSize=24
[0m[HW]     Enqueued 1023 elements to uplane_data_ring
[0m[HW]     Installing 14 callbacks 5 symbols before OTA
[0m[HW]     [RAU] has loaded ETHERNET trasport protocol.
[0m[HW]     VRTSIM: TX sample advance 4096 samples
[0m[HW]     Running as server: waiting for client to connect
[0m[HW]     VRTSIM: UE 0 - 1x1 antennas, Model 0 (TDL-A), DS 10.0ns, Speed 1.5m/s
[0m[HW]     VRTSIM: UE 0 - TX: 1 antennas (offset 0), RX: 1 antennas (offset 0)
[0m[HW]     VRTSIM: Total streams - UL: 1, DL: 1
[0m[HW]     first_call set from phy cb
[0m[93m[HW]     PUSCH was not yet configured by the O-DU frame 0, slot 13, symbol 10, aarx 0
[0m[HW]     ORU PRACH frame adjust 0 frame(s)
[0m[93m[HW]     PRACH was not configured for frame.slot 0.19 adjusted 0.19 frame8 0: no C-plane config cached
[0m[93m[HW]     PUSCH was not yet configured by the O-DU frame 14, slot 9, symbol 6, aarx 0
[0m[93m[HW]     PUSCH was not yet configured by the O-DU frame 28, slot 8, symbol 12, aarx 0
[0m[93m[HW]     PUSCH was not yet configured by the O-DU frame 42, slot 4, symbol 8, aarx 0
[0m[93m[HW]     PUSCH was not yet configured by the O-DU frame 56, slot 4, symbol 0, aarx 0
[0m[93m[HW]     PUSCH was not yet configured by the O-DU frame 69, slot 19, symbol 10, aarx 0
[0m[93m[HW]     PUSCH was not yet configured by the O-DU frame 83, slot 19, symbol 2, aarx 0
[0m[93m[HW]     PRACH was not configured for frame.slot 83.19 adjusted 83.19 frame8 83: no C-plane config cached
[0m[93m[HW]     PUSCH was not yet configured by the O-DU frame 97, slot 14, symbol 12, aarx 0
[0m[93m[HW]     PUSCH was not yet configured by the O-DU frame 111, slot 14, symbol 4, aarx 0
[0m[93m[HW]     PUSCH was not yet configured by the O-DU frame 125, slot 13, symbol 10, aarx 0
[0m[93m[HW]     PUSCH was not yet configured by the O-DU frame 139, slot 9, symbol 6, aarx 0
[0m[93m[HW]     PUSCH was not yet configured by the O-DU frame 153, slot 8, symbol 12, aarx 0
[0m[93m[HW]     PRACH was not configured for frame.slot 166.19 adjusted 166.19 frame8 166: no C-plane config cached
[0m[93m[HW]     PUSCH was not yet configured by the O-DU frame 167, slot 4, symbol 8, aarx 0
[0m[93m[HW]     PUSCH was not yet configured by the O-DU frame 181, slot 4, symbol 0, aarx 0
[0m[93m[HW]     PUSCH was not yet configured by the O-DU frame 194, slot 19, symbol 10, aarx 0
[0m[93m[HW]     PUSCH was not yet configured by the O-DU frame 208, slot 19, symbol 2, aarx 0
[0m[93m[HW]     PUSCH was not yet configured by the O-DU frame 222, slot 14, symbol 12, aarx 0
[0m[93m[HW]     PUSCH was not yet configured by the O-DU frame 236, slot 14, symbol 4, aarx 0
[0m[93m[HW]     PUSCH was not yet configured by the O-DU frame 250, slot 13, symbol 10, aarx 0
[0m[93m[HW]     PRACH was not configured for frame.slot 250.19 adjusted 250.19 frame8 250: no C-plane config cached
[0m[HW]     RU: packets received 0
[0m[HW]     RU: packets processed 0
[0m[HW]     RU: packets dropped 0
[0m[93m[HW]     PUSCH was not yet configured by the O-DU frame 264, slot 9, symbol 6, aarx 0
[0m[93m[HW]     PUSCH was not yet configured by the O-DU frame 278, slot 8, symbol 12, aarx 0
[0m[93m[HW]     PUSCH was not yet configured by the O-DU frame 292, slot 4, symbol 8, aarx 0
[0m[93m[HW]     PUSCH was not yet configured by the O-DU frame 306, slot 4, symbol 0, aarx 0
[0m[93m[HW]     PUSCH was not yet configured by the O-DU frame 319, slot 19, symbol 10, aarx 0
[0m[93m[HW]     PUSCH was not yet configured by the O-DU frame 333, slot 19, symbol 2, aarx 0
[0m[93m[HW]     PRACH was not configured for frame.slot 333.19 adjusted 333.19 frame8 77: no C-plane config cached
[0m[93m[HW]     PUSCH was not yet configured by the O-DU frame 347, slot 14, symbol 12, aarx 0
[0m[93m[HW]     PUSCH was not yet configured by the O-DU frame 361, slot 14, symbol 4, aarx 0
[0m[93m[HW]     PUSCH was not yet configured by the O-DU frame 375, slot 13, symbol 10, aarx 0
[0m[93m[HW]     PUSCH was not yet configured by the O-DU frame 389, slot 9, symbol 6, aarx 0
[0m[93m[HW]     PUSCH was not yet configured by the O-DU frame 403, slot 8, symbol 12, aarx 0
[0m[93m[HW]     PRACH was not configured for frame.slot 416.19 adjusted 416.19 frame8 160: no C-plane config cached
[0m[93m[HW]     PUSCH was not yet configured by the O-DU frame 417, slot 4, symbol 8, aarx 0
[0m[93m[HW]     PUSCH was not yet configured by the O-DU frame 431, slot 4, symbol 0, aarx 0
[0m[93m[HW]     PUSCH was not yet configured by the O-DU frame 444, slot 19, symbol 10, aarx 0
[0m[93m[HW]     PUSCH was not yet configured by the O-DU frame 458, slot 19, symbol 2, aarx 0
[0m[93m[HW]     PUSCH was not yet configured by the O-DU frame 472, slot 14, symbol 12, aarx 0
[0m[93m[HW]     PUSCH was not yet configured by the O-DU frame 486, slot 14, symbol 4, aarx 0
[0m[93m[HW]     PUSCH was not yet configured by the O-DU frame 500, slot 13, symbol 10, aarx 0
[0m[93m[HW]     PRACH was not configured for frame.slot 500.19 adjusted 500.19 frame8 244: no C-plane config cached
[0m[HW]     RU: packets received 0
[0m[HW]     RU: packets processed 0
[0m[HW]     RU: packets dropped 0
[0m[93m[HW]     PUSCH was not yet configured by the O-DU frame 514, slot 9, symbol 6, aarx 0
[0m[93m[HW]     PUSCH was not yet configured by the O-DU frame 528, slot 8, symbol 12, aarx 0
[0m[93m[HW]     PUSCH was not yet configured by the O-DU frame 542, slot 4, symbol 8, aarx 0
[0m[93m[HW]     PUSCH was not yet configured by the O-DU frame 556, slot 4, symbol 0, aarx 0
[0m[93m[HW]     PUSCH was not yet configured by the O-DU frame 569, slot 19, symbol 10, aarx 0
[0m[93m[HW]     PUSCH was not yet configured by the O-DU frame 583, slot 19, symbol 2, aarx 0
[0m[93m[HW]     PRACH was not configured for frame.slot 583.19 adjusted 583.19 frame8 71: no C-plane config cached
[0m[93m[HW]     PUSCH was not yet configured by the O-DU frame 597, slot 14, symbol 12, aarx 0
[0m[93m[HW]     PUSCH was not yet configured by the O-DU frame 611, slot 14, symbol 4, aarx 0
[0m[93m[HW]     PUSCH was not yet configured by the O-DU frame 625, slot 13, symbol 10, aarx 0
[0m[93m[HW]     PUSCH was not yet configured by the O-DU frame 639, slot 9, symbol 6, aarx 0
[0m[93m[HW]     PUSCH was not yet configured by the O-DU frame 653, slot 8, symbol 12, aarx 0
[0m[93m[HW]     PRACH was not configured for frame.slot 666.19 adjusted 666.19 frame8 154: no C-plane config cached
[0m[93m[HW]     PUSCH was not yet configured by the O-DU frame 667, slot 4, symbol 8, aarx 0
[0m[93m[HW]     PUSCH was not yet configured by the O-DU frame 681, slot 4, symbol 0, aarx 0
[0m[93m[HW]     PUSCH was not yet configured by the O-DU frame 694, slot 19, symbol 10, aarx 0
[0m[93m[HW]     PUSCH was not yet configured by the O-DU frame 708, slot 19, symbol 2, aarx 0
[0m[93m[HW]     PUSCH was not yet configured by the O-DU frame 722, slot 14, symbol 12, aarx 0
[0m[93m[HW]     PUSCH was not yet configured by the O-DU frame 736, slot 14, symbol 4, aarx 0
[0m[93m[HW]     PUSCH was not yet configured by the O-DU frame 750, slot 13, symbol 10, aarx 0
[0m[93m[HW]     PRACH was not configured for frame.slot 750.19 adjusted 750.19 frame8 238: no C-plane config cached
[0m[93m[HW]     PUSCH was not yet configured by the O-DU frame 764, slot 9, symbol 6, aarx 0
[0m[HW]     RU: packets received 0
[0m[HW]     RU: packets processed 0
[0m[HW]     RU: packets dropped 0
[0m[93m[HW]     PUSCH was not yet configured by the O-DU frame 778, slot 8, symbol 12, aarx 0
[0m[93m[HW]     PUSCH was not yet configured by the O-DU frame 792, slot 4, symbol 8, aarx 0
[0m[93m[HW]     PUSCH was not yet configured by the O-DU frame 806, slot 4, symbol 0, aarx 0
[0m[93m[HW]     PUSCH was not yet configured by the O-DU frame 819, slot 19, symbol 10, aarx 0
[0m[93m[HW]     PUSCH was not yet configured by the O-DU frame 833, slot 19, symbol 2, aarx 0
[0m[93m[HW]     PRACH was not configured for frame.slot 833.19 adjusted 833.19 frame8 65: no C-plane config cached
[0m[93m[HW]     PUSCH was not yet configured by the O-DU frame 847, slot 14, symbol 12, aarx 0
[0m[93m[HW]     PUSCH was not yet configured by the O-DU frame 861, slot 14, symbol 4, aarx 0
[0m[93m[HW]     PUSCH was not yet configured by the O-DU frame 875, slot 13, symbol 10, aarx 0
[0m[93m[HW]     PUSCH was not yet configured by the O-DU frame 889, slot 9, symbol 6, aarx 0
[0m[93m[HW]     PUSCH was not yet configured by the O-DU frame 903, slot 8, symbol 12, aarx 0
[0m[93m[HW]     PRACH was not configured for frame.slot 916.19 adjusted 916.19 frame8 148: no C-plane config cached
[0m[93m[HW]     PUSCH was not yet configured by the O-DU frame 917, slot 4, symbol 8, aarx 0
[0m[93m[HW]     PUSCH was not yet configured by the O-DU frame 931, slot 4, symbol 0, aarx 0
[0m[93m[HW]     PUSCH was not yet configured by the O-DU frame 944, slot 19, symbol 10, aarx 0
[0m[93m[HW]     PUSCH was not yet configured by the O-DU frame 958, slot 19, symbol 2, aarx 0
[0m[93m[HW]     PUSCH was not yet configured by the O-DU frame 972, slot 14, symbol 12, aarx 0
[0m[93m[HW]     PUSCH was not yet configured by the O-DU frame 986, slot 14, symbol 4, aarx 0
[0m[93m[HW]     PUSCH was not yet configured by the O-DU frame 1000, slot 13, symbol 10, aarx 0
[0m[93m[HW]     PRACH was not configured for frame.slot 1000.19 adjusted 1000.19 frame8 232: no C-plane config cached
[0m[93m[HW]     PUSCH was not yet configured by the O-DU frame 1014, slot 9, symbol 6, aarx 0
[0m[HW]     RU: packets received 0
[0m[HW]     RU: packets processed 0
[0m[HW]     RU: packets dropped 0
[0m[93m[HW]     PUSCH was not yet configured by the O-DU frame 4, slot 8, symbol 12, aarx 0
[0m[93m[HW]     PUSCH was not yet configured by the O-DU frame 18, slot 4, symbol 8, aarx 0
[0m[93m[HW]     PUSCH was not yet configured by the O-DU frame 32, slot 4, symbol 0, aarx 0
[0m[93m[HW]     PUSCH was not yet configured by the O-DU frame 45, slot 19, symbol 10, aarx 0
[0m[93m[HW]     PUSCH was not yet configured by the O-DU frame 59, slot 19, symbol 2, aarx 0
[0m[93m[HW]     PRACH was not configured for frame.slot 59.19 adjusted 59.19 frame8 59: no C-plane config cached
[0m[93m[HW]     PUSCH was not yet configured by the O-DU frame 73, slot 14, symbol 12, aarx 0
[0m[93m[HW]     PUSCH was not yet configured by the O-DU frame 87, slot 14, symbol 4, aarx 0
[0m[93m[HW]     PUSCH was not yet configured by the O-DU frame 101, slot 13, symbol 10, aarx 0
[0m[93m[HW]     PUSCH was not yet configured by the O-DU frame 115, slot 9, symbol 6, aarx 0
[0m[93m[HW]     PUSCH was not yet configured by the O-DU frame 129, slot 8, symbol 12, aarx 0
[0m[93m[HW]     PRACH was not configured for frame.slot 142.19 adjusted 142.19 frame8 142: no C-plane config cached
[0m[93m[HW]     PUSCH was not yet configured by the O-DU frame 143, slot 4, symbol 8, aarx 0
[0m[93m[HW]     PUSCH was not yet configured by the O-DU frame 157, slot 4, symbol 0, aarx 0
[0m[93m[HW]     PUSCH was not yet configured by the O-DU frame 170, slot 19, symbol 10, aarx 0
[0m[93m[HW]     PUSCH was not yet configured by the O-DU frame 184, slot 19, symbol 2, aarx 0
[0m[93m[HW]     PUSCH was not yet configured by the O-DU frame 198, slot 14, symbol 12, aarx 0
[0m[93m[HW]     PUSCH was not yet configured by the O-DU frame 212, slot 14, symbol 4, aarx 0
[0m[93m[HW]     PUSCH was not yet configured by the O-DU frame 226, slot 13, symbol 10, aarx 0
[0m[93m[HW]     PRACH was not configured for frame.slot 226.19 adjusted 226.19 frame8 226: no C-plane config cached
[0m[93m[HW]     PUSCH was not yet configured by the O-DU frame 240, slot 9, symbol 6, aarx 0
[0m[93m[HW]     PUSCH was not yet configured by the O-DU frame 254, slot 8, symbol 12, aarx 0
[0m[HW]     RU: packets received 0
[0m[HW]     RU: packets processed 0
[0m[HW]     RU: packets dropped 0
[0m[93m[HW]     PUSCH was not yet configured by the O-DU frame 268, slot 4, symbol 8, aarx 0
[0m[93m[HW]     PUSCH was not yet configured by the O-DU frame 282, slot 4, symbol 0, aarx 0
[0m[93m[HW]     PUSCH was not yet configured by the O-DU frame 295, slot 19, symbol 10, aarx 0
[0m[93m[HW]     PUSCH was not yet configured by the O-DU frame 309, slot 19, symbol 2, aarx 0
[0m[93m[HW]     PRACH was not configured for frame.slot 309.19 adjusted 309.19 frame8 53: no C-plane config cached
[0m[93m[HW]     PUSCH was not yet configured by the O-DU frame 323, slot 14, symbol 12, aarx 0
[0m[93m[HW]     PUSCH was not yet configured by the O-DU frame 337, slot 14, symbol 4, aarx 0
[0m[93m[HW]     PUSCH was not yet configured by the O-DU frame 351, slot 13, symbol 10, aarx 0
[0m[93m[HW]     PUSCH was not yet configured by the O-DU frame 365, slot 9, symbol 6, aarx 0
[0m[93m[HW]     PUSCH was not yet configured by the O-DU frame 379, slot 8, symbol 12, aarx 0
[0m[93m[HW]     PRACH was not configured for frame.slot 392.19 adjusted 392.19 frame8 136: no C-plane config cached
[0m[93m[HW]     PUSCH was not yet configured by the O-DU frame 393, slot 4, symbol 8, aarx 0
[0m[93m[HW]     PUSCH was not yet configured by the O-DU frame 407, slot 4, symbol 0, aarx 0
[0m[93m[HW]     PUSCH was not yet configured by the O-DU frame 420, slot 19, symbol 10, aarx 0
[0m[93m[HW]     PUSCH was not yet configured by the O-DU frame 434, slot 19, symbol 2, aarx 0
[0m[93m[HW]     PUSCH was not yet configured by the O-DU frame 448, slot 14, symbol 12, aarx 0
[0m[93m[HW]     PUSCH was not yet configured by the O-DU frame 462, slot 14, symbol 4, aarx 0
[0m[93m[HW]     PUSCH was not yet configured by the O-DU frame 476, slot 13, symbol 10, aarx 0
[0m[93m[HW]     PRACH was not configured for frame.slot 476.19 adjusted 476.19 frame8 220: no C-plane config cached
[0m[93m[HW]     PUSCH was not yet configured by the O-DU frame 490, slot 9, symbol 6, aarx 0
[0m[93m[HW]     PUSCH was not yet configured by the O-DU frame 504, slot 8, symbol 12, aarx 0
[0m[HW]     RU: packets received 0
[0m[HW]     RU: packets processed 0
[0m[HW]     RU: packets dropped 0
[0m[93m[HW]     PUSCH was not yet configured by the O-DU frame 518, slot 4, symbol 8, aarx 0
[0m[93m[HW]     PUSCH was not yet configured by the O-DU frame 532, slot 4, symbol 0, aarx 0
[0m[93m[HW]     PUSCH was not yet configured by the O-DU frame 545, slot 19, symbol 10, aarx 0
[0m[93m[HW]     PUSCH was not yet configured by the O-DU frame 559, slot 19, symbol 2, aarx 0
[0m[93m[HW]     PRACH was not configured for frame.slot 559.19 adjusted 559.19 frame8 47: no C-plane config cached
[0m[93m[HW]     PUSCH was not yet configured by the O-DU frame 573, slot 14, symbol 12, aarx 0
[0m[93m[HW]     PUSCH was not yet configured by the O-DU frame 587, slot 14, symbol 4, aarx 0
[0m[93m[HW]     PUSCH was not yet configured by the O-DU frame 601, slot 13, symbol 10, aarx 0
[0m[93m[HW]     PUSCH was not yet configured by the O-DU frame 615, slot 9, symbol 6, aarx 0
[0m[93m[HW]     PUSCH was not yet configured by the O-DU frame 629, slot 8, symbol 12, aarx 0
[0m[93m[HW]     PRACH was not configured for frame.slot 642.19 adjusted 642.19 frame8 130: no C-plane config cached
[0m[93m[HW]     PUSCH was not yet configured by the O-DU frame 643, slot 4, symbol 8, aarx 0
[0m[93m[HW]     PUSCH was not yet configured by the O-DU frame 657, slot 4, symbol 0, aarx 0
[0m[93m[HW]     PUSCH was not yet configured by the O-DU frame 670, slot 19, symbol 10, aarx 0
[0m[93m[HW]     PUSCH was not yet configured by the O-DU frame 684, slot 19, symbol 2, aarx 0
[0m[93m[HW]     PUSCH was not yet configured by the O-DU frame 698, slot 14, symbol 12, aarx 0
[0m[93m[HW]     PUSCH was not yet configured by the O-DU frame 712, slot 14, symbol 4, aarx 0
[0m[93m[HW]     PUSCH was not yet configured by the O-DU frame 726, slot 13, symbol 10, aarx 0
[0m[93m[HW]     PRACH was not configured for frame.slot 726.19 adjusted 726.19 frame8 214: no C-plane config cached
[0m[93m[HW]     PUSCH was not yet configured by the O-DU frame 740, slot 9, symbol 6, aarx 0
[0m[93m[HW]     PUSCH was not yet configured by the O-DU frame 754, slot 8, symbol 12, aarx 0
[0m[HW]     RU: packets received 0
[0m[HW]     RU: packets processed 0
[0m[HW]     RU: packets dropped 0
[0m[93m[HW]     PUSCH was not yet configured by the O-DU frame 768, slot 4, symbol 8, aarx 0
[0m[93m[HW]     PUSCH was not yet configured by the O-DU frame 782, slot 4, symbol 0, aarx 0
[0m[93m[HW]     PUSCH was not yet configured by the O-DU frame 795, slot 19, symbol 10, aarx 0
[0m[93m[HW]     PUSCH was not yet configured by the O-DU frame 809, slot 19, symbol 2, aarx 0
[0m[93m[HW]     PRACH was not configured for frame.slot 809.19 adjusted 809.19 frame8 41: no C-plane config cached
[0m[93m[HW]     PUSCH was not yet configured by the O-DU frame 823, slot 14, symbol 12, aarx 0
[0m[93m[HW]     PUSCH was not yet configured by the O-DU frame 837, slot 14, symbol 4, aarx 0
[0m[93m[HW]     PUSCH was not yet configured by the O-DU frame 851, slot 13, symbol 10, aarx 0
[0m[93m[HW]     PUSCH was not yet configured by the O-DU frame 865, slot 9, symbol 6, aarx 0
[0m[93m[HW]     PUSCH was not yet configured by the O-DU frame 879, slot 8, symbol 12, aarx 0
[0m[93m[HW]     PRACH was not configured for frame.slot 892.19 adjusted 892.19 frame8 124: no C-plane config cached
[0m[93m[HW]     PUSCH was not yet configured by the O-DU frame 893, slot 4, symbol 8, aarx 0
[0m[93m[HW]     PUSCH was not yet configured by the O-DU frame 907, slot 4, symbol 0, aarx 0
[0m[93m[HW]     PUSCH was not yet configured by the O-DU frame 920, slot 19, symbol 10, aarx 0
[0m[93m[HW]     PUSCH was not yet configured by the O-DU frame 934, slot 19, symbol 2, aarx 0
[0m[93m[HW]     PUSCH was not yet configured by the O-DU frame 948, slot 14, symbol 12, aarx 0
[0m[93m[HW]     PUSCH was not yet configured by the O-DU frame 962, slot 14, symbol 4, aarx 0
[0m[93m[HW]     PUSCH was not yet configured by the O-DU frame 976, slot 13, symbol 10, aarx 0
[0m[93m[HW]     PRACH was not configured for frame.slot 976.19 adjusted 976.19 frame8 208: no C-plane config cached
[0m[93m[HW]     PUSCH was not yet configured by the O-DU frame 990, slot 9, symbol 6, aarx 0
[0m[93m[HW]     PUSCH was not yet configured by the O-DU frame 1004, slot 8, symbol 12, aarx 0
[0m[93m[HW]     PUSCH was not yet configured by the O-DU frame 1018, slot 4, symbol 8, aarx 0
[0m[HW]     RU: packets received 7
[0m[HW]     RU: packets processed 0
[0m[HW]     RU: packets dropped 0
[0m[HW]     RU: packets received 49159
[0m[HW]     RU: packets processed 49152
[0m[HW]     RU: packets dropped 0
[0m[HW]     RU: packets received 98311
[0m[HW]     RU: packets processed 98304
[0m[HW]     RU: packets dropped 0
[0m[HW]     RU: packets received 147463
[0m[HW]     RU: packets processed 147456
[0m[HW]     RU: packets dropped 0
[0m[HW]     RU: packets received 196615
[0m[HW]     RU: packets processed 196608
[0m[HW]     RU: packets dropped 0
[0m[HW]     RU: packets received 245767
[0m[HW]     RU: packets processed 245760
[0m[HW]     RU: packets dropped 0
[0m[HW]     RU: packets received 294919
[0m[HW]     RU: packets processed 294912
[0m[HW]     RU: packets dropped 0
[0m[HW]     RU: packets received 344071
[0m[HW]     RU: packets processed 344064
[0m[HW]     RU: packets dropped 0
[0m[HW]     RU: packets received 393223
[0m[HW]     RU: packets processed 393216
[0m[HW]     RU: packets dropped 0
[0m[HW]     RU: packets received 442375
[0m[HW]     RU: packets processed 442368
[0m[HW]     RU: packets dropped 0
[0m[HW]     RU: packets received 491527
[0m[HW]     RU: packets processed 491520
[0m[HW]     RU: packets dropped 0
[0m[HW]     RU: packets received 540679
[0m[HW]     RU: packets processed 540672
[0m[HW]     RU: packets dropped 0
[0m[HW]     RU: packets received 589831
[0m[HW]     RU: packets processed 589824
[0m[HW]     RU: packets dropped 0
[0m[HW]     RU: packets received 638983
[0m[HW]     RU: packets processed 638976
[0m[HW]     RU: packets dropped 0
[0m[HW]     RU: packets received 688135
[0m[HW]     RU: packets processed 688128
[0m[HW]     RU: packets dropped 0
[0m[HW]     RU: packets received 737287
[0m[HW]     RU: packets processed 737280
[0m[HW]     RU: packets dropped 0
[0m[93m[HW]     Packets not processed by the application layer (application layer too slow): 2
[0m[HW]     RU: packets received 786440
[0m[HW]     RU: packets processed 786430
[0m[HW]     RU: packets dropped 2
[0m[93m[HW]     [ORU] Drop invalid U-plane packet: port=0 frame=17 subframe=3 slot=38 slot_in_frame=44 symbol=37 ant=0 start_prb=0 num_prb=0 nDLRBs=24 neAxc=1
[0m[93m[HW]     Packets early: 1
[0m[93m[HW]     Packets malformed (packet couldn't be processed): 1
[0m[HW]     RU: packets received 835592
[0m[HW]     RU: packets processed 835582
[0m[HW]     RU: packets dropped 3
[0m[93m[HW]     [ORU] Drop invalid U-plane packet: port=0 frame=17 subframe=3 slot=38 slot_in_frame=44 symbol=37 ant=0 start_prb=0 num_prb=0 nDLRBs=24 neAxc=1
[0m[93m[HW]     Packets early: 1
[0m[93m[HW]     Packets malformed (packet couldn't be processed): 1
[0m[HW]     RU: packets received 884744
[0m[HW]     RU: packets processed 884734
[0m[HW]     RU: packets dropped 4
[0m[HW]     RU: packets received 933895
[0m[HW]     RU: packets processed 933886
[0m[HW]     RU: packets dropped 4
[0m[93m[HW]     [ORU] Drop invalid U-plane packet: port=0 frame=17 subframe=3 slot=38 slot_in_frame=44 symbol=37 ant=0 start_prb=0 num_prb=0 nDLRBs=24 neAxc=1
[0m[93m[HW]     Packets early: 1
[0m[93m[HW]     Packets malformed (packet couldn't be processed): 1
[0m[HW]     RU: packets received 983048
[0m[HW]     RU: packets processed 983038
[0m[HW]     RU: packets dropped 5
[0m[HW]     RU: packets received 1032199
[0m[HW]     RU: packets processed 1032190
[0m[HW]     RU: packets dropped 5
[0m[HW]     RU: packets received 1081351
[0m[HW]     RU: packets processed 1081342
[0m[HW]     RU: packets dropped 5
[0m[HW]     RU: packets received 1130503
[0m[HW]     RU: packets processed 1130494
[0m[HW]     RU: packets dropped 5
[0m[93m[HW]     [ORU] Drop invalid U-plane packet: port=0 frame=17 subframe=3 slot=38 slot_in_frame=44 symbol=37 ant=0 start_prb=0 num_prb=0 nDLRBs=24 neAxc=1
[0m[93m[HW]     Packets early: 1
[0m[93m[HW]     Packets malformed (packet couldn't be processed): 1
[0m[HW]     RU: packets received 1179656
[0m[HW]     RU: packets processed 1179646
[0m[HW]     RU: packets dropped 6
[0m[HW]     RU: packets received 1228807
[0m[HW]     RU: packets processed 1228798
[0m[HW]     RU: packets dropped 6
[0m[HW]     RU: packets received 1277959
[0m[HW]     RU: packets processed 1277950
[0m[HW]     RU: packets dropped 6
[0m[HW]     RU: packets received 1327111
[0m[HW]     RU: packets processed 1327102
[0m[HW]     RU: packets dropped 6
[0m[HW]     RU: packets received 1376263
[0m[HW]     RU: packets processed 1376254
[0m[HW]     RU: packets dropped 6
[0m[HW]     RU: packets received 1425415
[0m[HW]     RU: packets processed 1425406
[0m[HW]     RU: packets dropped 6
[0m[93m[HW]     [ORU] Drop invalid U-plane packet: port=0 frame=17 subframe=3 slot=38 slot_in_frame=44 symbol=37 ant=0 start_prb=0 num_prb=0 nDLRBs=24 neAxc=1
[0m[93m[HW]     Packets early: 1
[0m[93m[HW]     Packets malformed (packet couldn't be processed): 1
[0m[HW]     RU: packets received 1474568
[0m[HW]     RU: packets processed 1474558
[0m[HW]     RU: packets dropped 7
[0m[HW]     RU: packets received 1523719
[0m[HW]     RU: packets processed 1523710
[0m[HW]     RU: packets dropped 7
[0m[HW]     RU: packets received 1572871
[0m[HW]     RU: packets processed 1572862
[0m[HW]     RU: packets dropped 7
[0m[HW]     RU: packets received 1622023
[0m[HW]     RU: packets processed 1622014
[0m[HW]     RU: packets dropped 7
[0m[HW]     RU: packets received 1671175
[0m[HW]     RU: packets processed 1671166
[0m[HW]     RU: packets dropped 7
[0m[93m[HW]     [ORU] Drop invalid U-plane packet: port=0 frame=17 subframe=3 slot=38 slot_in_frame=44 symbol=37 ant=0 start_prb=0 num_prb=0 nDLRBs=24 neAxc=1
[0m[93m[HW]     [ORU] Drop invalid U-plane packet: port=0 frame=17 subframe=3 slot=38 slot_in_frame=44 symbol=37 ant=0 start_prb=0 num_prb=0 nDLRBs=24 neAxc=1
[0m[93m[HW]     Packets early: 2
[0m[93m[HW]     Packets malformed (packet couldn't be processed): 2
[0m[HW]     RU: packets received 1720328
[0m[HW]     RU: packets processed 1720318
[0m[HW]     RU: packets dropped 9
[0m[HW]     RU: packets received 1769479
[0m[HW]     RU: packets processed 1769470
[0m[HW]     RU: packets dropped 9
[0m[93m[HW]     [ORU] Drop invalid U-plane packet: port=0 frame=17 subframe=3 slot=38 slot_in_frame=44 symbol=37 ant=0 start_prb=0 num_prb=0 nDLRBs=24 neAxc=1
[0m[93m[HW]     Packets early: 1
[0m[93m[HW]     Packets malformed (packet couldn't be processed): 1
[0m[HW]     RU: packets received 1818632
[0m[HW]     RU: packets processed 1818622
[0m[HW]     RU: packets dropped 10
[0m[HW]     RU: packets received 1867783
[0m[HW]     RU: packets processed 1867774
[0m[HW]     RU: packets dropped 10
[0m[HW]     RU: packets received 1916935
[0m[HW]     RU: packets processed 1916926
[0m[HW]     RU: packets dropped 10
[0m[HW]     RU: packets received 1966087
[0m[HW]     RU: packets processed 1966078
[0m[HW]     RU: packets dropped 10
[0m[93m[HW]     [ORU] Drop invalid U-plane packet: port=0 frame=17 subframe=3 slot=38 slot_in_frame=44 symbol=37 ant=0 start_prb=0 num_prb=0 nDLRBs=24 neAxc=1
[0m[93m[HW]     Packets early: 1
[0m[93m[HW]     Packets malformed (packet couldn't be processed): 1
[0m[HW]     RU: packets received 2015240
[0m[HW]     RU: packets processed 2015230
[0m[HW]     RU: packets dropped 11
[0m[HW]     RU: packets received 2064391
[0m[HW]     RU: packets processed 2064382
[0m[HW]     RU: packets dropped 11
[0m[HW]     RU: packets received 2113543
[0m[HW]     RU: packets processed 2113534
[0m[HW]     RU: packets dropped 11
[0m[HW]     RU: packets received 2162695
[0m[HW]     RU: packets processed 2162686
[0m[HW]     RU: packets dropped 11
[0m[HW]     RU: packets received 2211847
[0m[HW]     RU: packets processed 2211838
[0m[HW]     RU: packets dropped 11
[0m[HW]     RU: packets received 2260999
[0m[HW]     RU: packets processed 2260990
[0m[HW]     RU: packets dropped 11
[0m[93m[HW]     [ORU] Drop invalid U-plane packet: port=0 frame=17 subframe=3 slot=38 slot_in_frame=44 symbol=37 ant=0 start_prb=0 num_prb=0 nDLRBs=24 neAxc=1
[0m[93m[HW]     Packets early: 1
[0m[93m[HW]     Packets malformed (packet couldn't be processed): 1
[0m[HW]     RU: packets received 2310152
[0m[HW]     RU: packets processed 2310142
[0m[HW]     RU: packets dropped 12
[0m[HW]     RU: packets received 2359303
[0m[HW]     RU: packets processed 2359294
[0m[HW]     RU: packets dropped 12
[0m[HW]     RU: packets received 2408455
[0m[HW]     RU: packets processed 2408446
[0m[HW]     RU: packets dropped 12
[0m[HW]     RU: packets received 2457607
[0m[HW]     RU: packets processed 2457598
[0m[HW]     RU: packets dropped 12
[0m[HW]     RU: packets received 2506759
[0m[HW]     RU: packets processed 2506750
[0m[HW]     RU: packets dropped 12
[0m[93m[HW]     [ORU] Drop invalid U-plane packet: port=0 frame=17 subframe=3 slot=38 slot_in_frame=44 symbol=37 ant=0 start_prb=0 num_prb=0 nDLRBs=24 neAxc=1
[0m[93m[HW]     Packets early: 1
[0m[93m[HW]     Packets malformed (packet couldn't be processed): 1
[0m[HW]     RU: packets received 2555912
[0m[HW]     RU: packets processed 2555902
[0m[HW]     RU: packets dropped 13
[0m[93m[HW]     [ORU] Drop invalid U-plane packet: port=0 frame=17 subframe=3 slot=38 slot_in_frame=44 symbol=37 ant=0 start_prb=0 num_prb=0 nDLRBs=24 neAxc=1
[0m[93m[HW]     Packets early: 1
[0m[93m[HW]     Packets malformed (packet couldn't be processed): 1
[0m[HW]     RU: packets received 2605064
[0m[HW]     RU: packets processed 2605054
[0m[HW]     RU: packets dropped 14
[0m[HW]     RU: packets received 2654215
[0m[HW]     RU: packets processed 2654206
[0m[HW]     RU: packets dropped 14
[0m[93m[HW]     [ORU] Drop invalid U-plane packet: port=0 frame=17 subframe=3 slot=38 slot_in_frame=44 symbol=37 ant=0 start_prb=0 num_prb=0 nDLRBs=24 neAxc=1
[0m[93m[HW]     Packets early: 1
[0m[93m[HW]     Packets malformed (packet couldn't be processed): 1
[0m[HW]     RU: packets received 2703368
[0m[HW]     RU: packets processed 2703358
[0m[HW]     RU: packets dropped 15
[0m[HW]     RU: packets received 2752519
[0m[HW]     RU: packets processed 2752510
[0m[HW]     RU: packets dropped 15
[0m[HW]     RU: packets received 2801671
[0m[HW]     RU: packets processed 2801662
[0m[HW]     RU: packets dropped 15
[0m[93m[HW]     [ORU] Drop invalid U-plane packet: port=0 frame=17 subframe=3 slot=38 slot_in_frame=44 symbol=37 ant=0 start_prb=0 num_prb=0 nDLRBs=24 neAxc=1
[0m[93m[HW]     Packets early: 1
[0m[93m[HW]     Packets malformed (packet couldn't be processed): 1
[0m[HW]     RU: packets received 2850824
[0m[HW]     RU: packets processed 2850814
[0m[HW]     RU: packets dropped 16
[0m[HW]     RU: packets received 2899975
[0m[HW]     RU: packets processed 2899966
[0m[HW]     RU: packets dropped 16
[0m[HW]     RU: packets received 2949127
[0m[HW]     RU: packets processed 2949118
[0m[HW]     RU: packets dropped 16
[0m[HW]     RU: packets received 2998279
[0m[HW]     RU: packets processed 2998270
[0m[HW]     RU: packets dropped 16
[0m[HW]     RU: packets received 3047431
[0m[HW]     RU: packets processed 3047422
[0m[HW]     RU: packets dropped 16
[0m[HW]     RU: packets received 3096583
[0m[HW]     RU: packets processed 3096574
[0m[HW]     RU: packets dropped 16
[0m[HW]     RU: packets received 3145735
[0m[HW]     RU: packets processed 3145726
[0m[HW]     RU: packets dropped 16
[0m[93m[HW]     [ORU] Drop invalid U-plane packet: port=0 frame=17 subframe=3 slot=38 slot_in_frame=44 symbol=37 ant=0 start_prb=0 num_prb=0 nDLRBs=24 neAxc=1
[0m[93m[HW]     Packets early: 1
[0m[93m[HW]     Packets malformed (packet couldn't be processed): 1
[0m[HW]     RU: packets received 3194888
[0m[HW]     RU: packets processed 3194878
[0m[HW]     RU: packets dropped 17
[0m[HW]     RU: packets received 3244039
[0m[HW]     RU: packets processed 3244030
[0m[HW]     RU: packets dropped 17
[0m[HW]     RU: packets received 3293191
[0m[HW]     RU: packets processed 3293182
[0m[HW]     RU: packets dropped 17
[0m[HW]     RU: packets received 3342343
[0m[HW]     RU: packets processed 3342334
[0m[HW]     RU: packets dropped 17
[0m[HW]     RU: packets received 3391495
[0m[HW]     RU: packets processed 3391486
[0m[HW]     RU: packets dropped 17
[0m[93m[HW]     [ORU] Drop invalid U-plane packet: port=0 frame=17 subframe=3 slot=38 slot_in_frame=44 symbol=37 ant=0 start_prb=0 num_prb=0 nDLRBs=24 neAxc=1
[0m[93m[HW]     Packets early: 1
[0m[93m[HW]     Packets malformed (packet couldn't be processed): 1
[0m[HW]     RU: packets received 3440648
[0m[HW]     RU: packets processed 3440638
[0m[HW]     RU: packets dropped 18
[0m[93m[HW]     [ORU] Drop invalid U-plane packet: port=0 frame=17 subframe=3 slot=38 slot_in_frame=44 symbol=37 ant=0 start_prb=0 num_prb=0 nDLRBs=24 neAxc=1
[0m[93m[HW]     Packets early: 1
[0m[93m[HW]     Packets malformed (packet couldn't be processed): 1
[0m[HW]     RU: packets received 3489800
[0m[HW]     RU: packets processed 3489790
[0m[HW]     RU: packets dropped 19
[0m[HW]     RU: packets received 3538951
[0m[HW]     RU: packets processed 3538942
[0m[HW]     RU: packets dropped 19
[0m[93m[HW]     [ORU] Drop invalid U-plane packet: port=0 frame=17 subframe=3 slot=38 slot_in_frame=44 symbol=37 ant=0 start_prb=0 num_prb=0 nDLRBs=24 neAxc=1
[0m[93m[HW]     Packets early: 1
[0m[93m[HW]     Packets malformed (packet couldn't be processed): 1
[0m[HW]     RU: packets received 3588104
[0m[HW]     RU: packets processed 3588094
[0m[HW]     RU: packets dropped 20
[0m[HW]     RU: packets received 3637255
[0m[HW]     RU: packets processed 3637246
[0m[HW]     RU: packets dropped 20
[0m[HW]     RU: packets received 3686407
[0m[HW]     RU: packets processed 3686398
[0m[HW]     RU: packets dropped 20
[0m[93m[HW]     [ORU] Drop invalid U-plane packet: port=0 frame=17 subframe=3 slot=38 slot_in_frame=44 symbol=37 ant=0 start_prb=0 num_prb=0 nDLRBs=24 neAxc=1
[0m[93m[HW]     Packets early: 1
[0m[93m[HW]     Packets malformed (packet couldn't be processed): 1
[0m[HW]     RU: packets received 3735560
[0m[HW]     RU: packets processed 3735550
[0m[HW]     RU: packets dropped 21
[0m[HW]     RU: packets received 3784711
[0m[HW]     RU: packets processed 3784702
[0m[HW]     RU: packets dropped 21
[0m[HW]     RU: packets received 3833863
[0m[HW]     RU: packets processed 3833854
[0m[HW]     RU: packets dropped 21
[0m[HW]     RU: packets received 3883015
[0m[HW]     RU: packets processed 3883006
[0m[HW]     RU: packets dropped 21
[0m[HW]     RU: packets received 3932167
[0m[HW]     RU: packets processed 3932158
[0m[HW]     RU: packets dropped 21
[0m[HW]     RU: packets received 3981319
[0m[HW]     RU: packets processed 3981310
[0m[HW]     RU: packets dropped 21
[0m[93m[HW]     [ORU] Drop invalid U-plane packet: port=0 frame=17 subframe=3 slot=38 slot_in_frame=44 symbol=37 ant=0 start_prb=0 num_prb=0 nDLRBs=24 neAxc=1
[0m[93m[HW]     Packets early: 1
[0m[93m[HW]     Packets malformed (packet couldn't be processed): 1
[0m[HW]     RU: packets received 4030472
[0m[HW]     RU: packets processed 4030462
[0m[HW]     RU: packets dropped 22
[0m[HW]     RU: packets received 4079623
[0m[HW]     RU: packets processed 4079614
[0m[HW]     RU: packets dropped 22
[0m[HW]     RU: packets received 4128775
[0m[HW]     RU: packets processed 4128766
[0m[HW]     RU: packets dropped 22
[0m[HW]     RU: packets received 4177927
[0m[HW]     RU: packets processed 4177918
[0m[HW]     RU: packets dropped 22
[0m[HW]     RU: packets received 4227079
[0m[HW]     RU: packets processed 4227070
[0m[HW]     RU: packets dropped 22
[0m[HW]     RU: packets received 4276231
[0m[HW]     RU: packets processed 4276222
[0m[HW]     RU: packets dropped 22
[0m[HW]     RU: packets received 4325383
[0m[HW]     RU: packets processed 4325374
[0m[HW]     RU: packets dropped 22
[0m[HW]     RU: packets received 4374535
[0m[HW]     RU: packets processed 4374526
[0m[HW]     RU: packets dropped 22
[0m[HW]     RU: packets received 4423687
[0m[HW]     RU: packets processed 4423678
[0m[HW]     RU: packets dropped 22
[0m[HW]     RU: packets received 4472839
[0m[HW]     RU: packets processed 4472830
[0m[HW]     RU: packets dropped 22
[0m[HW]     RU: packets received 4521991
[0m[HW]     RU: packets processed 4521982
[0m[HW]     RU: packets dropped 22
[0m[HW]     RU: packets received 4571143
[0m[HW]     RU: packets processed 4571134
[0m[HW]     RU: packets dropped 22
[0m[HW]     RU: packets received 4620295
[0m[HW]     RU: packets processed 4620286
[0m[HW]     RU: packets dropped 22
[0m[HW]     RU: packets received 4669447
[0m[HW]     RU: packets processed 4669438
[0m[HW]     RU: packets dropped 22
[0m[HW]     RU: packets received 4718599
[0m[HW]     RU: packets processed 4718590
[0m[HW]     RU: packets dropped 22
[0m[HW]     RU: packets received 4767751
[0m[HW]     RU: packets processed 4767742
[0m[HW]     RU: packets dropped 22
[0m[HW]     RU: packets received 4816903
[0m[HW]     RU: packets processed 4816894
[0m[HW]     RU: packets dropped 22
[0m[HW]     RU: packets received 4866055
[0m[HW]     RU: packets processed 4866046
[0m[HW]     RU: packets dropped 22
[0m[HW]     RU: packets received 4915207
[0m[HW]     RU: packets processed 4915198
[0m[HW]     RU: packets dropped 22
[0m[HW]     RU: packets received 4964359
[0m[HW]     RU: packets processed 4964350
[0m[HW]     RU: packets dropped 22
[0m[HW]     RU: packets received 5013511
[0m[HW]     RU: packets processed 5013502
[0m[HW]     RU: packets dropped 22
[0m[HW]     RU: packets received 5062663
[0m[HW]     RU: packets processed 5062654
[0m[HW]     RU: packets dropped 22
[0m[HW]     RU: packets received 5111815
[0m[HW]     RU: packets processed 5111806
[0m[HW]     RU: packets dropped 22
[0m[HW]     RU: packets received 5160967
[0m[HW]     RU: packets processed 5160958
[0m[HW]     RU: packets dropped 22
[0m[HW]     RU: packets received 5210119
[0m[HW]     RU: packets processed 5210110
[0m[HW]     RU: packets dropped 22
[0m[HW]     RU: packets received 5219136
[0m[HW]     RU: packets processed 5219134
[0m[HW]     RU: packets dropped 22
[0m