Logging terminal output to /home/jesse/oran_lab/logs/run_ru/run_ru_20260521_145028_pid454724.log
RU cores: 10,11,12,13,14,20
AnonHugePages:         0 kB
ShmemHugePages:        0 kB
FileHugePages:      4096 kB
HugePages_Total:    8192
HugePages_Free:        0
HugePages_Rsvd:        0
HugePages_Surp:        0
Hugepagesize:       2048 kB
Hugetlb:        16777216 kB
Using uio_pci_generic; skipping VFIO IOMMU group viability check.
CMDLINE: "./nr-oru" "-O" "/home/jesse/oran_lab/ru_test.conf" "--vrtsim.role" "server" 
[93m[PHY]    ./nr-oru is experimental software and at this point is not an implementation of a 7.2 O-RAN RU
[0m[HW]     Version: Branch: oru-rebase-1-plus-compression Abrev. Hash: dae942c616 Date: Fri May 15 22:54:55 2026 +0000
[0m[PHY]    number of L1 instances 0, number of RU 1, number of CPU cores 32
[0m[PHY]    Initialized RU proc 0 (NGFI_RAU_IF4p5,synch_to_ext_device),
[0m[32m[PHY]    ORU threadpool cores: 14,
[0m[UTIL]   threadCreate() for Tpool0_14: creating thread with affinity e, priority 97
[0m[NR_PHY] Set RU frame type to TDD, N_RB_DL 106, N_RB_UL 106, mu 1
[0m[PHY]    Init: N_RB_DL 106, first_carrier_offset 1412, nb_prefix_samples 144,nb_prefix_samples0 176, ofdm_symbol_size 2048
[0m[PHY]    fp->scs=30000
[0m[PHY]    fp->ofdm_symbol_size=2048
[0m[PHY]    fp->nb_prefix_samples0=176
[0m[PHY]    fp->nb_prefix_samples=144
[0m[PHY]    fp->slots_per_subframe=2
[0m[PHY]    fp->samples_per_subframe_wCP=57344
[0m[PHY]    fp->samples_per_frame_wCP=573440
[0m[PHY]    fp->samples_per_subframe=61440
[0m[PHY]    fp->samples_per_frame=614400
[0m[PHY]    fp->dl_CarrierFreq=4049760000
[0m[PHY]    fp->ul_CarrierFreq=4049760000
[0m[PHY]    fp->Nid_cell=0
[0m[PHY]    fp->first_carrier_offset=1412
[0m[PHY]    fp->ssb_start_subcarrier=0
[0m[PHY]    fp->Ncp=0
[0m[PHY]    fp->N_RB_DL=106
[0m[PHY]    fp->numerology_index=1
[0m[PHY]    fp->ofdm_offset_divisor=8
[0m[PHY]    fp->threequarter_fs=0
[0m[PHY]    fp->sl_CarrierFreq=0
[0m[PHY]    fp->N_RB_SL=0
[0m[NR_PHY] nb_tx_streams 1, nb_rx_streams 1, num_Beams_period 1
[0m[PHY]    Setting RF config for N_RB 106, NB_RX 1, NB_TX 1
[0m[PHY]    tune_offset 0 Hz, sample_rate 61440000 Hz
[0m[PHY]    Channel 0: setting tx_gain offset 0, tx_freq 4049760000 Hz
[0m[PHY]    Channel 0: setting rx_gain offset 0, rx_freq 4049760000 Hz
[0m[32m[PHY]    PRACH configuration index 159
[0m[32m[PHY]    PRACH format 65460 start_symbol 0 duration 12
[0m[32m[PHY]    Initializing XRAN layer as O-RU
[0m[HW]     Initializing O-RAN 7.2 FH interface through xran library (compiled against headers of oran_f_release_v1.8)
[0mEAL: Detected 32 lcore(s)
EAL: Detected 1 NUMA nodes
EAL: Auto-detected process type: PRIMARY
EAL: Detected shared linkage of DPDK
EAL: Multi-process socket /var/run/dpdk/ru/mp_socket
EAL: Selected IOVA mode 'PA'
EAL: No available hugepages reported in hugepages-1048576kB
EAL: Probing VFIO support...
EAL: VFIO support initialized
EAL: Probe PCI driver: net_i40e_vf (8086:154c) device: 0000:06:02.0 (socket 0)
[CONFIG] function config_libconfig_init returned 0
Reading in command-line options
configuring for RRU
About to Init RU threads
xran_fh_init:
  io_cfg:
    id 1 (O-RU)
    num_vfs 2
    num_rxq 1
    dpdk_dev [0000:06:02.0, 0000:06:02.1, (null), (null), (null), (null), (null), (null), (null), (null), (null), (null), (null), (null), (null), (null)]
    bbdev_dev (null)
    bbdev_mode -1
    dpdkIoVaMode 0
    dpdkMemorySize 8192
    core 11
    system_core 10
    pkt_proc_core 0000000000001000
    pkt_proc_core_64_127 0000000000000000
    pkt_aux_core 0
    timing_core 11
    port (filled within xran library)
    io_sleep 0
    nEthLinePerPort 1
    nEthLineSpeed 10
    one_vf_cu_plane 0
    eowd_cmn[1]:
      initiator_en 0
      numberOfSamples 0
      filterType 0
      responseTo 0
      measVf 0
      measState 0
      measId 0
      measMethod 0
      owdm_enable 0
      owdm_PlLength 0
eowd_port (filled within xran library)
    bbu_offload 0
  eAxCId_conf:
    mask_cuPortId 0xf000
    mask_bandSectorId 0x0f00
    mask_ccId 0x00f0
    mask_ruPortId 0x000f
    bit_cuPortId 0
    bit_bandSectorId 0
    bit_ccId 0
    bit_ruPortId 0
  xran_ports 1
  dpdkBasebandFecMode 0
  dpdkBasebandDevice (null)
  filePrefix ru
  mtu 9600
  p_o_du_addr 
  p_o_du_addr [00:11:22:33:64:68, 00:11:22:33:64:69]
  totalBfWeights 0
  mlogxranenable 0
  dlCpProcBurst 0
'DPDK 20.11.9'
 xran_init: MTU 9600
PF Eth line speed 10G
PF Eth lines per O-xU port 1
RX HW queues per O-xU Eth line 1 
node 0
total cores 32 c_mask 0x00000000000001c00 core 11 [id] system_core 10 [id] pkt_proc_core 0x00000000000001000 [mask] pkt_aux_core 0 [id] timing_core 11 [id]
xran_ethdi_init_dpdk_io: Calling rte_eal_init:ru -c 0x00000000000001c00 -n2 --iova-mode=pa --socket-mem=8192,0 --socket-limit=8192,0 --proc-type=auto --no-telemetry --file-prefix ru -a0000:00:00.0    
xran_init_mbuf_pool: socket 0
initializing port 0 for TX, drv=net_i40e_vf
Port 0 MAC: 00 11 22 33 64 66
Port 0: nb_rxd 4096 nb_txd 4096
[0] mp_rx__p_0_q_0 num blocks 65535
[0] mempool_small__0

Checking link status portid [0]  EAL: Probe PCI driver: net_i40e_vf (8086:154c) device: 0000:06:02.1 (socket 0)
 ... done
Port 0 Link Up - speed 4294967295 Mbps - full-duplex
initializing port 1 for TX, drv=net_i40e_vf
Port 1 MAC: 00 11 22 33 64 67
Port 1: nb_rxd 4096 nb_txd 4096
[1] mp_rx__p_1_q_0 num blocks 65535
[1] mempool_small__1
Created ring tx_ring_cp_1 on core 11
Created ring rx_ring_cp_1_0 on core 11

Checking link status portid [1]  [93m[HW]     XRAN modifed affinity. Correcting affinity of caller
[0m[HW]     [PRB MAP INIT] ant=0, slot=0: After xran_init, dir=1, nPrbElm=1
[0m[HW]     [PRB MAP INIT]   prbMap[0]: compMethod=0, iqWidth=16, nRBStart=0, nRBSize=106
[0m[HW]     [PRB MAP INIT] ant=0, slot=1: After xran_init, dir=1, nPrbElm=1
[0m[HW]     [PRB MAP INIT]   prbMap[0]: compMethod=0, iqWidth=16, nRBStart=0, nRBSize=106
[0m ... done
Port 1 Link Up - speed 4294967295 Mbps - full-duplex
[ 0] vf  0 local  SRC MAC: 00 11 22 33 64 66
[ 0] vf  0 remote DST MAC: 00 11 22 33 64 68
[ 0] vf  1 local  SRC MAC: 00 11 22 33 64 67
[ 0] vf  1 remote DST MAC: 00 11 22 33 64 69
created dl_gen_ring_up_0 on core 11
xran_fh_config:
  dpdk_port 0
  sector_id 0
  nCC 1
  neAxc 1
  neAxcUl 0
  nAntElmTRx 0
  nDLFftSize 11
  nULFftSize 11
  nDLRBs 106
  nULRBs 106
  nDLAbsFrePointA 0
  nULAbsFrePointA 0
  nDLCenterFreqARFCN 0
  nULCenterFreqARFCN 0
  ttiCb (nil)
  ttiCbParam (nil)
  Tadv_cp_dl 0
  T2a_min_cp_dl 0
  T2a_max_cp_dl 0
  T2a_min_cp_ul 0
  T2a_max_cp_ul 0
  T2a_min_up 350
  T2a_max_up 1200
  Ta3_min 200
  Ta3_max 470
  T1a_min_cp_dl 0
  T1a_max_cp_dl 0
  T1a_min_cp_ul 0
  T1a_max_cp_ul 0
  T1a_min_up 0
  T1a_max_up 0
  Ta4_min 0
  Ta4_max 0
  enableCP 1
  prachEnable 1
  srsEnable 0
  puschMaskEnable 0
  puschMaskSlot 0
  cp_vlan_tag 0
  up_vlan_tag 0
  debugStop 0
  debugStopCount 0
  DynamicSectionEna 0
  GPS_Alpha 0
  GPS_Beta -9000
  srsEnableCp 0
  SrsDelaySym 0
  prach_config:
    nPrachConfIdx 159
    nPrachSubcSpacing 1
    nPrachZeroCorrConf 0
    nPrachRestrictSet 0
    nPrachRootSeqIdx 0
    nPrachFreqStart 0
    nPrachFreqOffset -1272
    nPrachFilterIdx 0
    startSymId 0
    lastSymId 0
    startPrbc 0
    numPrbc 0
    timeOffset 0
    freqOffset 0
    eAxC_offset 1
    nPrachConfIdxLTE 0
  srs_config:
    symbMask 0000
    eAxC_offset 0
  frame_conf:
    nFrameDuplexType TDD
    nNumerology 1
    nTddPeriod 5
    sSlotConfig[0]: DDDDDDDDDDDDDD
    sSlotConfig[1]: DDDDDDDDDDDDDD
    sSlotConfig[2]: DDDDDDDDDDDDDD
    sSlotConfig[3]: DDDDDDGGGGUUUU
    sSlotConfig[4]: UUUUUUUUUUUUUU
  ru_config:
    xranTech NR
    xranCat A
    xranCompHdrType dynamic
    iqWidth 16
    compMeth 0
    iqWidth_PRACH 16
    compMeth_PRACH 0
    fftSize 10
    byteOrder network/BE
    iqOrder I_Q
    xran_max_frame 0
  bbdev_enc (nil)
  bbdev_dec (nil)
  tx_cp_eAxC2Vf 0x7fffd5e1bc50
  tx_up_eAxC2Vf 0x7fffd5e1c850
  rx_cp_eAxC2Vf 0x7fffd5e1d450
  rx_up_eAxC2Vf 0x7fffd5e1e050
  log_level 1
  max_sections_per_slot 0
  max_sections_per_symbol 0
  RunSlotPrbMapBySymbolEnable 0
  LiteOnIgnoreUPSectionIdEnable 0
  dssEnable 0
  dssPeriod 0
  technology[XRAN_MAX_DSS_PERIODICITY] (not filled as DSS disabled)
 xran_open: 5G NR Category A
xRAN open PRACH config: Numerology 1 ConfIdx 159, preambleFmrt 10 startsymb 0, numSymbol 12, occassionsInPrachSlot 1
PRACH: x 1 y[0] 0, y[1] 0 prach slot: 9 ..
PRACH start symbol 0 lastsymbol 11
xran_init_vfs_mapping: p 0 vf 0
xran_init_vfs_mapping: p 0 vf 1
xran_open: interval_us=500, interval_us_local=500
bbu_offload 0
XRAN_UP_VF: 0x0000
xran_timing_source_thread [CPU 11] [PID: 454738]
TTI interval 500 [us]
Start UL U-plane 200 us after OTA [offset in sym 6]
Receive DL U-plane 1200 us after OTA [offset in sym 34]
O-XU      1
HW        0
Num cores 2
Num ports 1
O-RU Cat  0
O-RU CC   1
O-RU eAxC 1
p:0 XRAN_JOB_TYPE_CP_DL worker id 1
p:0 XRAN_JOB_TYPE_CP_UL worker id 1
xran_generic_worker_thread [CPU 12] [PID: 454738]
spawn worker 0 core 12
xran_open [CPU 10] [PID: 454738]
Waiting on Timing thread...
Initialize ORAN port instance 0 (1) sector 0
xran_sector_get_instances() o_xu_id 0 xran_handle 0x75b538f95040
xran_sector_get_instances [0]: CC 0 handle 0x5deabcf124c0
Handle: 0x75b562d41be8 Instance: 0x5deabcf124c0
-> hInstance 0x5deabcf124c0
ru_0_cc_0_idx_0: [ handle 0x5deabcf124c0 0 0 ] [nPoolIndex 0] nNumberOfBuffers 511 nBufferSize 14116 socket_id 0
CC:[ handle 0x5deabcf124c0 ru 0 cc_idx 0 ] [nPoolIndex 0] mb pool 0x284763240 
xran_bm_init() hInstance 0x5deabcf124c0 poolIdx 0 elements 511 size 14116
xran_bm_allocate_buffer() hInstance 0x5deabcf124c0 poolIdx 0 count 280
ru_0_cc_0_idx_1: [ handle 0x5deabcf124c0 0 0 ] [nPoolIndex 1] nNumberOfBuffers 511 nBufferSize 4976 socket_id 0
CC:[ handle 0x5deabcf124c0 ru 0 cc_idx 0 ] [nPoolIndex 1] mb pool 0x284765dc0 
xran_bm_init() hInstance 0x5deabcf124c0 poolIdx 1 elements 511 size 4976
xran_bm_allocate_buffer() hInstance 0x5deabcf124c0 poolIdx 1 count 20
ru_0_cc_0_idx_2: [ handle 0x5deabcf12[HW]     [PRB MAP INIT] ant=0, slot=0: After xran_init, dir=0, nPrbElm=1
[0m[HW]     [PRB MAP INIT]   prbMap[0]: compMethod=0, iqWidth=16, nRBStart=0, nRBSize=106
[0m[HW]     [PRB MAP INIT] ant=0, slot=1: After xran_init, dir=0, nPrbElm=1
[0m[HW]     [PRB MAP INIT]   prbMap[0]: compMethod=0, iqWidth=16, nRBStart=0, nRBSize=106
[0m[HW]     Enqueued 1023 elements to uplane_data_ring
[0m[HW]     Installing 2 callbacks 9 symbols before OTA
[0m[HW]     [RAU] has loaded ETHERNET trasport protocol.
[0m[PHY]    starting vrtsim
[0m[HW]     VRTSIM: TX sample advance 4096 samples
[0m[HW]     Running as server: waiting for client to connect
[0m[HW]     VRTSIM: UE 0 - 1x1 antennas, Model 0 (TDL-A), DS 10.0ns, Speed 1.5m/s
[0m[HW]     VRTSIM: UE 0 - TX: 1 antennas (offset 0), RX: 1 antennas (offset 0)
[0m[HW]     VRTSIM: Total streams - UL: 1, DL: 1
[0m[UTIL]   threadCreate() for vrtsim_timing: creating thread with affinity ffffffff, priority 97
[0m[UTIL]   threadCreate() for north_read_thread: creating thread with affinity ffffffff, priority 97
[0m[UTIL]   threadCreate() for south_read_thread: creating thread with affinity ffffffff, priority 97
[0m[UTIL]   threadCreate() for oru_sync_thread: creating thread with affinity ffffffff, priority 97
[0m[HW]     first_call set from phy cb
[0m[PHY]    RU synchronized: frame, slot 0.11, symbol 0, sample: 727037121
[0m[32m[PHY]    ORU North read thread started at frame 0, slot 11, symbol 0
[0m[PHY]    Sychronizing to frame slot 0.11, sample 727037121 next_sample 727038000 diff 879
[0m[PHY]    Thrashing 879 samples to sync to slot 12, frame 0
[0m[32m[PHY]    ORU South read thread started at frame 0, slot 12
[0m[PHY]    [ORU] oru_downlink_processing ENTER: frame 0, slot 11, sym 7, num_sym 7
[0m[PHY]    [ORU] Scheduling 2 tasks (1 antennas x 2 workers)
[0m[PHY]    [ORU] Tasks scheduled, joining...
[0m[PHY]    [ORU] Tasks completed, calling tx_rf_symbols for frame 0, slot 11
[0m[PHY]    [ORU] tx_rf_symbols returned
[0m[PHY]    [ORU] oru_downlink_processing ENTER: frame 0, slot 12, sym 0, num_sym 7
[0m[PHY]    [ORU] Scheduling 2 tasks (1 antennas x 2 workers)
[0m[PHY]    [ORU] Tasks scheduled, joining...
[0m[PHY]    [ORU] Tasks completed, calling tx_rf_symbols for frame 0, slot 12
[0m[PHY]    [ORU] tx_rf_symbols returned
[0m[PHY]    [ORU] oru_downlink_processing ENTER: frame 0, slot 12, sym 7, num_sym 7
[0m[PHY]    [ORU] Scheduling 2 tasks (1 antennas x 2 workers)
[0m[PHY]    [ORU] Tasks scheduled, joining...
[0m[PHY]    [ORU] Tasks completed, calling tx_rf_symbols for frame 0, slot 12
[0m[PHY]    [ORU] tx_rf_symbols returned
[0m[PHY]    [ORU] oru_downlink_processing ENTER: frame 0, slot 13, sym 0, num_sym 7
[0m[PHY]    [ORU] Scheduling 2 tasks (1 antennas x 2 workers)
[0m[PHY]    [ORU] Tasks scheduled, joining...
[0m[PHY]    [ORU] Tasks completed, calling tx_rf_symbols for frame 0, slot 13
[0m[PHY]    [ORU] tx_rf_symbols returned
[0m[93m[HW]     PUSCH was not yet configured by the O-DU frame 0, slot 14, symbol 0, aarx 0
[0m[PHY]    [ORU] oru_downlink_processing ENTER: frame 0, slot 13, sym 7, num_sym 7
[0m[PHY]    [ORU] Scheduling 2 tasks (1 antennas x 2 workers)
[0m[PHY]    [ORU] Tasks scheduled, joining...
[0m[PHY]    [ORU] Tasks completed, calling tx_rf_symbols for frame 0, slot 13
[0m[PHY]    [ORU] tx_rf_symbols returned
[0m[PHY]    [ORU] oru_downlink_processing ENTER: frame 0, slot 15, sym 0, num_sym 7
[0m[PHY]    [ORU] Scheduling 2 tasks (1 antennas x 2 workers)
[0m[PHY]    [ORU] Tasks scheduled, joining...
[0m[PHY]    [ORU] Tasks completed, calling tx_rf_symbols for frame 0, slot 15
[0m[PHY]    [ORU] tx_rf_symbols returned
[0m[PHY]    [ORU] oru_downlink_processing ENTER: frame 0, slot 15, sym 7, num_sym 7
[0m[PHY]    [ORU] Scheduling 2 tasks (1 antennas x 2 workers)
[0m[PHY]    [ORU] Tasks scheduled, joining...
[0m[PHY]    [ORU] Tasks completed, calling tx_rf_symbols for frame 0, slot 15
[0m[PHY]    [ORU] tx_rf_symbols returned
[0m[PHY]    [ORU] oru_downlink_processing ENTER: frame 0, slot 16, sym 0, num_sym 7
[0m[PHY]    [ORU] Scheduling 2 tasks (1 antennas x 2 workers)
[0m[PHY]    [ORU] Tasks scheduled, joining...
[0m[PHY]    [ORU] Tasks completed, calling tx_rf_symbols for frame 0, slot 16
[0m[PHY]    [ORU] tx_rf_symbols returned
[0m[PHY]    [ORU] oru_downlink_processing ENTER: frame 0, slot 16, sym 7, num_sym 7
[0m[PHY]    [ORU] Scheduling 2 tasks (1 antennas x 2 workers)
[0m[PHY]    [ORU] Tasks scheduled, joining...
[0m[PHY]    [ORU] Tasks completed, calling tx_rf_symbols for frame 0, slot 16
[0m[PHY]    [ORU] tx_rf_symbols returned
[0m[PHY]    [ORU] oru_downlink_processing ENTER: frame 0, slot 17, sym 0, num_sym 7
[0m[PHY]    [ORU] Scheduling 2 tasks (1 antennas x 2 workers)
[0m[PHY]    [ORU] Tasks scheduled, joining...
[0m[PHY]    [ORU] Tasks completed, calling tx_rf_symbols for frame 0, slot 17
[0m[PHY]    [ORU] tx_rf_symbols returned
[0m[93m[HW]     PRACH was not yet configured by the O-DU
[0m[93m[HW]     PRACH was not configured for frame.slot 1.19, configuration is for frame.slot 0.19
[0m[PHY]    [ORU south] read data: frame 256, slot 0
[0m[HW]     RU: packets received 49053
[0m[HW]     RU: packets processed 49044
[0m[HW]     RU: packets dropped 0
[0m[PHY]    [RU_thread] read data: frame 256, slot 0, start_symbol 0, num_symbols 7
[0m[PHY]    [RU_thread] read data: frame 256, slot 0, start_symbol 7, num_symbols 7
[0m[93m[HW]     PRACH was not configured for frame.slot 306.19, configuration is for frame.slot 49.19
[0m[PHY]    [ORU south] read data: frame 512, slot 0
[0m[HW]     RU: packets received 98205
[0m[HW]     RU: packets processed 98196
[0m[HW]     RU: packets dropped 0
[0m[PHY]    [RU_thread] read data: frame 512, slot 0, start_symbol 0, num_symbols 7
[0m[PHY]    [RU_thread] read data: frame 512, slot 0, start_symbol 7, num_symbols 7
[0m[93m[HW]     PRACH was not configured for frame.slot 612.19, configuration is for frame.slot 99.19
[0m[93m[HW]     [ORU] Drop invalid U-plane packet: port=0 frame=17 subframe=3 slot=38 slot_in_frame=44 symbol=37 ant=0 start_prb=0 num_prb=0 nDLRBs=106 neAxc=1
[0m[PHY]    [ORU south] read data: frame 768, slot 0
[0m[93m[HW]     Packets not processed by the application layer (application layer too slow): 27
[0m[93m[HW]     Packets early: 1
[0m[93m[HW]     Packets malformed (packet couldn't be processed): 1
[0m[HW]     RU: packets received 147357
[0m[HW]     RU: packets processed 147321
[0m[HW]     RU: packets dropped 28
[0m[PHY]    [RU_thread] read data: frame 768, slot 0, start_symbol 0, num_symbols 7
[0m[PHY]    [RU_thread] read data: frame 768, slot 0, start_symbol 7, num_symbols 7
[0m[93m[HW]     PRACH was not configured for frame.slot 914.19, configuration is for frame.slot 145.19
[0m[93m[HW]     [ORU] Drop invalid U-plane packet: port=0 frame=17 subframe=3 slot=38 slot_in_frame=44 symbol=37 ant=0 start_prb=0 num_prb=0 nDLRBs=106 neAxc=1
[0m[PHY]    [ORU south] read data: frame 0, slot 0
[0m[93m[HW]     Packets early: 1
[0m[93m[HW]     Packets malformed (packet couldn't be processed): 1
[0m[HW]     RU: packets received 196509
[0m[HW]     RU: packets processed 196473
[0m[HW]     RU: packets dropped 29
[0m[PHY]    [RU_thread] read data: frame 0, slot 0, start_symbol 0, num_symbols 7
[0m[PHY]    [RU_thread] read data: frame 0, slot 0, start_symbol 7, num_symbols 7
[0m[93m[HW]     PRACH was not configured for frame.slot 194.19, configuration is for frame.slot 193.19
[0m[PHY]    [ORU south] read data: frame 256, slot 0
[0m[HW]     RU: packets received 245661
[0m[HW]     RU: packets processed 245625
[0m[HW]     RU: packets dropped 29
[0m[PHY]    [RU_thread] read data: frame 256, slot 0, start_symbol 0, num_symbols 7
[0m[PHY]    [RU_thread] read data: frame 256, slot 0, start_symbol 7, num_symbols 7
[0m[93m[HW]     [ORU] Drop invalid U-plane packet: port=0 frame=17 subframe=3 slot=38 slot_in_frame=44 symbol=37 ant=0 start_prb=0 num_prb=0 nDLRBs=106 neAxc=1
[0m[93m[HW]     PRACH was not configured for frame.slot 502.19, configuration is for frame.slot 245.19
[0m[PHY]    [ORU south] read data: frame 512, slot 0
[0m[93m[HW]     Packets early: 1
[0m[93m[HW]     Packets malformed (packet couldn't be processed): 1
[0m[HW]     RU: packets received 294813
[0m[HW]     RU: packets processed 294777
[0m[HW]     RU: packets dropped 30
[0m[PHY]    [RU_thread] read data: frame 512, slot 0, start_symbol 0, num_symbols 7
[0m[PHY]    [RU_thread] read data: frame 512, slot 0, start_symbol 7, num_symbols 7
[0m[PHY]    [ORU south] read data: frame 768, slot 0
[0m[HW]     RU: packets received 343965
[0m[HW]     RU: packets processed 343929
[0m[HW]     RU: packets dropped 30
[0m[PHY]    [RU_thread] read data: frame 768, slot 0, start_symbol 0, num_symbols 7
[0m[PHY]    [RU_thread] read data: frame 768, slot 0, start_symbol 7, num_symbols 7
[0m[93m[HW]     PRACH was not configured for frame.slot 808.19, configuration is for frame.slot 39.19
[0m[PHY]    [ORU south] read data: frame 0, slot 0
[0m[93m[HW]     Packets not processed by the application layer (application layer too slow): 1
[0m[HW]     RU: packets received 393117
[0m[HW]     RU: packets processed 393080
[0m[HW]     RU: packets dropped 31
[0m[PHY]    [RU_thread] read data: frame 0, slot 0, start_symbol 0, num_symbols 7
[0m[PHY]    [RU_thread] read data: frame 0, slot 0, start_symbol 7, num_symbols 7
[0m[93m[HW]     PRACH was not configured for frame.slot 88.19, configuration is for frame.slot 87.19
[0m[93m[HW]     [ORU] Drop invalid U-plane packet: port=0 frame=17 subframe=3 slot=38 slot_in_frame=44 symbol=37 ant=0 start_prb=0 num_prb=0 nDLRBs=106 neAxc=1
[0m[PHY]    [ORU south] read data: frame 256, slot 0
[0m[93m[HW]     Packets early: 1
[0m[93m[HW]     Packets malformed (packet couldn't be processed): 1
[0m[HW]     RU: packets received 442269
[0m[HW]     RU: packets processed 442232
[0m[HW]     RU: packets dropped 32
[0m[PHY]    [RU_thread] read data: frame 256, slot 0, start_symbol 0, num_symbols 7
[0m[PHY]    [RU_thread] read data: frame 256, slot 0, start_symbol 7, num_symbols 7
[0m[93m[HW]     PRACH was not configured for frame.slot 393.19, configuration is for frame.slot 136.19
[0m[PHY]    [ORU south] read data: frame 512, slot 0
[0m[HW]     RU: packets received 491421
[0m[HW]     RU: packets processed 491384
[0m[HW]     RU: packets dropped 32
[0m[PHY]    [RU_thread] read data: frame 512, slot 0, start_symbol 0, num_symbols 7
[0m[PHY]    [RU_thread] read data: frame 512, slot 0, start_symbol 7, num_symbols 7
[0m[93m[HW]     PRACH was not configured for frame.slot 700.19, configuration is for frame.slot 187.19
[0m[PHY]    [ORU south] read data: frame 768, slot 0
[0m[HW]     RU: packets received 540573
[0m[HW]     RU: packets processed 540536
[0m[HW]     RU: packets dropped 32
[0m[PHY]    [RU_thread] read data: frame 768, slot 0, start_symbol 0, num_symbols 7
[0m[PHY]    [RU_thread] read data: frame 768, slot 0, start_symbol 7, num_symbols 7
[0m[93m[HW]     PRACH was not configured for frame.slot 1005.19, configuration is for frame.slot 236.19
[0m[PHY]    [ORU south] read data: frame 0, slot 0
[0m[93m[HW]     Packets not processed by the application layer (application layer too slow): 2
[0m[93m[HW]     Packets late: 1
[0m[HW]     RU: packets received 589724
[0m[HW]     RU: packets processed 589685
[0m[HW]     RU: packets dropped 34
[0m[PHY]    [RU_thread] read data: frame 0, slot 0, start_symbol 0, num_symbols 7
[0m[PHY]    [RU_thread] read data: frame 0, slot 0, start_symbol 7, num_symbols 7
[0m[PHY]    [ORU south] read data: frame 256, slot 0
[0m[93m[HW]     Packets not processed by the application layer (application layer too slow): 18
[0m[HW]     RU: packets received 638876
[0m[HW]     RU: packets processed 638819
[0m[HW]     RU: packets dropped 52
[0m[PHY]    [RU_thread] read data: frame 256, slot 0, start_symbol 0, num_symbols 7
[0m[PHY]    [RU_thread] read data: frame 256, slot 0, start_symbol 7, num_symbols 7
[0m[93m[HW]     PRACH was not configured for frame.slot 287.19, configuration is for frame.slot 30.19
[0m[PHY]    [ORU south] read data: frame 512, slot 0
[0m[HW]     RU: packets received 688028
[0m[HW]     RU: packets processed 687971
[0m[HW]     RU: packets dropped 52
[0m[PHY]    [RU_thread] read data: frame 512, slot 0, start_symbol 0, num_symbols 7
[0m[PHY]    [RU_thread] read data: frame 512, slot 0, start_symbol 7, num_symbols 7
[0m[93m[HW]     PRACH was not configured for frame.slot 593.19, configuration is for frame.slot 80.19
[0m[PHY]    [ORU south] read data: frame 768, slot 0
[0m[HW]     RU: packets received 737180
[0m[HW]     RU: packets processed 737123
[0m[HW]     RU: packets dropped 52
[0m[PHY]    [RU_thread] read data: frame 768, slot 0, start_symbol 0, num_symbols 7
[0m[PHY]    [RU_thread] read data: frame 768, slot 0, start_symbol 7, num_symbols 7
[0m[93m[HW]     [ORU] Drop invalid U-plane packet: port=0 frame=17 subframe=3 slot=38 slot_in_frame=44 symbol=37 ant=0 start_prb=0 num_prb=0 nDLRBs=106 neAxc=1
[0m[93m[HW]     PRACH was not configured for frame.slot 898.19, configuration is for frame.slot 129.19
[0m[PHY]    [ORU south] read data: frame 0, slot 0
[0m[93m[HW]     Packets not processed by the application layer (application layer too slow): 1
[0m[93m[HW]     Packets early: 1
[0m[93m[HW]     Packets malformed (packet couldn't be processed): 1
[0m[HW]     RU: packets received 786332
[0m[HW]     RU: packets processed 786274
[0m[HW]     RU: packets dropped 54
[0m[PHY]    [RU_thread] read data: frame 0, slot 0, start_symbol 0, num_symbols 7
[0m[PHY]    [RU_thread] read data: frame 0, slot 0, start_symbol 7, num_symbols 7
[0m[93m[HW]     PRACH was not configured for frame.slot 180.19, configuration is for frame.slot 179.19
[0m[PHY]    [ORU south] read data: frame 256, slot 0
[0m[HW]     RU: packets received 835484
[0m[HW]     RU: packets processed 835426
[0m[HW]     RU: packets dropped 54
[0m[PHY]    [RU_thread] read data: frame 256, slot 0, start_symbol 0, num_symbols 7
[0m[PHY]    [RU_thread] read data: frame 256, slot 0, start_symbol 7, num_symbols 7
[0m