Logging terminal output to /home/jesse/oran_lab/logs/run_ru/run_ru_20260521_181224_pid585484.log
RU cores: 10,11,12,13,14
ORU PRACH frame adjust: 0
AnonHugePages:         0 kB
ShmemHugePages:        0 kB
FileHugePages:     98304 kB
HugePages_Total:    8192
HugePages_Free:        0
HugePages_Rsvd:        0
HugePages_Surp:        0
Hugepagesize:       2048 kB
Hugetlb:        16777216 kB
Using uio_pci_generic; skipping VFIO IOMMU group viability check.
CMDLINE: "./nr-oru" "-O" "/home/jesse/oran_lab/ru_test.conf" "--vrtsim.role" "server" 
[93m[PHY]    ./nr-oru is experimental software and at this point is not an implementation of a 7.2 O-RAN RU
[0m[HW]     Version: Branch: oru-rebase-1-plus-compression Abrev. Hash: dae942c616 Date: Fri May 15 22:54:55 2026 +0000
[0m[HW]     Initializing O-RAN 7.2 FH interface through xran library (compiled against headers of oran_f_release_v1.8)
[0mEAL: Detected 32 lcore(s)
EAL: Detected 1 NUMA nodes
EAL: Auto-detected process type: PRIMARY
EAL: Detected shared linkage of DPDK
EAL: Multi-process socket /var/run/dpdk/ru/mp_socket
EAL: Selected IOVA mode 'PA'
EAL: No available hugepages reported in hugepages-1048576kB
EAL: Probing VFIO support...
EAL: VFIO support initialized
EAL: Probe PCI driver: net_i40e_vf (8086:154c) device: 0000:06:02.0 (socket 0)
[CONFIG] function config_libconfig_init returned 0
Reading in command-line options
configuring for RRU
About to Init RU threads
xran_fh_init:
  io_cfg:
    id 1 (O-RU)
    num_vfs 2
    num_rxq 1
    dpdk_dev [0000:06:02.0, 0000:06:02.1, (null), (null), (null), (null), (null), (null), (null), (null), (null), (null), (null), (null), (null), (null)]
    bbdev_dev (null)
    bbdev_mode -1
    dpdkIoVaMode 0
    dpdkMemorySize 8192
    core 11
    system_core 10
    pkt_proc_core 0000000000001000
    pkt_proc_core_64_127 0000000000000000
    pkt_aux_core 0
    timing_core 11
    port (filled within xran library)
    io_sleep 0
    nEthLinePerPort 1
    nEthLineSpeed 10
    one_vf_cu_plane 0
    eowd_cmn[1]:
      initiator_en 0
      numberOfSamples 0
      filterType 0
      responseTo 0
      measVf 0
      measState 0
      measId 0
      measMethod 0
      owdm_enable 0
      owdm_PlLength 0
eowd_port (filled within xran library)
    bbu_offload 0
  eAxCId_conf:
    mask_cuPortId 0xf000
    mask_bandSectorId 0x0f00
    mask_ccId 0x00f0
    mask_ruPortId 0x000f
    bit_cuPortId 0
    bit_bandSectorId 0
    bit_ccId 0
    bit_ruPortId 0
  xran_ports 1
  dpdkBasebandFecMode 0
  dpdkBasebandDevice (null)
  filePrefix ru
  mtu 9600
  p_o_du_addr 
  p_o_du_addr [00:11:22:33:64:68, 00:11:22:33:64:69]
  totalBfWeights 0
  mlogxranenable 0
  dlCpProcBurst 0
'DPDK 20.11.9'
 xran_init: MTU 9600
PF Eth line speed 10G
PF Eth lines per O-xU port 1
RX HW queues per O-xU Eth line 1 
node 0
total cores 32 c_mask 0x00000000000001c00 core 11 [id] system_core 10 [id] pkt_proc_core 0x00000000000001000 [mask] pkt_aux_core 0 [id] timing_core 11 [id]
xran_ethdi_init_dpdk_io: Calling rte_eal_init:ru -c 0x00000000000001c00 -n2 --iova-mode=pa --socket-mem=8192,0 --socket-limit=8192,0 --proc-type=auto --no-telemetry --file-prefix ru -a0000:00:00.0    
xran_init_mbuf_pool: socket 0
initializing port 0 for TX, drv=net_i40e_vf
Port 0 MAC: 00 11 22 33 64 66
Port 0: nb_rxd 4096 nb_txd 4096
[0] mp_rx__p_0_q_0 num blocks 65535
[0] mempool_small__0

Checking link status portid [0]  EAL: Probe PCI driver: net_i40e_vf (8086:154c) device: 0000:06:02.1 (socket 0)
 ... done
Port 0 Link Up - speed 4294967295 Mbps - full-duplex
initializing port 1 for TX, drv=net_i40e_vf
Port 1 MAC: 00 11 22 33 64 67
Port 1: nb_rxd 4096 nb_txd 4096
[1] mp_rx__p_1_q_0 num blocks 65535
[1] mempool_small__1
Created ring tx_ring_cp_1 on core 11
Created ring rx_ring_cp_1_0 on core 11

Checking link status portid [1]  [93m[HW]     XRAN modifed affinity. Correcting affinity of caller
[0m[HW]     [PRB MAP INIT] ant=0, slot=0: After xran_init, dir=1, nPrbElm=1
[0m[HW]     [PRB MAP INIT]   prbMap[0]: compMethod=0, iqWidth=16, nRBStart=0, nRBSize=106
[0m[HW]     [PRB MAP INIT] ant=0, slot=1: After xran_init, dir=1, nPrbElm=1
[0m[HW]     [PRB MAP INIT]   prbMap[0]: compMethod=0, iqWidth=16, nRBStart=0, nRBSize=106
[0m ... done
Port 1 Link Up - speed 4294967295 Mbps - full-duplex
[ 0] vf  0 local  SRC MAC: 00 11 22 33 64 66
[ 0] vf  0 remote DST MAC: 00 11 22 33 64 68
[ 0] vf  1 local  SRC MAC: 00 11 22 33 64 67
[ 0] vf  1 remote DST MAC: 00 11 22 33 64 69
created dl_gen_ring_up_0 on core 11
xran_fh_config:
  dpdk_port 0
  sector_id 0
  nCC 1
  neAxc 1
  neAxcUl 0
  nAntElmTRx 0
  nDLFftSize 11
  nULFftSize 11
  nDLRBs 106
  nULRBs 106
  nDLAbsFrePointA 0
  nULAbsFrePointA 0
  nDLCenterFreqARFCN 0
  nULCenterFreqARFCN 0
  ttiCb (nil)
  ttiCbParam (nil)
  Tadv_cp_dl 0
  T2a_min_cp_dl 0
  T2a_max_cp_dl 0
  T2a_min_cp_ul 0
  T2a_max_cp_ul 0
  T2a_min_up 350
  T2a_max_up 1200
  Ta3_min 200
  Ta3_max 470
  T1a_min_cp_dl 0
  T1a_max_cp_dl 0
  T1a_min_cp_ul 0
  T1a_max_cp_ul 0
  T1a_min_up 0
  T1a_max_up 0
  Ta4_min 0
  Ta4_max 0
  enableCP 1
  prachEnable 1
  srsEnable 0
  puschMaskEnable 0
  puschMaskSlot 0
  cp_vlan_tag 0
  up_vlan_tag 0
  debugStop 0
  debugStopCount 0
  DynamicSectionEna 0
  GPS_Alpha 0
  GPS_Beta -9000
  srsEnableCp 0
  SrsDelaySym 0
  prach_config:
    nPrachConfIdx 159
    nPrachSubcSpacing 1
    nPrachZeroCorrConf 0
    nPrachRestrictSet 0
    nPrachRootSeqIdx 0
    nPrachFreqStart 0
    nPrachFreqOffset -1272
    nPrachFilterIdx 0
    startSymId 0
    lastSymId 0
    startPrbc 0
    numPrbc 0
    timeOffset 0
    freqOffset 0
    eAxC_offset 1
    nPrachConfIdxLTE 0
  srs_config:
    symbMask 0000
    eAxC_offset 0
  frame_conf:
    nFrameDuplexType TDD
    nNumerology 1
    nTddPeriod 5
    sSlotConfig[0]: DDDDDDDDDDDDDD
    sSlotConfig[1]: DDDDDDDDDDDDDD
    sSlotConfig[2]: DDDDDDDDDDDDDD
    sSlotConfig[3]: DDDDDDGGGGUUUU
    sSlotConfig[4]: UUUUUUUUUUUUUU
  ru_config:
    xranTech NR
    xranCat A
    xranCompHdrType dynamic
    iqWidth 16
    compMeth 0
    iqWidth_PRACH 16
    compMeth_PRACH 0
    fftSize 10
    byteOrder network/BE
    iqOrder I_Q
    xran_max_frame 0
  bbdev_enc (nil)
  bbdev_dec (nil)
  tx_cp_eAxC2Vf 0x7ffc2001f9b0
  tx_up_eAxC2Vf 0x7ffc200205b0
  rx_cp_eAxC2Vf 0x7ffc200211b0
  rx_up_eAxC2Vf 0x7ffc20021db0
  log_level 1
  max_sections_per_slot 0
  max_sections_per_symbol 0
  RunSlotPrbMapBySymbolEnable 0
  LiteOnIgnoreUPSectionIdEnable 0
  dssEnable 0
  dssPeriod 0
  technology[XRAN_MAX_DSS_PERIODICITY] (not filled as DSS disabled)
 xran_open: 5G NR Category A
xRAN open PRACH config: Numerology 1 ConfIdx 159, preambleFmrt 10 startsymb 0, numSymbol 12, occassionsInPrachSlot 1
PRACH: x 1 y[0] 0, y[1] 0 prach slot: 9 ..
PRACH start symbol 0 lastsymbol 11
xran_init_vfs_mapping: p 0 vf 0
xran_init_vfs_mapping: p 0 vf 1
xran_open: interval_us=500, interval_us_local=500
bbu_offload 0
XRAN_UP_VF: 0x0000
xran_timing_source_thread [CPU 11] [PID: 585498]
TTI interval 500 [us]
O-XU      1
HW        0
Num cores 2
Num ports 1
O-RU Cat  0
O-RU CC   1
O-RU eAxC 1
p:0 XRAN_JOB_TYPE_CP_DL worker id 1
p:0 XRAN_JOB_TYPE_CP_UL worker id 1
Start UL U-plane 200 us after OTA [offset in sym 6]
Receive DL U-plane 1200 us after OTA [offset in sym 34]
xran_generic_worker_thread [CPU 12] [PID: 585498]
spawn worker 0 core 12
xran_open [CPU 10] [PID: 585498]
Waiting on Timing thread...
Initialize ORAN port instance 0 (1) sector 0
xran_sector_get_instances() o_xu_id 0 xran_handle 0x7db350f95040
xran_sector_get_instances [0]: CC 0 handle 0x60f1f55794c0
Handle: 0x7db378c4fb68 Instance: 0x60f1f55794c0
-> hInstance 0x60f1f55794c0
ru_0_cc_0_idx_0: [ handle 0x60f1f55794c0 0 0 ] [nPoolIndex 0] nNumberOfBuffers 511 nBufferSize 14116 socket_id 0
CC:[ handle 0x60f1f55794c0 ru 0 cc_idx 0 ] [nPoolIndex 0] mb pool 0x284763240 
xran_bm_init() hInstance 0x60f1f55794c0 poolIdx 0 elements 511 size 14116
xran_bm_allocate_buffer() hInstance 0x60f1f55794c0 poolIdx 0 count 280
ru_0_cc_0_idx_1: [ handle 0x60f1f55794c0 0 0 ] [nPoolIndex 1] nNumberOfBuffers 511 nBufferSize 4976 socket_id 0
CC:[ handle 0x60f1f55794c0 ru 0 cc_idx 0 ] [nPoolIndex 1] mb pool 0x284765dc0 
xran_bm_init() hInstance 0x60f1f55794c0 poolIdx 1 elements 511 size 4976
xran_bm_allocate_buffer() hInstance 0x60f1f55794c0 poolIdx 1 count 20
ru_0_cc_0_idx_2: [ handle 0x60f1f5579[HW]     [PRB MAP INIT] ant=0, slot=0: After xran_init, dir=0, nPrbElm=1
[0m[HW]     [PRB MAP INIT]   prbMap[0]: compMethod=0, iqWidth=16, nRBStart=0, nRBSize=106
[0m[HW]     [PRB MAP INIT] ant=0, slot=1: After xran_init, dir=0, nPrbElm=1
[0m[HW]     [PRB MAP INIT]   prbMap[0]: compMethod=0, iqWidth=16, nRBStart=0, nRBSize=106
[0m[HW]     Enqueued 1023 elements to uplane_data_ring
[0m[HW]     Installing 2 callbacks 9 symbols before OTA
[0m[HW]     [RAU] has loaded ETHERNET trasport protocol.
[0m[HW]     VRTSIM: TX sample advance 4096 samples
[0m[HW]     Running as server: waiting for client to connect
[0m[HW]     VRTSIM: UE 0 - 1x1 antennas, Model 0 (TDL-A), DS 10.0ns, Speed 1.5m/s
[0m[HW]     VRTSIM: UE 0 - TX: 1 antennas (offset 0), RX: 1 antennas (offset 0)
[0m[HW]     VRTSIM: Total streams - UL: 1, DL: 1
[0m[HW]     first_call set from phy cb
[0m[93m[HW]     PUSCH was not yet configured by the O-DU frame 0, slot 14, symbol 0, aarx 0
[0m[HW]     ORU PRACH frame adjust 0 frame(s)
[0m[93m[HW]     PRACH was not configured for frame.slot 0.19 adjusted 0.19 frame8 0: no C-plane config cached
[0m[HW]     RU: packets received 49053
[0m[HW]     RU: packets processed 49044
[0m[HW]     RU: packets dropped 0
[0m[HW]     RU: packets received 98205
[0m[HW]     RU: packets processed 98196
[0m[HW]     RU: packets dropped 0
[0m[HW]     RU: packets received 147357
[0m[HW]     RU: packets processed 147348
[0m[HW]     RU: packets dropped 0
[0m[93m[HW]     Packets not processed by the application layer (application layer too slow): 57
[0m[HW]     RU: packets received 196509
[0m[HW]     RU: packets processed 196443
[0m[HW]     RU: packets dropped 57
[0m[HW]     RU: packets received 245661
[0m[HW]     RU: packets processed 245595
[0m[HW]     RU: packets dropped 57
[0m[93m[HW]     [ORU] Drop invalid U-plane packet: port=0 frame=17 subframe=3 slot=38 slot_in_frame=44 symbol=37 ant=0 start_prb=0 num_prb=0 nDLRBs=106 neAxc=1
[0m[93m[HW]     Packets early: 1
[0m[93m[HW]     Packets malformed (packet couldn't be processed): 1
[0m[HW]     RU: packets received 294813
[0m[HW]     RU: packets processed 294747
[0m[HW]     RU: packets dropped 58
[0m[HW]     RU: packets received 343965
[0m[HW]     RU: packets processed 343899
[0m[HW]     RU: packets dropped 58
[0m[HW]     RU: packets received 393117
[0m[HW]     RU: packets processed 393051
[0m[HW]     RU: packets dropped 58
[0m[93m[HW]     Packets not processed by the application layer (application layer too slow): 34
[0m[HW]     RU: packets received 442269
[0m[HW]     RU: packets processed 442169
[0m[HW]     RU: packets dropped 92
[0m[HW]     RU: packets received 491421
[0m[HW]     RU: packets processed 491321
[0m[HW]     RU: packets dropped 92
[0m[93m[HW]     [ORU] Drop invalid U-plane packet: port=0 frame=17 subframe=3 slot=38 slot_in_frame=44 symbol=37 ant=0 start_prb=0 num_prb=0 nDLRBs=106 neAxc=1
[0m[93m[HW]     Packets not processed by the application layer (application layer too slow): 2
[0m[93m[HW]     Packets late: 2
[0m[93m[HW]     Packets early: 1
[0m[93m[HW]     Packets malformed (packet couldn't be processed): 1
[0m[HW]     RU: packets received 540571
[0m[HW]     RU: packets processed 540469
[0m[HW]     RU: packets dropped 95
[0m[93m[HW]     [ORU] Drop invalid U-plane packet: port=0 frame=17 subframe=3 slot=38 slot_in_frame=44 symbol=37 ant=0 start_prb=0 num_prb=0 nDLRBs=106 neAxc=1
[0m[93m[HW]     Packets early: 1
[0m[93m[HW]     Packets malformed (packet couldn't be processed): 1
[0m[HW]     RU: packets received 589723
[0m[HW]     RU: packets processed 589621
[0m[HW]     RU: packets dropped 96
[0m[93m[HW]     Packets not processed by the application layer (application layer too slow): 2
[0m[93m[HW]     Packets late: 2
[0m[HW]     RU: packets received 638873
[0m[HW]     RU: packets processed 638769
[0m[HW]     RU: packets dropped 98
[0m[93m[HW]     [ORU] Drop invalid U-plane packet: port=0 frame=17 subframe=3 slot=38 slot_in_frame=44 symbol=37 ant=0 start_prb=0 num_prb=0 nDLRBs=106 neAxc=1
[0m[93m[HW]     Packets early: 1
[0m[93m[HW]     Packets malformed (packet couldn't be processed): 1
[0m[HW]     RU: packets received 688025
[0m[HW]     RU: packets processed 687921
[0m[HW]     RU: packets dropped 99
[0m[HW]     RU: packets received 737177
[0m[HW]     RU: packets processed 737073
[0m[HW]     RU: packets dropped 99
[0m[HW]     RU: packets received 786329
[0m[HW]     RU: packets processed 786225
[0m[HW]     RU: packets dropped 99
[0m[93m[HW]     [ORU] Drop invalid U-plane packet: port=0 frame=17 subframe=3 slot=38 slot_in_frame=44 symbol=37 ant=0 start_prb=0 num_prb=0 nDLRBs=106 neAxc=1
[0m[93m[HW]     Packets early: 1
[0m[93m[HW]     Packets malformed (packet couldn't be processed): 1
[0m[HW]     RU: packets received 835481
[0m[HW]     RU: packets processed 835377
[0m[HW]     RU: packets dropped 100
[0m[HW]     RU: packets received 884633
[0m[HW]     RU: packets processed 884529
[0m[HW]     RU: packets dropped 100
[0m[HW]     RU: packets received 933785
[0m[HW]     RU: packets processed 933681
[0m[HW]     RU: packets dropped 100
[0m[HW]     RU: packets received 982937
[0m[HW]     RU: packets processed 982833
[0m[HW]     RU: packets dropped 100
[0m[93m[HW]     Packets not processed by the application layer (application layer too slow): 1
[0m[93m[HW]     Packets late: 1
[0m[HW]     RU: packets received 1032088
[0m[HW]     RU: packets processed 1031983
[0m[HW]     RU: packets dropped 101
[0m[HW]     RU: packets received 1081240
[0m[HW]     RU: packets processed 1081135
[0m[HW]     RU: packets dropped 101
[0m[HW]     RU: packets received 1130392
[0m[HW]     RU: packets processed 1130287
[0m[HW]     RU: packets dropped 101
[0m[93m[HW]     [ORU] Drop invalid U-plane packet: port=0 frame=17 subframe=3 slot=38 slot_in_frame=44 symbol=37 ant=0 start_prb=0 num_prb=0 nDLRBs=106 neAxc=1
[0m[93m[HW]     Packets early: 1
[0m[93m[HW]     Packets malformed (packet couldn't be processed): 1
[0m[HW]     RU: packets received 1179544
[0m[HW]     RU: packets processed 1179439
[0m[HW]     RU: packets dropped 102
[0m[HW]     RU: packets received 1228696
[0m[HW]     RU: packets processed 1228591
[0m[HW]     RU: packets dropped 102
[0m[HW]     RU: packets received 1277848
[0m[HW]     RU: packets processed 1277743
[0m[HW]     RU: packets dropped 102
[0m[HW]     RU: packets received 1327000
[0m[HW]     RU: packets processed 1326895
[0m[HW]     RU: packets dropped 102
[0m[HW]     RU: packets received 1376152
[0m[HW]     RU: packets processed 1376047
[0m[HW]     RU: packets dropped 102
[0m[93m[HW]     Packets not processed by the application layer (application layer too slow): 1
[0m[HW]     RU: packets received 1425304
[0m[HW]     RU: packets processed 1425198
[0m[HW]     RU: packets dropped 103
[0m[HW]     RU: packets received 1474456
[0m[HW]     RU: packets processed 1474350
[0m[HW]     RU: packets dropped 103
[0m[HW]     RU: packets received 1523608
[0m[HW]     RU: packets processed 1523502
[0m[HW]     RU: packets dropped 103
[0m[HW]     RU: packets received 1572760
[0m[HW]     RU: packets processed 1572654
[0m[HW]     RU: packets dropped 103
[0m[HW]     RU: packets received 1621912
[0m[HW]     RU: packets processed 1621806
[0m[HW]     RU: packets dropped 103
[0m[93m[HW]     Packets not processed by the application layer (application layer too slow): 1
[0m[HW]     RU: packets received 1671064
[0m[HW]     RU: packets processed 1670957
[0m[HW]     RU: packets dropped 104
[0m[HW]     RU: packets received 1720216
[0m[HW]     RU: packets processed 1720109
[0m[HW]     RU: packets dropped 104
[0m[HW]     RU: packets received 1769368
[0m[HW]     RU: packets processed 1769261
[0m[HW]     RU: packets dropped 104
[0m[HW]     RU: packets received 1818520
[0m[HW]     RU: packets processed 1818413
[0m[HW]     RU: packets dropped 104
[0m[HW]     RU: packets received 1867672
[0m[HW]     RU: packets processed 1867565
[0m[HW]     RU: packets dropped 104
[0m[93m[HW]     Packets not processed by the application layer (application layer too slow): 1
[0m[93m[HW]     Packets late: 1
[0m[HW]     RU: packets received 1916823
[0m[HW]     RU: packets processed 1916715
[0m[HW]     RU: packets dropped 105
[0m[HW]     RU: packets received 1965975
[0m[HW]     RU: packets processed 1965867
[0m[HW]     RU: packets dropped 105
[0m[HW]     RU: packets received 2015127
[0m[HW]     RU: packets processed 2015019
[0m[HW]     RU: packets dropped 105
[0m[HW]     RU: packets received 2064279
[0m[HW]     RU: packets processed 2064171
[0m[HW]     RU: packets dropped 105
[0m[HW]     RU: packets received 2113431
[0m[HW]     RU: packets processed 2113323
[0m[HW]     RU: packets dropped 105
[0m