Logging terminal output to /home/jesse/oran_lab/logs/run_ru/run_ru_20260531_132612_pid1089274.log
RU cores: 10,11,12,13,14,15,16
RU numerology: 1
ORU PRACH frame adjust: 0
AnonHugePages:  12896256 kB
ShmemHugePages:        0 kB
FileHugePages:   2816000 kB
HugePages_Total:    8192
HugePages_Free:     8192
HugePages_Rsvd:        0
HugePages_Surp:        0
Hugepagesize:       2048 kB
Hugetlb:        16777216 kB
Using uio_pci_generic; skipping VFIO IOMMU group viability check.
CMDLINE: "./nr-oru" "-O" "/home/jesse/oran_lab/ru_test.conf" "--vrtsim.role" "server" "--numerology" "1" "--vrtsim.chanmod" "1" "--vrtsim.timescale" "1.0" "--vrtsim.client-num-rx-antennas" "2" 
[93m[PHY]    ./nr-oru is experimental software and at this point is not an implementation of a 7.2 O-RAN RU
[0mEAL: Detected 32 lcore(s)
EAL: Detected 1 NUMA nodes
EAL: Auto-detected process type: PRIMARY
EAL: Detected shared linkage of DPDK
EAL: Multi-process socket /var/run/dpdk/ru/mp_socket
EAL: Selected IOVA mode 'PA'
EAL: No available hugepages reported in hugepages-1048576kB
EAL: Probing VFIO support...
EAL: VFIO support initialized
EAL: Probe PCI driver: net_i40e_vf (8086:154c) device: 0000:06:02.0 (socket 0)
[CONFIG] function config_libconfig_init returned 0
Reading in command-line options
configuring for RRU
About to Init RU threads
xran_fh_init:
  io_cfg:
    id 1 (O-RU)
    num_vfs 2
    num_rxq 1
    dpdk_dev [0000:06:02.0, 0000:06:02.1, (null), (null), (null), (null), (null), (null), (null), (null), (null), (null), (null), (null), (null), (null)]
    bbdev_dev (null)
    bbdev_mode -1
    dpdkIoVaMode 0
    dpdkMemorySize 8192
    core 11
    system_core 10
    pkt_proc_core 0000000000003000
    pkt_proc_core_64_127 0000000000000000
    pkt_aux_core 0
    timing_core 11
    port (filled within xran library)
    io_sleep 0
    nEthLinePerPort 1
    nEthLineSpeed 10
    one_vf_cu_plane 0
    eowd_cmn[1]:
      initiator_en 0
      numberOfSamples 0
      filterType 0
      responseTo 0
      measVf 0
      measState 0
      measId 0
      measMethod 0
      owdm_enable 0
      owdm_PlLength 0
eowd_port (filled within xran library)
    bbu_offload 0
  eAxCId_conf:
    mask_cuPortId 0xf000
    mask_bandSectorId 0x0f00
    mask_ccId 0x00f0
    mask_ruPortId 0x000f
    bit_cuPortId 0
    bit_bandSectorId 0
    bit_ccId 0
    bit_ruPortId 0
  xran_ports 1
  dpdkBasebandFecMode 0
  dpdkBasebandDevice (null)
  filePrefix ru
  mtu 9600
  p_o_du_addr 
  p_o_du_addr [00:11:22:33:64:68, 00:11:22:33:64:69]
  totalBfWeights 0
  mlogxranenable 0
  dlCpProcBurst 0
'DPDK 20.11.9'
 xran_init: MTU 9600
PF Eth line speed 10G
PF Eth lines per O-xU port 1
RX HW queues per O-xU Eth line 1 
node 0
total cores 32 c_mask 0x00000000000003c00 core 11 [id] system_core 10 [id] pkt_proc_core 0x00000000000003000 [mask] pkt_aux_core 0 [id] timing_core 11 [id]
xran_ethdi_init_dpdk_io: Calling rte_eal_init:ru -c 0x00000000000003c00 -n2 --iova-mode=pa --socket-mem=8192,0 --socket-limit=8192,0 --proc-type=auto --no-telemetry --file-prefix ru -a0000:00:00.0    
xran_init_mbuf_pool: socket 0
initializing port 0 for TX, drv=net_i40e_vf
Port 0 MAC: 00 11 22 33 64 66
Port 0: nb_rxd 4096 nb_txd 4096
[0] mp_rx__p_0_q_0 num blocks 65535
[0] mempool_small__0

Checking link status portid [0]  EAL: Probe PCI driver: net_i40e_vf (8086:154c) device: 0000:06:02.1 (socket 0)
skipped by XRAN_SKIP_LINK_CHECK
initializing port 1 for TX, drv=net_i40e_vf
Port 1 MAC: 00 11 22 33 64 67
Port 1: nb_rxd 4096 nb_txd 4096
[1] mp_rx__p_1_q_0 num blocks 65535
[1] mempool_small__1
Created ring tx_ring_cp_1 on core 11
Created ring rx_ring_cp_1_0 on core 11

Checking link status portid [1]  [93m[HW]     XRAN modifed affinity. Correcting affinity of caller
[0mskipped by XRAN_SKIP_LINK_CHECK
[ 0] vf  0 local  SRC MAC: 00 11 22 33 64 66
[ 0] vf  0 remote DST MAC: 00 11 22 33 64 68
[ 0] vf  1 local  SRC MAC: 00 11 22 33 64 67
[ 0] vf  1 remote DST MAC: 00 11 22 33 64 69
created dl_gen_ring_up_0 on core 11
xran_fh_config:
  dpdk_port 0
  sector_id 0
  nCC 1
  neAxc 2
  neAxcUl 0
  nAntElmTRx 0
  nDLFftSize 9
  nULFftSize 9
  nDLRBs 24
  nULRBs 24
  nDLAbsFrePointA 0
  nULAbsFrePointA 0
  nDLCenterFreqARFCN 0
  nULCenterFreqARFCN 0
  ttiCb (nil)
  ttiCbParam (nil)
  Tadv_cp_dl 0
  T2a_min_cp_dl 0
  T2a_max_cp_dl 0
  T2a_min_cp_ul 0
  T2a_max_cp_ul 0
  T2a_min_up 450
  T2a_max_up 1200
  Ta3_min 200
  Ta3_max 470
  T1a_min_cp_dl 0
  T1a_max_cp_dl 0
  T1a_min_cp_ul 0
  T1a_max_cp_ul 0
  T1a_min_up 0
  T1a_max_up 0
  Ta4_min 0
  Ta4_max 0
  enableCP 1
  prachEnable 1
  srsEnable 0
  puschMaskEnable 0
  puschMaskSlot 0
  cp_vlan_tag 0
  up_vlan_tag 0
  debugStop 0
  debugStopCount 0
  DynamicSectionEna 0
  GPS_Alpha 0
  GPS_Beta -9000
  srsEnableCp 0
  SrsDelaySym 0
  prach_config:
    nPrachConfIdx 159
    nPrachSubcSpacing 1
    nPrachZeroCorrConf 0
    nPrachRestrictSet 0
    nPrachRootSeqIdx 0
    nPrachFreqStart 0
    nPrachFreqOffset -288
    nPrachFilterIdx 0
    startSymId 0
    lastSymId 0
    startPrbc 0
    numPrbc 0
    timeOffset 0
    freqOffset 0
    eAxC_offset 2
    nPrachConfIdxLTE 0
  srs_config:
    symbMask 0000
    eAxC_offset 0
  frame_conf:
    nFrameDuplexType TDD
    nNumerology 1
    nTddPeriod 5
    sSlotConfig[0]: DDDDDDDDDDDDDD
    sSlotConfig[1]: DDDDDDGGGGUUUU
    sSlotConfig[2]: UUUUUUUUUUUUUU
    sSlotConfig[3]: UUUUUUUUUUUUUU
    sSlotConfig[4]: UUUUUUUUUUUUUU
  ru_config:
    xranTech NR
    xranCat A
    xranCompHdrType dynamic
    iqWidth 16
    compMeth 0
    iqWidth_PRACH 16
    compMeth_PRACH 0
    fftSize 10
    byteOrder network/BE
    iqOrder I_Q
    xran_max_frame 0
  bbdev_enc (nil)
  bbdev_dec (nil)
  tx_cp_eAxC2Vf 0x7ffcd9e26f50
  tx_up_eAxC2Vf 0x7ffcd9e27b50
  rx_cp_eAxC2Vf 0x7ffcd9e28750
  rx_up_eAxC2Vf 0x7ffcd9e29350
  log_level 1
  max_sections_per_slot 0
  max_sections_per_symbol 0
  RunSlotPrbMapBySymbolEnable 0
  LiteOnIgnoreUPSectionIdEnable 0
  dssEnable 0
  dssPeriod 0
  technology[XRAN_MAX_DSS_PERIODICITY] (not filled as DSS disabled)
 xran_open: 5G NR Category A
xRAN open PRACH config: Numerology 1 ConfIdx 159, preambleFmrt 10 startsymb 0, numSymbol 12, occassionsInPrachSlot 1
PRACH: x 1 y[0] 0, y[1] 0 prach slot: 9 ..
PRACH start symbol 0 lastsymbol 11
xran_init_vfs_mapping: p 0 vf 0
xran_init_vfs_mapping: p 0 vf 1
xran_open: interval_us=500, interval_us_local=500
bbu_offload 0
XRAN_UP_VF: 0x0000
xran_timing_source_thread [CPU 11] [PID: 1089286]
TTI interval 500 [us]
Start UL U-plane 200 us after OTA [offset in sym 6]
Receive DL U-plane 1200 us after OTA [offset in sym 34]
O-XU      1
HW        0
Num cores 3
Num ports 1
O-RU Cat  0
O-RU CC   1
O-RU eAxC 2
p:0 XRAN_JOB_TYPE_CP_DL worker id 1
p:0 XRAN_JOB_TYPE_CP_UL worker id 1
p:0 XRAN_JOB_TYPE_CP_DL worker id 0
p:0 XRAN_JOB_TYPE_CP_UL worker id 0
xran_generic_worker_thread [CPU 12] [PID: 1089286]
spawn worker 0 core 12
xran_generic_worker_thread [CPU 13] [PID: 1089286]
spawn worker 1 core 13
xran_open [CPU 10] [PID: 1089286]
Waiting on Timing thread...
Initialize ORAN port instance 0 (1) sector 0
xran_sector_get_instances() o_xu_id 0 xran_handle 0x7053d0f95040
xran_sector_get_instances [0]: CC 0 handle 0x5da988cff800
Handle: 0x70540033c468 Instance: 0x5da988cff800
-> hInstance 0x5da988cff800
ru_0_cc_0_idx_0: [ handle 0x5da988cff800 0 0 ] [nPoolIndex 0] nNumberOfBuffers 1023 nBufferSize 14116 socket_id 0
CC:[ handle 0x5da988cff800 ru 0 cc_idx 0 ] [nPoolIndex 0] mb pool 0x284784540 
xran_bm_init() hInstance 0x5da988cff800 poolIdx 0 elements 1023 size 14116
xran_bm_allocate_buffer() hInstance 0x5da988cff800 poolIdx 0 count 560
ru_0_cc_0_idx_1: [ handle 0x5da988cff800 0 0 ] [nPoolIndex 1] nNumberOfBuffers 1023 nBufferSize 4976 socket_id 0
CC:[ handle 0x5da988cff800 ru 0 cc_idx 0 ] [nPoolIndex 1] mb pool 0x284786ac0 
xran_bm_init() hInstance 0x5da988cff800 poolIdx 1 elements 1023 [93m[HW]     Packets not processed by the application layer (application layer too slow): 32056
[0m[93m[HW]     Packets late: 4511
[0m[93m[HW]     Packets not processed by the application layer (application layer too slow): 32114
[0m[93m[HW]     Packets late: 4483
[0m[93m[HW]     Packets not processed by the application layer (application layer too slow): 32130
[0m[93m[HW]     Packets late: 4535
[0m[93m[HW]     Packets not processed by the application layer (application layer too slow): 32115
[0m[93m[HW]     Packets late: 4489
[0m[93m[HW]     Packets not processed by the application layer (application layer too slow): 32136
[0m[93m[HW]     Packets late: 4564
[0m[93m[HW]     Packets not processed by the application layer (application layer too slow): 32146
[0m[93m[HW]     Packets late: 4442
[0m[93m[HW]     Packets not processed by the application layer (application layer too slow): 32341
[0m[93m[HW]     Packets late: 4543
[0m[93m[HW]     Packets not processed by the application layer (application layer too slow): 32171
[0m[93m[HW]     Packets late: 4527
[0m[93m[HW]     Packets not processed by the application layer (application layer too slow): 32190
[0m[93m[HW]     Packets late: 4505
[0m[93m[HW]     Packets not processed by the application layer (application layer too slow): 32038
[0m[93m[HW]     Packets late: 4560
[0m[93m[HW]     Packets not processed by the application layer (application layer too slow): 32283
[0m[93m[HW]     Packets late: 4471
[0m[93m[HW]     Packets not processed by the application layer (application layer too slow): 32148
[0m[93m[HW]     Packets late: 4548
[0m[93m[HW]     Packets not processed by the application layer (application layer too slow): 32103
[0m[93m[HW]     Packets late: 4515
[0m[93m[HW]     Packets not processed by the application layer (application layer too slow): 32184
[0m[93m[HW]     Packets late: 4544
[0m[93m[HW]     Packets not processed by the application layer (application layer too slow): 32109
[0m[93m[HW]     Packets late: 4550
[0m[93m[HW]     Packets not processed by the application layer (application layer too slow): 32084
[0m[93m[HW]     Packets late: 4517
[0m[93m[HW]     Packets not processed by the application layer (application layer too slow): 32200
[0m[93m[HW]     Packets late: 4512
[0m[93m[HW]     Packets not processed by the application layer (application layer too slow): 32263
[0m[93m[HW]     Packets late: 4525
[0m[93m[HW]     Packets not processed by the application layer (application layer too slow): 32310
[0m[93m[HW]     Packets late: 4531
[0m[93m[HW]     Packets not processed by the application layer (application layer too slow): 32297
[0m[93m[HW]     Packets late: 4571
[0m[93m[HW]     Packets not processed by the application layer (application layer too slow): 32017
[0m[93m[HW]     Packets late: 4502
[0m[93m[HW]     Packets not processed by the application layer (application layer too slow): 32050
[0m[93m[HW]     Packets late: 4548
[0m[93m[HW]     Packets not processed by the application layer (application layer too slow): 32166
[0m[93m[HW]     Packets late: 4541
[0m[93m[HW]     Packets not processed by the application layer (application layer too slow): 32242
[0m[93m[HW]     Packets late: 4575
[0m[93m[HW]     Packets not processed by the application layer (application layer too slow): 32317
[0m[93m[HW]     Packets late: 4540
[0m[93m[HW]     Packets not processed by the application layer (application layer too slow): 32417
[0m[93m[HW]     Packets late: 4530
[0m[93m[HW]     Packets not processed by the application layer (application layer too slow): 32382
[0m[93m[HW]     Packets late: 4493
[0m[93m[HW]     Packets not processed by the application layer (application layer too slow): 32119
[0m[93m[HW]     Packets late: 4574
[0m[93m[HW]     Packets not processed by the application layer (application layer too slow): 32166
[0m[93m[HW]     Packets late: 4550
[0m[93m[HW]     Packets not processed by the application layer (application layer too slow): 32313
[0m[93m[HW]     Packets late: 4519
[0m[93m[HW]     Packets not processed by the application layer (application layer too slow): 32208
[0m[93m[HW]     Packets late: 4483
[0m[93m[HW]     Packets not processed by the application layer (application layer too slow): 32212
[0m[93m[HW]     Packets late: 4498
[0m[93m[HW]     Packets not processed by the application layer (application layer too slow): 32083
[0m[93m[HW]     Packets late: 4530
[0m[93m[HW]     Packets not processed by the application layer (application layer too slow): 31997
[0m[93m[HW]     Packets late: 4514
[0m[93m[HW]     Packets not processed by the application layer (application layer too slow): 32124
[0m[93m[HW]     Packets late: 4529
[0m