Logging terminal output to /home/jesse/oran_lab/logs/run_ru/run_ru_20260530_003549_pid2414906.log
RU cores: 10,11,12,13,14,15,16
RU numerology: 1
ORU PRACH frame adjust: 0
AnonHugePages:  12896256 kB
ShmemHugePages:        0 kB
FileHugePages:   3276800 kB
HugePages_Total:    8192
HugePages_Free:        0
HugePages_Rsvd:        0
HugePages_Surp:        0
Hugepagesize:       2048 kB
Hugetlb:        16777216 kB
Using uio_pci_generic; skipping VFIO IOMMU group viability check.
CMDLINE: "./nr-oru" "-O" "/home/jesse/oran_lab/ru_test.conf" "--vrtsim.role" "server" "--numerology" "1" 
[93m[PHY]    ./nr-oru is experimental software and at this point is not an implementation of a 7.2 O-RAN RU
[0mEAL: Detected 32 lcore(s)
EAL: Detected 1 NUMA nodes
EAL: Auto-detected process type: PRIMARY
EAL: Detected shared linkage of DPDK
EAL: Multi-process socket /var/run/dpdk/ru/mp_socket
EAL: Selected IOVA mode 'PA'
EAL: No available hugepages reported in hugepages-1048576kB
EAL: Probing VFIO support...
EAL: VFIO support initialized
EAL: Probe PCI driver: net_i40e_vf (8086:154c) device: 0000:06:02.0 (socket 0)
[CONFIG] function config_libconfig_init returned 0
Reading in command-line options
configuring for RRU
About to Init RU threads
xran_fh_init:
  io_cfg:
    id 1 (O-RU)
    num_vfs 2
    num_rxq 1
    dpdk_dev [0000:06:02.0, 0000:06:02.1, (null), (null), (null), (null), (null), (null), (null), (null), (null), (null), (null), (null), (null), (null)]
    bbdev_dev (null)
    bbdev_mode -1
    dpdkIoVaMode 0
    dpdkMemorySize 8192
    core 11
    system_core 10
    pkt_proc_core 0000000000003000
    pkt_proc_core_64_127 0000000000000000
    pkt_aux_core 0
    timing_core 11
    port (filled within xran library)
    io_sleep 0
    nEthLinePerPort 1
    nEthLineSpeed 10
    one_vf_cu_plane 0
    eowd_cmn[1]:
      initiator_en 0
      numberOfSamples 0
      filterType 0
      responseTo 0
      measVf 0
      measState 0
      measId 0
      measMethod 0
      owdm_enable 0
      owdm_PlLength 0
eowd_port (filled within xran library)
    bbu_offload 0
  eAxCId_conf:
    mask_cuPortId 0xf000
    mask_bandSectorId 0x0f00
    mask_ccId 0x00f0
    mask_ruPortId 0x000f
    bit_cuPortId 0
    bit_bandSectorId 0
    bit_ccId 0
    bit_ruPortId 0
  xran_ports 1
  dpdkBasebandFecMode 0
  dpdkBasebandDevice (null)
  filePrefix ru
  mtu 9600
  p_o_du_addr 
  p_o_du_addr [00:11:22:33:64:68, 00:11:22:33:64:69]
  totalBfWeights 0
  mlogxranenable 0
  dlCpProcBurst 0
'DPDK 20.11.9'
 xran_init: MTU 9600
PF Eth line speed 10G
PF Eth lines per O-xU port 1
RX HW queues per O-xU Eth line 1 
node 0
total cores 32 c_mask 0x00000000000003c00 core 11 [id] system_core 10 [id] pkt_proc_core 0x00000000000003000 [mask] pkt_aux_core 0 [id] timing_core 11 [id]
xran_ethdi_init_dpdk_io: Calling rte_eal_init:ru -c 0x00000000000003c00 -n2 --iova-mode=pa --socket-mem=8192,0 --socket-limit=8192,0 --proc-type=auto --no-telemetry --file-prefix ru -a0000:00:00.0    
xran_init_mbuf_pool: socket 0
initializing port 0 for TX, drv=net_i40e_vf
Port 0 MAC: 00 11 22 33 64 66
Port 0: nb_rxd 4096 nb_txd 4096
[0] mp_rx__p_0_q_0 num blocks 65535
[0] mempool_small__0

Checking link status portid [0]  EAL: Probe PCI driver: net_i40e_vf (8086:154c) device: 0000:06:02.1 (socket 0)
skipped by XRAN_SKIP_LINK_CHECK
initializing port 1 for TX, drv=net_i40e_vf
Port 1 MAC: 00 11 22 33 64 67
Port 1: nb_rxd 4096 nb_txd 4096
[1] mp_rx__p_1_q_0 num blocks 65535
[1] mempool_small__1
Created ring tx_ring_cp_1 on core 11
Created ring rx_ring_cp_1_0 on core 11

Checking link status portid [1]  [93m[HW]     XRAN modifed affinity. Correcting affinity of caller
[0mskipped by XRAN_SKIP_LINK_CHECK
[ 0] vf  0 local  SRC MAC: 00 11 22 33 64 66
[ 0] vf  0 remote DST MAC: 00 11 22 33 64 68
[ 0] vf  1 local  SRC MAC: 00 11 22 33 64 67
[ 0] vf  1 remote DST MAC: 00 11 22 33 64 69
created dl_gen_ring_up_0 on core 11
xran_fh_config:
  dpdk_port 0
  sector_id 0
  nCC 1
  neAxc 1
  neAxcUl 0
  nAntElmTRx 0
  nDLFftSize 9
  nULFftSize 9
  nDLRBs 24
  nULRBs 24
  nDLAbsFrePointA 0
  nULAbsFrePointA 0
  nDLCenterFreqARFCN 0
  nULCenterFreqARFCN 0
  ttiCb (nil)
  ttiCbParam (nil)
  Tadv_cp_dl 0
  T2a_min_cp_dl 0
  T2a_max_cp_dl 0
  T2a_min_cp_ul 0
  T2a_max_cp_ul 0
  T2a_min_up 200
  T2a_max_up 1200
  Ta3_min 200
  Ta3_max 470
  T1a_min_cp_dl 0
  T1a_max_cp_dl 0
  T1a_min_cp_ul 0
  T1a_max_cp_ul 0
  T1a_min_up 0
  T1a_max_up 0
  Ta4_min 0
  Ta4_max 0
  enableCP 1
  prachEnable 1
  srsEnable 0
  puschMaskEnable 0
  puschMaskSlot 0
  cp_vlan_tag 0
  up_vlan_tag 0
  debugStop 0
  debugStopCount 0
  DynamicSectionEna 0
  GPS_Alpha 0
  GPS_Beta -9000
  srsEnableCp 0
  SrsDelaySym 0
  prach_config:
    nPrachConfIdx 159
    nPrachSubcSpacing 1
    nPrachZeroCorrConf 0
    nPrachRestrictSet 0
    nPrachRootSeqIdx 0
    nPrachFreqStart 0
    nPrachFreqOffset -288
    nPrachFilterIdx 0
    startSymId 0
    lastSymId 0
    startPrbc 0
    numPrbc 0
    timeOffset 0
    freqOffset 0
    eAxC_offset 1
    nPrachConfIdxLTE 0
  srs_config:
    symbMask 0000
    eAxC_offset 0
  frame_conf:
    nFrameDuplexType TDD
    nNumerology 1
    nTddPeriod 5
    sSlotConfig[0]: DDDDDDDDDDDDDD
    sSlotConfig[1]: DDDDDDDDDDDDDD
    sSlotConfig[2]: DDDDDDDDDDDDDD
    sSlotConfig[3]: DDDDDDGGGGUUUU
    sSlotConfig[4]: UUUUUUUUUUUUUU
  ru_config:
    xranTech NR
    xranCat A
    xranCompHdrType dynamic
    iqWidth 16
    compMeth 0
    iqWidth_PRACH 16
    compMeth_PRACH 0
    fftSize 10
    byteOrder network/BE
    iqOrder I_Q
    xran_max_frame 0
  bbdev_enc (nil)
  bbdev_dec (nil)
  tx_cp_eAxC2Vf 0x7ffd875921f0
  tx_up_eAxC2Vf 0x7ffd87592df0
  rx_cp_eAxC2Vf 0x7ffd875939f0
  rx_up_eAxC2Vf 0x7ffd875945f0
  log_level 1
  max_sections_per_slot 0
  max_sections_per_symbol 0
  RunSlotPrbMapBySymbolEnable 0
  LiteOnIgnoreUPSectionIdEnable 0
  dssEnable 0
  dssPeriod 0
  technology[XRAN_MAX_DSS_PERIODICITY] (not filled as DSS disabled)
 xran_open: 5G NR Category A
xRAN open PRACH config: Numerology 1 ConfIdx 159, preambleFmrt 10 startsymb 0, numSymbol 12, occassionsInPrachSlot 1
PRACH: x 1 y[0] 0, y[1] 0 prach slot: 9 ..
PRACH start symbol 0 lastsymbol 11
xran_init_vfs_mapping: p 0 vf 0
xran_init_vfs_mapping: p 0 vf 1
xran_open: interval_us=500, interval_us_local=500
bbu_offload 0
XRAN_UP_VF: 0x0000
xran_timing_source_thread [CPU 11] [PID: 2414921]
TTI interval 500 [us]
Start UL U-plane 200 us after OTA [offset in sym 6]
Receive DL U-plane 1200 us after OTA [offset in sym 34]
O-XU      1
HW        0
Num cores 3
Num ports 1
O-RU Cat  0
O-RU CC   1
O-RU eAxC 1
p:0 XRAN_JOB_TYPE_CP_DL worker id 1
p:0 XRAN_JOB_TYPE_CP_UL worker id 1
p:0 XRAN_JOB_TYPE_CP_DL worker id 0
p:0 XRAN_JOB_TYPE_CP_UL worker id 0
xran_generic_worker_thread [CPU 12] [PID: 2414921]
spawn worker 0 core 12
xran_generic_worker_thread [CPU 13] [PID: 2414921]
spawn worker 1 core 13
xran_open [CPU 10] [PID: 2414921]
Waiting on Timing thread...
Initialize ORAN port instance 0 (1) sector 0
xran_sector_get_instances() o_xu_id 0 xran_handle 0x75c554f95040
xran_sector_get_instances [0]: CC 0 handle 0x65427d505940
Handle: 0x75c58464c468 Instance: 0x65427d505940
-> hInstance 0x65427d505940
ru_0_cc_0_idx_0: [ handle 0x65427d505940 0 0 ] [nPoolIndex 0] nNumberOfBuffers 511 nBufferSize 14116 socket_id 0
CC:[ handle 0x65427d505940 ru 0 cc_idx 0 ] [nPoolIndex 0] mb pool 0x284784540 
xran_bm_init() hInstance 0x65427d505940 poolIdx 0 elements 511 size 14116
xran_bm_allocate_buffer() hInstance 0x65427d505940 poolIdx 0 count 280
ru_0_cc_0_idx_1: [ handle 0x65427d505940 0 0 ] [nPoolIndex 1] nNumberOfBuffers 511 nBufferSize 4976 socket_id 0
CC:[ handle 0x65427d505940 ru 0 cc_idx 0 ] [nPoolIndex 1] mb pool 0x284786dc0 
xran_bm_init() hInstance 0x65427d505940 poolIdx 1 elements 511 size[93m[HW]     PRACH was not configured for frame.slot 0.19 adjusted 0.19 frame8 0: no C-plane config cached
[0m[93m[HW]     PRACH was not configured for frame.slot 83.19 adjusted 83.19 frame8 83: no C-plane config cached
[0m[93m[HW]     PRACH was not configured for frame.slot 166.19 adjusted 166.19 frame8 166: no C-plane config cached
[0m[93m[HW]     PRACH was not configured for frame.slot 250.19 adjusted 250.19 frame8 250: no C-plane config cached
[0m[93m[HW]     PRACH was not configured for frame.slot 333.19 adjusted 333.19 frame8 77: no C-plane config cached
[0m[93m[HW]     PRACH was not configured for frame.slot 416.19 adjusted 416.19 frame8 160: no C-plane config cached
[0m[93m[HW]     PRACH was not configured for frame.slot 500.19 adjusted 500.19 frame8 244: no C-plane config cached
[0m[93m[HW]     PRACH was not configured for frame.slot 583.19 adjusted 583.19 frame8 71: no C-plane config cached
[0m[93m[HW]     PRACH was not configured for frame.slot 666.19 adjusted 666.19 frame8 154: no C-plane config cached
[0m[93m[HW]     PRACH was not configured for frame.slot 750.19 adjusted 750.19 frame8 238: no C-plane config cached
[0m[93m[HW]     PRACH was not configured for frame.slot 833.19 adjusted 833.19 frame8 65: no C-plane config cached
[0m[93m[HW]     PRACH was not configured for frame.slot 916.19 adjusted 916.19 frame8 148: no C-plane config cached
[0m[93m[HW]     PRACH was not configured for frame.slot 1000.19 adjusted 1000.19 frame8 232: no C-plane config cached
[0m[93m[HW]     PRACH was not configured for frame.slot 70.19 adjusted 70.19 frame8 70: no C-plane config cached
[0m[93m[HW]     PRACH was not configured for frame.slot 153.19 adjusted 153.19 frame8 153: no C-plane config cached
[0m[93m[HW]     PRACH was not configured for frame.slot 237.19 adjusted 237.19 frame8 237: no C-plane config cached
[0m[93m[HW]     PRACH was not configured for frame.slot 331.19 adjusted 331.19 frame8 75: no C-plane config cached
[0m[93m[HW]     PRACH was not configured for frame.slot 414.19 adjusted 414.19 frame8 158: no C-plane config cached
[0m[93m[HW]     PRACH was not configured for frame.slot 498.19 adjusted 498.19 frame8 242: no C-plane config cached
[0m[93m[HW]     PRACH was not configured for frame.slot 592.19 adjusted 592.19 frame8 80: no C-plane config cached
[0m[93m[HW]     PRACH was not configured for frame.slot 675.19 adjusted 675.19 frame8 163: no C-plane config cached
[0m[93m[HW]     PRACH was not configured for frame.slot 759.19 adjusted 759.19 frame8 247: no C-plane config cached
[0m[93m[HW]     PRACH was not configured for frame.slot 853.19 adjusted 853.19 frame8 85: no C-plane config cached
[0m[93m[HW]     PRACH was not configured for frame.slot 936.19 adjusted 936.19 frame8 168: no C-plane config cached
[0m[93m[HW]     PRACH was not configured for frame.slot 1020.19 adjusted 1020.19 frame8 252: no C-plane config cached
[0m[93m[HW]     PRACH was not configured for frame.slot 90.19 adjusted 90.19 frame8 90: no C-plane config cached
[0m[93m[HW]     PRACH was not configured for frame.slot 173.19 adjusted 173.19 frame8 173: no C-plane config cached
[0m[93m[HW]     PRACH was not configured for frame.slot 268.19 adjusted 268.19 frame8 12: no C-plane config cached
[0m[93m[HW]     PRACH was not configured for frame.slot 351.19 adjusted 351.19 frame8 95: no C-plane config cached
[0m[93m[HW]     PRACH was not configured for frame.slot 434.19 adjusted 434.19 frame8 178: no C-plane config cached
[0m[93m[HW]     PRACH was not configured for frame.slot 529.19 adjusted 529.19 frame8 17: no C-plane config cached
[0m[93m[HW]     PRACH was not configured for frame.slot 612.19 adjusted 612.19 frame8 100: no C-plane config cached
[0m[93m[HW]     PRACH was not configured for frame.slot 695.19 adjusted 695.19 frame8 183: no C-plane config cached
[0m[93m[HW]     PRACH was not configured for frame.slot 790.19 adjusted 790.19 frame8 22: no C-plane config cached
[0m[93m[HW]     PRACH was not configured for frame.slot 873.19 adjusted 873.19 frame8 105: no C-plane config cached
[0m[93m[HW]     PRACH was not configured for frame.slot 956.19 adjusted 956.19 frame8 188: no C-plane config cached
[0m[93m[HW]     PRACH was not configured for frame.slot 27.19 adjusted 27.19 frame8 27: no C-plane config cached
[0m[93m[HW]     PRACH was not configured for frame.slot 110.19 adjusted 110.19 frame8 110: no C-plane config cached
[0m[93m[HW]     PRACH was not configured for frame.slot 193.19 adjusted 193.19 frame8 193: no C-plane config cached
[0m[93m[HW]     PRACH was not configured for frame.slot 288.19 adjusted 288.19 frame8 32: no C-plane config cached
[0m[93m[HW]     PRACH was not configured for frame.slot 371.19 adjusted 371.19 frame8 115: no C-plane config cached
[0m[93m[HW]     PRACH was not configured for frame.slot 454.19 adjusted 454.19 frame8 198: no C-plane config cached
[0m[93m[HW]     PRACH was not configured for frame.slot 549.19 adjusted 549.19 frame8 37: no C-plane config cached
[0m[93m[HW]     PRACH was not configured for frame.slot 632.19 adjusted 632.19 frame8 120: no C-plane config cached
[0m[93m[HW]     PRACH was not configured for frame.slot 715.19 adjusted 715.19 frame8 203: no C-plane config cached
[0m[93m[HW]     PRACH was not configured for frame.slot 810.19 adjusted 810.19 frame8 42: no C-plane config cached
[0m[93m[HW]     PRACH was not configured for frame.slot 893.19 adjusted 893.19 frame8 125: no C-plane config cached
[0m[93m[HW]     PRACH was not configured for frame.slot 976.19 adjusted 976.19 frame8 208: no C-plane config cached
[0m[93m[HW]     PRACH was not configured for frame.slot 47.19 adjusted 47.19 frame8 47: no C-plane config cached
[0m[93m[HW]     PRACH was not configured for frame.slot 130.19 adjusted 130.19 frame8 130: no C-plane config cached
[0m[93m[HW]     PRACH was not configured for frame.slot 213.19 adjusted 213.19 frame8 213: no C-plane config cached
[0m[93m[HW]     PRACH was not configured for frame.slot 308.19 adjusted 308.19 frame8 52: no C-plane config cached
[0m[93m[HW]     PRACH was not configured for frame.slot 391.19 adjusted 391.19 frame8 135: no C-plane config cached
[0m[93m[HW]     PRACH was not configured for frame.slot 474.19 adjusted 474.19 frame8 218: no C-plane config cached
[0m[93m[HW]     PRACH was not configured for frame.slot 569.19 adjusted 569.19 frame8 57: no C-plane config cached
[0m[93m[HW]     PRACH was not configured for frame.slot 652.19 adjusted 652.19 frame8 140: no C-plane config cached
[0m[93m[HW]     PRACH was not configured for frame.slot 735.19 adjusted 735.19 frame8 223: no C-plane config cached
[0m[93m[HW]     PRACH was not configured for frame.slot 830.19 adjusted 830.19 frame8 62: no C-plane config cached
[0m[93m[HW]     PRACH was not configured for frame.slot 913.19 adjusted 913.19 frame8 145: no C-plane config cached
[0m[93m[HW]     PRACH was not configured for frame.slot 996.19 adjusted 996.19 frame8 228: no C-plane config cached
[0m[93m[HW]     PRACH was not configured for frame.slot 67.19 adjusted 67.19 frame8 67: no C-plane config cached
[0m[93m[HW]     PRACH was not configured for frame.slot 150.19 adjusted 150.19 frame8 150: no C-plane config cached
[0m[93m[HW]     PRACH was not configured for frame.slot 233.19 adjusted 233.19 frame8 233: no C-plane config cached
[0m[93m[HW]     PRACH was not configured for frame.slot 328.19 adjusted 328.19 frame8 72: no C-plane config cached
[0m[93m[HW]     PRACH was not configured for frame.slot 411.19 adjusted 411.19 frame8 155: no C-plane config cached
[0m[93m[HW]     PRACH was not configured for frame.slot 494.19 adjusted 494.19 frame8 238: no C-plane config cached
[0m[93m[HW]     PRACH was not configured for frame.slot 589.19 adjusted 589.19 frame8 77: no C-plane config cached
[0m[93m[HW]     PRACH was not configured for frame.slot 672.19 adjusted 672.19 frame8 160: no C-plane config cached
[0m[93m[HW]     PRACH was not configured for frame.slot 755.19 adjusted 755.19 frame8 243: no C-plane config cached
[0m[93m[HW]     PRACH was not configured for frame.slot 850.19 adjusted 850.19 frame8 82: no C-plane config cached
[0m[93m[HW]     PRACH was not configured for frame.slot 933.19 adjusted 933.19 frame8 165: no C-plane config cached
[0m[93m[HW]     PRACH was not configured for frame.slot 1016.19 adjusted 1016.19 frame8 248: no C-plane config cached
[0m[93m[HW]     PRACH was not configured for frame.slot 87.19 adjusted 87.19 frame8 87: no C-plane config cached
[0m[93m[HW]     PRACH was not configured for frame.slot 170.19 adjusted 170.19 frame8 170: no C-plane config cached
[0m[93m[HW]     PRACH was not configured for frame.slot 253.19 adjusted 253.19 frame8 253: no C-plane config cached
[0m[93m[HW]     PRACH was not configured for frame.slot 348.19 adjusted 348.19 frame8 92: no C-plane config cached
[0m[93m[HW]     PRACH was not configured for frame.slot 431.19 adjusted 431.19 frame8 175: no C-plane config cached
[0m[93m[HW]     PRACH was not configured for frame.slot 525.19 adjusted 525.19 frame8 13: no C-plane config cached
[0m[93m[HW]     PRACH was not configured for frame.slot 609.19 adjusted 609.19 frame8 97: no C-plane config cached
[0m[93m[HW]     PRACH was not configured for frame.slot 692.19 adjusted 692.19 frame8 180: no C-plane config cached
[0m[93m[HW]     PRACH was not configured for frame.slot 786.19 adjusted 786.19 frame8 18: no C-plane config cached
[0m[93m[HW]     PRACH was not configured for frame.slot 870.19 adjusted 870.19 frame8 102: no C-plane config cached
[0m[93m[HW]     PRACH was not configured for frame.slot 953.19 adjusted 953.19 frame8 185: no C-plane config cached
[0m[93m[HW]     PRACH was not configured for frame.slot 23.19 adjusted 23.19 frame8 23: no C-plane config cached
[0m[93m[HW]     PRACH was not configured for frame.slot 107.19 adjusted 107.19 frame8 107: no C-plane config cached
[0m[93m[HW]     PRACH was not configured for frame.slot 190.19 adjusted 190.19 frame8 190: no C-plane config cached
[0m[93m[HW]     PRACH was not configured for frame.slot 284.19 adjusted 284.19 frame8 28: no C-plane config cached
[0m[93m[HW]     PRACH was not configured for frame.slot 368.19 adjusted 368.19 frame8 112: no C-plane config cached
[0m[93m[HW]     PRACH was not configured for frame.slot 451.19 adjusted 451.19 frame8 195: no C-plane config cached
[0m[93m[HW]     PRACH was not configured for frame.slot 545.19 adjusted 545.19 frame8 33: no C-plane config cached
[0m[93m[HW]     PRACH was not configured for frame.slot 629.19 adjusted 629.19 frame8 117: no C-plane config cached
[0m[93m[HW]     PRACH was not configured for frame.slot 712.19 adjusted 712.19 frame8 200: no C-plane config cached
[0m[93m[HW]     PRACH was not configured for frame.slot 806.19 adjusted 806.19 frame8 38: no C-plane config cached
[0m[93m[HW]     PRACH was not configured for frame.slot 890.19 adjusted 890.19 frame8 122: no C-plane config cached
[0m[93m[HW]     PRACH was not configured for frame.slot 973.19 adjusted 973.19 frame8 205: no C-plane config cached
[0m[93m[HW]     PRACH was not configured for frame.slot 43.19 adjusted 43.19 frame8 43: no C-plane config cached
[0m[93m[HW]     PRACH was not configured for frame.slot 127.19 adjusted 127.19 frame8 127: no C-plane config cached
[0m[93m[HW]     PRACH was not configured for frame.slot 210.19 adjusted 210.19 frame8 210: no C-plane config cached
[0m[93m[HW]     PRACH was not configured for frame.slot 304.19 adjusted 304.19 frame8 48: no C-plane config cached
[0m[93m[HW]     PRACH was not configured for frame.slot 388.19 adjusted 388.19 frame8 132: no C-plane config cached
[0m[93m[HW]     PRACH was not configured for frame.slot 471.19 adjusted 471.19 frame8 215: no C-plane config cached
[0m[93m[HW]     PRACH was not configured for frame.slot 565.19 adjusted 565.19 frame8 53: no C-plane config cached
[0m[93m[HW]     PRACH was not configured for frame.slot 649.19 adjusted 649.19 frame8 137: no C-plane config cached
[0m[93m[HW]     PRACH was not configured for frame.slot 732.19 adjusted 732.19 frame8 220: no C-plane config cached
[0m[93m[HW]     PRACH was not configured for frame.slot 826.19 adjusted 826.19 frame8 58: no C-plane config cached
[0m[93m[HW]     PRACH was not configured for frame.slot 910.19 adjusted 910.19 frame8 142: no C-plane config cached
[0m