Logging terminal output to /home/jesse/oran_lab/logs/run_ru/run_ru_20260524_171703_pid708194.log
RU cores: 10,11,12,13,14,15,16
ORU PRACH frame adjust: 0
AnonHugePages:         0 kB
ShmemHugePages:        0 kB
FileHugePages:    327680 kB
HugePages_Total:    8192
HugePages_Free:        0
HugePages_Rsvd:        0
HugePages_Surp:        0
Hugepagesize:       2048 kB
Hugetlb:        16777216 kB
Using uio_pci_generic; skipping VFIO IOMMU group viability check.
CMDLINE: "./nr-oru" "-O" "/home/jesse/oran_lab/ru_test.conf" "--vrtsim.role" "server" 
[93m[PHY]    ./nr-oru is experimental software and at this point is not an implementation of a 7.2 O-RAN RU
[0m[HW]     Version: Branch: oru-rebase-1-plus-compression Abrev. Hash: dae942c616 Date: Fri May 15 22:54:55 2026 +0000
[0m[HW]     Initializing O-RAN 7.2 FH interface through xran library (compiled against headers of oran_f_release_v1.8)
[0mEAL: Detected 32 lcore(s)
EAL: Detected 1 NUMA nodes
EAL: Auto-detected process type: PRIMARY
EAL: Detected shared linkage of DPDK
EAL: Multi-process socket /var/run/dpdk/ru/mp_socket
EAL: Selected IOVA mode 'PA'
EAL: No available hugepages reported in hugepages-1048576kB
EAL: Probing VFIO support...
EAL: VFIO support initialized
EAL: Probe PCI driver: net_i40e_vf (8086:154c) device: 0000:06:02.0 (socket 0)
[CONFIG] function config_libconfig_init returned 0
Reading in command-line options
configuring for RRU
About to Init RU threads
xran_fh_init:
  io_cfg:
    id 1 (O-RU)
    num_vfs 2
    num_rxq 1
    dpdk_dev [0000:06:02.0, 0000:06:02.1, (null), (null), (null), (null), (null), (null), (null), (null), (null), (null), (null), (null), (null), (null)]
    bbdev_dev (null)
    bbdev_mode -1
    dpdkIoVaMode 0
    dpdkMemorySize 8192
    core 11
    system_core 10
    pkt_proc_core 0000000000003000
    pkt_proc_core_64_127 0000000000000000
    pkt_aux_core 0
    timing_core 11
    port (filled within xran library)
    io_sleep 0
    nEthLinePerPort 1
    nEthLineSpeed 10
    one_vf_cu_plane 0
    eowd_cmn[1]:
      initiator_en 0
      numberOfSamples 0
      filterType 0
      responseTo 0
      measVf 0
      measState 0
      measId 0
      measMethod 0
      owdm_enable 0
      owdm_PlLength 0
eowd_port (filled within xran library)
    bbu_offload 0
  eAxCId_conf:
    mask_cuPortId 0xf000
    mask_bandSectorId 0x0f00
    mask_ccId 0x00f0
    mask_ruPortId 0x000f
    bit_cuPortId 0
    bit_bandSectorId 0
    bit_ccId 0
    bit_ruPortId 0
  xran_ports 1
  dpdkBasebandFecMode 0
  dpdkBasebandDevice (null)
  filePrefix ru
  mtu 9600
  p_o_du_addr 
  p_o_du_addr [00:11:22:33:64:68, 00:11:22:33:64:69]
  totalBfWeights 0
  mlogxranenable 0
  dlCpProcBurst 0
'DPDK 20.11.9'
 xran_init: MTU 9600
PF Eth line speed 10G
PF Eth lines per O-xU port 1
RX HW queues per O-xU Eth line 1 
node 0
total cores 32 c_mask 0x00000000000003c00 core 11 [id] system_core 10 [id] pkt_proc_core 0x00000000000003000 [mask] pkt_aux_core 0 [id] timing_core 11 [id]
xran_ethdi_init_dpdk_io: Calling rte_eal_init:ru -c 0x00000000000003c00 -n2 --iova-mode=pa --socket-mem=8192,0 --socket-limit=8192,0 --proc-type=auto --no-telemetry --file-prefix ru -a0000:00:00.0    
xran_init_mbuf_pool: socket 0
initializing port 0 for TX, drv=net_i40e_vf
Port 0 MAC: 00 11 22 33 64 66
Port 0: nb_rxd 4096 nb_txd 4096
[0] mp_rx__p_0_q_0 num blocks 65535
[0] mempool_small__0

Checking link status portid [0]  EAL: Probe PCI driver: net_i40e_vf (8086:154c) device: 0000:06:02.1 (socket 0)
skipped by XRAN_SKIP_LINK_CHECK
initializing port 1 for TX, drv=net_i40e_vf
Port 1 MAC: 00 11 22 33 64 67
Port 1: nb_rxd 4096 nb_txd 4096
[1] mp_rx__p_1_q_0 num blocks 65535
[1] mempool_small__1
Created ring tx_ring_cp_1 on core 11
Created ring rx_ring_cp_1_0 on core 11

Checking link status portid [1]  [93m[HW]     XRAN modifed affinity. Correcting affinity of caller
[0mskipped by XRAN_SKIP_LINK_CHECK
[ 0] vf  0 local  SRC MAC: 00 11 22 33 64 66
[ 0] vf  0 remote DST MAC: 00 11 22 33 64 68
[ 0] vf  1 local  SRC MAC: 00 11 22 33 64 67
[ 0] vf  1 remote DST MAC: 00 11 22 33 64 69
created dl_gen_ring_up_0 on core 11
xran_fh_config:
  dpdk_port 0
  sector_id 0
  nCC 1
  neAxc 1
  neAxcUl 0
  nAntElmTRx 0
  nDLFftSize 10
  nULFftSize 10
  nDLRBs 51
  nULRBs 51
  nDLAbsFrePointA 0
  nULAbsFrePointA 0
  nDLCenterFreqARFCN 0
  nULCenterFreqARFCN 0
  ttiCb (nil)
  ttiCbParam (nil)
  Tadv_cp_dl 0
  T2a_min_cp_dl 0
  T2a_max_cp_dl 0
  T2a_min_cp_ul 0
  T2a_max_cp_ul 0
  T2a_min_up 200
  T2a_max_up 1200
  Ta3_min 200
  Ta3_max 470
  T1a_min_cp_dl 0
  T1a_max_cp_dl 0
  T1a_min_cp_ul 0
  T1a_max_cp_ul 0
  T1a_min_up 0
  T1a_max_up 0
  Ta4_min 0
  Ta4_max 0
  enableCP 1
  prachEnable 1
  srsEnable 0
  puschMaskEnable 0
  puschMaskSlot 0
  cp_vlan_tag 0
  up_vlan_tag 0
  debugStop 0
  debugStopCount 0
  DynamicSectionEna 0
  GPS_Alpha 0
  GPS_Beta -9000
  srsEnableCp 0
  SrsDelaySym 0
  prach_config:
    nPrachConfIdx 159
    nPrachSubcSpacing 1
    nPrachZeroCorrConf 0
    nPrachRestrictSet 0
    nPrachRootSeqIdx 0
    nPrachFreqStart 0
    nPrachFreqOffset -612
    nPrachFilterIdx 0
    startSymId 0
    lastSymId 0
    startPrbc 0
    numPrbc 0
    timeOffset 0
    freqOffset 0
    eAxC_offset 1
    nPrachConfIdxLTE 0
  srs_config:
    symbMask 0000
    eAxC_offset 0
  frame_conf:
    nFrameDuplexType TDD
    nNumerology 1
    nTddPeriod 5
    sSlotConfig[0]: DDDDDDDDDDDDDD
    sSlotConfig[1]: DDDDDDDDDDDDDD
    sSlotConfig[2]: DDDDDDGGGGUUUU
    sSlotConfig[3]: UUUUUUUUUUUUUU
    sSlotConfig[4]: UUUUUUUUUUUUUU
  ru_config:
    xranTech NR
    xranCat A
    xranCompHdrType dynamic
    iqWidth 16
    compMeth 0
    iqWidth_PRACH 16
    compMeth_PRACH 0
    fftSize 10
    byteOrder network/BE
    iqOrder I_Q
    xran_max_frame 0
  bbdev_enc (nil)
  bbdev_dec (nil)
  tx_cp_eAxC2Vf 0x7ffda3dab350
  tx_up_eAxC2Vf 0x7ffda3dabf50
  rx_cp_eAxC2Vf 0x7ffda3dacb50
  rx_up_eAxC2Vf 0x7ffda3dad750
  log_level 1
  max_sections_per_slot 0
  max_sections_per_symbol 0
  RunSlotPrbMapBySymbolEnable 0
  LiteOnIgnoreUPSectionIdEnable 0
  dssEnable 0
  dssPeriod 0
  technology[XRAN_MAX_DSS_PERIODICITY] (not filled as DSS disabled)
 xran_open: 5G NR Category A
xRAN open PRACH config: Numerology 1 ConfIdx 159, preambleFmrt 10 startsymb 0, numSymbol 12, occassionsInPrachSlot 1
PRACH: x 1 y[0] 0, y[1] 0 prach slot: 9 ..
PRACH start symbol 0 lastsymbol 11
xran_init_vfs_mapping: p 0 vf 0
xran_init_vfs_mapping: p 0 vf 1
xran_open: interval_us=500, interval_us_local=500
bbu_offload 0
XRAN_UP_VF: 0x0000
xran_timing_source_thread [CPU 11] [PID: 708208]
TTI interval 500 [us]
Start UL U-plane 200 us after OTA [offset in sym 6]
Receive DL U-plane 1200 us after OTA [offset in sym 34]
O-XU      1
HW        0
Num cores 3
Num ports 1
O-RU Cat  0
O-RU CC   1
O-RU eAxC 1
p:0 XRAN_JOB_TYPE_CP_DL worker id 1
p:0 XRAN_JOB_TYPE_CP_UL worker id 1
p:0 XRAN_JOB_TYPE_CP_DL worker id 0
p:0 XRAN_JOB_TYPE_CP_UL worker id 0
xran_generic_worker_thread [CPU 12] [PID: 708208]
spawn worker 0 core 12
xran_generic_worker_thread [CPU 13] [PID: 708208]
spawn worker 1 core 13
xran_open [CPU 10] [PID: 708208]
Waiting on Timing thread...
Initialize ORAN port instance 0 (1) sector 0
xran_sector_get_instances() o_xu_id 0 xran_handle 0x78a3b0f95040
xran_sector_get_instances [0]: CC 0 handle 0x55974c2d7900
Handle: 0x78a3e0a50b68 Instance: 0x55974c2d7900
-> hInstance 0x55974c2d7900
ru_0_cc_0_idx_0: [ handle 0x55974c2d7900 0 0 ] [nPoolIndex 0] nNumberOfBuffers 511 nBufferSize 14116 socket_id 0
CC:[ handle 0x55974c2d7900 ru 0 cc_idx 0 ] [nPoolIndex 0] mb pool 0x284763240 
xran_bm_init() hInstance 0x55974c2d7900 poolIdx 0 elements 511 size 14116
xran_bm_allocate_buffer() hInstance 0x55974c2d7900 poolIdx 0 count 280
ru_0_cc_0_idx_1: [ handle 0x55974c2d7900 0 0 ] [nPoolIndex 1] nNumberOfBuffers 511 nBufferSize 4976 socket_id 0
CC:[ handle 0x55974c2d7900 ru 0 cc_idx 0 ] [nPoolIndex 1] mb pool 0x284765dc0 
xran_bm_init() hInstance 0x55974c2d7900 poolIdx 1 elements 511 size 4[HW]     [PRB MAP INIT] ant=0, slot=0: After xran_init, dir=1, nPrbElm=1
[0m[HW]     [PRB MAP INIT]   prbMap[0]: compMethod=0, iqWidth=16, nRBStart=0, nRBSize=51
[0m[HW]     [PRB MAP INIT] ant=0, slot=1: After xran_init, dir=1, nPrbElm=1
[0m[HW]     [PRB MAP INIT]   prbMap[0]: compMethod=0, iqWidth=16, nRBStart=0, nRBSize=51
[0m[HW]     [PRB MAP INIT] ant=0, slot=0: After xran_init, dir=0, nPrbElm=1
[0m[HW]     [PRB MAP INIT]   prbMap[0]: compMethod=0, iqWidth=16, nRBStart=0, nRBSize=51
[0m[HW]     [PRB MAP INIT] ant=0, slot=1: After xran_init, dir=0, nPrbElm=1
[0m[HW]     [PRB MAP INIT]   prbMap[0]: compMethod=0, iqWidth=16, nRBStart=0, nRBSize=51
[0m[HW]     Enqueued 1023 elements to uplane_data_ring
[0m[HW]     Installing 2 callbacks 5 symbols before OTA
[0m[HW]     [RAU] has loaded ETHERNET trasport protocol.
[0m[HW]     VRTSIM: TX sample advance 4096 samples
[0m[HW]     Running as server: waiting for client to connect
[0m[HW]     VRTSIM: UE 0 - 1x1 antennas, Model 0 (TDL-A), DS 10.0ns, Speed 1.5m/s
[0m[HW]     VRTSIM: UE 0 - TX: 1 antennas (offset 0), RX: 1 antennas (offset 0)
[0m[HW]     VRTSIM: Total streams - UL: 1, DL: 1
[0m[HW]     first_call set from phy cb
[0m[HW]     ORU PRACH frame adjust 0 frame(s)
[0m[93m[HW]     Packets not processed by the application layer (application layer too slow): 10218
[0m[HW]     RU: packets received 34750
[0m[HW]     RU: packets processed 24520
[0m[HW]     RU: packets dropped 10218
[0m[93m[HW]     Packets not processed by the application layer (application layer too slow): 10240
[0m[HW]     RU: packets received 69565
[0m[HW]     RU: packets processed 49096
[0m[HW]     RU: packets dropped 20458
[0m[93m[HW]     Packets not processed by the application layer (application layer too slow): 10240
[0m[HW]     RU: packets received 104381
[0m[HW]     RU: packets processed 73672
[0m[HW]     RU: packets dropped 30698
[0m[93m[HW]     Packets not processed by the application layer (application layer too slow): 10240
[0m[HW]     RU: packets received 139197
[0m[HW]     RU: packets processed 98248
[0m[HW]     RU: packets dropped 40938
[0m[93m[HW]     Packets not processed by the application layer (application layer too slow): 10240
[0m[HW]     RU: packets received 174013
[0m[HW]     RU: packets processed 122824
[0m[HW]     RU: packets dropped 51178
[0m[93m[HW]     Packets not processed by the application layer (application layer too slow): 10241
[0m[HW]     RU: packets received 208830
[0m[HW]     RU: packets processed 147399
[0m[HW]     RU: packets dropped 61419
[0m[93m[HW]     Packets not processed by the application layer (application layer too slow): 10240
[0m[HW]     RU: packets received 243645
[0m[HW]     RU: packets processed 171975
[0m[HW]     RU: packets dropped 71659
[0m[93m[HW]     Packets not processed by the application layer (application layer too slow): 10240
[0m[HW]     RU: packets received 278461
[0m[HW]     RU: packets processed 196551
[0m[HW]     RU: packets dropped 81899
[0m[93m[HW]     Packets not processed by the application layer (application layer too slow): 10240
[0m[HW]     RU: packets received 313277
[0m[HW]     RU: packets processed 221127
[0m[HW]     RU: packets dropped 92139
[0m[93m[HW]     Packets not processed by the application layer (application layer too slow): 10240
[0m[HW]     RU: packets received 348093
[0m[HW]     RU: packets processed 245703
[0m[HW]     RU: packets dropped 102379
[0m[93m[HW]     Packets not processed by the application layer (application layer too slow): 10240
[0m[HW]     RU: packets received 382909
[0m[HW]     RU: packets processed 270279
[0m[HW]     RU: packets dropped 112619
[0m[93m[HW]     Packets not processed by the application layer (application layer too slow): 10240
[0m[HW]     RU: packets received 417725
[0m[HW]     RU: packets processed 294855
[0m[HW]     RU: packets dropped 122859
[0m[93m[HW]     Packets not processed by the application layer (application layer too slow): 10240
[0m[HW]     RU: packets received 452541
[0m[HW]     RU: packets processed 319431
[0m[HW]     RU: packets dropped 133099
[0m[93m[HW]     Packets not processed by the application layer (application layer too slow): 10240
[0m[HW]     RU: packets received 487357
[0m[HW]     RU: packets processed 344007
[0m[HW]     RU: packets dropped 143339
[0m[93m[HW]     Packets not processed by the application layer (application layer too slow): 10240
[0m[HW]     RU: packets received 522173
[0m[HW]     RU: packets processed 368583
[0m[HW]     RU: packets dropped 153579
[0m[93m[HW]     Packets not processed by the application layer (application layer too slow): 10241
[0m[HW]     RU: packets received 556989
[0m[HW]     RU: packets processed 393158
[0m[HW]     RU: packets dropped 163820
[0m[93m[HW]     Packets not processed by the application layer (application layer too slow): 10240
[0m[HW]     RU: packets received 591805
[0m[HW]     RU: packets processed 417734
[0m[HW]     RU: packets dropped 174060
[0m[93m[HW]     Packets not processed by the application layer (application layer too slow): 10240
[0m[HW]     RU: packets received 626622
[0m[HW]     RU: packets processed 442310
[0m[HW]     RU: packets dropped 184300
[0m[93m[HW]     Packets not processed by the application layer (application layer too slow): 10240
[0m[HW]     RU: packets received 661437
[0m[HW]     RU: packets processed 466886
[0m[HW]     RU: packets dropped 194540
[0m[93m[HW]     Packets not processed by the application layer (application layer too slow): 10240
[0m[HW]     RU: packets received 696253
[0m[HW]     RU: packets processed 491462
[0m[HW]     RU: packets dropped 204780
[0m[93m[HW]     Packets not processed by the application layer (application layer too slow): 10240
[0m[HW]     RU: packets received 731069
[0m[HW]     RU: packets processed 516038
[0m[HW]     RU: packets dropped 215020
[0m[93m[HW]     Packets not processed by the application layer (application layer too slow): 10240
[0m[HW]     RU: packets received 765885
[0m[HW]     RU: packets processed 540614
[0m[HW]     RU: packets dropped 225260
[0m[93m[HW]     Packets not processed by the application layer (application layer too slow): 10240
[0m[HW]     RU: packets received 800701
[0m[HW]     RU: packets processed 565190
[0m[HW]     RU: packets dropped 235500
[0m[93m[HW]     Packets not processed by the application layer (application layer too slow): 10240
[0m[HW]     RU: packets received 835518
[0m[HW]     RU: packets processed 589766
[0m[HW]     RU: packets dropped 245740
[0m[93m[HW]     Packets not processed by the application layer (application layer too slow): 10240
[0m[HW]     RU: packets received 870333
[0m[HW]     RU: packets processed 614342
[0m[HW]     RU: packets dropped 255980
[0m[93m[HW]     Packets not processed by the application layer (application layer too slow): 10240
[0m[HW]     RU: packets received 905150
[0m[HW]     RU: packets processed 638918
[0m[HW]     RU: packets dropped 266220
[0m[93m[HW]     Packets not processed by the application layer (application layer too slow): 10243
[0m[HW]     RU: packets received 939966
[0m[HW]     RU: packets processed 663491
[0m[HW]     RU: packets dropped 276463
[0m[93m[HW]     Packets not processed by the application layer (application layer too slow): 10240
[0m[HW]     RU: packets received 974782
[0m[HW]     RU: packets processed 688067
[0m[HW]     RU: packets dropped 286703
[0m[93m[HW]     Packets not processed by the application layer (application layer too slow): 10240
[0m[HW]     RU: packets received 1009597
[0m[HW]     RU: packets processed 712643
[0m[HW]     RU: packets dropped 296943
[0m[93m[HW]     Packets not processed by the application layer (application layer too slow): 10240
[0m[HW]     RU: packets received 1044413
[0m[HW]     RU: packets processed 737219
[0m[HW]     RU: packets dropped 307183
[0m[93m[HW]     Packets not processed by the application layer (application layer too slow): 10240
[0m[HW]     RU: packets received 1079229
[0m[HW]     RU: packets processed 761795
[0m[HW]     RU: packets dropped 317423
[0m[93m[HW]     Packets not processed by the application layer (application layer too slow): 10240
[0m[HW]     RU: packets received 1114045
[0m[HW]     RU: packets processed 786371
[0m[HW]     RU: packets dropped 327663
[0m[93m[HW]     Packets not processed by the application layer (application layer too slow): 10240
[0m[HW]     RU: packets received 1148861
[0m[HW]     RU: packets processed 810947
[0m[HW]     RU: packets dropped 337903
[0m[93m[HW]     Packets not processed by the application layer (application layer too slow): 10240
[0m[HW]     RU: packets received 1183678
[0m[HW]     RU: packets processed 835523
[0m[HW]     RU: packets dropped 348143
[0m[93m[HW]     Packets not processed by the application layer (application layer too slow): 10240
[0m[HW]     RU: packets received 1218493
[0m[HW]     RU: packets processed 860099
[0m[HW]     RU: packets dropped 358383
[0m[93m[HW]     Packets not processed by the application layer (application layer too slow): 10240
[0m[HW]     RU: packets received 1253309
[0m[HW]     RU: packets processed 884675
[0m[HW]     RU: packets dropped 368623
[0m[93m[HW]     Packets not processed by the application layer (application layer too slow): 10240
[0m[HW]     RU: packets received 1288125
[0m[HW]     RU: packets processed 909251
[0m[HW]     RU: packets dropped 378863
[0m[93m[HW]     Packets not processed by the application layer (application layer too slow): 10240
[0m[HW]     RU: packets received 1322942
[0m[HW]     RU: packets processed 933827
[0m[HW]     RU: packets dropped 389103
[0m[93m[HW]     Packets not processed by the application layer (application layer too slow): 10240
[0m[HW]     RU: packets received 1357758
[0m[HW]     RU: packets processed 958403
[0m[HW]     RU: packets dropped 399343
[0m[93m[HW]     Packets not processed by the application layer (application layer too slow): 10240
[0m[HW]     RU: packets received 1392574
[0m[HW]     RU: packets processed 982979
[0m[HW]     RU: packets dropped 409583
[0m[93m[HW]     Packets not processed by the application layer (application layer too slow): 10240
[0m[HW]     RU: packets received 1427389
[0m[HW]     RU: packets processed 1007555
[0m[HW]     RU: packets dropped 419823
[0m[93m[HW]     Packets not processed by the application layer (application layer too slow): 10240
[0m[HW]     RU: packets received 1462205
[0m[HW]     RU: packets processed 1032131
[0m[HW]     RU: packets dropped 430063
[0m[93m[HW]     Packets not processed by the application layer (application layer too slow): 10240
[0m[HW]     RU: packets received 1497021
[0m[HW]     RU: packets processed 1056707
[0m[HW]     RU: packets dropped 440303
[0m[93m[HW]     Packets not processed by the application layer (application layer too slow): 10240
[0m[HW]     RU: packets received 1531837
[0m[HW]     RU: packets processed 1081283
[0m[HW]     RU: packets dropped 450543
[0m[93m[HW]     Packets not processed by the application layer (application layer too slow): 10240
[0m[HW]     RU: packets received 1566653
[0m[HW]     RU: packets processed 1105859
[0m[HW]     RU: packets dropped 460783
[0m[93m[HW]     Packets not processed by the application layer (application layer too slow): 10240
[0m[HW]     RU: packets received 1601469
[0m[HW]     RU: packets processed 1130435
[0m[HW]     RU: packets dropped 471023
[0m[93m[HW]     Packets not processed by the application layer (application layer too slow): 10240
[0m[HW]     RU: packets received 1636285
[0m[HW]     RU: packets processed 1155011
[0m[HW]     RU: packets dropped 481263
[0m[93m[HW]     Packets not processed by the application layer (application layer too slow): 10240
[0m[HW]     RU: packets received 1671102
[0m[HW]     RU: packets processed 1179587
[0m[HW]     RU: packets dropped 491503
[0m[93m[HW]     Packets not processed by the application layer (application layer too slow): 10240
[0m[HW]     RU: packets received 1705917
[0m[HW]     RU: packets processed 1204163
[0m[HW]     RU: packets dropped 501743
[0m[93m[HW]     Packets not processed by the application layer (application layer too slow): 10240
[0m[HW]     RU: packets received 1740734
[0m[HW]     RU: packets processed 1228739
[0m[HW]     RU: packets dropped 511983
[0m[93m[HW]     Packets not processed by the application layer (application layer too slow): 10240
[0m[HW]     RU: packets received 1775549
[0m[HW]     RU: packets processed 1253315
[0m[HW]     RU: packets dropped 522223
[0m[93m[HW]     Packets not processed by the application layer (application layer too slow): 10240
[0m[HW]     RU: packets received 1810365
[0m[HW]     RU: packets processed 1277891
[0m[HW]     RU: packets dropped 532463
[0m[93m[HW]     Packets not processed by the application layer (application layer too slow): 10240
[0m[HW]     RU: packets received 1845181
[0m[HW]     RU: packets processed 1302467
[0m[HW]     RU: packets dropped 542703
[0m[93m[HW]     Packets not processed by the application layer (application layer too slow): 10240
[0m[HW]     RU: packets received 1879997
[0m[HW]     RU: packets processed 1327043
[0m[HW]     RU: packets dropped 552943
[0m[93m[HW]     Packets not processed by the application layer (application layer too slow): 10240
[0m[HW]     RU: packets received 1914814
[0m[HW]     RU: packets processed 1351619
[0m[HW]     RU: packets dropped 563183
[0m[93m[HW]     Packets not processed by the application layer (application layer too slow): 10240
[0m[HW]     RU: packets received 1949630
[0m[HW]     RU: packets processed 1376195
[0m[HW]     RU: packets dropped 573423
[0m[93m[HW]     Packets not processed by the application layer (application layer too slow): 10240
[0m[HW]     RU: packets received 1984446
[0m[HW]     RU: packets processed 1400771
[0m[HW]     RU: packets dropped 583663
[0m[93m[HW]     Packets not processed by the application layer (application layer too slow): 10240
[0m[HW]     RU: packets received 2019262
[0m[HW]     RU: packets processed 1425347
[0m[HW]     RU: packets dropped 593903
[0m[93m[HW]     Packets not processed by the application layer (application layer too slow): 10240
[0m[HW]     RU: packets received 2054077
[0m[HW]     RU: packets processed 1449923
[0m[HW]     RU: packets dropped 604143
[0m[93m[HW]     Packets not processed by the application layer (application layer too slow): 10240
[0m[HW]     RU: packets received 2088894
[0m[HW]     RU: packets processed 1474499
[0m[HW]     RU: packets dropped 614383
[0m[93m[HW]     Packets not processed by the application layer (application layer too slow): 10240
[0m[HW]     RU: packets received 2123709
[0m[HW]     RU: packets processed 1499075
[0m[HW]     RU: packets dropped 624623
[0m[93m[HW]     Packets not processed by the application layer (application layer too slow): 10240
[0m[HW]     RU: packets received 2158526
[0m[HW]     RU: packets processed 1523651
[0m[HW]     RU: packets dropped 634863
[0m