Logging terminal output to /home/jesse/oran_lab/logs/run_ru/run_ru_20260523_190639_pid52969.log
RU cores: 10,11,12,13,14,15
ORU PRACH frame adjust: 0
AnonHugePages:         0 kB
ShmemHugePages:        0 kB
FileHugePages:      2048 kB
HugePages_Total:    8192
HugePages_Free:        0
HugePages_Rsvd:        0
HugePages_Surp:        0
Hugepagesize:       2048 kB
Hugetlb:        16777216 kB
Using uio_pci_generic; skipping VFIO IOMMU group viability check.
CMDLINE: "./nr-oru" "-O" "/home/jesse/oran_lab/ru_test.conf" "--vrtsim.role" "server" 
[93m[PHY]    ./nr-oru is experimental software and at this point is not an implementation of a 7.2 O-RAN RU
[0m[HW]     Version: Branch: oru-rebase-1-plus-compression Abrev. Hash: dae942c616 Date: Fri May 15 22:54:55 2026 +0000
[0m[HW]     Initializing O-RAN 7.2 FH interface through xran library (compiled against headers of oran_f_release_v1.8)
[0mEAL: Detected 32 lcore(s)
EAL: Detected 1 NUMA nodes
EAL: Auto-detected process type: PRIMARY
EAL: Detected shared linkage of DPDK
EAL: Multi-process socket /var/run/dpdk/ru/mp_socket
EAL: Selected IOVA mode 'PA'
EAL: No available hugepages reported in hugepages-1048576kB
EAL: Probing VFIO support...
EAL: VFIO support initialized
EAL: Probe PCI driver: net_i40e_vf (8086:154c) device: 0000:06:02.0 (socket 0)
[CONFIG] function config_libconfig_init returned 0
Reading in command-line options
configuring for RRU
About to Init RU threads
xran_fh_init:
  io_cfg:
    id 1 (O-RU)
    num_vfs 2
    num_rxq 1
    dpdk_dev [0000:06:02.0, 0000:06:02.1, (null), (null), (null), (null), (null), (null), (null), (null), (null), (null), (null), (null), (null), (null)]
    bbdev_dev (null)
    bbdev_mode -1
    dpdkIoVaMode 0
    dpdkMemorySize 8192
    core 11
    system_core 10
    pkt_proc_core 0000000000003000
    pkt_proc_core_64_127 0000000000000000
    pkt_aux_core 0
    timing_core 11
    port (filled within xran library)
    io_sleep 0
    nEthLinePerPort 1
    nEthLineSpeed 10
    one_vf_cu_plane 0
    eowd_cmn[1]:
      initiator_en 0
      numberOfSamples 0
      filterType 0
      responseTo 0
      measVf 0
      measState 0
      measId 0
      measMethod 0
      owdm_enable 0
      owdm_PlLength 0
eowd_port (filled within xran library)
    bbu_offload 0
  eAxCId_conf:
    mask_cuPortId 0xf000
    mask_bandSectorId 0x0f00
    mask_ccId 0x00f0
    mask_ruPortId 0x000f
    bit_cuPortId 0
    bit_bandSectorId 0
    bit_ccId 0
    bit_ruPortId 0
  xran_ports 1
  dpdkBasebandFecMode 0
  dpdkBasebandDevice (null)
  filePrefix ru
  mtu 9600
  p_o_du_addr 
  p_o_du_addr [00:11:22:33:64:68, 00:11:22:33:64:69]
  totalBfWeights 0
  mlogxranenable 0
  dlCpProcBurst 0
'DPDK 20.11.9'
 xran_init: MTU 9600
PF Eth line speed 10G
PF Eth lines per O-xU port 1
RX HW queues per O-xU Eth line 1 
node 0
total cores 32 c_mask 0x00000000000003c00 core 11 [id] system_core 10 [id] pkt_proc_core 0x00000000000003000 [mask] pkt_aux_core 0 [id] timing_core 11 [id]
xran_ethdi_init_dpdk_io: Calling rte_eal_init:ru -c 0x00000000000003c00 -n2 --iova-mode=pa --socket-mem=8192,0 --socket-limit=8192,0 --proc-type=auto --no-telemetry --file-prefix ru -a0000:00:00.0    
xran_init_mbuf_pool: socket 0
initializing port 0 for TX, drv=net_i40e_vf
Port 0 MAC: 00 11 22 33 64 66
Port 0: nb_rxd 4096 nb_txd 4096
[0] mp_rx__p_0_q_0 num blocks 65535
[0] mempool_small__0

Checking link status portid [0]  EAL: Probe PCI driver: net_i40e_vf (8086:154c) device: 0000:06:02.1 (socket 0)
 ... done
Port 0 Link Up - speed 4294967295 Mbps - full-duplex
initializing port 1 for TX, drv=net_i40e_vf
Port 1 MAC: 00 11 22 33 64 67
Port 1: nb_rxd 4096 nb_txd 4096
[1] mp_rx__p_1_q_0 num blocks 65535
[1] mempool_small__1
Created ring tx_ring_cp_1 on core 11
Created ring rx_ring_cp_1_0 on core 11

Checking link status portid [1]  [93m[HW]     XRAN modifed affinity. Correcting affinity of caller
[0m ... done
Port 1 Link Up - speed 4294967295 Mbps - full-duplex
[ 0] vf  0 local  SRC MAC: 00 11 22 33 64 66
[ 0] vf  0 remote DST MAC: 00 11 22 33 64 68
[ 0] vf  1 local  SRC MAC: 00 11 22 33 64 67
[ 0] vf  1 remote DST MAC: 00 11 22 33 64 69
created dl_gen_ring_up_0 on core 11
xran_fh_config:
  dpdk_port 0
  sector_id 0
  nCC 1
  neAxc 1
  neAxcUl 0
  nAntElmTRx 0
  nDLFftSize 9
  nULFftSize 9
  nDLRBs 24
  nULRBs 24
  nDLAbsFrePointA 0
  nULAbsFrePointA 0
  nDLCenterFreqARFCN 0
  nULCenterFreqARFCN 0
  ttiCb (nil)
  ttiCbParam (nil)
  Tadv_cp_dl 0
  T2a_min_cp_dl 0
  T2a_max_cp_dl 0
  T2a_min_cp_ul 0
  T2a_max_cp_ul 0
  T2a_min_up 200
  T2a_max_up 1200
  Ta3_min 200
  Ta3_max 470
  T1a_min_cp_dl 0
  T1a_max_cp_dl 0
  T1a_min_cp_ul 0
  T1a_max_cp_ul 0
  T1a_min_up 0
  T1a_max_up 0
  Ta4_min 0
  Ta4_max 0
  enableCP 1
  prachEnable 1
  srsEnable 0
  puschMaskEnable 0
  puschMaskSlot 0
  cp_vlan_tag 0
  up_vlan_tag 0
  debugStop 0
  debugStopCount 0
  DynamicSectionEna 0
  GPS_Alpha 0
  GPS_Beta -9000
  srsEnableCp 0
  SrsDelaySym 0
  prach_config:
    nPrachConfIdx 159
    nPrachSubcSpacing 1
    nPrachZeroCorrConf 0
    nPrachRestrictSet 0
    nPrachRootSeqIdx 0
    nPrachFreqStart 0
    nPrachFreqOffset -288
    nPrachFilterIdx 0
    startSymId 0
    lastSymId 0
    startPrbc 0
    numPrbc 0
    timeOffset 0
    freqOffset 0
    eAxC_offset 1
    nPrachConfIdxLTE 0
  srs_config:
    symbMask 0000
    eAxC_offset 0
  frame_conf:
    nFrameDuplexType TDD
    nNumerology 1
    nTddPeriod 5
    sSlotConfig[0]: DDDDDDDDDDDDDD
    sSlotConfig[1]: DDDDDDDDDDDDDD
    sSlotConfig[2]: DDDDDDGGGGUUUU
    sSlotConfig[3]: UUUUUUUUUUUUUU
    sSlotConfig[4]: UUUUUUUUUUUUUU
  ru_config:
    xranTech NR
    xranCat A
    xranCompHdrType dynamic
    iqWidth 16
    compMeth 0
    iqWidth_PRACH 16
    compMeth_PRACH 0
    fftSize 10
    byteOrder network/BE
    iqOrder I_Q
    xran_max_frame 0
  bbdev_enc (nil)
  bbdev_dec (nil)
  tx_cp_eAxC2Vf 0x7ffdde2af890
  tx_up_eAxC2Vf 0x7ffdde2b0490
  rx_cp_eAxC2Vf 0x7ffdde2b1090
  rx_up_eAxC2Vf 0x7ffdde2b1c90
  log_level 1
  max_sections_per_slot 0
  max_sections_per_symbol 0
  RunSlotPrbMapBySymbolEnable 0
  LiteOnIgnoreUPSectionIdEnable 0
  dssEnable 0
  dssPeriod 0
  technology[XRAN_MAX_DSS_PERIODICITY] (not filled as DSS disabled)
 xran_open: 5G NR Category A
xRAN open PRACH config: Numerology 1 ConfIdx 159, preambleFmrt 10 startsymb 0, numSymbol 12, occassionsInPrachSlot 1
PRACH: x 1 y[0] 0, y[1] 0 prach slot: 9 ..
PRACH start symbol 0 lastsymbol 11
xran_init_vfs_mapping: p 0 vf 0
xran_init_vfs_mapping: p 0 vf 1
xran_open: interval_us=500, interval_us_local=500
bbu_offload 0
XRAN_UP_VF: 0x0000
xran_timing_source_thread [CPU 11] [PID:  52983]
TTI interval 500 [us]
Start UL U-plane 200 us after OTA [offset in sym 6]
Receive DL U-plane 1200 us after OTA [offset in sym 34]
O-XU      1
HW        0
Num cores 3
Num ports 1
O-RU Cat  0
O-RU CC   1
O-RU eAxC 1
p:0 XRAN_JOB_TYPE_CP_DL worker id 1
p:0 XRAN_JOB_TYPE_CP_UL worker id 1
p:0 XRAN_JOB_TYPE_CP_DL worker id 0
p:0 XRAN_JOB_TYPE_CP_UL worker id 0
xran_generic_worker_thread [CPU 12] [PID:  52983]
spawn worker 0 core 12
xran_generic_worker_thread [CPU 13] [PID:  52983]
spawn worker 1 core 13
xran_open [CPU 10] [PID:  52983]
Waiting on Timing thread...
Initialize ORAN port instance 0 (1) sector 0
xran_sector_get_instances() o_xu_id 0 xran_handle 0x72cf90f95040
xran_sector_get_instances [0]: CC 0 handle 0x57df360d1940
Handle: 0x72cfc220fb68 Instance: 0x57df360d1940
-> hInstance 0x57df360d1940
ru_0_cc_0_idx_0: [ handle 0x57df360d1940 0 0 ] [nPoolIndex 0] nNumberOfBuffers 511 nBufferSize 14116 socket_id 0
CC:[ handle 0x57df360d1940 ru 0 cc_idx 0 ] [nPoolIndex 0] mb pool 0x284763240 
xran_bm_init() hInstance 0x57df360d1940 poolIdx 0 elements 511 size 14116
xran_bm_allocate_buffer() hInstance 0x57df360d1940 poolIdx 0 count 280
ru_0_cc_0_idx_1: [ handle 0x57df360d1940 0 0 ] [nPoolIndex 1] nNumberOfBuffers 511 nBufferSize 4976 socket_id 0
CC:[ handle 0x57df360d1940 ru 0 cc_idx 0 ] [nPoolIndex 1] mb pool 0x284765dc0 
xran_bm_init() hInstance 0x57df360d1940 [HW]     [PRB MAP INIT] ant=0, slot=0: After xran_init, dir=1, nPrbElm=1
[0m[HW]     [PRB MAP INIT]   prbMap[0]: compMethod=0, iqWidth=16, nRBStart=0, nRBSize=24
[0m[HW]     [PRB MAP INIT] ant=0, slot=1: After xran_init, dir=1, nPrbElm=1
[0m[HW]     [PRB MAP INIT]   prbMap[0]: compMethod=0, iqWidth=16, nRBStart=0, nRBSize=24
[0m[HW]     [PRB MAP INIT] ant=0, slot=0: After xran_init, dir=0, nPrbElm=1
[0m[HW]     [PRB MAP INIT]   prbMap[0]: compMethod=0, iqWidth=16, nRBStart=0, nRBSize=24
[0m[HW]     [PRB MAP INIT] ant=0, slot=1: After xran_init, dir=0, nPrbElm=1
[0m[HW]     [PRB MAP INIT]   prbMap[0]: compMethod=0, iqWidth=16, nRBStart=0, nRBSize=24
[0m[HW]     Enqueued 1023 elements to uplane_data_ring
[0m[HW]     Installing 2 callbacks 5 symbols before OTA
[0m[HW]     [RAU] has loaded ETHERNET trasport protocol.
[0m[HW]     VRTSIM: TX sample advance 4096 samples
[0m[HW]     Running as server: waiting for client to connect
[0m[HW]     VRTSIM: UE 0 - 1x1 antennas, Model 0 (TDL-A), DS 10.0ns, Speed 1.5m/s
[0m[HW]     VRTSIM: UE 0 - TX: 1 antennas (offset 0), RX: 1 antennas (offset 0)
[0m[HW]     VRTSIM: Total streams - UL: 1, DL: 1
[0m[HW]     first_call set from phy cb
[0m[93m[HW]     PUSCH was not yet configured by the O-DU frame 0, slot 12, symbol 10, aarx 0
[0m[HW]     ORU PRACH frame adjust 0 frame(s)
[0m[93m[HW]     PRACH was not configured for frame.slot 0.19 adjusted 0.19 frame8 0: no C-plane config cached
[0m[93m[HW]     PUSCH was not yet configured by the O-DU frame 8, slot 8, symbol 4, aarx 0
[0m[93m[HW]     PUSCH was not yet configured by the O-DU frame 16, slot 3, symbol 12, aarx 0
[0m[93m[HW]     PUSCH was not yet configured by the O-DU frame 23, slot 19, symbol 6, aarx 0
[0m[93m[HW]     PUSCH was not yet configured by the O-DU frame 31, slot 17, symbol 10, aarx 0
[0m[93m[HW]     PUSCH was not yet configured by the O-DU frame 39, slot 13, symbol 4, aarx 0
[0m[93m[HW]     PUSCH was not yet configured by the O-DU frame 47, slot 8, symbol 12, aarx 0
[0m[93m[HW]     PUSCH was not yet configured by the O-DU frame 55, slot 4, symbol 6, aarx 0
[0m[93m[HW]     PUSCH was not yet configured by the O-DU frame 63, slot 2, symbol 10, aarx 0
[0m[93m[HW]     PUSCH was not yet configured by the O-DU frame 70, slot 18, symbol 4, aarx 0
[0m[93m[HW]     PUSCH was not yet configured by the O-DU frame 78, slot 13, symbol 12, aarx 0
[0m[93m[HW]     PRACH was not configured for frame.slot 83.19 adjusted 83.19 frame8 83: no C-plane config cached
[0m[93m[HW]     PUSCH was not yet configured by the O-DU frame 86, slot 9, symbol 6, aarx 0
[0m[93m[HW]     PUSCH was not yet configured by the O-DU frame 94, slot 7, symbol 10, aarx 0
[0m[93m[HW]     PUSCH was not yet configured by the O-DU frame 102, slot 3, symbol 4, aarx 0
[0m[93m[HW]     PUSCH was not yet configured by the O-DU frame 109, slot 18, symbol 12, aarx 0
[0m[93m[HW]     PUSCH was not yet configured by the O-DU frame 117, slot 14, symbol 6, aarx 0
[0m[93m[HW]     PUSCH was not yet configured by the O-DU frame 125, slot 12, symbol 10, aarx 0
[0m[93m[HW]     PUSCH was not yet configured by the O-DU frame 133, slot 8, symbol 4, aarx 0
[0m[93m[HW]     [ORU] Drop invalid U-plane packet: port=0 frame=17 subframe=3 slot=38 slot_in_frame=44 symbol=37 ant=0 start_prb=0 num_prb=0 nDLRBs=24 neAxc=1
[0m[93m[HW]     PUSCH was not yet configured by the O-DU frame 141, slot 3, symbol 12, aarx 0
[0m[93m[HW]     PUSCH was not yet configured by the O-DU frame 148, slot 19, symbol 6, aarx 0
[0m[93m[HW]     PUSCH was not yet configured by the O-DU frame 156, slot 17, symbol 10, aarx 0
[0m[93m[HW]     PUSCH was not yet configured by the O-DU frame 164, slot 13, symbol 4, aarx 0
[0m[93m[HW]     PRACH was not configured for frame.slot 166.19 adjusted 166.19 frame8 166: no C-plane config cached
[0m[93m[HW]     PUSCH was not yet configured by the O-DU frame 172, slot 8, symbol 12, aarx 0
[0m[93m[HW]     PUSCH was not yet configured by the O-DU frame 180, slot 4, symbol 6, aarx 0
[0m[93m[HW]     PUSCH was not yet configured by the O-DU frame 188, slot 2, symbol 10, aarx 0
[0m[93m[HW]     PUSCH was not yet configured by the O-DU frame 195, slot 18, symbol 4, aarx 0
[0m[93m[HW]     PUSCH was not yet configured by the O-DU frame 203, slot 13, symbol 12, aarx 0
[0m[93m[HW]     PUSCH was not yet configured by the O-DU frame 211, slot 9, symbol 6, aarx 0
[0m[93m[HW]     PUSCH was not yet configured by the O-DU frame 219, slot 7, symbol 10, aarx 0
[0m[93m[HW]     PUSCH was not yet configured by the O-DU frame 227, slot 3, symbol 4, aarx 0
[0m[93m[HW]     PUSCH was not yet configured by the O-DU frame 234, slot 18, symbol 12, aarx 0
[0m[93m[HW]     PUSCH was not yet configured by the O-DU frame 242, slot 14, symbol 6, aarx 0
[0m[93m[HW]     PUSCH was not yet configured by the O-DU frame 250, slot 12, symbol 10, aarx 0
[0m[93m[HW]     PRACH was not configured for frame.slot 250.19 adjusted 250.19 frame8 250: no C-plane config cached
[0m[93m[HW]     Packets early: 1
[0m[93m[HW]     Packets malformed (packet couldn't be processed): 1
[0m[HW]     RU: packets received 0
[0m[HW]     RU: packets processed 0
[0m[HW]     RU: packets dropped 1
[0m[93m[HW]     PUSCH was not yet configured by the O-DU frame 258, slot 8, symbol 4, aarx 0
[0m[93m[HW]     PUSCH was not yet configured by the O-DU frame 266, slot 3, symbol 12, aarx 0
[0m[93m[HW]     PUSCH was not yet configured by the O-DU frame 273, slot 19, symbol 6, aarx 0
[0m[93m[HW]     PUSCH was not yet configured by the O-DU frame 281, slot 17, symbol 10, aarx 0
[0m[93m[HW]     PUSCH was not yet configured by the O-DU frame 289, slot 13, symbol 4, aarx 0
[0m[93m[HW]     PUSCH was not yet configured by the O-DU frame 297, slot 8, symbol 12, aarx 0
[0m[93m[HW]     PUSCH was not yet configured by the O-DU frame 305, slot 4, symbol 6, aarx 0
[0m[93m[HW]     PUSCH was not yet configured by the O-DU frame 313, slot 2, symbol 10, aarx 0
[0m[93m[HW]     PUSCH was not yet configured by the O-DU frame 320, slot 18, symbol 4, aarx 0
[0m[93m[HW]     PUSCH was not yet configured by the O-DU frame 328, slot 13, symbol 12, aarx 0
[0m[93m[HW]     PRACH was not configured for frame.slot 333.19 adjusted 333.19 frame8 77: no C-plane config cached
[0m[93m[HW]     PUSCH was not yet configured by the O-DU frame 336, slot 9, symbol 6, aarx 0
[0m[93m[HW]     PUSCH was not yet configured by the O-DU frame 344, slot 7, symbol 10, aarx 0
[0m[93m[HW]     PUSCH was not yet configured by the O-DU frame 352, slot 3, symbol 4, aarx 0
[0m[93m[HW]     PUSCH was not yet configured by the O-DU frame 359, slot 18, symbol 12, aarx 0
[0m[93m[HW]     PUSCH was not yet configured by the O-DU frame 367, slot 14, symbol 6, aarx 0
[0m[93m[HW]     PUSCH was not yet configured by the O-DU frame 375, slot 12, symbol 10, aarx 0
[0m[93m[HW]     PUSCH was not yet configured by the O-DU frame 383, slot 8, symbol 4, aarx 0
[0m[93m[HW]     PUSCH was not yet configured by the O-DU frame 391, slot 3, symbol 12, aarx 0
[0m[93m[HW]     PUSCH was not yet configured by the O-DU frame 398, slot 19, symbol 6, aarx 0
[0m[93m[HW]     PUSCH was not yet configured by the O-DU frame 406, slot 17, symbol 10, aarx 0
[0m[93m[HW]     PUSCH was not yet configured by the O-DU frame 414, slot 13, symbol 4, aarx 0
[0m[93m[HW]     PRACH was not configured for frame.slot 416.19 adjusted 416.19 frame8 160: no C-plane config cached
[0m[93m[HW]     PUSCH was not yet configured by the O-DU frame 422, slot 8, symbol 12, aarx 0
[0m[93m[HW]     PUSCH was not yet configured by the O-DU frame 430, slot 4, symbol 6, aarx 0
[0m[93m[HW]     PUSCH was not yet configured by the O-DU frame 438, slot 2, symbol 10, aarx 0
[0m[93m[HW]     PUSCH was not yet configured by the O-DU frame 445, slot 18, symbol 4, aarx 0
[0m[93m[HW]     PUSCH was not yet configured by the O-DU frame 453, slot 13, symbol 12, aarx 0
[0m[93m[HW]     PUSCH was not yet configured by the O-DU frame 461, slot 9, symbol 6, aarx 0
[0m[93m[HW]     PUSCH was not yet configured by the O-DU frame 469, slot 7, symbol 10, aarx 0
[0m[93m[HW]     PUSCH was not yet configured by the O-DU frame 477, slot 3, symbol 4, aarx 0
[0m[93m[HW]     PUSCH was not yet configured by the O-DU frame 484, slot 18, symbol 12, aarx 0
[0m[93m[HW]     PUSCH was not yet configured by the O-DU frame 492, slot 14, symbol 6, aarx 0
[0m[93m[HW]     PUSCH was not yet configured by the O-DU frame 500, slot 12, symbol 10, aarx 0
[0m[93m[HW]     PRACH was not configured for frame.slot 500.19 adjusted 500.19 frame8 244: no C-plane config cached
[0m[93m[HW]     PUSCH was not yet configured by the O-DU frame 508, slot 8, symbol 4, aarx 0
[0m[HW]     RU: packets received 0
[0m[HW]     RU: packets processed 0
[0m[HW]     RU: packets dropped 1
[0m[93m[HW]     PUSCH was not yet configured by the O-DU frame 516, slot 3, symbol 12, aarx 0
[0m[93m[HW]     PUSCH was not yet configured by the O-DU frame 523, slot 19, symbol 6, aarx 0
[0m[93m[HW]     PUSCH was not yet configured by the O-DU frame 531, slot 17, symbol 10, aarx 0
[0m[93m[HW]     PUSCH was not yet configured by the O-DU frame 539, slot 13, symbol 4, aarx 0
[0m[93m[HW]     PUSCH was not yet configured by the O-DU frame 547, slot 8, symbol 12, aarx 0
[0m[93m[HW]     PUSCH was not yet configured by the O-DU frame 555, slot 4, symbol 6, aarx 0
[0m[93m[HW]     PUSCH was not yet configured by the O-DU frame 563, slot 2, symbol 10, aarx 0
[0m[93m[HW]     PUSCH was not yet configured by the O-DU frame 570, slot 18, symbol 4, aarx 0
[0m[93m[HW]     PUSCH was not yet configured by the O-DU frame 578, slot 13, symbol 12, aarx 0
[0m[93m[HW]     PRACH was not configured for frame.slot 583.19 adjusted 583.19 frame8 71: no C-plane config cached
[0m[93m[HW]     PUSCH was not yet configured by the O-DU frame 586, slot 9, symbol 6, aarx 0
[0m[93m[HW]     PUSCH was not yet configured by the O-DU frame 594, slot 7, symbol 10, aarx 0
[0m[93m[HW]     PUSCH was not yet configured by the O-DU frame 602, slot 3, symbol 4, aarx 0
[0m[93m[HW]     PUSCH was not yet configured by the O-DU frame 609, slot 18, symbol 12, aarx 0
[0m[93m[HW]     PUSCH was not yet configured by the O-DU frame 617, slot 14, symbol 6, aarx 0
[0m[93m[HW]     PUSCH was not yet configured by the O-DU frame 625, slot 12, symbol 10, aarx 0
[0m[93m[HW]     PUSCH was not yet configured by the O-DU frame 633, slot 8, symbol 4, aarx 0
[0m[93m[HW]     PUSCH was not yet configured by the O-DU frame 641, slot 3, symbol 12, aarx 0
[0m[93m[HW]     PUSCH was not yet configured by the O-DU frame 648, slot 19, symbol 6, aarx 0
[0m[93m[HW]     PUSCH was not yet configured by the O-DU frame 656, slot 17, symbol 10, aarx 0
[0m[93m[HW]     PUSCH was not yet configured by the O-DU frame 664, slot 13, symbol 4, aarx 0
[0m[93m[HW]     PRACH was not configured for frame.slot 666.19 adjusted 666.19 frame8 154: no C-plane config cached
[0m[93m[HW]     PUSCH was not yet configured by the O-DU frame 672, slot 8, symbol 12, aarx 0
[0m[93m[HW]     PUSCH was not yet configured by the O-DU frame 680, slot 4, symbol 6, aarx 0
[0m[93m[HW]     PUSCH was not yet configured by the O-DU frame 688, slot 2, symbol 10, aarx 0
[0m[93m[HW]     PUSCH was not yet configured by the O-DU frame 695, slot 18, symbol 4, aarx 0
[0m[93m[HW]     PUSCH was not yet configured by the O-DU frame 703, slot 13, symbol 12, aarx 0
[0m[93m[HW]     PUSCH was not yet configured by the O-DU frame 711, slot 9, symbol 6, aarx 0
[0m[93m[HW]     PUSCH was not yet configured by the O-DU frame 719, slot 7, symbol 10, aarx 0
[0m[93m[HW]     PUSCH was not yet configured by the O-DU frame 727, slot 3, symbol 4, aarx 0
[0m[93m[HW]     PUSCH was not yet configured by the O-DU frame 734, slot 18, symbol 12, aarx 0
[0m[93m[HW]     PUSCH was not yet configured by the O-DU frame 742, slot 14, symbol 6, aarx 0
[0m[93m[HW]     PUSCH was not yet configured by the O-DU frame 750, slot 12, symbol 10, aarx 0
[0m[93m[HW]     PRACH was not configured for frame.slot 750.19 adjusted 750.19 frame8 238: no C-plane config cached
[0m[93m[HW]     PUSCH was not yet configured by the O-DU frame 758, slot 8, symbol 4, aarx 0
[0m[93m[HW]     PUSCH was not yet configured by the O-DU frame 766, slot 3, symbol 12, aarx 0
[0m[HW]     RU: packets received 0
[0m[HW]     RU: packets processed 0
[0m[HW]     RU: packets dropped 1
[0m[93m[HW]     PUSCH was not yet configured by the O-DU frame 773, slot 19, symbol 6, aarx 0
[0m[93m[HW]     PUSCH was not yet configured by the O-DU frame 781, slot 17, symbol 10, aarx 0
[0m[93m[HW]     PUSCH was not yet configured by the O-DU frame 789, slot 13, symbol 4, aarx 0
[0m[93m[HW]     PUSCH was not yet configured by the O-DU frame 797, slot 8, symbol 12, aarx 0
[0m[93m[HW]     PUSCH was not yet configured by the O-DU frame 805, slot 4, symbol 6, aarx 0
[0m[93m[HW]     PUSCH was not yet configured by the O-DU frame 813, slot 2, symbol 10, aarx 0
[0m[93m[HW]     PUSCH was not yet configured by the O-DU frame 820, slot 18, symbol 4, aarx 0
[0m[93m[HW]     PUSCH was not yet configured by the O-DU frame 828, slot 13, symbol 12, aarx 0
[0m[93m[HW]     PRACH was not configured for frame.slot 833.19 adjusted 833.19 frame8 65: no C-plane config cached
[0m[93m[HW]     PUSCH was not yet configured by the O-DU frame 836, slot 9, symbol 6, aarx 0
[0m[93m[HW]     PUSCH was not yet configured by the O-DU frame 844, slot 7, symbol 10, aarx 0
[0m[93m[HW]     PUSCH was not yet configured by the O-DU frame 852, slot 3, symbol 4, aarx 0
[0m[93m[HW]     PUSCH was not yet configured by the O-DU frame 859, slot 18, symbol 12, aarx 0
[0m[93m[HW]     PUSCH was not yet configured by the O-DU frame 867, slot 14, symbol 6, aarx 0
[0m[93m[HW]     PUSCH was not yet configured by the O-DU frame 875, slot 12, symbol 10, aarx 0
[0m[93m[HW]     PUSCH was not yet configured by the O-DU frame 883, slot 8, symbol 4, aarx 0
[0m[93m[HW]     PUSCH was not yet configured by the O-DU frame 891, slot 3, symbol 12, aarx 0
[0m[93m[HW]     PUSCH was not yet configured by the O-DU frame 898, slot 19, symbol 6, aarx 0
[0m