Logging terminal output to /home/jesse/oran_lab/logs/run_ru/run_ru_20260522_171542_pid31524.log
RU cores: 10,11,12,13,14
ORU PRACH frame adjust: 0
AnonHugePages:         0 kB
ShmemHugePages:        0 kB
FileHugePages:      2048 kB
HugePages_Total:    8192
HugePages_Free:     4096
HugePages_Rsvd:        0
HugePages_Surp:        0
Hugepagesize:       2048 kB
Hugetlb:        16777216 kB
Using uio_pci_generic; skipping VFIO IOMMU group viability check.
CMDLINE: "./nr-oru" "-O" "/home/jesse/oran_lab/ru_test.conf" "--vrtsim.role" "server" 
[93m[PHY]    ./nr-oru is experimental software and at this point is not an implementation of a 7.2 O-RAN RU
[0m[HW]     Version: Branch: oru-rebase-1-plus-compression Abrev. Hash: dae942c616 Date: Fri May 15 22:54:55 2026 +0000
[0m[HW]     Initializing O-RAN 7.2 FH interface through xran library (compiled against headers of oran_f_release_v1.8)
[0mEAL: Detected 32 lcore(s)
EAL: Detected 1 NUMA nodes
EAL: Auto-detected process type: PRIMARY
EAL: Detected shared linkage of DPDK
EAL: Multi-process socket /var/run/dpdk/ru/mp_socket
EAL: Selected IOVA mode 'PA'
EAL: No available hugepages reported in hugepages-1048576kB
EAL: Probing VFIO support...
EAL: VFIO support initialized
EAL: Cannot find device (0000:06:02.0)
EAL: Failed to attach device on primary process
nr-oru: Network port doesn't exist

[CONFIG] function config_libconfig_init returned 0
Reading in command-line options
configuring for RRU
About to Init RU threads
xran_fh_init:
  io_cfg:
    id 1 (O-RU)
    num_vfs 2
    num_rxq 1
    dpdk_dev [0000:06:02.0, 0000:06:02.1, (null), (null), (null), (null), (null), (null), (null), (null), (null), (null), (null), (null), (null), (null)]
    bbdev_dev (null)
    bbdev_mode -1
    dpdkIoVaMode 0
    dpdkMemorySize 8192
    core 11
    system_core 10
    pkt_proc_core 0000000000001000
    pkt_proc_core_64_127 0000000000000000
    pkt_aux_core 0
    timing_core 11
    port (filled within xran library)
    io_sleep 0
    nEthLinePerPort 1
    nEthLineSpeed 10
    one_vf_cu_plane 0
    eowd_cmn[1]:
      initiator_en 0
      numberOfSamples 0
      filterType 0
      responseTo 0
      measVf 0
      measState 0
      measId 0
      measMethod 0
      owdm_enable 0
      owdm_PlLength 0
eowd_port (filled within xran library)
    bbu_offload 0
  eAxCId_conf:
    mask_cuPortId 0xf000
    mask_bandSectorId 0x0f00
    mask_ccId 0x00f0
    mask_ruPortId 0x000f
    bit_cuPortId 0
    bit_bandSectorId 0
    bit_ccId 0
    bit_ruPortId 0
  xran_ports 1
  dpdkBasebandFecMode 0
  dpdkBasebandDevice (null)
  filePrefix ru
  mtu 9600
  p_o_du_addr 
  p_o_du_addr [00:11:22:33:64:68, 00:11:22:33:64:69]
  totalBfWeights 0
  mlogxranenable 0
  dlCpProcBurst 0
'DPDK 20.11.9'
 xran_init: MTU 9600
PF Eth line speed 10G
PF Eth lines per O-xU port 1
RX HW queues per O-xU Eth line 1 
node 0
total cores 32 c_mask 0x00000000000001c00 core 11 [id] system_core 10 [id] pkt_proc_core 0x00000000000001000 [mask] pkt_aux_core 0 [id] timing_core 11 [id]
xran_ethdi_init_dpdk_io: Calling rte_eal_init:ru -c 0x00000000000001c00 -n2 --iova-mode=pa --socket-mem=8192,0 --socket-limit=8192,0 --proc-type=auto --no-telemetry --file-prefix ru -a0000:00:00.0    
xran_init_mbuf_pool: socket 0
