Logging terminal output to /home/jesse/oran_lab/logs/run_ru/run_ru_20260521_164236_pid514060.log
RU cores: 10,11,12,13,14
AnonHugePages:         0 kB
ShmemHugePages:        0 kB
FileHugePages:     77824 kB
HugePages_Total:    8192
HugePages_Free:        0
HugePages_Rsvd:        0
HugePages_Surp:        0
Hugepagesize:       2048 kB
Hugetlb:        16777216 kB
Using uio_pci_generic; skipping VFIO IOMMU group viability check.
CMDLINE: "./nr-oru" "-O" "/home/jesse/oran_lab/ru_test.conf" "--vrtsim.role" "server" 
[93m[PHY]    ./nr-oru is experimental software and at this point is not an implementation of a 7.2 O-RAN RU
[0m[HW]     Version: Branch: oru-rebase-1-plus-compression Abrev. Hash: dae942c616 Date: Fri May 15 22:54:55 2026 +0000
[0m[HW]     Initializing O-RAN 7.2 FH interface through xran library (compiled against headers of oran_f_release_v1.8)
[0mEAL: Detected 32 lcore(s)
EAL: Detected 1 NUMA nodes
EAL: Auto-detected process type: PRIMARY
EAL: Detected shared linkage of DPDK
EAL: Multi-process socket /var/run/dpdk/ru/mp_socket
EAL: Selected IOVA mode 'PA'
EAL: No available hugepages reported in hugepages-1048576kB
EAL: Probing VFIO support...
EAL: VFIO support initialized
EAL: Probe PCI driver: net_i40e_vf (8086:154c) device: 0000:06:02.0 (socket 0)
[CONFIG] function config_libconfig_init returned 0
Reading in command-line options
configuring for RRU
About to Init RU threads
xran_fh_init:
  io_cfg:
    id 1 (O-RU)
    num_vfs 2
    num_rxq 1
    dpdk_dev [0000:06:02.0, 0000:06:02.1, (null), (null), (null), (null), (null), (null), (null), (null), (null), (null), (null), (null), (null), (null)]
    bbdev_dev (null)
    bbdev_mode -1
    dpdkIoVaMode 0
    dpdkMemorySize 8192
    core 11
    system_core 10
    pkt_proc_core 0000000000001000
    pkt_proc_core_64_127 0000000000000000
    pkt_aux_core 0
    timing_core 11
    port (filled within xran library)
    io_sleep 0
    nEthLinePerPort 1
    nEthLineSpeed 10
    one_vf_cu_plane 0
    eowd_cmn[1]:
      initiator_en 0
      numberOfSamples 0
      filterType 0
      responseTo 0
      measVf 0
      measState 0
      measId 0
      measMethod 0
      owdm_enable 0
      owdm_PlLength 0
eowd_port (filled within xran library)
    bbu_offload 0
  eAxCId_conf:
    mask_cuPortId 0xf000
    mask_bandSectorId 0x0f00
    mask_ccId 0x00f0
    mask_ruPortId 0x000f
    bit_cuPortId 0
    bit_bandSectorId 0
    bit_ccId 0
    bit_ruPortId 0
  xran_ports 1
  dpdkBasebandFecMode 0
  dpdkBasebandDevice (null)
  filePrefix ru
  mtu 9600
  p_o_du_addr 
  p_o_du_addr [00:11:22:33:64:68, 00:11:22:33:64:69]
  totalBfWeights 0
  mlogxranenable 0
  dlCpProcBurst 0
'DPDK 20.11.9'
 xran_init: MTU 9600
PF Eth line speed 10G
PF Eth lines per O-xU port 1
RX HW queues per O-xU Eth line 1 
node 0
total cores 32 c_mask 0x00000000000001c00 core 11 [id] system_core 10 [id] pkt_proc_core 0x00000000000001000 [mask] pkt_aux_core 0 [id] timing_core 11 [id]
xran_ethdi_init_dpdk_io: Calling rte_eal_init:ru -c 0x00000000000001c00 -n2 --iova-mode=pa --socket-mem=8192,0 --socket-limit=8192,0 --proc-type=auto --no-telemetry --file-prefix ru -a0000:00:00.0    
xran_init_mbuf_pool: socket 0
initializing port 0 for TX, drv=net_i40e_vf
Port 0 MAC: 00 11 22 33 64 66
Port 0: nb_rxd 4096 nb_txd 4096
[0] mp_rx__p_0_q_0 num blocks 65535
[0] mempool_small__0

Checking link status portid [0]  EAL: Probe PCI driver: net_i40e_vf (8086:154c) device: 0000:06:02.1 (socket 0)
 ... done
Port 0 Link Up - speed 4294967295 Mbps - full-duplex
initializing port 1 for TX, drv=net_i40e_vf
Port 1 MAC: 00 11 22 33 64 67
Port 1: nb_rxd 4096 nb_txd 4096
[1] mp_rx__p_1_q_0 num blocks 65535
[1] mempool_small__1
Created ring tx_ring_cp_1 on core 11
Created ring rx_ring_cp_1_0 on core 11

Checking link status portid [1]  [93m[HW]     XRAN modifed affinity. Correcting affinity of caller
[0m[HW]     [PRB MAP INIT] ant=0, slot=0: After xran_init, dir=1, nPrbElm=1
[0m[HW]     [PRB MAP INIT]   prbMap[0]: compMethod=0, iqWidth=16, nRBStart=0, nRBSize=106
[0m[HW]     [PRB MAP INIT] ant=0, slot=1: After xran_init, dir=1, nPrbElm=1
[0m[HW]     [PRB MAP INIT]   prbMap[0]: compMethod=0, iqWidth=16, nRBStart=0, nRBSize=106
[0m ... done
Port 1 Link Up - speed 4294967295 Mbps - full-duplex
[ 0] vf  0 local  SRC MAC: 00 11 22 33 64 66
[ 0] vf  0 remote DST MAC: 00 11 22 33 64 68
[ 0] vf  1 local  SRC MAC: 00 11 22 33 64 67
[ 0] vf  1 remote DST MAC: 00 11 22 33 64 69
created dl_gen_ring_up_0 on core 11
xran_fh_config:
  dpdk_port 0
  sector_id 0
  nCC 1
  neAxc 1
  neAxcUl 0
  nAntElmTRx 0
  nDLFftSize 11
  nULFftSize 11
  nDLRBs 106
  nULRBs 106
  nDLAbsFrePointA 0
  nULAbsFrePointA 0
  nDLCenterFreqARFCN 0
  nULCenterFreqARFCN 0
  ttiCb (nil)
  ttiCbParam (nil)
  Tadv_cp_dl 0
  T2a_min_cp_dl 0
  T2a_max_cp_dl 0
  T2a_min_cp_ul 0
  T2a_max_cp_ul 0
  T2a_min_up 350
  T2a_max_up 1200
  Ta3_min 200
  Ta3_max 470
  T1a_min_cp_dl 0
  T1a_max_cp_dl 0
  T1a_min_cp_ul 0
  T1a_max_cp_ul 0
  T1a_min_up 0
  T1a_max_up 0
  Ta4_min 0
  Ta4_max 0
  enableCP 1
  prachEnable 1
  srsEnable 0
  puschMaskEnable 0
  puschMaskSlot 0
  cp_vlan_tag 0
  up_vlan_tag 0
  debugStop 0
  debugStopCount 0
  DynamicSectionEna 0
  GPS_Alpha 0
  GPS_Beta -9000
  srsEnableCp 0
  SrsDelaySym 0
  prach_config:
    nPrachConfIdx 159
    nPrachSubcSpacing 1
    nPrachZeroCorrConf 0
    nPrachRestrictSet 0
    nPrachRootSeqIdx 0
    nPrachFreqStart 0
    nPrachFreqOffset -1272
    nPrachFilterIdx 0
    startSymId 0
    lastSymId 0
    startPrbc 0
    numPrbc 0
    timeOffset 0
    freqOffset 0
    eAxC_offset 1
    nPrachConfIdxLTE 0
  srs_config:
    symbMask 0000
    eAxC_offset 0
  frame_conf:
    nFrameDuplexType TDD
    nNumerology 1
    nTddPeriod 5
    sSlotConfig[0]: DDDDDDDDDDDDDD
    sSlotConfig[1]: DDDDDDDDDDDDDD
    sSlotConfig[2]: DDDDDDDDDDDDDD
    sSlotConfig[3]: DDDDDDGGGGUUUU
    sSlotConfig[4]: UUUUUUUUUUUUUU
  ru_config:
    xranTech NR
    xranCat A
    xranCompHdrType dynamic
    iqWidth 16
    compMeth 0
    iqWidth_PRACH 16
    compMeth_PRACH 0
    fftSize 10
    byteOrder network/BE
    iqOrder I_Q
    xran_max_frame 0
  bbdev_enc (nil)
  bbdev_dec (nil)
  tx_cp_eAxC2Vf 0x7fffd4151b30
  tx_up_eAxC2Vf 0x7fffd4152730
  rx_cp_eAxC2Vf 0x7fffd4153330
  rx_up_eAxC2Vf 0x7fffd4153f30
  log_level 1
  max_sections_per_slot 0
  max_sections_per_symbol 0
  RunSlotPrbMapBySymbolEnable 0
  LiteOnIgnoreUPSectionIdEnable 0
  dssEnable 0
  dssPeriod 0
  technology[XRAN_MAX_DSS_PERIODICITY] (not filled as DSS disabled)
 xran_open: 5G NR Category A
xRAN open PRACH config: Numerology 1 ConfIdx 159, preambleFmrt 10 startsymb 0, numSymbol 12, occassionsInPrachSlot 1
PRACH: x 1 y[0] 0, y[1] 0 prach slot: 9 ..
PRACH start symbol 0 lastsymbol 11
xran_init_vfs_mapping: p 0 vf 0
xran_init_vfs_mapping: p 0 vf 1
xran_open: interval_us=500, interval_us_local=500
bbu_offload 0
XRAN_UP_VF: 0x0000
xran_timing_source_thread [CPU 11] [PID: 514074]
TTI interval 500 [us]
Start UL U-plane 200 us after OTA [offset in sym 6]
Receive DL U-plane 1200 us after OTA [offset in sym 34]
O-XU      1
HW        0
Num cores 2
Num ports 1
O-RU Cat  0
O-RU CC   1
O-RU eAxC 1
p:0 XRAN_JOB_TYPE_CP_DL worker id 1
p:0 XRAN_JOB_TYPE_CP_UL worker id 1
xran_generic_worker_thread [CPU 12] [PID: 514074]
spawn worker 0 core 12
xran_open [CPU 10] [PID: 514074]
Waiting on Timing thread...
Initialize ORAN port instance 0 (1) sector 0
xran_sector_get_instances() o_xu_id 0 xran_handle 0x710118f95040
xran_sector_get_instances [0]: CC 0 handle 0x5f57a57234c0
Handle: 0x7101411c1be8 Instance: 0x5f57a57234c0
-> hInstance 0x5f57a57234c0
ru_0_cc_0_idx_0: [ handle 0x5f57a57234c0 0 0 ] [nPoolIndex 0] nNumberOfBuffers 511 nBufferSize 14116 socket_id 0
CC:[ handle 0x5f57a57234c0 ru 0 cc_idx 0 ] [nPoolIndex 0] mb pool 0x284763240 
xran_bm_init() hInstance 0x5f57a57234c0 poolIdx 0 elements 511 size 14116
xran_bm_allocate_buffer() hInstance 0x5f57a57234c0 poolIdx 0 count 280
ru_0_cc_0_idx_1: [ handle 0x5f57a57234c0 0 0 ] [nPoolIndex 1] nNumberOfBuffers 511 nBufferSize 4976 socket_id 0
CC:[ handle 0x5f57a57234c0 ru 0 cc_idx 0 ] [nPoolIndex 1] mb pool 0x284765dc0 
xran_bm_init() hInstance 0x5f57a57234c0 poolIdx 1 elements 511 size 4976
xran_bm_allocate_buffer() hInstance 0x5f57a57234c0 poolIdx 1 count 20
ru_0_cc_0_idx_2: [ handle 0x5f57a5723[HW]     [PRB MAP INIT] ant=0, slot=0: After xran_init, dir=0, nPrbElm=1
[0m[HW]     [PRB MAP INIT]   prbMap[0]: compMethod=0, iqWidth=16, nRBStart=0, nRBSize=106
[0m[HW]     [PRB MAP INIT] ant=0, slot=1: After xran_init, dir=0, nPrbElm=1
[0m[HW]     [PRB MAP INIT]   prbMap[0]: compMethod=0, iqWidth=16, nRBStart=0, nRBSize=106
[0m[HW]     Enqueued 1023 elements to uplane_data_ring
[0m[HW]     Installing 2 callbacks 9 symbols before OTA
[0m[HW]     [RAU] has loaded ETHERNET trasport protocol.
[0m[HW]     VRTSIM: TX sample advance 4096 samples
[0m[HW]     Running as server: waiting for client to connect
[0m[HW]     VRTSIM: UE 0 - 1x1 antennas, Model 0 (TDL-A), DS 10.0ns, Speed 1.5m/s
[0m[HW]     VRTSIM: UE 0 - TX: 1 antennas (offset 0), RX: 1 antennas (offset 0)
[0m[HW]     VRTSIM: Total streams - UL: 1, DL: 1
[0m[HW]     first_call set from phy cb
[0m[93m[HW]     PUSCH was not yet configured by the O-DU frame 0, slot 14, symbol 0, aarx 0
[0m[93m[HW]     PRACH was not yet configured by the O-DU
[0m[93m[HW]     PRACH was not configured for frame.slot 1.19, configuration is for frame.slot 0.19
[0m[93m[HW]     [ORU] Drop invalid U-plane packet: port=0 frame=17 subframe=3 slot=38 slot_in_frame=44 symbol=37 ant=0 start_prb=0 num_prb=0 nDLRBs=106 neAxc=1
[0m[93m[HW]     Packets early: 1
[0m[93m[HW]     Packets malformed (packet couldn't be processed): 1
[0m[HW]     RU: packets received 49053
[0m[HW]     RU: packets processed 49044
[0m[HW]     RU: packets dropped 1
[0m[93m[HW]     PRACH was not configured for frame.slot 425.19, configuration is for frame.slot 168.19
[0m[HW]     RU: packets received 98205
[0m[HW]     RU: packets processed 98196
[0m[HW]     RU: packets dropped 1
[0m[93m[HW]     [ORU] Drop invalid U-plane packet: port=0 frame=17 subframe=3 slot=38 slot_in_frame=44 symbol=37 ant=0 start_prb=0 num_prb=0 nDLRBs=106 neAxc=1
[0m[93m[HW]     Packets early: 1
[0m[93m[HW]     Packets malformed (packet couldn't be processed): 1
[0m[HW]     RU: packets received 147357
[0m[HW]     RU: packets processed 147348
[0m[HW]     RU: packets dropped 2
[0m[93m[HW]     PRACH was not configured for frame.slot 849.19, configuration is for frame.slot 80.19
[0m[HW]     RU: packets received 196509
[0m[HW]     RU: packets processed 196500
[0m[HW]     RU: packets dropped 2
[0m[93m[HW]     PRACH was not configured for frame.slot 251.19, configuration is for frame.slot 250.19
[0m[HW]     RU: packets received 245661
[0m[HW]     RU: packets processed 245652
[0m[HW]     RU: packets dropped 2
[0m[93m[HW]     [ORU] Drop invalid U-plane packet: port=0 frame=17 subframe=3 slot=38 slot_in_frame=44 symbol=37 ant=0 start_prb=0 num_prb=0 nDLRBs=106 neAxc=1
[0m[93m[HW]     Packets early: 1
[0m[93m[HW]     Packets malformed (packet couldn't be processed): 1
[0m[HW]     RU: packets received 294813
[0m[HW]     RU: packets processed 294804
[0m[HW]     RU: packets dropped 3
[0m[93m[HW]     PRACH was not configured for frame.slot 672.19, configuration is for frame.slot 159.19
[0m[HW]     RU: packets received 343965
[0m[HW]     RU: packets processed 343956
[0m[HW]     RU: packets dropped 3
[0m[HW]     RU: packets received 393117
[0m[HW]     RU: packets processed 393108
[0m[HW]     RU: packets dropped 3
[0m[93m[HW]     PRACH was not configured for frame.slot 78.19, configuration is for frame.slot 77.19
[0m[HW]     RU: packets received 442269
[0m[HW]     RU: packets processed 442260
[0m[HW]     RU: packets dropped 3
[0m[93m[HW]     PRACH was not configured for frame.slot 497.19, configuration is for frame.slot 240.19
[0m[HW]     RU: packets received 491421
[0m[HW]     RU: packets processed 491412
[0m[HW]     RU: packets dropped 3
[0m[HW]     RU: packets received 540573
[0m[HW]     RU: packets processed 540564
[0m[HW]     RU: packets dropped 3
[0m[93m[HW]     PRACH was not configured for frame.slot 920.19, configuration is for frame.slot 151.19
[0m[HW]     RU: packets received 589725
[0m[HW]     RU: packets processed 589716
[0m[HW]     RU: packets dropped 3
[0m[93m[HW]     [ORU] Drop invalid U-plane packet: port=0 frame=17 subframe=3 slot=38 slot_in_frame=44 symbol=37 ant=0 start_prb=0 num_prb=0 nDLRBs=106 neAxc=1
[0m[93m[HW]     Packets early: 1
[0m[93m[HW]     Packets malformed (packet couldn't be processed): 1
[0m[HW]     RU: packets received 638877
[0m[HW]     RU: packets processed 638868
[0m[HW]     RU: packets dropped 4
[0m[93m[HW]     PRACH was not configured for frame.slot 324.19, configuration is for frame.slot 67.19
[0m[HW]     RU: packets received 688029
[0m[HW]     RU: packets processed 688020
[0m[HW]     RU: packets dropped 4
[0m[93m[HW]     PRACH was not configured for frame.slot 744.19, configuration is for frame.slot 231.19
[0m[HW]     RU: packets received 737181
[0m[HW]     RU: packets processed 737172
[0m[HW]     RU: packets dropped 4
[0m[93m[HW]     Packets not processed by the application layer (application layer too slow): 1
[0m[93m[HW]     Packets late: 1
[0m[HW]     RU: packets received 786332
[0m[HW]     RU: packets processed 786322
[0m[HW]     RU: packets dropped 5
[0m[93m[HW]     PRACH was not configured for frame.slot 144.19, configuration is for frame.slot 143.19
[0m[HW]     RU: packets received 835484
[0m[HW]     RU: packets processed 835474
[0m[HW]     RU: packets dropped 5
[0m[93m[HW]     [ORU] Drop invalid U-plane packet: port=0 frame=17 subframe=3 slot=38 slot_in_frame=44 symbol=37 ant=0 start_prb=0 num_prb=0 nDLRBs=106 neAxc=1
[0m[93m[HW]     Packets early: 1
[0m[93m[HW]     Packets malformed (packet couldn't be processed): 1
[0m[HW]     RU: packets received 884636
[0m[HW]     RU: packets processed 884626
[0m[HW]     RU: packets dropped 6
[0m[93m[HW]     [ORU] Drop invalid U-plane packet: port=0 frame=17 subframe=3 slot=38 slot_in_frame=44 symbol=37 ant=0 start_prb=0 num_prb=0 nDLRBs=106 neAxc=1
[0m[93m[HW]     PRACH was not configured for frame.slot 566.19, configuration is for frame.slot 53.19
[0m[93m[HW]     Packets early: 1
[0m[93m[HW]     Packets malformed (packet couldn't be processed): 1
[0m[HW]     RU: packets received 933788
[0m[HW]     RU: packets processed 933778
[0m[HW]     RU: packets dropped 7
[0m[93m[HW]     [ORU] Drop invalid U-plane packet: port=0 frame=17 subframe=3 slot=38 slot_in_frame=44 symbol=37 ant=0 start_prb=0 num_prb=0 nDLRBs=106 neAxc=1
[0m[93m[HW]     PRACH was not configured for frame.slot 994.19, configuration is for frame.slot 225.19
[0m[93m[HW]     Packets early: 1
[0m[93m[HW]     Packets malformed (packet couldn't be processed): 1
[0m[HW]     RU: packets received 982940
[0m[HW]     RU: packets processed 982930
[0m[HW]     RU: packets dropped 8
[0m[HW]     RU: packets received 1032092
[0m[HW]     RU: packets processed 1032082
[0m[HW]     RU: packets dropped 8
[0m[93m[HW]     PRACH was not configured for frame.slot 394.19, configuration is for frame.slot 137.19
[0m[HW]     RU: packets received 1081244
[0m[HW]     RU: packets processed 1081234
[0m[HW]     RU: packets dropped 8
[0m[93m[HW]     [ORU] Drop invalid U-plane packet: port=0 frame=17 subframe=3 slot=38 slot_in_frame=44 symbol=37 ant=0 start_prb=0 num_prb=0 nDLRBs=106 neAxc=1
[0m[93m[HW]     Packets early: 1
[0m[93m[HW]     Packets malformed (packet couldn't be processed): 1
[0m[HW]     RU: packets received 1130396
[0m[HW]     RU: packets processed 1130386
[0m[HW]     RU: packets dropped 9
[0m[93m[HW]     PRACH was not configured for frame.slot 818.19, configuration is for frame.slot 49.19
[0m[93m[HW]     Packets not processed by the application layer (application layer too slow): 2
[0m[93m[HW]     Packets late: 2
[0m[HW]     RU: packets received 1179546
[0m[HW]     RU: packets processed 1179534
[0m[HW]     RU: packets dropped 11
[0m[93m[HW]     PRACH was not configured for frame.slot 215.19, configuration is for frame.slot 214.19
[0m[HW]     RU: packets received 1228698
[0m[HW]     RU: packets processed 1228686
[0m[HW]     RU: packets dropped 11
[0m[HW]     RU: packets received 1277850
[0m[HW]     RU: packets processed 1277838
[0m[HW]     RU: packets dropped 11
[0m[93m[HW]     PRACH was not configured for frame.slot 641.19, configuration is for frame.slot 128.19
[0m[HW]     RU: packets received 1327002
[0m[HW]     RU: packets processed 1326990
[0m[HW]     RU: packets dropped 11
[0m[HW]     RU: packets received 1376154
[0m[HW]     RU: packets processed 1376142
[0m[HW]     RU: packets dropped 11
[0m[93m[HW]     PRACH was not configured for frame.slot 38.19, configuration is for frame.slot 37.19
[0m[HW]     RU: packets received 1425306
[0m[HW]     RU: packets processed 1425294
[0m[HW]     RU: packets dropped 11
[0m[93m[HW]     [ORU] Drop invalid U-plane packet: port=0 frame=17 subframe=3 slot=38 slot_in_frame=44 symbol=37 ant=0 start_prb=0 num_prb=0 nDLRBs=106 neAxc=1
[0m[93m[HW]     PRACH was not configured for frame.slot 466.19, configuration is for frame.slot 209.19
[0m[93m[HW]     Packets early: 1
[0m[93m[HW]     Packets malformed (packet couldn't be processed): 1
[0m[HW]     RU: packets received 1474458
[0m[HW]     RU: packets processed 1474446
[0m[HW]     RU: packets dropped 12
[0m[93m[HW]     Packets not processed by the application layer (application layer too slow): 2
[0m[HW]     RU: packets received 1523610
[0m[HW]     RU: packets processed 1523596
[0m[HW]     RU: packets dropped 14
[0m[93m[HW]     PRACH was not configured for frame.slot 891.19, configuration is for frame.slot 122.19
[0m[HW]     RU: packets received 1572762
[0m[HW]     RU: packets processed 1572748
[0m[HW]     RU: packets dropped 14
[0m[HW]     RU: packets received 1621914
[0m[HW]     RU: packets processed 1621900
[0m[HW]     RU: packets dropped 14
[0m[93m[HW]     PRACH was not configured for frame.slot 290.19, configuration is for frame.slot 33.19
[0m[HW]     RU: packets received 1671066
[0m[HW]     RU: packets processed 1671052
[0m[HW]     RU: packets dropped 14
[0m[93m[HW]     PRACH was not configured for frame.slot 714.19, configuration is for frame.slot 201.19
[0m[93m[HW]     [ORU] Drop invalid U-plane packet: port=0 frame=17 subframe=3 slot=38 slot_in_frame=44 symbol=37 ant=0 start_prb=0 num_prb=0 nDLRBs=106 neAxc=1
[0m[93m[HW]     Packets early: 1
[0m[93m[HW]     Packets malformed (packet couldn't be processed): 1
[0m[HW]     RU: packets received 1720218
[0m[HW]     RU: packets processed 1720204
[0m[HW]     RU: packets dropped 15
[0m[93m[HW]     [ORU] Drop invalid U-plane packet: port=0 frame=17 subframe=3 slot=38 slot_in_frame=44 symbol=37 ant=0 start_prb=0 num_prb=0 nDLRBs=106 neAxc=1
[0m[93m[HW]     Packets early: 1
[0m[93m[HW]     Packets malformed (packet couldn't be processed): 1
[0m[HW]     RU: packets received 1769370
[0m[HW]     RU: packets processed 1769356
[0m[HW]     RU: packets dropped 16
[0m[93m[HW]     PRACH was not configured for frame.slot 113.19, configuration is for frame.slot 112.19
[0m[HW]     RU: packets received 1818522
[0m[HW]     RU: packets processed 1818508
[0m[HW]     RU: packets dropped 16
[0m[93m[HW]     [ORU] Drop invalid U-plane packet: port=0 frame=17 subframe=3 slot=38 slot_in_frame=44 symbol=37 ant=0 start_prb=0 num_prb=0 nDLRBs=106 neAxc=1
[0m[93m[HW]     Packets early: 1
[0m[93m[HW]     Packets malformed (packet couldn't be processed): 1
[0m[HW]     RU: packets received 1867674
[0m[HW]     RU: packets processed 1867660
[0m[HW]     RU: packets dropped 17
[0m[93m[HW]     PRACH was not configured for frame.slot 533.19, configuration is for frame.slot 20.19
[0m[93m[HW]     Packets not processed by the application layer (application layer too slow): 1
[0m[93m[HW]     Packets late: 1
[0m[HW]     RU: packets received 1916825
[0m[HW]     RU: packets processed 1916810
[0m[HW]     RU: packets dropped 18
[0m[93m[HW]     PRACH was not configured for frame.slot 952.19, configuration is for frame.slot 183.19
[0m[HW]     RU: packets received 1965977
[0m[HW]     RU: packets processed 1965962
[0m[HW]     RU: packets dropped 18
[0m[93m[HW]     [ORU] Drop invalid U-plane packet: port=0 frame=17 subframe=3 slot=38 slot_in_frame=44 symbol=37 ant=0 start_prb=0 num_prb=0 nDLRBs=106 neAxc=1
[0m[93m[HW]     Packets early: 1
[0m[93m[HW]     Packets malformed (packet couldn't be processed): 1
[0m[HW]     RU: packets received 2015129
[0m[HW]     RU: packets processed 2015114
[0m[HW]     RU: packets dropped 19
[0m[93m[HW]     PRACH was not configured for frame.slot 347.19, configuration is for frame.slot 90.19
[0m[HW]     RU: packets received 2064281
[0m[HW]     RU: packets processed 2064266
[0m[HW]     RU: packets dropped 19
[0m[HW]     RU: packets received 2113433
[0m[HW]     RU: packets processed 2113418
[0m[HW]     RU: packets dropped 19
[0m[93m[HW]     PRACH was not configured for frame.slot 768.19, configuration is for frame.slot 255.19
[0m[93m[HW]     Packets not processed by the application layer (application layer too slow): 4
[0m[93m[HW]     Packets late: 4
[0m[HW]     RU: packets received 2162581
[0m[HW]     RU: packets processed 2162562
[0m[HW]     RU: packets dropped 23
[0m[93m[HW]     PRACH was not configured for frame.slot 165.19, configuration is for frame.slot 164.19
[0m[HW]     RU: packets received 2211733
[0m[HW]     RU: packets processed 2211714
[0m[HW]     RU: packets dropped 23
[0m[HW]     RU: packets received 2260885
[0m[HW]     RU: packets processed 2260866
[0m[HW]     RU: packets dropped 23
[0m[93m[HW]     PRACH was not configured for frame.slot 589.19, configuration is for frame.slot 76.19
[0m[93m[HW]     Packets not processed by the application layer (application layer too slow): 1
[0m[93m[HW]     Packets late: 1
[0m[HW]     RU: packets received 2310036
[0m[HW]     RU: packets processed 2310016
[0m[HW]     RU: packets dropped 24
[0m[93m[HW]     [ORU] Drop invalid U-plane packet: port=0 frame=17 subframe=3 slot=38 slot_in_frame=44 symbol=37 ant=0 start_prb=0 num_prb=0 nDLRBs=106 neAxc=1
[0m[93m[HW]     PRACH was not configured for frame.slot 1016.19, configuration is for frame.slot 247.19
[0m[93m[HW]     Packets early: 1
[0m[93m[HW]     Packets malformed (packet couldn't be processed): 1
[0m[HW]     RU: packets received 2359188
[0m[HW]     RU: packets processed 2359168
[0m[HW]     RU: packets dropped 25
[0m[HW]     RU: packets received 2408340
[0m[HW]     RU: packets processed 2408320
[0m[HW]     RU: packets dropped 25
[0m[93m[HW]     PRACH was not configured for frame.slot 416.19, configuration is for frame.slot 159.19
[0m[HW]     RU: packets received 2457492
[0m[HW]     RU: packets processed 2457472
[0m[HW]     RU: packets dropped 25
[0m[93m[HW]     Packets not processed by the application layer (application layer too slow): 4
[0m[93m[HW]     Packets late: 3
[0m[HW]     RU: packets received 2506641
[0m[HW]     RU: packets processed 2506617
[0m[HW]     RU: packets dropped 29
[0m[93m[HW]     PRACH was not configured for frame.slot 841.19, configuration is for frame.slot 72.19
[0m[HW]     RU: packets received 2555793
[0m[HW]     RU: packets processed 2555769
[0m[HW]     RU: packets dropped 29
[0m[93m[HW]     [ORU] Drop invalid U-plane packet: port=0 frame=17 subframe=3 slot=38 slot_in_frame=44 symbol=37 ant=0 start_prb=0 num_prb=0 nDLRBs=106 neAxc=1
[0m[93m[HW]     PRACH was not configured for frame.slot 235.19, configuration is for frame.slot 234.19
[0m[93m[HW]     Packets early: 1
[0m[93m[HW]     Packets malformed (packet couldn't be processed): 1
[0m[HW]     RU: packets received 2604945
[0m[HW]     RU: packets processed 2604921
[0m[HW]     RU: packets dropped 30
[0m[93m[HW]     [ORU] Drop invalid U-plane packet: port=0 frame=17 subframe=3 slot=38 slot_in_frame=44 symbol=37 ant=0 start_prb=0 num_prb=0 nDLRBs=106 neAxc=1
[0m[93m[HW]     Packets not processed by the application layer (application layer too slow): 1
[0m[93m[HW]     Packets early: 1
[0m[93m[HW]     Packets malformed (packet couldn't be processed): 1
[0m[HW]     RU: packets received 2654097
[0m[HW]     RU: packets processed 2654072
[0m[HW]     RU: packets dropped 32
[0m[93m[HW]     PRACH was not configured for frame.slot 656.19, configuration is for frame.slot 143.19
[0m[93m[HW]     [ORU] Drop invalid U-plane packet: port=0 frame=17 subframe=3 slot=38 slot_in_frame=44 symbol=37 ant=0 start_prb=0 num_prb=0 nDLRBs=106 neAxc=1
[0m[93m[HW]     Packets early: 1
[0m[93m[HW]     Packets malformed (packet couldn't be processed): 1
[0m[HW]     RU: packets received 2703249
[0m[HW]     RU: packets processed 2703224
[0m[HW]     RU: packets dropped 33
[0m[HW]     RU: packets received 2752401
[0m[HW]     RU: packets processed 2752376
[0m[HW]     RU: packets dropped 33
[0m[93m[HW]     PRACH was not configured for frame.slot 57.19, configuration is for frame.slot 56.19
[0m[HW]     RU: packets received 2801553
[0m[HW]     RU: packets processed 2801528
[0m[HW]     RU: packets dropped 33
[0m[93m[HW]     PRACH was not configured for frame.slot 485.19, configuration is for frame.slot 228.19
[0m[HW]     RU: packets received 2850705
[0m[HW]     RU: packets processed 2850680
[0m[HW]     RU: packets dropped 33
[0m[93m[HW]     [ORU] Drop invalid U-plane packet: port=0 frame=17 subframe=3 slot=38 slot_in_frame=44 symbol=37 ant=0 start_prb=0 num_prb=0 nDLRBs=106 neAxc=1
[0m[93m[HW]     Packets not processed by the application layer (application layer too slow): 3
[0m[93m[HW]     Packets late: 3
[0m[93m[HW]     Packets early: 1
[0m[93m[HW]     Packets malformed (packet couldn't be processed): 1
[0m[HW]     RU: packets received 2899854
[0m[HW]     RU: packets processed 2899826
[0m[HW]     RU: packets dropped 37
[0m[93m[HW]     PRACH was not configured for frame.slot 911.19, configuration is for frame.slot 142.19
[0m[HW]     RU: packets received 2949006
[0m[HW]     RU: packets processed 2948978
[0m[HW]     RU: packets dropped 37
[0m[HW]     RU: packets received 2998158
[0m[HW]     RU: packets processed 2998130
[0m[HW]     RU: packets dropped 37
[0m[93m[HW]     PRACH was not configured for frame.slot 311.19, configuration is for frame.slot 54.19
[0m[93m[HW]     Packets not processed by the application layer (application layer too slow): 1
[0m[93m[HW]     Packets late: 1
[0m[HW]     RU: packets received 3047309
[0m[HW]     RU: packets processed 3047280
[0m[HW]     RU: packets dropped 38
[0m[93m[HW]     PRACH was not configured for frame.slot 727.19, configuration is for frame.slot 214.19
[0m[HW]     RU: packets received 3096461
[0m[HW]     RU: packets processed 3096432
[0m[HW]     RU: packets dropped 38
[0m[HW]     RU: packets received 3145613
[0m[HW]     RU: packets processed 3145584
[0m[HW]     RU: packets dropped 38
[0m[93m[HW]     PRACH was not configured for frame.slot 124.19, configuration is for frame.slot 123.19
[0m[93m[HW]     [ORU] Drop invalid U-plane packet: port=0 frame=17 subframe=3 slot=38 slot_in_frame=44 symbol=37 ant=0 start_prb=0 num_prb=0 nDLRBs=106 neAxc=1
[0m[93m[HW]     Packets early: 1
[0m[93m[HW]     Packets malformed (packet couldn't be processed): 1
[0m[HW]     RU: packets received 3194765
[0m[HW]     RU: packets processed 3194736
[0m[HW]     RU: packets dropped 39
[0m[HW]     RU: packets received 3243917
[0m[HW]     RU: packets processed 3243888
[0m[HW]     RU: packets dropped 39
[0m[93m[HW]     PRACH was not configured for frame.slot 544.19, configuration is for frame.slot 31.19
[0m[93m[HW]     Packets not processed by the application layer (application layer too slow): 2
[0m[93m[HW]     Packets late: 2
[0m[HW]     RU: packets received 3293067
[0m[HW]     RU: packets processed 3293036
[0m[HW]     RU: packets dropped 41
[0m[93m[HW]     PRACH was not configured for frame.slot 965.19, configuration is for frame.slot 196.19
[0m[HW]     RU: packets received 3342219
[0m[HW]     RU: packets processed 3342188
[0m[HW]     RU: packets dropped 41
[0m[HW]     RU: packets received 3391371
[0m[HW]     RU: packets processed 3391340
[0m[HW]     RU: packets dropped 41
[0m[93m[HW]     PRACH was not configured for frame.slot 362.19, configuration is for frame.slot 105.19
[0m[93m[HW]     Packets not processed by the application layer (application layer too slow): 2
[0m[93m[HW]     Packets late: 2
[0m[HW]     RU: packets received 3440521
[0m[HW]     RU: packets processed 3440488
[0m[HW]     RU: packets dropped 43
[0m[HW]     RU: packets received 3489673
[0m[HW]     RU: packets processed 3489640
[0m[HW]     RU: packets dropped 43
[0m[93m[HW]     PRACH was not configured for frame.slot 784.19, configuration is for frame.slot 15.19
[0m[HW]     RU: packets received 3538825
[0m[HW]     RU: packets processed 3538792
[0m[HW]     RU: packets dropped 43
[0m[93m[HW]     PRACH was not configured for frame.slot 182.19, configuration is for frame.slot 181.19
[0m[HW]     RU: packets received 3587977
[0m[HW]     RU: packets processed 3587944
[0m[HW]     RU: packets dropped 43
[0m[HW]     RU: packets received 3637129
[0m[HW]     RU: packets processed 3637096
[0m[HW]     RU: packets dropped 43
[0m[93m[HW]     PRACH was not configured for frame.slot 604.19, configuration is for frame.slot 91.19
[0m[HW]     RU: packets received 3686281
[0m[HW]     RU: packets processed 3686248
[0m[HW]     RU: packets dropped 43
[0m[HW]     RU: packets received 3735433
[0m[HW]     RU: packets processed 3735400
[0m[HW]     RU: packets dropped 43
[0m[93m[HW]     PRACH was not configured for frame.slot 4.19, configuration is for frame.slot 3.19
[0m[93m[HW]     Packets not processed by the application layer (application layer too slow): 1
[0m[HW]     RU: packets received 3784585
[0m[HW]     RU: packets processed 3784551
[0m[HW]     RU: packets dropped 44
[0m[93m[HW]     PRACH was not configured for frame.slot 424.19, configuration is for frame.slot 167.19
[0m[HW]     RU: packets received 3833737
[0m[HW]     RU: packets processed 3833703
[0m[HW]     RU: packets dropped 44
[0m[HW]     RU: packets received 3882889
[0m[HW]     RU: packets processed 3882855
[0m[HW]     RU: packets dropped 44
[0m[93m[HW]     PRACH was not configured for frame.slot 848.19, configuration is for frame.slot 79.19
[0m[HW]     RU: packets received 3932041
[0m[HW]     RU: packets processed 3932007
[0m[HW]     RU: packets dropped 44
[0m