Logging terminal output to /home/jesse/oran_lab/logs/run_ue/run_ue_20260530_112649_pid299937.log
UE cores: 20,21,22,23
UE sample advance: 0
VRTSIM shared memory is ready; starting UE without waiting for non-zero DL samples.
CMDLINE: "./nr-uesoftmodem" "-O" "/home/jesse/oran_lab/ue_test.conf" "-C" "4049760000" "-r" "24" "--numerology" "1" "--band" "77" "--ssb" "24" "-A" "0" "--device.name" "vrtsim" "--vrtsim.role" "client" "--ue-nb-ant-tx" "1" "--ue-nb-ant-rx" "1" 
[UTIL]   running in SA mode (no --phy-test, --do-ra, --nsa option present)
[0m[UTIL]   threadCreate() for Tpool0_-1: creating thread with affinity ffffffff, priority 97
[0m[UTIL]   threadCreate() for Tpool1_-1: creating thread with affinity ffffffff, priority 97
[0m[UTIL]   threadCreate() for Tpool2_-1: creating thread with affinity ffffffff, priority 97
[0m[UTIL]   threadCreate() for Tpool3_-1: creating thread with affinity ffffffff, priority 97
[0m[UTIL]   threadCreate() for Tpool4_-1: creating thread with affinity ffffffff, priority 97
[0m[UTIL]   threadCreate() for Tpool5_-1: creating thread with affinity ffffffff, priority 97
[0m[UTIL]   threadCreate() for Tpool6_-1: creating thread with affinity ffffffff, priority 97
[0m[UTIL]   threadCreate() for Tpool7_-1: creating thread with affinity ffffffff, priority 97
[0m[UTIL]   threadCreate() for Tpool8_-1: creating thread with affinity ffffffff, priority 97
[0m[UTIL]   threadCreate() for Tpool9_-1: creating thread with affinity ffffffff, priority 97
[0m[UTIL]   threadCreate() for Tpool10_-1: creating thread with affinity ffffffff, priority 97
[0m[UTIL]   threadCreate() for Tpool11_-1: creating thread with affinity ffffffff, priority 97
[0m[OPT]    OPT disabled
[0m[HW]     Version: Branch: compression-plus-timing-fix Abrev. Hash: 3b10464162 Date: Tue May 26 09:32:18 2026 -0700
[0m[NR_RRC] create TASK_RRC_NRUE 
[0m[UTIL]   threadCreate() for TASK_RRC_NRUE: creating thread with affinity ffffffff, priority 50
[0m[UTIL]   threadCreate() for TASK_NAS_NRUE: creating thread with affinity ffffffff, priority 50
[0m[SIM]    UICC simulation: IMSI=2089900007487, IMEISV=6754567890123413, Ki=fec86ba6eb707ed08905757b1bb44b8f, OPc=C42449363BBAD02B66D16BC975D77CC1
[0m[SIM]    overriding potential uicc0.dnn/nssai_sst/nssai_sd from uicc0.pdu_sessions
[0m[SIM]    will request PDU session ID 1, type 1, DNN oai, NSSAI 1.ffffff
[0m[NR_MAC] [UE0] Initializing MAC
[0m[NR_MAC] Initializing dl and ul config_request. num_slots = 20
[0m[RLC]    Activated srb0 for UE 0
[0m[UTIL]   threadCreate() for time source realtime: creating thread with affinity ffffffff, priority 2
[0m[UTIL]   time manager configuration: [time source: reatime] [mode: standalone] [server IP: 127.0.0.1} [server port: 7374] (server IP/port not used)
[0m[PHY]    Set UE nb_rx_antenna 1, nb_tx_antenna 1, threequarter_fs 0, ofdm_offset_divisor 8
[0m[PHY]    SA init parameters. DL freq 4049760000 UL offset 0 SSB numerology 1 N_RB_DL 24
[0m[PHY]    Init: N_RB_DL 24, first_carrier_offset 368, nb_prefix_samples 36,nb_prefix_samples0 44, ofdm_symbol_size 512
[0m[93m[PHY]    samples_per_subframe 15360/per second 15360000, wCP 14336
[0m[PHY]    Set UE_fo_compensation 0, UE_scan_carrier 0, UE_no_timing_correction 0 
, chest-freq 0, chest-time 0
[0m[UTIL]   threadCreate() for SYNC__actor: creating thread with affinity ffffffff, priority 97
[0m[UTIL]   threadCreate() for DL__actor: creating thread with affinity ffffffff, priority 97
[0m[UTIL]   threadCreate() for DL__actor: creating thread with affinity ffffffff, priority 97
[0m[UTIL]   threadCreate() for DL__actor: creating thread with affinity ffffffff, priority 97
[0m[UTIL]   threadCreate() for DL__actor: creating thread with affinity ffffffff, priority 97
[0m[UTIL]   threadCreate() for UL__actor: creating thread with affinity ffffffff, priority 97
[0m[UTIL]   threadCreate() for UL__actor: creating thread with affinity ffffffff, priority 97
[0m[PHY]    Initializing UE vars for gNB TXant 1, UE RXant 1
[0m[PHY]    prs_config configuration NOT found..!! Skipped configuring UE for the PRS reception
[0m[PHY]    HW: Configuring ru_id 0, sample_rate 15360000.000000, tx/rx num_channels 1/1, duplex_mode TDD
[0m[PHY]    HW: Configuring channel 0 (rf_chain 0): setting tx_freq 4049760000 Hz, rx_freq 4049760000 Hz, tune_offset 0
[0m[PHY]    HW: Configuring channel 0 (rf_chain 0): setting tx_gain 0, rx_gain 110
[0m[UTIL]   threadCreate() for ru_start_thread: creating thread with affinity ffffffff, priority 97
[0m[HW]     VRTSIM: TX sample advance 4096 samples
[0m[HW]     Running as client: will connect to a vrtsim server
[0m[HW]     [RAU] has loaded RFSIMULATOR device.
[0m[HW]     VRTSIM: UE 0/1 - 1x1 antennas, UL offset=0, DL offset=0
[0m[HW]     VRTSIM: client RX aligned to frame boundary current_sample=102676133 aligned_sample=102758400 samples_per_frame=153600
[0m[PHY]    Intializing UE Threads for instance 0 ...
[0m[UTIL]   threadCreate() for UEthread_0: creating thread with affinity ffffffff, priority 97
[0m[UTIL]   threadCreate() for L1_UE_stats_0: creating thread with affinity ffffffff, priority 1
[0m[93m[PHY]    SSB position provided
[0m[93m[NR_PHY] Starting sync detection
[0m[PHY]    [UE thread Synch] Running Initial Synch 
[0m[NR_PHY] Starting cell search with center freq: 4049760000, bandwidth: 24. Scanning for 1 number of GSCN.
[0m[NR_PHY] Scanning GSCN: 0, with SSB offset: 24, SSB Freq: 0.000000
[0m[32m[PHY]    Initial sync: pbch decoded sucessfully, ssb index 0
[0m[PHY]    pbch rx ok. rsrp:74 dB/RE, adjust_rxgain:-24 dB
[0m[NR_PHY] Cell Detected with GSCN: 0, SSB SC offset: 24, SSB Ref: 0.000000, PSS Corr peak: 113 dB, PSS Corr Average: 80
[0m[PHY]    [UE0] In synch, rx_offset 33508 samples
[0m[PHY]    [UE 0] Measured Carrier Frequency offset -5 Hz
[0m[32m[PHY]    Initial sync successful, PCI: 0
[0m[PHY]    HW: Configuring channel 0 (rf_chain 0): setting tx_freq 4049759995 Hz, rx_freq 4049759995 Hz, tune_offset 0
[0m[PHY]    Got synch: hw_slot_offset 9, carrier off -5 Hz
[0m[NR_RRC] [UE 0] BCCH update: phyCellID 0->0, arfcn_ssb 0->669984
[0m[32m[PHY]    UE synchronized! decoded_frame_rx=164 UE->init_sync_frame=1 trashed_frames=2
[0m[PHY]    Resynchronizing RX by 33508 samples
[0m[HW]     received write reorder clear context
[0m[PHY]    max_pos_acc = 0, shiftForNextFrame = 0
[0m[32m[NR_RRC] SIB1 decoded
[0m[NR_MAC] [UE 0] Initial cell selection: dl_frequency=4045440 kHz (from command-line, band=77, scs=1)
[0m[NR_MAC] Initial cell selection: uplink_frequency=4045440 kHz (from dl_frequency=4045440 kHz)
[0m[NR_MAC] TDD period index = 5, based on the sum of dl_UL_TransmissionPeriodicity from Pattern1 (2.500000 ms) and Pattern2 (0.000000 ms): Total = 2.500000 ms
[0m[NR_MAC] Set TDD configuration period to: 2 DL slots, 4 UL slots, 5 slots per period (NR_TDD_UL_DL_Pattern is 1 DL slots, 3 UL slots, 6 DL symbols, 4 UL symbols)
[0m[NR_MAC] Configured 1 TDD patterns (total slots: pattern1 = 5, pattern2 = 0)
[0m[PHY]    N_TA_offset changed from 0 to 200
[0m[MAC]    Initialization of 4-Step CBRA procedure
[0m[NR_MAC] PRACH scheduler: Selected RO Frame 168, Slot 19, Symbol 0, Fdm 0
[0m[PHY]    PRACH [UE 0] in frame.slot 168.19, placing PRACH in position 740, Msg1/MsgA-Preamble frequency start 0 (k1 0), preamble_offset 31, first_nonzero_root_idx 0, preambleIndex = 31
[0m[PHY]    [UE 0] RAR-Msg2 decoded
[0m[NR_MAC] [UE 0][RAPROC][RA-RNTI 010b] Got BI RAR subPDU 5 ms
[0m[NR_MAC] [UE 0][RAPROC][RA-RNTI 010b] Got RAPID RAR subPDU
[0m[32m[NR_MAC] [UE 0][RAPROC][169.10] Found RAR with the intended RAPID 31
[0m[93m[MAC]    received TA command 31
[0m[32m[NR_MAC] [RAPROC][169.18] RA-Msg3 transmitted
[0m[32m[NR_MAC] [UE 0][170.10][RAPROC] 4-Step RA procedure succeeded. CBRA: Contention Resolution is successful.
[0m[NR_RRC] [UE0][RAPROC] Logical Channel DL-CCCH (SRB0), Received NR_RRCSetup
[0m[RLC]    Added srb 1 to UE 0
[0m[NR_RRC] State = NR_RRC_CONNECTED
[0m[NAS]    Generate Initial NAS Message: Registration Request
[0m[NR_RRC] [UE 0][RAPROC] Logical Channel UL-DCCH (SRB1), Generating RRCSetupComplete (bytes32)
[0m[NAS]    [UE 0] Received NR_NAS_CONN_ESTABLISH_IND: asCause 0
[0m[MAC]    [UE 0] Applying CellGroupConfig from gNodeB
[0m[NAS]    [UE 0] Received NAS_DOWNLINK_DATA_IND type FGS_AUTHENTICATION_REQUEST with length 42
[0m[NAS]    [UE 0] Received NAS_DOWNLINK_DATA_IND type FGS_SECURITY_MODE_COMMAND with length 21
[0m[NAS]    Generate Initial NAS Message: Registration Request
[0m[NR_RRC] Received securityModeCommand (gNB 0)
[0m[NR_RRC] Receiving from SRB1 (DL-DCCH), Processing securityModeCommand
[0m[NR_RRC] Security algorithm is set to nea0
[0m[NR_RRC] Integrity protection algorithm is set to nia2
[0m[NR_RRC] Receiving from SRB1 (DL-DCCH), encoding securityModeComplete, rrc_TransactionIdentifier: 0
[0m[NR_RRC] Received Capability Enquiry (gNB 0)
[0m[NR_RRC] Receiving from SRB1 (DL-DCCH), Processing UECapabilityEnquiry
[0m[CONFIG] function config_libconfig_init returned 0
Initializing random number generator, seed 13445083692681822794
Waiting for server to create shared memory segment
UE threads created by 299945
TYPE <CTRL-C> TO TERMINATE
kausf:86 a6 c3 0 16 20 c0 48 9 a5 87 51 53 2b b 64 d8 b2 d7 b1 6 ac 7c 1c a9 6c 37 a5 c8 be 22 40 
kseaf:20 a5 c1 f7 74 10 a9 0 5e b3 b5 ba fb 9c d9 2e 91 1a 59 61 d5 85 99 2f 88 c4 63 85 9f 77 a6 7e 
kamf:20 e4 bf fa 5a 76 e8 12 26 e4 10 c3 da b3 f7 10 f7 c8 c 3d 52 20 16 20 31 e4 e3 fa 9f 14 9c 12 
knas_int: a1 29 b9 86 4c 8f ab 26 3f 1e be 64 ed ec 4a 9a 
knas_enc: 2f f6 dd 82 2e 38 6c 6e d2 68 42 d6 87 c2 e3 bf 
mac 4e b4 db 75 
[NR_RRC] deriving kRRCenc, kRRCint from KgNB=31 f1 72 61 00 87 d3 89 e2 83 5b 06 50 67 6a 55 4f 22 89 15 75 20 11 3d 1b 11 37 b7 47 a2 76 22 [0m
[NR_RRC] securityModeComplete payload: 28 00 00 00 00 00 00 00 60 12 00 fc e2 73 00 00 [0m
<UE-NR-Capability>
    <accessStratumRelease><rel15/></accessStratumRelease>
    <pdcp-Parameters>
        <supportedROHC-Profiles>
            <profile0x0000><false/></profile0x0000>
            <profile0x0001><false/></profile0x0001>
            <profile0x0002><false/></profile0x0002>
            <profile0x0003><false/></profile0x0003>
            <profile0x0004><false/></profile0x0004>
            <profile0x0006><false/></profile0x0006>
            <profile0x0101><false/></profile0x0101>
            <profile0x0102><false/></profile0x0102>
            <profile0x0103><false/></profile0x0103>
            <profile0x0104><false/></profile0x0104>
        </supportedROHC-Profiles>
        <maxNumberROHC-ContextSessions><cs2/></maxNumberROHC-ContextSessions>
    </pdcp-Parameters>
    <phy-Parameters>
    </phy-Parameters>
    <rf-Parameters>
        <supportedBandListNR>
            <BandNR>
                <bandNR>1</bandNR>
            </BandNR>
        </supportedBandListNR>
    </rf-Parameters>
</UE-NR-Capability>
[PHY]    [RRC]UE NR Capability encoded, 10 bytes (86 bits)
[0m[NR_RRC] UECapabilityInformation Encoded 106 bits (14 bytes)
[0m[NAS]    [UE 0] Received NAS_DOWNLINK_DATA_IND type FGS_REGISTRATION_ACCEPT with length 53
[0m[NAS]    Received Registration Accept with result 3GPP
[0m[NAS]    SMS not allowed in 5GS Registration Result
[0m[NR_RRC] 5G-GUTI: AMF pointer 1, AMF Set ID 1, 5G-TMSI 1062150362 
[0m[NAS]    Send NAS_UPLINK_DATA_REQ message(RegistrationComplete)
[0m[NAS]    requested PDU session ID 1 type 1 NSSAI 1.16777215 DNN oai
[0m[NAS]    Send NAS_UPLINK_DATA_REQ message(PduSessionEstablishRequest)
[0m[RLC]    Added srb 2 to UE 0
[0m[RLC]    Added drb 1 to UE 0
[0m[RLC]    Added DRB to UE 0
[0m[NR_RRC] RRCReconfiguration includes radio Bearer Configuration
[0m[MAC]    [UE 0] Applying CellGroupConfig from gNodeB
[0m[SDAP]   Default DRB for the created SDAP entity: DRB 1 
[0m[PDCP]   Added DRB 1 to UE ID 0
[0m[NR_RRC] State = NR_RRC_CONNECTED
[0m[NR_RRC] RRCReconfiguration includes Measurement Configuration
[0m[93m[NR_RRC] Measurement gaps not yet supported!
[0m[NR_RRC] rrcReconfigurationComplete Encoded 10 bits (2 bytes)
[0m[NR_RRC]  Logical Channel UL-DCCH (SRB1), Generating RRCReconfigurationComplete (bytes 2)
[0m[NAS]    [UE 0] Received NAS_CONN_ESTABLI_CNF: errCode 1, length 98
[0m[NAS]    Received PDU Session Establishment Accept, UE IPv4: 10.0.0.31
[0m[32m[OIP]    TUN Interface oaitun_ue1 successfully configured, IPv4 10.0.0.31, IPv6 (null)
[0m[93m[NR_RRC] (active_cell_rsrp) -123 + (rsrp_hysteresis) 0 < (rsrp_threshold) -97
[0m[UTIL]   threadCreate() for ue_tun_read_0_p1: creating thread with affinity ffffffff, priority 1
[0m[NR_RRC] MeasurementReport Encoded 53 bits (7 bytes)
[0m[NR_RRC] MeasurementReport Encoded 53 bits (7 bytes)
[0m[NR_MAC] UE 0 RNTI 3096 stats sfn: 256.2, cumulated bad DCI 0
    DL harq: 22/0
    UL harq: 32/0 avg code rate 0.1, avg bit/symbol 2.0, avg per TB: (nb RBs 16.0, nb symbols 12.7)
[0m[NR_RRC] MeasurementReport Encoded 53 bits (7 bytes)
[0m[NR_RRC] MeasurementReport Encoded 53 bits (7 bytes)
[0m[NR_MAC] UE 0 RNTI 3096 stats sfn: 384.2, cumulated bad DCI 0
    DL harq: 26/0
    UL harq: 49/0 avg code rate 0.1, avg bit/symbol 2.0, avg per TB: (nb RBs 16.0, nb symbols 12.8)
[0m[NR_MAC] UE 0 RNTI 3096 stats sfn: 512.2, cumulated bad DCI 0
    DL harq: 27/0
    UL harq: 62/0 avg code rate 0.1, avg bit/symbol 2.0, avg per TB: (nb RBs 16.0, nb symbols 12.8)
[0m[NR_MAC] UE 0 RNTI 3096 stats sfn: 640.2, cumulated bad DCI 0
    DL harq: 28/0
    UL harq: 75/0 avg code rate 0.1, avg bit/symbol 2.0, avg per TB: (nb RBs 16.0, nb symbols 12.9)
[0m[NR_MAC] UE 0 RNTI 3096 stats sfn: 768.2, cumulated bad DCI 0
    DL harq: 30/0
    UL harq: 90/0 avg code rate 0.1, avg bit/symbol 2.0, avg per TB: (nb RBs 16.0, nb symbols 12.9)
[0m[NR_MAC] UE 0 RNTI 3096 stats sfn: 896.2, cumulated bad DCI 0
    DL harq: 32/0
    UL harq: 103/0 avg code rate 0.1, avg bit/symbol 2.0, avg per TB: (nb RBs 16.0, nb symbols 12.9)
[0m[NR_MAC] UE 0 RNTI 3096 stats sfn: 0.2, cumulated bad DCI 0
    DL harq: 56/0
    UL harq: 390/0 avg code rate 0.4, avg bit/symbol 2.0, avg per TB: (nb RBs 16.7, nb symbols 13.0)
[0m[NR_MAC] UE 0 RNTI 3096 stats sfn: 128.2, cumulated bad DCI 0
    DL harq: 75/0
    UL harq: 902/0 avg code rate 0.5, avg bit/symbol 3.7, avg per TB: (nb RBs 16.9, nb symbols 13.0)
[0m[NR_MAC] UE 0 RNTI 3096 stats sfn: 256.2, cumulated bad DCI 0
    DL harq: 95/0
    UL harq: 1414/0 avg code rate 0.7, avg bit/symbol 4.9, avg per TB: (nb RBs 16.9, nb symbols 13.0)
[0m[1;31m[RLC]    1 SDU rejected, SDU buffer full
[0m[NR_MAC] UE 0 RNTI 3096 stats sfn: 384.2, cumulated bad DCI 0
    DL harq: 115/0
    UL harq: 1926/0 avg code rate 0.8, avg bit/symbol 5.3, avg per TB: (nb RBs 16.9, nb symbols 13.0)
[0m[1;31m[RLC]    8175 SDU rejected, SDU buffer full
[0m[NR_MAC] UE 0 RNTI 3096 stats sfn: 512.2, cumulated bad DCI 0
    DL harq: 137/0
    UL harq: 2438/0 avg code rate 0.8, avg bit/symbol 5.5, avg per TB: (nb RBs 16.9, nb symbols 13.0)
[0m[1;31m[RLC]    8213 SDU rejected, SDU buffer full
[0m[1;31m[RLC]    8221 SDU rejected, SDU buffer full
[0m[NR_MAC] UE 0 RNTI 3096 stats sfn: 640.2, cumulated bad DCI 0
    DL harq: 158/0
    UL harq: 2950/0 avg code rate 0.9, avg bit/symbol 5.6, avg per TB: (nb RBs 17.0, nb symbols 13.0)
[0m[1;31m[RLC]    8180 SDU rejected, SDU buffer full
[0m[NR_MAC] UE 0 RNTI 3096 stats sfn: 768.2, cumulated bad DCI 0
    DL harq: 181/0
    UL harq: 3462/0 avg code rate 0.9, avg bit/symbol 5.7, avg per TB: (nb RBs 17.0, nb symbols 13.0)
[0m[1;31m[RLC]    8213 SDU rejected, SDU buffer full
[0m[NR_MAC] UE 0 RNTI 3096 stats sfn: 896.2, cumulated bad DCI 0
    DL harq: 203/0
    UL harq: 3974/0 avg code rate 0.9, avg bit/symbol 5.7, avg per TB: (nb RBs 17.0, nb symbols 13.0)
[0m[1;31m[RLC]    8192 SDU rejected, SDU buffer full
[0m[NR_MAC] UE 0 RNTI 3096 stats sfn: 0.2, cumulated bad DCI 0
    DL harq: 224/0
    UL harq: 4486/0 avg code rate 0.9, avg bit/symbol 5.8, avg per TB: (nb RBs 17.0, nb symbols 13.0)
[0m[1;31m[RLC]    8200 SDU rejected, SDU buffer full
[0m[1;31m[RLC]    8213 SDU rejected, SDU buffer full
[0m[NR_MAC] UE 0 RNTI 3096 stats sfn: 128.2, cumulated bad DCI 0
    DL harq: 247/0
    UL harq: 4998/0 avg code rate 0.9, avg bit/symbol 5.8, avg per TB: (nb RBs 17.0, nb symbols 13.0)
[0m[1;31m[RLC]    8213 SDU rejected, SDU buffer full
[0m[NR_MAC] UE 0 RNTI 3096 stats sfn: 256.2, cumulated bad DCI 0
    DL harq: 269/0
    UL harq: 5510/0 avg code rate 0.9, avg bit/symbol 5.8, avg per TB: (nb RBs 17.0, nb symbols 13.0)
[0m[1;31m[RLC]    8213 SDU rejected, SDU buffer full
[0m[NR_MAC] UE 0 RNTI 3096 stats sfn: 384.2, cumulated bad DCI 0
    DL harq: 291/0
    UL harq: 6022/0 avg code rate 0.9, avg bit/symbol 5.8, avg per TB: (nb RBs 17.0, nb symbols 13.0)
[0m[1;31m[RLC]    8180 SDU rejected, SDU buffer full
[0m[NR_MAC] UE 0 RNTI 3096 stats sfn: 512.2, cumulated bad DCI 0
    DL harq: 313/0
    UL harq: 6534/0 avg code rate 0.9, avg bit/symbol 5.8, avg per TB: (nb RBs 17.0, nb symbols 13.0)
[0m[1;31m[RLC]    8214 SDU rejected, SDU buffer full
[0m[1;31m[RLC]    8193 SDU rejected, SDU buffer full
[0m[NR_MAC] UE 0 RNTI 3096 stats sfn: 640.2, cumulated bad DCI 0
    DL harq: 336/0
    UL harq: 7046/0 avg code rate 0.9, avg bit/symbol 5.9, avg per TB: (nb RBs 17.0, nb symbols 13.0)
[0m[1;31m[RLC]    8213 SDU rejected, SDU buffer full
[0m[NR_MAC] UE 0 RNTI 3096 stats sfn: 768.2, cumulated bad DCI 0
    DL harq: 358/0
    UL harq: 7558/0 avg code rate 0.9, avg bit/symbol 5.9, avg per TB: (nb RBs 17.0, nb symbols 13.0)
[0m[1;31m[RLC]    8213 SDU rejected, SDU buffer full
[0m[NR_MAC] UE 0 RNTI 3096 stats sfn: 896.2, cumulated bad DCI 0
    DL harq: 379/0
    UL harq: 8070/0 avg code rate 0.9, avg bit/symbol 5.9, avg per TB: (nb RBs 17.0, nb symbols 13.0)
[0m[1;31m[RLC]    7755 SDU rejected, SDU buffer full
[0m[NR_MAC] UE 0 RNTI 3096 stats sfn: 0.2, cumulated bad DCI 0
    DL harq: 402/0
    UL harq: 8582/0 avg code rate 0.9, avg bit/symbol 5.9, avg per TB: (nb RBs 17.0, nb symbols 13.0)
[0m[NR_MAC] UE 0 RNTI 3096 stats sfn: 128.2, cumulated bad DCI 0
    DL harq: 424/0
    UL harq: 9094/0 avg code rate 0.9, avg bit/symbol 5.9, avg per TB: (nb RBs 17.0, nb symbols 13.0)
[0m[NR_MAC] UE 0 RNTI 3096 stats sfn: 256.2, cumulated bad DCI 0
    DL harq: 446/0
    UL harq: 9606/0 avg code rate 0.9, avg bit/symbol 5.9, avg per TB: (nb RBs 17.0, nb symbols 13.0)
[0m[NR_MAC] UE 0 RNTI 3096 stats sfn: 384.2, cumulated bad DCI 0
    DL harq: 468/0
    UL harq: 10118/0 avg code rate 0.9, avg bit/symbol 5.9, avg per TB: (nb RBs 17.0, nb symbols 13.0)
[0m[NR_MAC] UE 0 RNTI 3096 stats sfn: 512.2, cumulated bad DCI 0
    DL harq: 491/0
    UL harq: 10630/0 avg code rate 0.9, avg bit/symbol 5.9, avg per TB: (nb RBs 17.0, nb symbols 13.0)
[0m[NR_MAC] UE 0 RNTI 3096 stats sfn: 640.2, cumulated bad DCI 0
    DL harq: 512/0
    UL harq: 11142/0 avg code rate 0.9, avg bit/symbol 5.9, avg per TB: (nb RBs 17.0, nb symbols 13.0)
[0m[NR_MAC] UE 0 RNTI 3096 stats sfn: 768.2, cumulated bad DCI 0
    DL harq: 534/0
    UL harq: 11654/0 avg code rate 0.9, avg bit/symbol 5.9, avg per TB: (nb RBs 17.0, nb symbols 13.0)
[0m[NR_MAC] UE 0 RNTI 3096 stats sfn: 896.2, cumulated bad DCI 0
    DL harq: 556/0
    UL harq: 12166/0 avg code rate 0.9, avg bit/symbol 5.9, avg per TB: (nb RBs 17.0, nb symbols 13.0)
[0m[NR_MAC] UE 0 RNTI 3096 stats sfn: 0.2, cumulated bad DCI 0
    DL harq: 579/0
    UL harq: 12678/0 avg code rate 0.9, avg bit/symbol 5.9, avg per TB: (nb RBs 17.0, nb symbols 13.0)
[0m[NR_MAC] UE 0 RNTI 3096 stats sfn: 128.2, cumulated bad DCI 0
    DL harq: 601/0
    UL harq: 13190/0 avg code rate 0.9, avg bit/symbol 5.9, avg per TB: (nb RBs 17.0, nb symbols 13.0)
[0m[NR_MAC] UE 0 RNTI 3096 stats sfn: 256.2, cumulated bad DCI 0
    DL harq: 622/0
    UL harq: 13702/0 avg code rate 0.9, avg bit/symbol 5.9, avg per TB: (nb RBs 17.0, nb symbols 13.0)
[0m[NR_MAC] UE 0 RNTI 3096 stats sfn: 384.2, cumulated bad DCI 0
    DL harq: 645/0
    UL harq: 14214/0 avg code rate 0.9, avg bit/symbol 5.9, avg per TB: (nb RBs 17.0, nb symbols 13.0)
[0m[NR_MAC] UE 0 RNTI 3096 stats sfn: 512.2, cumulated bad DCI 0
    DL harq: 667/0
    UL harq: 14726/0 avg code rate 0.9, avg bit/symbol 5.9, avg per TB: (nb RBs 17.0, nb symbols 13.0)
[0m[NR_MAC] UE 0 RNTI 3096 stats sfn: 640.2, cumulated bad DCI 0
    DL harq: 688/0
    UL harq: 15238/0 avg code rate 0.9, avg bit/symbol 5.9, avg per TB: (nb RBs 17.0, nb symbols 13.0)
[0m[NR_MAC] UE 0 RNTI 3096 stats sfn: 768.2, cumulated bad DCI 0
    DL harq: 710/0
    UL harq: 15750/0 avg code rate 0.9, avg bit/symbol 5.9, avg per TB: (nb RBs 17.0, nb symbols 13.0)
[0m[NR_MAC] UE 0 RNTI 3096 stats sfn: 896.2, cumulated bad DCI 0
    DL harq: 733/0
    UL harq: 16262/0 avg code rate 0.9, avg bit/symbol 5.9, avg per TB: (nb RBs 17.0, nb symbols 13.0)
[0m[NR_MAC] UE 0 RNTI 3096 stats sfn: 0.2, cumulated bad DCI 0
    DL harq: 754/0
    UL harq: 16774/0 avg code rate 0.9, avg bit/symbol 5.9, avg per TB: (nb RBs 17.0, nb symbols 13.0)
[0m[NR_MAC] UE 0 RNTI 3096 stats sfn: 128.2, cumulated bad DCI 0
    DL harq: 777/0
    UL harq: 17286/0 avg code rate 0.9, avg bit/symbol 5.9, avg per TB: (nb RBs 17.0, nb symbols 13.0)
[0m[NR_MAC] UE 0 RNTI 3096 stats sfn: 256.2, cumulated bad DCI 0
    DL harq: 799/0
    UL harq: 17798/0 avg code rate 0.9, avg bit/symbol 6.0, avg per TB: (nb RBs 17.0, nb symbols 13.0)
[0m[NR_MAC] UE 0 RNTI 3096 stats sfn: 384.2, cumulated bad DCI 0
    DL harq: 821/0
    UL harq: 18310/0 avg code rate 0.9, avg bit/symbol 6.0, avg per TB: (nb RBs 17.0, nb symbols 13.0)
[0m[NR_MAC] UE 0 RNTI 3096 stats sfn: 512.2, cumulated bad DCI 0
    DL harq: 843/0
    UL harq: 18822/0 avg code rate 0.9, avg bit/symbol 6.0, avg per TB: (nb RBs 17.0, nb symbols 13.0)
[0m[NR_MAC] UE 0 RNTI 3096 stats sfn: 640.2, cumulated bad DCI 0
    DL harq: 865/0
    UL harq: 19334/0 avg code rate 0.9, avg bit/symbol 6.0, avg per TB: (nb RBs 17.0, nb symbols 13.0)
[0m[NR_MAC] UE 0 RNTI 3096 stats sfn: 768.2, cumulated bad DCI 0
    DL harq: 888/0
    UL harq: 19846/0 avg code rate 0.9, avg bit/symbol 6.0, avg per TB: (nb RBs 17.0, nb symbols 13.0)
[0m[NR_MAC] UE 0 RNTI 3096 stats sfn: 896.2, cumulated bad DCI 0
    DL harq: 910/0
    UL harq: 20358/0 avg code rate 0.9, avg bit/symbol 6.0, avg per TB: (nb RBs 17.0, nb symbols 13.0)
[0m[NR_MAC] UE 0 RNTI 3096 stats sfn: 0.2, cumulated bad DCI 0
    DL harq: 932/0
    UL harq: 20870/0 avg code rate 0.9, avg bit/symbol 6.0, avg per TB: (nb RBs 17.0, nb symbols 13.0)
[0m[NR_MAC] UE 0 RNTI 3096 stats sfn: 128.2, cumulated bad DCI 0
    DL harq: 955/0
    UL harq: 21382/0 avg code rate 0.9, avg bit/symbol 6.0, avg per TB: (nb RBs 17.0, nb symbols 13.0)
[0m[NR_MAC] UE 0 RNTI 3096 stats sfn: 256.2, cumulated bad DCI 0
    DL harq: 977/0
    UL harq: 21894/0 avg code rate 0.9, avg bit/symbol 6.0, avg per TB: (nb RBs 17.0, nb symbols 13.0)
[0m[NR_MAC] UE 0 RNTI 3096 stats sfn: 384.2, cumulated bad DCI 0
    DL harq: 998/0
    UL harq: 22406/0 avg code rate 0.9, avg bit/symbol 6.0, avg per TB: (nb RBs 17.0, nb symbols 13.0)
[0m[NR_MAC] UE 0 RNTI 3096 stats sfn: 512.2, cumulated bad DCI 0
    DL harq: 1020/0
    UL harq: 22918/0 avg code rate 0.9, avg bit/symbol 6.0, avg per TB: (nb RBs 17.0, nb symbols 13.0)
[0m[NR_MAC] UE 0 RNTI 3096 stats sfn: 640.2, cumulated bad DCI 0
    DL harq: 1043/0
    UL harq: 23430/0 avg code rate 0.9, avg bit/symbol 6.0, avg per TB: (nb RBs 17.0, nb symbols 13.0)
[0m[NR_MAC] UE 0 RNTI 3096 stats sfn: 768.2, cumulated bad DCI 0
    DL harq: 1065/0
    UL harq: 23942/0 avg code rate 0.9, avg bit/symbol 6.0, avg per TB: (nb RBs 17.0, nb symbols 13.0)
[0m[NR_MAC] UE 0 RNTI 3096 stats sfn: 896.2, cumulated bad DCI 0
    DL harq: 1155/0
    UL harq: 24454/0 avg code rate 0.9, avg bit/symbol 6.0, avg per TB: (nb RBs 17.0, nb symbols 13.0)
[0m[NR_MAC] UE 0 RNTI 3096 stats sfn: 0.2, cumulated bad DCI 0
    DL harq: 1200/0
    UL harq: 24966/0 avg code rate 0.9, avg bit/symbol 6.0, avg per TB: (nb RBs 17.0, nb symbols 13.0)
[0m[NR_MAC] UE 0 RNTI 3096 stats sfn: 128.2, cumulated bad DCI 0
    DL harq: 1235/0
    UL harq: 25478/0 avg code rate 0.9, avg bit/symbol 6.0, avg per TB: (nb RBs 17.0, nb symbols 13.0)
[0m[NR_MAC] UE 0 RNTI 3096 stats sfn: 256.2, cumulated bad DCI 0
    DL harq: 1269/0
    UL harq: 25990/0 avg code rate 0.9, avg bit/symbol 6.0, avg per TB: (nb RBs 17.0, nb symbols 13.0)
[0m