Logging terminal output to /home/jesse/oran_lab/logs/run_du/run_du_20260527_135417_pid32818.log
DU cores: 4,5,6,7,8,9,17,18
DU numerology: 1
AnonHugePages:   6725632 kB
ShmemHugePages:        0 kB
FileHugePages:   3432448 kB
HugePages_Total:    8192
HugePages_Free:     4096
HugePages_Rsvd:        0
HugePages_Surp:        0
Hugepagesize:       2048 kB
Hugetlb:        16777216 kB
CMDLINE: "./nr-softmodem" "-O" "/home/jesse/oran_lab/du_test.conf" "--gNBs.[0].min_rxtxtime" "6" "--thread-pool" "4,5,6,7" "--numerology" "1" 
[HW]     Version: Branch: compression-plus-timing-fix Abrev. Hash: 3b10464162 Date: Tue May 26 09:32:18 2026 -0700
[0m[PHY]    No prs_config configuration found..!!
[0m[PHY]    DL frequency 4049760000 Hz, UL frequency 4049760000 Hz: uldl offset 0 Hz
[0m[PHY]    Initializing frame parms for mu 1, N_RB 24, Ncp 0
[0m[PHY]    Init: N_RB_DL 24, first_carrier_offset 368, nb_prefix_samples 36,nb_prefix_samples0 44, ofdm_symbol_size 512
[0m[MAC]    received F1 Setup Response from CU (null)
[0m[MAC]    CU uses RRC version 17.3.0
[0m[MAC]    Clearing the DU's UE states before, if any.
[0m[MAC]    received gNB-DU configuration update acknowledge
[0m[PHY]    number of L1 instances 1, number of RU 1, number of CPU cores 32
[0m[PHY]    Initialized RU proc 0 (NGFI_RAU_IF4p5,synch_to_ext_device),
[0m[PHY]    Starting RU 0 (NGFI_RAU_IF4p5,synch_to_ext_device) on cpu 5
[0m[PHY]    Initializing frame parms for mu 1, N_RB 24, Ncp 0
[0m[PHY]    Init: N_RB_DL 24, first_carrier_offset 368, nb_prefix_samples 36,nb_prefix_samples0 44, ofdm_symbol_size 512
[0m[PHY]    fp->scs=30000
[0m[PHY]    fp->ofdm_symbol_size=512
[0m[PHY]    fp->nb_prefix_samples0=44
[0m[PHY]    fp->nb_prefix_samples=36
[0m[PHY]    fp->slots_per_subframe=2
[0m[PHY]    fp->samples_per_subframe_wCP=14336
[0m[PHY]    fp->samples_per_frame_wCP=143360
[0m[PHY]    fp->samples_per_subframe=15360
[0m[PHY]    fp->samples_per_frame=153600
[0m[PHY]    fp->dl_CarrierFreq=4049760000
[0m[PHY]    fp->ul_CarrierFreq=4049760000
[0m[PHY]    fp->Nid_cell=0
[0m[PHY]    fp->first_carrier_offset=368
[0m[PHY]    fp->ssb_start_subcarrier=0
[0m[PHY]    fp->Ncp=0
[0m[PHY]    fp->N_RB_DL=24
[0m[PHY]    fp->numerology_index=1
[0m[PHY]    fp->ofdm_offset_divisor=8
[0m[PHY]    fp->threequarter_fs=0
[0m[PHY]    fp->sl_CarrierFreq=0
[0m[PHY]    fp->N_RB_SL=0
[0m[PHY]    Setting RF config for N_RB 24, NB_RX 1, NB_TX 1
[0m[PHY]    tune_offset 0 Hz, sample_rate 15360000 Hz
[0m[PHY]    Channel 0: setting tx_gain offset 0, tx_freq 4049760000 Hz
[0m[PHY]    Channel 0: setting rx_gain offset 0, rx_freq 4049760000 Hz
[0m[PHY]    starting transport
[0m[32m[PHY]    Initializing XRAN layer as O-DU
[0m[HW]     Initializing O-RAN 7.2 FH interface through xran library (compiled against headers of oran_f_release_v1.8)
[0mEAL: Detected 32 lcore(s)
EAL: Detected 1 NUMA nodes
EAL: Auto-detected process type: PRIMARY
EAL: Detected shared linkage of DPDK
EAL: Multi-process socket /var/run/dpdk/wls_0/mp_socket
EAL: Selected IOVA mode 'PA'
EAL: No available hugepages reported in hugepages-1048576kB
EAL: Probing VFIO support...
EAL: VFIO support initialized
EAL: Probe PCI driver: net_i40e_vf (8086:154c) device: 0000:06:02.2 (socket 0)
[CONFIG] function config_libconfig_init returned 0
xran_fh_init:
  io_cfg:
    id 0 (O-DU)
    num_vfs 2
    num_rxq 1
    dpdk_dev [0000:06:02.2, 0000:06:02.3, (null), (null), (null), (null), (null), (null), (null), (null), (null), (null), (null), (null), (null), (null)]
    bbdev_dev (null)
    bbdev_mode -1
    dpdkIoVaMode 0
    dpdkMemorySize 8192
    core 9
    system_core 8
    pkt_proc_core 0000000000060000
    pkt_proc_core_64_127 0000000000000000
    pkt_aux_core 0
    timing_core 9
    port (filled within xran library)
    io_sleep 0
    nEthLinePerPort 1
    nEthLineSpeed 10
    one_vf_cu_plane 0
    eowd_cmn[0]:
      initiator_en 0
      numberOfSamples 0
      filterType 0
      responseTo 0
      measVf 0
      measState 0
      measId 0
      measMethod 0
      owdm_enable 0
      owdm_PlLength 0
eowd_port (filled within xran library)
    bbu_offload 0
  eAxCId_conf:
    mask_cuPortId 0xf000
    mask_bandSectorId 0x0f00
    mask_ccId 0x00f0
    mask_ruPortId 0x000f
    bit_cuPortId 0
    bit_bandSectorId 0
    bit_ccId 0
    bit_ruPortId 0
  xran_ports 1
  dpdkBasebandFecMode 0
  dpdkBasebandDevice (null)
  filePrefix wls_0
  mtu 9600
  p_o_du_addr (null)
  p_o_ru_addr [00:11:22:33:64:66, 00:11:22:33:64:67]
  totalBfWeights 0
  mlogxranenable 0
  dlCpProcBurst 0
'DPDK 20.11.9'
 xran_init: MTU 9600
PF Eth line speed 10G
PF Eth lines per O-xU port 1
RX HW queues per O-xU Eth line 1 
node 0
total cores 32 c_mask 0x00000000000060300 core 9 [id] system_core 8 [id] pkt_proc_core 0x00000000000060000 [mask] pkt_aux_core 0 [id] timing_core 9 [id]
xran_ethdi_init_dpdk_io: Calling rte_eal_init:wls_0 -c 0x00000000000060300 -n2 --iova-mode=pa --socket-mem=8192,0 --socket-limit=8192,0 --proc-type=auto --no-telemetry --file-prefix wls_0 -a0000:00:00.0    
xran_init_mbuf_pool: socket 0
initializing port 0 for TX, drv=net_i40e_vf
Port 0 MAC: 00 11 22 33 64 68
Port 0: nb_rxd 4096 nb_txd 4096
[0] mp_rx__p_0_q_0 num blocks 65535
[0] mempool_small__0

Checking link status portid [0]  EAL: Probe PCI driver: net_i40e_vf (8086:154c) device: 0000:06:02.3 (socket 0)
skipped by XRAN_SKIP_LINK_CHECK
initializing port 1 for TX, drv=net_i40e_vf
Port 1 MAC: 00 11 22 33 64 69
Port 1: nb_rxd 4096 nb_txd 4096
[1] mp_rx__p_1_q_0 num blocks 65535
[1] mempool_small__1
Created ring tx_ring_cp_1 on core 9
Created ring rx_ring_cp_1_0 on core 9

Checking link status portid [1]  [93m[HW]     XRAN modifed affinity. Correcting affinity of caller
[0mskipped by XRAN_SKIP_LINK_CHECK
[ 0] vf  0 local  SRC MAC: 00 11 22 33 64 68
[ 0] vf  0 remote DST MAC: 00 11 22 33 64 66
[ 0] vf  1 local  SRC MAC: 00 11 22 33 64 69
[ 0] vf  1 remote DST MAC: 00 11 22 33 64 67
created dl_gen_ring_up_0 on core 9
xran_fh_config:
  dpdk_port 0
  sector_id 0
  nCC 1
  neAxc 1
  neAxcUl 0
  nAntElmTRx 0
  nDLFftSize 9
  nULFftSize 9
  nDLRBs 24
  nULRBs 24
  nDLAbsFrePointA 0
  nULAbsFrePointA 0
  nDLCenterFreqARFCN 0
  nULCenterFreqARFCN 0
  ttiCb (nil)
  ttiCbParam (nil)
  Tadv_cp_dl 0
  T2a_min_cp_dl 0
  T2a_max_cp_dl 0
  T2a_min_cp_ul 0
  T2a_max_cp_ul 0
  T2a_min_up 0
  T2a_max_up 0
  Ta3_min 0
  Ta3_max 0
  T1a_min_cp_dl 285
  T1a_max_cp_dl 470
  T1a_min_cp_ul 285
  T1a_max_cp_ul 535
  T1a_min_up 300
  T1a_max_up 450
  Ta4_min 400
  Ta4_max 440
  enableCP 1
  prachEnable 1
  srsEnable 0
  puschMaskEnable 0
  puschMaskSlot 0
  cp_vlan_tag 0
  up_vlan_tag 0
  debugStop 0
  debugStopCount 0
  DynamicSectionEna 0
  GPS_Alpha 0
  GPS_Beta -9000
  srsEnableCp 0
  SrsDelaySym 0
  prach_config:
    nPrachConfIdx 159
    nPrachSubcSpacing 1
    nPrachZeroCorrConf 0
    nPrachRestrictSet 0
    nPrachRootSeqIdx 0
    nPrachFreqStart 0
    nPrachFreqOffset -288
    nPrachFilterIdx 0
    startSymId 0
    lastSymId 0
    startPrbc 0
    numPrbc 0
    timeOffset 0
    freqOffset 0
    eAxC_offset 1
    nPrachConfIdxLTE 0
  srs_config:
    symbMask 0000
    eAxC_offset 0
  frame_conf:
    nFrameDuplexType TDD
    nNumerology 1
    nTddPeriod 5
    sSlotConfig[0]: DDDDDDDDDDDDDD
    sSlotConfig[1]: DDDDDDDDDDDDDD
    sSlotConfig[2]: DDDDDDDDDDDDDD
    sSlotConfig[3]: DDDDDDGGGGUUUU
    sSlotConfig[4]: UUUUUUUUUUUUUU
  ru_config:
    xranTech NR
    xranCat A
    xranCompHdrType dynamic
    iqWidth 16
    compMeth 0
    iqWidth_PRACH 16
    compMeth_PRACH 0
    fftSize 8
    byteOrder network/BE
    iqOrder I_Q
    xran_max_frame 0
  bbdev_enc (nil)
  bbdev_dec (nil)
  tx_cp_eAxC2Vf 0x716c8e7e04b0
  tx_up_eAxC2Vf 0x716c8e7e10b0
  rx_cp_eAxC2Vf 0x716c8e7e1cb0
  rx_up_eAxC2Vf 0x716c8e7e28b0
  log_level 1
  max_sections_per_slot 0
  max_sections_per_symbol 0
  RunSlotPrbMapBySymbolEnable 0
  LiteOnIgnoreUPSectionIdEnable 0
  dssEnable 0
  dssPeriod 0
  technology[XRAN_MAX_DSS_PERIODICITY] (not filled as DSS disabled)
 xran_open: 5G NR Category A
xRAN open PRACH config: Numerology 1 ConfIdx 159, preambleFmrt 10 startsymb 0, numSymbol 12, occassionsInPrachSlot 1
PRACH: x 1 y[0] 0, y[1] 0 prach slot: 9 ..
PRACH start symbol 0 lastsymbol 11
xran_init_vfs_mapping: p 0 vf 0
xran_init_vfs_mapping: p 0 vf 1
xran_open: interval_us=500, interval_us_local=500
bbu_offload 0
XRAN_UP_VF: 0x0000
xran_timing_source_thread [CPU  9] [PID:  32842]
TTI interval 500 [us]
delay_cp_dl_max=30, sym_cp_dl_max=1, max_dl_offset_sym=13
delay_cp_dl_min=215, sym_cp_dl_min=5, min_dl_offset_sym=9
delay_cp_ul=465,     sym_cp_ul=0,     ul_offset_sym=14
offset_num_slots_cp_dl=0, offset_num_slots_cp_ul=1, offset_num_slots_up_ul=0
C-plane DL from 30 us after TTI  [trigger on sym 1] to 215 us after TTI [trigger on sym 5]
Start C-plane UL 465 us after TTI  [trigger on sym 0]
Start U-plane DL 450 us before OTA [offset  in sym -12]
Start U-plane UL 440 us OTA        [offset  in sym 13]
C-plane to U-plane delay 20 us after TTI
Start Sym timer 107142 ns
created sym cp dl cb for symbol 1
created sym cp dl cb for symbol 2
created sym cp dl cb for symbol 3
created sym cp dl cb for symbol 4
created sym cp dl cb for symbol 5
O-XU      0
HW        0
Num cores 3
Num ports 1
O-RU Cat  0
O-RU CC   1
O-RU eAxC 1
p:0 XRAN_JOB_TYPE_CP_DL worker id 1
p:0 XRAN_JOB_TYPE_CP_UL worker id 1
p:0 XRAN_JOB_TYPE_CP_DL worker id 0
p:0 XRAN_JOB_TYPE_CP_UL worker id 0
xran_generic_worker_thread [CPU 17] [PID:  32842]
spawn worker 0 core 17
xran_generic_worker_thread [CPU 18] [PID:  32842]
spawn worker 1 core 18
xran_open [CPU  7] [PID:  32842]
Waiting on Timing thread...
Initialize ORAN port instance 0 (1) sector 0
xran_sector_get_instances() o_xu_id 0 xran_handle 0x716c58f95040
xran_sector_get_instances [0]: CC 0 handle 0x716c7c16c740
Handle: 0x716c9c3aa468 Instance: 0x71[HW]     [RAU] has loaded ETHERNET trasport protocol.
[0m[PHY]    Starting IF interface for RU 0, nb_rx 1
[0m[PHY]    RU 0 Setting N_TA_offset to 200 samples (UL Freq 4045440, N_RB 24, mu 1)
[0m[PHY]    Signaling main thread that RU 0 is ready, sl_ahead 10
[0m[PHY]    L1 configured without analog beamforming
[0m[PHY]    Attaching RU 0 antenna 0 to gNB antenna 0
[0m[PHY]    got sync (L1_stats_thread)
[0m6c7c16c740
-> hInstance 0x716c7c16c740
ru_0_cc_0_idx_0: [ handle 0x716c7c16c740 0 0 ] [nPoolIndex 0] nNumberOfBuffers 511 nBufferSize 14116 socket_id 0
CC:[ handle 0x716c7c16c740 ru 0 cc_idx 0 ] [nPoolIndex 0] mb pool 0x284784940 
xran_bm_init() hInstance 0x716c7c16c740 poolIdx 0 elements 511 size 14116
xran_bm_allocate_buffer() hInstance 0x716c7c16c740 poolIdx 0 count 280
ru_0_cc_0_idx_1: [ handle 0x716c7c16c740 0 0 ] [nPoolIndex 1] nNumberOfBuffers 511 nBufferSize 4976 socket_id 0
CC:[ handle 0x716c7c16c740 ru 0 cc_idx 0 ] [nPoolIndex 1] mb pool 0x284784280 
xran_bm_init() hInstance 0x716c7c16c740 poolIdx 1 elements 511 size 4976
xran_bm_allocate_buffer() hInstance 0x716c7c16c740 poolIdx 1 count 20
ru_0_cc_0_idx_2: [ handle 0x716c7c16c740 0 0 ] [nPoolIndex 2] nNumberOfBuffers 511 nBufferSize 13168 socket_id 0
CC:[ handle 0x716c7c16c740 ru 0 cc_idx 0 ] [nPoolIndex 2] mb pool 0x284786d00 
xran_bm_init() hInstance 0x716c7c16c740 poolIdx 2 elements 511 size 13168
xran_bm_allocate_buffer() hInstance 0x716c7c16c740 poolIdx 2 count 280
ru_0_cc_0_idx_3: [ handle 0x716c7c16c740 0 0 ] [nPoolIndex 3] nNumberOfBuffers 511 nBufferSize 4976 socket_id 0
CC:[ handle 0x716c7c16c740 ru 0 cc_idx 0 ] [nPoolIndex 3] mb pool 0x284786700 
xran_bm_init() hInstance 0x716c7c16c740 poolIdx 3 elements 511 size 4976
xran_bm_allocate_buffer() hInstance 0x716c7c16c740 poolIdx 3 count 20
ru_0_cc_0_idx_4: [ handle 0x716c7c16c740 0 0 ] [nPoolIndex 4] nNumberOfBuffers 511 nBufferSize 3360 socket_id 0
CC:[ handle 0x716c7c16c740 ru 0 cc_idx 0 ] [nPoolIndex 4] mb pool 0x2847861c0 
xran_bm_init() hInstance 0x716c7c16c740 poolIdx 4 elements 511 size 3360
xran_bm_allocate_buffer() hInstance 0x716c7c16c740 poolIdx 4 count 280
ORAN: get_internal_parameter
ORAN: get_internal_parameter
ORAN: trx_oran_start
O-DU: XRAN start time: 05/27/26 20:54:20.709765210 UTC [500]
Start ORAN. Done
O-DU: thread_run start time: 05/27/26 20:54:21.000000016 UTC [500]
TYPE <CTRL-C> TO TERMINATE
[PHY]    got sync (ru_thread)
[0m[PHY]    RU 0 no rf device
[0m[PHY]    RU 0 RF started cpu_meas_enabled 0
[0m[93m[HW]     TTI processing delay detected, skipping    0.10 =>    1. 8
[0m[1;31m[HW]     Received Time doesn't correspond to the time we think it is (slot mismatch, received 1.8, expected 0.10)
[0m[1;31m[HW]     Received Time doesn't correspond to the time we think it is (frame mismatch, 1.8 , expected 0.8)
[0m[93m[HW]     we get rach data from ru, but it is not scheduled 1.19
[0m[93m[HW]     TTI processing delay detected, skipping   84. 4 =>   84.12
[0m[1;31m[HW]     Received Time doesn't correspond to the time we think it is (slot mismatch, received 84.12, expected 84.4)
[0m[93m[HW]     TTI processing delay detected, skipping   84.14 =>   85.11
[0m[1;31m[HW]     Received Time doesn't correspond to the time we think it is (slot mismatch, received 85.11, expected 84.14)
[0m[1;31m[HW]     Received Time doesn't correspond to the time we think it is (frame mismatch, 85.11 , expected 84.11)
[0m[93m[HW]     we get rach data from ru, but it is not scheduled 85.19
[0m[93m[HW]     we get rach data from ru, but it is not scheduled 86.19
[0m[32m[PHY]    Command line parameters for OAI UE: -C 4049760000 -r 24 --numerology 1 --ssb 24 
[0m[PHY]    ULSCH ACK trace 113.18 rnti 2e2c harq 0 round 0 rv 0 crc_valid 1 processed 1/1 abort 0 dtx 0 TBS 7 rb 0+8 sym 10+3 mcs 1 Qm 2 SNR 39.0 dB TAest 0
[0m[MAC]    [RAPROC] Received SDU for CCCH length 6 for UE 2e2c
[0m[93m[PHY]    ULSCH NAK trace 115.19 rnti 2e2c harq 0 round 0 rv 0 crc_valid 0 processed 0/1 abort 1 dtx 0 TBS 17 rb 12+5 sym 0+13 mcs 0 Qm 2 SNR 33.9 dB TAest -1
[0m[93m[PHY]    ULSCH NAK trace 116.14 rnti 2e2c harq 1 round 0 rv 0 crc_valid 0 processed 0/1 abort 1 dtx 0 TBS 17 rb 4+5 sym 0+13 mcs 0 Qm 2 SNR 21.1 dB TAest -1
[0m[93m[PHY]    ULSCH NAK trace 116.19 rnti 2e2c harq 0 round 1 rv 2 crc_valid 0 processed 0/1 abort 1 dtx 0 TBS 17 rb 12+5 sym 0+13 mcs 0 Qm 2 SNR 33.9 dB TAest -1
[0m[93m[PHY]    ULSCH NAK trace 117.14 rnti 2e2c harq 1 round 1 rv 2 crc_valid 0 processed 0/1 abort 1 dtx 0 TBS 17 rb 4+5 sym 0+13 mcs 0 Qm 2 SNR 24.9 dB TAest 0
[0m[PHY]    ULSCH ACK trace 117.19 rnti 2e2c harq 0 round 2 rv 3 crc_valid 1 processed 1/1 abort 0 dtx 0 TBS 17 rb 12+5 sym 0+13 mcs 0 Qm 2 SNR 33.9 dB TAest 0
[0m[93m[PHY]    ULSCH NAK trace 118.4 rnti 2e2c harq 2 round 0 rv 0 crc_valid 0 processed 0/1 abort 1 dtx 0 TBS 17 rb 4+5 sym 0+13 mcs 0 Qm 2 SNR 26.8 dB TAest 0
[0m[PHY]    ULSCH ACK trace 118.14 rnti 2e2c harq 1 round 2 rv 3 crc_valid 1 processed 1/1 abort 0 dtx 0 TBS 17 rb 4+5 sym 0+13 mcs 0 Qm 2 SNR 29.1 dB TAest 0
[0m[93m[PHY]    ULSCH NAK trace 118.19 rnti 2e2c harq 3 round 0 rv 0 crc_valid 0 processed 0/1 abort 1 dtx 0 TBS 17 rb 12+5 sym 0+13 mcs 0 Qm 2 SNR 33.8 dB TAest 0
[0m[93m[PHY]    ULSCH NAK trace 119.4 rnti 2e2c harq 2 round 1 rv 2 crc_valid 0 processed 0/1 abort 1 dtx 0 TBS 17 rb 4+5 sym 0+13 mcs 0 Qm 2 SNR 33.9 dB TAest -1
[0m[93m[PHY]    ULSCH NAK trace 119.9 rnti 2e2c harq 4 round 0 rv 0 crc_valid 0 processed 0/1 abort 1 dtx 0 TBS 17 rb 4+5 sym 0+13 mcs 0 Qm 2 SNR 33.9 dB TAest -1
[0m[93m[PHY]    ULSCH NAK trace 119.14 rnti 2e2c harq 5 round 0 rv 0 crc_valid 0 processed 0/1 abort 1 dtx 0 TBS 17 rb 4+5 sym 0+13 mcs 0 Qm 2 SNR 33.9 dB TAest -1
[0m[93m[PHY]    ULSCH NAK trace 119.19 rnti 2e2c harq 3 round 1 rv 2 crc_valid 0 processed 0/1 abort 1 dtx 0 TBS 17 rb 12+5 sym 0+13 mcs 0 Qm 2 SNR 33.9 dB TAest -1
[0m[PHY]    ULSCH ACK trace 120.4 rnti 2e2c harq 2 round 2 rv 3 crc_valid 1 processed 1/1 abort 0 dtx 0 TBS 17 rb 4+5 sym 0+13 mcs 0 Qm 2 SNR 34.8 dB TAest -1
[0m[93m[PHY]    ULSCH NAK trace 120.9 rnti 2e2c harq 4 round 1 rv 2 crc_valid 0 processed 0/1 abort 1 dtx 0 TBS 17 rb 4+5 sym 0+13 mcs 0 Qm 2 SNR 33.9 dB TAest -1
[0m[93m[PHY]    ULSCH NAK trace 120.14 rnti 2e2c harq 5 round 1 rv 2 crc_valid 0 processed 0/1 abort 1 dtx 0 TBS 17 rb 4+5 sym 0+13 mcs 0 Qm 2 SNR 33.9 dB TAest -1
[0m[PHY]    ULSCH ACK trace 120.19 rnti 2e2c harq 3 round 2 rv 3 crc_valid 1 processed 1/1 abort 0 dtx 0 TBS 17 rb 12+5 sym 0+13 mcs 0 Qm 2 SNR 34.8 dB TAest -1
[0m[93m[PHY]    ULSCH NAK trace 121.4 rnti 2e2c harq 6 round 0 rv 0 crc_valid 0 processed 0/1 abort 1 dtx 0 TBS 17 rb 4+5 sym 0+13 mcs 0 Qm 2 SNR 34.8 dB TAest 0
[0m[PHY]    ULSCH ACK trace 121.9 rnti 2e2c harq 4 round 2 rv 3 crc_valid 1 processed 1/1 abort 0 dtx 0 TBS 17 rb 4+5 sym 0+13 mcs 0 Qm 2 SNR 33.9 dB TAest 0
[0m[PHY]    ULSCH ACK trace 121.14 rnti 2e2c harq 5 round 2 rv 3 crc_valid 1 processed 1/1 abort 0 dtx 0 TBS 17 rb 4+5 sym 0+13 mcs 0 Qm 2 SNR 33.9 dB TAest 0
[0m[93m[PHY]    ULSCH NAK trace 121.19 rnti 2e2c harq 7 round 0 rv 0 crc_valid 0 processed 0/1 abort 1 dtx 0 TBS 17 rb 12+5 sym 0+13 mcs 0 Qm 2 SNR 34.8 dB TAest 0
[0m[93m[PHY]    ULSCH NAK trace 122.4 rnti 2e2c harq 6 round 1 rv 2 crc_valid 0 processed 0/1 abort 1 dtx 0 TBS 17 rb 4+5 sym 0+13 mcs 0 Qm 2 SNR 34.8 dB TAest 0
[0m[93m[PHY]    ULSCH NAK trace 122.19 rnti 2e2c harq 7 round 1 rv 2 crc_valid 0 processed 0/1 abort 1 dtx 0 TBS 17 rb 12+5 sym 0+13 mcs 0 Qm 2 SNR 34.8 dB TAest 0
[0m[PHY]    ULSCH ACK trace 123.4 rnti 2e2c harq 6 round 2 rv 3 crc_valid 1 processed 1/1 abort 0 dtx 0 TBS 17 rb 4+5 sym 0+13 mcs 0 Qm 2 SNR 34.8 dB TAest -1
[0m[PHY]    ULSCH ACK trace 123.19 rnti 2e2c harq 7 round 2 rv 3 crc_valid 1 processed 1/1 abort 0 dtx 0 TBS 17 rb 12+5 sym 0+13 mcs 0 Qm 2 SNR 34.8 dB TAest -1
[0m[93m[PHY]    ULSCH NAK trace 124.4 rnti 2e2c harq 8 round 0 rv 0 crc_valid 0 processed 0/1 abort 1 dtx 0 TBS 17 rb 4+5 sym 0+13 mcs 0 Qm 2 SNR 34.8 dB TAest -1
[0m[93m[PHY]    ULSCH NAK trace 124.14 rnti 2e2c harq 9 round 0 rv 0 crc_valid 0 processed 0/1 abort 1 dtx 0 TBS 17 rb 4+5 sym 0+13 mcs 0 Qm 2 SNR 33.9 dB TAest -1
[0m[93m[PHY]    ULSCH NAK trace 125.4 rnti 2e2c harq 8 round 1 rv 2 crc_valid 0 processed 0/1 abort 1 dtx 0 TBS 17 rb 4+5 sym 0+13 mcs 0 Qm 2 SNR 34.8 dB TAest 0
[0m[93m[PHY]    ULSCH NAK trace 125.14 rnti 2e2c harq 9 round 1 rv 2 crc_valid 0 processed 0/1 abort 1 dtx 0 TBS 17 rb 4+5 sym 0+13 mcs 0 Qm 2 SNR 33.9 dB TAest 0
[0m[PHY]    ULSCH ACK trace 126.4 rnti 2e2c harq 8 round 2 rv 3 crc_valid 1 processed 1/1 abort 0 dtx 0 TBS 17 rb 4+5 sym 0+13 mcs 0 Qm 2 SNR 34.8 dB TAest 0
[0m[PHY]    ULSCH ACK trace 126.14 rnti 2e2c harq 9 round 2 rv 3 crc_valid 1 processed 1/1 abort 0 dtx 0 TBS 17 rb 4+5 sym 0+13 mcs 0 Qm 2 SNR 33.9 dB TAest 0
[0m[HW]     [o-du 0][rx   10717 pps   10717 kbps   34623][tx   31916 pps   31916 kbps   87628][Total Msgs_Rcvd 10717]
[0m[HW]     [FH LOAD][o-du 0] rx=34.623 Mbps tx=87.628 Mbps total=122.251 Mbps rx_pps=10717 tx_pps=31916 total_pps=42633
[0m[HW]     [o_du0][pusch0    9180 prach0    1536]
[0m[93m[PHY]    ULSCH NAK trace 131.4 rnti 2e2c harq 10 round 0 rv 0 crc_valid 0 processed 0/1 abort 1 dtx 0 TBS 17 rb 4+5 sym 0+13 mcs 0 Qm 2 SNR 33.9 dB TAest -1
[0m[93m[PHY]    ULSCH NAK trace 131.14 rnti 2e2c harq 11 round 0 rv 0 crc_valid 0 processed 0/1 abort 1 dtx 0 TBS 17 rb 4+5 sym 0+13 mcs 0 Qm 2 SNR 33.9 dB TAest -1
[0m[93m[PHY]    ULSCH NAK trace 132.4 rnti 2e2c harq 10 round 1 rv 2 crc_valid 0 processed 0/1 abort 1 dtx 0 TBS 17 rb 4+5 sym 0+13 mcs 0 Qm 2 SNR 33.9 dB TAest -1
[0m[93m[PHY]    ULSCH NAK trace 132.14 rnti 2e2c harq 11 round 1 rv 2 crc_valid 0 processed 0/1 abort 1 dtx 0 TBS 17 rb 4+5 sym 0+13 mcs 0 Qm 2 SNR 33.9 dB TAest -1
[0m[PHY]    ULSCH ACK trace 133.4 rnti 2e2c harq 10 round 2 rv 3 crc_valid 1 processed 1/1 abort 0 dtx 0 TBS 17 rb 4+5 sym 0+13 mcs 0 Qm 2 SNR 33.9 dB TAest 0
[0m[PHY]    ULSCH ACK trace 133.14 rnti 2e2c harq 11 round 2 rv 3 crc_valid 1 processed 1/1 abort 0 dtx 0 TBS 17 rb 4+5 sym 0+13 mcs 0 Qm 2 SNR 33.9 dB TAest 0
[0m[93m[PHY]    ULSCH NAK trace 134.4 rnti 2e2c harq 12 round 0 rv 0 crc_valid 0 processed 0/1 abort 1 dtx 0 TBS 17 rb 4+5 sym 0+13 mcs 0 Qm 2 SNR 33.9 dB TAest 0
[0m[93m[PHY]    ULSCH NAK trace 134.9 rnti 2e2c harq 13 round 0 rv 0 crc_valid 0 processed 0/1 abort 1 dtx 0 TBS 17 rb 4+5 sym 0+13 mcs 0 Qm 2 SNR 33.9 dB TAest 0
[0m[93m[PHY]    ULSCH NAK trace 134.14 rnti 2e2c harq 14 round 0 rv 0 crc_valid 0 processed 0/1 abort 1 dtx 0 TBS 17 rb 4+5 sym 0+13 mcs 0 Qm 2 SNR 33.9 dB TAest 0
[0m[93m[PHY]    ULSCH NAK trace 134.19 rnti 2e2c harq 15 round 0 rv 0 crc_valid 0 processed 0/1 abort 1 dtx 0 TBS 17 rb 12+5 sym 0+13 mcs 0 Qm 2 SNR 33.9 dB TAest 0
[0m[93m[PHY]    ULSCH NAK trace 135.4 rnti 2e2c harq 12 round 1 rv 2 crc_valid 0 processed 0/1 abort 1 dtx 0 TBS 17 rb 4+5 sym 0+13 mcs 0 Qm 2 SNR 34.8 dB TAest -1
[0m[93m[PHY]    ULSCH NAK trace 135.9 rnti 2e2c harq 13 round 1 rv 2 crc_valid 0 processed 0/1 abort 1 dtx 0 TBS 17 rb 4+5 sym 0+13 mcs 0 Qm 2 SNR 33.9 dB TAest -1
[0m[93m[PHY]    ULSCH NAK trace 135.14 rnti 2e2c harq 14 round 1 rv 2 crc_valid 0 processed 0/1 abort 1 dtx 0 TBS 17 rb 4+5 sym 0+13 mcs 0 Qm 2 SNR 33.9 dB TAest -1
[0m[93m[PHY]    ULSCH NAK trace 135.19 rnti 2e2c harq 15 round 1 rv 2 crc_valid 0 processed 0/1 abort 1 dtx 0 TBS 17 rb 12+5 sym 0+13 mcs 0 Qm 2 SNR 33.9 dB TAest -1
[0m[PHY]    ULSCH ACK trace 136.4 rnti 2e2c harq 12 round 2 rv 3 crc_valid 1 processed 1/1 abort 0 dtx 0 TBS 17 rb 4+5 sym 0+13 mcs 0 Qm 2 SNR 34.8 dB TAest -1
[0m[PHY]    ULSCH ACK trace 136.9 rnti 2e2c harq 13 round 2 rv 3 crc_valid 1 processed 1/1 abort 0 dtx 0 TBS 17 rb 4+5 sym 0+13 mcs 0 Qm 2 SNR 33.9 dB TAest -1
[0m[PHY]    ULSCH ACK trace 136.14 rnti 2e2c harq 14 round 2 rv 3 crc_valid 1 processed 1/1 abort 0 dtx 0 TBS 17 rb 4+5 sym 0+13 mcs 0 Qm 2 SNR 33.9 dB TAest -1
[0m[PHY]    ULSCH ACK trace 136.19 rnti 2e2c harq 15 round 2 rv 3 crc_valid 1 processed 1/1 abort 0 dtx 0 TBS 17 rb 12+5 sym 0+13 mcs 0 Qm 2 SNR 33.9 dB TAest -1
[0m[PHY]    ULSCH ACK trace 139.4 rnti 2e2c harq 0 round 2 rv 3 crc_valid 1 processed 1/1 abort 0 dtx 0 TBS 17 rb 4+5 sym 0+13 mcs 0 Qm 2 SNR 34.8 dB TAest -1
[0m[PHY]    ULSCH ACK trace 141.14 rnti 2e2c harq 1 round 2 rv 3 crc_valid 1 processed 1/1 abort 0 dtx 0 TBS 17 rb 4+5 sym 0+13 mcs 0 Qm 2 SNR 33.9 dB TAest 0
[0m[PHY]    ULSCH ACK trace 142.4 rnti 2e2c harq 2 round 2 rv 3 crc_valid 1 processed 1/1 abort 0 dtx 0 TBS 17 rb 4+5 sym 0+13 mcs 0 Qm 2 SNR 34.8 dB TAest 0
[0m[PHY]    ULSCH ACK trace 144.14 rnti 2e2c harq 3 round 2 rv 3 crc_valid 1 processed 1/1 abort 0 dtx 0 TBS 17 rb 4+5 sym 0+13 mcs 0 Qm 2 SNR 34.8 dB TAest -1
[0m[PHY]    ULSCH ACK trace 145.4 rnti 2e2c harq 4 round 2 rv 3 crc_valid 1 processed 1/1 abort 0 dtx 0 TBS 17 rb 4+5 sym 0+13 mcs 0 Qm 2 SNR 34.8 dB TAest 0
[0m[PHY]    ULSCH ACK trace 145.9 rnti 2e2c harq 5 round 2 rv 3 crc_valid 1 processed 1/1 abort 0 dtx 0 TBS 17 rb 4+5 sym 0+13 mcs 0 Qm 2 SNR 33.9 dB TAest 0
[0m[PHY]    ULSCH ACK trace 145.19 rnti 2e2c harq 6 round 2 rv 3 crc_valid 1 processed 1/1 abort 0 dtx 0 TBS 17 rb 12+5 sym 0+13 mcs 0 Qm 2 SNR 33.9 dB TAest 0
[0m[PHY]    ULSCH ACK trace 147.14 rnti 2e2c harq 7 round 2 rv 3 crc_valid 1 processed 1/1 abort 0 dtx 0 TBS 17 rb 4+5 sym 0+13 mcs 0 Qm 2 SNR 34.8 dB TAest -1
[0m[PHY]    ULSCH ACK trace 148.4 rnti 2e2c harq 8 round 2 rv 3 crc_valid 1 processed 1/1 abort 0 dtx 0 TBS 17 rb 4+5 sym 0+13 mcs 0 Qm 2 SNR 34.8 dB TAest -1
[0m[PHY]    ULSCH ACK trace 148.9 rnti 2e2c harq 9 round 2 rv 3 crc_valid 1 processed 1/1 abort 0 dtx 0 TBS 17 rb 4+5 sym 0+13 mcs 0 Qm 2 SNR 33.9 dB TAest -1
[0m[PHY]    ULSCH ACK trace 148.19 rnti 2e2c harq 10 round 2 rv 3 crc_valid 1 processed 1/1 abort 0 dtx 0 TBS 17 rb 12+5 sym 0+13 mcs 0 Qm 2 SNR 34.8 dB TAest -1
[0m[PHY]    ULSCH ACK trace 150.14 rnti 2e2c harq 11 round 2 rv 3 crc_valid 1 processed 1/1 abort 0 dtx 0 TBS 17 rb 4+5 sym 0+13 mcs 0 Qm 2 SNR 34.8 dB TAest 0
[0m[PHY]    ULSCH ACK trace 151.4 rnti 2e2c harq 12 round 2 rv 3 crc_valid 1 processed 1/1 abort 0 dtx 0 TBS 17 rb 4+5 sym 0+13 mcs 0 Qm 2 SNR 34.8 dB TAest -1
[0m[PHY]    ULSCH ACK trace 151.9 rnti 2e2c harq 13 round 2 rv 3 crc_valid 1 processed 1/1 abort 0 dtx 0 TBS 17 rb 4+5 sym 0+13 mcs 0 Qm 2 SNR 33.9 dB TAest -1
[0m[PHY]    ULSCH ACK trace 153.14 rnti 2e2c harq 14 round 2 rv 3 crc_valid 1 processed 1/1 abort 0 dtx 0 TBS 17 rb 4+5 sym 0+13 mcs 0 Qm 2 SNR 34.8 dB TAest 0
[0m[93m[NR_MAC] Received ACK for RRCReconfiguration, but nothing to apply!
[0m[93m[NR_MAC] Received ACK for RRCReconfiguration, but nothing to apply!
[0m[93m[NR_MAC] Received ACK for RRCReconfiguration, but nothing to apply!
[0m[93m[NR_MAC] Received ACK for RRCReconfiguration, but nothing to apply!
[0m[93m[NR_MAC] Received ACK for RRCReconfiguration, but nothing to apply!
[0m[HW]     [o-du 0][rx   21469 pps   10752 kbps   72960][tx   63788 pps   31872 kbps  182321][Total Msgs_Rcvd 21469]
[0m[HW]     [FH LOAD][o-du 0] rx=72.960 Mbps tx=182.321 Mbps total=255.281 Mbps rx_pps=10752 tx_pps=31872 total_pps=42624
[0m[HW]     [o_du0][pusch0   18396 prach0    3072]
[0m[HW]     [o-du 0][rx   32221 pps   10752 kbps   72955][tx   95660 pps   31872 kbps  182321][Total Msgs_Rcvd 32221]
[0m[HW]     [FH LOAD][o-du 0] rx=72.955 Mbps tx=182.321 Mbps total=255.276 Mbps rx_pps=10752 tx_pps=31872 total_pps=42624
[0m[HW]     [o_du0][pusch0   27612 prach0    4608]
[0m[HW]     [o-du 0][rx   42973 pps   10752 kbps   72960][tx  127532 pps   31872 kbps  182321][Total Msgs_Rcvd 42973]
[0m[HW]     [FH LOAD][o-du 0] rx=72.960 Mbps tx=182.321 Mbps total=255.281 Mbps rx_pps=10752 tx_pps=31872 total_pps=42624
[0m[HW]     [o_du0][pusch0   36828 prach0    6144]
[0m[HW]     [o-du 0][rx   53725 pps   10752 kbps   72974][tx  159404 pps   31872 kbps  182321][Total Msgs_Rcvd 53725]
[0m[HW]     [FH LOAD][o-du 0] rx=72.974 Mbps tx=182.321 Mbps total=255.295 Mbps rx_pps=10752 tx_pps=31872 total_pps=42624
[0m[HW]     [o_du0][pusch0   46044 prach0    7680]
[0m[HW]     [o-du 0][rx   64477 pps   10752 kbps   72960][tx  191276 pps   31872 kbps  182321][Total Msgs_Rcvd 64477]
[0m[HW]     [FH LOAD][o-du 0] rx=72.960 Mbps tx=182.321 Mbps total=255.281 Mbps rx_pps=10752 tx_pps=31872 total_pps=42624
[0m[HW]     [o_du0][pusch0   55260 prach0    9216]
[0m[HW]     [o-du 0][rx   75229 pps   10752 kbps   72960][tx  223148 pps   31872 kbps  182321][Total Msgs_Rcvd 75229]
[0m[HW]     [FH LOAD][o-du 0] rx=72.960 Mbps tx=182.321 Mbps total=255.281 Mbps rx_pps=10752 tx_pps=31872 total_pps=42624
[0m[HW]     [o_du0][pusch0   64476 prach0   10752]
[0m[HW]     [o-du 0][rx   85981 pps   10752 kbps   72960][tx  255020 pps   31872 kbps  182321][Total Msgs_Rcvd 85981]
[0m[HW]     [FH LOAD][o-du 0] rx=72.960 Mbps tx=182.321 Mbps total=255.281 Mbps rx_pps=10752 tx_pps=31872 total_pps=42624
[0m[HW]     [o_du0][pusch0   73692 prach0   12288]
[0m[PHY]    prach_I0 = 13.1 dB
[0m[HW]     [o-du 0][rx   96733 pps   10752 kbps   72960][tx  286892 pps   31872 kbps  182321][Total Msgs_Rcvd 96733]
[0m[HW]     [FH LOAD][o-du 0] rx=72.960 Mbps tx=182.321 Mbps total=255.281 Mbps rx_pps=10752 tx_pps=31872 total_pps=42624
[0m[HW]     [o_du0][pusch0   82908 prach0   13824]
[0m[HW]     [o-du 0][rx  107485 pps   10752 kbps   72960][tx  318764 pps   31872 kbps  182321][Total Msgs_Rcvd 107485]
[0m[HW]     [FH LOAD][o-du 0] rx=72.960 Mbps tx=182.321 Mbps total=255.281 Mbps rx_pps=10752 tx_pps=31872 total_pps=42624
[0m[HW]     [o_du0][pusch0   92124 prach0   15360]
[0m[HW]     [o-du 0][rx  118237 pps   10752 kbps   72969][tx  350636 pps   31872 kbps  182321][Total Msgs_Rcvd 118237]
[0m[HW]     [FH LOAD][o-du 0] rx=72.969 Mbps tx=182.321 Mbps total=255.290 Mbps rx_pps=10752 tx_pps=31872 total_pps=42624
[0m[HW]     [o_du0][pusch0  101340 prach0   16896]
[0m[HW]     [o-du 0][rx  128990 pps   10753 kbps   72962][tx  382508 pps   31872 kbps  182321][Total Msgs_Rcvd 128990]
[0m[HW]     [FH LOAD][o-du 0] rx=72.962 Mbps tx=182.321 Mbps total=255.283 Mbps rx_pps=10753 tx_pps=31872 total_pps=42625
[0m[HW]     [o_du0][pusch0  110556 prach0   18432]
[0m[HW]     [o-du 0][rx  139743 pps   10753 kbps   72960][tx  414380 pps   31872 kbps  182321][Total Msgs_Rcvd 139743]
[0m[HW]     [FH LOAD][o-du 0] rx=72.960 Mbps tx=182.321 Mbps total=255.281 Mbps rx_pps=10753 tx_pps=31872 total_pps=42625
[0m[HW]     [o_du0][pusch0  119772 prach0   19968]
[0m[HW]     [o-du 0][rx  150495 pps   10752 kbps   72962][tx  446252 pps   31872 kbps  182321][Total Msgs_Rcvd 150495]
[0m[HW]     [FH LOAD][o-du 0] rx=72.962 Mbps tx=182.321 Mbps total=255.283 Mbps rx_pps=10752 tx_pps=31872 total_pps=42624
[0m[HW]     [o_du0][pusch0  128988 prach0   21504]
[0m[HW]     [o-du 0][rx  161247 pps   10752 kbps   72950][tx  478124 pps   31872 kbps  182321][Total Msgs_Rcvd 161247]
[0m[HW]     [FH LOAD][o-du 0] rx=72.950 Mbps tx=182.321 Mbps total=255.271 Mbps rx_pps=10752 tx_pps=31872 total_pps=42624
[0m[HW]     [o_du0][pusch0  138204 prach0   23040]
[0m[HW]     [o-du 0][rx  171999 pps   10752 kbps   72960][tx  509996 pps   31872 kbps  182321][Total Msgs_Rcvd 171999]
[0m[HW]     [FH LOAD][o-du 0] rx=72.960 Mbps tx=182.321 Mbps total=255.281 Mbps rx_pps=10752 tx_pps=31872 total_pps=42624
[0m[HW]     [o_du0][pusch0  147420 prach0   24576]
[0m[PHY]    prach_I0 = 13.9 dB
[0m[HW]     [o-du 0][rx  182752 pps   10753 kbps   72962][tx  541868 pps   31872 kbps  182321][Total Msgs_Rcvd 182752]
[0m[HW]     [FH LOAD][o-du 0] rx=72.962 Mbps tx=182.321 Mbps total=255.283 Mbps rx_pps=10753 tx_pps=31872 total_pps=42625
[0m[HW]     [o_du0][pusch0  156636 prach0   26112]
[0m[HW]     [o-du 0][rx  193504 pps   10752 kbps   72950][tx  573740 pps   31872 kbps  182321][Total Msgs_Rcvd 193504]
[0m[HW]     [FH LOAD][o-du 0] rx=72.950 Mbps tx=182.321 Mbps total=255.271 Mbps rx_pps=10752 tx_pps=31872 total_pps=42624
[0m[HW]     [o_du0][pusch0  165852 prach0   27648]
[0m[HW]     [o-du 0][rx  204256 pps   10752 kbps   72960][tx  605612 pps   31872 kbps  182321][Total Msgs_Rcvd 204256]
[0m[HW]     [FH LOAD][o-du 0] rx=72.960 Mbps tx=182.321 Mbps total=255.281 Mbps rx_pps=10752 tx_pps=31872 total_pps=42624
[0m[HW]     [o_du0][pusch0  175068 prach0   29184]
[0m[HW]     [o-du 0][rx  215008 pps   10752 kbps   72960][tx  637484 pps   31872 kbps  182321][Total Msgs_Rcvd 215008]
[0m[HW]     [FH LOAD][o-du 0] rx=72.960 Mbps tx=182.321 Mbps total=255.281 Mbps rx_pps=10752 tx_pps=31872 total_pps=42624
[0m[HW]     [o_du0][pusch0  184284 prach0   30720]
[0m[HW]     [o-du 0][rx  225760 pps   10752 kbps   72960][tx  669356 pps   31872 kbps  182321][Total Msgs_Rcvd 225760]
[0m[HW]     [FH LOAD][o-du 0] rx=72.960 Mbps tx=182.321 Mbps total=255.281 Mbps rx_pps=10752 tx_pps=31872 total_pps=42624
[0m[HW]     [o_du0][pusch0  193500 prach0   32256]
[0m[HW]     [o-du 0][rx  236512 pps   10752 kbps   72969][tx  701228 pps   31872 kbps  182321][Total Msgs_Rcvd 236512]
[0m[HW]     [FH LOAD][o-du 0] rx=72.969 Mbps tx=182.321 Mbps total=255.290 Mbps rx_pps=10752 tx_pps=31872 total_pps=42624
[0m[HW]     [o_du0][pusch0  202716 prach0   33792]
[0m[HW]     [o-du 0][rx  247264 pps   10752 kbps   72960][tx  733100 pps   31872 kbps  182321][Total Msgs_Rcvd 247264]
[0m[HW]     [FH LOAD][o-du 0] rx=72.960 Mbps tx=182.321 Mbps total=255.281 Mbps rx_pps=10752 tx_pps=31872 total_pps=42624
[0m[HW]     [o_du0][pusch0  211932 prach0   35328]
[0m[HW]     [o-du 0][rx  258017 pps   10753 kbps   72962][tx  764972 pps   31872 kbps  182321][Total Msgs_Rcvd 258017]
[0m[HW]     [FH LOAD][o-du 0] rx=72.962 Mbps tx=182.321 Mbps total=255.283 Mbps rx_pps=10753 tx_pps=31872 total_pps=42625
[0m[HW]     [o_du0][pusch0  221148 prach0   36864]
[0m[PHY]    prach_I0 = 13.3 dB
[0m[HW]     [o-du 0][rx  268769 pps   10752 kbps   72960][tx  796844 pps   31872 kbps  182321][Total Msgs_Rcvd 268769]
[0m[HW]     [FH LOAD][o-du 0] rx=72.960 Mbps tx=182.321 Mbps total=255.281 Mbps rx_pps=10752 tx_pps=31872 total_pps=42624
[0m[HW]     [o_du0][pusch0  230364 prach0   38400]
[0m[HW]     [o-du 0][rx  279521 pps   10752 kbps   72950][tx  828716 pps   31872 kbps  182321][Total Msgs_Rcvd 279521]
[0m[HW]     [FH LOAD][o-du 0] rx=72.950 Mbps tx=182.321 Mbps total=255.271 Mbps rx_pps=10752 tx_pps=31872 total_pps=42624
[0m[HW]     [o_du0][pusch0  239580 prach0   39936]
[0m[HW]     [o-du 0][rx  290273 pps   10752 kbps   72974][tx  860588 pps   31872 kbps  182321][Total Msgs_Rcvd 290273]
[0m[HW]     [FH LOAD][o-du 0] rx=72.974 Mbps tx=182.321 Mbps total=255.295 Mbps rx_pps=10752 tx_pps=31872 total_pps=42624
[0m[HW]     [o_du0][pusch0  248796 prach0   41472]
[0m[HW]     [o-du 0][rx  301025 pps   10752 kbps   72964][tx  892460 pps   31872 kbps  182321][Total Msgs_Rcvd 301025]
[0m[HW]     [FH LOAD][o-du 0] rx=72.964 Mbps tx=182.321 Mbps total=255.285 Mbps rx_pps=10752 tx_pps=31872 total_pps=42624
[0m[HW]     [o_du0][pusch0  258012 prach0   43008]
[0m[HW]     [o-du 0][rx  311777 pps   10752 kbps   72941][tx  924332 pps   31872 kbps  182321][Total Msgs_Rcvd 311777]
[0m[HW]     [FH LOAD][o-du 0] rx=72.941 Mbps tx=182.321 Mbps total=255.262 Mbps rx_pps=10752 tx_pps=31872 total_pps=42624
[0m[HW]     [o_du0][pusch0  267228 prach0   44544]
[0m[HW]     [o-du 0][rx  322529 pps   10752 kbps   72964][tx  956204 pps   31872 kbps  182321][Total Msgs_Rcvd 322529]
[0m[HW]     [FH LOAD][o-du 0] rx=72.964 Mbps tx=182.321 Mbps total=255.285 Mbps rx_pps=10752 tx_pps=31872 total_pps=42624
[0m[HW]     [o_du0][pusch0  276444 prach0   46080]
[0m[HW]     [o-du 0][rx  333281 pps   10752 kbps   72960][tx  988076 pps   31872 kbps  182321][Total Msgs_Rcvd 333281]
[0m[HW]     [FH LOAD][o-du 0] rx=72.960 Mbps tx=182.321 Mbps total=255.281 Mbps rx_pps=10752 tx_pps=31872 total_pps=42624
[0m[HW]     [o_du0][pusch0  285660 prach0   47616]
[0m[HW]     [o-du 0][rx  344033 pps   10752 kbps   72960][tx 1019948 pps   31872 kbps  182321][Total Msgs_Rcvd 344033]
[0m[HW]     [FH LOAD][o-du 0] rx=72.960 Mbps tx=182.321 Mbps total=255.281 Mbps rx_pps=10752 tx_pps=31872 total_pps=42624
[0m[HW]     [o_du0][pusch0  294876 prach0   49152]
[0m[PHY]    prach_I0 = 13.1 dB
[0m[HW]     [o-du 0][rx  354785 pps   10752 kbps   72960][tx 1051820 pps   31872 kbps  182321][Total Msgs_Rcvd 354785]
[0m[HW]     [FH LOAD][o-du 0] rx=72.960 Mbps tx=182.321 Mbps total=255.281 Mbps rx_pps=10752 tx_pps=31872 total_pps=42624
[0m[HW]     [o_du0][pusch0  304092 prach0   50688]
[0m[HW]     [o-du 0][rx  365537 pps   10752 kbps   72960][tx 1083692 pps   31872 kbps  182321][Total Msgs_Rcvd 365537]
[0m[HW]     [FH LOAD][o-du 0] rx=72.960 Mbps tx=182.321 Mbps total=255.281 Mbps rx_pps=10752 tx_pps=31872 total_pps=42624
[0m[HW]     [o_du0][pusch0  313308 prach0   52224]
[0m[HW]     [o-du 0][rx  376289 pps   10752 kbps   72960][tx 1115564 pps   31872 kbps  182321][Total Msgs_Rcvd 376289]
[0m[HW]     [FH LOAD][o-du 0] rx=72.960 Mbps tx=182.321 Mbps total=255.281 Mbps rx_pps=10752 tx_pps=31872 total_pps=42624
[0m[HW]     [o_du0][pusch0  322524 prach0   53760]
[0m[HW]     [o-du 0][rx  387041 pps   10752 kbps   72969][tx 1147436 pps   31872 kbps  182321][Total Msgs_Rcvd 387041]
[0m[HW]     [FH LOAD][o-du 0] rx=72.969 Mbps tx=182.321 Mbps total=255.290 Mbps rx_pps=10752 tx_pps=31872 total_pps=42624
[0m[HW]     [o_du0][pusch0  331740 prach0   55296]
[0m[HW]     [o-du 0][rx  397794 pps   10753 kbps   72945][tx 1179308 pps   31872 kbps  182321][Total Msgs_Rcvd 397794]
[0m[HW]     [FH LOAD][o-du 0] rx=72.945 Mbps tx=182.321 Mbps total=255.266 Mbps rx_pps=10753 tx_pps=31872 total_pps=42625
[0m[HW]     [o_du0][pusch0  340956 prach0   56832]
[0m[HW]     [o-du 0][rx  408546 pps   10752 kbps   72960][tx 1211180 pps   31872 kbps  182321][Total Msgs_Rcvd 408546]
[0m[HW]     [FH LOAD][o-du 0] rx=72.960 Mbps tx=182.321 Mbps total=255.281 Mbps rx_pps=10752 tx_pps=31872 total_pps=42624
[0m[HW]     [o_du0][pusch0  350172 prach0   58368]
[0m[HW]     [o-du 0][rx  419298 pps   10752 kbps   72960][tx 1243052 pps   31872 kbps  182321][Total Msgs_Rcvd 419298]
[0m[HW]     [FH LOAD][o-du 0] rx=72.960 Mbps tx=182.321 Mbps total=255.281 Mbps rx_pps=10752 tx_pps=31872 total_pps=42624
[0m[HW]     [o_du0][pusch0  359388 prach0   59904]
[0m[HW]     [o-du 0][rx  430050 pps   10752 kbps   72960][tx 1274924 pps   31872 kbps  182321][Total Msgs_Rcvd 430050]
[0m[HW]     [FH LOAD][o-du 0] rx=72.960 Mbps tx=182.321 Mbps total=255.281 Mbps rx_pps=10752 tx_pps=31872 total_pps=42624
[0m[HW]     [o_du0][pusch0  368604 prach0   61440]
[0m[PHY]    prach_I0 = 14.1 dB
[0m[HW]     [o-du 0][rx  440802 pps   10752 kbps   72960][tx 1306796 pps   31872 kbps  182321][Total Msgs_Rcvd 440802]
[0m[HW]     [FH LOAD][o-du 0] rx=72.960 Mbps tx=182.321 Mbps total=255.281 Mbps rx_pps=10752 tx_pps=31872 total_pps=42624
[0m[HW]     [o_du0][pusch0  377820 prach0   62976]
[0m[HW]     [o-du 0][rx  451554 pps   10752 kbps   72960][tx 1338668 pps   31872 kbps  182321][Total Msgs_Rcvd 451554]
[0m[HW]     [FH LOAD][o-du 0] rx=72.960 Mbps tx=182.321 Mbps total=255.281 Mbps rx_pps=10752 tx_pps=31872 total_pps=42624
[0m[HW]     [o_du0][pusch0  387036 prach0   64512]
[0m[HW]     [o-du 0][rx  462306 pps   10752 kbps   72960][tx 1370540 pps   31872 kbps  182321][Total Msgs_Rcvd 462306]
[0m[HW]     [FH LOAD][o-du 0] rx=72.960 Mbps tx=182.321 Mbps total=255.281 Mbps rx_pps=10752 tx_pps=31872 total_pps=42624
[0m[HW]     [o_du0][pusch0  396252 prach0   66048]
[0m[HW]     [o-du 0][rx  473058 pps   10752 kbps   72960][tx 1402412 pps   31872 kbps  182321][Total Msgs_Rcvd 473058]
[0m[HW]     [FH LOAD][o-du 0] rx=72.960 Mbps tx=182.321 Mbps total=255.281 Mbps rx_pps=10752 tx_pps=31872 total_pps=42624
[0m[HW]     [o_du0][pusch0  405468 prach0   67584]
[0m[HW]     [o-du 0][rx  483810 pps   10752 kbps   72960][tx 1434284 pps   31872 kbps  182321][Total Msgs_Rcvd 483810]
[0m[HW]     [FH LOAD][o-du 0] rx=72.960 Mbps tx=182.321 Mbps total=255.281 Mbps rx_pps=10752 tx_pps=31872 total_pps=42624
[0m[HW]     [o_du0][pusch0  414684 prach0   69120]
[0m[HW]     [o-du 0][rx  494562 pps   10752 kbps   72960][tx 1466156 pps   31872 kbps  182321][Total Msgs_Rcvd 494562]
[0m[HW]     [FH LOAD][o-du 0] rx=72.960 Mbps tx=182.321 Mbps total=255.281 Mbps rx_pps=10752 tx_pps=31872 total_pps=42624
[0m[HW]     [o_du0][pusch0  423900 prach0   70656]
[0m[HW]     [o-du 0][rx  505315 pps   10753 kbps   72962][tx 1498028 pps   31872 kbps  182321][Total Msgs_Rcvd 505315]
[0m[HW]     [FH LOAD][o-du 0] rx=72.962 Mbps tx=182.321 Mbps total=255.283 Mbps rx_pps=10753 tx_pps=31872 total_pps=42625
[0m[HW]     [o_du0][pusch0  433116 prach0   72192]
[0m[HW]     [o-du 0][rx  516067 pps   10752 kbps   72960][tx 1529900 pps   31872 kbps  182321][Total Msgs_Rcvd 516067]
[0m[HW]     [FH LOAD][o-du 0] rx=72.960 Mbps tx=182.321 Mbps total=255.281 Mbps rx_pps=10752 tx_pps=31872 total_pps=42624
[0m[HW]     [o_du0][pusch0  442332 prach0   73728]
[0m[PHY]    prach_I0 = 13.1 dB
[0m[HW]     [o-du 0][rx  526820 pps   10753 kbps   72962][tx 1561772 pps   31872 kbps  182321][Total Msgs_Rcvd 526820]
[0m[HW]     [FH LOAD][o-du 0] rx=72.962 Mbps tx=182.321 Mbps total=255.283 Mbps rx_pps=10753 tx_pps=31872 total_pps=42625
[0m[HW]     [o_du0][pusch0  451548 prach0   75264]
[0m[HW]     [o-du 0][rx  537572 pps   10752 kbps   72945][tx 1593644 pps   31872 kbps  182321][Total Msgs_Rcvd 537572]
[0m[HW]     [FH LOAD][o-du 0] rx=72.945 Mbps tx=182.321 Mbps total=255.266 Mbps rx_pps=10752 tx_pps=31872 total_pps=42624
[0m[HW]     [o_du0][pusch0  460764 prach0   76800]
[0m[HW]     [o-du 0][rx  548324 pps   10752 kbps   72960][tx 1625516 pps   31872 kbps  182321][Total Msgs_Rcvd 548324]
[0m[HW]     [FH LOAD][o-du 0] rx=72.960 Mbps tx=182.321 Mbps total=255.281 Mbps rx_pps=10752 tx_pps=31872 total_pps=42624
[0m[HW]     [o_du0][pusch0  469980 prach0   78336]
[0m[HW]     [o-du 0][rx  559076 pps   10752 kbps   72960][tx 1657388 pps   31872 kbps  182321][Total Msgs_Rcvd 559076]
[0m[HW]     [FH LOAD][o-du 0] rx=72.960 Mbps tx=182.321 Mbps total=255.281 Mbps rx_pps=10752 tx_pps=31872 total_pps=42624
[0m[HW]     [o_du0][pusch0  479196 prach0   79872]
[0m[HW]     [o-du 0][rx  569829 pps   10753 kbps   72953][tx 1689260 pps   31872 kbps  182321][Total Msgs_Rcvd 569829]
[0m[HW]     [FH LOAD][o-du 0] rx=72.953 Mbps tx=182.321 Mbps total=255.274 Mbps rx_pps=10753 tx_pps=31872 total_pps=42625
[0m[HW]     [o_du0][pusch0  488412 prach0   81408]
[0m[HW]     [o-du 0][rx  580581 pps   10752 kbps   72969][tx 1721132 pps   31872 kbps  182321][Total Msgs_Rcvd 580581]
[0m[HW]     [FH LOAD][o-du 0] rx=72.969 Mbps tx=182.321 Mbps total=255.290 Mbps rx_pps=10752 tx_pps=31872 total_pps=42624
[0m[HW]     [o_du0][pusch0  497628 prach0   82944]
[0m[HW]     [o-du 0][rx  591333 pps   10752 kbps   72950][tx 1753004 pps   31872 kbps  182321][Total Msgs_Rcvd 591333]
[0m[HW]     [FH LOAD][o-du 0] rx=72.950 Mbps tx=182.321 Mbps total=255.271 Mbps rx_pps=10752 tx_pps=31872 total_pps=42624
[0m[HW]     [o_du0][pusch0  506844 prach0   84480]
[0m[HW]     [o-du 0][rx  602085 pps   10752 kbps   72969][tx 1784876 pps   31872 kbps  182321][Total Msgs_Rcvd 602085]
[0m[HW]     [FH LOAD][o-du 0] rx=72.969 Mbps tx=182.321 Mbps total=255.290 Mbps rx_pps=10752 tx_pps=31872 total_pps=42624
[0m[HW]     [o_du0][pusch0  516060 prach0   86016]
[0m[PHY]    prach_I0 = 13.2 dB
[0m[HW]     [o-du 0][rx  612837 pps   10752 kbps   72950][tx 1816748 pps   31872 kbps  182321][Total Msgs_Rcvd 612837]
[0m[HW]     [FH LOAD][o-du 0] rx=72.950 Mbps tx=182.321 Mbps total=255.271 Mbps rx_pps=10752 tx_pps=31872 total_pps=42624
[0m[HW]     [o_du0][pusch0  525276 prach0   87552]
[0m[HW]     [o-du 0][rx  623589 pps   10752 kbps   72960][tx 1848620 pps   31872 kbps  182321][Total Msgs_Rcvd 623589]
[0m[HW]     [FH LOAD][o-du 0] rx=72.960 Mbps tx=182.321 Mbps total=255.281 Mbps rx_pps=10752 tx_pps=31872 total_pps=42624
[0m[HW]     [o_du0][pusch0  534492 prach0   89088]
[0m[HW]     [o-du 0][rx  634342 pps   10753 kbps   72971][tx 1880492 pps   31872 kbps  182321][Total Msgs_Rcvd 634342]
[0m[HW]     [FH LOAD][o-du 0] rx=72.971 Mbps tx=182.321 Mbps total=255.292 Mbps rx_pps=10753 tx_pps=31872 total_pps=42625
[0m[HW]     [o_du0][pusch0  543708 prach0   90624]
[0m[HW]     [o-du 0][rx  645094 pps   10752 kbps   72960][tx 1912364 pps   31872 kbps  182321][Total Msgs_Rcvd 645094]
[0m[HW]     [FH LOAD][o-du 0] rx=72.960 Mbps tx=182.321 Mbps total=255.281 Mbps rx_pps=10752 tx_pps=31872 total_pps=42624
[0m[HW]     [o_du0][pusch0  552924 prach0   92160]
[0m[HW]     [o-du 0][rx  655846 pps   10752 kbps   72960][tx 1944236 pps   31872 kbps  182321][Total Msgs_Rcvd 655846]
[0m[HW]     [FH LOAD][o-du 0] rx=72.960 Mbps tx=182.321 Mbps total=255.281 Mbps rx_pps=10752 tx_pps=31872 total_pps=42624
[0m[HW]     [o_du0][pusch0  562140 prach0   93696]
[0m[HW]     [o-du 0][rx  666598 pps   10752 kbps   72960][tx 1976108 pps   31872 kbps  182321][Total Msgs_Rcvd 666598]
[0m[HW]     [FH LOAD][o-du 0] rx=72.960 Mbps tx=182.321 Mbps total=255.281 Mbps rx_pps=10752 tx_pps=31872 total_pps=42624
[0m[HW]     [o_du0][pusch0  571356 prach0   95232]
[0m[HW]     [o-du 0][rx  677350 pps   10752 kbps   72960][tx 2007980 pps   31872 kbps  182321][Total Msgs_Rcvd 677350]
[0m[HW]     [FH LOAD][o-du 0] rx=72.960 Mbps tx=182.321 Mbps total=255.281 Mbps rx_pps=10752 tx_pps=31872 total_pps=42624
[0m[HW]     [o_du0][pusch0  580572 prach0   96768]
[0m[HW]     [o-du 0][rx  688102 pps   10752 kbps   72960][tx 2039852 pps   31872 kbps  182321][Total Msgs_Rcvd 688102]
[0m[HW]     [FH LOAD][o-du 0] rx=72.960 Mbps tx=182.321 Mbps total=255.281 Mbps rx_pps=10752 tx_pps=31872 total_pps=42624
[0m[HW]     [o_du0][pusch0  589788 prach0   98304]
[0m[PHY]    prach_I0 = 13.4 dB
[0m[HW]     [o-du 0][rx  698854 pps   10752 kbps   72960][tx 2071724 pps   31872 kbps  182321][Total Msgs_Rcvd 698854]
[0m[HW]     [FH LOAD][o-du 0] rx=72.960 Mbps tx=182.321 Mbps total=255.281 Mbps rx_pps=10752 tx_pps=31872 total_pps=42624
[0m[HW]     [o_du0][pusch0  599004 prach0   99840]
[0m[HW]     [o-du 0][rx  709606 pps   10752 kbps   72960][tx 2103596 pps   31872 kbps  182321][Total Msgs_Rcvd 709606]
[0m[HW]     [FH LOAD][o-du 0] rx=72.960 Mbps tx=182.321 Mbps total=255.281 Mbps rx_pps=10752 tx_pps=31872 total_pps=42624
[0m[HW]     [o_du0][pusch0  608220 prach0  101376]
[0m[HW]     [o-du 0][rx  720358 pps   10752 kbps   72960][tx 2135468 pps   31872 kbps  182321][Total Msgs_Rcvd 720358]
[0m[HW]     [FH LOAD][o-du 0] rx=72.960 Mbps tx=182.321 Mbps total=255.281 Mbps rx_pps=10752 tx_pps=31872 total_pps=42624
[0m[HW]     [o_du0][pusch0  617436 prach0  102912]
[0m[HW]     [o-du 0][rx  731110 pps   10752 kbps   72960][tx 2167340 pps   31872 kbps  182321][Total Msgs_Rcvd 731110]
[0m[HW]     [FH LOAD][o-du 0] rx=72.960 Mbps tx=182.321 Mbps total=255.281 Mbps rx_pps=10752 tx_pps=31872 total_pps=42624
[0m[HW]     [o_du0][pusch0  626652 prach0  104448]
[0m[HW]     [o-du 0][rx  741862 pps   10752 kbps   72960][tx 2199212 pps   31872 kbps  182321][Total Msgs_Rcvd 741862]
[0m[HW]     [FH LOAD][o-du 0] rx=72.960 Mbps tx=182.321 Mbps total=255.281 Mbps rx_pps=10752 tx_pps=31872 total_pps=42624
[0m[HW]     [o_du0][pusch0  635868 prach0  105984]
[0m[HW]     [o-du 0][rx  752614 pps   10752 kbps   72960][tx 2231084 pps   31872 kbps  182321][Total Msgs_Rcvd 752614]
[0m[HW]     [FH LOAD][o-du 0] rx=72.960 Mbps tx=182.321 Mbps total=255.281 Mbps rx_pps=10752 tx_pps=31872 total_pps=42624
[0m[HW]     [o_du0][pusch0  645084 prach0  107520]
[0m[HW]     [o-du 0][rx  763366 pps   10752 kbps   72960][tx 2262956 pps   31872 kbps  182321][Total Msgs_Rcvd 763366]
[0m[HW]     [FH LOAD][o-du 0] rx=72.960 Mbps tx=182.321 Mbps total=255.281 Mbps rx_pps=10752 tx_pps=31872 total_pps=42624
[0m[HW]     [o_du0][pusch0  654300 prach0  109056]
[0m[HW]     [o-du 0][rx  774119 pps   10753 kbps   72960][tx 2294828 pps   31872 kbps  182321][Total Msgs_Rcvd 774119]
[0m[HW]     [FH LOAD][o-du 0] rx=72.960 Mbps tx=182.321 Mbps total=255.281 Mbps rx_pps=10753 tx_pps=31872 total_pps=42625
[0m[HW]     [o_du0][pusch0  663516 prach0  110592]
[0m[PHY]    prach_I0 = 13.5 dB
[0m[HW]     [o-du 0][rx  784871 pps   10752 kbps   72962][tx 2326700 pps   31872 kbps  182321][Total Msgs_Rcvd 784871]
[0m[HW]     [FH LOAD][o-du 0] rx=72.962 Mbps tx=182.321 Mbps total=255.283 Mbps rx_pps=10752 tx_pps=31872 total_pps=42624
[0m[HW]     [o_du0][pusch0  672732 prach0  112128]
[0m[HW]     [o-du 0][rx  795623 pps   10752 kbps   72960][tx 2358572 pps   31872 kbps  182321][Total Msgs_Rcvd 795623]
[0m[HW]     [FH LOAD][o-du 0] rx=72.960 Mbps tx=182.321 Mbps total=255.281 Mbps rx_pps=10752 tx_pps=31872 total_pps=42624
[0m[HW]     [o_du0][pusch0  681948 prach0  113664]
[0m[HW]     [o-du 0][rx  806375 pps   10752 kbps   72960][tx 2390444 pps   31872 kbps  182321][Total Msgs_Rcvd 806375]
[0m[HW]     [FH LOAD][o-du 0] rx=72.960 Mbps tx=182.321 Mbps total=255.281 Mbps rx_pps=10752 tx_pps=31872 total_pps=42624
[0m[HW]     [o_du0][pusch0  691164 prach0  115200]
[0m[HW]     [o-du 0][rx  817127 pps   10752 kbps   72969][tx 2422316 pps   31872 kbps  182321][Total Msgs_Rcvd 817127]
[0m[HW]     [FH LOAD][o-du 0] rx=72.969 Mbps tx=182.321 Mbps total=255.290 Mbps rx_pps=10752 tx_pps=31872 total_pps=42624
[0m[HW]     [o_du0][pusch0  700380 prach0  116736]
[0m[HW]     [o-du 0][rx  827879 pps   10752 kbps   72964][tx 2454188 pps   31872 kbps  182321][Total Msgs_Rcvd 827879]
[0m[HW]     [FH LOAD][o-du 0] rx=72.964 Mbps tx=182.321 Mbps total=255.285 Mbps rx_pps=10752 tx_pps=31872 total_pps=42624
[0m[HW]     [o_du0][pusch0  709596 prach0  118272]
[0m[HW]     [o-du 0][rx  838631 pps   10752 kbps   72960][tx 2486060 pps   31872 kbps  182321][Total Msgs_Rcvd 838631]
[0m[HW]     [FH LOAD][o-du 0] rx=72.960 Mbps tx=182.321 Mbps total=255.281 Mbps rx_pps=10752 tx_pps=31872 total_pps=42624
[0m[HW]     [o_du0][pusch0  718812 prach0  119808]
[0m[HW]     [o-du 0][rx  849383 pps   10752 kbps   72960][tx 2517932 pps   31872 kbps  182321][Total Msgs_Rcvd 849383]
[0m[HW]     [FH LOAD][o-du 0] rx=72.960 Mbps tx=182.321 Mbps total=255.281 Mbps rx_pps=10752 tx_pps=31872 total_pps=42624
[0m[HW]     [o_du0][pusch0  728028 prach0  121344]
[0m[HW]     [o-du 0][rx  860135 pps   10752 kbps   72960][tx 2549804 pps   31872 kbps  182321][Total Msgs_Rcvd 860135]
[0m[HW]     [FH LOAD][o-du 0] rx=72.960 Mbps tx=182.321 Mbps total=255.281 Mbps rx_pps=10752 tx_pps=31872 total_pps=42624
[0m[HW]     [o_du0][pusch0  737244 prach0  122880]
[0m[PHY]    prach_I0 = 11.4 dB
[0m[HW]     [o-du 0][rx  870887 pps   10752 kbps   72960][tx 2581676 pps   31872 kbps  182321][Total Msgs_Rcvd 870887]
[0m[HW]     [FH LOAD][o-du 0] rx=72.960 Mbps tx=182.321 Mbps total=255.281 Mbps rx_pps=10752 tx_pps=31872 total_pps=42624
[0m[HW]     [o_du0][pusch0  746460 prach0  124416]
[0m[HW]     [o-du 0][rx  881639 pps   10752 kbps   72960][tx 2613548 pps   31872 kbps  182321][Total Msgs_Rcvd 881639]
[0m[HW]     [FH LOAD][o-du 0] rx=72.960 Mbps tx=182.321 Mbps total=255.281 Mbps rx_pps=10752 tx_pps=31872 total_pps=42624
[0m[HW]     [o_du0][pusch0  755676 prach0  125952]
[0m[HW]     [o-du 0][rx  892391 pps   10752 kbps   72960][tx 2645420 pps   31872 kbps  182321][Total Msgs_Rcvd 892391]
[0m[HW]     [FH LOAD][o-du 0] rx=72.960 Mbps tx=182.321 Mbps total=255.281 Mbps rx_pps=10752 tx_pps=31872 total_pps=42624
[0m[HW]     [o_du0][pusch0  764892 prach0  127488]
[0m[HW]     [o-du 0][rx  903143 pps   10752 kbps   72969][tx 2677292 pps   31872 kbps  182321][Total Msgs_Rcvd 903143]
[0m[HW]     [FH LOAD][o-du 0] rx=72.969 Mbps tx=182.321 Mbps total=255.290 Mbps rx_pps=10752 tx_pps=31872 total_pps=42624
[0m[HW]     [o_du0][pusch0  774108 prach0  129024]
[0m[HW]     [o-du 0][rx  913895 pps   10752 kbps   72960][tx 2709164 pps   31872 kbps  182321][Total Msgs_Rcvd 913895]
[0m[HW]     [FH LOAD][o-du 0] rx=72.960 Mbps tx=182.321 Mbps total=255.281 Mbps rx_pps=10752 tx_pps=31872 total_pps=42624
[0m[HW]     [o_du0][pusch0  783324 prach0  130560]
[0m[HW]     [o-du 0][rx  924647 pps   10752 kbps   72960][tx 2741036 pps   31872 kbps  182321][Total Msgs_Rcvd 924647]
[0m[HW]     [FH LOAD][o-du 0] rx=72.960 Mbps tx=182.321 Mbps total=255.281 Mbps rx_pps=10752 tx_pps=31872 total_pps=42624
[0m[HW]     [o_du0][pusch0  792540 prach0  132096]
[0m[HW]     [o-du 0][rx  935399 pps   10752 kbps   72950][tx 2772908 pps   31872 kbps  182321][Total Msgs_Rcvd 935399]
[0m[HW]     [FH LOAD][o-du 0] rx=72.950 Mbps tx=182.321 Mbps total=255.271 Mbps rx_pps=10752 tx_pps=31872 total_pps=42624
[0m[HW]     [o_du0][pusch0  801756 prach0  133632]
[0m[HW]     [o-du 0][rx  946151 pps   10752 kbps   72950][tx 2804780 pps   31872 kbps  182321][Total Msgs_Rcvd 946151]
[0m[HW]     [FH LOAD][o-du 0] rx=72.950 Mbps tx=182.321 Mbps total=255.271 Mbps rx_pps=10752 tx_pps=31872 total_pps=42624
[0m[HW]     [o_du0][pusch0  810972 prach0  135168]
[0m[PHY]    prach_I0 = 10.5 dB
[0m[HW]     [o-du 0][rx  956903 pps   10752 kbps   72960][tx 2836652 pps   31872 kbps  182321][Total Msgs_Rcvd 956903]
[0m[HW]     [FH LOAD][o-du 0] rx=72.960 Mbps tx=182.321 Mbps total=255.281 Mbps rx_pps=10752 tx_pps=31872 total_pps=42624
[0m[HW]     [o_du0][pusch0  820188 prach0  136704]
[0m[HW]     [o-du 0][rx  967655 pps   10752 kbps   72969][tx 2868524 pps   31872 kbps  182321][Total Msgs_Rcvd 967655]
[0m[HW]     [FH LOAD][o-du 0] rx=72.969 Mbps tx=182.321 Mbps total=255.290 Mbps rx_pps=10752 tx_pps=31872 total_pps=42624
[0m[HW]     [o_du0][pusch0  829404 prach0  138240]
[0m[HW]     [o-du 0][rx  978407 pps   10752 kbps   72960][tx 2900396 pps   31872 kbps  182321][Total Msgs_Rcvd 978407]
[0m[HW]     [FH LOAD][o-du 0] rx=72.960 Mbps tx=182.321 Mbps total=255.281 Mbps rx_pps=10752 tx_pps=31872 total_pps=42624
[0m[HW]     [o_du0][pusch0  838620 prach0  139776]
[0m[HW]     [o-du 0][rx  989159 pps   10752 kbps   72969][tx 2932268 pps   31872 kbps  182321][Total Msgs_Rcvd 989159]
[0m[HW]     [FH LOAD][o-du 0] rx=72.969 Mbps tx=182.321 Mbps total=255.290 Mbps rx_pps=10752 tx_pps=31872 total_pps=42624
[0m[HW]     [o_du0][pusch0  847836 prach0  141312]
[0m[HW]     [o-du 0][rx  999911 pps   10752 kbps   72960][tx 2964140 pps   31872 kbps  182321][Total Msgs_Rcvd 999911]
[0m[HW]     [FH LOAD][o-du 0] rx=72.960 Mbps tx=182.321 Mbps total=255.281 Mbps rx_pps=10752 tx_pps=31872 total_pps=42624
[0m[HW]     [o_du0][pusch0  857052 prach0  142848]
[0m[HW]     [o-du 0][rx 1010663 pps   10752 kbps   72945][tx 2996012 pps   31872 kbps  182321][Total Msgs_Rcvd 1010663]
[0m[HW]     [FH LOAD][o-du 0] rx=72.945 Mbps tx=182.321 Mbps total=255.266 Mbps rx_pps=10752 tx_pps=31872 total_pps=42624
[0m[HW]     [o_du0][pusch0  866268 prach0  144384]
[0m[HW]     [o-du 0][rx 1021415 pps   10752 kbps   72969][tx 3027884 pps   31872 kbps  182321][Total Msgs_Rcvd 1021415]
[0m[HW]     [FH LOAD][o-du 0] rx=72.969 Mbps tx=182.321 Mbps total=255.290 Mbps rx_pps=10752 tx_pps=31872 total_pps=42624
[0m[HW]     [o_du0][pusch0  875484 prach0  145920]
[0m[HW]     [o-du 0][rx 1032167 pps   10752 kbps   72950][tx 3059756 pps   31872 kbps  182321][Total Msgs_Rcvd 1032167]
[0m[HW]     [FH LOAD][o-du 0] rx=72.950 Mbps tx=182.321 Mbps total=255.271 Mbps rx_pps=10752 tx_pps=31872 total_pps=42624
[0m[HW]     [o_du0][pusch0  884700 prach0  147456]
[0m[PHY]    prach_I0 = 13.4 dB
[0m[HW]     [o-du 0][rx 1042919 pps   10752 kbps   72969][tx 3091628 pps   31872 kbps  182321][Total Msgs_Rcvd 1042919]
[0m[HW]     [FH LOAD][o-du 0] rx=72.969 Mbps tx=182.321 Mbps total=255.290 Mbps rx_pps=10752 tx_pps=31872 total_pps=42624
[0m[HW]     [o_du0][pusch0  893916 prach0  148992]
[0m[HW]     [o-du 0][rx 1053671 pps   10752 kbps   72950][tx 3123500 pps   31872 kbps  182321][Total Msgs_Rcvd 1053671]
[0m[HW]     [FH LOAD][o-du 0] rx=72.950 Mbps tx=182.321 Mbps total=255.271 Mbps rx_pps=10752 tx_pps=31872 total_pps=42624
[0m[HW]     [o_du0][pusch0  903132 prach0  150528]
[0m[HW]     [o-du 0][rx 1064423 pps   10752 kbps   72960][tx 3155372 pps   31872 kbps  182321][Total Msgs_Rcvd 1064423]
[0m[HW]     [FH LOAD][o-du 0] rx=72.960 Mbps tx=182.321 Mbps total=255.281 Mbps rx_pps=10752 tx_pps=31872 total_pps=42624
[0m[HW]     [o_du0][pusch0  912348 prach0  152064]
[0m[HW]     [o-du 0][rx 1075175 pps   10752 kbps   72969][tx 3187244 pps   31872 kbps  182321][Total Msgs_Rcvd 1075175]
[0m[HW]     [FH LOAD][o-du 0] rx=72.969 Mbps tx=182.321 Mbps total=255.290 Mbps rx_pps=10752 tx_pps=31872 total_pps=42624
[0m[HW]     [o_du0][pusch0  921564 prach0  153600]
[0m[HW]     [o-du 0][rx 1085927 pps   10752 kbps   72950][tx 3219116 pps   31872 kbps  182321][Total Msgs_Rcvd 1085927]
[0m[HW]     [FH LOAD][o-du 0] rx=72.950 Mbps tx=182.321 Mbps total=255.271 Mbps rx_pps=10752 tx_pps=31872 total_pps=42624
[0m[HW]     [o_du0][pusch0  930780 prach0  155136]
[0m[HW]     [o-du 0][rx 1096679 pps   10752 kbps   72950][tx 3250988 pps   31872 kbps  182321][Total Msgs_Rcvd 1096679]
[0m[HW]     [FH LOAD][o-du 0] rx=72.950 Mbps tx=182.321 Mbps total=255.271 Mbps rx_pps=10752 tx_pps=31872 total_pps=42624
[0m[HW]     [o_du0][pusch0  939996 prach0  156672]
[0m[HW]     [o-du 0][rx 1107431 pps   10752 kbps   72955][tx 3282860 pps   31872 kbps  182321][Total Msgs_Rcvd 1107431]
[0m[HW]     [FH LOAD][o-du 0] rx=72.955 Mbps tx=182.321 Mbps total=255.276 Mbps rx_pps=10752 tx_pps=31872 total_pps=42624
[0m[HW]     [o_du0][pusch0  949212 prach0  158208]
[0m[HW]     [o-du 0][rx 1118183 pps   10752 kbps   72964][tx 3314732 pps   31872 kbps  182321][Total Msgs_Rcvd 1118183]
[0m[HW]     [FH LOAD][o-du 0] rx=72.964 Mbps tx=182.321 Mbps total=255.285 Mbps rx_pps=10752 tx_pps=31872 total_pps=42624
[0m[HW]     [o_du0][pusch0  958428 prach0  159744]
[0m[PHY]    prach_I0 = 0.0 dB
[0m[HW]     [o-du 0][rx 1128935 pps   10752 kbps   72960][tx 3346604 pps   31872 kbps  182321][Total Msgs_Rcvd 1128935]
[0m[HW]     [FH LOAD][o-du 0] rx=72.960 Mbps tx=182.321 Mbps total=255.281 Mbps rx_pps=10752 tx_pps=31872 total_pps=42624
[0m[HW]     [o_du0][pusch0  967644 prach0  161280]
[0m[HW]     [o-du 0][rx 1139687 pps   10752 kbps   72960][tx 3378476 pps   31872 kbps  182321][Total Msgs_Rcvd 1139687]
[0m[HW]     [FH LOAD][o-du 0] rx=72.960 Mbps tx=182.321 Mbps total=255.281 Mbps rx_pps=10752 tx_pps=31872 total_pps=42624
[0m[HW]     [o_du0][pusch0  976860 prach0  162816]
[0m