Logging terminal output to /home/jesse/oran_lab/logs/run_ue/run_ue_20260527_135421_pid33238.log
UE cores: 20,21,22,23
UE sample advance: 0
VRTSIM shared memory is ready; starting UE without waiting for non-zero DL samples.
CMDLINE: "./nr-uesoftmodem" "-O" "/home/jesse/oran_lab/ue_test.conf" "-C" "4049760000" "-r" "24" "--numerology" "1" "--band" "77" "--ssb" "24" "-A" "0" "--device.name" "vrtsim" "--vrtsim.role" "client" "--ue-nb-ant-tx" "1" "--ue-nb-ant-rx" "1" 
[UTIL]   running in SA mode (no --phy-test, --do-ra, --nsa option present)
[0m[UTIL]   threadCreate() for Tpool0_-1: creating thread with affinity ffffffff, priority 97
[0m[UTIL]   threadCreate() for Tpool1_-1: creating thread with affinity ffffffff, priority 97
[0m[UTIL]   threadCreate() for Tpool2_-1: creating thread with affinity ffffffff, priority 97
[0m[UTIL]   threadCreate() for Tpool3_-1: creating thread with affinity ffffffff, priority 97
[0m[UTIL]   threadCreate() for Tpool4_-1: creating thread with affinity ffffffff, priority 97
[0m[UTIL]   threadCreate() for Tpool5_-1: creating thread with affinity ffffffff, priority 97
[0m[UTIL]   threadCreate() for Tpool6_-1: creating thread with affinity ffffffff, priority 97
[0m[UTIL]   threadCreate() for Tpool7_-1: creating thread with affinity ffffffff, priority 97
[0m[UTIL]   threadCreate() for Tpool8_-1: creating thread with affinity ffffffff, priority 97
[0m[UTIL]   threadCreate() for Tpool9_-1: creating thread with affinity ffffffff, priority 97
[0m[UTIL]   threadCreate() for Tpool10_-1: creating thread with affinity ffffffff, priority 97
[0m[UTIL]   threadCreate() for Tpool11_-1: creating thread with affinity ffffffff, priority 97
[0m[OPT]    OPT disabled
[0m[HW]     Version: Branch: compression-plus-timing-fix Abrev. Hash: 13fa21ea91 Date: Mon May 25 14:33:49 2026 -0700
[0m[NR_RRC] create TASK_RRC_NRUE 
[0m[UTIL]   threadCreate() for TASK_RRC_NRUE: creating thread with affinity ffffffff, priority 50
[0m[UTIL]   threadCreate() for TASK_NAS_NRUE: creating thread with affinity ffffffff, priority 50
[0m[SIM]    UICC simulation: IMSI=2089900007487, IMEISV=6754567890123413, Ki=fec86ba6eb707ed08905757b1bb44b8f, OPc=C42449363BBAD02B66D16BC975D77CC1
[0m[SIM]    overriding potential uicc0.dnn/nssai_sst/nssai_sd from uicc0.pdu_sessions
[0m[SIM]    will request PDU session ID 1, type 1, DNN oai, NSSAI 1.ffffff
[0m[NR_MAC] [UE0] Initializing MAC
[0m[NR_MAC] Initializing dl and ul config_request. num_slots = 20
[0m[RLC]    Activated srb0 for UE 0
[0m[UTIL]   threadCreate() for time source realtime: creating thread with affinity ffffffff, priority 2
[0m[UTIL]   time manager configuration: [time source: reatime] [mode: standalone] [server IP: 127.0.0.1} [server port: 7374] (server IP/port not used)
[0m[PHY]    Set UE nb_rx_antenna 1, nb_tx_antenna 1, threequarter_fs 0, ofdm_offset_divisor 8
[0m[PHY]    SA init parameters. DL freq 4049760000 UL offset 0 SSB numerology 1 N_RB_DL 24
[0m[PHY]    Init: N_RB_DL 24, first_carrier_offset 368, nb_prefix_samples 36,nb_prefix_samples0 44, ofdm_symbol_size 512
[0m[93m[PHY]    samples_per_subframe 15360/per second 15360000, wCP 14336
[0m[PHY]    Set UE_fo_compensation 0, UE_scan_carrier 0, UE_no_timing_correction 0 
, chest-freq 0, chest-time 0
[0m[UTIL]   threadCreate() for SYNC__actor: creating thread with affinity ffffffff, priority 97
[0m[UTIL]   threadCreate() for DL__actor: creating thread with affinity ffffffff, priority 97
[0m[UTIL]   threadCreate() for DL__actor: creating thread with affinity ffffffff, priority 97
[0m[UTIL]   threadCreate() for DL__actor: creating thread with affinity ffffffff, priority 97
[0m[UTIL]   threadCreate() for DL__actor: creating thread with affinity ffffffff, priority 97
[0m[UTIL]   threadCreate() for UL__actor: creating thread with affinity ffffffff, priority 97
[0m[UTIL]   threadCreate() for UL__actor: creating thread with affinity ffffffff, priority 97
[0m[PHY]    Initializing UE vars for gNB TXant 1, UE RXant 1
[0m[PHY]    prs_config configuration NOT found..!! Skipped configuring UE for the PRS reception
[0m[PHY]    HW: Configuring ru_id 0, sample_rate 15360000.000000, tx/rx num_channels 1/1, duplex_mode TDD
[0m[PHY]    HW: Configuring channel 0 (rf_chain 0): setting tx_freq 4049760000 Hz, rx_freq 4049760000 Hz, tune_offset 0
[0m[PHY]    HW: Configuring channel 0 (rf_chain 0): setting tx_gain 0, rx_gain 110
[0m[UTIL]   threadCreate() for ru_start_thread: creating thread with affinity ffffffff, priority 97
[0m[HW]     VRTSIM: TX sample advance 4096 samples
[0m[HW]     Running as client: will connect to a vrtsim server
[0m[HW]     [RAU] has loaded RFSIMULATOR device.
[0m[HW]     VRTSIM: UE 0/1 - 1x1 antennas, UL offset=0, DL offset=0
[0m[HW]     VRTSIM: client RX aligned to frame boundary current_sample=103606038 aligned_sample=103680000 samples_per_frame=153600
[0m[PHY]    Intializing UE Threads for instance 0 ...
[0m[UTIL]   threadCreate() for UEthread_0: creating thread with affinity ffffffff, priority 97
[0m[UTIL]   threadCreate() for L1_UE_stats_0: creating thread with affinity ffffffff, priority 1
[0m[93m[PHY]    SSB position provided
[0m[93m[NR_PHY] Starting sync detection
[0m[PHY]    [UE thread Synch] Running Initial Synch 
[0m[NR_PHY] Starting cell search with center freq: 4049760000, bandwidth: 24. Scanning for 1 number of GSCN.
[0m[NR_PHY] Scanning GSCN: 0, with SSB offset: 24, SSB Freq: 0.000000
[0m[1;31m[PHY]    synch Failed: 
[0m[93m[PHY]    SSB position provided
[0m[93m[NR_PHY] Starting sync detection
[0m[PHY]    [UE thread Synch] Running Initial Synch 
[0m[NR_PHY] Starting cell search with center freq: 4049760000, bandwidth: 24. Scanning for 1 number of GSCN.
[0m[NR_PHY] Scanning GSCN: 0, with SSB offset: 24, SSB Freq: 0.000000
[0m[1;31m[PHY]    synch Failed: 
[0m[93m[PHY]    SSB position provided
[0m[93m[NR_PHY] Starting sync detection
[0m[PHY]    [UE thread Synch] Running Initial Synch 
[0m[NR_PHY] Starting cell search with center freq: 4049760000, bandwidth: 24. Scanning for 1 number of GSCN.
[0m[NR_PHY] Scanning GSCN: 0, with SSB offset: 24, SSB Freq: 0.000000
[0m[1;31m[PHY]    synch Failed: 
[0m[93m[PHY]    SSB position provided
[0m[93m[NR_PHY] Starting sync detection
[0m[PHY]    [UE thread Synch] Running Initial Synch 
[0m[NR_PHY] Starting cell search with center freq: 4049760000, bandwidth: 24. Scanning for 1 number of GSCN.
[0m[NR_PHY] Scanning GSCN: 0, with SSB offset: 24, SSB Freq: 0.000000
[0m[1;31m[PHY]    synch Failed: 
[0m[93m[PHY]    SSB position provided
[0m[93m[NR_PHY] Starting sync detection
[0m[PHY]    [UE thread Synch] Running Initial Synch 
[0m[NR_PHY] Starting cell search with center freq: 4049760000, bandwidth: 24. Scanning for 1 number of GSCN.
[0m[NR_PHY] Scanning GSCN: 0, with SSB offset: 24, SSB Freq: 0.000000
[0m[32m[PHY]    Initial sync: pbch decoded sucessfully, ssb index 0
[0m[PHY]    pbch rx ok. rsrp:74 dB/RE, adjust_rxgain:-24 dB
[0m[NR_PHY] Cell Detected with GSCN: 0, SSB SC offset: 24, SSB Ref: 0.000000, PSS Corr peak: 116 dB, PSS Corr Average: 80
[0m[PHY]    [UE0] In synch, rx_offset 143708 samples
[0m[PHY]    [UE 0] Measured Carrier Frequency offset -44 Hz
[0m[32m[PHY]    Initial sync successful, PCI: 0
[0m[PHY]    HW: Configuring channel 0 (rf_chain 0): setting tx_freq 4049759956 Hz, rx_freq 4049759956 Hz, tune_offset 0
[0m[PHY]    Got synch: hw_slot_offset 37, carrier off -44 Hz
[0m[NR_RRC] [UE 0] BCCH update: phyCellID 0->0, arfcn_ssb 0->669984
[0m[32m[PHY]    UE synchronized! decoded_frame_rx=106 UE->init_sync_frame=0 trashed_frames=4
[0m[PHY]    Resynchronizing RX by 143708 samples
[0m[HW]     received write reorder clear context
[0m[PHY]    max_pos_acc = 0, shiftForNextFrame = 0
[0m[32m[NR_RRC] SIB1 decoded
[0m[NR_MAC] [UE 0] Initial cell selection: dl_frequency=4045440 kHz (from command-line, band=77, scs=1)
[0m[NR_MAC] Initial cell selection: uplink_frequency=4045440 kHz (from dl_frequency=4045440 kHz)
[0m[NR_MAC] TDD period index = 5, based on the sum of dl_UL_TransmissionPeriodicity from Pattern1 (2.500000 ms) and Pattern2 (0.000000 ms): Total = 2.500000 ms
[0m[NR_MAC] Set TDD configuration period to: 4 DL slots, 2 UL slots, 5 slots per period (NR_TDD_UL_DL_Pattern is 3 DL slots, 1 UL slots, 6 DL symbols, 4 UL symbols)
[0m[NR_MAC] Configured 1 TDD patterns (total slots: pattern1 = 5, pattern2 = 0)
[0m[PHY]    N_TA_offset changed from 0 to 200
[0m[MAC]    Initialization of 4-Step CBRA procedure
[0m[NR_MAC] PRACH scheduler: Selected RO Frame 112, Slot 19, Symbol 0, Fdm 0
[0m[PHY]    PRACH [UE 0] in frame.slot 112.19, placing PRACH in position 740, Msg1/MsgA-Preamble frequency start 0 (k1 0), preamble_offset 58, first_nonzero_root_idx 0, preambleIndex = 58
[0m[PHY]    [UE 0] RAR-Msg2 decoded
[0m[NR_MAC] [UE 0][RAPROC][RA-RNTI 010b] Got BI RAR subPDU 5 ms
[0m[NR_MAC] [UE 0][RAPROC][RA-RNTI 010b] Got RAPID RAR subPDU
[0m[32m[NR_MAC] [UE 0][RAPROC][113.10] Found RAR with the intended RAPID 58
[0m[93m[MAC]    received TA command 31
[0m[32m[NR_MAC] [RAPROC][113.18] RA-Msg3 transmitted
[0m[32m[NR_MAC] [UE 0][114.10][RAPROC] 4-Step RA procedure succeeded. CBRA: Contention Resolution is successful.
[0m[NR_RRC] [UE0][RAPROC] Logical Channel DL-CCCH (SRB0), Received NR_RRCSetup
[0m[RLC]    Added srb 1 to UE 0
[0m[NR_RRC] State = NR_RRC_CONNECTED
[0m[MAC]    [UE 0] Applying CellGroupConfig from gNodeB
[0m[NAS]    Generate Initial NAS Message: Registration Request
[0m[NR_RRC] [UE 0][RAPROC] Logical Channel UL-DCCH (SRB1), Generating RRCSetupComplete (bytes32)
[0m[NAS]    [UE 0] Received NR_NAS_CONN_ESTABLISH_IND: asCause 0
[0m[NAS]    [UE 0] Received NAS_DOWNLINK_DATA_IND type FGS_AUTHENTICATION_REQUEST with length 42
[0m[NR_MAC] UE 0 RNTI 2e2c stats sfn: 128.4, cumulated bad DCI 0
    DL harq: 3/0/0
    UL harq: 11/10/10 avg code rate 0.1, avg bit/symbol 2.1, avg per TB: (nb RBs 5.1, nb symbols 12.7)
[0m[NAS]    [UE 0] Received NAS_DOWNLINK_DATA_IND type FGS_SECURITY_MODE_COMMAND with length 21
[0m[NAS]    Generate Initial NAS Message: Registration Request
[0m[NR_RRC] Received securityModeCommand (gNB 0)
[0m[NR_RRC] Receiving from SRB1 (DL-DCCH), Processing securityModeCommand
[0m[NR_RRC] Security algorithm is set to nea0
[0m[NR_RRC] Integrity protection algorithm is set to nia2
[0m[NR_RRC] Receiving from SRB1 (DL-DCCH), encoding securityModeComplete, rrc_TransactionIdentifier: 0
[0m[NR_RRC] Received Capability Enquiry (gNB 0)
[0m[NR_RRC] Receiving from SRB1 (DL-DCCH), Processing UECapabilityEnquiry
[0m[CONFIG] function config_libconfig_init returned 0
Initializing random number generator, seed 7782841874014379203
Waiting for server to create shared memory segment
UE threads created by 33247
TYPE <CTRL-C> TO TERMINATE
kausf:f 5d 2b e2 41 80 8c 13 e0 99 41 90 3c 3a 12 47 f2 f1 31 74 17 3a ce 29 2b 23 3a c7 1f 4f d6 3b 
kseaf:c 10 c9 bb b8 a8 77 d5 3a a3 b2 e1 a7 83 f3 2 9a 49 9b c0 22 5d 6d 1e 4c 20 c8 22 b8 a0 29 0 
kamf:9f f5 ed 3b 24 9f 1d 9e 3f f1 f1 db 50 7e c8 84 fc 65 b 9a f9 a4 97 4d 88 bc 45 78 60 62 29 a5 
knas_int: 3e e2 d4 49 12 f7 d2 a e2 85 6b ef e7 10 8 b3 
knas_enc: 91 39 c1 bf 1a ad 5e b9 f3 d7 b1 65 ad 4e ec 91 
mac b1 7c e1 2f 
[NR_RRC] deriving kRRCenc, kRRCint from KgNB=63 3a 7f 2f f4 3d 1d 71 76 34 d2 71 28 44 3b 79 63 42 c6 a3 2a 07 75 6a 14 66 d2 9e b8 cb 76 21 [0m
[NR_RRC] securityModeComplete payload: 28 00 00 00 00 00 00 00 20 18 00 cc 05 76 00 00 [0m
<UE-NR-Capability>
    <accessStratumRelease><rel15/></accessStratumRelease>
    <pdcp-Parameters>
        <supportedROHC-Profiles>
            <profile0x0000><false/></profile0x0000>
            <profile0x0001><false/></profile0x0001>
            <profile0x0002><false/></profile0x0002>
            <profile0x0003><false/></profile0x0003>
            <profile0x0004><false/></profile0x0004>
            <profile0x0006><false/></profile0x0006>
            <profile0x0101><false/></profile0x0101>
            <profile0x0102><false/></profile0x0102>
            <profile0x0103><false/></profile0x0103>
            <profile0x0104><false/></profile0x0104>
        </supportedROHC-Profiles>
        <maxNumberROHC-ContextSessions><cs2/></maxNumberROHC-ContextSessions>
    </pdcp-Parameters>
    <phy-Parameters>
    </phy-Parameters>
    <rf-Parameters>
        <supportedBandListNR>
            <BandNR>
                <bandNR>1</bandNR>
            </BandNR>
        </supportedBandListNR>
    </rf-Parameters>
</UE-NR-Capability>
[PHY]    [RRC]UE NR Capability encoded, 10 bytes (86 bits)
[0m[NR_RRC] UECapabilityInformation Encoded 106 bits (14 bytes)
[0m[NAS]    [UE 0] Received NAS_DOWNLINK_DATA_IND type FGS_REGISTRATION_ACCEPT with length 53
[0m[NAS]    Received Registration Accept with result 3GPP
[0m[NAS]    SMS not allowed in 5GS Registration Result
[0m[NR_RRC] 5G-GUTI: AMF pointer 1, AMF Set ID 1, 5G-TMSI 4077567049 
[0m[NAS]    Send NAS_UPLINK_DATA_REQ message(RegistrationComplete)
[0m[NAS]    requested PDU session ID 1 type 1 NSSAI 1.16777215 DNN oai
[0m[NAS]    Send NAS_UPLINK_DATA_REQ message(PduSessionEstablishRequest)
[0m[RLC]    Added srb 2 to UE 0
[0m[RLC]    Added drb 1 to UE 0
[0m[RLC]    Added DRB to UE 0
[0m[NR_RRC] RRCReconfiguration includes radio Bearer Configuration
[0m[MAC]    [UE 0] Applying CellGroupConfig from gNodeB
[0m[SDAP]   Default DRB for the created SDAP entity: DRB 1 
[0m[PDCP]   Added DRB 1 to UE ID 0
[0m[NR_RRC] State = NR_RRC_CONNECTED
[0m[NR_RRC] RRCReconfiguration includes Measurement Configuration
[0m[93m[NR_RRC] Measurement gaps not yet supported!
[0m[NR_RRC] rrcReconfigurationComplete Encoded 10 bits (2 bytes)
[0m[NR_RRC]  Logical Channel UL-DCCH (SRB1), Generating RRCReconfigurationComplete (bytes 2)
[0m[93m[NR_RRC] (active_cell_rsrp) -123 + (rsrp_hysteresis) 0 < (rsrp_threshold) -97
[0m[NAS]    [UE 0] Received NAS_CONN_ESTABLI_CNF: errCode 1, length 98
[0m[NAS]    Received PDU Session Establishment Accept, UE IPv4: 10.0.0.67
[0m[32m[OIP]    TUN Interface oaitun_ue1 successfully configured, IPv4 10.0.0.67, IPv6 (null)
[0m[NR_RRC] MeasurementReport Encoded 53 bits (7 bytes)
[0m[UTIL]   threadCreate() for ue_tun_read_0_p1: creating thread with affinity ffffffff, priority 1
[0m[NR_RRC] MeasurementReport Encoded 53 bits (7 bytes)
[0m[NR_MAC] UE 0 RNTI 2e2c stats sfn: 256.4, cumulated bad DCI 0
    DL harq: 22/0/0
    UL harq: 74/73/73 avg code rate 0.1, avg bit/symbol 2.1, avg per TB: (nb RBs 5.0, nb symbols 13.0)
[0m[NR_RRC] MeasurementReport Encoded 53 bits (7 bytes)
[0m[NR_RRC] MeasurementReport Encoded 53 bits (7 bytes)
[0m[NR_MAC] UE 0 RNTI 2e2c stats sfn: 384.4, cumulated bad DCI 0
    DL harq: 25/0/0
    UL harq: 89/88/88 avg code rate 0.1, avg bit/symbol 2.1, avg per TB: (nb RBs 5.0, nb symbols 13.0)
[0m[NR_MAC] UE 0 RNTI 2e2c stats sfn: 512.4, cumulated bad DCI 0
    DL harq: 26/0/0
    UL harq: 100/99/99 avg code rate 0.1, avg bit/symbol 2.1, avg per TB: (nb RBs 5.0, nb symbols 13.0)
[0m[NR_MAC] UE 0 RNTI 2e2c stats sfn: 640.4, cumulated bad DCI 0
    DL harq: 29/0/0
    UL harq: 119/117/117 avg code rate 0.1, avg bit/symbol 2.1, avg per TB: (nb RBs 5.0, nb symbols 13.0)
[0m[NR_MAC] UE 0 RNTI 2e2c stats sfn: 768.4, cumulated bad DCI 0
    DL harq: 31/0/0
    UL harq: 144/143/141 avg code rate 0.1, avg bit/symbol 2.0, avg per TB: (nb RBs 5.0, nb symbols 13.0)
[0m[NR_MAC] UE 0 RNTI 2e2c stats sfn: 896.4, cumulated bad DCI 0
    DL harq: 44/0/0
    UL harq: 301/300/300 avg code rate 0.1, avg bit/symbol 2.0, avg per TB: (nb RBs 5.0, nb symbols 13.0)
[0m[NR_MAC] UE 0 RNTI 2e2c stats sfn: 0.4, cumulated bad DCI 0
    DL harq: 69/0/0
    UL harq: 473/472/468 avg code rate 0.1, avg bit/symbol 2.0, avg per TB: (nb RBs 5.0, nb symbols 13.0)
[0m[NR_MAC] UE 0 RNTI 2e2c stats sfn: 128.4, cumulated bad DCI 0
    DL harq: 92/0/0
    UL harq: 645/640/640 avg code rate 0.1, avg bit/symbol 2.0, avg per TB: (nb RBs 5.0, nb symbols 13.0)
[0m[NR_MAC] UE 0 RNTI 2e2c stats sfn: 256.4, cumulated bad DCI 0
    DL harq: 115/0/0
    UL harq: 813/812/812 avg code rate 0.1, avg bit/symbol 2.0, avg per TB: (nb RBs 5.0, nb symbols 13.0)
[0m[NR_MAC] UE 0 RNTI 2e2c stats sfn: 384.4, cumulated bad DCI 0
    DL harq: 139/0/0
    UL harq: 985/984/980 avg code rate 0.1, avg bit/symbol 2.0, avg per TB: (nb RBs 5.0, nb symbols 13.0)
[0m[NR_MAC] UE 0 RNTI 2e2c stats sfn: 512.4, cumulated bad DCI 0
    DL harq: 156/0/0
    UL harq: 1157/1152/1152 avg code rate 0.1, avg bit/symbol 2.0, avg per TB: (nb RBs 5.0, nb symbols 13.0)
[0m[NR_MAC] UE 0 RNTI 2e2c stats sfn: 640.4, cumulated bad DCI 0
    DL harq: 179/0/0
    UL harq: 1325/1324/1324 avg code rate 0.1, avg bit/symbol 2.0, avg per TB: (nb RBs 5.0, nb symbols 13.0)
[0m[NR_MAC] UE 0 RNTI 2e2c stats sfn: 768.4, cumulated bad DCI 0
    DL harq: 203/0/0
    UL harq: 1497/1496/1492 avg code rate 0.1, avg bit/symbol 2.0, avg per TB: (nb RBs 5.0, nb symbols 13.0)
[0m[NR_MAC] UE 0 RNTI 2e2c stats sfn: 896.4, cumulated bad DCI 0
    DL harq: 227/0/0
    UL harq: 1669/1664/1664 avg code rate 0.1, avg bit/symbol 2.0, avg per TB: (nb RBs 5.0, nb symbols 13.0)
[0m[NR_MAC] UE 0 RNTI 2e2c stats sfn: 0.4, cumulated bad DCI 0
    DL harq: 250/0/0
    UL harq: 1837/1836/1836 avg code rate 0.1, avg bit/symbol 2.0, avg per TB: (nb RBs 5.0, nb symbols 13.0)
[0m[NR_MAC] UE 0 RNTI 2e2c stats sfn: 128.4, cumulated bad DCI 0
    DL harq: 274/0/0
    UL harq: 2009/2008/2004 avg code rate 0.1, avg bit/symbol 2.0, avg per TB: (nb RBs 5.0, nb symbols 13.0)
[0m[NR_MAC] UE 0 RNTI 2e2c stats sfn: 256.4, cumulated bad DCI 0
    DL harq: 290/0/0
    UL harq: 2181/2176/2176 avg code rate 0.1, avg bit/symbol 2.0, avg per TB: (nb RBs 5.0, nb symbols 13.0)
[0m[NR_MAC] UE 0 RNTI 2e2c stats sfn: 384.4, cumulated bad DCI 0
    DL harq: 314/0/0
    UL harq: 2349/2348/2348 avg code rate 0.1, avg bit/symbol 2.0, avg per TB: (nb RBs 5.0, nb symbols 13.0)
[0m[NR_MAC] UE 0 RNTI 2e2c stats sfn: 512.4, cumulated bad DCI 0
    DL harq: 338/0/0
    UL harq: 2521/2520/2516 avg code rate 0.1, avg bit/symbol 2.0, avg per TB: (nb RBs 5.0, nb symbols 13.0)
[0m[NR_MAC] UE 0 RNTI 2e2c stats sfn: 640.4, cumulated bad DCI 0
    DL harq: 361/0/0
    UL harq: 2693/2688/2688 avg code rate 0.1, avg bit/symbol 2.0, avg per TB: (nb RBs 5.0, nb symbols 13.0)
[0m[NR_MAC] UE 0 RNTI 2e2c stats sfn: 768.4, cumulated bad DCI 0
    DL harq: 385/0/0
    UL harq: 2861/2860/2860 avg code rate 0.1, avg bit/symbol 2.0, avg per TB: (nb RBs 5.0, nb symbols 13.0)
[0m[NR_MAC] UE 0 RNTI 2e2c stats sfn: 896.4, cumulated bad DCI 0
    DL harq: 409/0/0
    UL harq: 3033/3032/3028 avg code rate 0.1, avg bit/symbol 2.0, avg per TB: (nb RBs 5.0, nb symbols 13.0)
[0m[NR_MAC] UE 0 RNTI 2e2c stats sfn: 0.4, cumulated bad DCI 0
    DL harq: 425/0/0
    UL harq: 3205/3200/3200 avg code rate 0.1, avg bit/symbol 2.0, avg per TB: (nb RBs 5.0, nb symbols 13.0)
[0m[NR_MAC] UE 0 RNTI 2e2c stats sfn: 128.4, cumulated bad DCI 0
    DL harq: 448/0/0
    UL harq: 3373/3372/3372 avg code rate 0.1, avg bit/symbol 2.0, avg per TB: (nb RBs 5.0, nb symbols 13.0)
[0m[NR_MAC] UE 0 RNTI 2e2c stats sfn: 256.4, cumulated bad DCI 0
    DL harq: 466/0/0
    UL harq: 3545/3544/3540 avg code rate 0.1, avg bit/symbol 2.0, avg per TB: (nb RBs 5.0, nb symbols 13.0)
[0m[NR_MAC] UE 0 RNTI 2e2c stats sfn: 384.4, cumulated bad DCI 0
    DL harq: 488/0/0
    UL harq: 3717/3712/3712 avg code rate 0.1, avg bit/symbol 2.0, avg per TB: (nb RBs 5.0, nb symbols 13.0)
[0m[NR_MAC] UE 0 RNTI 2e2c stats sfn: 512.4, cumulated bad DCI 0
    DL harq: 511/0/0
    UL harq: 3885/3884/3884 avg code rate 0.1, avg bit/symbol 2.0, avg per TB: (nb RBs 5.0, nb symbols 13.0)
[0m[NR_MAC] UE 0 RNTI 2e2c stats sfn: 640.4, cumulated bad DCI 0
    DL harq: 535/0/0
    UL harq: 4057/4056/4052 avg code rate 0.1, avg bit/symbol 2.0, avg per TB: (nb RBs 5.0, nb symbols 13.0)
[0m[NR_MAC] UE 0 RNTI 2e2c stats sfn: 768.4, cumulated bad DCI 0
    DL harq: 559/0/0
    UL harq: 4229/4224/4224 avg code rate 0.1, avg bit/symbol 2.0, avg per TB: (nb RBs 5.0, nb symbols 13.0)
[0m[NR_MAC] UE 0 RNTI 2e2c stats sfn: 896.4, cumulated bad DCI 0
    DL harq: 583/0/0
    UL harq: 4397/4396/4396 avg code rate 0.1, avg bit/symbol 2.0, avg per TB: (nb RBs 5.0, nb symbols 13.0)
[0m[NR_MAC] UE 0 RNTI 2e2c stats sfn: 0.4, cumulated bad DCI 0
    DL harq: 601/0/0
    UL harq: 4569/4568/4564 avg code rate 0.1, avg bit/symbol 2.0, avg per TB: (nb RBs 5.0, nb symbols 13.0)
[0m[NR_MAC] UE 0 RNTI 2e2c stats sfn: 128.4, cumulated bad DCI 0
    DL harq: 623/0/0
    UL harq: 4741/4736/4736 avg code rate 0.1, avg bit/symbol 2.0, avg per TB: (nb RBs 5.0, nb symbols 13.0)
[0m[NR_MAC] UE 0 RNTI 2e2c stats sfn: 256.4, cumulated bad DCI 0
    DL harq: 646/0/0
    UL harq: 4909/4908/4908 avg code rate 0.1, avg bit/symbol 2.0, avg per TB: (nb RBs 5.0, nb symbols 13.0)
[0m[NR_MAC] UE 0 RNTI 2e2c stats sfn: 384.4, cumulated bad DCI 0
    DL harq: 670/0/0
    UL harq: 5081/5080/5076 avg code rate 0.1, avg bit/symbol 2.0, avg per TB: (nb RBs 5.0, nb symbols 13.0)
[0m[NR_MAC] UE 0 RNTI 2e2c stats sfn: 512.4, cumulated bad DCI 0
    DL harq: 693/0/0
    UL harq: 5253/5248/5248 avg code rate 0.1, avg bit/symbol 2.0, avg per TB: (nb RBs 5.0, nb symbols 13.0)
[0m[NR_MAC] UE 0 RNTI 2e2c stats sfn: 640.4, cumulated bad DCI 0
    DL harq: 718/0/0
    UL harq: 5421/5420/5420 avg code rate 0.1, avg bit/symbol 2.0, avg per TB: (nb RBs 5.0, nb symbols 13.0)
[0m[NR_MAC] UE 0 RNTI 2e2c stats sfn: 768.4, cumulated bad DCI 0
    DL harq: 737/0/0
    UL harq: 5593/5592/5588 avg code rate 0.1, avg bit/symbol 2.0, avg per TB: (nb RBs 5.0, nb symbols 13.0)
[0m[NR_MAC] UE 0 RNTI 2e2c stats sfn: 896.4, cumulated bad DCI 0
    DL harq: 757/0/0
    UL harq: 5765/5760/5760 avg code rate 0.1, avg bit/symbol 2.0, avg per TB: (nb RBs 5.0, nb symbols 13.0)
[0m[NR_MAC] UE 0 RNTI 2e2c stats sfn: 0.4, cumulated bad DCI 0
    DL harq: 781/0/0
    UL harq: 5933/5932/5932 avg code rate 0.1, avg bit/symbol 2.0, avg per TB: (nb RBs 5.0, nb symbols 13.0)
[0m[NR_MAC] UE 0 RNTI 2e2c stats sfn: 128.4, cumulated bad DCI 0
    DL harq: 805/0/0
    UL harq: 6105/6104/6100 avg code rate 0.1, avg bit/symbol 2.0, avg per TB: (nb RBs 5.0, nb symbols 13.0)
[0m[NR_MAC] UE 0 RNTI 2e2c stats sfn: 256.4, cumulated bad DCI 0
    DL harq: 828/0/0
    UL harq: 6277/6272/6272 avg code rate 0.1, avg bit/symbol 2.0, avg per TB: (nb RBs 5.0, nb symbols 13.0)
[0m[NR_MAC] UE 0 RNTI 2e2c stats sfn: 384.4, cumulated bad DCI 0
    DL harq: 852/0/0
    UL harq: 6445/6444/6444 avg code rate 0.1, avg bit/symbol 2.0, avg per TB: (nb RBs 5.0, nb symbols 13.0)
[0m[NR_MAC] UE 0 RNTI 2e2c stats sfn: 512.4, cumulated bad DCI 0
    DL harq: 874/0/0
    UL harq: 6617/6616/6612 avg code rate 0.1, avg bit/symbol 2.0, avg per TB: (nb RBs 5.0, nb symbols 13.0)
[0m[NR_MAC] UE 0 RNTI 2e2c stats sfn: 640.4, cumulated bad DCI 0
    DL harq: 893/0/0
    UL harq: 6789/6784/6784 avg code rate 0.1, avg bit/symbol 2.0, avg per TB: (nb RBs 5.0, nb symbols 13.0)
[0m[NR_MAC] UE 0 RNTI 2e2c stats sfn: 768.4, cumulated bad DCI 0
    DL harq: 918/0/0
    UL harq: 6957/6956/6956 avg code rate 0.1, avg bit/symbol 2.0, avg per TB: (nb RBs 5.0, nb symbols 13.0)
[0m[NR_MAC] UE 0 RNTI 2e2c stats sfn: 896.4, cumulated bad DCI 0
    DL harq: 943/0/0
    UL harq: 7129/7128/7124 avg code rate 0.1, avg bit/symbol 2.0, avg per TB: (nb RBs 5.0, nb symbols 13.0)
[0m[NR_MAC] UE 0 RNTI 2e2c stats sfn: 0.4, cumulated bad DCI 0
    DL harq: 959/0/0
    UL harq: 7301/7296/7296 avg code rate 0.1, avg bit/symbol 2.0, avg per TB: (nb RBs 5.0, nb symbols 13.0)
[0m[NR_MAC] UE 0 RNTI 2e2c stats sfn: 128.4, cumulated bad DCI 0
    DL harq: 982/0/0
    UL harq: 7469/7468/7468 avg code rate 0.1, avg bit/symbol 2.0, avg per TB: (nb RBs 5.0, nb symbols 13.0)
[0m[NR_MAC] UE 0 RNTI 2e2c stats sfn: 256.4, cumulated bad DCI 0
    DL harq: 1009/0/0
    UL harq: 7641/7640/7636 avg code rate 0.1, avg bit/symbol 2.0, avg per TB: (nb RBs 5.0, nb symbols 13.0)
[0m[NR_MAC] UE 0 RNTI 2e2c stats sfn: 384.4, cumulated bad DCI 0
    DL harq: 1040/0/0
    UL harq: 7813/7808/7808 avg code rate 0.1, avg bit/symbol 2.0, avg per TB: (nb RBs 5.0, nb symbols 13.0)
[0m[NR_MAC] UE 0 RNTI 2e2c stats sfn: 512.4, cumulated bad DCI 0
    DL harq: 1064/0/0
    UL harq: 7981/7980/7980 avg code rate 0.1, avg bit/symbol 2.0, avg per TB: (nb RBs 5.0, nb symbols 13.0)
[0m[NR_MAC] UE 0 RNTI 2e2c stats sfn: 640.4, cumulated bad DCI 0
    DL harq: 1088/0/0
    UL harq: 8153/8152/8148 avg code rate 0.1, avg bit/symbol 2.0, avg per TB: (nb RBs 5.0, nb symbols 13.0)
[0m[NR_MAC] UE 0 RNTI 2e2c stats sfn: 768.4, cumulated bad DCI 0
    DL harq: 1112/0/0
    UL harq: 8325/8320/8320 avg code rate 0.1, avg bit/symbol 2.0, avg per TB: (nb RBs 5.0, nb symbols 13.0)
[0m[NR_MAC] UE 0 RNTI 2e2c stats sfn: 896.4, cumulated bad DCI 0
    DL harq: 1136/0/0
    UL harq: 8493/8492/8492 avg code rate 0.1, avg bit/symbol 2.0, avg per TB: (nb RBs 5.0, nb symbols 13.0)
[0m[NR_MAC] UE 0 RNTI 2e2c stats sfn: 0.4, cumulated bad DCI 0
    DL harq: 1161/0/0
    UL harq: 8665/8664/8660 avg code rate 0.1, avg bit/symbol 2.0, avg per TB: (nb RBs 5.0, nb symbols 13.0)
[0m[NR_MAC] UE 0 RNTI 2e2c stats sfn: 128.4, cumulated bad DCI 0
    DL harq: 1184/0/0
    UL harq: 8837/8832/8832 avg code rate 0.1, avg bit/symbol 2.0, avg per TB: (nb RBs 5.0, nb symbols 13.0)
[0m[NR_MAC] UE 0 RNTI 2e2c stats sfn: 256.4, cumulated bad DCI 0
    DL harq: 1210/0/0
    UL harq: 9005/9004/9004 avg code rate 0.1, avg bit/symbol 2.0, avg per TB: (nb RBs 5.0, nb symbols 13.0)
[0m[NR_MAC] UE 0 RNTI 2e2c stats sfn: 384.4, cumulated bad DCI 0
    DL harq: 1234/0/0
    UL harq: 9177/9176/9172 avg code rate 0.1, avg bit/symbol 2.0, avg per TB: (nb RBs 5.0, nb symbols 13.0)
[0m[NR_MAC] UE 0 RNTI 2e2c stats sfn: 512.4, cumulated bad DCI 0
    DL harq: 1257/0/0
    UL harq: 9349/9344/9344 avg code rate 0.1, avg bit/symbol 2.0, avg per TB: (nb RBs 5.0, nb symbols 13.0)
[0m[NR_MAC] UE 0 RNTI 2e2c stats sfn: 640.4, cumulated bad DCI 0
    DL harq: 1280/0/0
    UL harq: 9517/9516/9516 avg code rate 0.1, avg bit/symbol 2.0, avg per TB: (nb RBs 5.0, nb symbols 13.0)
[0m[NR_MAC] UE 0 RNTI 2e2c stats sfn: 768.4, cumulated bad DCI 0
    DL harq: 1305/0/0
    UL harq: 9689/9688/9684 avg code rate 0.1, avg bit/symbol 2.0, avg per TB: (nb RBs 5.0, nb symbols 13.0)
[0m[NR_MAC] UE 0 RNTI 2e2c stats sfn: 896.4, cumulated bad DCI 0
    DL harq: 1328/0/0
    UL harq: 9861/9856/9856 avg code rate 0.1, avg bit/symbol 2.0, avg per TB: (nb RBs 5.0, nb symbols 13.0)
[0m[NR_MAC] UE 0 RNTI 2e2c stats sfn: 0.4, cumulated bad DCI 0
    DL harq: 1352/0/0
    UL harq: 10029/10028/10028 avg code rate 0.1, avg bit/symbol 2.0, avg per TB: (nb RBs 5.0, nb symbols 13.0)
[0m[NR_MAC] UE 0 RNTI 2e2c stats sfn: 128.4, cumulated bad DCI 0
    DL harq: 1375/0/0
    UL harq: 10201/10200/10196 avg code rate 0.1, avg bit/symbol 2.0, avg per TB: (nb RBs 5.0, nb symbols 13.0)
[0m[NR_MAC] UE 0 RNTI 2e2c stats sfn: 256.4, cumulated bad DCI 0
    DL harq: 1394/0/0
    UL harq: 10373/10368/10368 avg code rate 0.1, avg bit/symbol 2.0, avg per TB: (nb RBs 5.0, nb symbols 13.0)
[0m[NR_MAC] UE 0 RNTI 2e2c stats sfn: 384.4, cumulated bad DCI 0
    DL harq: 1417/0/0
    UL harq: 10541/10540/10540 avg code rate 0.1, avg bit/symbol 2.0, avg per TB: (nb RBs 5.0, nb symbols 13.0)
[0m[NR_MAC] UE 0 RNTI 2e2c stats sfn: 512.4, cumulated bad DCI 0
    DL harq: 1441/0/0
    UL harq: 10713/10712/10708 avg code rate 0.1, avg bit/symbol 2.0, avg per TB: (nb RBs 5.0, nb symbols 13.0)
[0m[NR_MAC] UE 0 RNTI 2e2c stats sfn: 640.4, cumulated bad DCI 0
    DL harq: 1465/0/0
    UL harq: 10885/10880/10880 avg code rate 0.1, avg bit/symbol 2.0, avg per TB: (nb RBs 5.0, nb symbols 13.0)
[0m[NR_MAC] UE 0 RNTI 2e2c stats sfn: 768.4, cumulated bad DCI 0
    DL harq: 1488/0/0
    UL harq: 11053/11052/11052 avg code rate 0.1, avg bit/symbol 2.0, avg per TB: (nb RBs 5.0, nb symbols 13.0)
[0m[NR_MAC] UE 0 RNTI 2e2c stats sfn: 896.4, cumulated bad DCI 0
    DL harq: 1513/0/0
    UL harq: 11225/11224/11220 avg code rate 0.1, avg bit/symbol 2.0, avg per TB: (nb RBs 5.0, nb symbols 13.0)
[0m[NR_MAC] UE 0 RNTI 2e2c stats sfn: 0.4, cumulated bad DCI 0
    DL harq: 1537/0/0
    UL harq: 11397/11392/11392 avg code rate 0.1, avg bit/symbol 2.0, avg per TB: (nb RBs 5.0, nb symbols 13.0)
[0m[NR_MAC] UE 0 RNTI 2e2c stats sfn: 128.4, cumulated bad DCI 0
    DL harq: 1560/0/0
    UL harq: 11565/11564/11564 avg code rate 0.1, avg bit/symbol 2.0, avg per TB: (nb RBs 5.0, nb symbols 13.0)
[0m[NR_MAC] UE 0 RNTI 2e2c stats sfn: 256.4, cumulated bad DCI 0
    DL harq: 1591/0/0
    UL harq: 11737/11736/11732 avg code rate 0.1, avg bit/symbol 2.0, avg per TB: (nb RBs 5.0, nb symbols 13.0)
[0m[NR_MAC] UE 0 RNTI 2e2c stats sfn: 384.4, cumulated bad DCI 0
    DL harq: 1607/0/0
    UL harq: 11909/11904/11904 avg code rate 0.1, avg bit/symbol 2.0, avg per TB: (nb RBs 5.0, nb symbols 13.0)
[0m[NR_MAC] UE 0 RNTI 2e2c stats sfn: 512.4, cumulated bad DCI 0
    DL harq: 2082/0/0
    UL harq: 12073/12068/12068 avg code rate 0.1, avg bit/symbol 2.0, avg per TB: (nb RBs 5.0, nb symbols 13.0)
[0m[93m[PHY]    Deadline missed for tx slot 585.9 (current time 1779915361535616 us, deadline 1779915361535492 us, missed by 124)
[0m[NR_MAC] UE 0 RNTI 2e2c stats sfn: 640.4, cumulated bad DCI 0
    DL harq: 2227/19/2/0
    UL harq: 12244/12236/12233/8 avg code rate 0.1, avg bit/symbol 2.0, avg per TB: (nb RBs 5.0, nb symbols 13.0)
[0m[NR_MAC] UE 0 RNTI 2e2c stats sfn: 768.4, cumulated bad DCI 0
    DL harq: 2326/23/2/0
    UL harq: 12414/12400/12399/20 avg code rate 0.1, avg bit/symbol 2.0, avg per TB: (nb RBs 5.0, nb symbols 13.0)
[0m[NR_MAC] UE 0 RNTI 2e2c stats sfn: 896.4, cumulated bad DCI 0
    DL harq: 2434/35/2/0
    UL harq: 12588/12563/12562/32 avg code rate 0.1, avg bit/symbol 2.0, avg per TB: (nb RBs 5.0, nb symbols 13.0)
[0m[NR_MAC] UE 0 RNTI 2e2c stats sfn: 0.4, cumulated bad DCI 0
    DL harq: 2574/56/4/0
    UL harq: 12760/12727/12726/44 avg code rate 0.1, avg bit/symbol 2.0, avg per TB: (nb RBs 5.0, nb symbols 13.0)
[0m[NR_MAC] UE 0 RNTI 2e2c stats sfn: 128.4, cumulated bad DCI 0
    DL harq: 2725/76/4/0
    UL harq: 12943/12889/12889/48 avg code rate 0.1, avg bit/symbol 2.0, avg per TB: (nb RBs 5.0, nb symbols 13.0)
[0m[NR_MAC] UE 0 RNTI 2e2c stats sfn: 256.4, cumulated bad DCI 0
    DL harq: 2844/80/4/0
    UL harq: 13104/13047/13046/84 avg code rate 0.1, avg bit/symbol 2.0, avg per TB: (nb RBs 5.0, nb symbols 13.0)
[0m[NR_MAC] UE 0 RNTI 2e2c stats sfn: 384.4, cumulated bad DCI 0
    DL harq: 2929/94/4/0
    UL harq: 13267/13204/13204/118 avg code rate 0.1, avg bit/symbol 2.0, avg per TB: (nb RBs 5.0, nb symbols 13.0)
[0m[NR_MAC] UE 0 RNTI 2e2c stats sfn: 512.4, cumulated bad DCI 0
    DL harq: 3062/113/5/0
    UL harq: 13431/13362/13360/152 avg code rate 0.1, avg bit/symbol 2.0, avg per TB: (nb RBs 5.0, nb symbols 13.0)
[0m[NR_MAC] UE 0 RNTI 2e2c stats sfn: 640.4, cumulated bad DCI 0
    DL harq: 3184/115/5/0
    UL harq: 13592/13520/13519/186 avg code rate 0.1, avg bit/symbol 2.0, avg per TB: (nb RBs 5.0, nb symbols 13.0)
[0m[NR_MAC] UE 0 RNTI 2e2c stats sfn: 768.4, cumulated bad DCI 0
    DL harq: 3334/150/9/0
    UL harq: 13769/13679/13677/204 avg code rate 0.1, avg bit/symbol 2.0, avg per TB: (nb RBs 5.0, nb symbols 13.0)
[0m[NR_MAC] UE 0 RNTI 2e2c stats sfn: 896.4, cumulated bad DCI 0
    DL harq: 3530/152/9/0
    UL harq: 13940/13849/13847/205 avg code rate 0.1, avg bit/symbol 2.0, avg per TB: (nb RBs 5.0, nb symbols 13.0)
[0m[NR_MAC] UE 0 RNTI 2e2c stats sfn: 0.4, cumulated bad DCI 0
    DL harq: 3662/164/10/0
    UL harq: 14110/14014/14014/215 avg code rate 0.1, avg bit/symbol 2.0, avg per TB: (nb RBs 5.0, nb symbols 13.0)
[0m[NR_MAC] UE 0 RNTI 2e2c stats sfn: 128.4, cumulated bad DCI 0
    DL harq: 3790/180/10/0
    UL harq: 14282/14178/14177/228 avg code rate 0.1, avg bit/symbol 2.0, avg per TB: (nb RBs 5.0, nb symbols 13.0)
[0m[NR_MAC] UE 0 RNTI 2e2c stats sfn: 256.4, cumulated bad DCI 0
    DL harq: 3986/201/10/0
    UL harq: 14461/14342/14341/233 avg code rate 0.1, avg bit/symbol 2.0, avg per TB: (nb RBs 5.0, nb symbols 13.0)
[0m[NR_MAC] UE 0 RNTI 2e2c stats sfn: 384.4, cumulated bad DCI 0
    DL harq: 4152/213/10/0
    UL harq: 14623/14499/14498/269 avg code rate 0.1, avg bit/symbol 2.0, avg per TB: (nb RBs 5.0, nb symbols 13.0)
[0m[NR_MAC] UE 0 RNTI 2e2c stats sfn: 512.4, cumulated bad DCI 0
    DL harq: 4250/227/10/0
    UL harq: 14787/14660/14659/295 avg code rate 0.1, avg bit/symbol 2.0, avg per TB: (nb RBs 5.0, nb symbols 13.0)
[0m[NR_MAC] UE 0 RNTI 2e2c stats sfn: 640.4, cumulated bad DCI 0
    DL harq: 4357/240/10/0
    UL harq: 14957/14825/14823/308 avg code rate 0.1, avg bit/symbol 2.0, avg per TB: (nb RBs 5.0, nb symbols 13.0)
[0m[NR_MAC] UE 0 RNTI 2e2c stats sfn: 768.4, cumulated bad DCI 0
    DL harq: 4541/263/11/0
    UL harq: 15134/14989/14987/315 avg code rate 0.1, avg bit/symbol 2.0, avg per TB: (nb RBs 5.0, nb symbols 13.0)
[0m[NR_MAC] UE 0 RNTI 2e2c stats sfn: 896.4, cumulated bad DCI 0
    DL harq: 4756/275/11/0
    UL harq: 15310/15155/15154/318 avg code rate 0.1, avg bit/symbol 2.0, avg per TB: (nb RBs 5.0, nb symbols 13.0)
[0m[NR_MAC] UE 0 RNTI 2e2c stats sfn: 0.4, cumulated bad DCI 0
    DL harq: 4908/285/11/0
    UL harq: 15485/15322/15320/322 avg code rate 0.1, avg bit/symbol 2.0, avg per TB: (nb RBs 5.0, nb symbols 13.0)
[0m[NR_MAC] UE 0 RNTI 2e2c stats sfn: 128.4, cumulated bad DCI 0
    DL harq: 5043/298/11/0
    UL harq: 15655/15489/15486/331 avg code rate 0.1, avg bit/symbol 2.0, avg per TB: (nb RBs 5.0, nb symbols 13.0)
[0m[NR_MAC] UE 0 RNTI 2e2c stats sfn: 256.4, cumulated bad DCI 0
    DL harq: 5156/306/11/0
    UL harq: 15830/15653/15652/338 avg code rate 0.1, avg bit/symbol 2.0, avg per TB: (nb RBs 5.0, nb symbols 13.0)
[0m[NR_MAC] UE 0 RNTI 2e2c stats sfn: 384.4, cumulated bad DCI 0
    DL harq: 5213/307/11/0
    UL harq: 16001/15822/15822/340 avg code rate 0.1, avg bit/symbol 2.0, avg per TB: (nb RBs 5.0, nb symbols 13.0)
[0m[NR_MAC] UE 0 RNTI 2e2c stats sfn: 512.4, cumulated bad DCI 0
    DL harq: 5258/313/11/0
    UL harq: 16171/15993/15991/342 avg code rate 0.1, avg bit/symbol 2.0, avg per TB: (nb RBs 5.0, nb symbols 13.0)
[0m[NR_MAC] UE 0 RNTI 2e2c stats sfn: 640.4, cumulated bad DCI 0
    DL harq: 5293/320/11/0
    UL harq: 16342/16161/16160/346 avg code rate 0.1, avg bit/symbol 2.0, avg per TB: (nb RBs 5.0, nb symbols 13.0)
[0m[NR_MAC] UE 0 RNTI 2e2c stats sfn: 768.4, cumulated bad DCI 0
    DL harq: 5496/320/11/0
    UL harq: 16512/16332/16330/347 avg code rate 0.1, avg bit/symbol 2.0, avg per TB: (nb RBs 5.0, nb symbols 13.0)
[0m[NR_MAC] UE 0 RNTI 2e2c stats sfn: 896.4, cumulated bad DCI 0
    DL harq: 5526/320/11/0
    UL harq: 16657/16478/16478/348 avg code rate 0.1, avg bit/symbol 2.0, avg per TB: (nb RBs 5.0, nb symbols 13.0)
[0m[NR_MAC] UE 0 RNTI 2e2c stats sfn: 0.4, cumulated bad DCI 0
    DL harq: 5527/320/11/0
    UL harq: 16668/16489/16489/348 avg code rate 0.1, avg bit/symbol 2.0, avg per TB: (nb RBs 5.0, nb symbols 13.0)
[0m[NR_MAC] UE 0 RNTI 2e2c stats sfn: 128.4, cumulated bad DCI 0
    DL harq: 5529/320/11/0
    UL harq: 16679/16499/16499/348 avg code rate 0.1, avg bit/symbol 2.0, avg per TB: (nb RBs 5.0, nb symbols 13.0)
[0m[NR_MAC] UE 0 RNTI 2e2c stats sfn: 256.4, cumulated bad DCI 0
    DL harq: 5530/320/11/0
    UL harq: 16689/16510/16510/348 avg code rate 0.1, avg bit/symbol 2.0, avg per TB: (nb RBs 5.0, nb symbols 13.0)
[0m