Logging terminal output to /home/jesse/oran_lab/logs/run_du/run_du_20260531_003350_pid2767171.log
DU cores: 4,5,6,7,8,9,17,18
DU numerology: 1
AnonHugePages:  12896256 kB
ShmemHugePages:        0 kB
FileHugePages:   2809856 kB
HugePages_Total:    8192
HugePages_Free:     4096
HugePages_Rsvd:        0
HugePages_Surp:        0
Hugepagesize:       2048 kB
Hugetlb:        16777216 kB
CMDLINE: "./nr-softmodem" "-O" "/home/jesse/oran_lab/du_test.conf" "--gNBs.[0].min_rxtxtime" "6" "--thread-pool" "4,5,6,7" "--numerology" "1" 
[HW]     Version: Branch: compression-plus-timing-fix Abrev. Hash: 3b10464162 Date: Tue May 26 09:32:18 2026 -0700
[0m[PHY]    No prs_config configuration found..!!
[0m[PHY]    DL frequency 4049760000 Hz, UL frequency 4049760000 Hz: uldl offset 0 Hz
[0m[PHY]    Initializing frame parms for mu 1, N_RB 24, Ncp 0
[0m[PHY]    Init: N_RB_DL 24, first_carrier_offset 368, nb_prefix_samples 36,nb_prefix_samples0 44, ofdm_symbol_size 512
[0m[MAC]    received F1 Setup Response from CU (null)
[0m[MAC]    CU uses RRC version 17.3.0
[0m[MAC]    Clearing the DU's UE states before, if any.
[0m[MAC]    received gNB-DU configuration update acknowledge
[0m[PHY]    number of L1 instances 1, number of RU 1, number of CPU cores 32
[0m[PHY]    Initialized RU proc 0 (NGFI_RAU_IF4p5,synch_to_ext_device),
[0m[PHY]    Starting RU 0 (NGFI_RAU_IF4p5,synch_to_ext_device) on cpu 5
[0m[PHY]    Initializing frame parms for mu 1, N_RB 24, Ncp 0
[0m[PHY]    Init: N_RB_DL 24, first_carrier_offset 368, nb_prefix_samples 36,nb_prefix_samples0 44, ofdm_symbol_size 512
[0m[PHY]    fp->scs=30000
[0m[PHY]    fp->ofdm_symbol_size=512
[0m[PHY]    fp->nb_prefix_samples0=44
[0m[PHY]    fp->nb_prefix_samples=36
[0m[PHY]    fp->slots_per_subframe=2
[0m[PHY]    fp->samples_per_subframe_wCP=14336
[0m[PHY]    fp->samples_per_frame_wCP=143360
[0m[PHY]    fp->samples_per_subframe=15360
[0m[PHY]    fp->samples_per_frame=153600
[0m[PHY]    fp->dl_CarrierFreq=4049760000
[0m[PHY]    fp->ul_CarrierFreq=4049760000
[0m[PHY]    fp->Nid_cell=0
[0m[PHY]    fp->first_carrier_offset=368
[0m[PHY]    fp->ssb_start_subcarrier=0
[0m[PHY]    fp->Ncp=0
[0m[PHY]    fp->N_RB_DL=24
[0m[PHY]    fp->numerology_index=1
[0m[PHY]    fp->ofdm_offset_divisor=8
[0m[PHY]    fp->threequarter_fs=0
[0m[PHY]    fp->sl_CarrierFreq=0
[0m[PHY]    fp->N_RB_SL=0
[0m[PHY]    Setting RF config for N_RB 24, NB_RX 2, NB_TX 2
[0m[PHY]    tune_offset 0 Hz, sample_rate 15360000 Hz
[0m[PHY]    Channel 0: setting tx_gain offset 0, tx_freq 4049760000 Hz
[0m[PHY]    Channel 1: setting tx_gain offset 0, tx_freq 4049760000 Hz
[0m[PHY]    Channel 0: setting rx_gain offset 0, rx_freq 4049760000 Hz
[0m[PHY]    Channel 1: setting rx_gain offset 0, rx_freq 4049760000 Hz
[0m[PHY]    starting transport
[0m[32m[PHY]    Initializing XRAN layer as O-DU
[0m[HW]     Initializing O-RAN 7.2 FH interface through xran library (compiled against headers of oran_f_release_v1.8)
[0mEAL: Detected 32 lcore(s)
EAL: Detected 1 NUMA nodes
EAL: Auto-detected process type: PRIMARY
EAL: Detected shared linkage of DPDK
EAL: Multi-process socket /var/run/dpdk/wls_0/mp_socket
EAL: Selected IOVA mode 'PA'
EAL: No available hugepages reported in hugepages-1048576kB
EAL: Probing VFIO support...
EAL: VFIO support initialized
EAL: Probe PCI driver: net_i40e_vf (8086:154c) device: 0000:06:02.2 (socket 0)
[CONFIG] function config_libconfig_init returned 0
xran_fh_init:
  io_cfg:
    id 0 (O-DU)
    num_vfs 2
    num_rxq 1
    dpdk_dev [0000:06:02.2, 0000:06:02.3, (null), (null), (null), (null), (null), (null), (null), (null), (null), (null), (null), (null), (null), (null)]
    bbdev_dev (null)
    bbdev_mode -1
    dpdkIoVaMode 0
    dpdkMemorySize 8192
    core 9
    system_core 8
    pkt_proc_core 0000000000060000
    pkt_proc_core_64_127 0000000000000000
    pkt_aux_core 0
    timing_core 9
    port (filled within xran library)
    io_sleep 0
    nEthLinePerPort 1
    nEthLineSpeed 10
    one_vf_cu_plane 0
    eowd_cmn[0]:
      initiator_en 0
      numberOfSamples 0
      filterType 0
      responseTo 0
      measVf 0
      measState 0
      measId 0
      measMethod 0
      owdm_enable 0
      owdm_PlLength 0
eowd_port (filled within xran library)
    bbu_offload 0
  eAxCId_conf:
    mask_cuPortId 0xf000
    mask_bandSectorId 0x0f00
    mask_ccId 0x00f0
    mask_ruPortId 0x000f
    bit_cuPortId 0
    bit_bandSectorId 0
    bit_ccId 0
    bit_ruPortId 0
  xran_ports 1
  dpdkBasebandFecMode 0
  dpdkBasebandDevice (null)
  filePrefix wls_0
  mtu 9600
  p_o_du_addr (null)
  p_o_ru_addr [00:11:22:33:64:66, 00:11:22:33:64:67]
  totalBfWeights 0
  mlogxranenable 0
  dlCpProcBurst 0
'DPDK 20.11.9'
 xran_init: MTU 9600
PF Eth line speed 10G
PF Eth lines per O-xU port 1
RX HW queues per O-xU Eth line 1 
node 0
total cores 32 c_mask 0x00000000000060300 core 9 [id] system_core 8 [id] pkt_proc_core 0x00000000000060000 [mask] pkt_aux_core 0 [id] timing_core 9 [id]
xran_ethdi_init_dpdk_io: Calling rte_eal_init:wls_0 -c 0x00000000000060300 -n2 --iova-mode=pa --socket-mem=8192,0 --socket-limit=8192,0 --proc-type=auto --no-telemetry --file-prefix wls_0 -a0000:00:00.0    
xran_init_mbuf_pool: socket 0
initializing port 0 for TX, drv=net_i40e_vf
Port 0 MAC: 00 11 22 33 64 68
Port 0: nb_rxd 4096 nb_txd 4096
[0] mp_rx__p_0_q_0 num blocks 65535
[0] mempool_small__0

Checking link status portid [0]  EAL: Probe PCI driver: net_i40e_vf (8086:154c) device: 0000:06:02.3 (socket 0)
skipped by XRAN_SKIP_LINK_CHECK
initializing port 1 for TX, drv=net_i40e_vf
Port 1 MAC: 00 11 22 33 64 69
Port 1: nb_rxd 4096 nb_txd 4096
[1] mp_rx__p_1_q_0 num blocks 65535
[1] mempool_small__1
Created ring tx_ring_cp_1 on core 9
Created ring rx_ring_cp_1_0 on core 9

Checking link status portid [1]  [93m[HW]     XRAN modifed affinity. Correcting affinity of caller
[0mskipped by XRAN_SKIP_LINK_CHECK
[ 0] vf  0 local  SRC MAC: 00 11 22 33 64 68
[ 0] vf  0 remote DST MAC: 00 11 22 33 64 66
[ 0] vf  1 local  SRC MAC: 00 11 22 33 64 69
[ 0] vf  1 remote DST MAC: 00 11 22 33 64 67
created dl_gen_ring_up_0 on core 9
xran_fh_config:
  dpdk_port 0
  sector_id 0
  nCC 1
  neAxc 2
  neAxcUl 0
  nAntElmTRx 0
  nDLFftSize 9
  nULFftSize 9
  nDLRBs 24
  nULRBs 24
  nDLAbsFrePointA 0
  nULAbsFrePointA 0
  nDLCenterFreqARFCN 0
  nULCenterFreqARFCN 0
  ttiCb (nil)
  ttiCbParam (nil)
  Tadv_cp_dl 0
  T2a_min_cp_dl 0
  T2a_max_cp_dl 0
  T2a_min_cp_ul 0
  T2a_max_cp_ul 0
  T2a_min_up 0
  T2a_max_up 0
  Ta3_min 0
  Ta3_max 0
  T1a_min_cp_dl 285
  T1a_max_cp_dl 470
  T1a_min_cp_ul 285
  T1a_max_cp_ul 535
  T1a_min_up 300
  T1a_max_up 450
  Ta4_min 400
  Ta4_max 440
  enableCP 1
  prachEnable 1
  srsEnable 0
  puschMaskEnable 0
  puschMaskSlot 0
  cp_vlan_tag 0
  up_vlan_tag 0
  debugStop 0
  debugStopCount 0
  DynamicSectionEna 0
  GPS_Alpha 0
  GPS_Beta -9000
  srsEnableCp 0
  SrsDelaySym 0
  prach_config:
    nPrachConfIdx 159
    nPrachSubcSpacing 1
    nPrachZeroCorrConf 0
    nPrachRestrictSet 0
    nPrachRootSeqIdx 0
    nPrachFreqStart 0
    nPrachFreqOffset -288
    nPrachFilterIdx 0
    startSymId 0
    lastSymId 0
    startPrbc 0
    numPrbc 0
    timeOffset 0
    freqOffset 0
    eAxC_offset 2
    nPrachConfIdxLTE 0
  srs_config:
    symbMask 0000
    eAxC_offset 0
  frame_conf:
    nFrameDuplexType TDD
    nNumerology 1
    nTddPeriod 5
    sSlotConfig[0]: DDDDDDDDDDDDDD
    sSlotConfig[1]: DDDDDDGGGGUUUU
    sSlotConfig[2]: UUUUUUUUUUUUUU
    sSlotConfig[3]: UUUUUUUUUUUUUU
    sSlotConfig[4]: UUUUUUUUUUUUUU
  ru_config:
    xranTech NR
    xranCat A
    xranCompHdrType dynamic
    iqWidth 9
    compMeth 1
    iqWidth_PRACH 9
    compMeth_PRACH 1
    fftSize 8
    byteOrder network/BE
    iqOrder I_Q
    xran_max_frame 0
  bbdev_enc (nil)
  bbdev_dec (nil)
  tx_cp_eAxC2Vf 0x767e667e04b0
  tx_up_eAxC2Vf 0x767e667e10b0
  rx_cp_eAxC2Vf 0x767e667e1cb0
  rx_up_eAxC2Vf 0x767e667e28b0
  log_level 1
  max_sections_per_slot 0
  max_sections_per_symbol 0
  RunSlotPrbMapBySymbolEnable 0
  LiteOnIgnoreUPSectionIdEnable 0
  dssEnable 0
  dssPeriod 0
  technology[XRAN_MAX_DSS_PERIODICITY] (not filled as DSS disabled)
 xran_open: 5G NR Category A
xRAN open PRACH config: Numerology 1 ConfIdx 159, preambleFmrt 10 startsymb 0, numSymbol 12, occassionsInPrachSlot 1
PRACH: x 1 y[0] 0, y[1] 0 prach slot: 9 ..
PRACH start symbol 0 lastsymbol 11
xran_init_vfs_mapping: p 0 vf 0
xran_init_vfs_mapping: p 0 vf 1
xran_open: interval_us=500, interval_us_local=500
bbu_offload 0
XRAN_UP_VF: 0x0000
xran_timing_source_thread [CPU  9] [PID: 2767194]
TTI interval 500 [us]
delay_cp_dl_max=30, sym_cp_dl_max=1, max_dl_offset_sym=13
delay_cp_dl_min=215, sym_cp_dl_min=5, min_dl_offset_sym=9
delay_cp_ul=465,     sym_cp_ul=0,     ul_offset_sym=14
offset_num_slots_cp_dl=0, offset_num_slots_cp_ul=1, offset_num_slots_up_ul=0
C-plane DL from 30 us after TTI  [trigger on sym 1] to 215 us after TTI [trigger on sym 5]
Start C-plane UL 465 us after TTI  [trigger on sym 0]
Start U-plane DL 450 us before OTA [offset  in sym -12]
Start U-plane UL 440 us OTA        [offset  in sym 13]
C-plane to U-plane delay 20 us after TTI
Start Sym timer 107142 ns
O-XU      0
HW        0
Num cores 3
Num ports 1
O-RU Cat  0
O-RU CC   1
O-RU eAxC 2
p:0 XRAN_JOB_TYPE_CP_DL worker id 1
p:0 XRAN_JOB_TYPE_CP_UL worker id 1
created sym cp dl cb for symbol 1
created sym cp dl cb for symbol 2
created sym cp dl cb for symbol 3
created sym cp dl cb for symbol 4
created sym cp dl cb for symbol 5
p:0 XRAN_JOB_TYPE_CP_DL worker id 0
p:0 XRAN_JOB_TYPE_CP_UL worker id 0
xran_generic_worker_thread [CPU 17] [PID: 2767194]
spawn worker 0 core 17
xran_generic_worker_thread [CPU 18] [PID: 2767194]
spawn worker 1 core 18
xran_open [CPU  7] [PID: 2767194]
Waiting on Timing thread...
Initialize ORAN port instance 0 (1) sector 0
xran_sector_get_instances() o_xu_id 0 xran_handle 0x767e2cf95040
xran_sector_get_instances [0]: CC 0 handle 0x767e50196800
Handle: 0x767e74131468 Instance: 0x[HW]     [RAU] has loaded ETHERNET trasport protocol.
[0m[PHY]    Starting IF interface for RU 0, nb_rx 2
[0m[PHY]    RU 0 Setting N_TA_offset to 200 samples (UL Freq 4045440, N_RB 24, mu 1)
[0m[PHY]    Signaling main thread that RU 0 is ready, sl_ahead 10
[0m[PHY]    L1 configured without analog beamforming
[0m[PHY]    Attaching RU 0 antenna 0 to gNB antenna 0
[0m[PHY]    Attaching RU 0 antenna 1 to gNB antenna 1
[0m[PHY]    got sync (ru_thread)
[0m[PHY]    got sync (L1_stats_thread)
[0m767e50196800
-> hInstance 0x767e50196800
ru_0_cc_0_idx_0: [ handle 0x767e50196800 0 0 ] [nPoolIndex 0] nNumberOfBuffers 1023 nBufferSize 14116 socket_id 0
CC:[ handle 0x767e50196800 ru 0 cc_idx 0 ] [nPoolIndex 0] mb pool 0x284784940 
xran_bm_init() hInstance 0x767e50196800 poolIdx 0 elements 1023 size 14116
xran_bm_allocate_buffer() hInstance 0x767e50196800 poolIdx 0 count 560
ru_0_cc_0_idx_1: [ handle 0x767e50196800 0 0 ] [nPoolIndex 1] nNumberOfBuffers 1023 nBufferSize 4976 socket_id 0
CC:[ handle 0x767e50196800 ru 0 cc_idx 0 ] [nPoolIndex 1] mb pool 0x284786e80 
xran_bm_init() hInstance 0x767e50196800 poolIdx 1 elements 1023 size 4976
xran_bm_allocate_buffer() hInstance 0x767e50196800 poolIdx 1 count 40
ru_0_cc_0_idx_2: [ handle 0x767e50196800 0 0 ] [nPoolIndex 2] nNumberOfBuffers 1023 nBufferSize 13168 socket_id 0
CC:[ handle 0x767e50196800 ru 0 cc_idx 0 ] [nPoolIndex 2] mb pool 0x284786940 
xran_bm_init() hInstance 0x767e50196800 poolIdx 2 elements 1023 size 13168
xran_bm_allocate_buffer() hInstance 0x767e50196800 poolIdx 2 count 560
ru_0_cc_0_idx_3: [ handle 0x767e50196800 0 0 ] [nPoolIndex 3] nNumberOfBuffers 1023 nBufferSize 4976 socket_id 0
CC:[ handle 0x767e50196800 ru 0 cc_idx 0 ] [nPoolIndex 3] mb pool 0x284788e80 
xran_bm_init() hInstance 0x767e50196800 poolIdx 3 elements 1023 size 4976
xran_bm_allocate_buffer() hInstance 0x767e50196800 poolIdx 3 count 40
ru_0_cc_0_idx_4: [ handle 0x767e50196800 0 0 ] [nPoolIndex 4] nNumberOfBuffers 1023 nBufferSize 3360 socket_id 0
CC:[ handle 0x767e50196800 ru 0 cc_idx 0 ] [nPoolIndex 4] mb pool 0x284788940 
xran_bm_init() hInstance 0x767e50196800 poolIdx 4 elements 1023 size 3360
xran_bm_allocate_buffer() hInstance 0x767e50196800 poolIdx 4 count 560
ORAN: get_internal_parameter
ORAN: get_internal_parameter
ORAN: trx_oran_start
O-DU: XRAN start time: 05/31/26 07:33:53.937622564 UTC [500]
Start ORAN. Done
O-DU: thread_run start time: 05/31/26 07:33:54.000000014 UTC [500]
TYPE <CTRL-C> TO TERMINATE
[PHY]    RU 0 no rf device
[0m[PHY]    RU 0 RF started cpu_meas_enabled 0
[0m[HW]     [PUSCH BFP] ENTER: frame=0, slot=9, sym=12, ant=0, startRB=0, numRB=24, iqWidth=9, payload_len=672
[0m[HW]     [PUSCH BFP] Decompression returned, rsp.len=1152
[0m[HW]     [PUSCH BFP] ENTER: frame=0, slot=9, sym=13, ant=0, startRB=0, numRB=24, iqWidth=9, payload_len=672
[0m[HW]     [PUSCH BFP] Decompression returned, rsp.len=1152
[0m[HW]     [PUSCH BFP] ENTER: frame=0, slot=9, sym=0, ant=1, startRB=0, numRB=24, iqWidth=9, payload_len=672
[0m[HW]     [PUSCH BFP] Decompression returned, rsp.len=1152
[0m[HW]     [PUSCH BFP] ENTER: frame=0, slot=9, sym=1, ant=1, startRB=0, numRB=24, iqWidth=9, payload_len=672
[0m[HW]     [PUSCH BFP] Decompression returned, rsp.len=1152
[0m[HW]     [PUSCH BFP] ENTER: frame=0, slot=9, sym=2, ant=1, startRB=0, numRB=24, iqWidth=9, payload_len=672
[0m[HW]     [PUSCH BFP] Decompression returned, rsp.len=1152
[0m[93m[HW]     TTI processing delay detected, skipping    0.10 =>    1. 8
[0m[1;31m[HW]     Received Time doesn't correspond to the time we think it is (slot mismatch, received 1.8, expected 0.10)
[0m[1;31m[HW]     Received Time doesn't correspond to the time we think it is (frame mismatch, 1.8 , expected 0.8)
[0m[93m[HW]     we get rach data from ru, but it is not scheduled 1.19
[0m[32m[PHY]    Command line parameters for OAI UE: -C 4049760000 -r 24 --numerology 1 --ssb 24 
[0m[PHY]    ULSCH ACK trace 117.18 rnti 3f1c harq 0 round 0 rv 0 crc_valid 1 processed 1/1 abort 0 dtx 0 TBS 14 rb 0+16 sym 10+3 mcs 1 Qm 2 SNR 42.7 dB TAest 0
[0m[MAC]    [RAPROC] Received SDU for CCCH length 6 for UE 3f1c
[0m[PHY]    ULSCH ACK trace 119.17 rnti 3f1c harq 0 round 0 rv 0 crc_valid 1 processed 1/1 abort 0 dtx 0 TBS 57 rb 4+16 sym 0+13 mcs 0 Qm 2 SNR 30.9 dB TAest 0
[0m[1;31m[NR_MAC] invalid cqi_idx 0, default to MCS 9
[0m[PHY]    ULSCH ACK trace 120.12 rnti 3f1c harq 1 round 0 rv 0 crc_valid 1 processed 1/1 abort 0 dtx 0 TBS 57 rb 4+16 sym 0+13 mcs 0 Qm 2 SNR 36.9 dB TAest 0
[0m[PHY]    ULSCH ACK trace 122.12 rnti 3f1c harq 2 round 0 rv 0 crc_valid 1 processed 1/1 abort 0 dtx 0 TBS 57 rb 4+16 sym 0+13 mcs 0 Qm 2 SNR 42.9 dB TAest 0
[0m[PHY]    ULSCH ACK trace 123.12 rnti 3f1c harq 3 round 0 rv 0 crc_valid 1 processed 1/1 abort 0 dtx 0 TBS 57 rb 4+16 sym 0+13 mcs 0 Qm 2 SNR 42.9 dB TAest 0
[0m[PHY]    ULSCH ACK trace 127.12 rnti 3f1c harq 4 round 0 rv 0 crc_valid 1 processed 1/1 abort 0 dtx 0 TBS 57 rb 4+16 sym 0+13 mcs 0 Qm 2 SNR 42.9 dB TAest 0
[0m[HW]     [o-du 0][rx   49992 pps   49992 kbps  209888][tx   35138 pps   35138 kbps   91644][Total Msgs_Rcvd 49992]
[0m[HW]     [FH LOAD][o-du 0] rx=209.888 Mbps tx=91.644 Mbps total=301.532 Mbps rx_pps=49992 tx_pps=35138 total_pps=85130
[0m[HW]     [o_du0][pusch0   23460 prach0    1536]
[0m[HW]     [o_du0][pusch1   23460 prach1    1536]
[0m[PHY]    ULSCH ACK trace 128.2 rnti 3f1c harq 5 round 0 rv 0 crc_valid 1 processed 1/1 abort 0 dtx 0 TBS 57 rb 4+16 sym 0+13 mcs 0 Qm 2 SNR 42.9 dB TAest 0
[0m[PHY]    ULSCH ACK trace 128.12 rnti 3f1c harq 6 round 0 rv 0 crc_valid 1 processed 1/1 abort 0 dtx 0 TBS 57 rb 4+16 sym 0+13 mcs 0 Qm 2 SNR 42.9 dB TAest 0
[0m[PHY]    ULSCH ACK trace 130.2 rnti 3f1c harq 7 round 0 rv 0 crc_valid 1 processed 1/1 abort 0 dtx 0 TBS 57 rb 4+16 sym 0+13 mcs 0 Qm 2 SNR 42.9 dB TAest 0
[0m[PHY]    ULSCH ACK trace 130.12 rnti 3f1c harq 8 round 0 rv 0 crc_valid 1 processed 1/1 abort 0 dtx 0 TBS 57 rb 4+16 sym 0+13 mcs 0 Qm 2 SNR 42.9 dB TAest 0
[0m[PHY]    ULSCH ACK trace 131.12 rnti 3f1c harq 9 round 0 rv 0 crc_valid 1 processed 1/1 abort 0 dtx 0 TBS 57 rb 4+16 sym 0+13 mcs 0 Qm 2 SNR 42.9 dB TAest 0
[0m[PHY]    ULSCH ACK trace 132.2 rnti 3f1c harq 10 round 0 rv 0 crc_valid 1 processed 1/1 abort 0 dtx 0 TBS 57 rb 4+16 sym 0+13 mcs 0 Qm 2 SNR 42.9 dB TAest 0
[0m[PHY]    ULSCH ACK trace 132.12 rnti 3f1c harq 11 round 0 rv 0 crc_valid 1 processed 1/1 abort 0 dtx 0 TBS 57 rb 4+16 sym 0+13 mcs 0 Qm 2 SNR 42.9 dB TAest 0
[0m[PHY]    ULSCH ACK trace 134.2 rnti 3f1c harq 12 round 0 rv 0 crc_valid 1 processed 1/1 abort 0 dtx 0 TBS 57 rb 4+16 sym 0+13 mcs 0 Qm 2 SNR 42.9 dB TAest 0
[0m[PHY]    ULSCH ACK trace 134.12 rnti 3f1c harq 13 round 0 rv 0 crc_valid 1 processed 1/1 abort 0 dtx 0 TBS 57 rb 4+16 sym 0+13 mcs 0 Qm 2 SNR 42.9 dB TAest 0
[0m[PHY]    ULSCH ACK trace 136.12 rnti 3f1c harq 14 round 0 rv 0 crc_valid 1 processed 1/1 abort 0 dtx 0 TBS 57 rb 4+16 sym 0+13 mcs 0 Qm 2 SNR 42.9 dB TAest 0
[0m[PHY]    ULSCH ACK trace 137.12 rnti 3f1c harq 15 round 0 rv 0 crc_valid 1 processed 1/1 abort 0 dtx 0 TBS 57 rb 4+16 sym 0+13 mcs 0 Qm 2 SNR 42.9 dB TAest 0
[0m[PHY]    ULSCH ACK trace 138.12 rnti 3f1c harq 0 round 0 rv 0 crc_valid 1 processed 1/1 abort 0 dtx 0 TBS 57 rb 4+16 sym 0+13 mcs 0 Qm 2 SNR 42.9 dB TAest 0
[0m[PHY]    ULSCH ACK trace 139.12 rnti 3f1c harq 1 round 0 rv 0 crc_valid 1 processed 1/1 abort 0 dtx 0 TBS 57 rb 4+16 sym 0+13 mcs 0 Qm 2 SNR 42.9 dB TAest 0
[0m[PHY]    ULSCH ACK trace 140.2 rnti 3f1c harq 2 round 0 rv 0 crc_valid 1 processed 1/1 abort 0 dtx 0 TBS 57 rb 4+16 sym 0+13 mcs 0 Qm 2 SNR 42.9 dB TAest 0
[0m[PHY]    ULSCH ACK trace 140.12 rnti 3f1c harq 3 round 0 rv 0 crc_valid 1 processed 1/1 abort 0 dtx 0 TBS 57 rb 4+16 sym 0+13 mcs 0 Qm 2 SNR 42.9 dB TAest 0
[0m[93m[NR_MAC] Received ACK for RRCReconfiguration, but nothing to apply!
[0m[93m[NR_MAC] Received ACK for RRCReconfiguration, but nothing to apply!
[0m[93m[NR_MAC] Received ACK for RRCReconfiguration, but nothing to apply!
[0m[93m[NR_MAC] Received ACK for RRCReconfiguration, but nothing to apply!
[0m[93m[NR_MAC] Received ACK for RRCReconfiguration, but nothing to apply!
[0m[93m[NR_MAC] Received ACK for RRCReconfiguration, but nothing to apply!
[0m[PHY]    ULSCH ACK trace 143.12 rnti 3f1c harq 4 round 0 rv 0 crc_valid 1 processed 1/1 abort 0 dtx 0 TBS 57 rb 4+16 sym 0+13 mcs 0 Qm 2 SNR 42.9 dB TAest 0
[0m[PHY]    ULSCH ACK trace 144.2 rnti 3f1c harq 5 round 0 rv 0 crc_valid 1 processed 1/1 abort 0 dtx 0 TBS 57 rb 4+16 sym 0+13 mcs 0 Qm 2 SNR 42.9 dB TAest 0
[0m[PHY]    ULSCH ACK trace 144.12 rnti 3f1c harq 6 round 0 rv 0 crc_valid 1 processed 1/1 abort 0 dtx 0 TBS 57 rb 4+16 sym 0+13 mcs 0 Qm 2 SNR 42.9 dB TAest 0
[0m[PHY]    ULSCH ACK trace 147.12 rnti 3f1c harq 7 round 0 rv 0 crc_valid 1 processed 1/1 abort 0 dtx 0 TBS 57 rb 4+16 sym 0+13 mcs 0 Qm 2 SNR 42.9 dB TAest 0
[0m[PHY]    ULSCH ACK trace 148.2 rnti 3f1c harq 8 round 0 rv 0 crc_valid 1 processed 1/1 abort 0 dtx 0 TBS 57 rb 4+16 sym 0+13 mcs 0 Qm 2 SNR 42.9 dB TAest 0
[0m[PHY]    ULSCH ACK trace 148.12 rnti 3f1c harq 9 round 0 rv 0 crc_valid 1 processed 1/1 abort 0 dtx 0 TBS 66 rb 4+16 sym 0+13 mcs 0 Qm 2 SNR 0.0 dB TAest 0
[0m[PHY]    ULSCH ACK trace 151.12 rnti 3f1c harq 10 round 0 rv 0 crc_valid 1 processed 1/1 abort 0 dtx 0 TBS 66 rb 4+16 sym 0+13 mcs 0 Qm 2 SNR 42.9 dB TAest 0
[0m[PHY]    ULSCH ACK trace 152.2 rnti 3f1c harq 11 round 0 rv 0 crc_valid 1 processed 1/1 abort 0 dtx 0 TBS 66 rb 4+16 sym 0+13 mcs 0 Qm 2 SNR 42.9 dB TAest 0
[0m[PHY]    ULSCH ACK trace 152.12 rnti 3f1c harq 12 round 0 rv 0 crc_valid 1 processed 1/1 abort 0 dtx 0 TBS 66 rb 4+16 sym 0+13 mcs 0 Qm 2 SNR 42.9 dB TAest 0
[0m[PHY]    ULSCH ACK trace 162.2 rnti 3f1c harq 13 round 0 rv 0 crc_valid 1 processed 1/1 abort 0 dtx 0 TBS 66 rb 4+16 sym 0+13 mcs 0 Qm 2 SNR 42.9 dB TAest 0
[0m[PHY]    ULSCH ACK trace 172.2 rnti 3f1c harq 14 round 0 rv 0 crc_valid 1 processed 1/1 abort 0 dtx 0 TBS 66 rb 4+16 sym 0+13 mcs 0 Qm 2 SNR 42.9 dB TAest 0
[0m[HW]     [o-du 0][rx  100169 pps   50177 kbps  209908][tx   70210 pps   35072 kbps   91644][Total Msgs_Rcvd 100169]
[0m[HW]     [FH LOAD][o-du 0] rx=209.908 Mbps tx=91.644 Mbps total=301.552 Mbps rx_pps=50177 tx_pps=35072 total_pps=85249
[0m[HW]     [o_du0][pusch0   47012 prach0    3072]
[0m[HW]     [o_du0][pusch1   47012 prach1    3072]
[0m[HW]     [o-du 0][rx  150345 pps   50176 kbps  209894][tx  105282 pps   35072 kbps   91644][Total Msgs_Rcvd 150345]
[0m[HW]     [FH LOAD][o-du 0] rx=209.894 Mbps tx=91.644 Mbps total=301.538 Mbps rx_pps=50176 tx_pps=35072 total_pps=85248
[0m[HW]     [o_du0][pusch0   70564 prach0    4608]
[0m[HW]     [o_du0][pusch1   70564 prach1    4608]
[0m[HW]     [o-du 0][rx  200521 pps   50176 kbps  209900][tx  140354 pps   35072 kbps   91644][Total Msgs_Rcvd 200521]
[0m[HW]     [FH LOAD][o-du 0] rx=209.900 Mbps tx=91.644 Mbps total=301.544 Mbps rx_pps=50176 tx_pps=35072 total_pps=85248
[0m[HW]     [o_du0][pusch0   94116 prach0    6144]
[0m[HW]     [o_du0][pusch1   94116 prach1    6144]
[0m[HW]     [o-du 0][rx  250697 pps   50176 kbps  209894][tx  175426 pps   35072 kbps   91644][Total Msgs_Rcvd 250697]
[0m[HW]     [FH LOAD][o-du 0] rx=209.894 Mbps tx=91.644 Mbps total=301.538 Mbps rx_pps=50176 tx_pps=35072 total_pps=85248
[0m[HW]     [o_du0][pusch0  117668 prach0    7680]
[0m[HW]     [o_du0][pusch1  117668 prach1    7680]
[0m[HW]     [o-du 0][rx  300873 pps   50176 kbps  209894][tx  210498 pps   35072 kbps   91644][Total Msgs_Rcvd 300873]
[0m[HW]     [FH LOAD][o-du 0] rx=209.894 Mbps tx=91.644 Mbps total=301.538 Mbps rx_pps=50176 tx_pps=35072 total_pps=85248
[0m[HW]     [o_du0][pusch0  141220 prach0    9216]
[0m[HW]     [o_du0][pusch1  141220 prach1    9216]
[0m[HW]     [o-du 0][rx  351049 pps   50176 kbps  209894][tx  245570 pps   35072 kbps   91644][Total Msgs_Rcvd 351049]
[0m[HW]     [FH LOAD][o-du 0] rx=209.894 Mbps tx=91.644 Mbps total=301.538 Mbps rx_pps=50176 tx_pps=35072 total_pps=85248
[0m[HW]     [o_du0][pusch0  164772 prach0   10752]
[0m[HW]     [o_du0][pusch1  164772 prach1   10752]
[0m[HW]     [o-du 0][rx  401226 pps   50177 kbps  209894][tx  280642 pps   35072 kbps   91644][Total Msgs_Rcvd 401226]
[0m[HW]     [FH LOAD][o-du 0] rx=209.894 Mbps tx=91.644 Mbps total=301.538 Mbps rx_pps=50177 tx_pps=35072 total_pps=85249
[0m[HW]     [o_du0][pusch0  188324 prach0   12288]
[0m[HW]     [o_du0][pusch1  188324 prach1   12288]
[0m[PHY]    prach_I0 = 0.0 dB
[0m[1;31m[NR_MAC] Invalid PDU in 17.17 for RNTI 3F1C! mac_subheader_len: 2, mac_len: 171, remaining pdu_len: 39
[0m[1;31m[NR_MAC] Residual UL MAC PDU: [0m[HW]     [o-du 0][rx  451402 pps   50176 kbps  209891][tx  315714 pps   35072 kbps   91644][Total Msgs_Rcvd 451402]
[0m[HW]     [FH LOAD][o-du 0] rx=209.891 Mbps tx=91.644 Mbps total=301.535 Mbps rx_pps=50176 tx_pps=35072 total_pps=85248
[0m[HW]     [o_du0][pusch0  211876 prach0   13824]
[0m[HW]     [o_du0][pusch1  211876 prach1   13824]
[0m[HW]     [o-du 0][rx  501578 pps   50176 kbps  209897][tx  350786 pps   35072 kbps   91644][Total Msgs_Rcvd 501578]
[0m[HW]     [FH LOAD][o-du 0] rx=209.897 Mbps tx=91.644 Mbps total=301.541 Mbps rx_pps=50176 tx_pps=35072 total_pps=85248
[0m[HW]     [o_du0][pusch0  235428 prach0   15360]
[0m[HW]     [o_du0][pusch1  235428 prach1   15360]
[0m[HW]     [o-du 0][rx  551754 pps   50176 kbps  209897][tx  385858 pps   35072 kbps   91644][Total Msgs_Rcvd 551754]
[0m[HW]     [FH LOAD][o-du 0] rx=209.897 Mbps tx=91.644 Mbps total=301.541 Mbps rx_pps=50176 tx_pps=35072 total_pps=85248
[0m[HW]     [o_du0][pusch0  258980 prach0   16896]
[0m[HW]     [o_du0][pusch1  258980 prach1   16896]
[0m[HW]     [o-du 0][rx  601930 pps   50176 kbps  209894][tx  420930 pps   35072 kbps   91644][Total Msgs_Rcvd 601930]
[0m[HW]     [FH LOAD][o-du 0] rx=209.894 Mbps tx=91.644 Mbps total=301.538 Mbps rx_pps=50176 tx_pps=35072 total_pps=85248
[0m[HW]     [o_du0][pusch0  282532 prach0   18432]
[0m[HW]     [o_du0][pusch1  282532 prach1   18432]
[0m[HW]     [o-du 0][rx  652106 pps   50176 kbps  209880][tx  456002 pps   35072 kbps   91644][Total Msgs_Rcvd 652106]
[0m[HW]     [FH LOAD][o-du 0] rx=209.880 Mbps tx=91.644 Mbps total=301.524 Mbps rx_pps=50176 tx_pps=35072 total_pps=85248
[0m[HW]     [o_du0][pusch0  306084 prach0   19968]
[0m[HW]     [o_du0][pusch1  306084 prach1   19968]
[0m[HW]     [o-du 0][rx  702282 pps   50176 kbps  209899][tx  491074 pps   35072 kbps   91644][Total Msgs_Rcvd 702282]
[0m[HW]     [FH LOAD][o-du 0] rx=209.899 Mbps tx=91.644 Mbps total=301.543 Mbps rx_pps=50176 tx_pps=35072 total_pps=85248
[0m[HW]     [o_du0][pusch0  329636 prach0   21504]
[0m[HW]     [o_du0][pusch1  329636 prach1   21504]
[0m[HW]     [o-du 0][rx  752458 pps   50176 kbps  209897][tx  526146 pps   35072 kbps   91644][Total Msgs_Rcvd 752458]
[0m[HW]     [FH LOAD][o-du 0] rx=209.897 Mbps tx=91.644 Mbps total=301.541 Mbps rx_pps=50176 tx_pps=35072 total_pps=85248
[0m[HW]     [o_du0][pusch0  353188 prach0   23040]
[0m[HW]     [o_du0][pusch1  353188 prach1   23040]
[0m[HW]     [o-du 0][rx  802634 pps   50176 kbps  209894][tx  561218 pps   35072 kbps   91644][Total Msgs_Rcvd 802634]
[0m[HW]     [FH LOAD][o-du 0] rx=209.894 Mbps tx=91.644 Mbps total=301.538 Mbps rx_pps=50176 tx_pps=35072 total_pps=85248
[0m[HW]     [o_du0][pusch0  376740 prach0   24576]
[0m[HW]     [o_du0][pusch1  376740 prach1   24576]
[0m[PHY]    prach_I0 = 0.0 dB
[0m[HW]     [o-du 0][rx  852810 pps   50176 kbps  209894][tx  596290 pps   35072 kbps   91644][Total Msgs_Rcvd 852810]
[0m[HW]     [FH LOAD][o-du 0] rx=209.894 Mbps tx=91.644 Mbps total=301.538 Mbps rx_pps=50176 tx_pps=35072 total_pps=85248
[0m[HW]     [o_du0][pusch0  400292 prach0   26112]
[0m[HW]     [o_du0][pusch1  400292 prach1   26112]
[0m[HW]     [o-du 0][rx  902986 pps   50176 kbps  209894][tx  631362 pps   35072 kbps   91644][Total Msgs_Rcvd 902986]
[0m[HW]     [FH LOAD][o-du 0] rx=209.894 Mbps tx=91.644 Mbps total=301.538 Mbps rx_pps=50176 tx_pps=35072 total_pps=85248
[0m[HW]     [o_du0][pusch0  423844 prach0   27648]
[0m[HW]     [o_du0][pusch1  423844 prach1   27648]
[0m[HW]     [o-du 0][rx  953162 pps   50176 kbps  209894][tx  666434 pps   35072 kbps   91644][Total Msgs_Rcvd 953162]
[0m[HW]     [FH LOAD][o-du 0] rx=209.894 Mbps tx=91.644 Mbps total=301.538 Mbps rx_pps=50176 tx_pps=35072 total_pps=85248
[0m[HW]     [o_du0][pusch0  447396 prach0   29184]
[0m[HW]     [o_du0][pusch1  447396 prach1   29184]
[0m[HW]     [o-du 0][rx 1003338 pps   50176 kbps  209891][tx  701506 pps   35072 kbps   91644][Total Msgs_Rcvd 1003338]
[0m[HW]     [FH LOAD][o-du 0] rx=209.891 Mbps tx=91.644 Mbps total=301.535 Mbps rx_pps=50176 tx_pps=35072 total_pps=85248
[0m[HW]     [o_du0][pusch0  470948 prach0   30720]
[0m[HW]     [o_du0][pusch1  470948 prach1   30720]
[0m[HW]     [o-du 0][rx 1053515 pps   50177 kbps  209899][tx  736578 pps   35072 kbps   91644][Total Msgs_Rcvd 1053515]
[0m[HW]     [FH LOAD][o-du 0] rx=209.899 Mbps tx=91.644 Mbps total=301.543 Mbps rx_pps=50177 tx_pps=35072 total_pps=85249
[0m[HW]     [o_du0][pusch0  494500 prach0   32256]
[0m[HW]     [o_du0][pusch1  494500 prach1   32256]
[0m[HW]     [o-du 0][rx 1103691 pps   50176 kbps  209899][tx  771650 pps   35072 kbps   91644][Total Msgs_Rcvd 1103691]
[0m[HW]     [FH LOAD][o-du 0] rx=209.899 Mbps tx=91.644 Mbps total=301.543 Mbps rx_pps=50176 tx_pps=35072 total_pps=85248
[0m[HW]     [o_du0][pusch0  518052 prach0   33792]
[0m[HW]     [o_du0][pusch1  518052 prach1   33792]
[0m[HW]     [o-du 0][rx 1153867 pps   50176 kbps  209888][tx  806722 pps   35072 kbps   91644][Total Msgs_Rcvd 1153867]
[0m[HW]     [FH LOAD][o-du 0] rx=209.888 Mbps tx=91.644 Mbps total=301.532 Mbps rx_pps=50176 tx_pps=35072 total_pps=85248
[0m[HW]     [o_du0][pusch0  541604 prach0   35328]
[0m[HW]     [o_du0][pusch1  541604 prach1   35328]
[0m[HW]     [o-du 0][rx 1204043 pps   50176 kbps  209897][tx  841794 pps   35072 kbps   91644][Total Msgs_Rcvd 1204043]
[0m[HW]     [FH LOAD][o-du 0] rx=209.897 Mbps tx=91.644 Mbps total=301.541 Mbps rx_pps=50176 tx_pps=35072 total_pps=85248
[0m[HW]     [o_du0][pusch0  565156 prach0   36864]
[0m[HW]     [o_du0][pusch1  565156 prach1   36864]
[0m[PHY]    prach_I0 = 0.0 dB
[0m[HW]     [o-du 0][rx 1254219 pps   50176 kbps  209897][tx  876866 pps   35072 kbps   91644][Total Msgs_Rcvd 1254219]
[0m[HW]     [FH LOAD][o-du 0] rx=209.897 Mbps tx=91.644 Mbps total=301.541 Mbps rx_pps=50176 tx_pps=35072 total_pps=85248
[0m[HW]     [o_du0][pusch0  588708 prach0   38400]
[0m[HW]     [o_du0][pusch1  588708 prach1   38400]
[0m[HW]     [o-du 0][rx 1304395 pps   50176 kbps  209894][tx  911938 pps   35072 kbps   91644][Total Msgs_Rcvd 1304395]
[0m[HW]     [FH LOAD][o-du 0] rx=209.894 Mbps tx=91.644 Mbps total=301.538 Mbps rx_pps=50176 tx_pps=35072 total_pps=85248
[0m[HW]     [o_du0][pusch0  612260 prach0   39936]
[0m[HW]     [o_du0][pusch1  612260 prach1   39936]
[0m[HW]     [o-du 0][rx 1354571 pps   50176 kbps  209894][tx  947010 pps   35072 kbps   91644][Total Msgs_Rcvd 1354571]
[0m[HW]     [FH LOAD][o-du 0] rx=209.894 Mbps tx=91.644 Mbps total=301.538 Mbps rx_pps=50176 tx_pps=35072 total_pps=85248
[0m[HW]     [o_du0][pusch0  635812 prach0   41472]
[0m[HW]     [o_du0][pusch1  635812 prach1   41472]
[0m[HW]     [o-du 0][rx 1404747 pps   50176 kbps  209894][tx  982082 pps   35072 kbps   91644][Total Msgs_Rcvd 1404747]
[0m[HW]     [FH LOAD][o-du 0] rx=209.894 Mbps tx=91.644 Mbps total=301.538 Mbps rx_pps=50176 tx_pps=35072 total_pps=85248
[0m[HW]     [o_du0][pusch0  659364 prach0   43008]
[0m[HW]     [o_du0][pusch1  659364 prach1   43008]
[0m[HW]     [o-du 0][rx 1454923 pps   50176 kbps  209894][tx 1017154 pps   35072 kbps   91644][Total Msgs_Rcvd 1454923]
[0m[HW]     [FH LOAD][o-du 0] rx=209.894 Mbps tx=91.644 Mbps total=301.538 Mbps rx_pps=50176 tx_pps=35072 total_pps=85248
[0m[HW]     [o_du0][pusch0  682916 prach0   44544]
[0m[HW]     [o_du0][pusch1  682916 prach1   44544]
[0m[HW]     [o-du 0][rx 1505099 pps   50176 kbps  209897][tx 1052226 pps   35072 kbps   91644][Total Msgs_Rcvd 1505099]
[0m[HW]     [FH LOAD][o-du 0] rx=209.897 Mbps tx=91.644 Mbps total=301.541 Mbps rx_pps=50176 tx_pps=35072 total_pps=85248
[0m[HW]     [o_du0][pusch0  706468 prach0   46080]
[0m[HW]     [o_du0][pusch1  706468 prach1   46080]
[0m[HW]     [o-du 0][rx 1555275 pps   50176 kbps  209891][tx 1087298 pps   35072 kbps   91644][Total Msgs_Rcvd 1555275]
[0m[HW]     [FH LOAD][o-du 0] rx=209.891 Mbps tx=91.644 Mbps total=301.535 Mbps rx_pps=50176 tx_pps=35072 total_pps=85248
[0m[HW]     [o_du0][pusch0  730020 prach0   47616]
[0m[HW]     [o_du0][pusch1  730020 prach1   47616]
[0m[HW]     [o-du 0][rx 1605452 pps   50177 kbps  209908][tx 1122370 pps   35072 kbps   91644][Total Msgs_Rcvd 1605452]
[0m[HW]     [FH LOAD][o-du 0] rx=209.908 Mbps tx=91.644 Mbps total=301.552 Mbps rx_pps=50177 tx_pps=35072 total_pps=85249
[0m[HW]     [o_du0][pusch0  753572 prach0   49152]
[0m[HW]     [o_du0][pusch1  753572 prach1   49152]
[0m[PHY]    prach_I0 = 0.0 dB
[0m[HW]     [o-du 0][rx 1655628 pps   50176 kbps  209894][tx 1157442 pps   35072 kbps   91644][Total Msgs_Rcvd 1655628]
[0m[HW]     [FH LOAD][o-du 0] rx=209.894 Mbps tx=91.644 Mbps total=301.538 Mbps rx_pps=50176 tx_pps=35072 total_pps=85248
[0m[HW]     [o_du0][pusch0  777124 prach0   50688]
[0m[HW]     [o_du0][pusch1  777124 prach1   50688]
[0m[HW]     [o-du 0][rx 1705805 pps   50177 kbps  209908][tx 1192514 pps   35072 kbps   91644][Total Msgs_Rcvd 1705805]
[0m[HW]     [FH LOAD][o-du 0] rx=209.908 Mbps tx=91.644 Mbps total=301.552 Mbps rx_pps=50177 tx_pps=35072 total_pps=85249
[0m[HW]     [o_du0][pusch0  800676 prach0   52224]
[0m[HW]     [o_du0][pusch1  800676 prach1   52224]
[0m[HW]     [o-du 0][rx 1755981 pps   50176 kbps  209894][tx 1227586 pps   35072 kbps   91644][Total Msgs_Rcvd 1755981]
[0m[HW]     [FH LOAD][o-du 0] rx=209.894 Mbps tx=91.644 Mbps total=301.538 Mbps rx_pps=50176 tx_pps=35072 total_pps=85248
[0m[HW]     [o_du0][pusch0  824228 prach0   53760]
[0m[HW]     [o_du0][pusch1  824228 prach1   53760]
[0m[HW]     [o-du 0][rx 1806157 pps   50176 kbps  209905][tx 1262658 pps   35072 kbps   91644][Total Msgs_Rcvd 1806157]
[0m[HW]     [FH LOAD][o-du 0] rx=209.905 Mbps tx=91.644 Mbps total=301.549 Mbps rx_pps=50176 tx_pps=35072 total_pps=85248
[0m[HW]     [o_du0][pusch0  847780 prach0   55296]
[0m[HW]     [o_du0][pusch1  847780 prach1   55296]
[0m[HW]     [o-du 0][rx 1856334 pps   50177 kbps  209891][tx 1297730 pps   35072 kbps   91644][Total Msgs_Rcvd 1856334]
[0m[HW]     [FH LOAD][o-du 0] rx=209.891 Mbps tx=91.644 Mbps total=301.535 Mbps rx_pps=50177 tx_pps=35072 total_pps=85249
[0m[HW]     [o_du0][pusch0  871332 prach0   56832]
[0m[HW]     [o_du0][pusch1  871332 prach1   56832]
[0m[HW]     [o-du 0][rx 1906510 pps   50176 kbps  209897][tx 1332802 pps   35072 kbps   91644][Total Msgs_Rcvd 1906510]
[0m[HW]     [FH LOAD][o-du 0] rx=209.897 Mbps tx=91.644 Mbps total=301.541 Mbps rx_pps=50176 tx_pps=35072 total_pps=85248
[0m[HW]     [o_du0][pusch0  894884 prach0   58368]
[0m[HW]     [o_du0][pusch1  894884 prach1   58368]
[0m[HW]     [o-du 0][rx 1956686 pps   50176 kbps  209886][tx 1367874 pps   35072 kbps   91644][Total Msgs_Rcvd 1956686]
[0m[HW]     [FH LOAD][o-du 0] rx=209.886 Mbps tx=91.644 Mbps total=301.530 Mbps rx_pps=50176 tx_pps=35072 total_pps=85248
[0m[HW]     [o_du0][pusch0  918436 prach0   59904]
[0m[HW]     [o_du0][pusch1  918436 prach1   59904]
[0m[HW]     [o-du 0][rx 2006862 pps   50176 kbps  209877][tx 1402946 pps   35072 kbps   91644][Total Msgs_Rcvd 2006862]
[0m[HW]     [FH LOAD][o-du 0] rx=209.877 Mbps tx=91.644 Mbps total=301.521 Mbps rx_pps=50176 tx_pps=35072 total_pps=85248
[0m[HW]     [o_du0][pusch0  941988 prach0   61440]
[0m[HW]     [o_du0][pusch1  941988 prach1   61440]
[0m[PHY]    prach_I0 = 0.0 dB
[0m[HW]     [o-du 0][rx 2057038 pps   50176 kbps  209908][tx 1438018 pps   35072 kbps   91644][Total Msgs_Rcvd 2057038]
[0m[HW]     [FH LOAD][o-du 0] rx=209.908 Mbps tx=91.644 Mbps total=301.552 Mbps rx_pps=50176 tx_pps=35072 total_pps=85248
[0m[HW]     [o_du0][pusch0  965540 prach0   62976]
[0m[HW]     [o_du0][pusch1  965540 prach1   62976]
[0m[HW]     [o-du 0][rx 2107214 pps   50176 kbps  209900][tx 1473090 pps   35072 kbps   91644][Total Msgs_Rcvd 2107214]
[0m[HW]     [FH LOAD][o-du 0] rx=209.900 Mbps tx=91.644 Mbps total=301.544 Mbps rx_pps=50176 tx_pps=35072 total_pps=85248
[0m[HW]     [o_du0][pusch0  989092 prach0   64512]
[0m[HW]     [o_du0][pusch1  989092 prach1   64512]
[0m[HW]     [o-du 0][rx 2157390 pps   50176 kbps  209891][tx 1508162 pps   35072 kbps   91644][Total Msgs_Rcvd 2157390]
[0m[HW]     [FH LOAD][o-du 0] rx=209.891 Mbps tx=91.644 Mbps total=301.535 Mbps rx_pps=50176 tx_pps=35072 total_pps=85248
[0m[HW]     [o_du0][pusch0 1012644 prach0   66048]
[0m[HW]     [o_du0][pusch1 1012644 prach1   66048]
[0m[HW]     [o-du 0][rx 2207567 pps   50177 kbps  209883][tx 1543234 pps   35072 kbps   91644][Total Msgs_Rcvd 2207567]
[0m[HW]     [FH LOAD][o-du 0] rx=209.883 Mbps tx=91.644 Mbps total=301.527 Mbps rx_pps=50177 tx_pps=35072 total_pps=85249
[0m[HW]     [o_du0][pusch0 1036196 prach0   67584]
[0m[HW]     [o_du0][pusch1 1036196 prach1   67584]
[0m[HW]     [o-du 0][rx 2257743 pps   50176 kbps  209908][tx 1578306 pps   35072 kbps   91644][Total Msgs_Rcvd 2257743]
[0m[HW]     [FH LOAD][o-du 0] rx=209.908 Mbps tx=91.644 Mbps total=301.552 Mbps rx_pps=50176 tx_pps=35072 total_pps=85248
[0m[HW]     [o_du0][pusch0 1059748 prach0   69120]
[0m[HW]     [o_du0][pusch1 1059748 prach1   69120]
[0m[HW]     [o-du 0][rx 2307919 pps   50176 kbps  209888][tx 1613378 pps   35072 kbps   91644][Total Msgs_Rcvd 2307919]
[0m[HW]     [FH LOAD][o-du 0] rx=209.888 Mbps tx=91.644 Mbps total=301.532 Mbps rx_pps=50176 tx_pps=35072 total_pps=85248
[0m[HW]     [o_du0][pusch0 1083300 prach0   70656]
[0m[HW]     [o_du0][pusch1 1083300 prach1   70656]
[0m[HW]     [o-du 0][rx 2358095 pps   50176 kbps  209894][tx 1648450 pps   35072 kbps   91644][Total Msgs_Rcvd 2358095]
[0m[HW]     [FH LOAD][o-du 0] rx=209.894 Mbps tx=91.644 Mbps total=301.538 Mbps rx_pps=50176 tx_pps=35072 total_pps=85248
[0m[HW]     [o_du0][pusch0 1106852 prach0   72192]
[0m[HW]     [o_du0][pusch1 1106852 prach1   72192]
[0m[HW]     [o-du 0][rx 2408271 pps   50176 kbps  209894][tx 1683522 pps   35072 kbps   91644][Total Msgs_Rcvd 2408271]
[0m[HW]     [FH LOAD][o-du 0] rx=209.894 Mbps tx=91.644 Mbps total=301.538 Mbps rx_pps=50176 tx_pps=35072 total_pps=85248
[0m[HW]     [o_du0][pusch0 1130404 prach0   73728]
[0m[HW]     [o_du0][pusch1 1130404 prach1   73728]
[0m[PHY]    prach_I0 = 0.0 dB
[0m[HW]     [o-du 0][rx 2458447 pps   50176 kbps  209894][tx 1718594 pps   35072 kbps   91644][Total Msgs_Rcvd 2458447]
[0m[HW]     [FH LOAD][o-du 0] rx=209.894 Mbps tx=91.644 Mbps total=301.538 Mbps rx_pps=50176 tx_pps=35072 total_pps=85248
[0m[HW]     [o_du0][pusch0 1153956 prach0   75264]
[0m[HW]     [o_du0][pusch1 1153956 prach1   75264]
[0m[HW]     [o-du 0][rx 2508623 pps   50176 kbps  209894][tx 1753666 pps   35072 kbps   91644][Total Msgs_Rcvd 2508623]
[0m[HW]     [FH LOAD][o-du 0] rx=209.894 Mbps tx=91.644 Mbps total=301.538 Mbps rx_pps=50176 tx_pps=35072 total_pps=85248
[0m[HW]     [o_du0][pusch0 1177508 prach0   76800]
[0m[HW]     [o_du0][pusch1 1177508 prach1   76800]
[0m[HW]     [o-du 0][rx 2558799 pps   50176 kbps  209888][tx 1788738 pps   35072 kbps   91644][Total Msgs_Rcvd 2558799]
[0m[HW]     [FH LOAD][o-du 0] rx=209.888 Mbps tx=91.644 Mbps total=301.532 Mbps rx_pps=50176 tx_pps=35072 total_pps=85248
[0m[HW]     [o_du0][pusch0 1201060 prach0   78336]
[0m[HW]     [o_du0][pusch1 1201060 prach1   78336]
[0m[HW]     [o-du 0][rx 2608975 pps   50176 kbps  209899][tx 1823810 pps   35072 kbps   91644][Total Msgs_Rcvd 2608975]
[0m[HW]     [FH LOAD][o-du 0] rx=209.899 Mbps tx=91.644 Mbps total=301.543 Mbps rx_pps=50176 tx_pps=35072 total_pps=85248
[0m[HW]     [o_du0][pusch0 1224612 prach0   79872]
[0m[HW]     [o_du0][pusch1 1224612 prach1   79872]
[0m[HW]     [o-du 0][rx 2659151 pps   50176 kbps  209891][tx 1858882 pps   35072 kbps   91644][Total Msgs_Rcvd 2659151]
[0m[HW]     [FH LOAD][o-du 0] rx=209.891 Mbps tx=91.644 Mbps total=301.535 Mbps rx_pps=50176 tx_pps=35072 total_pps=85248
[0m[HW]     [o_du0][pusch0 1248164 prach0   81408]
[0m[HW]     [o_du0][pusch1 1248164 prach1   81408]
[0m[HW]     [o-du 0][rx 2709327 pps   50176 kbps  209888][tx 1893954 pps   35072 kbps   91644][Total Msgs_Rcvd 2709327]
[0m[HW]     [FH LOAD][o-du 0] rx=209.888 Mbps tx=91.644 Mbps total=301.532 Mbps rx_pps=50176 tx_pps=35072 total_pps=85248
[0m[HW]     [o_du0][pusch0 1271716 prach0   82944]
[0m[HW]     [o_du0][pusch1 1271716 prach1   82944]
[0m