Logging terminal output to /home/jesse/oran_lab/logs/run_ru/run_ru_20260527_100804_pid3486448.log
RU cores: 10,11,12,13,14,15,16
RU numerology: 1
ORU PRACH frame adjust: 0
AnonHugePages:   6725632 kB
ShmemHugePages:        0 kB
FileHugePages:   3432448 kB
HugePages_Total:    8192
HugePages_Free:        0
HugePages_Rsvd:        0
HugePages_Surp:        0
Hugepagesize:       2048 kB
Hugetlb:        16777216 kB
Using uio_pci_generic; skipping VFIO IOMMU group viability check.
CMDLINE: "./nr-oru" "-O" "/home/jesse/oran_lab/ru_test.conf" "--vrtsim.role" "server" "--numerology" "1" 
[93m[PHY]    ./nr-oru is experimental software and at this point is not an implementation of a 7.2 O-RAN RU
[0mEAL: Detected 32 lcore(s)
EAL: Detected 1 NUMA nodes
EAL: Auto-detected process type: PRIMARY
EAL: Detected shared linkage of DPDK
EAL: Multi-process socket /var/run/dpdk/ru/mp_socket
EAL: Selected IOVA mode 'PA'
EAL: No available hugepages reported in hugepages-1048576kB
EAL: Probing VFIO support...
EAL: VFIO support initialized
EAL: Probe PCI driver: net_i40e_vf (8086:154c) device: 0000:06:02.0 (socket 0)
[CONFIG] function config_libconfig_init returned 0
Reading in command-line options
configuring for RRU
About to Init RU threads
xran_fh_init:
  io_cfg:
    id 1 (O-RU)
    num_vfs 2
    num_rxq 1
    dpdk_dev [0000:06:02.0, 0000:06:02.1, (null), (null), (null), (null), (null), (null), (null), (null), (null), (null), (null), (null), (null), (null)]
    bbdev_dev (null)
    bbdev_mode -1
    dpdkIoVaMode 0
    dpdkMemorySize 8192
    core 11
    system_core 10
    pkt_proc_core 0000000000003000
    pkt_proc_core_64_127 0000000000000000
    pkt_aux_core 0
    timing_core 11
    port (filled within xran library)
    io_sleep 0
    nEthLinePerPort 1
    nEthLineSpeed 10
    one_vf_cu_plane 0
    eowd_cmn[1]:
      initiator_en 0
      numberOfSamples 0
      filterType 0
      responseTo 0
      measVf 0
      measState 0
      measId 0
      measMethod 0
      owdm_enable 0
      owdm_PlLength 0
eowd_port (filled within xran library)
    bbu_offload 0
  eAxCId_conf:
    mask_cuPortId 0xf000
    mask_bandSectorId 0x0f00
    mask_ccId 0x00f0
    mask_ruPortId 0x000f
    bit_cuPortId 0
    bit_bandSectorId 0
    bit_ccId 0
    bit_ruPortId 0
  xran_ports 1
  dpdkBasebandFecMode 0
  dpdkBasebandDevice (null)
  filePrefix ru
  mtu 9600
  p_o_du_addr 
  p_o_du_addr [00:11:22:33:64:68, 00:11:22:33:64:69]
  totalBfWeights 0
  mlogxranenable 0
  dlCpProcBurst 0
'DPDK 20.11.9'
 xran_init: MTU 9600
PF Eth line speed 10G
PF Eth lines per O-xU port 1
RX HW queues per O-xU Eth line 1 
node 0
total cores 32 c_mask 0x00000000000003c00 core 11 [id] system_core 10 [id] pkt_proc_core 0x00000000000003000 [mask] pkt_aux_core 0 [id] timing_core 11 [id]
xran_ethdi_init_dpdk_io: Calling rte_eal_init:ru -c 0x00000000000003c00 -n2 --iova-mode=pa --socket-mem=8192,0 --socket-limit=8192,0 --proc-type=auto --no-telemetry --file-prefix ru -a0000:00:00.0    
xran_init_mbuf_pool: socket 0
initializing port 0 for TX, drv=net_i40e_vf
Port 0 MAC: 00 11 22 33 64 66
Port 0: nb_rxd 4096 nb_txd 4096
[0] mp_rx__p_0_q_0 num blocks 65535
[0] mempool_small__0

Checking link status portid [0]  EAL: Probe PCI driver: net_i40e_vf (8086:154c) device: 0000:06:02.1 (socket 0)
skipped by XRAN_SKIP_LINK_CHECK
initializing port 1 for TX, drv=net_i40e_vf
Port 1 MAC: 00 11 22 33 64 67
Port 1: nb_rxd 4096 nb_txd 4096
[1] mp_rx__p_1_q_0 num blocks 65535
[1] mempool_small__1
Created ring tx_ring_cp_1 on core 11
Created ring rx_ring_cp_1_0 on core 11

Checking link status portid [1]  [93m[HW]     XRAN modifed affinity. Correcting affinity of caller
[0mskipped by XRAN_SKIP_LINK_CHECK
[ 0] vf  0 local  SRC MAC: 00 11 22 33 64 66
[ 0] vf  0 remote DST MAC: 00 11 22 33 64 68
[ 0] vf  1 local  SRC MAC: 00 11 22 33 64 67
[ 0] vf  1 remote DST MAC: 00 11 22 33 64 69
created dl_gen_ring_up_0 on core 11
xran_fh_config:
  dpdk_port 0
  sector_id 0
  nCC 1
  neAxc 1
  neAxcUl 0
  nAntElmTRx 0
  nDLFftSize 9
  nULFftSize 9
  nDLRBs 24
  nULRBs 24
  nDLAbsFrePointA 0
  nULAbsFrePointA 0
  nDLCenterFreqARFCN 0
  nULCenterFreqARFCN 0
  ttiCb (nil)
  ttiCbParam (nil)
  Tadv_cp_dl 0
  T2a_min_cp_dl 0
  T2a_max_cp_dl 0
  T2a_min_cp_ul 0
  T2a_max_cp_ul 0
  T2a_min_up 200
  T2a_max_up 1200
  Ta3_min 200
  Ta3_max 470
  T1a_min_cp_dl 0
  T1a_max_cp_dl 0
  T1a_min_cp_ul 0
  T1a_max_cp_ul 0
  T1a_min_up 0
  T1a_max_up 0
  Ta4_min 0
  Ta4_max 0
  enableCP 1
  prachEnable 1
  srsEnable 0
  puschMaskEnable 0
  puschMaskSlot 0
  cp_vlan_tag 0
  up_vlan_tag 0
  debugStop 0
  debugStopCount 0
  DynamicSectionEna 0
  GPS_Alpha 0
  GPS_Beta -9000
  srsEnableCp 0
  SrsDelaySym 0
  prach_config:
    nPrachConfIdx 159
    nPrachSubcSpacing 1
    nPrachZeroCorrConf 0
    nPrachRestrictSet 0
    nPrachRootSeqIdx 0
    nPrachFreqStart 0
    nPrachFreqOffset -288
    nPrachFilterIdx 0
    startSymId 0
    lastSymId 0
    startPrbc 0
    numPrbc 0
    timeOffset 0
    freqOffset 0
    eAxC_offset 1
    nPrachConfIdxLTE 0
  srs_config:
    symbMask 0000
    eAxC_offset 0
  frame_conf:
    nFrameDuplexType TDD
    nNumerology 1
    nTddPeriod 5
    sSlotConfig[0]: DDDDDDDDDDDDDD
    sSlotConfig[1]: DDDDDDDDDDDDDD
    sSlotConfig[2]: DDDDDDDDDDDDDD
    sSlotConfig[3]: DDDDDDGGGGUUUU
    sSlotConfig[4]: UUUUUUUUUUUUUU
  ru_config:
    xranTech NR
    xranCat A
    xranCompHdrType dynamic
    iqWidth 16
    compMeth 0
    iqWidth_PRACH 16
    compMeth_PRACH 0
    fftSize 10
    byteOrder network/BE
    iqOrder I_Q
    xran_max_frame 0
  bbdev_enc (nil)
  bbdev_dec (nil)
  tx_cp_eAxC2Vf 0x7ffd8abb7cd0
  tx_up_eAxC2Vf 0x7ffd8abb88d0
  rx_cp_eAxC2Vf 0x7ffd8abb94d0
  rx_up_eAxC2Vf 0x7ffd8abba0d0
  log_level 1
  max_sections_per_slot 0
  max_sections_per_symbol 0
  RunSlotPrbMapBySymbolEnable 0
  LiteOnIgnoreUPSectionIdEnable 0
  dssEnable 0
  dssPeriod 0
  technology[XRAN_MAX_DSS_PERIODICITY] (not filled as DSS disabled)
 xran_open: 5G NR Category A
xRAN open PRACH config: Numerology 1 ConfIdx 159, preambleFmrt 10 startsymb 0, numSymbol 12, occassionsInPrachSlot 1
PRACH: x 1 y[0] 0, y[1] 0 prach slot: 9 ..
PRACH start symbol 0 lastsymbol 11
xran_init_vfs_mapping: p 0 vf 0
xran_init_vfs_mapping: p 0 vf 1
xran_open: interval_us=500, interval_us_local=500
bbu_offload 0
XRAN_UP_VF: 0x0000
xran_timing_source_thread [CPU 11] [PID: 3486463]
TTI interval 500 [us]
Start UL U-plane 200 us after OTA [offset in sym 6]
Receive DL U-plane 1200 us after OTA [offset in sym 34]
O-XU      1
HW        0
Num cores 3
Num ports 1
O-RU Cat  0
O-RU CC   1
O-RU eAxC 1
p:0 XRAN_JOB_TYPE_CP_DL worker id 1
p:0 XRAN_JOB_TYPE_CP_UL worker id 1
p:0 XRAN_JOB_TYPE_CP_DL worker id 0
p:0 XRAN_JOB_TYPE_CP_UL worker id 0
xran_generic_worker_thread [CPU 12] [PID: 3486463]
spawn worker 0 core 12
xran_generic_worker_thread [CPU 13] [PID: 3486463]
spawn worker 1 core 13
xran_open [CPU 10] [PID: 3486463]
Waiting on Timing thread...
Initialize ORAN port instance 0 (1) sector 0
xran_sector_get_instances() o_xu_id 0 xran_handle 0x7dc28cf95040
xran_sector_get_instances [0]: CC 0 handle 0x5c4e4c34e940
Handle: 0x7dc2bcd78468 Instance: 0x5c4e4c34e940
-> hInstance 0x5c4e4c34e940
ru_0_cc_0_idx_0: [ handle 0x5c4e4c34e940 0 0 ] [nPoolIndex 0] nNumberOfBuffers 511 nBufferSize 14116 socket_id 0
CC:[ handle 0x5c4e4c34e940 ru 0 cc_idx 0 ] [nPoolIndex 0] mb pool 0x284784540 
xran_bm_init() hInstance 0x5c4e4c34e940 poolIdx 0 elements 511 size 14116
xran_bm_allocate_buffer() hInstance 0x5c4e4c34e940 poolIdx 0 count 280
ru_0_cc_0_idx_1: [ handle 0x5c4e4c34e940 0 0 ] [nPoolIndex 1] nNumberOfBuffers 511 nBufferSize 4976 socket_id 0
CC:[ handle 0x5c4e4c34e940 ru 0 cc_idx 0 ] [nPoolIndex 1] mb pool 0x284786dc0 
xran_bm_init() hInstance 0x5c4e4c34e940 poolIdx 1 elements 511 size[93m[HW]     PRACH was not configured for frame.slot 43.19 adjusted 43.19 frame8 43: no C-plane config cached
[0m[93m[HW]     PRACH was not configured for frame.slot 126.19 adjusted 126.19 frame8 126: no C-plane config cached
[0m[93m[HW]     PRACH was not configured for frame.slot 209.19 adjusted 209.19 frame8 209: no C-plane config cached
[0m[93m[HW]     PRACH was not configured for frame.slot 336.19 adjusted 336.19 frame8 80: no C-plane config cached
[0m[93m[HW]     PRACH was not configured for frame.slot 419.19 adjusted 419.19 frame8 163: no C-plane config cached
[0m[93m[HW]     PRACH was not configured for frame.slot 502.19 adjusted 502.19 frame8 246: no C-plane config cached
[0m[93m[HW]     PRACH was not configured for frame.slot 629.19 adjusted 629.19 frame8 117: no C-plane config cached
[0m[93m[HW]     PRACH was not configured for frame.slot 712.19 adjusted 712.19 frame8 200: no C-plane config cached
[0m[93m[HW]     PRACH was not configured for frame.slot 838.19 adjusted 838.19 frame8 70: no C-plane config cached
[0m[93m[HW]     PRACH was not configured for frame.slot 922.19 adjusted 922.19 frame8 154: no C-plane config cached
[0m[93m[HW]     PRACH was not configured for frame.slot 1005.19 adjusted 1005.19 frame8 237: no C-plane config cached
[0m[93m[HW]     PRACH was not configured for frame.slot 107.19 adjusted 107.19 frame8 107: no C-plane config cached
[0m[93m[HW]     PRACH was not configured for frame.slot 191.19 adjusted 191.19 frame8 191: no C-plane config cached
[0m[93m[HW]     PRACH was not configured for frame.slot 317.19 adjusted 317.19 frame8 61: no C-plane config cached
[0m[93m[HW]     PRACH was not configured for frame.slot 400.19 adjusted 400.19 frame8 144: no C-plane config cached
[0m[93m[HW]     PRACH was not configured for frame.slot 484.19 adjusted 484.19 frame8 228: no C-plane config cached
[0m[93m[HW]     PRACH was not configured for frame.slot 610.19 adjusted 610.19 frame8 98: no C-plane config cached
[0m[93m[HW]     PRACH was not configured for frame.slot 693.19 adjusted 693.19 frame8 181: no C-plane config cached
[0m[93m[HW]     PRACH was not configured for frame.slot 820.19 adjusted 820.19 frame8 52: no C-plane config cached
[0m[93m[HW]     PRACH was not configured for frame.slot 903.19 adjusted 903.19 frame8 135: no C-plane config cached
[0m[93m[HW]     PRACH was not configured for frame.slot 986.19 adjusted 986.19 frame8 218: no C-plane config cached
[0m[93m[HW]     PRACH was not configured for frame.slot 89.19 adjusted 89.19 frame8 89: no C-plane config cached
[0m[93m[HW]     PRACH was not configured for frame.slot 172.19 adjusted 172.19 frame8 172: no C-plane config cached
[0m[93m[HW]     PRACH was not configured for frame.slot 255.19 adjusted 255.19 frame8 255: no C-plane config cached
[0m[93m[HW]     PRACH was not configured for frame.slot 382.19 adjusted 382.19 frame8 126: no C-plane config cached
[0m[93m[HW]     PRACH was not configured for frame.slot 465.19 adjusted 465.19 frame8 209: no C-plane config cached
[0m[93m[HW]     PRACH was not configured for frame.slot 591.19 adjusted 591.19 frame8 79: no C-plane config cached
[0m[93m[HW]     PRACH was not configured for frame.slot 675.19 adjusted 675.19 frame8 163: no C-plane config cached
[0m[93m[HW]     PRACH was not configured for frame.slot 758.19 adjusted 758.19 frame8 246: no C-plane config cached
[0m[93m[HW]     PRACH was not configured for frame.slot 884.19 adjusted 884.19 frame8 116: no C-plane config cached
[0m[93m[HW]     PRACH was not configured for frame.slot 968.19 adjusted 968.19 frame8 200: no C-plane config cached
[0m[93m[HW]     PRACH was not configured for frame.slot 70.19 adjusted 70.19 frame8 70: no C-plane config cached
[0m[93m[HW]     PRACH was not configured for frame.slot 153.19 adjusted 153.19 frame8 153: no C-plane config cached
[0m[93m[HW]     PRACH was not configured for frame.slot 237.19 adjusted 237.19 frame8 237: no C-plane config cached
[0m[93m[HW]     PRACH was not configured for frame.slot 363.19 adjusted 363.19 frame8 107: no C-plane config cached
[0m[93m[HW]     PRACH was not configured for frame.slot 446.19 adjusted 446.19 frame8 190: no C-plane config cached
[0m[93m[HW]     PRACH was not configured for frame.slot 573.19 adjusted 573.19 frame8 61: no C-plane config cached
[0m[93m[HW]     PRACH was not configured for frame.slot 656.19 adjusted 656.19 frame8 144: no C-plane config cached
[0m[93m[HW]     PRACH was not configured for frame.slot 739.19 adjusted 739.19 frame8 227: no C-plane config cached
[0m[93m[HW]     PRACH was not configured for frame.slot 866.19 adjusted 866.19 frame8 98: no C-plane config cached
[0m[93m[HW]     PRACH was not configured for frame.slot 949.19 adjusted 949.19 frame8 181: no C-plane config cached
[0m[93m[HW]     PRACH was not configured for frame.slot 51.19 adjusted 51.19 frame8 51: no C-plane config cached
[0m[93m[HW]     PRACH was not configured for frame.slot 135.19 adjusted 135.19 frame8 135: no C-plane config cached
[0m[93m[HW]     PRACH was not configured for frame.slot 218.19 adjusted 218.19 frame8 218: no C-plane config cached
[0m[93m[HW]     PRACH was not configured for frame.slot 344.19 adjusted 344.19 frame8 88: no C-plane config cached
[0m[93m[HW]     PRACH was not configured for frame.slot 428.19 adjusted 428.19 frame8 172: no C-plane config cached
[0m[93m[HW]     PRACH was not configured for frame.slot 511.19 adjusted 511.19 frame8 255: no C-plane config cached
[0m[93m[HW]     PRACH was not configured for frame.slot 637.19 adjusted 637.19 frame8 125: no C-plane config cached
[0m[93m[HW]     PRACH was not configured for frame.slot 721.19 adjusted 721.19 frame8 209: no C-plane config cached
[0m[93m[HW]     PRACH was not configured for frame.slot 847.19 adjusted 847.19 frame8 79: no C-plane config cached
[0m[93m[HW]     PRACH was not configured for frame.slot 930.19 adjusted 930.19 frame8 162: no C-plane config cached
[0m[93m[HW]     PRACH was not configured for frame.slot 1014.19 adjusted 1014.19 frame8 246: no C-plane config cached
[0m[93m[HW]     [ORU] Drop invalid U-plane packet: port=0 frame=17 subframe=3 slot=38 slot_in_frame=44 symbol=37 ant=0 start_prb=0 num_prb=0 nDLRBs=24 neAxc=1
[0m[93m[HW]     PRACH was not configured for frame.slot 116.19 adjusted 116.19 frame8 116: no C-plane config cached
[0m[93m[HW]     PRACH was not configured for frame.slot 199.19 adjusted 199.19 frame8 199: no C-plane config cached
[0m[93m[HW]     Packets early: 1
[0m[93m[HW]     Packets malformed (packet couldn't be processed): 1
[0m[93m[HW]     PRACH was not configured for frame.slot 326.19 adjusted 326.19 frame8 70: no C-plane config cached
[0m[93m[HW]     [ORU] Drop invalid U-plane packet: port=0 frame=17 subframe=3 slot=38 slot_in_frame=44 symbol=37 ant=0 start_prb=0 num_prb=0 nDLRBs=24 neAxc=1
[0m[93m[HW]     PRACH was not configured for frame.slot 409.19 adjusted 409.19 frame8 153: no C-plane config cached
[0m[93m[HW]     PRACH was not configured for frame.slot 492.19 adjusted 492.19 frame8 236: no C-plane config cached
[0m[93m[HW]     Packets early: 1
[0m[93m[HW]     Packets malformed (packet couldn't be processed): 1
[0m[93m[HW]     PRACH was not configured for frame.slot 619.19 adjusted 619.19 frame8 107: no C-plane config cached
[0m[93m[HW]     PRACH was not configured for frame.slot 702.19 adjusted 702.19 frame8 190: no C-plane config cached
[0m[93m[HW]     [ORU] Drop invalid U-plane packet: port=0 frame=17 subframe=3 slot=38 slot_in_frame=44 symbol=37 ant=0 start_prb=0 num_prb=0 nDLRBs=24 neAxc=1
[0m[93m[HW]     PRACH was not configured for frame.slot 828.19 adjusted 828.19 frame8 60: no C-plane config cached
[0m[93m[HW]     PRACH was not configured for frame.slot 912.19 adjusted 912.19 frame8 144: no C-plane config cached
[0m[93m[HW]     PRACH was not configured for frame.slot 995.19 adjusted 995.19 frame8 227: no C-plane config cached
[0m[93m[HW]     Packets early: 1
[0m[93m[HW]     Packets malformed (packet couldn't be processed): 1
[0m[93m[HW]     PRACH was not configured for frame.slot 97.19 adjusted 97.19 frame8 97: no C-plane config cached
[0m[93m[HW]     PRACH was not configured for frame.slot 181.19 adjusted 181.19 frame8 181: no C-plane config cached
[0m[93m[HW]     PRACH was not configured for frame.slot 307.19 adjusted 307.19 frame8 51: no C-plane config cached
[0m[93m[HW]     PRACH was not configured for frame.slot 390.19 adjusted 390.19 frame8 134: no C-plane config cached
[0m[93m[HW]     PRACH was not configured for frame.slot 474.19 adjusted 474.19 frame8 218: no C-plane config cached
[0m[93m[HW]     PRACH was not configured for frame.slot 600.19 adjusted 600.19 frame8 88: no C-plane config cached
[0m[93m[HW]     [ORU] Drop invalid U-plane packet: port=0 frame=17 subframe=3 slot=38 slot_in_frame=44 symbol=37 ant=0 start_prb=0 num_prb=0 nDLRBs=24 neAxc=1
[0m[93m[HW]     PRACH was not configured for frame.slot 683.19 adjusted 683.19 frame8 171: no C-plane config cached
[0m[93m[HW]     PRACH was not configured for frame.slot 767.19 adjusted 767.19 frame8 255: no C-plane config cached
[0m[93m[HW]     Packets early: 1
[0m[93m[HW]     Packets malformed (packet couldn't be processed): 1
[0m[93m[HW]     PRACH was not configured for frame.slot 893.19 adjusted 893.19 frame8 125: no C-plane config cached
[0m[93m[HW]     PRACH was not configured for frame.slot 976.19 adjusted 976.19 frame8 208: no C-plane config cached
[0m[93m[HW]     PRACH was not configured for frame.slot 79.19 adjusted 79.19 frame8 79: no C-plane config cached
[0m[93m[HW]     PRACH was not configured for frame.slot 162.19 adjusted 162.19 frame8 162: no C-plane config cached
[0m[93m[HW]     PRACH was not configured for frame.slot 245.19 adjusted 245.19 frame8 245: no C-plane config cached
[0m[93m[HW]     PRACH was not configured for frame.slot 372.19 adjusted 372.19 frame8 116: no C-plane config cached
[0m[93m[HW]     PRACH was not configured for frame.slot 455.19 adjusted 455.19 frame8 199: no C-plane config cached
[0m[93m[HW]     PRACH was not configured for frame.slot 581.19 adjusted 581.19 frame8 69: no C-plane config cached
[0m[93m[HW]     PRACH was not configured for frame.slot 665.19 adjusted 665.19 frame8 153: no C-plane config cached
[0m[93m[HW]     PRACH was not configured for frame.slot 748.19 adjusted 748.19 frame8 236: no C-plane config cached
[0m[93m[HW]     PRACH was not configured for frame.slot 874.19 adjusted 874.19 frame8 106: no C-plane config cached
[0m[93m[HW]     PRACH was not configured for frame.slot 958.19 adjusted 958.19 frame8 190: no C-plane config cached
[0m[93m[HW]     PRACH was not configured for frame.slot 60.19 adjusted 60.19 frame8 60: no C-plane config cached
[0m[93m[HW]     PRACH was not configured for frame.slot 143.19 adjusted 143.19 frame8 143: no C-plane config cached
[0m[93m[HW]     [ORU] Drop invalid U-plane packet: port=0 frame=17 subframe=3 slot=38 slot_in_frame=44 symbol=37 ant=0 start_prb=0 num_prb=0 nDLRBs=24 neAxc=1
[0m[93m[HW]     PRACH was not configured for frame.slot 227.19 adjusted 227.19 frame8 227: no C-plane config cached
[0m[93m[HW]     Packets early: 1
[0m[93m[HW]     Packets malformed (packet couldn't be processed): 1
[0m[93m[HW]     PRACH was not configured for frame.slot 353.19 adjusted 353.19 frame8 97: no C-plane config cached
[0m[93m[HW]     PRACH was not configured for frame.slot 436.19 adjusted 436.19 frame8 180: no C-plane config cached
[0m[93m[HW]     PRACH was not configured for frame.slot 563.19 adjusted 563.19 frame8 51: no C-plane config cached
[0m[93m[HW]     PRACH was not configured for frame.slot 646.19 adjusted 646.19 frame8 134: no C-plane config cached
[0m[93m[HW]     PRACH was not configured for frame.slot 729.19 adjusted 729.19 frame8 217: no C-plane config cached
[0m[93m[HW]     PRACH was not configured for frame.slot 856.19 adjusted 856.19 frame8 88: no C-plane config cached
[0m[93m[HW]     PRACH was not configured for frame.slot 939.19 adjusted 939.19 frame8 171: no C-plane config cached
[0m[93m[HW]     PRACH was not configured for frame.slot 1022.19 adjusted 1022.19 frame8 254: no C-plane config cached
[0m[93m[HW]     PRACH was not configured for frame.slot 125.19 adjusted 125.19 frame8 125: no C-plane config cached
[0m[93m[HW]     PRACH was not configured for frame.slot 208.19 adjusted 208.19 frame8 208: no C-plane config cached
[0m[93m[HW]     PRACH was not configured for frame.slot 334.19 adjusted 334.19 frame8 78: no C-plane config cached
[0m[93m[HW]     PRACH was not configured for frame.slot 418.19 adjusted 418.19 frame8 162: no C-plane config cached
[0m[93m[HW]     PRACH was not configured for frame.slot 501.19 adjusted 501.19 frame8 245: no C-plane config cached
[0m[93m[HW]     [ORU] Drop invalid U-plane packet: port=0 frame=17 subframe=3 slot=38 slot_in_frame=44 symbol=37 ant=0 start_prb=0 num_prb=0 nDLRBs=24 neAxc=1
[0m[93m[HW]     PRACH was not configured for frame.slot 627.19 adjusted 627.19 frame8 115: no C-plane config cached
[0m[93m[HW]     PRACH was not configured for frame.slot 711.19 adjusted 711.19 frame8 199: no C-plane config cached
[0m[93m[HW]     Packets early: 1
[0m[93m[HW]     Packets malformed (packet couldn't be processed): 1
[0m[93m[HW]     [ORU] Drop invalid U-plane packet: port=0 frame=17 subframe=3 slot=38 slot_in_frame=44 symbol=37 ant=0 start_prb=0 num_prb=0 nDLRBs=24 neAxc=1
[0m[93m[HW]     PRACH was not configured for frame.slot 837.19 adjusted 837.19 frame8 69: no C-plane config cached
[0m[93m[HW]     PRACH was not configured for frame.slot 920.19 adjusted 920.19 frame8 152: no C-plane config cached
[0m[93m[HW]     PRACH was not configured for frame.slot 1004.19 adjusted 1004.19 frame8 236: no C-plane config cached
[0m[93m[HW]     Packets early: 1
[0m[93m[HW]     Packets malformed (packet couldn't be processed): 1
[0m[93m[HW]     PRACH was not configured for frame.slot 106.19 adjusted 106.19 frame8 106: no C-plane config cached
[0m[93m[HW]     [ORU] Drop invalid U-plane packet: port=0 frame=17 subframe=3 slot=38 slot_in_frame=44 symbol=37 ant=0 start_prb=0 num_prb=0 nDLRBs=24 neAxc=1
[0m[93m[HW]     PRACH was not configured for frame.slot 189.19 adjusted 189.19 frame8 189: no C-plane config cached
[0m[93m[HW]     Packets early: 1
[0m[93m[HW]     Packets malformed (packet couldn't be processed): 1
[0m[93m[HW]     PRACH was not configured for frame.slot 316.19 adjusted 316.19 frame8 60: no C-plane config cached
[0m[93m[HW]     PRACH was not configured for frame.slot 399.19 adjusted 399.19 frame8 143: no C-plane config cached
[0m[93m[HW]     PRACH was not configured for frame.slot 482.19 adjusted 482.19 frame8 226: no C-plane config cached
[0m[93m[HW]     PRACH was not configured for frame.slot 609.19 adjusted 609.19 frame8 97: no C-plane config cached
[0m[93m[HW]     PRACH was not configured for frame.slot 692.19 adjusted 692.19 frame8 180: no C-plane config cached
[0m[93m[HW]     PRACH was not configured for frame.slot 818.19 adjusted 818.19 frame8 50: no C-plane config cached
[0m[93m[HW]     PRACH was not configured for frame.slot 902.19 adjusted 902.19 frame8 134: no C-plane config cached
[0m[93m[HW]     PRACH was not configured for frame.slot 985.19 adjusted 985.19 frame8 217: no C-plane config cached
[0m[93m[HW]     [ORU] Drop invalid U-plane packet: port=0 frame=17 subframe=3 slot=38 slot_in_frame=44 symbol=37 ant=0 start_prb=0 num_prb=0 nDLRBs=24 neAxc=1
[0m[93m[HW]     Packets early: 1
[0m[93m[HW]     Packets malformed (packet couldn't be processed): 1
[0m[93m[HW]     PRACH was not configured for frame.slot 87.19 adjusted 87.19 frame8 87: no C-plane config cached
[0m[93m[HW]     PRACH was not configured for frame.slot 171.19 adjusted 171.19 frame8 171: no C-plane config cached
[0m[93m[HW]     PRACH was not configured for frame.slot 254.19 adjusted 254.19 frame8 254: no C-plane config cached
[0m[93m[HW]     PRACH was not configured for frame.slot 380.19 adjusted 380.19 frame8 124: no C-plane config cached
[0m[93m[HW]     PRACH was not configured for frame.slot 464.19 adjusted 464.19 frame8 208: no C-plane config cached
[0m[93m[HW]     PRACH was not configured for frame.slot 590.19 adjusted 590.19 frame8 78: no C-plane config cached
[0m[93m[HW]     PRACH was not configured for frame.slot 673.19 adjusted 673.19 frame8 161: no C-plane config cached
[0m[93m[HW]     PRACH was not configured for frame.slot 757.19 adjusted 757.19 frame8 245: no C-plane config cached
[0m[93m[HW]     PRACH was not configured for frame.slot 883.19 adjusted 883.19 frame8 115: no C-plane config cached
[0m[93m[HW]     PRACH was not configured for frame.slot 966.19 adjusted 966.19 frame8 198: no C-plane config cached
[0m[93m[HW]     PRACH was not configured for frame.slot 69.19 adjusted 69.19 frame8 69: no C-plane config cached
[0m[93m[HW]     PRACH was not configured for frame.slot 152.19 adjusted 152.19 frame8 152: no C-plane config cached
[0m[93m[HW]     PRACH was not configured for frame.slot 235.19 adjusted 235.19 frame8 235: no C-plane config cached
[0m[93m[HW]     PRACH was not configured for frame.slot 362.19 adjusted 362.19 frame8 106: no C-plane config cached
[0m[93m[HW]     PRACH was not configured for frame.slot 445.19 adjusted 445.19 frame8 189: no C-plane config cached
[0m[93m[HW]     PRACH was not configured for frame.slot 571.19 adjusted 571.19 frame8 59: no C-plane config cached
[0m[93m[HW]     [ORU] Drop invalid U-plane packet: port=0 frame=17 subframe=3 slot=38 slot_in_frame=44 symbol=37 ant=0 start_prb=0 num_prb=0 nDLRBs=24 neAxc=1
[0m[93m[HW]     PRACH was not configured for frame.slot 655.19 adjusted 655.19 frame8 143: no C-plane config cached
[0m[93m[HW]     PRACH was not configured for frame.slot 738.19 adjusted 738.19 frame8 226: no C-plane config cached
[0m[93m[HW]     Packets early: 1
[0m[93m[HW]     Packets malformed (packet couldn't be processed): 1
[0m[93m[HW]     PRACH was not configured for frame.slot 864.19 adjusted 864.19 frame8 96: no C-plane config cached
[0m[93m[HW]     PRACH was not configured for frame.slot 948.19 adjusted 948.19 frame8 180: no C-plane config cached
[0m[93m[HW]     PRACH was not configured for frame.slot 50.19 adjusted 50.19 frame8 50: no C-plane config cached
[0m[93m[HW]     PRACH was not configured for frame.slot 133.19 adjusted 133.19 frame8 133: no C-plane config cached
[0m[93m[HW]     PRACH was not configured for frame.slot 217.19 adjusted 217.19 frame8 217: no C-plane config cached
[0m[93m[HW]     PRACH was not configured for frame.slot 343.19 adjusted 343.19 frame8 87: no C-plane config cached
[0m[93m[HW]     PRACH was not configured for frame.slot 426.19 adjusted 426.19 frame8 170: no C-plane config cached
[0m[93m[HW]     PRACH was not configured for frame.slot 510.19 adjusted 510.19 frame8 254: no C-plane config cached
[0m[93m[HW]     PRACH was not configured for frame.slot 636.19 adjusted 636.19 frame8 124: no C-plane config cached
[0m[93m[HW]     PRACH was not configured for frame.slot 719.19 adjusted 719.19 frame8 207: no C-plane config cached
[0m[93m[HW]     PRACH was not configured for frame.slot 846.19 adjusted 846.19 frame8 78: no C-plane config cached
[0m[93m[HW]     [ORU] Drop invalid U-plane packet: port=0 frame=17 subframe=3 slot=38 slot_in_frame=44 symbol=37 ant=0 start_prb=0 num_prb=0 nDLRBs=24 neAxc=1
[0m[93m[HW]     PRACH was not configured for frame.slot 929.19 adjusted 929.19 frame8 161: no C-plane config cached
[0m[93m[HW]     PRACH was not configured for frame.slot 1012.19 adjusted 1012.19 frame8 244: no C-plane config cached
[0m[93m[HW]     Packets early: 1
[0m[93m[HW]     Packets malformed (packet couldn't be processed): 1
[0m[93m[HW]     PRACH was not configured for frame.slot 115.19 adjusted 115.19 frame8 115: no C-plane config cached
[0m[93m[HW]     [ORU] Drop invalid U-plane packet: port=0 frame=17 subframe=3 slot=38 slot_in_frame=44 symbol=37 ant=0 start_prb=0 num_prb=0 nDLRBs=24 neAxc=1
[0m[93m[HW]     PRACH was not configured for frame.slot 198.19 adjusted 198.19 frame8 198: no C-plane config cached
[0m[93m[HW]     Packets early: 1
[0m[93m[HW]     Packets malformed (packet couldn't be processed): 1
[0m[93m[HW]     PRACH was not configured for frame.slot 324.19 adjusted 324.19 frame8 68: no C-plane config cached
[0m[93m[HW]     PRACH was not configured for frame.slot 408.19 adjusted 408.19 frame8 152: no C-plane config cached
[0m[93m[HW]     PRACH was not configured for frame.slot 491.19 adjusted 491.19 frame8 235: no C-plane config cached
[0m[93m[HW]     PRACH was not configured for frame.slot 617.19 adjusted 617.19 frame8 105: no C-plane config cached
[0m[93m[HW]     [ORU] Drop invalid U-plane packet: port=0 frame=17 subframe=3 slot=38 slot_in_frame=44 symbol=37 ant=0 start_prb=0 num_prb=0 nDLRBs=24 neAxc=1
[0m[93m[HW]     PRACH was not configured for frame.slot 701.19 adjusted 701.19 frame8 189: no C-plane config cached
[0m[93m[HW]     Packets early: 1
[0m[93m[HW]     Packets malformed (packet couldn't be processed): 1
[0m[93m[HW]     PRACH was not configured for frame.slot 827.19 adjusted 827.19 frame8 59: no C-plane config cached
[0m[93m[HW]     PRACH was not configured for frame.slot 910.19 adjusted 910.19 frame8 142: no C-plane config cached
[0m[93m[HW]     PRACH was not configured for frame.slot 994.19 adjusted 994.19 frame8 226: no C-plane config cached
[0m[93m[HW]     PRACH was not configured for frame.slot 96.19 adjusted 96.19 frame8 96: no C-plane config cached
[0m[93m[HW]     PRACH was not configured for frame.slot 179.19 adjusted 179.19 frame8 179: no C-plane config cached
[0m[93m[HW]     PRACH was not configured for frame.slot 306.19 adjusted 306.19 frame8 50: no C-plane config cached
[0m[93m[HW]     PRACH was not configured for frame.slot 389.19 adjusted 389.19 frame8 133: no C-plane config cached
[0m[93m[HW]     [ORU] Drop invalid U-plane packet: port=0 frame=17 subframe=3 slot=38 slot_in_frame=44 symbol=37 ant=0 start_prb=0 num_prb=0 nDLRBs=24 neAxc=1
[0m[93m[HW]     PRACH was not configured for frame.slot 472.19 adjusted 472.19 frame8 216: no C-plane config cached
[0m[93m[HW]     Packets early: 1
[0m[93m[HW]     Packets malformed (packet couldn't be processed): 1
[0m[93m[HW]     PRACH was not configured for frame.slot 599.19 adjusted 599.19 frame8 87: no C-plane config cached
[0m[93m[HW]     PRACH was not configured for frame.slot 682.19 adjusted 682.19 frame8 170: no C-plane config cached
[0m[93m[HW]     PRACH was not configured for frame.slot 765.19 adjusted 765.19 frame8 253: no C-plane config cached
[0m[93m[HW]     PRACH was not configured for frame.slot 892.19 adjusted 892.19 frame8 124: no C-plane config cached
[0m[93m[HW]     PRACH was not configured for frame.slot 975.19 adjusted 975.19 frame8 207: no C-plane config cached
[0m[93m[HW]     PRACH was not configured for frame.slot 77.19 adjusted 77.19 frame8 77: no C-plane config cached
[0m[93m[HW]     PRACH was not configured for frame.slot 161.19 adjusted 161.19 frame8 161: no C-plane config cached
[0m[93m[HW]     PRACH was not configured for frame.slot 244.19 adjusted 244.19 frame8 244: no C-plane config cached
[0m[93m[HW]     PRACH was not configured for frame.slot 370.19 adjusted 370.19 frame8 114: no C-plane config cached
[0m[93m[HW]     PRACH was not configured for frame.slot 454.19 adjusted 454.19 frame8 198: no C-plane config cached
[0m[93m[HW]     PRACH was not configured for frame.slot 580.19 adjusted 580.19 frame8 68: no C-plane config cached
[0m[93m[HW]     PRACH was not configured for frame.slot 663.19 adjusted 663.19 frame8 151: no C-plane config cached
[0m[93m[HW]     PRACH was not configured for frame.slot 747.19 adjusted 747.19 frame8 235: no C-plane config cached
[0m[93m[HW]     PRACH was not configured for frame.slot 873.19 adjusted 873.19 frame8 105: no C-plane config cached
[0m[93m[HW]     PRACH was not configured for frame.slot 956.19 adjusted 956.19 frame8 188: no C-plane config cached
[0m[93m[HW]     PRACH was not configured for frame.slot 59.19 adjusted 59.19 frame8 59: no C-plane config cached
[0m[93m[HW]     [ORU] Drop invalid U-plane packet: port=0 frame=17 subframe=3 slot=38 slot_in_frame=44 symbol=37 ant=0 start_prb=0 num_prb=0 nDLRBs=24 neAxc=1
[0m[93m[HW]     PRACH was not configured for frame.slot 142.19 adjusted 142.19 frame8 142: no C-plane config cached
[0m[93m[HW]     PRACH was not configured for frame.slot 225.19 adjusted 225.19 frame8 225: no C-plane config cached
[0m