Logging terminal output to /home/jesse/oran_lab/logs/run_ue/run_ue_20260530_112822_pid306058.log
UE cores: 20,21,22,23
UE sample advance: 0
VRTSIM shared memory is ready; starting UE without waiting for non-zero DL samples.
CMDLINE: "./nr-uesoftmodem" "-O" "/home/jesse/oran_lab/ue_test.conf" "-C" "4049760000" "-r" "24" "--numerology" "1" "--band" "77" "--ssb" "24" "-A" "0" "--device.name" "vrtsim" "--vrtsim.role" "client" "--ue-nb-ant-tx" "1" "--ue-nb-ant-rx" "1" 
[UTIL]   running in SA mode (no --phy-test, --do-ra, --nsa option present)
[0m[UTIL]   threadCreate() for Tpool0_-1: creating thread with affinity ffffffff, priority 97
[0m[UTIL]   threadCreate() for Tpool1_-1: creating thread with affinity ffffffff, priority 97
[0m[UTIL]   threadCreate() for Tpool2_-1: creating thread with affinity ffffffff, priority 97
[0m[UTIL]   threadCreate() for Tpool3_-1: creating thread with affinity ffffffff, priority 97
[0m[UTIL]   threadCreate() for Tpool4_-1: creating thread with affinity ffffffff, priority 97
[0m[UTIL]   threadCreate() for Tpool5_-1: creating thread with affinity ffffffff, priority 97
[0m[UTIL]   threadCreate() for Tpool6_-1: creating thread with affinity ffffffff, priority 97
[0m[UTIL]   threadCreate() for Tpool7_-1: creating thread with affinity ffffffff, priority 97
[0m[UTIL]   threadCreate() for Tpool8_-1: creating thread with affinity ffffffff, priority 97
[0m[UTIL]   threadCreate() for Tpool9_-1: creating thread with affinity ffffffff, priority 97
[0m[UTIL]   threadCreate() for Tpool10_-1: creating thread with affinity ffffffff, priority 97
[0m[UTIL]   threadCreate() for Tpool11_-1: creating thread with affinity ffffffff, priority 97
[0m[OPT]    OPT disabled
[0m[HW]     Version: Branch: compression-plus-timing-fix Abrev. Hash: 3b10464162 Date: Tue May 26 09:32:18 2026 -0700
[0m[NR_RRC] create TASK_RRC_NRUE 
[0m[UTIL]   threadCreate() for TASK_RRC_NRUE: creating thread with affinity ffffffff, priority 50
[0m[UTIL]   threadCreate() for TASK_NAS_NRUE: creating thread with affinity ffffffff, priority 50
[0m[SIM]    UICC simulation: IMSI=2089900007487, IMEISV=6754567890123413, Ki=fec86ba6eb707ed08905757b1bb44b8f, OPc=C42449363BBAD02B66D16BC975D77CC1
[0m[SIM]    overriding potential uicc0.dnn/nssai_sst/nssai_sd from uicc0.pdu_sessions
[0m[SIM]    will request PDU session ID 1, type 1, DNN oai, NSSAI 1.ffffff
[0m[NR_MAC] [UE0] Initializing MAC
[0m[NR_MAC] Initializing dl and ul config_request. num_slots = 20
[0m[RLC]    Activated srb0 for UE 0
[0m[UTIL]   threadCreate() for time source realtime: creating thread with affinity ffffffff, priority 2
[0m[UTIL]   time manager configuration: [time source: reatime] [mode: standalone] [server IP: 127.0.0.1} [server port: 7374] (server IP/port not used)
[0m[PHY]    Set UE nb_rx_antenna 1, nb_tx_antenna 1, threequarter_fs 0, ofdm_offset_divisor 8
[0m[PHY]    SA init parameters. DL freq 4049760000 UL offset 0 SSB numerology 1 N_RB_DL 24
[0m[PHY]    Init: N_RB_DL 24, first_carrier_offset 368, nb_prefix_samples 36,nb_prefix_samples0 44, ofdm_symbol_size 512
[0m[93m[PHY]    samples_per_subframe 15360/per second 15360000, wCP 14336
[0m[PHY]    Set UE_fo_compensation 0, UE_scan_carrier 0, UE_no_timing_correction 0 
, chest-freq 0, chest-time 0
[0m[UTIL]   threadCreate() for SYNC__actor: creating thread with affinity ffffffff, priority 97
[0m[UTIL]   threadCreate() for DL__actor: creating thread with affinity ffffffff, priority 97
[0m[UTIL]   threadCreate() for DL__actor: creating thread with affinity ffffffff, priority 97
[0m[UTIL]   threadCreate() for DL__actor: creating thread with affinity ffffffff, priority 97
[0m[UTIL]   threadCreate() for DL__actor: creating thread with affinity ffffffff, priority 97
[0m[UTIL]   threadCreate() for UL__actor: creating thread with affinity ffffffff, priority 97
[0m[UTIL]   threadCreate() for UL__actor: creating thread with affinity ffffffff, priority 97
[0m[PHY]    Initializing UE vars for gNB TXant 1, UE RXant 1
[0m[PHY]    prs_config configuration NOT found..!! Skipped configuring UE for the PRS reception
[0m[PHY]    HW: Configuring ru_id 0, sample_rate 15360000.000000, tx/rx num_channels 1/1, duplex_mode TDD
[0m[PHY]    HW: Configuring channel 0 (rf_chain 0): setting tx_freq 4049760000 Hz, rx_freq 4049760000 Hz, tune_offset 0
[0m[PHY]    HW: Configuring channel 0 (rf_chain 0): setting tx_gain 0, rx_gain 110
[0m[UTIL]   threadCreate() for ru_start_thread: creating thread with affinity ffffffff, priority 97
[0m[HW]     VRTSIM: TX sample advance 4096 samples
[0m[HW]     Running as client: will connect to a vrtsim server
[0m[HW]     [RAU] has loaded RFSIMULATOR device.
[0m[HW]     VRTSIM: UE 0/1 - 1x1 antennas, UL offset=0, DL offset=0
[0m[HW]     VRTSIM: client RX aligned to frame boundary current_sample=102538396 aligned_sample=102604800 samples_per_frame=153600
[0m[PHY]    Intializing UE Threads for instance 0 ...
[0m[UTIL]   threadCreate() for UEthread_0: creating thread with affinity ffffffff, priority 97
[0m[UTIL]   threadCreate() for L1_UE_stats_0: creating thread with affinity ffffffff, priority 1
[0m[93m[PHY]    SSB position provided
[0m[93m[NR_PHY] Starting sync detection
[0m[PHY]    [UE thread Synch] Running Initial Synch 
[0m[NR_PHY] Starting cell search with center freq: 4049760000, bandwidth: 24. Scanning for 1 number of GSCN.
[0m[NR_PHY] Scanning GSCN: 0, with SSB offset: 24, SSB Freq: 0.000000
[0m[32m[PHY]    Initial sync: pbch decoded sucessfully, ssb index 0
[0m[PHY]    pbch rx ok. rsrp:74 dB/RE, adjust_rxgain:-24 dB
[0m[NR_PHY] Cell Detected with GSCN: 0, SSB SC offset: 24, SSB Ref: 0.000000, PSS Corr peak: 117 dB, PSS Corr Average: 80
[0m[PHY]    [UE0] In synch, rx_offset 66152 samples
[0m[PHY]    [UE 0] Measured Carrier Frequency offset -7 Hz
[0m[32m[PHY]    Initial sync successful, PCI: 0
[0m[PHY]    HW: Configuring channel 0 (rf_chain 0): setting tx_freq 4049759993 Hz, rx_freq 4049759993 Hz, tune_offset 0
[0m[PHY]    Got synch: hw_slot_offset 17, carrier off -7 Hz
[0m[NR_RRC] [UE 0] BCCH update: phyCellID 0->0, arfcn_ssb 0->669984
[0m[32m[PHY]    UE synchronized! decoded_frame_rx=242 UE->init_sync_frame=1 trashed_frames=2
[0m[PHY]    Resynchronizing RX by 66152 samples
[0m[HW]     received write reorder clear context
[0m[PHY]    max_pos_acc = 0, shiftForNextFrame = 0
[0m[32m[NR_RRC] SIB1 decoded
[0m[NR_MAC] [UE 0] Initial cell selection: dl_frequency=4045440 kHz (from command-line, band=77, scs=1)
[0m[NR_MAC] Initial cell selection: uplink_frequency=4045440 kHz (from dl_frequency=4045440 kHz)
[0m[NR_MAC] TDD period index = 5, based on the sum of dl_UL_TransmissionPeriodicity from Pattern1 (2.500000 ms) and Pattern2 (0.000000 ms): Total = 2.500000 ms
[0m[NR_MAC] Set TDD configuration period to: 2 DL slots, 4 UL slots, 5 slots per period (NR_TDD_UL_DL_Pattern is 1 DL slots, 3 UL slots, 6 DL symbols, 4 UL symbols)
[0m[NR_MAC] Configured 1 TDD patterns (total slots: pattern1 = 5, pattern2 = 0)
[0m[PHY]    N_TA_offset changed from 0 to 200
[0m[MAC]    Initialization of 4-Step CBRA procedure
[0m[NR_MAC] PRACH scheduler: Selected RO Frame 246, Slot 19, Symbol 0, Fdm 0
[0m[PHY]    PRACH [UE 0] in frame.slot 246.19, placing PRACH in position 740, Msg1/MsgA-Preamble frequency start 0 (k1 0), preamble_offset 60, first_nonzero_root_idx 0, preambleIndex = 60
[0m[PHY]    [UE 0] RAR-Msg2 decoded
[0m[NR_MAC] [UE 0][RAPROC][RA-RNTI 010b] Got BI RAR subPDU 5 ms
[0m[NR_MAC] [UE 0][RAPROC][RA-RNTI 010b] Got RAPID RAR subPDU
[0m[32m[NR_MAC] [UE 0][RAPROC][247.10] Found RAR with the intended RAPID 60
[0m[93m[MAC]    received TA command 31
[0m[32m[NR_MAC] [RAPROC][247.18] RA-Msg3 transmitted
[0m[32m[NR_MAC] [UE 0][248.10][RAPROC] 4-Step RA procedure succeeded. CBRA: Contention Resolution is successful.
[0m[NR_RRC] [UE0][RAPROC] Logical Channel DL-CCCH (SRB0), Received NR_RRCSetup
[0m[RLC]    Added srb 1 to UE 0
[0m[NR_RRC] State = NR_RRC_CONNECTED
[0m[NAS]    Generate Initial NAS Message: Registration Request
[0m[NR_RRC] [UE 0][RAPROC] Logical Channel UL-DCCH (SRB1), Generating RRCSetupComplete (bytes32)
[0m[NAS]    [UE 0] Received NR_NAS_CONN_ESTABLISH_IND: asCause 0
[0m[MAC]    [UE 0] Applying CellGroupConfig from gNodeB
[0m[NAS]    [UE 0] Received NAS_DOWNLINK_DATA_IND type FGS_AUTHENTICATION_REQUEST with length 42
[0m[NAS]    [UE 0] Received NAS_DOWNLINK_DATA_IND type FGS_SECURITY_MODE_COMMAND with length 21
[0m[NAS]    Generate Initial NAS Message: Registration Request
[0m[NR_MAC] UE 0 RNTI 9e1c stats sfn: 256.2, cumulated bad DCI 0
    DL harq: 5/0
    UL harq: 9/0 avg code rate 0.1, avg bit/symbol 2.0, avg per TB: (nb RBs 16.0, nb symbols 11.9)
[0m[NR_RRC] Received securityModeCommand (gNB 0)
[0m[NR_RRC] Receiving from SRB1 (DL-DCCH), Processing securityModeCommand
[0m[NR_RRC] Security algorithm is set to nea0
[0m[NR_RRC] Integrity protection algorithm is set to nia2
[0m[NR_RRC] Receiving from SRB1 (DL-DCCH), encoding securityModeComplete, rrc_TransactionIdentifier: 0
[0m[NR_RRC] Received Capability Enquiry (gNB 0)
[0m[NR_RRC] Receiving from SRB1 (DL-DCCH), Processing UECapabilityEnquiry
[0m[CONFIG] function config_libconfig_init returned 0
Initializing random number generator, seed 14266052043620993320
Waiting for server to create shared memory segment
UE threads created by 306066
TYPE <CTRL-C> TO TERMINATE
kausf:29 ac ec 7d 40 aa 94 6d 54 6a 9e b5 c 80 3c 5b b6 d9 3 94 f9 e4 10 6a ca b5 a6 16 a4 78 35 48 
kseaf:91 cd 2 70 c0 b0 d 7f 40 a9 5c 6b e 37 ad 6f d6 f9 55 b9 a1 da df da 32 36 a4 83 5b 2e 1f 1c 
kamf:e6 3b 81 e 32 ae d7 79 11 d4 78 61 cf d5 f 9e ec 1f d6 c1 f0 16 68 d6 d0 1d 81 2b 59 18 d5 5c 
knas_int: 73 4e 80 49 bc a1 4a 60 4e e0 d8 b 5a 16 85 38 
knas_enc: ad 6b be d 4c 74 1d aa d8 0 69 d4 81 74 6b 5c 
mac ea 4e e4 a6 
[NR_RRC] deriving kRRCenc, kRRCint from KgNB=3f 0a 23 fa a0 21 45 b1 d6 50 70 ac 8b 6d 29 0b e4 ab ef 6f eb e5 19 3a d4 15 75 6c 44 3f 96 e9 [0m
[NR_RRC] securityModeComplete payload: 28 00 00 00 00 00 00 00 60 12 00 8c 3e 7a 00 00 [0m
<UE-NR-Capability>
    <accessStratumRelease><rel15/></accessStratumRelease>
    <pdcp-Parameters>
        <supportedROHC-Profiles>
            <profile0x0000><false/></profile0x0000>
            <profile0x0001><false/></profile0x0001>
            <profile0x0002><false/></profile0x0002>
            <profile0x0003><false/></profile0x0003>
            <profile0x0004><false/></profile0x0004>
            <profile0x0006><false/></profile0x0006>
            <profile0x0101><false/></profile0x0101>
            <profile0x0102><false/></profile0x0102>
            <profile0x0103><false/></profile0x0103>
            <profile0x0104><false/></profile0x0104>
        </supportedROHC-Profiles>
        <maxNumberROHC-ContextSessions><cs2/></maxNumberROHC-ContextSessions>
    </pdcp-Parameters>
    <phy-Parameters>
    </phy-Parameters>
    <rf-Parameters>
        <supportedBandListNR>
            <BandNR>
                <bandNR>1</bandNR>
            </BandNR>
        </supportedBandListNR>
    </rf-Parameters>
</UE-NR-Capability>
[PHY]    [RRC]UE NR Capability encoded, 10 bytes (86 bits)
[0m[NR_RRC] UECapabilityInformation Encoded 106 bits (14 bytes)
[0m[NAS]    [UE 0] Received NAS_DOWNLINK_DATA_IND type FGS_REGISTRATION_ACCEPT with length 53
[0m[NAS]    Received Registration Accept with result 3GPP
[0m[NAS]    SMS not allowed in 5GS Registration Result
[0m[NR_RRC] 5G-GUTI: AMF pointer 1, AMF Set ID 1, 5G-TMSI 1668766276 
[0m[NAS]    Send NAS_UPLINK_DATA_REQ message(RegistrationComplete)
[0m[NAS]    requested PDU session ID 1 type 1 NSSAI 1.16777215 DNN oai
[0m[NAS]    Send NAS_UPLINK_DATA_REQ message(PduSessionEstablishRequest)
[0m[RLC]    Added srb 2 to UE 0
[0m[RLC]    Added drb 1 to UE 0
[0m[RLC]    Added DRB to UE 0
[0m[NR_RRC] RRCReconfiguration includes radio Bearer Configuration
[0m[MAC]    [UE 0] Applying CellGroupConfig from gNodeB
[0m[SDAP]   Default DRB for the created SDAP entity: DRB 1 
[0m[PDCP]   Added DRB 1 to UE ID 0
[0m[NR_RRC] State = NR_RRC_CONNECTED
[0m[NR_RRC] RRCReconfiguration includes Measurement Configuration
[0m[93m[NR_RRC] Measurement gaps not yet supported!
[0m[NR_RRC] rrcReconfigurationComplete Encoded 10 bits (2 bytes)
[0m[NR_RRC]  Logical Channel UL-DCCH (SRB1), Generating RRCReconfigurationComplete (bytes 2)
[0m[NAS]    [UE 0] Received NAS_CONN_ESTABLI_CNF: errCode 1, length 98
[0m[NAS]    Received PDU Session Establishment Accept, UE IPv4: 10.0.0.32
[0m[32m[OIP]    TUN Interface oaitun_ue1 successfully configured, IPv4 10.0.0.32, IPv6 (null)
[0m[93m[NR_RRC] (active_cell_rsrp) -122 + (rsrp_hysteresis) 0 < (rsrp_threshold) -97
[0m[UTIL]   threadCreate() for ue_tun_read_0_p1: creating thread with affinity ffffffff, priority 1
[0m[NR_RRC] MeasurementReport Encoded 53 bits (7 bytes)
[0m[NR_RRC] MeasurementReport Encoded 53 bits (7 bytes)
[0m[NR_RRC] MeasurementReport Encoded 53 bits (7 bytes)
[0m[NR_MAC] UE 0 RNTI 9e1c stats sfn: 384.2, cumulated bad DCI 0
    DL harq: 24/0
    UL harq: 40/0 avg code rate 0.1, avg bit/symbol 2.0, avg per TB: (nb RBs 16.0, nb symbols 12.8)
[0m[NR_RRC] MeasurementReport Encoded 53 bits (7 bytes)
[0m[NR_MAC] UE 0 RNTI 9e1c stats sfn: 512.2, cumulated bad DCI 0
    DL harq: 26/0
    UL harq: 55/0 avg code rate 0.1, avg bit/symbol 2.0, avg per TB: (nb RBs 16.0, nb symbols 12.8)
[0m[NR_MAC] UE 0 RNTI 9e1c stats sfn: 640.2, cumulated bad DCI 0
    DL harq: 27/0
    UL harq: 68/0 avg code rate 0.1, avg bit/symbol 2.0, avg per TB: (nb RBs 16.0, nb symbols 12.9)
[0m[NR_MAC] UE 0 RNTI 9e1c stats sfn: 768.2, cumulated bad DCI 0
    DL harq: 30/0
    UL harq: 83/0 avg code rate 0.1, avg bit/symbol 2.0, avg per TB: (nb RBs 16.0, nb symbols 12.9)
[0m[NR_MAC] UE 0 RNTI 9e1c stats sfn: 896.2, cumulated bad DCI 0
    DL harq: 31/0
    UL harq: 96/0 avg code rate 0.1, avg bit/symbol 2.0, avg per TB: (nb RBs 16.0, nb symbols 12.9)
[0m[NR_MAC] UE 0 RNTI 9e1c stats sfn: 0.2, cumulated bad DCI 0
    DL harq: 32/0
    UL harq: 109/0 avg code rate 0.1, avg bit/symbol 2.0, avg per TB: (nb RBs 16.0, nb symbols 12.9)
[0m[NR_MAC] UE 0 RNTI 9e1c stats sfn: 128.2, cumulated bad DCI 0
    DL harq: 65/0
    UL harq: 591/0 avg code rate 0.4, avg bit/symbol 2.5, avg per TB: (nb RBs 16.8, nb symbols 13.0)
[0m[NR_MAC] UE 0 RNTI 9e1c stats sfn: 256.2, cumulated bad DCI 0
    DL harq: 82/0
    UL harq: 1103/0 avg code rate 0.6, avg bit/symbol 4.3, avg per TB: (nb RBs 16.9, nb symbols 13.0)
[0m[NR_MAC] UE 0 RNTI 9e1c stats sfn: 384.2, cumulated bad DCI 0
    DL harq: 102/0
    UL harq: 1615/0 avg code rate 0.8, avg bit/symbol 5.1, avg per TB: (nb RBs 16.9, nb symbols 13.0)
[0m[1;31m[RLC]    1 SDU rejected, SDU buffer full
[0m[NR_MAC] UE 0 RNTI 9e1c stats sfn: 512.2, cumulated bad DCI 0
    DL harq: 124/0
    UL harq: 2127/0 avg code rate 0.8, avg bit/symbol 5.4, avg per TB: (nb RBs 16.9, nb symbols 13.0)
[0m[1;31m[RLC]    8209 SDU rejected, SDU buffer full
[0m[1;31m[RLC]    8213 SDU rejected, SDU buffer full
[0m[NR_MAC] UE 0 RNTI 9e1c stats sfn: 640.2, cumulated bad DCI 0
    DL harq: 146/0
    UL harq: 2639/0 avg code rate 0.9, avg bit/symbol 5.6, avg per TB: (nb RBs 17.0, nb symbols 13.0)
[0m[1;31m[RLC]    8187 SDU rejected, SDU buffer full
[0m[NR_MAC] UE 0 RNTI 9e1c stats sfn: 768.2, cumulated bad DCI 0
    DL harq: 168/0
    UL harq: 3151/0 avg code rate 0.9, avg bit/symbol 5.6, avg per TB: (nb RBs 17.0, nb symbols 13.0)
[0m[1;31m[RLC]    8213 SDU rejected, SDU buffer full
[0m[NR_MAC] UE 0 RNTI 9e1c stats sfn: 896.2, cumulated bad DCI 0
    DL harq: 189/0
    UL harq: 3663/0 avg code rate 0.9, avg bit/symbol 5.7, avg per TB: (nb RBs 17.0, nb symbols 13.0)
[0m[1;31m[RLC]    8192 SDU rejected, SDU buffer full
[0m[1;31m[RLC]    8214 SDU rejected, SDU buffer full
[0m[NR_MAC] UE 0 RNTI 9e1c stats sfn: 0.2, cumulated bad DCI 0
    DL harq: 212/0
    UL harq: 4175/0 avg code rate 0.9, avg bit/symbol 5.7, avg per TB: (nb RBs 17.0, nb symbols 13.0)
[0m[1;31m[RLC]    8175 SDU rejected, SDU buffer full
[0m[NR_MAC] UE 0 RNTI 9e1c stats sfn: 128.2, cumulated bad DCI 0
    DL harq: 234/0
    UL harq: 4687/0 avg code rate 0.9, avg bit/symbol 5.8, avg per TB: (nb RBs 17.0, nb symbols 13.0)
[0m[1;31m[RLC]    8238 SDU rejected, SDU buffer full
[0m[NR_MAC] UE 0 RNTI 9e1c stats sfn: 256.2, cumulated bad DCI 0
    DL harq: 256/0
    UL harq: 5199/0 avg code rate 0.9, avg bit/symbol 5.8, avg per TB: (nb RBs 17.0, nb symbols 13.0)
[0m[1;31m[RLC]    8213 SDU rejected, SDU buffer full
[0m[NR_MAC] UE 0 RNTI 9e1c stats sfn: 384.2, cumulated bad DCI 0
    DL harq: 278/0
    UL harq: 5711/0 avg code rate 0.9, avg bit/symbol 5.8, avg per TB: (nb RBs 17.0, nb symbols 13.0)
[0m[1;31m[RLC]    8172 SDU rejected, SDU buffer full
[0m[1;31m[RLC]    8222 SDU rejected, SDU buffer full
[0m[NR_MAC] UE 0 RNTI 9e1c stats sfn: 512.2, cumulated bad DCI 0
    DL harq: 300/0
    UL harq: 6223/0 avg code rate 0.9, avg bit/symbol 5.8, avg per TB: (nb RBs 17.0, nb symbols 13.0)
[0m[1;31m[RLC]    8193 SDU rejected, SDU buffer full
[0m[NR_MAC] UE 0 RNTI 9e1c stats sfn: 640.2, cumulated bad DCI 0
    DL harq: 322/0
    UL harq: 6735/0 avg code rate 0.9, avg bit/symbol 5.9, avg per TB: (nb RBs 17.0, nb symbols 13.0)
[0m[1;31m[RLC]    8213 SDU rejected, SDU buffer full
[0m[NR_MAC] UE 0 RNTI 9e1c stats sfn: 768.2, cumulated bad DCI 0
    DL harq: 344/0
    UL harq: 7247/0 avg code rate 0.9, avg bit/symbol 5.9, avg per TB: (nb RBs 17.0, nb symbols 13.0)
[0m[1;31m[RLC]    8213 SDU rejected, SDU buffer full
[0m[1;31m[RLC]    8214 SDU rejected, SDU buffer full
[0m[NR_MAC] UE 0 RNTI 9e1c stats sfn: 896.2, cumulated bad DCI 0
    DL harq: 366/0
    UL harq: 7759/0 avg code rate 0.9, avg bit/symbol 5.9, avg per TB: (nb RBs 17.0, nb symbols 13.0)
[0m[1;31m[RLC]    7730 SDU rejected, SDU buffer full
[0m[NR_MAC] UE 0 RNTI 9e1c stats sfn: 0.2, cumulated bad DCI 0
    DL harq: 389/0
    UL harq: 8271/0 avg code rate 0.9, avg bit/symbol 5.9, avg per TB: (nb RBs 17.0, nb symbols 13.0)
[0m[NR_MAC] UE 0 RNTI 9e1c stats sfn: 128.2, cumulated bad DCI 0
    DL harq: 411/0
    UL harq: 8783/0 avg code rate 0.9, avg bit/symbol 5.9, avg per TB: (nb RBs 17.0, nb symbols 13.0)
[0m[NR_MAC] UE 0 RNTI 9e1c stats sfn: 256.2, cumulated bad DCI 0
    DL harq: 432/0
    UL harq: 9295/0 avg code rate 0.9, avg bit/symbol 5.9, avg per TB: (nb RBs 17.0, nb symbols 13.0)
[0m[NR_MAC] UE 0 RNTI 9e1c stats sfn: 384.2, cumulated bad DCI 0
    DL harq: 455/0
    UL harq: 9807/0 avg code rate 0.9, avg bit/symbol 5.9, avg per TB: (nb RBs 17.0, nb symbols 13.0)
[0m[NR_MAC] UE 0 RNTI 9e1c stats sfn: 512.2, cumulated bad DCI 0
    DL harq: 477/0
    UL harq: 10319/0 avg code rate 0.9, avg bit/symbol 5.9, avg per TB: (nb RBs 17.0, nb symbols 13.0)
[0m[NR_MAC] UE 0 RNTI 9e1c stats sfn: 640.2, cumulated bad DCI 0
    DL harq: 498/0
    UL harq: 10831/0 avg code rate 0.9, avg bit/symbol 5.9, avg per TB: (nb RBs 17.0, nb symbols 13.0)
[0m[NR_MAC] UE 0 RNTI 9e1c stats sfn: 768.2, cumulated bad DCI 0
    DL harq: 521/0
    UL harq: 11343/0 avg code rate 0.9, avg bit/symbol 5.9, avg per TB: (nb RBs 17.0, nb symbols 13.0)
[0m[NR_MAC] UE 0 RNTI 9e1c stats sfn: 896.2, cumulated bad DCI 0
    DL harq: 543/0
    UL harq: 11855/0 avg code rate 0.9, avg bit/symbol 5.9, avg per TB: (nb RBs 17.0, nb symbols 13.0)
[0m[NR_MAC] UE 0 RNTI 9e1c stats sfn: 0.2, cumulated bad DCI 0
    DL harq: 565/0
    UL harq: 12367/0 avg code rate 0.9, avg bit/symbol 5.9, avg per TB: (nb RBs 17.0, nb symbols 13.0)
[0m[NR_MAC] UE 0 RNTI 9e1c stats sfn: 128.2, cumulated bad DCI 0
    DL harq: 587/0
    UL harq: 12879/0 avg code rate 0.9, avg bit/symbol 5.9, avg per TB: (nb RBs 17.0, nb symbols 13.0)
[0m[NR_MAC] UE 0 RNTI 9e1c stats sfn: 256.2, cumulated bad DCI 0
    DL harq: 610/0
    UL harq: 13391/0 avg code rate 0.9, avg bit/symbol 5.9, avg per TB: (nb RBs 17.0, nb symbols 13.0)
[0m[NR_MAC] UE 0 RNTI 9e1c stats sfn: 384.2, cumulated bad DCI 0
    DL harq: 632/0
    UL harq: 13903/0 avg code rate 0.9, avg bit/symbol 5.9, avg per TB: (nb RBs 17.0, nb symbols 13.0)
[0m[NR_MAC] UE 0 RNTI 9e1c stats sfn: 512.2, cumulated bad DCI 0
    DL harq: 654/0
    UL harq: 14415/0 avg code rate 0.9, avg bit/symbol 5.9, avg per TB: (nb RBs 17.0, nb symbols 13.0)
[0m[NR_MAC] UE 0 RNTI 9e1c stats sfn: 640.2, cumulated bad DCI 0
    DL harq: 676/0
    UL harq: 14927/0 avg code rate 0.9, avg bit/symbol 5.9, avg per TB: (nb RBs 17.0, nb symbols 13.0)
[0m[NR_MAC] UE 0 RNTI 9e1c stats sfn: 768.2, cumulated bad DCI 0
    DL harq: 699/0
    UL harq: 15439/0 avg code rate 0.9, avg bit/symbol 5.9, avg per TB: (nb RBs 17.0, nb symbols 13.0)
[0m[NR_MAC] UE 0 RNTI 9e1c stats sfn: 896.2, cumulated bad DCI 0
    DL harq: 719/0
    UL harq: 15951/0 avg code rate 0.9, avg bit/symbol 5.9, avg per TB: (nb RBs 17.0, nb symbols 13.0)
[0m[NR_MAC] UE 0 RNTI 9e1c stats sfn: 0.2, cumulated bad DCI 0
    DL harq: 741/0
    UL harq: 16463/0 avg code rate 0.9, avg bit/symbol 5.9, avg per TB: (nb RBs 17.0, nb symbols 13.0)
[0m[NR_MAC] UE 0 RNTI 9e1c stats sfn: 128.2, cumulated bad DCI 0
    DL harq: 764/0
    UL harq: 16975/0 avg code rate 0.9, avg bit/symbol 5.9, avg per TB: (nb RBs 17.0, nb symbols 13.0)
[0m[NR_MAC] UE 0 RNTI 9e1c stats sfn: 256.2, cumulated bad DCI 0
    DL harq: 786/0
    UL harq: 17487/0 avg code rate 0.9, avg bit/symbol 5.9, avg per TB: (nb RBs 17.0, nb symbols 13.0)
[0m[NR_MAC] UE 0 RNTI 9e1c stats sfn: 384.2, cumulated bad DCI 0
    DL harq: 808/0
    UL harq: 17999/0 avg code rate 0.9, avg bit/symbol 6.0, avg per TB: (nb RBs 17.0, nb symbols 13.0)
[0m[NR_MAC] UE 0 RNTI 9e1c stats sfn: 512.2, cumulated bad DCI 0
    DL harq: 830/0
    UL harq: 18511/0 avg code rate 0.9, avg bit/symbol 6.0, avg per TB: (nb RBs 17.0, nb symbols 13.0)
[0m[NR_MAC] UE 0 RNTI 9e1c stats sfn: 640.2, cumulated bad DCI 0
    DL harq: 852/0
    UL harq: 19023/0 avg code rate 0.9, avg bit/symbol 6.0, avg per TB: (nb RBs 17.0, nb symbols 13.0)
[0m[NR_MAC] UE 0 RNTI 9e1c stats sfn: 768.2, cumulated bad DCI 0
    DL harq: 875/0
    UL harq: 19535/0 avg code rate 0.9, avg bit/symbol 6.0, avg per TB: (nb RBs 17.0, nb symbols 13.0)
[0m[NR_MAC] UE 0 RNTI 9e1c stats sfn: 896.2, cumulated bad DCI 0
    DL harq: 896/0
    UL harq: 20047/0 avg code rate 0.9, avg bit/symbol 6.0, avg per TB: (nb RBs 17.0, nb symbols 13.0)
[0m[NR_MAC] UE 0 RNTI 9e1c stats sfn: 0.2, cumulated bad DCI 0
    DL harq: 918/0
    UL harq: 20559/0 avg code rate 0.9, avg bit/symbol 6.0, avg per TB: (nb RBs 17.0, nb symbols 13.0)
[0m[NR_MAC] UE 0 RNTI 9e1c stats sfn: 128.2, cumulated bad DCI 0
    DL harq: 941/0
    UL harq: 21071/0 avg code rate 0.9, avg bit/symbol 6.0, avg per TB: (nb RBs 17.0, nb symbols 13.0)
[0m[NR_MAC] UE 0 RNTI 9e1c stats sfn: 256.2, cumulated bad DCI 0
    DL harq: 963/0
    UL harq: 21583/0 avg code rate 0.9, avg bit/symbol 6.0, avg per TB: (nb RBs 17.0, nb symbols 13.0)
[0m[NR_MAC] UE 0 RNTI 9e1c stats sfn: 384.2, cumulated bad DCI 0
    DL harq: 985/0
    UL harq: 22095/0 avg code rate 0.9, avg bit/symbol 6.0, avg per TB: (nb RBs 17.0, nb symbols 13.0)
[0m[NR_MAC] UE 0 RNTI 9e1c stats sfn: 512.2, cumulated bad DCI 0
    DL harq: 1007/0
    UL harq: 22607/0 avg code rate 0.9, avg bit/symbol 6.0, avg per TB: (nb RBs 17.0, nb symbols 13.0)
[0m[NR_MAC] UE 0 RNTI 9e1c stats sfn: 640.2, cumulated bad DCI 0
    DL harq: 1029/0
    UL harq: 23119/0 avg code rate 0.9, avg bit/symbol 6.0, avg per TB: (nb RBs 17.0, nb symbols 13.0)
[0m[NR_MAC] UE 0 RNTI 9e1c stats sfn: 768.2, cumulated bad DCI 0
    DL harq: 1051/0
    UL harq: 23631/0 avg code rate 0.9, avg bit/symbol 6.0, avg per TB: (nb RBs 17.0, nb symbols 13.0)
[0m[NR_MAC] UE 0 RNTI 9e1c stats sfn: 896.2, cumulated bad DCI 0
    DL harq: 1110/0
    UL harq: 24143/0 avg code rate 0.9, avg bit/symbol 6.0, avg per TB: (nb RBs 17.0, nb symbols 13.0)
[0m[NR_MAC] UE 0 RNTI 9e1c stats sfn: 0.2, cumulated bad DCI 0
    DL harq: 1174/0
    UL harq: 24655/0 avg code rate 0.9, avg bit/symbol 6.0, avg per TB: (nb RBs 17.0, nb symbols 13.0)
[0m[NR_MAC] UE 0 RNTI 9e1c stats sfn: 128.2, cumulated bad DCI 0
    DL harq: 1206/0
    UL harq: 25167/0 avg code rate 0.9, avg bit/symbol 6.0, avg per TB: (nb RBs 17.0, nb symbols 13.0)
[0m[NR_MAC] UE 0 RNTI 9e1c stats sfn: 256.2, cumulated bad DCI 0
    DL harq: 1242/0
    UL harq: 25679/0 avg code rate 0.9, avg bit/symbol 6.0, avg per TB: (nb RBs 17.0, nb symbols 13.0)
[0m