Logging terminal output to /home/jesse/oran_lab/logs/run_ru/run_ru_20260527_100442_pid3474501.log
RU cores: 10,11,12,13,14,15,16
RU numerology: 1
ORU PRACH frame adjust: 0
AnonHugePages:   6725632 kB
ShmemHugePages:        0 kB
FileHugePages:   3432448 kB
HugePages_Total:    8192
HugePages_Free:        0
HugePages_Rsvd:        0
HugePages_Surp:        0
Hugepagesize:       2048 kB
Hugetlb:        16777216 kB
Using uio_pci_generic; skipping VFIO IOMMU group viability check.
CMDLINE: "./nr-oru" "-O" "/home/jesse/oran_lab/ru_test.conf" "--vrtsim.role" "server" "--numerology" "1" 
[93m[PHY]    ./nr-oru is experimental software and at this point is not an implementation of a 7.2 O-RAN RU
[0mEAL: Detected 32 lcore(s)
EAL: Detected 1 NUMA nodes
EAL: Auto-detected process type: PRIMARY
EAL: Detected shared linkage of DPDK
EAL: Multi-process socket /var/run/dpdk/ru/mp_socket
EAL: Selected IOVA mode 'PA'
EAL: No available hugepages reported in hugepages-1048576kB
EAL: Probing VFIO support...
EAL: VFIO support initialized
EAL: Probe PCI driver: net_i40e_vf (8086:154c) device: 0000:06:02.0 (socket 0)
[CONFIG] function config_libconfig_init returned 0
Reading in command-line options
configuring for RRU
About to Init RU threads
xran_fh_init:
  io_cfg:
    id 1 (O-RU)
    num_vfs 2
    num_rxq 1
    dpdk_dev [0000:06:02.0, 0000:06:02.1, (null), (null), (null), (null), (null), (null), (null), (null), (null), (null), (null), (null), (null), (null)]
    bbdev_dev (null)
    bbdev_mode -1
    dpdkIoVaMode 0
    dpdkMemorySize 8192
    core 11
    system_core 10
    pkt_proc_core 0000000000003000
    pkt_proc_core_64_127 0000000000000000
    pkt_aux_core 0
    timing_core 11
    port (filled within xran library)
    io_sleep 0
    nEthLinePerPort 1
    nEthLineSpeed 10
    one_vf_cu_plane 0
    eowd_cmn[1]:
      initiator_en 0
      numberOfSamples 0
      filterType 0
      responseTo 0
      measVf 0
      measState 0
      measId 0
      measMethod 0
      owdm_enable 0
      owdm_PlLength 0
eowd_port (filled within xran library)
    bbu_offload 0
  eAxCId_conf:
    mask_cuPortId 0xf000
    mask_bandSectorId 0x0f00
    mask_ccId 0x00f0
    mask_ruPortId 0x000f
    bit_cuPortId 0
    bit_bandSectorId 0
    bit_ccId 0
    bit_ruPortId 0
  xran_ports 1
  dpdkBasebandFecMode 0
  dpdkBasebandDevice (null)
  filePrefix ru
  mtu 9600
  p_o_du_addr 
  p_o_du_addr [00:11:22:33:64:68, 00:11:22:33:64:69]
  totalBfWeights 0
  mlogxranenable 0
  dlCpProcBurst 0
'DPDK 20.11.9'
 xran_init: MTU 9600
PF Eth line speed 10G
PF Eth lines per O-xU port 1
RX HW queues per O-xU Eth line 1 
node 0
total cores 32 c_mask 0x00000000000003c00 core 11 [id] system_core 10 [id] pkt_proc_core 0x00000000000003000 [mask] pkt_aux_core 0 [id] timing_core 11 [id]
xran_ethdi_init_dpdk_io: Calling rte_eal_init:ru -c 0x00000000000003c00 -n2 --iova-mode=pa --socket-mem=8192,0 --socket-limit=8192,0 --proc-type=auto --no-telemetry --file-prefix ru -a0000:00:00.0    
xran_init_mbuf_pool: socket 0
initializing port 0 for TX, drv=net_i40e_vf
Port 0 MAC: 00 11 22 33 64 66
Port 0: nb_rxd 4096 nb_txd 4096
[0] mp_rx__p_0_q_0 num blocks 65535
[0] mempool_small__0

Checking link status portid [0]  EAL: Probe PCI driver: net_i40e_vf (8086:154c) device: 0000:06:02.1 (socket 0)
skipped by XRAN_SKIP_LINK_CHECK
initializing port 1 for TX, drv=net_i40e_vf
Port 1 MAC: 00 11 22 33 64 67
Port 1: nb_rxd 4096 nb_txd 4096
[1] mp_rx__p_1_q_0 num blocks 65535
[1] mempool_small__1
Created ring tx_ring_cp_1 on core 11
Created ring rx_ring_cp_1_0 on core 11

Checking link status portid [1]  [93m[HW]     XRAN modifed affinity. Correcting affinity of caller
[0mskipped by XRAN_SKIP_LINK_CHECK
[ 0] vf  0 local  SRC MAC: 00 11 22 33 64 66
[ 0] vf  0 remote DST MAC: 00 11 22 33 64 68
[ 0] vf  1 local  SRC MAC: 00 11 22 33 64 67
[ 0] vf  1 remote DST MAC: 00 11 22 33 64 69
created dl_gen_ring_up_0 on core 11
xran_fh_config:
  dpdk_port 0
  sector_id 0
  nCC 1
  neAxc 1
  neAxcUl 0
  nAntElmTRx 0
  nDLFftSize 9
  nULFftSize 9
  nDLRBs 24
  nULRBs 24
  nDLAbsFrePointA 0
  nULAbsFrePointA 0
  nDLCenterFreqARFCN 0
  nULCenterFreqARFCN 0
  ttiCb (nil)
  ttiCbParam (nil)
  Tadv_cp_dl 0
  T2a_min_cp_dl 0
  T2a_max_cp_dl 0
  T2a_min_cp_ul 0
  T2a_max_cp_ul 0
  T2a_min_up 200
  T2a_max_up 1200
  Ta3_min 200
  Ta3_max 470
  T1a_min_cp_dl 0
  T1a_max_cp_dl 0
  T1a_min_cp_ul 0
  T1a_max_cp_ul 0
  T1a_min_up 0
  T1a_max_up 0
  Ta4_min 0
  Ta4_max 0
  enableCP 1
  prachEnable 1
  srsEnable 0
  puschMaskEnable 0
  puschMaskSlot 0
  cp_vlan_tag 0
  up_vlan_tag 0
  debugStop 0
  debugStopCount 0
  DynamicSectionEna 0
  GPS_Alpha 0
  GPS_Beta -9000
  srsEnableCp 0
  SrsDelaySym 0
  prach_config:
    nPrachConfIdx 159
    nPrachSubcSpacing 1
    nPrachZeroCorrConf 0
    nPrachRestrictSet 0
    nPrachRootSeqIdx 0
    nPrachFreqStart 0
    nPrachFreqOffset -288
    nPrachFilterIdx 0
    startSymId 0
    lastSymId 0
    startPrbc 0
    numPrbc 0
    timeOffset 0
    freqOffset 0
    eAxC_offset 1
    nPrachConfIdxLTE 0
  srs_config:
    symbMask 0000
    eAxC_offset 0
  frame_conf:
    nFrameDuplexType TDD
    nNumerology 1
    nTddPeriod 5
    sSlotConfig[0]: DDDDDDDDDDDDDD
    sSlotConfig[1]: DDDDDDDDDDDDDD
    sSlotConfig[2]: DDDDDDDDDDDDDD
    sSlotConfig[3]: DDDDDDGGGGUUUU
    sSlotConfig[4]: UUUUUUUUUUUUUU
  ru_config:
    xranTech NR
    xranCat A
    xranCompHdrType dynamic
    iqWidth 9
    compMeth 1
    iqWidth_PRACH 9
    compMeth_PRACH 1
    fftSize 10
    byteOrder network/BE
    iqOrder I_Q
    xran_max_frame 0
  bbdev_enc (nil)
  bbdev_dec (nil)
  tx_cp_eAxC2Vf 0x7ffc7230e050
  tx_up_eAxC2Vf 0x7ffc7230ec50
  rx_cp_eAxC2Vf 0x7ffc7230f850
  rx_up_eAxC2Vf 0x7ffc72310450
  log_level 1
  max_sections_per_slot 0
  max_sections_per_symbol 0
  RunSlotPrbMapBySymbolEnable 0
  LiteOnIgnoreUPSectionIdEnable 0
  dssEnable 0
  dssPeriod 0
  technology[XRAN_MAX_DSS_PERIODICITY] (not filled as DSS disabled)
 xran_open: 5G NR Category A
xRAN open PRACH config: Numerology 1 ConfIdx 159, preambleFmrt 10 startsymb 0, numSymbol 12, occassionsInPrachSlot 1
PRACH: x 1 y[0] 0, y[1] 0 prach slot: 9 ..
PRACH start symbol 0 lastsymbol 11
xran_init_vfs_mapping: p 0 vf 0
xran_init_vfs_mapping: p 0 vf 1
xran_open: interval_us=500, interval_us_local=500
bbu_offload 0
XRAN_UP_VF: 0x0000
xran_timing_source_thread [CPU 11] [PID: 3474513]
TTI interval 500 [us]
Start UL U-plane 200 us after OTA [offset in sym 6]
Receive DL U-plane 1200 us after OTA [offset in sym 34]
O-XU      1
HW        0
Num cores 3
Num ports 1
O-RU Cat  0
O-RU CC   1
O-RU eAxC 1
p:0 XRAN_JOB_TYPE_CP_DL worker id 1
p:0 XRAN_JOB_TYPE_CP_UL worker id 1
p:0 XRAN_JOB_TYPE_CP_DL worker id 0
p:0 XRAN_JOB_TYPE_CP_UL worker id 0
xran_generic_worker_thread [CPU 12] [PID: 3474513]
spawn worker 0 core 12
xran_generic_worker_thread [CPU 13] [PID: 3474513]
spawn worker 1 core 13
xran_open [CPU 10] [PID: 3474513]
Waiting on Timing thread...
Initialize ORAN port instance 0 (1) sector 0
xran_sector_get_instances() o_xu_id 0 xran_handle 0x762734f95040
xran_sector_get_instances [0]: CC 0 handle 0x5a5e3993a940
Handle: 0x76276484c468 Instance: 0x5a5e3993a940
-> hInstance 0x5a5e3993a940
ru_0_cc_0_idx_0: [ handle 0x5a5e3993a940 0 0 ] [nPoolIndex 0] nNumberOfBuffers 511 nBufferSize 14116 socket_id 0
CC:[ handle 0x5a5e3993a940 ru 0 cc_idx 0 ] [nPoolIndex 0] mb pool 0x284784540 
xran_bm_init() hInstance 0x5a5e3993a940 poolIdx 0 elements 511 size 14116
xran_bm_allocate_buffer() hInstance 0x5a5e3993a940 poolIdx 0 count 280
ru_0_cc_0_idx_1: [ handle 0x5a5e3993a940 0 0 ] [nPoolIndex 1] nNumberOfBuffers 511 nBufferSize 4976 socket_id 0
CC:[ handle 0x5a5e3993a940 ru 0 cc_idx 0 ] [nPoolIndex 1] mb pool 0x284786dc0 
xran_bm_init() hInstance 0x5a5e3993a940 poolIdx 1 elements 511 size 4[93m[HW]     PRACH was not configured for frame.slot 0.19 adjusted 0.19 frame8 0: no C-plane config cached
[0m[93m[HW]     PRACH was not configured for frame.slot 83.19 adjusted 83.19 frame8 83: no C-plane config cached
[0m[93m[HW]     PRACH was not configured for frame.slot 166.19 adjusted 166.19 frame8 166: no C-plane config cached
[0m[93m[HW]     PRACH was not configured for frame.slot 250.19 adjusted 250.19 frame8 250: no C-plane config cached
[0m[93m[HW]     PRACH was not configured for frame.slot 333.19 adjusted 333.19 frame8 77: no C-plane config cached
[0m[93m[HW]     PRACH was not configured for frame.slot 416.19 adjusted 416.19 frame8 160: no C-plane config cached
[0m[93m[HW]     PRACH was not configured for frame.slot 500.19 adjusted 500.19 frame8 244: no C-plane config cached
[0m[93m[HW]     PRACH was not configured for frame.slot 583.19 adjusted 583.19 frame8 71: no C-plane config cached
[0m[93m[HW]     PRACH was not configured for frame.slot 666.19 adjusted 666.19 frame8 154: no C-plane config cached
[0m[93m[HW]     PRACH was not configured for frame.slot 750.19 adjusted 750.19 frame8 238: no C-plane config cached
[0m[93m[HW]     PRACH was not configured for frame.slot 833.19 adjusted 833.19 frame8 65: no C-plane config cached
[0m[93m[HW]     PRACH was not configured for frame.slot 916.19 adjusted 916.19 frame8 148: no C-plane config cached
[0m[93m[HW]     PRACH was not configured for frame.slot 1000.19 adjusted 1000.19 frame8 232: no C-plane config cached
[0m[93m[HW]     PRACH was not configured for frame.slot 74.19 adjusted 74.19 frame8 74: no C-plane config cached
[0m[93m[HW]     PRACH was not configured for frame.slot 157.19 adjusted 157.19 frame8 157: no C-plane config cached
[0m[93m[HW]     PRACH was not configured for frame.slot 241.19 adjusted 241.19 frame8 241: no C-plane config cached
[0m[93m[HW]     PRACH was not configured for frame.slot 339.19 adjusted 339.19 frame8 83: no C-plane config cached
[0m[93m[HW]     PRACH was not configured for frame.slot 422.19 adjusted 422.19 frame8 166: no C-plane config cached
[0m[93m[HW]     PRACH was not configured for frame.slot 506.19 adjusted 506.19 frame8 250: no C-plane config cached
[0m[93m[HW]     PRACH was not configured for frame.slot 604.19 adjusted 604.19 frame8 92: no C-plane config cached
[0m[93m[HW]     PRACH was not configured for frame.slot 687.19 adjusted 687.19 frame8 175: no C-plane config cached
[0m[93m[HW]     PRACH was not configured for frame.slot 786.19 adjusted 786.19 frame8 18: no C-plane config cached
[0m[93m[HW]     PRACH was not configured for frame.slot 869.19 adjusted 869.19 frame8 101: no C-plane config cached
[0m[93m[HW]     PRACH was not configured for frame.slot 952.19 adjusted 952.19 frame8 184: no C-plane config cached
[0m[93m[HW]     PRACH was not configured for frame.slot 27.19 adjusted 27.19 frame8 27: no C-plane config cached
[0m[93m[HW]     PRACH was not configured for frame.slot 110.19 adjusted 110.19 frame8 110: no C-plane config cached
[0m[93m[HW]     PRACH was not configured for frame.slot 193.19 adjusted 193.19 frame8 193: no C-plane config cached
[0m[93m[HW]     PRACH was not configured for frame.slot 292.19 adjusted 292.19 frame8 36: no C-plane config cached
[0m[93m[HW]     PRACH was not configured for frame.slot 375.19 adjusted 375.19 frame8 119: no C-plane config cached
[0m[93m[HW]     PRACH was not configured for frame.slot 458.19 adjusted 458.19 frame8 202: no C-plane config cached
[0m[93m[HW]     PRACH was not configured for frame.slot 557.19 adjusted 557.19 frame8 45: no C-plane config cached
[0m[93m[HW]     PRACH was not configured for frame.slot 640.19 adjusted 640.19 frame8 128: no C-plane config cached
[0m[93m[HW]     PRACH was not configured for frame.slot 723.19 adjusted 723.19 frame8 211: no C-plane config cached
[0m[93m[HW]     PRACH was not configured for frame.slot 822.19 adjusted 822.19 frame8 54: no C-plane config cached
[0m[93m[HW]     PRACH was not configured for frame.slot 905.19 adjusted 905.19 frame8 137: no C-plane config cached
[0m[93m[HW]     PRACH was not configured for frame.slot 988.19 adjusted 988.19 frame8 220: no C-plane config cached
[0m[93m[HW]     PRACH was not configured for frame.slot 63.19 adjusted 63.19 frame8 63: no C-plane config cached
[0m[93m[HW]     PRACH was not configured for frame.slot 146.19 adjusted 146.19 frame8 146: no C-plane config cached
[0m[93m[HW]     PRACH was not configured for frame.slot 229.19 adjusted 229.19 frame8 229: no C-plane config cached
[0m[93m[HW]     PRACH was not configured for frame.slot 328.19 adjusted 328.19 frame8 72: no C-plane config cached
[0m[93m[HW]     PRACH was not configured for frame.slot 411.19 adjusted 411.19 frame8 155: no C-plane config cached
[0m[93m[HW]     PRACH was not configured for frame.slot 494.19 adjusted 494.19 frame8 238: no C-plane config cached
[0m[93m[HW]     PRACH was not configured for frame.slot 593.19 adjusted 593.19 frame8 81: no C-plane config cached
[0m[93m[HW]     PRACH was not configured for frame.slot 676.19 adjusted 676.19 frame8 164: no C-plane config cached
[0m[93m[HW]     PRACH was not configured for frame.slot 759.19 adjusted 759.19 frame8 247: no C-plane config cached
[0m[93m[HW]     PRACH was not configured for frame.slot 858.19 adjusted 858.19 frame8 90: no C-plane config cached
[0m[93m[HW]     PRACH was not configured for frame.slot 941.19 adjusted 941.19 frame8 173: no C-plane config cached
[0m[93m[HW]     PRACH was not configured for frame.slot 15.19 adjusted 15.19 frame8 15: no C-plane config cached
[0m[93m[HW]     PRACH was not configured for frame.slot 99.19 adjusted 99.19 frame8 99: no C-plane config cached
[0m[93m[HW]     PRACH was not configured for frame.slot 182.19 adjusted 182.19 frame8 182: no C-plane config cached
[0m[93m[HW]     PRACH was not configured for frame.slot 280.19 adjusted 280.19 frame8 24: no C-plane config cached
[0m[93m[HW]     PRACH was not configured for frame.slot 364.19 adjusted 364.19 frame8 108: no C-plane config cached
[0m[93m[HW]     PRACH was not configured for frame.slot 447.19 adjusted 447.19 frame8 191: no C-plane config cached
[0m[93m[HW]     PRACH was not configured for frame.slot 545.19 adjusted 545.19 frame8 33: no C-plane config cached
[0m[93m[HW]     PRACH was not configured for frame.slot 629.19 adjusted 629.19 frame8 117: no C-plane config cached
[0m[93m[HW]     PRACH was not configured for frame.slot 712.19 adjusted 712.19 frame8 200: no C-plane config cached
[0m[93m[HW]     PRACH was not configured for frame.slot 810.19 adjusted 810.19 frame8 42: no C-plane config cached
[0m[93m[HW]     PRACH was not configured for frame.slot 894.19 adjusted 894.19 frame8 126: no C-plane config cached
[0m[93m[HW]     PRACH was not configured for frame.slot 977.19 adjusted 977.19 frame8 209: no C-plane config cached
[0m[93m[HW]     PRACH was not configured for frame.slot 51.19 adjusted 51.19 frame8 51: no C-plane config cached
[0m[93m[HW]     PRACH was not configured for frame.slot 135.19 adjusted 135.19 frame8 135: no C-plane config cached
[0m[93m[HW]     PRACH was not configured for frame.slot 218.19 adjusted 218.19 frame8 218: no C-plane config cached
[0m[93m[HW]     PRACH was not configured for frame.slot 316.19 adjusted 316.19 frame8 60: no C-plane config cached
[0m[93m[HW]     PRACH was not configured for frame.slot 400.19 adjusted 400.19 frame8 144: no C-plane config cached
[0m[93m[HW]     PRACH was not configured for frame.slot 483.19 adjusted 483.19 frame8 227: no C-plane config cached
[0m[93m[HW]     PRACH was not configured for frame.slot 581.19 adjusted 581.19 frame8 69: no C-plane config cached
[0m[93m[HW]     PRACH was not configured for frame.slot 665.19 adjusted 665.19 frame8 153: no C-plane config cached
[0m[93m[HW]     PRACH was not configured for frame.slot 748.19 adjusted 748.19 frame8 236: no C-plane config cached
[0m[93m[HW]     PRACH was not configured for frame.slot 846.19 adjusted 846.19 frame8 78: no C-plane config cached
[0m[93m[HW]     PRACH was not configured for frame.slot 930.19 adjusted 930.19 frame8 162: no C-plane config cached
[0m[93m[HW]     PRACH was not configured for frame.slot 1013.19 adjusted 1013.19 frame8 245: no C-plane config cached
[0m[93m[HW]     PRACH was not configured for frame.slot 87.19 adjusted 87.19 frame8 87: no C-plane config cached
[0m[93m[HW]     PRACH was not configured for frame.slot 171.19 adjusted 171.19 frame8 171: no C-plane config cached
[0m[93m[HW]     PRACH was not configured for frame.slot 254.19 adjusted 254.19 frame8 254: no C-plane config cached
[0m[93m[HW]     PRACH was not configured for frame.slot 352.19 adjusted 352.19 frame8 96: no C-plane config cached
[0m[93m[HW]     PRACH was not configured for frame.slot 436.19 adjusted 436.19 frame8 180: no C-plane config cached
[0m[93m[HW]     PRACH was not configured for frame.slot 534.19 adjusted 534.19 frame8 22: no C-plane config cached
[0m[93m[HW]     PRACH was not configured for frame.slot 617.19 adjusted 617.19 frame8 105: no C-plane config cached
[0m[93m[HW]     PRACH was not configured for frame.slot 701.19 adjusted 701.19 frame8 189: no C-plane config cached
[0m[93m[HW]     PRACH was not configured for frame.slot 799.19 adjusted 799.19 frame8 31: no C-plane config cached
[0m[93m[HW]     PRACH was not configured for frame.slot 882.19 adjusted 882.19 frame8 114: no C-plane config cached
[0m[93m[HW]     PRACH was not configured for frame.slot 966.19 adjusted 966.19 frame8 198: no C-plane config cached
[0m[93m[HW]     PRACH was not configured for frame.slot 40.19 adjusted 40.19 frame8 40: no C-plane config cached
[0m[93m[HW]     PRACH was not configured for frame.slot 123.19 adjusted 123.19 frame8 123: no C-plane config cached
[0m[93m[HW]     PRACH was not configured for frame.slot 207.19 adjusted 207.19 frame8 207: no C-plane config cached
[0m[93m[HW]     PRACH was not configured for frame.slot 305.19 adjusted 305.19 frame8 49: no C-plane config cached
[0m[93m[HW]     PRACH was not configured for frame.slot 388.19 adjusted 388.19 frame8 132: no C-plane config cached
[0m[93m[HW]     PRACH was not configured for frame.slot 472.19 adjusted 472.19 frame8 216: no C-plane config cached
[0m[93m[HW]     PRACH was not configured for frame.slot 570.19 adjusted 570.19 frame8 58: no C-plane config cached
[0m[93m[HW]     PRACH was not configured for frame.slot 653.19 adjusted 653.19 frame8 141: no C-plane config cached
[0m[93m[HW]     PRACH was not configured for frame.slot 737.19 adjusted 737.19 frame8 225: no C-plane config cached
[0m[93m[HW]     PRACH was not configured for frame.slot 835.19 adjusted 835.19 frame8 67: no C-plane config cached
[0m[93m[HW]     PRACH was not configured for frame.slot 918.19 adjusted 918.19 frame8 150: no C-plane config cached
[0m[93m[HW]     PRACH was not configured for frame.slot 1002.19 adjusted 1002.19 frame8 234: no C-plane config cached
[0m[93m[HW]     PRACH was not configured for frame.slot 76.19 adjusted 76.19 frame8 76: no C-plane config cached
[0m[93m[HW]     PRACH was not configured for frame.slot 159.19 adjusted 159.19 frame8 159: no C-plane config cached
[0m[93m[HW]     PRACH was not configured for frame.slot 243.19 adjusted 243.19 frame8 243: no C-plane config cached
[0m[93m[HW]     PRACH was not configured for frame.slot 341.19 adjusted 341.19 frame8 85: no C-plane config cached
[0m[93m[HW]     PRACH was not configured for frame.slot 424.19 adjusted 424.19 frame8 168: no C-plane config cached
[0m[93m[HW]     PRACH was not configured for frame.slot 508.19 adjusted 508.19 frame8 252: no C-plane config cached
[0m[93m[HW]     PRACH was not configured for frame.slot 606.19 adjusted 606.19 frame8 94: no C-plane config cached
[0m[93m[HW]     PRACH was not configured for frame.slot 689.19 adjusted 689.19 frame8 177: no C-plane config cached
[0m[93m[HW]     PRACH was not configured for frame.slot 788.19 adjusted 788.19 frame8 20: no C-plane config cached
[0m[93m[HW]     PRACH was not configured for frame.slot 871.19 adjusted 871.19 frame8 103: no C-plane config cached
[0m[93m[HW]     PRACH was not configured for frame.slot 954.19 adjusted 954.19 frame8 186: no C-plane config cached
[0m[93m[HW]     PRACH was not configured for frame.slot 29.19 adjusted 29.19 frame8 29: no C-plane config cached
[0m[93m[HW]     PRACH was not configured for frame.slot 112.19 adjusted 112.19 frame8 112: no C-plane config cached
[0m[93m[HW]     PRACH was not configured for frame.slot 195.19 adjusted 195.19 frame8 195: no C-plane config cached
[0m[93m[HW]     PRACH was not configured for frame.slot 294.19 adjusted 294.19 frame8 38: no C-plane config cached
[0m[93m[HW]     PRACH was not configured for frame.slot 377.19 adjusted 377.19 frame8 121: no C-plane config cached
[0m[93m[HW]     PRACH was not configured for frame.slot 460.19 adjusted 460.19 frame8 204: no C-plane config cached
[0m[93m[HW]     PRACH was not configured for frame.slot 559.19 adjusted 559.19 frame8 47: no C-plane config cached
[0m[93m[HW]     PRACH was not configured for frame.slot 642.19 adjusted 642.19 frame8 130: no C-plane config cached
[0m[93m[HW]     PRACH was not configured for frame.slot 725.19 adjusted 725.19 frame8 213: no C-plane config cached
[0m[93m[HW]     PRACH was not configured for frame.slot 824.19 adjusted 824.19 frame8 56: no C-plane config cached
[0m[93m[HW]     PRACH was not configured for frame.slot 907.19 adjusted 907.19 frame8 139: no C-plane config cached
[0m[93m[HW]     PRACH was not configured for frame.slot 990.19 adjusted 990.19 frame8 222: no C-plane config cached
[0m[93m[HW]     PRACH was not configured for frame.slot 65.19 adjusted 65.19 frame8 65: no C-plane config cached
[0m[93m[HW]     PRACH was not configured for frame.slot 148.19 adjusted 148.19 frame8 148: no C-plane config cached
[0m[93m[HW]     PRACH was not configured for frame.slot 231.19 adjusted 231.19 frame8 231: no C-plane config cached
[0m[93m[HW]     PRACH was not configured for frame.slot 330.19 adjusted 330.19 frame8 74: no C-plane config cached
[0m[93m[HW]     PRACH was not configured for frame.slot 413.19 adjusted 413.19 frame8 157: no C-plane config cached
[0m[93m[HW]     PRACH was not configured for frame.slot 496.19 adjusted 496.19 frame8 240: no C-plane config cached
[0m[93m[HW]     PRACH was not configured for frame.slot 595.19 adjusted 595.19 frame8 83: no C-plane config cached
[0m[93m[HW]     PRACH was not configured for frame.slot 678.19 adjusted 678.19 frame8 166: no C-plane config cached
[0m[93m[HW]     PRACH was not configured for frame.slot 761.19 adjusted 761.19 frame8 249: no C-plane config cached
[0m[93m[HW]     PRACH was not configured for frame.slot 860.19 adjusted 860.19 frame8 92: no C-plane config cached
[0m[93m[HW]     PRACH was not configured for frame.slot 943.19 adjusted 943.19 frame8 175: no C-plane config cached
[0m[93m[HW]     PRACH was not configured for frame.slot 17.19 adjusted 17.19 frame8 17: no C-plane config cached
[0m[93m[HW]     PRACH was not configured for frame.slot 101.19 adjusted 101.19 frame8 101: no C-plane config cached
[0m[93m[HW]     PRACH was not configured for frame.slot 184.19 adjusted 184.19 frame8 184: no C-plane config cached
[0m[93m[HW]     PRACH was not configured for frame.slot 282.19 adjusted 282.19 frame8 26: no C-plane config cached
[0m[93m[HW]     PRACH was not configured for frame.slot 366.19 adjusted 366.19 frame8 110: no C-plane config cached
[0m[93m[HW]     PRACH was not configured for frame.slot 449.19 adjusted 449.19 frame8 193: no C-plane config cached
[0m[93m[HW]     PRACH was not configured for frame.slot 547.19 adjusted 547.19 frame8 35: no C-plane config cached
[0m[93m[HW]     PRACH was not configured for frame.slot 631.19 adjusted 631.19 frame8 119: no C-plane config cached
[0m[93m[HW]     PRACH was not configured for frame.slot 714.19 adjusted 714.19 frame8 202: no C-plane config cached
[0m[93m[HW]     PRACH was not configured for frame.slot 812.19 adjusted 812.19 frame8 44: no C-plane config cached
[0m[93m[HW]     PRACH was not configured for frame.slot 896.19 adjusted 896.19 frame8 128: no C-plane config cached
[0m[93m[HW]     PRACH was not configured for frame.slot 979.19 adjusted 979.19 frame8 211: no C-plane config cached
[0m[93m[HW]     PRACH was not configured for frame.slot 53.19 adjusted 53.19 frame8 53: no C-plane config cached
[0m[93m[HW]     PRACH was not configured for frame.slot 137.19 adjusted 137.19 frame8 137: no C-plane config cached
[0m[93m[HW]     PRACH was not configured for frame.slot 220.19 adjusted 220.19 frame8 220: no C-plane config cached
[0m[93m[HW]     PRACH was not configured for frame.slot 318.19 adjusted 318.19 frame8 62: no C-plane config cached
[0m[93m[HW]     PRACH was not configured for frame.slot 402.19 adjusted 402.19 frame8 146: no C-plane config cached
[0m[93m[HW]     PRACH was not configured for frame.slot 485.19 adjusted 485.19 frame8 229: no C-plane config cached
[0m[93m[HW]     PRACH was not configured for frame.slot 583.19 adjusted 583.19 frame8 71: no C-plane config cached
[0m[93m[HW]     PRACH was not configured for frame.slot 667.19 adjusted 667.19 frame8 155: no C-plane config cached
[0m[93m[HW]     PRACH was not configured for frame.slot 750.19 adjusted 750.19 frame8 238: no C-plane config cached
[0m[93m[HW]     PRACH was not configured for frame.slot 848.19 adjusted 848.19 frame8 80: no C-plane config cached
[0m[93m[HW]     PRACH was not configured for frame.slot 932.19 adjusted 932.19 frame8 164: no C-plane config cached
[0m[93m[HW]     PRACH was not configured for frame.slot 1015.19 adjusted 1015.19 frame8 247: no C-plane config cached
[0m[93m[HW]     PRACH was not configured for frame.slot 89.19 adjusted 89.19 frame8 89: no C-plane config cached
[0m[93m[HW]     PRACH was not configured for frame.slot 173.19 adjusted 173.19 frame8 173: no C-plane config cached
[0m[93m[HW]     PRACH was not configured for frame.slot 271.19 adjusted 271.19 frame8 15: no C-plane config cached
[0m[93m[HW]     PRACH was not configured for frame.slot 354.19 adjusted 354.19 frame8 98: no C-plane config cached
[0m[93m[HW]     PRACH was not configured for frame.slot 438.19 adjusted 438.19 frame8 182: no C-plane config cached
[0m[93m[HW]     PRACH was not configured for frame.slot 536.19 adjusted 536.19 frame8 24: no C-plane config cached
[0m[93m[HW]     PRACH was not configured for frame.slot 619.19 adjusted 619.19 frame8 107: no C-plane config cached
[0m[93m[HW]     PRACH was not configured for frame.slot 703.19 adjusted 703.19 frame8 191: no C-plane config cached
[0m[93m[HW]     PRACH was not configured for frame.slot 801.19 adjusted 801.19 frame8 33: no C-plane config cached
[0m[93m[HW]     PRACH was not configured for frame.slot 884.19 adjusted 884.19 frame8 116: no C-plane config cached
[0m[93m[HW]     PRACH was not configured for frame.slot 968.19 adjusted 968.19 frame8 200: no C-plane config cached
[0m[93m[HW]     PRACH was not configured for frame.slot 42.19 adjusted 42.19 frame8 42: no C-plane config cached
[0m[93m[HW]     PRACH was not configured for frame.slot 125.19 adjusted 125.19 frame8 125: no C-plane config cached
[0m[93m[HW]     PRACH was not configured for frame.slot 209.19 adjusted 209.19 frame8 209: no C-plane config cached
[0m[93m[HW]     PRACH was not configured for frame.slot 307.19 adjusted 307.19 frame8 51: no C-plane config cached
[0m[93m[HW]     PRACH was not configured for frame.slot 390.19 adjusted 390.19 frame8 134: no C-plane config cached
[0m[93m[HW]     PRACH was not configured for frame.slot 474.19 adjusted 474.19 frame8 218: no C-plane config cached
[0m[93m[HW]     PRACH was not configured for frame.slot 572.19 adjusted 572.19 frame8 60: no C-plane config cached
[0m[93m[HW]     PRACH was not configured for frame.slot 655.19 adjusted 655.19 frame8 143: no C-plane config cached
[0m[93m[HW]     PRACH was not configured for frame.slot 739.19 adjusted 739.19 frame8 227: no C-plane config cached
[0m[93m[HW]     PRACH was not configured for frame.slot 837.19 adjusted 837.19 frame8 69: no C-plane config cached
[0m[93m[HW]     PRACH was not configured for frame.slot 920.19 adjusted 920.19 frame8 152: no C-plane config cached
[0m[93m[HW]     PRACH was not configured for frame.slot 1004.19 adjusted 1004.19 frame8 236: no C-plane config cached
[0m[93m[HW]     PRACH was not configured for frame.slot 78.19 adjusted 78.19 frame8 78: no C-plane config cached
[0m[93m[HW]     PRACH was not configured for frame.slot 161.19 adjusted 161.19 frame8 161: no C-plane config cached
[0m[93m[HW]     PRACH was not configured for frame.slot 245.19 adjusted 245.19 frame8 245: no C-plane config cached
[0m[93m[HW]     PRACH was not configured for frame.slot 343.19 adjusted 343.19 frame8 87: no C-plane config cached
[0m[93m[HW]     PRACH was not configured for frame.slot 426.19 adjusted 426.19 frame8 170: no C-plane config cached
[0m[93m[HW]     PRACH was not configured for frame.slot 510.19 adjusted 510.19 frame8 254: no C-plane config cached
[0m[93m[HW]     PRACH was not configured for frame.slot 608.19 adjusted 608.19 frame8 96: no C-plane config cached
[0m[93m[HW]     PRACH was not configured for frame.slot 691.19 adjusted 691.19 frame8 179: no C-plane config cached
[0m[93m[HW]     PRACH was not configured for frame.slot 790.19 adjusted 790.19 frame8 22: no C-plane config cached
[0m[93m[HW]     PRACH was not configured for frame.slot 873.19 adjusted 873.19 frame8 105: no C-plane config cached
[0m[93m[HW]     PRACH was not configured for frame.slot 956.19 adjusted 956.19 frame8 188: no C-plane config cached
[0m[93m[HW]     PRACH was not configured for frame.slot 31.19 adjusted 31.19 frame8 31: no C-plane config cached
[0m[93m[HW]     PRACH was not configured for frame.slot 114.19 adjusted 114.19 frame8 114: no C-plane config cached
[0m[93m[HW]     PRACH was not configured for frame.slot 197.19 adjusted 197.19 frame8 197: no C-plane config cached
[0m[93m[HW]     PRACH was not configured for frame.slot 296.19 adjusted 296.19 frame8 40: no C-plane config cached
[0m[93m[HW]     PRACH was not configured for frame.slot 379.19 adjusted 379.19 frame8 123: no C-plane config cached
[0m[93m[HW]     PRACH was not configured for frame.slot 462.19 adjusted 462.19 frame8 206: no C-plane config cached
[0m[93m[HW]     PRACH was not configured for frame.slot 561.19 adjusted 561.19 frame8 49: no C-plane config cached
[0m[93m[HW]     PRACH was not configured for frame.slot 644.19 adjusted 644.19 frame8 132: no C-plane config cached
[0m[93m[HW]     PRACH was not configured for frame.slot 727.19 adjusted 727.19 frame8 215: no C-plane config cached
[0m[93m[HW]     PRACH was not configured for frame.slot 826.19 adjusted 826.19 frame8 58: no C-plane config cached
[0m[93m[HW]     PRACH was not configured for frame.slot 909.19 adjusted 909.19 frame8 141: no C-plane config cached
[0m[93m[HW]     PRACH was not configured for frame.slot 992.19 adjusted 992.19 frame8 224: no C-plane config cached
[0m[93m[HW]     PRACH was not configured for frame.slot 67.19 adjusted 67.19 frame8 67: no C-plane config cached
[0m[93m[HW]     PRACH was not configured for frame.slot 150.19 adjusted 150.19 frame8 150: no C-plane config cached
[0m[93m[HW]     PRACH was not configured for frame.slot 233.19 adjusted 233.19 frame8 233: no C-plane config cached
[0m[93m[HW]     PRACH was not configured for frame.slot 332.19 adjusted 332.19 frame8 76: no C-plane config cached
[0m[93m[HW]     PRACH was not configured for frame.slot 415.19 adjusted 415.19 frame8 159: no C-plane config cached
[0m