Logging terminal output to /home/jesse/oran_lab/logs/run_du/run_du_20260526_094530_pid3117157.log
DU cores: 4,5,6,7,8,9,17,18
DU numerology: 1
AnonHugePages:         0 kB
ShmemHugePages:        0 kB
FileHugePages:    333824 kB
HugePages_Total:    8192
HugePages_Free:     4096
HugePages_Rsvd:        0
HugePages_Surp:        0
Hugepagesize:       2048 kB
Hugetlb:        16777216 kB
CMDLINE: "./nr-softmodem" "-O" "/home/jesse/oran_lab/du_test.conf" "--gNBs.[0].min_rxtxtime" "6" "--thread-pool" "4,5,6,7" "--numerology" "1" 
[HW]     Version: Branch: compression-plus-timing-fix Abrev. Hash: 13fa21ea91 Date: Mon May 25 14:33:49 2026 -0700
[0m[PHY]    No prs_config configuration found..!!
[0m[PHY]    DL frequency 4049760000 Hz, UL frequency 4049760000 Hz: uldl offset 0 Hz
[0m[PHY]    Initializing frame parms for mu 1, N_RB 24, Ncp 0
[0m[PHY]    Init: N_RB_DL 24, first_carrier_offset 368, nb_prefix_samples 36,nb_prefix_samples0 44, ofdm_symbol_size 512
[0m[MAC]    received F1 Setup Response from CU (null)
[0m[MAC]    CU uses RRC version 17.3.0
[0m[MAC]    Clearing the DU's UE states before, if any.
[0m[MAC]    received gNB-DU configuration update acknowledge
[0m[PHY]    number of L1 instances 1, number of RU 1, number of CPU cores 32
[0m[PHY]    Initialized RU proc 0 (NGFI_RAU_IF4p5,synch_to_ext_device),
[0m[PHY]    Starting RU 0 (NGFI_RAU_IF4p5,synch_to_ext_device) on cpu 4
[0m[PHY]    Initializing frame parms for mu 1, N_RB 24, Ncp 0
[0m[PHY]    Init: N_RB_DL 24, first_carrier_offset 368, nb_prefix_samples 36,nb_prefix_samples0 44, ofdm_symbol_size 512
[0m[PHY]    fp->scs=30000
[0m[PHY]    fp->ofdm_symbol_size=512
[0m[PHY]    fp->nb_prefix_samples0=44
[0m[PHY]    fp->nb_prefix_samples=36
[0m[PHY]    fp->slots_per_subframe=2
[0m[PHY]    fp->samples_per_subframe_wCP=14336
[0m[PHY]    fp->samples_per_frame_wCP=143360
[0m[PHY]    fp->samples_per_subframe=15360
[0m[PHY]    fp->samples_per_frame=153600
[0m[PHY]    fp->dl_CarrierFreq=4049760000
[0m[PHY]    fp->ul_CarrierFreq=4049760000
[0m[PHY]    fp->Nid_cell=0
[0m[PHY]    fp->first_carrier_offset=368
[0m[PHY]    fp->ssb_start_subcarrier=0
[0m[PHY]    fp->Ncp=0
[0m[PHY]    fp->N_RB_DL=24
[0m[PHY]    fp->numerology_index=1
[0m[PHY]    fp->ofdm_offset_divisor=8
[0m[PHY]    fp->threequarter_fs=0
[0m[PHY]    fp->sl_CarrierFreq=0
[0m[PHY]    fp->N_RB_SL=0
[0m[PHY]    Setting RF config for N_RB 24, NB_RX 1, NB_TX 1
[0m[PHY]    tune_offset 0 Hz, sample_rate 15360000 Hz
[0m[PHY]    Channel 0: setting tx_gain offset 0, tx_freq 4049760000 Hz
[0m[PHY]    Channel 0: setting rx_gain offset 0, rx_freq 4049760000 Hz
[0m[PHY]    starting transport
[0m[32m[PHY]    Initializing XRAN layer as O-DU
[0m[HW]     Initializing O-RAN 7.2 FH interface through xran library (compiled against headers of oran_f_release_v1.8)
[0mEAL: Detected 32 lcore(s)
EAL: Detected 1 NUMA nodes
EAL: Auto-detected process type: PRIMARY
EAL: Detected shared linkage of DPDK
EAL: Multi-process socket /var/run/dpdk/wls_0/mp_socket
EAL: Selected IOVA mode 'PA'
EAL: No available hugepages reported in hugepages-1048576kB
EAL: Probing VFIO support...
EAL: VFIO support initialized
EAL: Probe PCI driver: net_i40e_vf (8086:154c) device: 0000:06:02.2 (socket 0)
[CONFIG] function config_libconfig_init returned 0
xran_fh_init:
  io_cfg:
    id 0 (O-DU)
    num_vfs 2
    num_rxq 1
    dpdk_dev [0000:06:02.2, 0000:06:02.3, (null), (null), (null), (null), (null), (null), (null), (null), (null), (null), (null), (null), (null), (null)]
    bbdev_dev (null)
    bbdev_mode -1
    dpdkIoVaMode 0
    dpdkMemorySize 8192
    core 9
    system_core 8
    pkt_proc_core 0000000000060000
    pkt_proc_core_64_127 0000000000000000
    pkt_aux_core 0
    timing_core 9
    port (filled within xran library)
    io_sleep 0
    nEthLinePerPort 1
    nEthLineSpeed 10
    one_vf_cu_plane 0
    eowd_cmn[0]:
      initiator_en 0
      numberOfSamples 0
      filterType 0
      responseTo 0
      measVf 0
      measState 0
      measId 0
      measMethod 0
      owdm_enable 0
      owdm_PlLength 0
eowd_port (filled within xran library)
    bbu_offload 0
  eAxCId_conf:
    mask_cuPortId 0xf000
    mask_bandSectorId 0x0f00
    mask_ccId 0x00f0
    mask_ruPortId 0x000f
    bit_cuPortId 0
    bit_bandSectorId 0
    bit_ccId 0
    bit_ruPortId 0
  xran_ports 1
  dpdkBasebandFecMode 0
  dpdkBasebandDevice (null)
  filePrefix wls_0
  mtu 9600
  p_o_du_addr (null)
  p_o_ru_addr [00:11:22:33:64:66, 00:11:22:33:64:67]
  totalBfWeights 0
  mlogxranenable 0
  dlCpProcBurst 0
'DPDK 20.11.9'
 xran_init: MTU 9600
PF Eth line speed 10G
PF Eth lines per O-xU port 1
RX HW queues per O-xU Eth line 1 
node 0
total cores 32 c_mask 0x00000000000060300 core 9 [id] system_core 8 [id] pkt_proc_core 0x00000000000060000 [mask] pkt_aux_core 0 [id] timing_core 9 [id]
xran_ethdi_init_dpdk_io: Calling rte_eal_init:wls_0 -c 0x00000000000060300 -n2 --iova-mode=pa --socket-mem=8192,0 --socket-limit=8192,0 --proc-type=auto --no-telemetry --file-prefix wls_0 -a0000:00:00.0    
xran_init_mbuf_pool: socket 0
initializing port 0 for TX, drv=net_i40e_vf
Port 0 MAC: 00 11 22 33 64 68
Port 0: nb_rxd 4096 nb_txd 4096
[0] mp_rx__p_0_q_0 num blocks 65535
[0] mempool_small__0

Checking link status portid [0]  EAL: Probe PCI driver: net_i40e_vf (8086:154c) device: 0000:06:02.3 (socket 0)
skipped by XRAN_SKIP_LINK_CHECK
initializing port 1 for TX, drv=net_i40e_vf
Port 1 MAC: 00 11 22 33 64 69
Port 1: nb_rxd 4096 nb_txd 4096
[1] mp_rx__p_1_q_0 num blocks 65535
[1] mempool_small__1
Created ring tx_ring_cp_1 on core 9
Created ring rx_ring_cp_1_0 on core 9

Checking link status portid [1]  [93m[HW]     XRAN modifed affinity. Correcting affinity of caller
[0mskipped by XRAN_SKIP_LINK_CHECK
[ 0] vf  0 local  SRC MAC: 00 11 22 33 64 68
[ 0] vf  0 remote DST MAC: 00 11 22 33 64 66
[ 0] vf  1 local  SRC MAC: 00 11 22 33 64 69
[ 0] vf  1 remote DST MAC: 00 11 22 33 64 67
created dl_gen_ring_up_0 on core 9
xran_fh_config:
  dpdk_port 0
  sector_id 0
  nCC 1
  neAxc 1
  neAxcUl 0
  nAntElmTRx 0
  nDLFftSize 9
  nULFftSize 9
  nDLRBs 24
  nULRBs 24
  nDLAbsFrePointA 0
  nULAbsFrePointA 0
  nDLCenterFreqARFCN 0
  nULCenterFreqARFCN 0
  ttiCb (nil)
  ttiCbParam (nil)
  Tadv_cp_dl 0
  T2a_min_cp_dl 0
  T2a_max_cp_dl 0
  T2a_min_cp_ul 0
  T2a_max_cp_ul 0
  T2a_min_up 0
  T2a_max_up 0
  Ta3_min 0
  Ta3_max 0
  T1a_min_cp_dl 285
  T1a_max_cp_dl 470
  T1a_min_cp_ul 285
  T1a_max_cp_ul 535
  T1a_min_up 300
  T1a_max_up 450
  Ta4_min 400
  Ta4_max 440
  enableCP 1
  prachEnable 1
  srsEnable 0
  puschMaskEnable 0
  puschMaskSlot 0
  cp_vlan_tag 0
  up_vlan_tag 0
  debugStop 0
  debugStopCount 0
  DynamicSectionEna 0
  GPS_Alpha 0
  GPS_Beta -9000
  srsEnableCp 0
  SrsDelaySym 0
  prach_config:
    nPrachConfIdx 159
    nPrachSubcSpacing 1
    nPrachZeroCorrConf 0
    nPrachRestrictSet 0
    nPrachRootSeqIdx 0
    nPrachFreqStart 0
    nPrachFreqOffset -288
    nPrachFilterIdx 0
    startSymId 0
    lastSymId 0
    startPrbc 0
    numPrbc 0
    timeOffset 0
    freqOffset 0
    eAxC_offset 1
    nPrachConfIdxLTE 0
  srs_config:
    symbMask 0000
    eAxC_offset 0
  frame_conf:
    nFrameDuplexType TDD
    nNumerology 1
    nTddPeriod 5
    sSlotConfig[0]: DDDDDDDDDDDDDD
    sSlotConfig[1]: DDDDDDDDDDDDDD
    sSlotConfig[2]: DDDDDDDDDDDDDD
    sSlotConfig[3]: DDDDDDGGGGUUUU
    sSlotConfig[4]: UUUUUUUUUUUUUU
  ru_config:
    xranTech NR
    xranCat A
    xranCompHdrType dynamic
    iqWidth 0
    compMeth 0
    iqWidth_PRACH 0
    compMeth_PRACH 0
    fftSize 8
    byteOrder network/BE
    iqOrder I_Q
    xran_max_frame 0
  bbdev_enc (nil)
  bbdev_dec (nil)
  tx_cp_eAxC2Vf 0x772be7fe34b0
  tx_up_eAxC2Vf 0x772be7fe40b0
  rx_cp_eAxC2Vf 0x772be7fe4cb0
  rx_up_eAxC2Vf 0x772be7fe58b0
  log_level 1
  max_sections_per_slot 0
  max_sections_per_symbol 0
  RunSlotPrbMapBySymbolEnable 0
  LiteOnIgnoreUPSectionIdEnable 0
  dssEnable 0
  dssPeriod 0
  technology[XRAN_MAX_DSS_PERIODICITY] (not filled as DSS disabled)
 xran_open: 5G NR Category A
xRAN open PRACH config: Numerology 1 ConfIdx 159, preambleFmrt 10 startsymb 0, numSymbol 12, occassionsInPrachSlot 1
PRACH: x 1 y[0] 0, y[1] 0 prach slot: 9 ..
PRACH start symbol 0 lastsymbol 11
xran_init_vfs_mapping: p 0 vf 0
xran_init_vfs_mapping: p 0 vf 1
xran_open: interval_us=500, interval_us_local=500
bbu_offload 0
XRAN_UP_VF: 0x0000
xran_timing_source_thread [CPU  9] [PID: 3117181]
TTI interval 500 [us]
delay_cp_dl_max=30, sym_cp_dl_max=1, max_dl_offset_sym=13
delay_cp_dl_min=215, sym_cp_dl_min=5, min_dl_offset_sym=9
delay_cp_ul=465,     sym_cp_ul=0,     ul_offset_sym=14
offset_num_slots_cp_dl=0, offset_num_slots_cp_ul=1, offset_num_slots_up_ul=0
C-plane DL from 30 us after TTI  [trigger on sym 1] to 215 us after TTI [trigger on sym 5]
Start C-plane UL 465 us after TTI  [trigger on sym 0]
Start U-plane DL 450 us before OTA [offset  in sym -12]
Start U-plane UL 440 us OTA        [offset  in sym 13]
C-plane to U-plane delay 20 us after TTI
Start Sym timer 107142 ns
O-XU      0
HW        0
Num cores 3
created sym cp dl cb for symbol 1
Num ports 1
O-RU Cat  0
O-RU CC   1
O-RU eAxC 1
p:0 XRAN_JOB_TYPE_CP_DL worker id 1
p:0 XRAN_JOB_TYPE_CP_UL worker id 1
created sym cp dl cb for symbol 2
created sym cp dl cb for symbol 3
created sym cp dl cb for symbol 4
created sym cp dl cb for symbol 5
p:0 XRAN_JOB_TYPE_CP_DL worker id 0
p:0 XRAN_JOB_TYPE_CP_UL worker id 0
xran_generic_worker_thread [CPU 17] [PID: 3117181]
spawn worker 0 core 17
xran_generic_worker_thread [CPU 18] [PID: 3117181]
spawn worker 1 core 18
xran_open [CPU  7] [PID: 3117181]
Waiting on Timing thread...
Initialize ORAN port instance 0 (1) sector 0
xran_sector_get_instances() o_xu_id 0 xran_handle 0x772bacf95040
xran_sector_get_instances [0]: CC 0 handle 0x772bd416c740
Handle: 0x772bec6a1468 Instance: 0x[HW]     [RAU] has loaded ETHERNET trasport protocol.
[0m[PHY]    Starting IF interface for RU 0, nb_rx 1
[0m[PHY]    RU 0 Setting N_TA_offset to 200 samples (UL Freq 4045440, N_RB 24, mu 1)
[0m[PHY]    Signaling main thread that RU 0 is ready, sl_ahead 10
[0m[PHY]    L1 configured without analog beamforming
[0m[PHY]    Attaching RU 0 antenna 0 to gNB antenna 0
[0m[PHY]    got sync (ru_thread)
[0m772bd416c740
-> hInstance 0x772bd416c740
ru_0_cc_0_idx_0: [ handle 0x772bd416c740 0 0 ] [nPoolIndex 0] nNumberOfBuffers 511 nBufferSize 14116 socket_id 0
CC:[ handle 0x772bd416c740 ru 0 cc_idx 0 ] [nPoolIndex 0] mb pool 0x284784a00 
xran_bm_init() hInstance 0x772bd416c740 poolIdx 0 elements 511 size 14116
xran_bm_allocate_buffer() hInstance 0x772bd416c740 poolIdx 0 count 280
ru_0_cc_0_idx_1: [ handle 0x772bd416c740 0 0 ] [nPoolIndex 1] nNumberOfBuffers 511 nBufferSize 4976 socket_id 0
CC:[ handle 0x772bd416c740 ru 0 cc_idx 0 ] [nPoolIndex 1] mb pool 0x284784340 
xran_bm_init() hInstance 0x772bd416c740 poolIdx 1 elements 511 size 4976
xran_bm_allocate_buffer() hInstance 0x772bd416c740 poolIdx 1 count 20
ru_0_cc_0_idx_2: [ handle 0x772bd416c740 0 0 ] [nPoolIndex 2] nNumberOfBuffers 511 nBufferSize 13168 socket_id 0
CC:[ handle 0x772bd416c740 ru 0 cc_idx 0 ] [nPoolIndex 2] mb pool 0x284786dc0 
xran_bm_init() hInstance 0x772bd416c740 poolIdx 2 elements 511 size 13168
xran_bm_allocate_buffer() hInstance 0x772bd416c740 poolIdx 2 count 280
ru_0_cc_0_idx_3: [ handle 0x772bd416c740 0 0 ] [nPoolIndex 3] nNumberOfBuffers 511 nBufferSize 4976 socket_id 0
CC:[ handle 0x772bd416c740 ru 0 cc_idx 0 ] [nPoolIndex 3] mb pool 0x2847867c0 
xran_bm_init() hInstance 0x772bd416c740 poolIdx 3 elements 511 size 4976
xran_bm_allocate_buffer() hInstance 0x772bd416c740 poolIdx 3 count 20
ru_0_cc_0_idx_4: [ handle 0x772bd416c740 0 0 ] [nPoolIndex 4] nNumberOfBuffers 511 nBufferSize 3360 socket_id 0
CC:[ handle 0x772bd416c740 ru 0 cc_idx 0 ] [nPoolIndex 4] mb pool 0x284786280 
xran_bm_init() hInstance 0x772bd416c740 poolIdx 4 elements 511 size 3360
xran_bm_allocate_buffer() hInstance 0x772bd416c740 poolIdx 4 count 280
ORAN: get_internal_parameter
ORAN: get_internal_parameter
ORAN: trx_oran_start
O-DU: XRAN start time: 05/26/26 16:45:34.436959512 UTC [500]
Start ORAN. Done
TYPE <CTRL-C> TO TERMINATE
[PHY]    got sync (L1_stats_thread)
[0m[PHY]    RU 0 no rf device
[0m[PHY]    RU 0 RF started cpu_meas_enabled 0
[0m[93m[HW]     we get rach data from ru, but it is not scheduled 0.19
[0m[32m[PHY]    Command line parameters for OAI UE: -C 4049760000 -r 24 --numerology 1 --ssb 24 
[0m[HW]     [o-du 0][rx   10752 pps   10752 kbps   72974][tx   31916 pps   31916 kbps  182321][Total Msgs_Rcvd 10752]
[0m[HW]     [o_du0][pusch0    9216 prach0    1536]
[0m[HW]     [o-du 0][rx   21505 pps   10753 kbps   72957][tx   63788 pps   31872 kbps  182321][Total Msgs_Rcvd 21505]
[0m[HW]     [o_du0][pusch0   18432 prach0    3072]
[0m[HW]     [o-du 0][rx   32257 pps   10752 kbps   72960][tx   95660 pps   31872 kbps  182321][Total Msgs_Rcvd 32257]
[0m[HW]     [o_du0][pusch0   27648 prach0    4608]
[0m[HW]     [o-du 0][rx   43009 pps   10752 kbps   72950][tx  127532 pps   31872 kbps  182321][Total Msgs_Rcvd 43009]
[0m[HW]     [o_du0][pusch0   36864 prach0    6144]
[0m[HW]     [o-du 0][rx   53761 pps   10752 kbps   72955][tx  159404 pps   31872 kbps  182321][Total Msgs_Rcvd 53761]
[0m[HW]     [o_du0][pusch0   46080 prach0    7680]
[0m[HW]     [o-du 0][rx   64513 pps   10752 kbps   72964][tx  191276 pps   31872 kbps  182321][Total Msgs_Rcvd 64513]
[0m[HW]     [o_du0][pusch0   55296 prach0    9216]
[0m[HW]     [o-du 0][rx   75265 pps   10752 kbps   72945][tx  223148 pps   31872 kbps  182321][Total Msgs_Rcvd 75265]
[0m[HW]     [o_du0][pusch0   64512 prach0   10752]
[0m[93m[PHY]    ULSCH NAK trace 933.18 rnti 5622 harq 0 round 0 rv 0 crc_valid 0 processed 0/1 abort 1 dtx 0 TBS 7 rb 0+8 sym 10+3 mcs 1 Qm 2 SNR 39.0 dB TAest -1
[0m[PHY]    ULSCH ACK trace 934.18 rnti 5622 harq 0 round 1 rv 2 crc_valid 1 processed 1/1 abort 0 dtx 0 TBS 7 rb 0+8 sym 10+3 mcs 1 Qm 2 SNR 39.0 dB TAest -1
[0m[MAC]    [RAPROC] Received SDU for CCCH length 6 for UE 5622
[0m[93m[PHY]    ULSCH NAK trace 936.19 rnti 5622 harq 0 round 0 rv 0 crc_valid 0 processed 0/1 abort 1 dtx 0 TBS 17 rb 12+5 sym 0+13 mcs 0 Qm 2 SNR 38.9 dB TAest 1
[0m[93m[PHY]    ULSCH NAK trace 937.14 rnti 5622 harq 1 round 0 rv 0 crc_valid 0 processed 0/1 abort 1 dtx 0 TBS 17 rb 4+5 sym 0+13 mcs 0 Qm 2 SNR 25.5 dB TAest -1
[0m[PHY]    ULSCH ACK trace 937.19 rnti 5622 harq 0 round 1 rv 2 crc_valid 1 processed 1/1 abort 0 dtx 0 TBS 17 rb 12+5 sym 0+13 mcs 0 Qm 2 SNR 38.9 dB TAest -1
[0m[PHY]    ULSCH ACK trace 938.14 rnti 5622 harq 1 round 1 rv 2 crc_valid 1 processed 1/1 abort 0 dtx 0 TBS 17 rb 4+5 sym 0+13 mcs 0 Qm 2 SNR 30.4 dB TAest -1
[0m[PHY]    ULSCH ACK trace 938.19 rnti 5622 harq 2 round 0 rv 0 crc_valid 1 processed 1/1 abort 0 dtx 0 TBS 17 rb 12+5 sym 0+13 mcs 0 Qm 2 SNR 38.9 dB TAest -1
[0m[93m[PHY]    ULSCH NAK trace 939.4 rnti 5622 harq 3 round 0 rv 0 crc_valid 0 processed 0/1 abort 1 dtx 0 TBS 17 rb 4+5 sym 0+13 mcs 0 Qm 2 SNR 32.9 dB TAest -1
[0m[93m[PHY]    ULSCH NAK trace 939.9 rnti 5622 harq 4 round 0 rv 0 crc_valid 0 processed 0/1 abort 1 dtx 0 TBS 17 rb 4+5 sym 0+13 mcs 0 Qm 2 SNR 35.9 dB TAest -1
[0m[93m[PHY]    ULSCH NAK trace 939.14 rnti 5622 harq 5 round 0 rv 0 crc_valid 0 processed 0/1 abort 1 dtx 0 TBS 17 rb 4+5 sym 0+13 mcs 0 Qm 2 SNR 38.9 dB TAest -1
[0m[93m[PHY]    ULSCH NAK trace 939.19 rnti 5622 harq 6 round 0 rv 0 crc_valid 0 processed 0/1 abort 1 dtx 0 TBS 17 rb 12+5 sym 0+13 mcs 0 Qm 2 SNR 38.9 dB TAest 1
[0m[PHY]    ULSCH ACK trace 940.4 rnti 5622 harq 3 round 1 rv 2 crc_valid 1 processed 1/1 abort 0 dtx 0 TBS 17 rb 4+5 sym 0+13 mcs 0 Qm 2 SNR 27.8 dB TAest -1
[0m[PHY]    ULSCH ACK trace 940.9 rnti 5622 harq 4 round 1 rv 2 crc_valid 1 processed 1/1 abort 0 dtx 0 TBS 17 rb 4+5 sym 0+13 mcs 0 Qm 2 SNR 28.9 dB TAest -1
[0m[PHY]    ULSCH ACK trace 940.14 rnti 5622 harq 5 round 1 rv 2 crc_valid 1 processed 1/1 abort 0 dtx 0 TBS 17 rb 4+5 sym 0+13 mcs 0 Qm 2 SNR 29.9 dB TAest -1
[0m[PHY]    ULSCH ACK trace 940.19 rnti 5622 harq 6 round 1 rv 2 crc_valid 1 processed 1/1 abort 0 dtx 0 TBS 17 rb 12+5 sym 0+13 mcs 0 Qm 2 SNR 38.9 dB TAest 1
[0m[93m[PHY]    ULSCH NAK trace 941.4 rnti 5622 harq 7 round 0 rv 0 crc_valid 0 processed 0/1 abort 1 dtx 0 TBS 17 rb 4+5 sym 0+13 mcs 0 Qm 2 SNR 31.9 dB TAest -1
[0m[PHY]    ULSCH ACK trace 942.4 rnti 5622 harq 7 round 1 rv 2 crc_valid 1 processed 1/1 abort 0 dtx 0 TBS 17 rb 4+5 sym 0+13 mcs 0 Qm 2 SNR 38.9 dB TAest -1
[0m[93m[PHY]    ULSCH NAK trace 943.4 rnti 5622 harq 8 round 0 rv 0 crc_valid 0 processed 0/1 abort 1 dtx 0 TBS 17 rb 4+5 sym 0+13 mcs 0 Qm 2 SNR 38.9 dB TAest -1
[0m[93m[PHY]    ULSCH NAK trace 943.14 rnti 5622 harq 9 round 0 rv 0 crc_valid 0 processed 0/1 abort 1 dtx 0 TBS 17 rb 4+5 sym 0+13 mcs 0 Qm 2 SNR 38.9 dB TAest -1
[0m[PHY]    ULSCH ACK trace 944.4 rnti 5622 harq 8 round 1 rv 2 crc_valid 1 processed 1/1 abort 0 dtx 0 TBS 17 rb 4+5 sym 0+13 mcs 0 Qm 2 SNR 27.8 dB TAest -1
[0m[PHY]    ULSCH ACK trace 944.14 rnti 5622 harq 9 round 1 rv 2 crc_valid 1 processed 1/1 abort 0 dtx 0 TBS 17 rb 4+5 sym 0+13 mcs 0 Qm 2 SNR 29.9 dB TAest -1
[0m[93m[PHY]    ULSCH NAK trace 950.4 rnti 5622 harq 10 round 0 rv 0 crc_valid 0 processed 0/1 abort 1 dtx 0 TBS 17 rb 4+5 sym 0+13 mcs 0 Qm 2 SNR 38.9 dB TAest -1
[0m[93m[PHY]    ULSCH NAK trace 950.14 rnti 5622 harq 11 round 0 rv 0 crc_valid 0 processed 0/1 abort 1 dtx 0 TBS 17 rb 4+5 sym 0+13 mcs 0 Qm 2 SNR 38.9 dB TAest -1
[0m[93m[PHY]    ULSCH NAK trace 951.4 rnti 5622 harq 10 round 1 rv 2 crc_valid 0 processed 0/1 abort 1 dtx 0 TBS 17 rb 4+5 sym 0+13 mcs 0 Qm 2 SNR 38.9 dB TAest -1
[0m[93m[PHY]    ULSCH NAK trace 951.14 rnti 5622 harq 11 round 1 rv 2 crc_valid 0 processed 0/1 abort 1 dtx 0 TBS 17 rb 4+5 sym 0+13 mcs 0 Qm 2 SNR 38.9 dB TAest -1
[0m[PHY]    ULSCH ACK trace 952.4 rnti 5622 harq 10 round 2 rv 3 crc_valid 1 processed 1/1 abort 0 dtx 0 TBS 17 rb 4+5 sym 0+13 mcs 0 Qm 2 SNR 27.8 dB TAest -1
[0m[PHY]    ULSCH ACK trace 952.14 rnti 5622 harq 11 round 2 rv 3 crc_valid 1 processed 1/1 abort 0 dtx 0 TBS 17 rb 4+5 sym 0+13 mcs 0 Qm 2 SNR 29.9 dB TAest -1
[0m[93m[PHY]    ULSCH NAK trace 953.4 rnti 5622 harq 12 round 0 rv 0 crc_valid 0 processed 0/1 abort 1 dtx 0 TBS 17 rb 4+5 sym 0+13 mcs 0 Qm 2 SNR 31.9 dB TAest -1
[0m[93m[PHY]    ULSCH NAK trace 953.9 rnti 5622 harq 13 round 0 rv 0 crc_valid 0 processed 0/1 abort 1 dtx 0 TBS 17 rb 4+5 sym 0+13 mcs 0 Qm 2 SNR 33.0 dB TAest -2
[0m[93m[PHY]    ULSCH NAK trace 953.14 rnti 5622 harq 14 round 0 rv 0 crc_valid 0 processed 0/1 abort 1 dtx 0 TBS 17 rb 4+5 sym 0+13 mcs 0 Qm 2 SNR 34.1 dB TAest -1
[0m[93m[PHY]    ULSCH NAK trace 953.19 rnti 5622 harq 15 round 0 rv 0 crc_valid 0 processed 0/1 abort 1 dtx 0 TBS 17 rb 12+5 sym 0+13 mcs 0 Qm 2 SNR 38.9 dB TAest -1
[0m[PHY]    ULSCH ACK trace 954.4 rnti 5622 harq 12 round 1 rv 2 crc_valid 1 processed 1/1 abort 0 dtx 0 TBS 17 rb 4+5 sym 0+13 mcs 0 Qm 2 SNR 38.9 dB TAest -1
[0m[93m[PHY]    ULSCH NAK trace 954.9 rnti 5622 harq 13 round 1 rv 2 crc_valid 0 processed 0/1 abort 1 dtx 0 TBS 17 rb 4+5 sym 0+13 mcs 0 Qm 2 SNR 39.0 dB TAest -2
[0m[PHY]    ULSCH ACK trace 954.14 rnti 5622 harq 14 round 1 rv 2 crc_valid 1 processed 1/1 abort 0 dtx 0 TBS 17 rb 4+5 sym 0+13 mcs 0 Qm 2 SNR 38.9 dB TAest -1
[0m[PHY]    ULSCH ACK trace 954.19 rnti 5622 harq 15 round 1 rv 2 crc_valid 1 processed 1/1 abort 0 dtx 0 TBS 17 rb 12+5 sym 0+13 mcs 0 Qm 2 SNR 38.9 dB TAest -1
[0m[93m[PHY]    ULSCH NAK trace 955.4 rnti 5622 harq 0 round 0 rv 0 crc_valid 0 processed 0/1 abort 1 dtx 0 TBS 17 rb 4+5 sym 0+13 mcs 0 Qm 2 SNR 38.9 dB TAest -1
[0m[PHY]    ULSCH ACK trace 955.9 rnti 5622 harq 13 round 2 rv 3 crc_valid 1 processed 1/1 abort 0 dtx 0 TBS 17 rb 4+5 sym 0+13 mcs 0 Qm 2 SNR 38.9 dB TAest -1
[0m[PHY]    ULSCH ACK trace 956.4 rnti 5622 harq 0 round 1 rv 2 crc_valid 1 processed 1/1 abort 0 dtx 0 TBS 17 rb 4+5 sym 0+13 mcs 0 Qm 2 SNR 27.8 dB TAest -1
[0m[93m[PHY]    ULSCH NAK trace 958.4 rnti 5622 harq 1 round 0 rv 0 crc_valid 0 processed 0/1 abort 1 dtx 0 TBS 17 rb 4+5 sym 0+13 mcs 0 Qm 2 SNR 38.9 dB TAest -1
[0m[93m[PHY]    ULSCH NAK trace 958.14 rnti 5622 harq 2 round 0 rv 0 crc_valid 0 processed 0/1 abort 1 dtx 0 TBS 17 rb 4+5 sym 0+13 mcs 0 Qm 2 SNR 38.9 dB TAest -1
[0m[93m[PHY]    ULSCH NAK trace 959.4 rnti 5622 harq 1 round 1 rv 2 crc_valid 0 processed 0/1 abort 1 dtx 0 TBS 17 rb 4+5 sym 0+13 mcs 0 Qm 2 SNR 38.9 dB TAest -1
[0m[93m[PHY]    ULSCH NAK trace 959.14 rnti 5622 harq 2 round 1 rv 2 crc_valid 0 processed 0/1 abort 1 dtx 0 TBS 17 rb 4+5 sym 0+13 mcs 0 Qm 2 SNR 38.9 dB TAest -1
[0m[PHY]    ULSCH ACK trace 960.4 rnti 5622 harq 1 round 2 rv 3 crc_valid 1 processed 1/1 abort 0 dtx 0 TBS 17 rb 4+5 sym 0+13 mcs 0 Qm 2 SNR 27.8 dB TAest -1
[0m[PHY]    ULSCH ACK trace 960.14 rnti 5622 harq 2 round 2 rv 3 crc_valid 1 processed 1/1 abort 0 dtx 0 TBS 17 rb 4+5 sym 0+13 mcs 0 Qm 2 SNR 29.9 dB TAest -1
[0m[93m[PHY]    ULSCH NAK trace 961.4 rnti 5622 harq 3 round 0 rv 0 crc_valid 0 processed 0/1 abort 1 dtx 0 TBS 17 rb 4+5 sym 0+13 mcs 0 Qm 2 SNR 31.9 dB TAest -1
[0m[93m[PHY]    ULSCH NAK trace 961.14 rnti 5622 harq 4 round 0 rv 0 crc_valid 0 processed 0/1 abort 1 dtx 0 TBS 17 rb 4+5 sym 0+13 mcs 0 Qm 2 SNR 34.1 dB TAest -1
[0m[PHY]    ULSCH ACK trace 962.4 rnti 5622 harq 3 round 1 rv 2 crc_valid 1 processed 1/1 abort 0 dtx 0 TBS 17 rb 4+5 sym 0+13 mcs 0 Qm 2 SNR 38.9 dB TAest -1
[0m[PHY]    ULSCH ACK trace 962.14 rnti 5622 harq 4 round 1 rv 2 crc_valid 1 processed 1/1 abort 0 dtx 0 TBS 17 rb 4+5 sym 0+13 mcs 0 Qm 2 SNR 38.9 dB TAest -1
[0m[PHY]    ULSCH ACK trace 963.4 rnti 5622 harq 5 round 0 rv 0 crc_valid 1 processed 1/1 abort 0 dtx 0 TBS 17 rb 4+5 sym 0+13 mcs 0 Qm 2 SNR 38.9 dB TAest -1
[0m[93m[PHY]    ULSCH NAK trace 963.9 rnti 5622 harq 6 round 0 rv 0 crc_valid 0 processed 0/1 abort 1 dtx 0 TBS 17 rb 4+5 sym 0+13 mcs 0 Qm 2 SNR 38.9 dB TAest -1
[0m[93m[PHY]    ULSCH NAK trace 963.14 rnti 5622 harq 7 round 0 rv 0 crc_valid 0 processed 0/1 abort 1 dtx 0 TBS 17 rb 4+5 sym 0+13 mcs 0 Qm 2 SNR 38.9 dB TAest -1
[0m[PHY]    ULSCH ACK trace 963.19 rnti 5622 harq 8 round 0 rv 0 crc_valid 1 processed 1/1 abort 0 dtx 0 TBS 17 rb 12+5 sym 0+13 mcs 0 Qm 2 SNR 38.9 dB TAest 1
[0m[93m[PHY]    ULSCH NAK trace 964.4 rnti 5622 harq 9 round 0 rv 0 crc_valid 0 processed 0/1 abort 1 dtx 0 TBS 17 rb 4+5 sym 0+13 mcs 0 Qm 2 SNR 27.8 dB TAest -1
[0m[PHY]    ULSCH ACK trace 964.9 rnti 5622 harq 6 round 1 rv 2 crc_valid 1 processed 1/1 abort 0 dtx 0 TBS 17 rb 4+5 sym 0+13 mcs 0 Qm 2 SNR 28.9 dB TAest -1
[0m[PHY]    ULSCH ACK trace 964.14 rnti 5622 harq 7 round 1 rv 2 crc_valid 1 processed 1/1 abort 0 dtx 0 TBS 17 rb 4+5 sym 0+13 mcs 0 Qm 2 SNR 29.9 dB TAest -1
[0m[93m[PHY]    ULSCH NAK trace 964.19 rnti 5622 harq 10 round 0 rv 0 crc_valid 0 processed 0/1 abort 1 dtx 0 TBS 17 rb 12+5 sym 0+13 mcs 0 Qm 2 SNR 38.9 dB TAest 1
[0m[PHY]    ULSCH ACK trace 965.4 rnti 5622 harq 9 round 1 rv 2 crc_valid 1 processed 1/1 abort 0 dtx 0 TBS 17 rb 4+5 sym 0+13 mcs 0 Qm 2 SNR 31.9 dB TAest -1
[0m[93m[PHY]    ULSCH NAK trace 965.9 rnti 5622 harq 11 round 0 rv 0 crc_valid 0 processed 0/1 abort 1 dtx 0 TBS 17 rb 4+5 sym 0+13 mcs 0 Qm 2 SNR 32.9 dB TAest -2
[0m[93m[PHY]    ULSCH NAK trace 965.14 rnti 5622 harq 12 round 0 rv 0 crc_valid 0 processed 0/1 abort 1 dtx 0 TBS 17 rb 4+5 sym 0+13 mcs 0 Qm 2 SNR 34.1 dB TAest -1
[0m[PHY]    ULSCH ACK trace 965.19 rnti 5622 harq 10 round 1 rv 2 crc_valid 1 processed 1/1 abort 0 dtx 0 TBS 17 rb 12+5 sym 0+13 mcs 0 Qm 2 SNR 38.9 dB TAest -1
[0m[PHY]    ULSCH ACK trace 966.9 rnti 5622 harq 11 round 1 rv 2 crc_valid 1 processed 1/1 abort 0 dtx 0 TBS 17 rb 4+5 sym 0+13 mcs 0 Qm 2 SNR 38.9 dB TAest -2
[0m[PHY]    ULSCH ACK trace 966.14 rnti 5622 harq 12 round 1 rv 2 crc_valid 1 processed 1/1 abort 0 dtx 0 TBS 17 rb 4+5 sym 0+13 mcs 0 Qm 2 SNR 38.9 dB TAest -1
[0m[PHY]    ULSCH ACK trace 968.4 rnti 5622 harq 14 round 2 rv 3 crc_valid 1 processed 1/1 abort 0 dtx 0 TBS 17 rb 4+5 sym 0+13 mcs 0 Qm 2 SNR 27.8 dB TAest -1
[0m[PHY]    ULSCH ACK trace 969.14 rnti 5622 harq 15 round 1 rv 2 crc_valid 1 processed 1/1 abort 0 dtx 0 TBS 17 rb 4+5 sym 0+13 mcs 0 Qm 2 SNR 34.1 dB TAest -1
[0m[93m[NR_MAC] Received ACK for RRCReconfiguration, but nothing to apply!
[0m[93m[NR_MAC] Received ACK for RRCReconfiguration, but nothing to apply!
[0m[93m[NR_MAC] Received ACK for RRCReconfiguration, but nothing to apply!
[0m[93m[NR_MAC] Received ACK for RRCReconfiguration, but nothing to apply!
[0m[93m[NR_MAC] Received ACK for RRCReconfiguration, but nothing to apply!
[0m[93m[NR_MAC] Received ACK for RRCReconfiguration, but nothing to apply!
[0m[HW]     [o-du 0][rx   86017 pps   10752 kbps   72960][tx  255020 pps   31872 kbps  182321][Total Msgs_Rcvd 86017]
[0m[HW]     [o_du0][pusch0   73728 prach0   12288]
[0m[PHY]    prach_I0 = 1.1 dB
[0m[HW]     [o-du 0][rx   96769 pps   10752 kbps   72960][tx  286892 pps   31872 kbps  182321][Total Msgs_Rcvd 96769]
[0m[HW]     [o_du0][pusch0   82944 prach0   13824]
[0m[HW]     [o-du 0][rx  107521 pps   10752 kbps   72960][tx  318764 pps   31872 kbps  182321][Total Msgs_Rcvd 107521]
[0m[HW]     [o_du0][pusch0   92160 prach0   15360]
[0m[HW]     [o-du 0][rx  118273 pps   10752 kbps   72955][tx  350636 pps   31872 kbps  182321][Total Msgs_Rcvd 118273]
[0m[HW]     [o_du0][pusch0  101376 prach0   16896]
[0m[HW]     [o-du 0][rx  129026 pps   10753 kbps   72960][tx  382508 pps   31872 kbps  182321][Total Msgs_Rcvd 129026]
[0m[HW]     [o_du0][pusch0  110592 prach0   18432]
[0m[HW]     [o-du 0][rx  139778 pps   10752 kbps   72960][tx  414380 pps   31872 kbps  182321][Total Msgs_Rcvd 139778]
[0m[HW]     [o_du0][pusch0  119808 prach0   19968]
[0m[HW]     [o-du 0][rx  150531 pps   10753 kbps   72967][tx  446252 pps   31872 kbps  182321][Total Msgs_Rcvd 150531]
[0m[HW]     [o_du0][pusch0  129024 prach0   21504]
[0m[HW]     [o-du 0][rx  161283 pps   10752 kbps   72945][tx  478124 pps   31872 kbps  182321][Total Msgs_Rcvd 161283]
[0m[HW]     [o_du0][pusch0  138240 prach0   23040]
[0m[HW]     [o-du 0][rx  172035 pps   10752 kbps   72960][tx  509996 pps   31872 kbps  182321][Total Msgs_Rcvd 172035]
[0m[HW]     [o_du0][pusch0  147456 prach0   24576]
[0m[PHY]    prach_I0 = 0.0 dB
[0m[HW]     [o-du 0][rx  182788 pps   10753 kbps   72960][tx  541868 pps   31872 kbps  182321][Total Msgs_Rcvd 182788]
[0m[HW]     [o_du0][pusch0  156672 prach0   26112]
[0m[93m[NR_MAC] MSG3 ULSCH with no signal
[0m[HW]     [o-du 0][rx  193540 pps   10752 kbps   72953][tx  573740 pps   31872 kbps  182321][Total Msgs_Rcvd 193540]
[0m[HW]     [o_du0][pusch0  165888 prach0   27648]
[0m[93m[NR_MAC] UE c5ab RA failed at state WAIT_Msg3 (Reached msg3 max harq rounds)
[0m[HW]     [o-du 0][rx  204292 pps   10752 kbps   72960][tx  605612 pps   31872 kbps  182321][Total Msgs_Rcvd 204292]
[0m[HW]     [o_du0][pusch0  175104 prach0   29184]
[0m[HW]     [o-du 0][rx  215044 pps   10752 kbps   72969][tx  637484 pps   31872 kbps  182321][Total Msgs_Rcvd 215044]
[0m[HW]     [o_du0][pusch0  184320 prach0   30720]
[0m[HW]     [o-du 0][rx  225796 pps   10752 kbps   72960][tx  669356 pps   31872 kbps  182321][Total Msgs_Rcvd 225796]
[0m[HW]     [o_du0][pusch0  193536 prach0   32256]
[0m[HW]     [o-du 0][rx  236548 pps   10752 kbps   72950][tx  701228 pps   31872 kbps  182321][Total Msgs_Rcvd 236548]
[0m[HW]     [o_du0][pusch0  202752 prach0   33792]
[0m[HW]     [o-du 0][rx  247300 pps   10752 kbps   72978][tx  733100 pps   31872 kbps  182321][Total Msgs_Rcvd 247300]
[0m[HW]     [o_du0][pusch0  211968 prach0   35328]
[0m[HW]     [o-du 0][rx  258053 pps   10753 kbps   72957][tx  764972 pps   31872 kbps  182321][Total Msgs_Rcvd 258053]
[0m[HW]     [o_du0][pusch0  221184 prach0   36864]
[0m[PHY]    prach_I0 = 0.0 dB
[0m[HW]     [o-du 0][rx  268805 pps   10752 kbps   72964][tx  796844 pps   31872 kbps  182321][Total Msgs_Rcvd 268805]
[0m[HW]     [o_du0][pusch0  230400 prach0   38400]
[0m[HW]     [o-du 0][rx  279557 pps   10752 kbps   72978][tx  828716 pps   31872 kbps  182321][Total Msgs_Rcvd 279557]
[0m[HW]     [o_du0][pusch0  239616 prach0   39936]
[0m[HW]     [o-du 0][rx  290309 pps   10752 kbps   72955][tx  860588 pps   31872 kbps  182321][Total Msgs_Rcvd 290309]
[0m[HW]     [o_du0][pusch0  248832 prach0   41472]
[0m[HW]     [o-du 0][rx  301061 pps   10752 kbps   72960][tx  892460 pps   31872 kbps  182321][Total Msgs_Rcvd 301061]
[0m[HW]     [o_du0][pusch0  258048 prach0   43008]
[0m[HW]     [o-du 0][rx  311813 pps   10752 kbps   72960][tx  924332 pps   31872 kbps  182321][Total Msgs_Rcvd 311813]
[0m[HW]     [o_du0][pusch0  267264 prach0   44544]
[0m[HW]     [o-du 0][rx  322565 pps   10752 kbps   72960][tx  956204 pps   31872 kbps  182321][Total Msgs_Rcvd 322565]
[0m[HW]     [o_du0][pusch0  276480 prach0   46080]
[0m[HW]     [o-du 0][rx  333317 pps   10752 kbps   72955][tx  988076 pps   31872 kbps  182321][Total Msgs_Rcvd 333317]
[0m[HW]     [o_du0][pusch0  285696 prach0   47616]
[0m[HW]     [o-du 0][rx  344069 pps   10752 kbps   72964][tx 1019948 pps   31872 kbps  182321][Total Msgs_Rcvd 344069]
[0m[HW]     [o_du0][pusch0  294912 prach0   49152]
[0m[PHY]    prach_I0 = 0.0 dB
[0m[HW]     [o-du 0][rx  354821 pps   10752 kbps   72960][tx 1051820 pps   31872 kbps  182321][Total Msgs_Rcvd 354821]
[0m[HW]     [o_du0][pusch0  304128 prach0   50688]
[0m[HW]     [o-du 0][rx  365573 pps   10752 kbps   72960][tx 1083692 pps   31872 kbps  182321][Total Msgs_Rcvd 365573]
[0m[HW]     [o_du0][pusch0  313344 prach0   52224]
[0m[HW]     [o-du 0][rx  376325 pps   10752 kbps   72960][tx 1115564 pps   31872 kbps  182321][Total Msgs_Rcvd 376325]
[0m[HW]     [o_du0][pusch0  322560 prach0   53760]
[0m[HW]     [o-du 0][rx  387077 pps   10752 kbps   72955][tx 1147436 pps   31872 kbps  182321][Total Msgs_Rcvd 387077]
[0m[HW]     [o_du0][pusch0  331776 prach0   55296]
[0m[HW]     [o-du 0][rx  397830 pps   10753 kbps   72962][tx 1179308 pps   31872 kbps  182321][Total Msgs_Rcvd 397830]
[0m[HW]     [o_du0][pusch0  340992 prach0   56832]
[0m[HW]     [o-du 0][rx  408582 pps   10752 kbps   72960][tx 1211180 pps   31872 kbps  182321][Total Msgs_Rcvd 408582]
[0m[HW]     [o_du0][pusch0  350208 prach0   58368]
[0m[HW]     [o-du 0][rx  419334 pps   10752 kbps   72960][tx 1243052 pps   31872 kbps  182321][Total Msgs_Rcvd 419334]
[0m[HW]     [o_du0][pusch0  359424 prach0   59904]
[0m[HW]     [o-du 0][rx  430086 pps   10752 kbps   72964][tx 1274924 pps   31872 kbps  182321][Total Msgs_Rcvd 430086]
[0m[HW]     [o_du0][pusch0  368640 prach0   61440]
[0m[PHY]    prach_I0 = 0.0 dB
[0m[HW]     [o-du 0][rx  440838 pps   10752 kbps   72960][tx 1306796 pps   31872 kbps  182321][Total Msgs_Rcvd 440838]
[0m[HW]     [o_du0][pusch0  377856 prach0   62976]
[0m[HW]     [o-du 0][rx  451590 pps   10752 kbps   72960][tx 1338668 pps   31872 kbps  182321][Total Msgs_Rcvd 451590]
[0m[HW]     [o_du0][pusch0  387072 prach0   64512]
[0m[HW]     [o-du 0][rx  462342 pps   10752 kbps   72960][tx 1370540 pps   31872 kbps  182321][Total Msgs_Rcvd 462342]
[0m[HW]     [o_du0][pusch0  396288 prach0   66048]
[0m[HW]     [o-du 0][rx  473094 pps   10752 kbps   72960][tx 1402412 pps   31872 kbps  182321][Total Msgs_Rcvd 473094]
[0m[HW]     [o_du0][pusch0  405504 prach0   67584]
[0m[HW]     [o-du 0][rx  483846 pps   10752 kbps   72960][tx 1434284 pps   31872 kbps  182321][Total Msgs_Rcvd 483846]
[0m[HW]     [o_du0][pusch0  414720 prach0   69120]
[0m[HW]     [o-du 0][rx  494598 pps   10752 kbps   72960][tx 1466156 pps   31872 kbps  182321][Total Msgs_Rcvd 494598]
[0m[HW]     [o_du0][pusch0  423936 prach0   70656]
[0m[HW]     [o-du 0][rx  505351 pps   10753 kbps   72953][tx 1498028 pps   31872 kbps  182321][Total Msgs_Rcvd 505351]
[0m[HW]     [o_du0][pusch0  433152 prach0   72192]
[0m[HW]     [o-du 0][rx  516103 pps   10752 kbps   72969][tx 1529900 pps   31872 kbps  182321][Total Msgs_Rcvd 516103]
[0m[HW]     [o_du0][pusch0  442368 prach0   73728]
[0m[PHY]    prach_I0 = 0.0 dB
[0m[HW]     [o-du 0][rx  526856 pps   10753 kbps   72962][tx 1561772 pps   31872 kbps  182321][Total Msgs_Rcvd 526856]
[0m[HW]     [o_du0][pusch0  451584 prach0   75264]
[0m[HW]     [o-du 0][rx  537608 pps   10752 kbps   72960][tx 1593644 pps   31872 kbps  182321][Total Msgs_Rcvd 537608]
[0m[HW]     [o_du0][pusch0  460800 prach0   76800]
[0m[HW]     [o-du 0][rx  548360 pps   10752 kbps   72960][tx 1625516 pps   31872 kbps  182321][Total Msgs_Rcvd 548360]
[0m[HW]     [o_du0][pusch0  470016 prach0   78336]
[0m[HW]     [o-du 0][rx  559113 pps   10753 kbps   72955][tx 1657388 pps   31872 kbps  182321][Total Msgs_Rcvd 559113]
[0m[HW]     [o_du0][pusch0  479232 prach0   79872]
[0m[HW]     [o-du 0][rx  569865 pps   10752 kbps   72981][tx 1689260 pps   31872 kbps  182321][Total Msgs_Rcvd 569865]
[0m[HW]     [o_du0][pusch0  488448 prach0   81408]
[0m[HW]     [o-du 0][rx  580617 pps   10752 kbps   72955][tx 1721132 pps   31872 kbps  182321][Total Msgs_Rcvd 580617]
[0m[HW]     [o_du0][pusch0  497664 prach0   82944]
[0m[HW]     [o-du 0][rx  591369 pps   10752 kbps   72950][tx 1753004 pps   31872 kbps  182321][Total Msgs_Rcvd 591369]
[0m[HW]     [o_du0][pusch0  506880 prach0   84480]
[0m[HW]     [o-du 0][rx  602121 pps   10752 kbps   72974][tx 1784876 pps   31872 kbps  182321][Total Msgs_Rcvd 602121]
[0m[HW]     [o_du0][pusch0  516096 prach0   86016]
[0m[PHY]    prach_I0 = 2.7 dB
[0m[HW]     [o-du 0][rx  612873 pps   10752 kbps   72955][tx 1816748 pps   31872 kbps  182321][Total Msgs_Rcvd 612873]
[0m[HW]     [o_du0][pusch0  525312 prach0   87552]
[0m[HW]     [o-du 0][rx  623625 pps   10752 kbps   72960][tx 1848620 pps   31872 kbps  182321][Total Msgs_Rcvd 623625]
[0m[HW]     [o_du0][pusch0  534528 prach0   89088]
[0m[HW]     [o-du 0][rx  634378 pps   10753 kbps   72971][tx 1880492 pps   31872 kbps  182321][Total Msgs_Rcvd 634378]
[0m[HW]     [o_du0][pusch0  543744 prach0   90624]
[0m[HW]     [o-du 0][rx  645130 pps   10752 kbps   72960][tx 1912364 pps   31872 kbps  182321][Total Msgs_Rcvd 645130]
[0m[HW]     [o_du0][pusch0  552960 prach0   92160]
[0m[HW]     [o-du 0][rx  655882 pps   10752 kbps   72960][tx 1944236 pps   31872 kbps  182321][Total Msgs_Rcvd 655882]
[0m[HW]     [o_du0][pusch0  562176 prach0   93696]
[0m[HW]     [o-du 0][rx  666634 pps   10752 kbps   72964][tx 1976108 pps   31872 kbps  182321][Total Msgs_Rcvd 666634]
[0m[HW]     [o_du0][pusch0  571392 prach0   95232]
[0m[HW]     [o-du 0][rx  677386 pps   10752 kbps   72955][tx 2007980 pps   31872 kbps  182321][Total Msgs_Rcvd 677386]
[0m[HW]     [o_du0][pusch0  580608 prach0   96768]
[0m[HW]     [o-du 0][rx  688138 pps   10752 kbps   72960][tx 2039852 pps   31872 kbps  182321][Total Msgs_Rcvd 688138]
[0m[HW]     [o_du0][pusch0  589824 prach0   98304]
[0m[PHY]    prach_I0 = 0.0 dB
[0m[HW]     [o-du 0][rx  698890 pps   10752 kbps   72960][tx 2071724 pps   31872 kbps  182321][Total Msgs_Rcvd 698890]
[0m[HW]     [o_du0][pusch0  599040 prach0   99840]
[0m[HW]     [o-du 0][rx  709642 pps   10752 kbps   72960][tx 2103596 pps   31872 kbps  182321][Total Msgs_Rcvd 709642]
[0m[HW]     [o_du0][pusch0  608256 prach0  101376]
[0m[HW]     [o-du 0][rx  720394 pps   10752 kbps   72960][tx 2135468 pps   31872 kbps  182321][Total Msgs_Rcvd 720394]
[0m[HW]     [o_du0][pusch0  617472 prach0  102912]
[0m[HW]     [o-du 0][rx  731146 pps   10752 kbps   72960][tx 2167340 pps   31872 kbps  182321][Total Msgs_Rcvd 731146]
[0m[HW]     [o_du0][pusch0  626688 prach0  104448]
[0m[93m[NR_MAC] MSG3 ULSCH with no signal
[0m[93m[NR_MAC] UE 800b RA failed at state WAIT_Msg3 (Reached msg3 max harq rounds)
[0m[HW]     [o-du 0][rx  741898 pps   10752 kbps   72960][tx 2199212 pps   31872 kbps  182321][Total Msgs_Rcvd 741898]
[0m[HW]     [o_du0][pusch0  635904 prach0  105984]
[0m[HW]     [o-du 0][rx  752650 pps   10752 kbps   72960][tx 2231084 pps   31872 kbps  182321][Total Msgs_Rcvd 752650]
[0m[HW]     [o_du0][pusch0  645120 prach0  107520]
[0m[HW]     [o-du 0][rx  763402 pps   10752 kbps   72960][tx 2262956 pps   31872 kbps  182321][Total Msgs_Rcvd 763402]
[0m[HW]     [o_du0][pusch0  654336 prach0  109056]
[0m[HW]     [o-du 0][rx  774155 pps   10753 kbps   72953][tx 2294828 pps   31872 kbps  182321][Total Msgs_Rcvd 774155]
[0m[HW]     [o_du0][pusch0  663552 prach0  110592]
[0m[PHY]    prach_I0 = 13.6 dB
[0m[HW]     [o-du 0][rx  784907 pps   10752 kbps   72969][tx 2326700 pps   31872 kbps  182321][Total Msgs_Rcvd 784907]
[0m[HW]     [o_du0][pusch0  672768 prach0  112128]
[0m[HW]     [o-du 0][rx  795659 pps   10752 kbps   72950][tx 2358572 pps   31872 kbps  182321][Total Msgs_Rcvd 795659]
[0m[HW]     [o_du0][pusch0  681984 prach0  113664]
[0m[HW]     [o-du 0][rx  806411 pps   10752 kbps   72969][tx 2390444 pps   31872 kbps  182321][Total Msgs_Rcvd 806411]
[0m[HW]     [o_du0][pusch0  691200 prach0  115200]
[0m[HW]     [o-du 0][rx  817163 pps   10752 kbps   72969][tx 2422316 pps   31872 kbps  182321][Total Msgs_Rcvd 817163]
[0m[HW]     [o_du0][pusch0  700416 prach0  116736]
[0m[HW]     [o-du 0][rx  827915 pps   10752 kbps   72960][tx 2454188 pps   31872 kbps  182321][Total Msgs_Rcvd 827915]
[0m[HW]     [o_du0][pusch0  709632 prach0  118272]
[0m[HW]     [o-du 0][rx  838667 pps   10752 kbps   72960][tx 2486060 pps   31872 kbps  182321][Total Msgs_Rcvd 838667]
[0m[HW]     [o_du0][pusch0  718848 prach0  119808]
[0m[HW]     [o-du 0][rx  849419 pps   10752 kbps   72960][tx 2517932 pps   31872 kbps  182321][Total Msgs_Rcvd 849419]
[0m[HW]     [o_du0][pusch0  728064 prach0  121344]
[0m[HW]     [o-du 0][rx  860171 pps   10752 kbps   72969][tx 2549804 pps   31872 kbps  182321][Total Msgs_Rcvd 860171]
[0m[HW]     [o_du0][pusch0  737280 prach0  122880]
[0m[PHY]    prach_I0 = 13.3 dB
[0m[HW]     [o-du 0][rx  870923 pps   10752 kbps   72950][tx 2581676 pps   31872 kbps  182321][Total Msgs_Rcvd 870923]
[0m[HW]     [o_du0][pusch0  746496 prach0  124416]
[0m[HW]     [o-du 0][rx  881676 pps   10753 kbps   72962][tx 2613548 pps   31872 kbps  182321][Total Msgs_Rcvd 881676]
[0m[HW]     [o_du0][pusch0  755712 prach0  125952]
[0m[HW]     [o-du 0][rx  892428 pps   10752 kbps   72960][tx 2645420 pps   31872 kbps  182321][Total Msgs_Rcvd 892428]
[0m[HW]     [o_du0][pusch0  764928 prach0  127488]
[0m[HW]     [o-du 0][rx  903181 pps   10753 kbps   72962][tx 2677292 pps   31872 kbps  182321][Total Msgs_Rcvd 903181]
[0m[HW]     [o_du0][pusch0  774144 prach0  129024]
[0m[1;31m[NR_MAC] LCID 38 not handled yet!
[0m[1;31m[NR_MAC] Multi entry PHR not supported
[0m[1;31m[NR_MAC] Invalid PDU in 595.19 for RNTI 5622! mac_subheader_len: 2, mac_len: 40, remaining pdu_len: 19
[0m[1;31m[NR_MAC] Residual UL MAC PDU: [0m[HW]     [o-du 0][rx  913933 pps   10752 kbps   72964][tx 2709164 pps   31872 kbps  182321][Total Msgs_Rcvd 913933]
[0m[HW]     [o_du0][pusch0  783360 prach0  130560]
[0m[HW]     [o-du 0][rx  924685 pps   10752 kbps   72955][tx 2741036 pps   31872 kbps  182321][Total Msgs_Rcvd 924685]
[0m[HW]     [o_du0][pusch0  792576 prach0  132096]
[0m[HW]     [o-du 0][rx  935437 pps   10752 kbps   72974][tx 2772908 pps   31872 kbps  182321][Total Msgs_Rcvd 935437]
[0m[HW]     [o_du0][pusch0  801792 prach0  133632]
[0m[HW]     [o-du 0][rx  946190 pps   10753 kbps   72957][tx 2804780 pps   31872 kbps  182321][Total Msgs_Rcvd 946190]
[0m[HW]     [o_du0][pusch0  811008 prach0  135168]
[0m[PHY]    prach_I0 = 13.1 dB
[0m[HW]     [o-du 0][rx  956942 pps   10752 kbps   72960][tx 2836652 pps   31872 kbps  182321][Total Msgs_Rcvd 956942]
[0m[HW]     [o_du0][pusch0  820224 prach0  136704]
[0m[HW]     [o-du 0][rx  967694 pps   10752 kbps   72960][tx 2868524 pps   31872 kbps  182321][Total Msgs_Rcvd 967694]
[0m[HW]     [o_du0][pusch0  829440 prach0  138240]
[0m[HW]     [o-du 0][rx  978446 pps   10752 kbps   72960][tx 2900396 pps   31872 kbps  182321][Total Msgs_Rcvd 978446]
[0m[HW]     [o_du0][pusch0  838656 prach0  139776]
[0m[HW]     [o-du 0][rx  989198 pps   10752 kbps   72960][tx 2932268 pps   31872 kbps  182321][Total Msgs_Rcvd 989198]
[0m[HW]     [o_du0][pusch0  847872 prach0  141312]
[0m[HW]     [o-du 0][rx  999950 pps   10752 kbps   72960][tx 2964140 pps   31872 kbps  182321][Total Msgs_Rcvd 999950]
[0m[HW]     [o_du0][pusch0  857088 prach0  142848]
[0m[HW]     [o-du 0][rx 1010703 pps   10753 kbps   72962][tx 2996012 pps   31872 kbps  182321][Total Msgs_Rcvd 1010703]
[0m[HW]     [o_du0][pusch0  866304 prach0  144384]
[0m[HW]     [o-du 0][rx 1021455 pps   10752 kbps   72950][tx 3027884 pps   31872 kbps  182321][Total Msgs_Rcvd 1021455]
[0m[HW]     [o_du0][pusch0  875520 prach0  145920]
[0m[HW]     [o-du 0][rx 1032207 pps   10752 kbps   72969][tx 3059756 pps   31872 kbps  182321][Total Msgs_Rcvd 1032207]
[0m[HW]     [o_du0][pusch0  884736 prach0  147456]
[0m[PHY]    prach_I0 = 13.3 dB
[0m[HW]     [o-du 0][rx 1042959 pps   10752 kbps   72960][tx 3091628 pps   31872 kbps  182321][Total Msgs_Rcvd 1042959]
[0m[HW]     [o_du0][pusch0  893952 prach0  148992]
[0m[HW]     [o-du 0][rx 1053711 pps   10752 kbps   72950][tx 3123500 pps   31872 kbps  182321][Total Msgs_Rcvd 1053711]
[0m[HW]     [o_du0][pusch0  903168 prach0  150528]
[0m[HW]     [o-du 0][rx 1064463 pps   10752 kbps   72969][tx 3155372 pps   31872 kbps  182321][Total Msgs_Rcvd 1064463]
[0m[HW]     [o_du0][pusch0  912384 prach0  152064]
[0m[HW]     [o-du 0][rx 1075215 pps   10752 kbps   72903][tx 3187244 pps   31872 kbps  182321][Total Msgs_Rcvd 1075215]
[0m[HW]     [o_du0][pusch0  921600 prach0  153600]
[0m[HW]     [o-du 0][rx 1085967 pps   10752 kbps   72945][tx 3219116 pps   31872 kbps  182321][Total Msgs_Rcvd 1085967]
[0m[HW]     [o_du0][pusch0  930816 prach0  155136]
[0m[HW]     [o-du 0][rx 1096719 pps   10752 kbps   72974][tx 3250988 pps   31872 kbps  182321][Total Msgs_Rcvd 1096719]
[0m[HW]     [o_du0][pusch0  940032 prach0  156672]
[0m[HW]     [o-du 0][rx 1107471 pps   10752 kbps   72960][tx 3282860 pps   31872 kbps  182321][Total Msgs_Rcvd 1107471]
[0m[HW]     [o_du0][pusch0  949248 prach0  158208]
[0m[HW]     [o-du 0][rx 1118223 pps   10752 kbps   72960][tx 3314732 pps   31872 kbps  182321][Total Msgs_Rcvd 1118223]
[0m[HW]     [o_du0][pusch0  958464 prach0  159744]
[0m[PHY]    prach_I0 = 13.3 dB
[0m[HW]     [o-du 0][rx 1128975 pps   10752 kbps   72960][tx 3346604 pps   31872 kbps  182321][Total Msgs_Rcvd 1128975]
[0m[HW]     [o_du0][pusch0  967680 prach0  161280]
[0m[HW]     [o-du 0][rx 1139727 pps   10752 kbps   72960][tx 3378476 pps   31872 kbps  182321][Total Msgs_Rcvd 1139727]
[0m[HW]     [o_du0][pusch0  976896 prach0  162816]
[0m[HW]     [o-du 0][rx 1150480 pps   10753 kbps   72962][tx 3410348 pps   31872 kbps  182321][Total Msgs_Rcvd 1150480]
[0m[HW]     [o_du0][pusch0  986112 prach0  164352]
[0m[HW]     [o-du 0][rx 1161232 pps   10752 kbps   72960][tx 3442220 pps   31872 kbps  182321][Total Msgs_Rcvd 1161232]
[0m[HW]     [o_du0][pusch0  995328 prach0  165888]
[0m[HW]     [o-du 0][rx 1171984 pps   10752 kbps   72960][tx 3474092 pps   31872 kbps  182321][Total Msgs_Rcvd 1171984]
[0m[HW]     [o_du0][pusch0 1004544 prach0  167424]
[0m[HW]     [o-du 0][rx 1182736 pps   10752 kbps   72950][tx 3505964 pps   31872 kbps  182321][Total Msgs_Rcvd 1182736]
[0m[HW]     [o_du0][pusch0 1013760 prach0  168960]
[0m[HW]     [o-du 0][rx 1183360 pps     624 kbps   43438][tx 3537836 pps   31872 kbps  182321][Total Msgs_Rcvd 1183360]
[0m[HW]     [o_du0][pusch0 1014300 prach0  169044]
[0m[HW]     [o-du 0][rx 1183360 pps       0 kbps       0][tx 3569708 pps   31872 kbps  182321][Total Msgs_Rcvd 1183360]
[0m[HW]     [o_du0][pusch0 1014300 prach0  169044]
[0m[PHY]    prach_I0 = 11.5 dB
[0m[HW]     [o-du 0][rx 1183360 pps       0 kbps       0][tx 3601580 pps   31872 kbps  182321][Total Msgs_Rcvd 1183360]
[0m[HW]     [o_du0][pusch0 1014300 prach0  169044]
[0m[HW]     [o-du 0][rx 1183360 pps       0 kbps       0][tx 3633452 pps   31872 kbps  182321][Total Msgs_Rcvd 1183360]
[0m[HW]     [o_du0][pusch0 1014300 prach0  169044]
[0m[HW]     [o-du 0][rx 1183360 pps       0 kbps       0][tx 3665324 pps   31872 kbps  182321][Total Msgs_Rcvd 1183360]
[0m[HW]     [o_du0][pusch0 1014300 prach0  169044]
[0m[HW]     [o-du 0][rx 1183360 pps       0 kbps       0][tx 3697196 pps   31872 kbps  182321][Total Msgs_Rcvd 1183360]
[0m[HW]     [o_du0][pusch0 1014300 prach0  169044]
[0m[HW]     [o-du 0][rx 1183360 pps       0 kbps       0][tx 3729068 pps   31872 kbps  182321][Total Msgs_Rcvd 1183360]
[0m[HW]     [o_du0][pusch0 1014300 prach0  169044]
[0m[HW]     [o-du 0][rx 1183360 pps       0 kbps       0][tx 3760940 pps   31872 kbps  182321][Total Msgs_Rcvd 1183360]
[0m[HW]     [o_du0][pusch0 1014300 prach0  169044]
[0m[HW]     [o-du 0][rx 1183360 pps       0 kbps       0][tx 3792812 pps   31872 kbps  182321][Total Msgs_Rcvd 1183360]
[0m[HW]     [o_du0][pusch0 1014300 prach0  169044]
[0m[HW]     [o-du 0][rx 1183360 pps       0 kbps       0][tx 3824684 pps   31872 kbps  182321][Total Msgs_Rcvd 1183360]
[0m[HW]     [o_du0][pusch0 1014300 prach0  169044]
[0m[PHY]    prach_I0 = 11.5 dB
[0m[HW]     [o-du 0][rx 1183360 pps       0 kbps       0][tx 3856556 pps   31872 kbps  182321][Total Msgs_Rcvd 1183360]
[0m[HW]     [o_du0][pusch0 1014300 prach0  169044]
[0m[HW]     [o-du 0][rx 1183360 pps       0 kbps       0][tx 3888428 pps   31872 kbps  182321][Total Msgs_Rcvd 1183360]
[0m[HW]     [o_du0][pusch0 1014300 prach0  169044]
[0m[HW]     [o-du 0][rx 1183360 pps       0 kbps       0][tx 3920300 pps   31872 kbps  182321][Total Msgs_Rcvd 1183360]
[0m[HW]     [o_du0][pusch0 1014300 prach0  169044]
[0m[HW]     [o-du 0][rx 1183360 pps       0 kbps       0][tx 3952172 pps   31872 kbps  182321][Total Msgs_Rcvd 1183360]
[0m[HW]     [o_du0][pusch0 1014300 prach0  169044]
[0m[1;31m[RLC]    max RETX reached on DRB 1
[0m[93m[RLC]    UE 5622: RLF detected, but no callable RLF handler registered
[0m[1;31m[RLC]    max RETX reached on DRB 1
[0m[93m[RLC]    UE 5622: RLF detected, but no callable RLF handler registered
[0m[1;31m[RLC]    max RETX reached on DRB 1
[0m[93m[RLC]    UE 5622: RLF detected, but no callable RLF handler registered
[0m[1;31m[RLC]    max RETX reached on DRB 1
[0m[93m[RLC]    UE 5622: RLF detected, but no callable RLF handler registered
[0m[1;31m[RLC]    max RETX reached on DRB 1
[0m[93m[RLC]    UE 5622: RLF detected, but no callable RLF handler registered
[0m[1;31m[RLC]    max RETX reached on DRB 1
[0m[93m[RLC]    UE 5622: RLF detected, but no callable RLF handler registered
[0m[1;31m[RLC]    max RETX reached on DRB 1
[0m[93m[RLC]    UE 5622: RLF detected, but no callable RLF handler registered
[0m[HW]     [o-du 0][rx 1183360 pps       0 kbps       0][tx 3984044 pps   31872 kbps  182321][Total Msgs_Rcvd 1183360]
[0m[HW]     [o_du0][pusch0 1014300 prach0  169044]
[0m[1;31m[RLC]    max RETX reached on DRB 1
[0m[93m[RLC]    UE 5622: RLF detected, but no callable RLF handler registered
[0m[1;31m[RLC]    max RETX reached on DRB 1
[0m[93m[RLC]    UE 5622: RLF detected, but no callable RLF handler registered
[0m[1;31m[RLC]    max RETX reached on DRB 1
[0m[93m[RLC]    UE 5622: RLF detected, but no callable RLF handler registered
[0m[1;31m[RLC]    max RETX reached on DRB 1
[0m[93m[RLC]    UE 5622: RLF detected, but no callable RLF handler registered
[0m[1;31m[RLC]    max RETX reached on DRB 1
[0m[93m[RLC]    UE 5622: RLF detected, but no callable RLF handler registered
[0m[1;31m[RLC]    max RETX reached on DRB 1
[0m[93m[RLC]    UE 5622: RLF detected, but no callable RLF handler registered
[0m[1;31m[RLC]    max RETX reached on DRB 1
[0m[93m[RLC]    UE 5622: RLF detected, but no callable RLF handler registered
[0m[1;31m[RLC]    max RETX reached on DRB 1
[0m[93m[RLC]    UE 5622: RLF detected, but no callable RLF handler registered
[0m[1;31m[RLC]    max RETX reached on DRB 1
[0m[93m[RLC]    UE 5622: RLF detected, but no callable RLF handler registered
[0m[1;31m[RLC]    max RETX reached on DRB 1
[0m[93m[RLC]    UE 5622: RLF detected, but no callable RLF handler registered
[0m[1;31m[RLC]    max RETX reached on DRB 1
[0m[93m[RLC]    UE 5622: RLF detected, but no callable RLF handler registered
[0m[1;31m[RLC]    max RETX reached on DRB 1
[0m[93m[RLC]    UE 5622: RLF detected, but no callable RLF handler registered
[0m[1;31m[RLC]    max RETX reached on DRB 1
[0m[93m[RLC]    UE 5622: RLF detected, but no callable RLF handler registered
[0m[1;31m[RLC]    max RETX reached on DRB 1
[0m[93m[RLC]    UE 5622: RLF detected, but no callable RLF handler registered
[0m[1;31m[RLC]    max RETX reached on DRB 1
[0m[93m[RLC]    UE 5622: RLF detected, but no callable RLF handler registered
[0m[1;31m[RLC]    max RETX reached on DRB 1
[0m[93m[RLC]    UE 5622: RLF detected, but no callable RLF handler registered
[0m[1;31m[RLC]    max RETX reached on DRB 1
[0m[93m[RLC]    UE 5622: RLF detected, but no callable RLF handler registered
[0m[1;31m[RLC]    max RETX reached on DRB 1
[0m[93m[RLC]    UE 5622: RLF detected, but no callable RLF handler registered
[0m[1;31m[RLC]    max RETX reached on DRB 1
[0m[93m[RLC]    UE 5622: RLF detected, but no callable RLF handler registered
[0m[1;31m[RLC]    max RETX reached on DRB 1
[0m[93m[RLC]    UE 5622: RLF detected, but no callable RLF handler registered
[0m[1;31m[RLC]    max RETX reached on DRB 1
[0m[93m[RLC]    UE 5622: RLF detected, but no callable RLF handler registered
[0m[1;31m[RLC]    max RETX reached on DRB 1
[0m[93m[RLC]    UE 5622: RLF detected, but no callable RLF handler registered
[0m[1;31m[RLC]    max RETX reached on DRB 1
[0m[93m[RLC]    UE 5622: RLF detected, but no callable RLF handler registered
[0m[1;31m[RLC]    max RETX reached on DRB 1
[0m[93m[RLC]    UE 5622: RLF detected, but no callable RLF handler registered
[0m[1;31m[RLC]    max RETX reached on DRB 1
[0m[93m[RLC]    UE 5622: RLF detected, but no callable RLF handler registered
[0m[1;31m[RLC]    max RETX reached on DRB 1
[0m[93m[RLC]    UE 5622: RLF detected, but no callable RLF handler registered
[0m[1;31m[RLC]    max RETX reached on DRB 1
[0m[93m[RLC]    UE 5622: RLF detected, but no callable RLF handler registered
[0m[HW]     [o-du 0][rx 1183360 pps       0 kbps       0][tx 4015916 pps   31872 kbps  182321][Total Msgs_Rcvd 1183360]
[0m[HW]     [o_du0][pusch0 1014300 prach0  169044]
[0m[1;31m[RLC]    max RETX reached on DRB 1
[0m[93m[RLC]    UE 5622: RLF detected, but no callable RLF handler registered
[0m[1;31m[RLC]    max RETX reached on DRB 1
[0m[93m[RLC]    UE 5622: RLF detected, but no callable RLF handler registered
[0m[1;31m[RLC]    max RETX reached on DRB 1
[0m[93m[RLC]    UE 5622: RLF detected, but no callable RLF handler registered
[0m[1;31m[RLC]    max RETX reached on DRB 1
[0m[93m[RLC]    UE 5622: RLF detected, but no callable RLF handler registered
[0m[1;31m[RLC]    max RETX reached on DRB 1
[0m[93m[RLC]    UE 5622: RLF detected, but no callable RLF handler registered
[0m[1;31m[RLC]    max RETX reached on DRB 1
[0m[93m[RLC]    UE 5622: RLF detected, but no callable RLF handler registered
[0m[1;31m[RLC]    max RETX reached on DRB 1
[0m[93m[RLC]    UE 5622: RLF detected, but no callable RLF handler registered
[0m[1;31m[RLC]    max RETX reached on DRB 1
[0m[93m[RLC]    UE 5622: RLF detected, but no callable RLF handler registered
[0m[1;31m[RLC]    max RETX reached on DRB 1
[0m[93m[RLC]    UE 5622: RLF detected, but no callable RLF handler registered
[0m[1;31m[RLC]    max RETX reached on DRB 1
[0m[93m[RLC]    UE 5622: RLF detected, but no callable RLF handler registered
[0m[1;31m[RLC]    max RETX reached on DRB 1
[0m[93m[RLC]    UE 5622: RLF detected, but no callable RLF handler registered
[0m[1;31m[RLC]    max RETX reached on DRB 1
[0m[93m[RLC]    UE 5622: RLF detected, but no callable RLF handler registered
[0m[1;31m[RLC]    max RETX reached on DRB 1
[0m[93m[RLC]    UE 5622: RLF detected, but no callable RLF handler registered
[0m[1;31m[RLC]    max RETX reached on DRB 1
[0m[93m[RLC]    UE 5622: RLF detected, but no callable RLF handler registered
[0m[1;31m[RLC]    max RETX reached on DRB 1
[0m[93m[RLC]    UE 5622: RLF detected, but no callable RLF handler registered
[0m[1;31m[RLC]    max RETX reached on DRB 1
[0m[93m[RLC]    UE 5622: RLF detected, but no callable RLF handler registered
[0m[1;31m[RLC]    max RETX reached on DRB 1
[0m[93m[RLC]    UE 5622: RLF detected, but no callable RLF handler registered
[0m[1;31m[RLC]    max RETX reached on DRB 1
[0m[93m[RLC]    UE 5622: RLF detected, but no callable RLF handler registered
[0m[1;31m[RLC]    max RETX reached on DRB 1
[0m[93m[RLC]    UE 5622: RLF detected, but no callable RLF handler registered
[0m[1;31m[RLC]    max RETX reached on DRB 1
[0m[93m[RLC]    UE 5622: RLF detected, but no callable RLF handler registered
[0m[1;31m[RLC]    max RETX reached on DRB 1
[0m[93m[RLC]    UE 5622: RLF detected, but no callable RLF handler registered
[0m[1;31m[RLC]    max RETX reached on DRB 1
[0m[93m[RLC]    UE 5622: RLF detected, but no callable RLF handler registered
[0m[1;31m[RLC]    max RETX reached on DRB 1
[0m[93m[RLC]    UE 5622: RLF detected, but no callable RLF handler registered
[0m[1;31m[RLC]    max RETX reached on DRB 1
[0m[93m[RLC]    UE 5622: RLF detected, but no callable RLF handler registered
[0m[1;31m[RLC]    max RETX reached on DRB 1
[0m[93m[RLC]    UE 5622: RLF detected, but no callable RLF handler registered
[0m[1;31m[RLC]    max RETX reached on DRB 1
[0m[93m[RLC]    UE 5622: RLF detected, but no callable RLF handler registered
[0m[1;31m[RLC]    max RETX reached on DRB 1
[0m[93m[RLC]    UE 5622: RLF detected, but no callable RLF handler registered
[0m[1;31m[RLC]    max RETX reached on DRB 1
[0m[93m[RLC]    UE 5622: RLF detected, but no callable RLF handler registered
[0m[HW]     [o-du 0][rx 1183360 pps       0 kbps       0][tx 4047788 pps   31872 kbps  182321][Total Msgs_Rcvd 1183360]
[0m[HW]     [o_du0][pusch0 1014300 prach0  169044]
[0m[1;31m[RLC]    max RETX reached on DRB 1
[0m[93m[RLC]    UE 5622: RLF detected, but no callable RLF handler registered
[0m[1;31m[RLC]    max RETX reached on DRB 1
[0m[93m[RLC]    UE 5622: RLF detected, but no callable RLF handler registered
[0m[1;31m[RLC]    max RETX reached on DRB 1
[0m[93m[RLC]    UE 5622: RLF detected, but no callable RLF handler registered
[0m[1;31m[RLC]    max RETX reached on DRB 1
[0m[93m[RLC]    UE 5622: RLF detected, but no callable RLF handler registered
[0m[1;31m[RLC]    max RETX reached on DRB 1
[0m[93m[RLC]    UE 5622: RLF detected, but no callable RLF handler registered
[0m[1;31m[RLC]    max RETX reached on DRB 1
[0m[93m[RLC]    UE 5622: RLF detected, but no callable RLF handler registered
[0m[1;31m[RLC]    max RETX reached on DRB 1
[0m[93m[RLC]    UE 5622: RLF detected, but no callable RLF handler registered
[0m[1;31m[RLC]    max RETX reached on DRB 1
[0m[93m[RLC]    UE 5622: RLF detected, but no callable RLF handler registered
[0m[1;31m[RLC]    max RETX reached on DRB 1
[0m[93m[RLC]    UE 5622: RLF detected, but no callable RLF handler registered
[0m[1;31m[RLC]    max RETX reached on DRB 1
[0m[93m[RLC]    UE 5622: RLF detected, but no callable RLF handler registered
[0m[1;31m[RLC]    max RETX reached on DRB 1
[0m[93m[RLC]    UE 5622: RLF detected, but no callable RLF handler registered
[0m[1;31m[RLC]    max RETX reached on DRB 1
[0m[93m[RLC]    UE 5622: RLF detected, but no callable RLF handler registered
[0m[1;31m[RLC]    max RETX reached on DRB 1
[0m[93m[RLC]    UE 5622: RLF detected, but no callable RLF handler registered
[0m[1;31m[RLC]    max RETX reached on DRB 1
[0m[93m[RLC]    UE 5622: RLF detected, but no callable RLF handler registered
[0m[1;31m[RLC]    max RETX reached on DRB 1
[0m[93m[RLC]    UE 5622: RLF detected, but no callable RLF handler registered
[0m[1;31m[RLC]    max RETX reached on DRB 1
[0m[93m[RLC]    UE 5622: RLF detected, but no callable RLF handler registered
[0m[1;31m[RLC]    max RETX reached on DRB 1
[0m[93m[RLC]    UE 5622: RLF detected, but no callable RLF handler registered
[0m[1;31m[RLC]    max RETX reached on DRB 1
[0m[93m[RLC]    UE 5622: RLF detected, but no callable RLF handler registered
[0m[1;31m[RLC]    max RETX reached on DRB 1
[0m[93m[RLC]    UE 5622: RLF detected, but no callable RLF handler registered
[0m[1;31m[RLC]    max RETX reached on DRB 1
[0m[93m[RLC]    UE 5622: RLF detected, but no callable RLF handler registered
[0m[1;31m[RLC]    max RETX reached on DRB 1
[0m[93m[RLC]    UE 5622: RLF detected, but no callable RLF handler registered
[0m[1;31m[RLC]    max RETX reached on DRB 1
[0m[93m[RLC]    UE 5622: RLF detected, but no callable RLF handler registered
[0m[1;31m[RLC]    max RETX reached on DRB 1
[0m[93m[RLC]    UE 5622: RLF detected, but no callable RLF handler registered
[0m[1;31m[RLC]    max RETX reached on DRB 1
[0m[93m[RLC]    UE 5622: RLF detected, but no callable RLF handler registered
[0m[1;31m[RLC]    max RETX reached on DRB 1
[0m[93m[RLC]    UE 5622: RLF detected, but no callable RLF handler registered
[0m[1;31m[RLC]    max RETX reached on DRB 1
[0m[93m[RLC]    UE 5622: RLF detected, but no callable RLF handler registered
[0m[1;31m[RLC]    max RETX reached on DRB 1
[0m[93m[RLC]    UE 5622: RLF detected, but no callable RLF handler registered
[0m[HW]     [o-du 0][rx 1183360 pps       0 kbps       0][tx 4079660 pps   31872 kbps  182321][Total Msgs_Rcvd 1183360]
[0m[HW]     [o_du0][pusch0 1014300 prach0  169044]
[0m[1;31m[RLC]    max RETX reached on DRB 1
[0m[93m[RLC]    UE 5622: RLF detected, but no callable RLF handler registered
[0m[PHY]    prach_I0 = 11.5 dB
[0m[1;31m[RLC]    max RETX reached on DRB 1
[0m[93m[RLC]    UE 5622: RLF detected, but no callable RLF handler registered
[0m[1;31m[RLC]    max RETX reached on DRB 1
[0m[93m[RLC]    UE 5622: RLF detected, but no callable RLF handler registered
[0m[1;31m[RLC]    max RETX reached on DRB 1
[0m[93m[RLC]    UE 5622: RLF detected, but no callable RLF handler registered
[0m[1;31m[RLC]    max RETX reached on DRB 1
[0m[93m[RLC]    UE 5622: RLF detected, but no callable RLF handler registered
[0m[1;31m[RLC]    max RETX reached on DRB 1
[0m[93m[RLC]    UE 5622: RLF detected, but no callable RLF handler registered
[0m[1;31m[RLC]    max RETX reached on DRB 1
[0m[93m[RLC]    UE 5622: RLF detected, but no callable RLF handler registered
[0m[1;31m[RLC]    max RETX reached on DRB 1
[0m[93m[RLC]    UE 5622: RLF detected, but no callable RLF handler registered
[0m[1;31m[RLC]    max RETX reached on DRB 1
[0m[93m[RLC]    UE 5622: RLF detected, but no callable RLF handler registered
[0m[1;31m[RLC]    max RETX reached on DRB 1
[0m[93m[RLC]    UE 5622: RLF detected, but no callable RLF handler registered
[0m[1;31m[RLC]    max RETX reached on DRB 1
[0m[93m[RLC]    UE 5622: RLF detected, but no callable RLF handler registered
[0m[1;31m[RLC]    max RETX reached on DRB 1
[0m[93m[RLC]    UE 5622: RLF detected, but no callable RLF handler registered
[0m[1;31m[RLC]    max RETX reached on DRB 1
[0m[93m[RLC]    UE 5622: RLF detected, but no callable RLF handler registered
[0m[1;31m[RLC]    max RETX reached on DRB 1
[0m[93m[RLC]    UE 5622: RLF detected, but no callable RLF handler registered
[0m[1;31m[RLC]    max RETX reached on DRB 1
[0m[93m[RLC]    UE 5622: RLF detected, but no callable RLF handler registered
[0m[1;31m[RLC]    max RETX reached on DRB 1
[0m[93m[RLC]    UE 5622: RLF detected, but no callable RLF handler registered
[0m[1;31m[RLC]    max RETX reached on DRB 1
[0m[93m[RLC]    UE 5622: RLF detected, but no callable RLF handler registered
[0m[1;31m[RLC]    max RETX reached on DRB 1
[0m[93m[RLC]    UE 5622: RLF detected, but no callable RLF handler registered
[0m[1;31m[RLC]    max RETX reached on DRB 1
[0m[93m[RLC]    UE 5622: RLF detected, but no callable RLF handler registered
[0m[1;31m[RLC]    max RETX reached on DRB 1
[0m[93m[RLC]    UE 5622: RLF detected, but no callable RLF handler registered
[0m[1;31m[RLC]    max RETX reached on DRB 1
[0m[93m[RLC]    UE 5622: RLF detected, but no callable RLF handler registered
[0m[1;31m[RLC]    max RETX reached on DRB 1
[0m[93m[RLC]    UE 5622: RLF detected, but no callable RLF handler registered
[0m[1;31m[RLC]    max RETX reached on DRB 1
[0m[93m[RLC]    UE 5622: RLF detected, but no callable RLF handler registered
[0m[1;31m[RLC]    max RETX reached on DRB 1
[0m[93m[RLC]    UE 5622: RLF detected, but no callable RLF handler registered
[0m[1;31m[RLC]    max RETX reached on DRB 1
[0m[93m[RLC]    UE 5622: RLF detected, but no callable RLF handler registered
[0m[1;31m[RLC]    max RETX reached on DRB 1
[0m[93m[RLC]    UE 5622: RLF detected, but no callable RLF handler registered
[0m[1;31m[RLC]    max RETX reached on DRB 1
[0m[93m[RLC]    UE 5622: RLF detected, but no callable RLF handler registered
[0m[1;31m[RLC]    max RETX reached on DRB 1
[0m[93m[RLC]    UE 5622: RLF detected, but no callable RLF handler registered
[0m[HW]     [o-du 0][rx 1183360 pps       0 kbps       0][tx 4111532 pps   31872 kbps  182321][Total Msgs_Rcvd 1183360]
[0m[HW]     [o_du0][pusch0 1014300 prach0  169044]
[0m[1;31m[RLC]    max RETX reached on DRB 1
[0m[93m[RLC]    UE 5622: RLF detected, but no callable RLF handler registered
[0m[1;31m[RLC]    max RETX reached on DRB 1
[0m[93m[RLC]    UE 5622: RLF detected, but no callable RLF handler registered
[0m[1;31m[RLC]    max RETX reached on DRB 1
[0m[93m[RLC]    UE 5622: RLF detected, but no callable RLF handler registered
[0m[1;31m[RLC]    max RETX reached on DRB 1
[0m[93m[RLC]    UE 5622: RLF detected, but no callable RLF handler registered
[0m[1;31m[RLC]    max RETX reached on DRB 1
[0m[93m[RLC]    UE 5622: RLF detected, but no callable RLF handler registered
[0m[1;31m[RLC]    max RETX reached on DRB 1
[0m[93m[RLC]    UE 5622: RLF detected, but no callable RLF handler registered
[0m[1;31m[RLC]    max RETX reached on DRB 1
[0m[93m[RLC]    UE 5622: RLF detected, but no callable RLF handler registered
[0m[1;31m[RLC]    max RETX reached on DRB 1
[0m[93m[RLC]    UE 5622: RLF detected, but no callable RLF handler registered
[0m[1;31m[RLC]    max RETX reached on DRB 1
[0m[93m[RLC]    UE 5622: RLF detected, but no callable RLF handler registered
[0m[1;31m[RLC]    max RETX reached on DRB 1
[0m[93m[RLC]    UE 5622: RLF detected, but no callable RLF handler registered
[0m[1;31m[RLC]    max RETX reached on DRB 1
[0m[93m[RLC]    UE 5622: RLF detected, but no callable RLF handler registered
[0m[1;31m[RLC]    max RETX reached on DRB 1
[0m[93m[RLC]    UE 5622: RLF detected, but no callable RLF handler registered
[0m[1;31m[RLC]    max RETX reached on DRB 1
[0m[93m[RLC]    UE 5622: RLF detected, but no callable RLF handler registered
[0m[1;31m[RLC]    max RETX reached on DRB 1
[0m[93m[RLC]    UE 5622: RLF detected, but no callable RLF handler registered
[0m[1;31m[RLC]    max RETX reached on DRB 1
[0m[93m[RLC]    UE 5622: RLF detected, but no callable RLF handler registered
[0m[1;31m[RLC]    max RETX reached on DRB 1
[0m[93m[RLC]    UE 5622: RLF detected, but no callable RLF handler registered
[0m[1;31m[RLC]    max RETX reached on DRB 1
[0m[93m[RLC]    UE 5622: RLF detected, but no callable RLF handler registered
[0m[1;31m[RLC]    max RETX reached on DRB 1
[0m[93m[RLC]    UE 5622: RLF detected, but no callable RLF handler registered
[0m[1;31m[RLC]    max RETX reached on DRB 1
[0m[93m[RLC]    UE 5622: RLF detected, but no callable RLF handler registered
[0m[1;31m[RLC]    max RETX reached on DRB 1
[0m[93m[RLC]    UE 5622: RLF detected, but no callable RLF handler registered
[0m