Logging terminal output to /home/jesse/oran_lab/logs/run_du/run_du_20260524_220313_pid953133.log
DU cores: 4,5,6,7,8,9,17,18
DU numerology: 1
AnonHugePages:         0 kB
ShmemHugePages:        0 kB
FileHugePages:    329728 kB
HugePages_Total:    8192
HugePages_Free:     4096
HugePages_Rsvd:        0
HugePages_Surp:        0
Hugepagesize:       2048 kB
Hugetlb:        16777216 kB
CMDLINE: "./nr-softmodem" "-O" "/home/jesse/oran_lab/du_test.conf" "--gNBs.[0].min_rxtxtime" "6" "--thread-pool" "4,5,6,7" "--numerology" "1" 
[HW]     Version: Branch: oru-rebase-1-plus-compression Abrev. Hash: dae942c616 Date: Fri May 15 22:54:55 2026 +0000
[0m[PHY]    No prs_config configuration found..!!
[0m[PHY]    DL frequency 4049760000 Hz, UL frequency 4049760000 Hz: uldl offset 0 Hz
[0m[PHY]    Initializing frame parms for mu 1, N_RB 24, Ncp 0
[0m[PHY]    Init: N_RB_DL 24, first_carrier_offset 368, nb_prefix_samples 36,nb_prefix_samples0 44, ofdm_symbol_size 512
[0m[MAC]    received F1 Setup Response from CU (null)
[0m[MAC]    CU uses RRC version 17.3.0
[0m[MAC]    Clearing the DU's UE states before, if any.
[0m[MAC]    received gNB-DU configuration update acknowledge
[0m[PHY]    number of L1 instances 1, number of RU 1, number of CPU cores 32
[0m[PHY]    Initialized RU proc 0 (NGFI_RAU_IF4p5,synch_to_ext_device),
[0m[PHY]    Starting RU 0 (NGFI_RAU_IF4p5,synch_to_ext_device) on cpu 5
[0m[PHY]    Initializing frame parms for mu 1, N_RB 24, Ncp 0
[0m[PHY]    Init: N_RB_DL 24, first_carrier_offset 368, nb_prefix_samples 36,nb_prefix_samples0 44, ofdm_symbol_size 512
[0m[PHY]    fp->scs=30000
[0m[PHY]    fp->ofdm_symbol_size=512
[0m[PHY]    fp->nb_prefix_samples0=44
[0m[PHY]    fp->nb_prefix_samples=36
[0m[PHY]    fp->slots_per_subframe=2
[0m[PHY]    fp->samples_per_subframe_wCP=14336
[0m[PHY]    fp->samples_per_frame_wCP=143360
[0m[PHY]    fp->samples_per_subframe=15360
[0m[PHY]    fp->samples_per_frame=153600
[0m[PHY]    fp->dl_CarrierFreq=4049760000
[0m[PHY]    fp->ul_CarrierFreq=4049760000
[0m[PHY]    fp->Nid_cell=0
[0m[PHY]    fp->first_carrier_offset=368
[0m[PHY]    fp->ssb_start_subcarrier=0
[0m[PHY]    fp->Ncp=0
[0m[PHY]    fp->N_RB_DL=24
[0m[PHY]    fp->numerology_index=1
[0m[PHY]    fp->ofdm_offset_divisor=8
[0m[PHY]    fp->threequarter_fs=0
[0m[PHY]    fp->sl_CarrierFreq=0
[0m[PHY]    fp->N_RB_SL=0
[0m[PHY]    Setting RF config for N_RB 24, NB_RX 1, NB_TX 1
[0m[PHY]    tune_offset 0 Hz, sample_rate 15360000 Hz
[0m[PHY]    Channel 0: setting tx_gain offset 0, tx_freq 4049760000 Hz
[0m[PHY]    Channel 0: setting rx_gain offset 0, rx_freq 4049760000 Hz
[0m[PHY]    starting transport
[0m[32m[PHY]    Initializing XRAN layer as O-DU
[0m[HW]     Initializing O-RAN 7.2 FH interface through xran library (compiled against headers of oran_f_release_v1.8)
[0mEAL: Detected 32 lcore(s)
EAL: Detected 1 NUMA nodes
EAL: Auto-detected process type: PRIMARY
EAL: Detected shared linkage of DPDK
EAL: Multi-process socket /var/run/dpdk/wls_0/mp_socket
EAL: Selected IOVA mode 'PA'
EAL: No available hugepages reported in hugepages-1048576kB
EAL: Probing VFIO support...
EAL: VFIO support initialized
EAL: Probe PCI driver: net_i40e_vf (8086:154c) device: 0000:06:02.2 (socket 0)
[CONFIG] function config_libconfig_init returned 0
xran_fh_init:
  io_cfg:
    id 0 (O-DU)
    num_vfs 2
    num_rxq 1
    dpdk_dev [0000:06:02.2, 0000:06:02.3, (null), (null), (null), (null), (null), (null), (null), (null), (null), (null), (null), (null), (null), (null)]
    bbdev_dev (null)
    bbdev_mode -1
    dpdkIoVaMode 0
    dpdkMemorySize 8192
    core 9
    system_core 8
    pkt_proc_core 0000000000060000
    pkt_proc_core_64_127 0000000000000000
    pkt_aux_core 0
    timing_core 9
    port (filled within xran library)
    io_sleep 0
    nEthLinePerPort 1
    nEthLineSpeed 10
    one_vf_cu_plane 0
    eowd_cmn[0]:
      initiator_en 0
      numberOfSamples 0
      filterType 0
      responseTo 0
      measVf 0
      measState 0
      measId 0
      measMethod 0
      owdm_enable 0
      owdm_PlLength 0
eowd_port (filled within xran library)
    bbu_offload 0
  eAxCId_conf:
    mask_cuPortId 0xf000
    mask_bandSectorId 0x0f00
    mask_ccId 0x00f0
    mask_ruPortId 0x000f
    bit_cuPortId 0
    bit_bandSectorId 0
    bit_ccId 0
    bit_ruPortId 0
  xran_ports 1
  dpdkBasebandFecMode 0
  dpdkBasebandDevice (null)
  filePrefix wls_0
  mtu 9600
  p_o_du_addr (null)
  p_o_ru_addr [00:11:22:33:64:66, 00:11:22:33:64:67]
  totalBfWeights 0
  mlogxranenable 0
  dlCpProcBurst 0
'DPDK 20.11.9'
 xran_init: MTU 9600
PF Eth line speed 10G
PF Eth lines per O-xU port 1
RX HW queues per O-xU Eth line 1 
node 0
total cores 32 c_mask 0x00000000000060300 core 9 [id] system_core 8 [id] pkt_proc_core 0x00000000000060000 [mask] pkt_aux_core 0 [id] timing_core 9 [id]
xran_ethdi_init_dpdk_io: Calling rte_eal_init:wls_0 -c 0x00000000000060300 -n2 --iova-mode=pa --socket-mem=8192,0 --socket-limit=8192,0 --proc-type=auto --no-telemetry --file-prefix wls_0 -a0000:00:00.0    
xran_init_mbuf_pool: socket 0
initializing port 0 for TX, drv=net_i40e_vf
Port 0 MAC: 00 11 22 33 64 68
Port 0: nb_rxd 4096 nb_txd 4096
[0] mp_rx__p_0_q_0 num blocks 65535
[0] mempool_small__0

Checking link status portid [0]  EAL: Probe PCI driver: net_i40e_vf (8086:154c) device: 0000:06:02.3 (socket 0)
skipped by XRAN_SKIP_LINK_CHECK
initializing port 1 for TX, drv=net_i40e_vf
Port 1 MAC: 00 11 22 33 64 69
Port 1: nb_rxd 4096 nb_txd 4096
[1] mp_rx__p_1_q_0 num blocks 65535
[1] mempool_small__1
Created ring tx_ring_cp_1 on core 9
Created ring rx_ring_cp_1_0 on core 9

Checking link status portid [1]  [93m[HW]     XRAN modifed affinity. Correcting affinity of caller
[0mskipped by XRAN_SKIP_LINK_CHECK
[ 0] vf  0 local  SRC MAC: 00 11 22 33 64 68
[ 0] vf  0 remote DST MAC: 00 11 22 33 64 66
[ 0] vf  1 local  SRC MAC: 00 11 22 33 64 69
[ 0] vf  1 remote DST MAC: 00 11 22 33 64 67
created dl_gen_ring_up_0 on core 9
xran_fh_config:
  dpdk_port 0
  sector_id 0
  nCC 1
  neAxc 1
  neAxcUl 0
  nAntElmTRx 0
  nDLFftSize 9
  nULFftSize 9
  nDLRBs 24
  nULRBs 24
  nDLAbsFrePointA 0
  nULAbsFrePointA 0
  nDLCenterFreqARFCN 0
  nULCenterFreqARFCN 0
  ttiCb (nil)
  ttiCbParam (nil)
  Tadv_cp_dl 0
  T2a_min_cp_dl 0
  T2a_max_cp_dl 0
  T2a_min_cp_ul 0
  T2a_max_cp_ul 0
  T2a_min_up 0
  T2a_max_up 0
  Ta3_min 0
  Ta3_max 0
  T1a_min_cp_dl 285
  T1a_max_cp_dl 470
  T1a_min_cp_ul 285
  T1a_max_cp_ul 535
  T1a_min_up 300
  T1a_max_up 450
  Ta4_min 400
  Ta4_max 440
  enableCP 1
  prachEnable 1
  srsEnable 0
  puschMaskEnable 0
  puschMaskSlot 0
  cp_vlan_tag 0
  up_vlan_tag 0
  debugStop 0
  debugStopCount 0
  DynamicSectionEna 0
  GPS_Alpha 0
  GPS_Beta -9000
  srsEnableCp 0
  SrsDelaySym 0
  prach_config:
    nPrachConfIdx 159
    nPrachSubcSpacing 1
    nPrachZeroCorrConf 0
    nPrachRestrictSet 0
    nPrachRootSeqIdx 0
    nPrachFreqStart 0
    nPrachFreqOffset -288
    nPrachFilterIdx 0
    startSymId 0
    lastSymId 0
    startPrbc 0
    numPrbc 0
    timeOffset 0
    freqOffset 0
    eAxC_offset 1
    nPrachConfIdxLTE 0
  srs_config:
    symbMask 0000
    eAxC_offset 0
  frame_conf:
    nFrameDuplexType TDD
    nNumerology 1
    nTddPeriod 5
    sSlotConfig[0]: DDDDDDDDDDDDDD
    sSlotConfig[1]: DDDDDDDDDDDDDD
    sSlotConfig[2]: DDDDDDDDDDDDDD
    sSlotConfig[3]: DDDDDDGGGGUUUU
    sSlotConfig[4]: UUUUUUUUUUUUUU
  ru_config:
    xranTech NR
    xranCat A
    xranCompHdrType dynamic
    iqWidth 16
    compMeth 0
    iqWidth_PRACH 16
    compMeth_PRACH 0
    fftSize 8
    byteOrder network/BE
    iqOrder I_Q
    xran_max_frame 0
  bbdev_enc (nil)
  bbdev_dec (nil)
  tx_cp_eAxC2Vf 0x7ed7827e04b0
  tx_up_eAxC2Vf 0x7ed7827e10b0
  rx_cp_eAxC2Vf 0x7ed7827e1cb0
  rx_up_eAxC2Vf 0x7ed7827e28b0
  log_level 1
  max_sections_per_slot 0
  max_sections_per_symbol 0
  RunSlotPrbMapBySymbolEnable 0
  LiteOnIgnoreUPSectionIdEnable 0
  dssEnable 0
  dssPeriod 0
  technology[XRAN_MAX_DSS_PERIODICITY] (not filled as DSS disabled)
 xran_open: 5G NR Category A
xRAN open PRACH config: Numerology 1 ConfIdx 159, preambleFmrt 10 startsymb 0, numSymbol 12, occassionsInPrachSlot 1
PRACH: x 1 y[0] 0, y[1] 0 prach slot: 9 ..
PRACH start symbol 0 lastsymbol 11
xran_init_vfs_mapping: p 0 vf 0
xran_init_vfs_mapping: p 0 vf 1
xran_open: interval_us=500, interval_us_local=500
bbu_offload 0
XRAN_UP_VF: 0x0000
xran_timing_source_thread [CPU  9] [PID: 953154]
TTI interval 500 [us]
delay_cp_dl_max=30, sym_cp_dl_max=1, max_dl_offset_sym=13
delay_cp_dl_min=215, sym_cp_dl_min=5, min_dl_offset_sym=9
delay_cp_ul=465,     sym_cp_ul=0,     ul_offset_sym=14
offset_num_slots_cp_dl=0, offset_num_slots_cp_ul=1, offset_num_slots_up_ul=0
C-plane DL from 30 us after TTI  [trigger on sym 1] to 215 us after TTI [trigger on sym 5]
O-XU      0
Start C-plane UL 465 us after TTI  [trigger on sym 0]
Start U-plane DL 450 us before OTA [offset  in sym -12]
Start U-plane UL 440 us OTA        [offset  in sym 13]
C-plane to U-plane delay 20 us after TTI
HW        0
Num cores 3
Num ports 1
O-RU Cat  0
O-RU CC   1
O-RU eAxC 1
p:0 XRAN_JOB_TYPE_CP_DL worker id 1
p:0 XRAN_JOB_TYPE_CP_UL worker id 1
Start Sym timer 107142 ns
p:0 XRAN_JOB_TYPE_CP_DL worker id 0
p:0 XRAN_JOB_TYPE_CP_UL worker id 0
created sym cp dl cb for symbol 1
created sym cp dl cb for symbol 2
created sym cp dl cb for symbol 3
created sym cp dl cb for symbol 4
created sym cp dl cb for symbol 5
xran_generic_worker_thread [CPU 17] [PID: 953154]
spawn worker 0 core 17
xran_generic_worker_thread [CPU 18] [PID: 953154]
spawn worker 1 core 18
xran_open [CPU  7] [PID: 953154]
Waiting on Timing thread...
Initialize ORAN port instance 0 (1) sector 0
xran_sector_get_instances() o_xu_id 0 xran_handle 0x7ed748f95040
xran_sector_get_instances [0]: CC 0 handle 0x7ed76c16c740
Handle: 0x7ed790374b68 Instance: 0x7e[HW]     [PRB MAP INIT] ant=0, slot=0: After xran_init, dir=1, nPrbElm=1
[0m[HW]     [PRB MAP INIT]   prbMap[0]: compMethod=0, iqWidth=16, nRBStart=0, nRBSize=24
[0m[HW]     [PRB MAP INIT] ant=0, slot=1: After xran_init, dir=1, nPrbElm=1
[0m[HW]     [PRB MAP INIT]   prbMap[0]: compMethod=0, iqWidth=16, nRBStart=0, nRBSize=24
[0m[HW]     [PRB MAP INIT] ant=0, slot=0: After xran_init, dir=0, nPrbElm=1
[0m[HW]     [PRB MAP INIT]   prbMap[0]: compMethod=0, iqWidth=16, nRBStart=0, nRBSize=24
[0m[HW]     [PRB MAP INIT] ant=0, slot=1: After xran_init, dir=0, nPrbElm=1
[0m[HW]     [PRB MAP INIT]   prbMap[0]: compMethod=0, iqWidth=16, nRBStart=0, nRBSize=24
[0m[HW]     [RAU] has loaded ETHERNET trasport protocol.
[0m[PHY]    Starting IF interface for RU 0, nb_rx 1
[0m[PHY]    RU 0 Setting N_TA_offset to 200 samples (UL Freq 4045440, N_RB 24, mu 1)
[0m[PHY]    Signaling main thread that RU 0 is ready, sl_ahead 10
[0m[PHY]    L1 configured without analog beamforming
[0m[PHY]    Attaching RU 0 antenna 0 to gNB antenna 0
[0m[PHY]    got sync (ru_thread)
[0m[PHY]    got sync (L1_stats_thread)
[0md76c16c740
-> hInstance 0x7ed76c16c740
ru_0_cc_0_idx_0: [ handle 0x7ed76c16c740 0 0 ] [nPoolIndex 0] nNumberOfBuffers 511 nBufferSize 14116 socket_id 0
CC:[ handle 0x7ed76c16c740 ru 0 cc_idx 0 ] [nPoolIndex 0] mb pool 0x284770e80 
xran_bm_init() hInstance 0x7ed76c16c740 poolIdx 0 elements 511 size 14116
xran_bm_allocate_buffer() hInstance 0x7ed76c16c740 poolIdx 0 count 280
ru_0_cc_0_idx_1: [ handle 0x7ed76c16c740 0 0 ] [nPoolIndex 1] nNumberOfBuffers 511 nBufferSize 4976 socket_id 0
CC:[ handle 0x7ed76c16c740 ru 0 cc_idx 0 ] [nPoolIndex 1] mb pool 0x284770a00 
xran_bm_init() hInstance 0x7ed76c16c740 poolIdx 1 elements 511 size 4976
xran_bm_allocate_buffer() hInstance 0x7ed76c16c740 poolIdx 1 count 20
ru_0_cc_0_idx_2: [ handle 0x7ed76c16c740 0 0 ] [nPoolIndex 2] nNumberOfBuffers 511 nBufferSize 13168 socket_id 0
CC:[ handle 0x7ed76c16c740 ru 0 cc_idx 0 ] [nPoolIndex 2] mb pool 0x284770640 
xran_bm_init() hInstance 0x7ed76c16c740 poolIdx 2 elements 511 size 13168
xran_bm_allocate_buffer() hInstance 0x7ed76c16c740 poolIdx 2 count 280
ru_0_cc_0_idx_3: [ handle 0x7ed76c16c740 0 0 ] [nPoolIndex 3] nNumberOfBuffers 511 nBufferSize 4976 socket_id 0
CC:[ handle 0x7ed76c16c740 ru 0 cc_idx 0 ] [nPoolIndex 3] mb pool 0x284770280 
xran_bm_init() hInstance 0x7ed76c16c740 poolIdx 3 elements 511 size 4976
xran_bm_allocate_buffer() hInstance 0x7ed76c16c740 poolIdx 3 count 20
ru_0_cc_0_idx_4: [ handle 0x7ed76c16c740 0 0 ] [nPoolIndex 4] nNumberOfBuffers 511 nBufferSize 3360 socket_id 0
CC:[ handle 0x7ed76c16c740 ru 0 cc_idx 0 ] [nPoolIndex 4] mb pool 0x284772d00 
xran_bm_init() hInstance 0x7ed76c16c740 poolIdx 4 elements 511 size 3360
xran_bm_allocate_buffer() hInstance 0x7ed76c16c740 poolIdx 4 count 280
ORAN: get_internal_parameter
ORAN: get_internal_parameter
ORAN: trx_oran_start
O-DU: XRAN start time: 05/25/26 05:03:17.104859160 UTC [500]
Start ORAN. Done
TYPE <CTRL-C> TO TERMINATE
[PHY]    RU 0 no rf device
[0m[PHY]    RU 0 RF started cpu_meas_enabled 0
[0m[HW]     first_call set from phy cb
[0m[HW]     before adjusting, OAI: frame=0 slot=0, XRAN: frame=0 slot=9
[0m[HW]     After adjusting, OAI: frame=0 slot=9, XRAN: frame=0 slot=9
[0m[PHY]    [MAC SCHED] frame 1, slot 0: DL_req has 0 PDUs
[0m[HW]     [TX PRB ELM] frame=1, slot=0, sym=2, ant=0, idxElm=0: compMethod=0, iqWidth=16, nRBStart=0, nRBSize=24
[0m[HW]     [TX PRB ELM] frame=1, slot=0, sym=3, ant=0, idxElm=0: compMethod=0, iqWidth=16, nRBStart=0, nRBSize=24
[0m[HW]     [TX PRB ELM] frame=1, slot=0, sym=4, ant=0, idxElm=0: compMethod=0, iqWidth=16, nRBStart=0, nRBSize=24
[0m[HW]     [TX PRB ELM] frame=1, slot=0, sym=5, ant=0, idxElm=0: compMethod=0, iqWidth=16, nRBStart=0, nRBSize=24
[0m[93m[HW]     we get rach data from ru, but it is not scheduled 0.19
[0m[PHY]    [MAC SCHED] frame 2, slot 0: DL_req has 0 PDUs
[0m[HW]     [TX PRB ELM] frame=2, slot=0, sym=2, ant=0, idxElm=0: compMethod=0, iqWidth=16, nRBStart=0, nRBSize=24
[0m[32m[HW]     [gNB PRACH RX UNCOMP] frame=1 slot=19 sym=0 aa=0 tti=39 g_kbar=4 src_nonzero_full=0/288 src_nonzero_extract=0/278 src_min=0 src_max=0 dst_nonzero=0/278 dst_min=0 dst_max=0
[0m[32m[HW]     [gNB PRACH RX UNCOMP] src[0]=0 src[g]=0 src[g+1]=0 src[g+100]=0 src[g+277]=0 dst[0]=0 dst[1]=0 dst[100]=0 dst[277]=0
[0m[32m[HW]     [gNB PRACH RX UNCOMP] frame=1 slot=19 sym=1 aa=0 tti=39 g_kbar=4 src_nonzero_full=0/288 src_nonzero_extract=0/278 src_min=0 src_max=0 dst_nonzero=0/278 dst_min=0 dst_max=0
[0m[32m[HW]     [gNB PRACH RX UNCOMP] src[0]=0 src[g]=0 src[g+1]=0 src[g+100]=0 src[g+277]=0 dst[0]=0 dst[1]=0 dst[100]=0 dst[277]=0
[0m[32m[HW]     [gNB PRACH RX UNCOMP] frame=1 slot=19 sym=2 aa=0 tti=39 g_kbar=4 src_nonzero_full=0/288 src_nonzero_extract=0/278 src_min=0 src_max=0 dst_nonzero=0/278 dst_min=0 dst_max=0
[0m[32m[HW]     [gNB PRACH RX UNCOMP] src[0]=0 src[g]=0 src[g+1]=0 src[g+100]=0 src[g+277]=0 dst[0]=0 dst[1]=0 dst[100]=0 dst[277]=0
[0m[32m[HW]     [gNB PRACH RX UNCOMP] frame=1 slot=19 sym=3 aa=0 tti=39 g_kbar=4 src_nonzero_full=0/288 src_nonzero_extract=0/278 src_min=0 src_max=0 dst_nonzero=0/278 dst_min=0 dst_max=0
[0m[32m[HW]     [gNB PRACH RX UNCOMP] src[0]=0 src[g]=0 src[g+1]=0 src[g+100]=0 src[g+277]=0 dst[0]=0 dst[1]=0 dst[100]=0 dst[277]=0
[0m[32m[HW]     [gNB PRACH RX UNCOMP] frame=1 slot=19 sym=4 aa=0 tti=39 g_kbar=4 src_nonzero_full=0/288 src_nonzero_extract=0/278 src_min=0 src_max=0 dst_nonzero=0/278 dst_min=0 dst_max=0
[0m[32m[HW]     [gNB PRACH RX UNCOMP] src[0]=0 src[g]=0 src[g+1]=0 src[g+100]=0 src[g+277]=0 dst[0]=0 dst[1]=0 dst[100]=0 dst[277]=0
[0m[32m[HW]     [gNB PRACH RX UNCOMP] frame=1 slot=19 sym=5 aa=0 tti=39 g_kbar=4 src_nonzero_full=0/288 src_nonzero_extract=0/278 src_min=0 src_max=0 dst_nonzero=0/278 dst_min=0 dst_max=0
[0m[32m[HW]     [gNB PRACH RX UNCOMP] src[0]=0 src[g]=0 src[g+1]=0 src[g+100]=0 src[g+277]=0 dst[0]=0 dst[1]=0 dst[100]=0 dst[277]=0
[0m[32m[HW]     [gNB PRACH RX UNCOMP] frame=1 slot=19 sym=6 aa=0 tti=39 g_kbar=4 src_nonzero_full=0/288 src_nonzero_extract=0/278 src_min=0 src_max=0 dst_nonzero=0/278 dst_min=0 dst_max=0
[0m[32m[HW]     [gNB PRACH RX UNCOMP] src[0]=0 src[g]=0 src[g+1]=0 src[g+100]=0 src[g+277]=0 dst[0]=0 dst[1]=0 dst[100]=0 dst[277]=0
[0m[32m[HW]     [gNB PRACH RX UNCOMP] frame=1 slot=19 sym=7 aa=0 tti=39 g_kbar=4 src_nonzero_full=0/288 src_nonzero_extract=0/278 src_min=0 src_max=0 dst_nonzero=0/278 dst_min=0 dst_max=0
[0m[32m[HW]     [gNB PRACH RX UNCOMP] src[0]=0 src[g]=0 src[g+1]=0 src[g+100]=0 src[g+277]=0 dst[0]=0 dst[1]=0 dst[100]=0 dst[277]=0
[0m[32m[HW]     [gNB PRACH RX UNCOMP] frame=1 slot=19 sym=8 aa=0 tti=39 g_kbar=4 src_nonzero_full=0/288 src_nonzero_extract=0/278 src_min=0 src_max=0 dst_nonzero=0/278 dst_min=0 dst_max=0
[0m[32m[HW]     [gNB PRACH RX UNCOMP] src[0]=0 src[g]=0 src[g+1]=0 src[g+100]=0 src[g+277]=0 dst[0]=0 dst[1]=0 dst[100]=0 dst[277]=0
[0m[32m[HW]     [gNB PRACH RX UNCOMP] frame=1 slot=19 sym=9 aa=0 tti=39 g_kbar=4 src_nonzero_full=0/288 src_nonzero_extract=0/278 src_min=0 src_max=0 dst_nonzero=0/278 dst_min=0 dst_max=0
[0m[32m[HW]     [gNB PRACH RX UNCOMP] src[0]=0 src[g]=0 src[g+1]=0 src[g+100]=0 src[g+277]=0 dst[0]=0 dst[1]=0 dst[100]=0 dst[277]=0
[0m[32m[HW]     [gNB PRACH RX UNCOMP] frame=1 slot=19 sym=10 aa=0 tti=39 g_kbar=4 src_nonzero_full=0/288 src_nonzero_extract=0/278 src_min=0 src_max=0 dst_nonzero=0/278 dst_min=0 dst_max=0
[0m[32m[HW]     [gNB PRACH RX UNCOMP] src[0]=0 src[g]=0 src[g+1]=0 src[g+100]=0 src[g+277]=0 dst[0]=0 dst[1]=0 dst[100]=0 dst[277]=0
[0m[32m[HW]     [gNB PRACH RX UNCOMP] frame=1 slot=19 sym=11 aa=0 tti=39 g_kbar=4 src_nonzero_full=0/288 src_nonzero_extract=0/278 src_min=0 src_max=0 dst_nonzero=0/278 dst_min=0 dst_max=0
[0m[32m[HW]     [gNB PRACH RX UNCOMP] src[0]=0 src[g]=0 src[g+1]=0 src[g+100]=0 src[g+277]=0 dst[0]=0 dst[1]=0 dst[100]=0 dst[277]=0
[0m[PHY]    [MAC SCHED] frame 3, slot 0: DL_req has 0 PDUs
[0m[32m[HW]     [gNB PRACH RX UNCOMP] frame=2 slot=19 sym=0 aa=0 tti=59 g_kbar=4 src_nonzero_full=0/288 src_nonzero_extract=0/278 src_min=0 src_max=0 dst_nonzero=0/278 dst_min=0 dst_max=0
[0m[32m[HW]     [gNB PRACH RX UNCOMP] src[0]=0 src[g]=0 src[g+1]=0 src[g+100]=0 src[g+277]=0 dst[0]=0 dst[1]=0 dst[100]=0 dst[277]=0
[0m[32m[HW]     [gNB PRACH RX UNCOMP] frame=2 slot=19 sym=1 aa=0 tti=59 g_kbar=4 src_nonzero_full=0/288 src_nonzero_extract=0/278 src_min=0 src_max=0 dst_nonzero=0/278 dst_min=0 dst_max=0
[0m[32m[HW]     [gNB PRACH RX UNCOMP] src[0]=0 src[g]=0 src[g+1]=0 src[g+100]=0 src[g+277]=0 dst[0]=0 dst[1]=0 dst[100]=0 dst[277]=0
[0m[32m[HW]     [gNB PRACH RX UNCOMP] frame=2 slot=19 sym=2 aa=0 tti=59 g_kbar=4 src_nonzero_full=0/288 src_nonzero_extract=0/278 src_min=0 src_max=0 dst_nonzero=0/278 dst_min=0 dst_max=0
[0m[32m[HW]     [gNB PRACH RX UNCOMP] src[0]=0 src[g]=0 src[g+1]=0 src[g+100]=0 src[g+277]=0 dst[0]=0 dst[1]=0 dst[100]=0 dst[277]=0
[0m[32m[HW]     [gNB PRACH RX UNCOMP] frame=2 slot=19 sym=3 aa=0 tti=59 g_kbar=4 src_nonzero_full=0/288 src_nonzero_extract=0/278 src_min=0 src_max=0 dst_nonzero=0/278 dst_min=0 dst_max=0
[0m[32m[HW]     [gNB PRACH RX UNCOMP] src[0]=0 src[g]=0 src[g+1]=0 src[g+100]=0 src[g+277]=0 dst[0]=0 dst[1]=0 dst[100]=0 dst[277]=0
[0m[PHY]    [MAC SCHED] frame 4, slot 0: DL_req has 0 PDUs
[0m[PHY]    [MAC SCHED] frame 5, slot 0: DL_req has 0 PDUs
[0m[PHY]    [MAC SCHED] frame 6, slot 0: DL_req has 0 PDUs
[0m[PHY]    [MAC SCHED] frame 7, slot 0: DL_req has 0 PDUs
[0m[PHY]    [MAC SCHED] frame 8, slot 0: DL_req has 0 PDUs
[0m[PHY]    [MAC SCHED] frame 9, slot 0: DL_req has 0 PDUs
[0m[PHY]    [MAC SCHED] frame 10, slot 0: DL_req has 0 PDUs
[0m[PHY]    [MAC SCHED] frame 11, slot 0: DL_req has 0 PDUs
[0m[PHY]    [MAC SCHED] frame 12, slot 0: DL_req has 0 PDUs
[0m[PHY]    [MAC SCHED] frame 13, slot 0: DL_req has 0 PDUs
[0m[PHY]    [MAC SCHED] frame 14, slot 0: DL_req has 0 PDUs
[0m[PHY]    [MAC SCHED] frame 15, slot 0: DL_req has 0 PDUs
[0m[PHY]    [MAC SCHED] frame 16, slot 0: DL_req has 0 PDUs
[0m[PHY]    [MAC SCHED] frame 17, slot 0: DL_req has 0 PDUs
[0m[PHY]    [MAC SCHED] frame 18, slot 0: DL_req has 0 PDUs
[0m[PHY]    [MAC SCHED] frame 19, slot 0: DL_req has 0 PDUs
[0m[PHY]    [MAC SCHED] frame 20, slot 0: DL_req has 0 PDUs
[0m[PHY]    [MAC SCHED] frame 21, slot 0: DL_req has 0 PDUs
[0m[PHY]    [MAC SCHED] frame 22, slot 0: DL_req has 0 PDUs
[0m[PHY]    [MAC SCHED] frame 23, slot 0: DL_req has 0 PDUs
[0m[PHY]    [MAC SCHED] frame 24, slot 0: DL_req has 0 PDUs
[0m[PHY]    [MAC SCHED] frame 25, slot 0: DL_req has 0 PDUs
[0m[PHY]    [MAC SCHED] frame 26, slot 0: DL_req has 0 PDUs
[0m[PHY]    [MAC SCHED] frame 27, slot 0: DL_req has 0 PDUs
[0m[PHY]    [MAC SCHED] frame 28, slot 0: DL_req has 0 PDUs
[0m[PHY]    [MAC SCHED] frame 29, slot 0: DL_req has 0 PDUs
[0m[PHY]    [MAC SCHED] frame 30, slot 0: DL_req has 0 PDUs
[0mO-DU: thread_run start time: 05/25/26 05:03:18.000000018 UTC [500]
[DU PRACH CP TX] tti=499 frame=0 subframe=9 slot_id=1 port=1 cc=0 ant=0 occasion=0 seq=0 beam=0 ret=0 send=1
[DU PRACH CP TX] tti=519 frame=1 subframe=9 slot_id=1 port=1 cc=0 ant=0 occasion=0 seq=1 beam=0 ret=0 send=1
[DU PRACH CP TX] tti=539 frame=2 subframe=9 slot_id=1 port=1 cc=0 ant=0 occasion=0 seq=2 beam=0 ret=0 send=1
[DU PRACH CP TX] tti=559 frame=3 subframe=9 slot_id=1 port=1 cc=0 ant=0 occasion=0 seq=3 beam=0 ret=0 send=1
[DU PRACH CP TX] tti=579 frame=4 subframe=9 slot_id=1 port=1 cc=0 ant=0 occasion=0 seq=4 beam=0 ret=0 send=1
[DU PRACH CP TX] tti=599 frame=5 subframe=9 slot_id=1 port=1 cc=0 ant=0 occasion=0 seq=5 beam=0 ret=0 send=1
[DU PRACH CP TX] tti=619 frame=6 subframe=9 slot_id=1 port=1 cc=0 ant=0 occasion=0 seq=6 beam=0 ret=0 send=1
[DU PRACH CP TX] tti=639 frame=7 subframe=9 slot_id=1 port=1 cc=0 ant=0 occasion=0 seq=7 beam=0 ret=0 send=1
[DU PRACH CP TX] tti=659 frame=8 subframe=9 slot_id=1 port=1 cc=0 ant=0 occasion=0 seq=8 beam=0 ret=0 send=1
[DU PRACH CP TX] tti=679 frame=9 subframe=9 slot_id=1 port=1 cc=0 ant=0 occasion=0 seq=9 beam=0 ret=0 send=1
[DU PRACH CP TX] tti=699 frame=10 subframe=9 slot_id=1 port=1 cc=0 ant=0 occasion=0 seq=10 beam=0 ret=0 send=1
[DU PRACH CP TX] tti=719 frame=11 subframe=9 slot_id=1 port=1 cc=0 ant=0 occasion=0 seq=11 beam=0 ret=0 send=1
[DU PRACH CP TX] tti=739 frame=12 subframe=9 slot_id=1 port=1 cc=0 ant=0 occasion=0 seq=12 beam=0 ret=0 send=1
[DU PRACH CP TX] tti=759 frame=13 subframe=9 slot_id=1 port=1 cc=0 ant=0 occasion=0 seq=13 beam=0 ret=0 send=1
[DU PRACH CP TX] tti=779 frame=14 subframe=9 slot_id=1 port=1 cc=0 ant=0 occasion=0 seq=14 beam=0 ret=0 send=1
[DU PRACH CP TX] tti=799 frame=15 subframe=9 slot_id=1 port=1 cc=0 ant=0 occasion=0 seq=15 beam=0 ret=0 send=1
[DU PRACH CP TX] tti=819 frame=16 subframe=9 slot_id=1 port=1 cc=0 ant=0 occasion=0 seq=16 beam=0 ret=0 send=1
[DU PRACH CP TX] tti=839 frame=17 subframe=9 slot_id=1 port=1 cc=0 ant=0 occasion=0 seq=17 beam=0 ret=0 send=1
[DU PRACH CP TX] tti=859 frame=18 subframe=9 slot_id=1 port=1 cc=0 ant=0 occasion=0 seq=18 beam=0 ret=0 send=1
[DU PRACH CP TX] tti=879 frame=19 subframe=9 slot_id=1 port=1 cc=0 ant=0 occasion=0 seq=19 beam=0 ret=0 send=1
[DU PRACH CP TX] tti=899 frame=20 subframe=9 slot_id=1 port=1 cc=0 ant=0 occasion=0 seq=20 beam=0 ret=0 send=1
[DU PRACH CP TX] tti=919 frame=21 subframe=9 slot_id=1 port=1 cc=0 ant=0 occasion=0 seq=21 beam=0 ret=0 send=1
[DU PRACH CP TX] tti=939 frame=22 subframe=9 slot_id=1 port=1 cc=0 ant=0 occasion=0 seq=22 beam=0 ret=0 send=1
[DU PRACH CP TX] tti=959 frame=23 subframe=9 slot_id=1 port=1 cc=0 ant=0 occasion=0 seq=23 beam=0 ret=0 send=1
[DU PRACH CP TX] tti=979 frame=24 subframe=9 slot_id=1 port=1 cc=0 ant=0 occasion=0 seq=24 beam=0 ret=0 send=1
[DU PRACH CP TX] tti=999 frame=25 subframe=9 slot_id=1 port=1 cc=0 ant=0 occasion=0 seq=25 beam=0 ret=0 send=1
[DU PRACH CP TX] tti=1019 frame=26 subframe=9 slot_id=1 port=1 cc=0 ant=0 occasion=0 seq=26 beam=0 ret=0 send=1
[DU PRACH CP TX] tti=1039 frame=27 subframe=9 slot_id=1 port=1 cc=0 ant=0 occasion=0 seq=27 beam=0 ret=0 send=1
[DU PRACH CP TX] tti=1059 frame=28 subframe=9 slot_id=1 port=1 cc=0 ant=0 occasion=0 seq=28 beam=0 ret=0 send=1
[DU PRACH CP TX] tti=1079 frame=29 subframe=9 slot_id=1 port=1 cc=0 ant=0 occasion=0 seq=29 beam=0 ret=0 send=1
[DU PRACH CP TX] tti=1099 frame=30 subframe=9 slot_id=1 port=1 cc=0 ant=0 occasion=0 seq=30 beam=0 ret=0 send=1
[DU PRACH CP TX] tti=1119 frame=31 subframe=9 slot_id=1 port=1 cc=0 ant=0 occasion=0 seq=31 beam=0 ret=0 send=1
[DU PRACH CP TX] tti=1139 frame=32 subframe=9 slot_id=1 port=1 cc=0 ant=0 occasion=0 seq=32 beam=0 ret=0 send=1
[DU PRACH CP TX] tti=1159 frame=33 subframe=9 slot_id=1 port=1 cc=0 ant=0 occasion=0 seq=33 beam=0 ret=0 send=1
[DU PRACH CP TX] tti=1179 frame=34 subframe=9 slot_id=1 port=1 cc=0 ant=0 occasion=0 seq=34 beam=0 ret=0 send=1
[DU PRACH CP TX] tti=1199 frame=35 subframe=9 slot_id=1 port=1 cc=0 ant=0 occasion=0 seq=35 beam=0 ret=0 send=1
[DU PRACH CP TX] tti=1219 frame=36 subframe[32m[PHY]    Command line parameters for OAI UE: -C 4049760000 -r 24 --numerology 1 --ssb 24 
[0m[HW]     [o-du 0][rx   10752 pps   10752 kbps   55449][tx   31916 pps   31916 kbps  138678][Total Msgs_Rcvd 10752]
[0m[HW]     [o_du0][pusch0    9216 prach0    1536]
[0m[PHY]    [MAC SCHED] frame 256, slot 0: DL_req has 3 PDUs
[0m[PHY]    [MAC SCHED]   PDU[0]: type=SSB (3)
[0m[PHY]    [MAC SCHED]   PDU[1]: type=PDCCH (0)
[0m[PHY]    [MAC SCHED]   PDU[2]: type=PDSCH (1)
[0m[HW]     [o-du 0][rx   21504 pps   10752 kbps   72960][tx   63788 pps   31872 kbps  182321][Total Msgs_Rcvd 21504]
[0m[HW]     [o_du0][pusch0   18432 prach0    3072]
[0m[HW]     [o-du 0][rx   32256 pps   10752 kbps   72960][tx   95660 pps   31872 kbps  182321][Total Msgs_Rcvd 32256]
[0m[HW]     [o_du0][pusch0   27648 prach0    4608]
[0m[PHY]    [MAC SCHED] frame 512, slot 0: DL_req has 3 PDUs
[0m[PHY]    [MAC SCHED]   PDU[0]: type=SSB (3)
[0m[PHY]    [MAC SCHED]   PDU[1]: type=PDCCH (0)
[0m[PHY]    [MAC SCHED]   PDU[2]: type=PDSCH (1)
[0m[HW]     [o-du 0][rx   43009 pps   10753 kbps   72962][tx  127532 pps   31872 kbps  182321][Total Msgs_Rcvd 43009]
[0m[HW]     [o_du0][pusch0   36864 prach0    6144]
[0m[HW]     [o-du 0][rx   53761 pps   10752 kbps   72960][tx  159404 pps   31872 kbps  182321][Total Msgs_Rcvd 53761]
[0m[HW]     [o_du0][pusch0   46080 prach0    7680]
[0m[PHY]    [MAC SCHED] frame 768, slot 0: DL_req has 3 PDUs
[0m[PHY]    [MAC SCHED]   PDU[0]: type=SSB (3)
[0m[PHY]    [MAC SCHED]   PDU[1]: type=PDCCH (0)
[0m[PHY]    [MAC SCHED]   PDU[2]: type=PDSCH (1)
[0m[HW]     [o-du 0][rx   64513 pps   10752 kbps   72960][tx  191276 pps   31872 kbps  182321][Total Msgs_Rcvd 64513]
[0m[HW]     [o_du0][pusch0   55296 prach0    9216]
[0m[HW]     [o-du 0][rx   75265 pps   10752 kbps   72960][tx  223148 pps   31872 kbps  182321][Total Msgs_Rcvd 75265]
[0m[HW]     [o_du0][pusch0   64512 prach0   10752]
[0m[PHY]    [MAC SCHED] frame 0, slot 0: DL_req has 3 PDUs
[0m[PHY]    [MAC SCHED]   PDU[0]: type=SSB (3)
[0m[PHY]    [MAC SCHED]   PDU[1]: type=PDCCH (0)
[0m[PHY]    [MAC SCHED]   PDU[2]: type=PDSCH (1)
[0m[HW]     [o-du 0][rx   86017 pps   10752 kbps   72960][tx  255020 pps   31872 kbps  182321][Total Msgs_Rcvd 86017]
[0m[HW]     [o_du0][pusch0   73728 prach0   12288]
[0m[PHY]    prach_I0 = 0.0 dB
[0m[HW]     [o-du 0][rx   96769 pps   10752 kbps   72960][tx  286892 pps   31872 kbps  182321][Total Msgs_Rcvd 96769]
[0m[HW]     [o_du0][pusch0   82944 prach0   13824]
[0m[PHY]    [MAC SCHED] frame 256, slot 0: DL_req has 3 PDUs
[0m[PHY]    [MAC SCHED]   PDU[0]: type=SSB (3)
[0m[PHY]    [MAC SCHED]   PDU[1]: type=PDCCH (0)
[0m[PHY]    [MAC SCHED]   PDU[2]: type=PDSCH (1)
[0m[HW]     [o-du 0][rx  107522 pps   10753 kbps   72962][tx  318764 pps   31872 kbps  182321][Total Msgs_Rcvd 107522]
[0m[HW]     [o_du0][pusch0   92160 prach0   15360]
[0m[HW]     [o-du 0][rx  118274 pps   10752 kbps   72960][tx  350636 pps   31872 kbps  182321][Total Msgs_Rcvd 118274]
[0m[HW]     [o_du0][pusch0  101376 prach0   16896]
[0m[PHY]    [MAC SCHED] frame 512, slot 0: DL_req has 3 PDUs
[0m[PHY]    [MAC SCHED]   PDU[0]: type=SSB (3)
[0m[PHY]    [MAC SCHED]   PDU[1]: type=PDCCH (0)
[0m[PHY]    [MAC SCHED]   PDU[2]: type=PDSCH (1)
[0m[HW]     [o-du 0][rx  129026 pps   10752 kbps   72960][tx  382508 pps   31872 kbps  182321][Total Msgs_Rcvd 129026]
[0m[HW]     [o_du0][pusch0  110592 prach0   18432]
[0m[HW]     [o-du 0][rx  139778 pps   10752 kbps   72960][tx  414380 pps   31872 kbps  182321][Total Msgs_Rcvd 139778]
[0m[HW]     [o_du0][pusch0  119808 prach0   19968]
[0m[PHY]    [MAC SCHED] frame 768, slot 0: DL_req has 3 PDUs
[0m[PHY]    [MAC SCHED]   PDU[0]: type=SSB (3)
[0m[PHY]    [MAC SCHED]   PDU[1]: type=PDCCH (0)
[0m[PHY]    [MAC SCHED]   PDU[2]: type=PDSCH (1)
[0m[HW]     [o-du 0][rx  150530 pps   10752 kbps   72960][tx  446252 pps   31872 kbps  182321][Total Msgs_Rcvd 150530]
[0m[HW]     [o_du0][pusch0  129024 prach0   21504]
[0m[HW]     [o-du 0][rx  161282 pps   10752 kbps   72960][tx  478124 pps   31872 kbps  182321][Total Msgs_Rcvd 161282]
[0m[HW]     [o_du0][pusch0  138240 prach0   23040]
[0m[PHY]    [MAC SCHED] frame 0, slot 0: DL_req has 3 PDUs
[0m[PHY]    [MAC SCHED]   PDU[0]: type=SSB (3)
[0m[PHY]    [MAC SCHED]   PDU[1]: type=PDCCH (0)
[0m[PHY]    [MAC SCHED]   PDU[2]: type=PDSCH (1)
[0m[HW]     [o-du 0][rx  172034 pps   10752 kbps   72960][tx  509996 pps   31872 kbps  182321][Total Msgs_Rcvd 172034]
[0m[HW]     [o_du0][pusch0  147456 prach0   24576]
[0m[PHY]    prach_I0 = 0.0 dB
[0m[HW]     [o-du 0][rx  182786 pps   10752 kbps   72960][tx  541868 pps   31872 kbps  182321][Total Msgs_Rcvd 182786]
[0m[HW]     [o_du0][pusch0  156672 prach0   26112]
[0m[PHY]    [MAC SCHED] frame 256, slot 0: DL_req has 3 PDUs
[0m[PHY]    [MAC SCHED]   PDU[0]: type=SSB (3)
[0m[PHY]    [MAC SCHED]   PDU[1]: type=PDCCH (0)
[0m[PHY]    [MAC SCHED]   PDU[2]: type=PDSCH (1)
[0m[HW]     [o-du 0][rx  193538 pps   10752 kbps   72960][tx  573740 pps   31872 kbps  182321][Total Msgs_Rcvd 193538]
[0m[HW]     [o_du0][pusch0  165888 prach0   27648]
[0m[HW]     [o-du 0][rx  204290 pps   10752 kbps   72960][tx  605612 pps   31872 kbps  182321][Total Msgs_Rcvd 204290]
[0m[HW]     [o_du0][pusch0  175104 prach0   29184]
[0m[PHY]    [MAC SCHED] frame 512, slot 0: DL_req has 3 PDUs
[0m[PHY]    [MAC SCHED]   PDU[0]: type=SSB (3)
[0m[PHY]    [MAC SCHED]   PDU[1]: type=PDCCH (0)
[0m[PHY]    [MAC SCHED]   PDU[2]: type=PDSCH (1)
[0m[HW]     [o-du 0][rx  215042 pps   10752 kbps   72960][tx  637484 pps   31872 kbps  182321][Total Msgs_Rcvd 215042]
[0m[HW]     [o_du0][pusch0  184320 prach0   30720]
[0m[HW]     [o-du 0][rx  225794 pps   10752 kbps   72960][tx  669356 pps   31872 kbps  182321][Total Msgs_Rcvd 225794]
[0m[HW]     [o_du0][pusch0  193536 prach0   32256]
[0m[PHY]    [MAC SCHED] frame 768, slot 0: DL_req has 3 PDUs
[0m[PHY]    [MAC SCHED]   PDU[0]: type=SSB (3)
[0m[PHY]    [MAC SCHED]   PDU[1]: type=PDCCH (0)
[0m[PHY]    [MAC SCHED]   PDU[2]: type=PDSCH (1)
[0m[HW]     [o-du 0][rx  236546 pps   10752 kbps   72960][tx  701228 pps   31872 kbps  182321][Total Msgs_Rcvd 236546]
[0m[HW]     [o_du0][pusch0  202752 prach0   33792]
[0m[HW]     [o-du 0][rx  247299 pps   10753 kbps   72960][tx  733100 pps   31872 kbps  182321][Total Msgs_Rcvd 247299]
[0m[HW]     [o_du0][pusch0  211968 prach0   35328]
[0m[PHY]    [MAC SCHED] frame 0, slot 0: DL_req has 3 PDUs
[0m[PHY]    [MAC SCHED]   PDU[0]: type=SSB (3)
[0m[PHY]    [MAC SCHED]   PDU[1]: type=PDCCH (0)
[0m[PHY]    [MAC SCHED]   PDU[2]: type=PDSCH (1)
[0m[HW]     [o-du 0][rx  258051 pps   10752 kbps   72962][tx  764972 pps   31872 kbps  182321][Total Msgs_Rcvd 258051]
[0m[HW]     [o_du0][pusch0  221184 prach0   36864]
[0m[PHY]    prach_I0 = 0.0 dB
[0m[HW]     [o-du 0][rx  268803 pps   10752 kbps   72960][tx  796844 pps   31872 kbps  182321][Total Msgs_Rcvd 268803]
[0m[HW]     [o_du0][pusch0  230400 prach0   38400]
[0m[PHY]    [MAC SCHED] frame 256, slot 0: DL_req has 3 PDUs
[0m[PHY]    [MAC SCHED]   PDU[0]: type=SSB (3)
[0m[PHY]    [MAC SCHED]   PDU[1]: type=PDCCH (0)
[0m[PHY]    [MAC SCHED]   PDU[2]: type=PDSCH (1)
[0m[HW]     [o-du 0][rx  279555 pps   10752 kbps   72960][tx  828716 pps   31872 kbps  182321][Total Msgs_Rcvd 279555]
[0m[HW]     [o_du0][pusch0  239616 prach0   39936]
[0m[HW]     [o-du 0][rx  290307 pps   10752 kbps   72960][tx  860588 pps   31872 kbps  182321][Total Msgs_Rcvd 290307]
[0m[HW]     [o_du0][pusch0  248832 prach0   41472]
[0m[PHY]    [MAC SCHED] frame 512, slot 0: DL_req has 3 PDUs
[0m[PHY]    [MAC SCHED]   PDU[0]: type=SSB (3)
[0m[PHY]    [MAC SCHED]   PDU[1]: type=PDCCH (0)
[0m[PHY]    [MAC SCHED]   PDU[2]: type=PDSCH (1)
[0m[HW]     [o-du 0][rx  301059 pps   10752 kbps   72960][tx  892460 pps   31872 kbps  182321][Total Msgs_Rcvd 301059]
[0m[HW]     [o_du0][pusch0  258048 prach0   43008]
[0m[HW]     [o-du 0][rx  311811 pps   10752 kbps   72960][tx  924332 pps   31872 kbps  182321][Total Msgs_Rcvd 311811]
[0m[HW]     [o_du0][pusch0  267264 prach0   44544]
[0m[PHY]    [MAC SCHED] frame 768, slot 0: DL_req has 3 PDUs
[0m[PHY]    [MAC SCHED]   PDU[0]: type=SSB (3)
[0m[PHY]    [MAC SCHED]   PDU[1]: type=PDCCH (0)
[0m[PHY]    [MAC SCHED]   PDU[2]: type=PDSCH (1)
[0m[HW]     [o-du 0][rx  322563 pps   10752 kbps   72960][tx  956204 pps   31872 kbps  182321][Total Msgs_Rcvd 322563]
[0m[HW]     [o_du0][pusch0  276480 prach0   46080]
[0m[HW]     [o-du 0][rx  333315 pps   10752 kbps   72960][tx  988076 pps   31872 kbps  182321][Total Msgs_Rcvd 333315]
[0m[HW]     [o_du0][pusch0  285696 prach0   47616]
[0m[PHY]    [MAC SCHED] frame 0, slot 0: DL_req has 3 PDUs
[0m[PHY]    [MAC SCHED]   PDU[0]: type=SSB (3)
[0m[PHY]    [MAC SCHED]   PDU[1]: type=PDCCH (0)
[0m[PHY]    [MAC SCHED]   PDU[2]: type=PDSCH (1)
[0m[HW]     [o-du 0][rx  344067 pps   10752 kbps   72960][tx 1019948 pps   31872 kbps  182321][Total Msgs_Rcvd 344067]
[0m[HW]     [o_du0][pusch0  294912 prach0   49152]
[0m[PHY]    prach_I0 = 0.0 dB
[0m[HW]     [o-du 0][rx  354819 pps   10752 kbps   72960][tx 1051820 pps   31872 kbps  182321][Total Msgs_Rcvd 354819]
[0m[HW]     [o_du0][pusch0  304128 prach0   50688]
[0m[PHY]    [MAC SCHED] frame 256, slot 0: DL_req has 3 PDUs
[0m[PHY]    [MAC SCHED]   PDU[0]: type=SSB (3)
[0m[PHY]    [MAC SCHED]   PDU[1]: type=PDCCH (0)
[0m[PHY]    [MAC SCHED]   PDU[2]: type=PDSCH (1)
[0m[HW]     [o-du 0][rx  365571 pps   10752 kbps   72960][tx 1083692 pps   31872 kbps  182321][Total Msgs_Rcvd 365571]
[0m[HW]     [o_du0][pusch0  313344 prach0   52224]
[0m[HW]     [o-du 0][rx  376323 pps   10752 kbps   72960][tx 1115564 pps   31872 kbps  182321][Total Msgs_Rcvd 376323]
[0m[HW]     [o_du0][pusch0  322560 prach0   53760]
[0m[PHY]    [MAC SCHED] frame 512, slot 0: DL_req has 3 PDUs
[0m[PHY]    [MAC SCHED]   PDU[0]: type=SSB (3)
[0m[PHY]    [MAC SCHED]   PDU[1]: type=PDCCH (0)
[0m[PHY]    [MAC SCHED]   PDU[2]: type=PDSCH (1)
[0m[HW]     [o-du 0][rx  387075 pps   10752 kbps   72960][tx 1147436 pps   31872 kbps  182321][Total Msgs_Rcvd 387075]
[0m[HW]     [o_du0][pusch0  331776 prach0   55296]
[0m[HW]     [o-du 0][rx  397827 pps   10752 kbps   72960][tx 1179308 pps   31872 kbps  182321][Total Msgs_Rcvd 397827]
[0m[HW]     [o_du0][pusch0  340992 prach0   56832]
[0m[PHY]    [MAC SCHED] frame 768, slot 0: DL_req has 3 PDUs
[0m[PHY]    [MAC SCHED]   PDU[0]: type=SSB (3)
[0m[PHY]    [MAC SCHED]   PDU[1]: type=PDCCH (0)
[0m[PHY]    [MAC SCHED]   PDU[2]: type=PDSCH (1)
[0m[HW]     [o-du 0][rx  408579 pps   10752 kbps   72960][tx 1211180 pps   31872 kbps  182321][Total Msgs_Rcvd 408579]
[0m[HW]     [o_du0][pusch0  350208 prach0   58368]
[0m[HW]     [o-du 0][rx  419331 pps   10752 kbps   72960][tx 1243052 pps   31872 kbps  182321][Total Msgs_Rcvd 419331]
[0m[HW]     [o_du0][pusch0  359424 prach0   59904]
[0m[PHY]    [MAC SCHED] frame 0, slot 0: DL_req has 3 PDUs
[0m[PHY]    [MAC SCHED]   PDU[0]: type=SSB (3)
[0m[PHY]    [MAC SCHED]   PDU[1]: type=PDCCH (0)
[0m[PHY]    [MAC SCHED]   PDU[2]: type=PDSCH (1)
[0m[HW]     [o-du 0][rx  430083 pps   10752 kbps   72960][tx 1274924 pps   31872 kbps  182321][Total Msgs_Rcvd 430083]
[0m[HW]     [o_du0][pusch0  368640 prach0   61440]
[0m[PHY]    prach_I0 = 0.0 dB
[0m[HW]     [o-du 0][rx  440835 pps   10752 kbps   72960][tx 1306796 pps   31872 kbps  182321][Total Msgs_Rcvd 440835]
[0m[HW]     [o_du0][pusch0  377856 prach0   62976]
[0m[PHY]    [MAC SCHED] frame 256, slot 0: DL_req has 3 PDUs
[0m[PHY]    [MAC SCHED]   PDU[0]: type=SSB (3)
[0m[PHY]    [MAC SCHED]   PDU[1]: type=PDCCH (0)
[0m[PHY]    [MAC SCHED]   PDU[2]: type=PDSCH (1)
[0m[HW]     [o-du 0][rx  451587 pps   10752 kbps   72960][tx 1338668 pps   31872 kbps  182321][Total Msgs_Rcvd 451587]
[0m[HW]     [o_du0][pusch0  387072 prach0   64512]
[0m[HW]     [o-du 0][rx  462339 pps   10752 kbps   72960][tx 1370540 pps   31872 kbps  182321][Total Msgs_Rcvd 462339]
[0m[HW]     [o_du0][pusch0  396288 prach0   66048]
[0m[PHY]    [MAC SCHED] frame 512, slot 0: DL_req has 3 PDUs
[0m[PHY]    [MAC SCHED]   PDU[0]: type=SSB (3)
[0m[PHY]    [MAC SCHED]   PDU[1]: type=PDCCH (0)
[0m[PHY]    [MAC SCHED]   PDU[2]: type=PDSCH (1)
[0m[HW]     [o-du 0][rx  473091 pps   10752 kbps   72960][tx 1402412 pps   31872 kbps  182321][Total Msgs_Rcvd 473091]
[0m[HW]     [o_du0][pusch0  405504 prach0   67584]
[0m[HW]     [o-du 0][rx  483843 pps   10752 kbps   72960][tx 1434284 pps   31872 kbps  182321][Total Msgs_Rcvd 483843]
[0m[HW]     [o_du0][pusch0  414720 prach0   69120]
[0m[PHY]    [MAC SCHED] frame 768, slot 0: DL_req has 3 PDUs
[0m[PHY]    [MAC SCHED]   PDU[0]: type=SSB (3)
[0m[PHY]    [MAC SCHED]   PDU[1]: type=PDCCH (0)
[0m[PHY]    [MAC SCHED]   PDU[2]: type=PDSCH (1)
[0m[HW]     [o-du 0][rx  494595 pps   10752 kbps   72960][tx 1466156 pps   31872 kbps  182321][Total Msgs_Rcvd 494595]
[0m[HW]     [o_du0][pusch0  423936 prach0   70656]
[0m[HW]     [o-du 0][rx  505347 pps   10752 kbps   72960][tx 1498028 pps   31872 kbps  182321][Total Msgs_Rcvd 505347]
[0m[HW]     [o_du0][pusch0  433152 prach0   72192]
[0m[PHY]    [MAC SCHED] frame 0, slot 0: DL_req has 3 PDUs
[0m[PHY]    [MAC SCHED]   PDU[0]: type=SSB (3)
[0m[PHY]    [MAC SCHED]   PDU[1]: type=PDCCH (0)
[0m[PHY]    [MAC SCHED]   PDU[2]: type=PDSCH (1)
[0m[HW]     [o-du 0][rx  516099 pps   10752 kbps   72960][tx 1529900 pps   31872 kbps  182321][Total Msgs_Rcvd 516099]
[0m[HW]     [o_du0][pusch0  442368 prach0   73728]
[0m[PHY]    prach_I0 = 0.0 dB
[0m[HW]     [o-du 0][rx  526851 pps   10752 kbps   72960][tx 1561772 pps   31872 kbps  182321][Total Msgs_Rcvd 526851]
[0m[HW]     [o_du0][pusch0  451584 prach0   75264]
[0m[PHY]    [MAC SCHED] frame 256, slot 0: DL_req has 3 PDUs
[0m[PHY]    [MAC SCHED]   PDU[0]: type=SSB (3)
[0m[PHY]    [MAC SCHED]   PDU[1]: type=PDCCH (0)
[0m[PHY]    [MAC SCHED]   PDU[2]: type=PDSCH (1)
[0m[HW]     [o-du 0][rx  537603 pps   10752 kbps   72960][tx 1593644 pps   31872 kbps  182321][Total Msgs_Rcvd 537603]
[0m[HW]     [o_du0][pusch0  460800 prach0   76800]
[0m[HW]     [o-du 0][rx  548355 pps   10752 kbps   72960][tx 1625516 pps   31872 kbps  182321][Total Msgs_Rcvd 548355]
[0m[HW]     [o_du0][pusch0  470016 prach0   78336]
[0m[PHY]    [MAC SCHED] frame 512, slot 0: DL_req has 3 PDUs
[0m[PHY]    [MAC SCHED]   PDU[0]: type=SSB (3)
[0m[PHY]    [MAC SCHED]   PDU[1]: type=PDCCH (0)
[0m[PHY]    [MAC SCHED]   PDU[2]: type=PDSCH (1)
[0m[HW]     [o-du 0][rx  559107 pps   10752 kbps   72960][tx 1657388 pps   31872 kbps  182321][Total Msgs_Rcvd 559107]
[0m[HW]     [o_du0][pusch0  479232 prach0   79872]
[0m[HW]     [o-du 0][rx  569859 pps   10752 kbps   72960][tx 1689260 pps   31872 kbps  182321][Total Msgs_Rcvd 569859]
[0m[HW]     [o_du0][pusch0  488448 prach0   81408]
[0m[PHY]    [MAC SCHED] frame 768, slot 0: DL_req has 3 PDUs
[0m[PHY]    [MAC SCHED]   PDU[0]: type=SSB (3)
[0m[PHY]    [MAC SCHED]   PDU[1]: type=PDCCH (0)
[0m[PHY]    [MAC SCHED]   PDU[2]: type=PDSCH (1)
[0m[HW]     [o-du 0][rx  580611 pps   10752 kbps   72960][tx 1721132 pps   31872 kbps  182321][Total Msgs_Rcvd 580611]
[0m[HW]     [o_du0][pusch0  497664 prach0   82944]
[0m[HW]     [o-du 0][rx  591363 pps   10752 kbps   72960][tx 1753004 pps   31872 kbps  182321][Total Msgs_Rcvd 591363]
[0m[HW]     [o_du0][pusch0  506880 prach0   84480]
[0m[PHY]    [MAC SCHED] frame 0, slot 0: DL_req has 3 PDUs
[0m[PHY]    [MAC SCHED]   PDU[0]: type=SSB (3)
[0m[PHY]    [MAC SCHED]   PDU[1]: type=PDCCH (0)
[0m[PHY]    [MAC SCHED]   PDU[2]: type=PDSCH (1)
[0m[HW]     [o-du 0][rx  602115 pps   10752 kbps   72960][tx 1784876 pps   31872 kbps  182321][Total Msgs_Rcvd 602115]
[0m[HW]     [o_du0][pusch0  516096 prach0   86016]
[0m[PHY]    prach_I0 = 0.0 dB
[0m[HW]     [o-du 0][rx  612867 pps   10752 kbps   72960][tx 1816748 pps   31872 kbps  182321][Total Msgs_Rcvd 612867]
[0m[HW]     [o_du0][pusch0  525312 prach0   87552]
[0m[PHY]    [MAC SCHED] frame 256, slot 0: DL_req has 3 PDUs
[0m[PHY]    [MAC SCHED]   PDU[0]: type=SSB (3)
[0m[PHY]    [MAC SCHED]   PDU[1]: type=PDCCH (0)
[0m[PHY]    [MAC SCHED]   PDU[2]: type=PDSCH (1)
[0m[HW]     [o-du 0][rx  623619 pps   10752 kbps   72960][tx 1848620 pps   31872 kbps  182321][Total Msgs_Rcvd 623619]
[0m[HW]     [o_du0][pusch0  534528 prach0   89088]
[0m[HW]     [o-du 0][rx  634371 pps   10752 kbps   72960][tx 1880492 pps   31872 kbps  182321][Total Msgs_Rcvd 634371]
[0m[HW]     [o_du0][pusch0  543744 prach0   90624]
[0m[PHY]    [MAC SCHED] frame 512, slot 0: DL_req has 3 PDUs
[0m[PHY]    [MAC SCHED]   PDU[0]: type=SSB (3)
[0m[PHY]    [MAC SCHED]   PDU[1]: type=PDCCH (0)
[0m[PHY]    [MAC SCHED]   PDU[2]: type=PDSCH (1)
[0m[HW]     [o-du 0][rx  645123 pps   10752 kbps   72960][tx 1912364 pps   31872 kbps  182321][Total Msgs_Rcvd 645123]
[0m[HW]     [o_du0][pusch0  552960 prach0   92160]
[0m[HW]     [o-du 0][rx  655875 pps   10752 kbps   72960][tx 1944236 pps   31872 kbps  182321][Total Msgs_Rcvd 655875]
[0m[HW]     [o_du0][pusch0  562176 prach0   93696]
[0m[PHY]    [MAC SCHED] frame 768, slot 0: DL_req has 3 PDUs
[0m[PHY]    [MAC SCHED]   PDU[0]: type=SSB (3)
[0m[PHY]    [MAC SCHED]   PDU[1]: type=PDCCH (0)
[0m[PHY]    [MAC SCHED]   PDU[2]: type=PDSCH (1)
[0m[HW]     [o-du 0][rx  666627 pps   10752 kbps   72960][tx 1976108 pps   31872 kbps  182321][Total Msgs_Rcvd 666627]
[0m[HW]     [o_du0][pusch0  571392 prach0   95232]
[0m[HW]     [o-du 0][rx  677379 pps   10752 kbps   72960][tx 2007980 pps   31872 kbps  182321][Total Msgs_Rcvd 677379]
[0m[HW]     [o_du0][pusch0  580608 prach0   96768]
[0m
** Caught SIGTERM, shutting down
[PHY]    Killing gNB 0 processing threads
[0m
** Caught SIGTERM, shutting down
[PHY]    Stopping RU 0 processing threads
[0m[93m[PHY]    No stop_rf() for RU 0 defined, cannot stop RF!
[0m[HW]     xran_get_time_stats(): total thread time 303379366462, total time essential tasks 195610984670, num cores used 3
[0m=9 slot_id=1 port=1 cc=0 ant=0 occasion=0 seq=36 beam=0 ret=0 send=1
[DU PRACH CP TX] tti=1239 frame=37 subframe=9 slot_id=1 port=1 cc=0 ant=0 occasion=0 seq=37 beam=0 ret=0 send=1
[DU PRACH CP TX] tti=1259 frame=38 subframe=9 slot_id=1 port=1 cc=0 ant=0 occasion=0 seq=38 beam=0 ret=0 send=1
[DU PRACH CP TX] tti=1279 frame=39 subframe=9 slot_id=1 port=1 cc=0 ant=0 occasion=0 seq=39 beam=0 ret=0 send=1
[DU PRACH CP TX] tti=1299 frame=40 subframe=9 slot_id=1 port=1 cc=0 ant=0 occasion=0 seq=40 beam=0 ret=0 send=1
[DU PRACH CP TX] tti=1319 frame=41 subframe=9 slot_id=1 port=1 cc=0 ant=0 occasion=0 seq=41 beam=0 ret=0 send=1
[DU PRACH CP TX] tti=1339 frame=42 subframe=9 slot_id=1 port=1 cc=0 ant=0 occasion=0 seq=42 beam=0 ret=0 send=1
[DU PRACH CP TX] tti=1359 frame=43 subframe=9 slot_id=1 port=1 cc=0 ant=0 occasion=0 seq=43 beam=0 ret=0 send=1
[DU PRACH CP TX] tti=1379 frame=44 subframe=9 slot_id=1 port=1 cc=0 ant=0 occasion=0 seq=44 beam=0 ret=0 send=1
[DU PRACH CP TX] tti=1399 frame=45 subframe=9 slot_id=1 port=1 cc=0 ant=0 occasion=0 seq=45 beam=0 ret=0 send=1
[DU PRACH CP TX] tti=1419 frame=46 subframe=9 slot_id=1 port=1 cc=0 ant=0 occasion=0 seq=46 beam=0 ret=0 send=1
[DU PRACH CP TX] tti=1439 frame=47 subframe=9 slot_id=1 port=1 cc=0 ant=0 occasion=0 seq=47 beam=0 ret=0 send=1
[DU PRACH CP TX] tti=1459 frame=48 subframe=9 slot_id=1 port=1 cc=0 ant=0 occasion=0 seq=48 beam=0 ret=0 send=1
[DU PRACH CP TX] tti=1479 frame=49 subframe=9 slot_id=1 port=1 cc=0 ant=0 occasion=0 seq=49 beam=0 ret=0 send=1
[DU PRACH CP TX] tti=1499 frame=50 subframe=9 slot_id=1 port=1 cc=0 ant=0 occasion=0 seq=50 beam=0 ret=0 send=1
[DU PRACH CP TX] tti=1519 frame=51 subframe=9 slot_id=1 port=1 cc=0 ant=0 occasion=0 seq=51 beam=0 ret=0 send=1
[DU PRACH CP TX] tti=1539 frame=52 subframe=9 slot_id=1 port=1 cc=0 ant=0 occasion=0 seq=52 beam=0 ret=0 send=1
[DU PRACH CP TX] tti=1559 frame=53 subframe=9 slot_id=1 port=1 cc=0 ant=0 occasion=0 seq=53 beam=0 ret=0 send=1
[DU PRACH CP TX] tti=1579 frame=54 subframe=9 slot_id=1 port=1 cc=0 ant=0 occasion=0 seq=54 beam=0 ret=0 send=1
[DU PRACH CP TX] tti=1599 frame=55 subframe=9 slot_id=1 port=1 cc=0 ant=0 occasion=0 seq=55 beam=0 ret=0 send=1
[DU PRACH CP TX] tti=1619 frame=56 subframe=9 slot_id=1 port=1 cc=0 ant=0 occasion=0 seq=56 beam=0 ret=0 send=1
[DU PRACH CP TX] tti=1639 frame=57 subframe=9 slot_id=1 port=1 cc=0 ant=0 occasion=0 seq=57 beam=0 ret=0 send=1
[DU PRACH CP TX] tti=1659 frame=58 subframe=9 slot_id=1 port=1 cc=0 ant=0 occasion=0 seq=58 beam=0 ret=0 send=1
[DU PRACH CP TX] tti=1679 frame=59 subframe=9 slot_id=1 port=1 cc=0 ant=0 occasion=0 seq=59 beam=0 ret=0 send=1
[DU PRACH CP TX] tti=1699 frame=60 subframe=9 slot_id=1 port=1 cc=0 ant=0 occasion=0 seq=60 beam=0 ret=0 send=1
[DU PRACH CP TX] tti=1719 frame=61 subframe=9 slot_id=1 port=1 cc=0 ant=0 occasion=0 seq=61 beam=0 ret=0 send=1
[DU PRACH CP TX] tti=1739 frame=62 subframe=9 slot_id=1 port=1 cc=0 ant=0 occasion=0 seq=62 beam=0 ret=0 send=1
[DU PRACH CP TX] tti=1759 frame=63 subframe=9 slot_id=1 port=1 cc=0 ant=0 occasion=0 seq=63 beam=0 ret=0 send=1
Returned from ITTI signal handler
ORAN: trx_oran_get_stats
ORAN: trx_oran_stop
fh_rx_bbdev-17 worker thread finished on core 17 [worker id 0]
fh_cp_gen-18 worker thread finished on core 18 [worker id 1]
Closing timing source thread...
Bye.
