Logging terminal output to /home/jesse/oran_lab/logs/run_du/run_du_20260527_110455_pid3676992.log
DU cores: 4,5,6,7,8,9,17,18
DU numerology: 1
AnonHugePages:   6725632 kB
ShmemHugePages:        0 kB
FileHugePages:   3432448 kB
HugePages_Total:    8192
HugePages_Free:     4096
HugePages_Rsvd:        0
HugePages_Surp:        0
Hugepagesize:       2048 kB
Hugetlb:        16777216 kB
CMDLINE: "./nr-softmodem" "-O" "/home/jesse/oran_lab/du_test.conf" "--gNBs.[0].min_rxtxtime" "6" "--thread-pool" "4,5,6,7" "--numerology" "1" 
[HW]     Version: Branch: compression-plus-timing-fix Abrev. Hash: 3b10464162 Date: Tue May 26 09:32:18 2026 -0700
[0m[PHY]    No prs_config configuration found..!!
[0m[PHY]    DL frequency 4049760000 Hz, UL frequency 4049760000 Hz: uldl offset 0 Hz
[0m[PHY]    Initializing frame parms for mu 1, N_RB 24, Ncp 0
[0m[PHY]    Init: N_RB_DL 24, first_carrier_offset 368, nb_prefix_samples 36,nb_prefix_samples0 44, ofdm_symbol_size 512
[0m[MAC]    received F1 Setup Response from CU (null)
[0m[MAC]    CU uses RRC version 17.3.0
[0m[MAC]    Clearing the DU's UE states before, if any.
[0m[MAC]    received gNB-DU configuration update acknowledge
[0m[PHY]    number of L1 instances 1, number of RU 1, number of CPU cores 32
[0m[PHY]    Initialized RU proc 0 (NGFI_RAU_IF4p5,synch_to_ext_device),
[0m[PHY]    Starting RU 0 (NGFI_RAU_IF4p5,synch_to_ext_device) on cpu 7
[0m[PHY]    Initializing frame parms for mu 1, N_RB 24, Ncp 0
[0m[PHY]    Init: N_RB_DL 24, first_carrier_offset 368, nb_prefix_samples 36,nb_prefix_samples0 44, ofdm_symbol_size 512
[0m[PHY]    fp->scs=30000
[0m[PHY]    fp->ofdm_symbol_size=512
[0m[PHY]    fp->nb_prefix_samples0=44
[0m[PHY]    fp->nb_prefix_samples=36
[0m[PHY]    fp->slots_per_subframe=2
[0m[PHY]    fp->samples_per_subframe_wCP=14336
[0m[PHY]    fp->samples_per_frame_wCP=143360
[0m[PHY]    fp->samples_per_subframe=15360
[0m[PHY]    fp->samples_per_frame=153600
[0m[PHY]    fp->dl_CarrierFreq=4049760000
[0m[PHY]    fp->ul_CarrierFreq=4049760000
[0m[PHY]    fp->Nid_cell=0
[0m[PHY]    fp->first_carrier_offset=368
[0m[PHY]    fp->ssb_start_subcarrier=0
[0m[PHY]    fp->Ncp=0
[0m[PHY]    fp->N_RB_DL=24
[0m[PHY]    fp->numerology_index=1
[0m[PHY]    fp->ofdm_offset_divisor=8
[0m[PHY]    fp->threequarter_fs=0
[0m[PHY]    fp->sl_CarrierFreq=0
[0m[PHY]    fp->N_RB_SL=0
[0m[PHY]    Setting RF config for N_RB 24, NB_RX 1, NB_TX 1
[0m[PHY]    tune_offset 0 Hz, sample_rate 15360000 Hz
[0m[PHY]    Channel 0: setting tx_gain offset 0, tx_freq 4049760000 Hz
[0m[PHY]    Channel 0: setting rx_gain offset 0, rx_freq 4049760000 Hz
[0m[PHY]    starting transport
[0m[32m[PHY]    Initializing XRAN layer as O-DU
[0m[HW]     Initializing O-RAN 7.2 FH interface through xran library (compiled against headers of oran_f_release_v1.8)
[0mEAL: Detected 32 lcore(s)
EAL: Detected 1 NUMA nodes
EAL: Auto-detected process type: PRIMARY
EAL: Detected shared linkage of DPDK
EAL: Multi-process socket /var/run/dpdk/wls_0/mp_socket
EAL: Selected IOVA mode 'PA'
EAL: No available hugepages reported in hugepages-1048576kB
EAL: Probing VFIO support...
EAL: VFIO support initialized
EAL: Probe PCI driver: net_i40e_vf (8086:154c) device: 0000:06:02.2 (socket 0)
[CONFIG] function config_libconfig_init returned 0
xran_fh_init:
  io_cfg:
    id 0 (O-DU)
    num_vfs 2
    num_rxq 1
    dpdk_dev [0000:06:02.2, 0000:06:02.3, (null), (null), (null), (null), (null), (null), (null), (null), (null), (null), (null), (null), (null), (null)]
    bbdev_dev (null)
    bbdev_mode -1
    dpdkIoVaMode 0
    dpdkMemorySize 8192
    core 9
    system_core 8
    pkt_proc_core 0000000000060000
    pkt_proc_core_64_127 0000000000000000
    pkt_aux_core 0
    timing_core 9
    port (filled within xran library)
    io_sleep 0
    nEthLinePerPort 1
    nEthLineSpeed 10
    one_vf_cu_plane 0
    eowd_cmn[0]:
      initiator_en 0
      numberOfSamples 0
      filterType 0
      responseTo 0
      measVf 0
      measState 0
      measId 0
      measMethod 0
      owdm_enable 0
      owdm_PlLength 0
eowd_port (filled within xran library)
    bbu_offload 0
  eAxCId_conf:
    mask_cuPortId 0xf000
    mask_bandSectorId 0x0f00
    mask_ccId 0x00f0
    mask_ruPortId 0x000f
    bit_cuPortId 0
    bit_bandSectorId 0
    bit_ccId 0
    bit_ruPortId 0
  xran_ports 1
  dpdkBasebandFecMode 0
  dpdkBasebandDevice (null)
  filePrefix wls_0
  mtu 9600
  p_o_du_addr (null)
  p_o_ru_addr [00:11:22:33:64:66, 00:11:22:33:64:67]
  totalBfWeights 0
  mlogxranenable 0
  dlCpProcBurst 0
'DPDK 20.11.9'
 xran_init: MTU 9600
PF Eth line speed 10G
PF Eth lines per O-xU port 1
RX HW queues per O-xU Eth line 1 
node 0
total cores 32 c_mask 0x00000000000060300 core 9 [id] system_core 8 [id] pkt_proc_core 0x00000000000060000 [mask] pkt_aux_core 0 [id] timing_core 9 [id]
xran_ethdi_init_dpdk_io: Calling rte_eal_init:wls_0 -c 0x00000000000060300 -n2 --iova-mode=pa --socket-mem=8192,0 --socket-limit=8192,0 --proc-type=auto --no-telemetry --file-prefix wls_0 -a0000:00:00.0    
xran_init_mbuf_pool: socket 0
initializing port 0 for TX, drv=net_i40e_vf
Port 0 MAC: 00 11 22 33 64 68
Port 0: nb_rxd 4096 nb_txd 4096
[0] mp_rx__p_0_q_0 num blocks 65535
[0] mempool_small__0

Checking link status portid [0]  EAL: Probe PCI driver: net_i40e_vf (8086:154c) device: 0000:06:02.3 (socket 0)
skipped by XRAN_SKIP_LINK_CHECK
initializing port 1 for TX, drv=net_i40e_vf
Port 1 MAC: 00 11 22 33 64 69
Port 1: nb_rxd 4096 nb_txd 4096
[1] mp_rx__p_1_q_0 num blocks 65535
[1] mempool_small__1
Created ring tx_ring_cp_1 on core 9
Created ring rx_ring_cp_1_0 on core 9

Checking link status portid [1]  [93m[HW]     XRAN modifed affinity. Correcting affinity of caller
[0mskipped by XRAN_SKIP_LINK_CHECK
[ 0] vf  0 local  SRC MAC: 00 11 22 33 64 68
[ 0] vf  0 remote DST MAC: 00 11 22 33 64 66
[ 0] vf  1 local  SRC MAC: 00 11 22 33 64 69
[ 0] vf  1 remote DST MAC: 00 11 22 33 64 67
created dl_gen_ring_up_0 on core 9
xran_fh_config:
  dpdk_port 0
  sector_id 0
  nCC 1
  neAxc 1
  neAxcUl 0
  nAntElmTRx 0
  nDLFftSize 9
  nULFftSize 9
  nDLRBs 24
  nULRBs 24
  nDLAbsFrePointA 0
  nULAbsFrePointA 0
  nDLCenterFreqARFCN 0
  nULCenterFreqARFCN 0
  ttiCb (nil)
  ttiCbParam (nil)
  Tadv_cp_dl 0
  T2a_min_cp_dl 0
  T2a_max_cp_dl 0
  T2a_min_cp_ul 0
  T2a_max_cp_ul 0
  T2a_min_up 0
  T2a_max_up 0
  Ta3_min 0
  Ta3_max 0
  T1a_min_cp_dl 285
  T1a_max_cp_dl 470
  T1a_min_cp_ul 285
  T1a_max_cp_ul 535
  T1a_min_up 300
  T1a_max_up 450
  Ta4_min 400
  Ta4_max 440
  enableCP 1
  prachEnable 1
  srsEnable 0
  puschMaskEnable 0
  puschMaskSlot 0
  cp_vlan_tag 0
  up_vlan_tag 0
  debugStop 0
  debugStopCount 0
  DynamicSectionEna 0
  GPS_Alpha 0
  GPS_Beta -9000
  srsEnableCp 0
  SrsDelaySym 0
  prach_config:
    nPrachConfIdx 159
    nPrachSubcSpacing 1
    nPrachZeroCorrConf 0
    nPrachRestrictSet 0
    nPrachRootSeqIdx 0
    nPrachFreqStart 0
    nPrachFreqOffset -288
    nPrachFilterIdx 0
    startSymId 0
    lastSymId 0
    startPrbc 0
    numPrbc 0
    timeOffset 0
    freqOffset 0
    eAxC_offset 1
    nPrachConfIdxLTE 0
  srs_config:
    symbMask 0000
    eAxC_offset 0
  frame_conf:
    nFrameDuplexType TDD
    nNumerology 1
    nTddPeriod 5
    sSlotConfig[0]: DDDDDDDDDDDDDD
    sSlotConfig[1]: DDDDDDDDDDDDDD
    sSlotConfig[2]: DDDDDDDDDDDDDD
    sSlotConfig[3]: DDDDDDGGGGUUUU
    sSlotConfig[4]: UUUUUUUUUUUUUU
  ru_config:
    xranTech NR
    xranCat A
    xranCompHdrType dynamic
    iqWidth 9
    compMeth 1
    iqWidth_PRACH 9
    compMeth_PRACH 1
    fftSize 8
    byteOrder network/BE
    iqOrder I_Q
    xran_max_frame 0
  bbdev_enc (nil)
  bbdev_dec (nil)
  tx_cp_eAxC2Vf 0x7f3ca77e24b0
  tx_up_eAxC2Vf 0x7f3ca77e30b0
  rx_cp_eAxC2Vf 0x7f3ca77e3cb0
  rx_up_eAxC2Vf 0x7f3ca77e48b0
  log_level 1
  max_sections_per_slot 0
  max_sections_per_symbol 0
  RunSlotPrbMapBySymbolEnable 0
  LiteOnIgnoreUPSectionIdEnable 0
  dssEnable 0
  dssPeriod 0
  technology[XRAN_MAX_DSS_PERIODICITY] (not filled as DSS disabled)
 xran_open: 5G NR Category A
xRAN open PRACH config: Numerology 1 ConfIdx 159, preambleFmrt 10 startsymb 0, numSymbol 12, occassionsInPrachSlot 1
PRACH: x 1 y[0] 0, y[1] 0 prach slot: 9 ..
PRACH start symbol 0 lastsymbol 11
xran_init_vfs_mapping: p 0 vf 0
xran_init_vfs_mapping: p 0 vf 1
xran_open: interval_us=500, interval_us_local=500
bbu_offload 0
XRAN_UP_VF: 0x0000
xran_timing_source_thread [CPU  9] [PID: 3677034]
TTI interval 500 [us]
delay_cp_dl_max=30, sym_cp_dl_max=1, max_dl_offset_sym=13
delay_cp_dl_min=215, sym_cp_dl_min=5, min_dl_offset_sym=9
delay_cp_ul=465,     sym_cp_ul=0,     ul_offset_sym=14
offset_num_slots_cp_dl=0, offset_num_slots_cp_ul=1, offset_num_slots_up_ul=0
C-plane DL from 30 us after TTI  [trigger on sym 1] to 215 us after TTI [trigger on sym 5]
Start C-plane UL 465 us after TTI  [trigger on sym 0]
Start U-plane DL 450 us before OTA [offset  in sym -12]
Start U-plane UL 440 us OTA        [offset  in sym 13]
C-plane to U-plane delay 20 us after TTI
Start Sym timer 107142 ns
created sym cp dl cb for symbol 1
O-XU      0
created sym cp dl cb for symbol 2
created sym cp dl cb for symbol 3
created sym cp dl cb for symbol 4
created sym cp dl cb for symbol 5
HW        0
Num cores 3
Num ports 1
O-RU Cat  0
O-RU CC   1
O-RU eAxC 1
p:0 XRAN_JOB_TYPE_CP_DL worker id 1
p:0 XRAN_JOB_TYPE_CP_UL worker id 1
p:0 XRAN_JOB_TYPE_CP_DL worker id 0
p:0 XRAN_JOB_TYPE_CP_UL worker id 0
xran_generic_worker_thread [CPU 17] [PID: 3677034]
spawn worker 0 core 17
xran_generic_worker_thread [CPU 18] [PID: 3677034]
spawn worker 1 core 18
xran_open [CPU  7] [PID: 3677034]
Waiting on Timing thread...
Initialize ORAN port instance 0 (1) sector 0
xran_sector_get_instances() o_xu_id 0 xran_handle 0x7f3c6cf95040
xran_sector_get_instances [0]: CC 0 handle 0x7f3c9416c740
Handle: 0x7f3cb45b0468 Instance: 0x[HW]     [RAU] has loaded ETHERNET trasport protocol.
[0m[PHY]    Starting IF interface for RU 0, nb_rx 1
[0m[PHY]    RU 0 Setting N_TA_offset to 200 samples (UL Freq 4045440, N_RB 24, mu 1)
[0m[PHY]    Signaling main thread that RU 0 is ready, sl_ahead 10
[0m[PHY]    L1 configured without analog beamforming
[0m[PHY]    Attaching RU 0 antenna 0 to gNB antenna 0
[0m[PHY]    got sync (ru_thread)
[0m[PHY]    got sync (L1_stats_thread)
[0m7f3c9416c740
-> hInstance 0x7f3c9416c740
ru_0_cc_0_idx_0: [ handle 0x7f3c9416c740 0 0 ] [nPoolIndex 0] nNumberOfBuffers 511 nBufferSize 14116 socket_id 0
CC:[ handle 0x7f3c9416c740 ru 0 cc_idx 0 ] [nPoolIndex 0] mb pool 0x284784540 
xran_bm_init() hInstance 0x7f3c9416c740 poolIdx 0 elements 511 size 14116
xran_bm_allocate_buffer() hInstance 0x7f3c9416c740 poolIdx 0 count 280
ru_0_cc_0_idx_1: [ handle 0x7f3c9416c740 0 0 ] [nPoolIndex 1] nNumberOfBuffers 511 nBufferSize 4976 socket_id 0
CC:[ handle 0x7f3c9416c740 ru 0 cc_idx 0 ] [nPoolIndex 1] mb pool 0x284786dc0 
xran_bm_init() hInstance 0x7f3c9416c740 poolIdx 1 elements 511 size 4976
xran_bm_allocate_buffer() hInstance 0x7f3c9416c740 poolIdx 1 count 20
ru_0_cc_0_idx_2: [ handle 0x7f3c9416c740 0 0 ] [nPoolIndex 2] nNumberOfBuffers 511 nBufferSize 13168 socket_id 0
CC:[ handle 0x7f3c9416c740 ru 0 cc_idx 0 ] [nPoolIndex 2] mb pool 0x284786940 
xran_bm_init() hInstance 0x7f3c9416c740 poolIdx 2 elements 511 size 13168
xran_bm_allocate_buffer() hInstance 0x7f3c9416c740 poolIdx 2 count 280
ru_0_cc_0_idx_3: [ handle 0x7f3c9416c740 0 0 ] [nPoolIndex 3] nNumberOfBuffers 511 nBufferSize 4976 socket_id 0
CC:[ handle 0x7f3c9416c740 ru 0 cc_idx 0 ] [nPoolIndex 3] mb pool 0x284786340 
xran_bm_init() hInstance 0x7f3c9416c740 poolIdx 3 elements 511 size 4976
xran_bm_allocate_buffer() hInstance 0x7f3c9416c740 poolIdx 3 count 20
ru_0_cc_0_idx_4: [ handle 0x7f3c9416c740 0 0 ] [nPoolIndex 4] nNumberOfBuffers 511 nBufferSize 3360 socket_id 0
CC:[ handle 0x7f3c9416c740 ru 0 cc_idx 0 ] [nPoolIndex 4] mb pool 0x284788d00 
xran_bm_init() hInstance 0x7f3c9416c740 poolIdx 4 elements 511 size 3360
xran_bm_allocate_buffer() hInstance 0x7f3c9416c740 poolIdx 4 count 280
ORAN: get_internal_parameter
ORAN: get_internal_parameter
ORAN: trx_oran_start
O-DU: XRAN start time: 05/27/26 18:04:58.844605604 UTC [500]
Start ORAN. Done
O-DU: thread_run start time: 05/27/26 18:04:59.000000017 UTC [500]
TYPE <CTRL-C> TO TERMINATE
[PHY]    RU 0 no rf device
[0m[PHY]    RU 0 RF started cpu_meas_enabled 0
[0m[HW]     [PUSCH BFP] ENTER: frame=0, slot=9, sym=12, ant=0, startRB=0, numRB=24, iqWidth=9, payload_len=672
[0m[HW]     [PUSCH BFP] Decompression returned, rsp.len=1152
[0m[HW]     [PUSCH BFP] ENTER: frame=0, slot=9, sym=13, ant=0, startRB=0, numRB=24, iqWidth=9, payload_len=672
[0m[HW]     [PUSCH BFP] Decompression returned, rsp.len=1152
[0m[93m[HW]     TTI processing delay detected, skipping    0.10 =>    1. 8
[0m[HW]     [PUSCH BFP] ENTER: frame=1, slot=8, sym=10, ant=0, startRB=0, numRB=24, iqWidth=9, payload_len=672
[0m[HW]     [PUSCH BFP] Decompression returned, rsp.len=1152
[0m[HW]     [PUSCH BFP] ENTER: frame=1, slot=8, sym=11, ant=0, startRB=0, numRB=24, iqWidth=9, payload_len=672
[0m[HW]     [PUSCH BFP] Decompression returned, rsp.len=1152
[0m[HW]     [PUSCH BFP] ENTER: frame=1, slot=8, sym=12, ant=0, startRB=0, numRB=24, iqWidth=9, payload_len=672
[0m[HW]     [PUSCH BFP] Decompression returned, rsp.len=1152
[0m[1;31m[HW]     Received Time doesn't correspond to the time we think it is (slot mismatch, received 1.8, expected 0.10)
[0m[1;31m[HW]     Received Time doesn't correspond to the time we think it is (frame mismatch, 1.8 , expected 0.8)
[0m[93m[HW]     we get rach data from ru, but it is not scheduled 1.19
[0m[32m[PHY]    Command line parameters for OAI UE: -C 4049760000 -r 24 --numerology 1 --ssb 24 
[0m[93m[PHY]    ULSCH NAK trace 109.18 rnti 1c9f harq 0 round 0 rv 0 crc_valid 0 processed 0/1 abort 1 dtx 0 TBS 7 rb 0+8 sym 10+3 mcs 1 Qm 2 SNR 64.4 dB TAest 0
[0m[93m[PHY]    ULSCH NAK trace 110.18 rnti 1c9f harq 0 round 1 rv 2 crc_valid 0 processed 0/1 abort 1 dtx 0 TBS 7 rb 0+8 sym 10+3 mcs 1 Qm 2 SNR 64.8 dB TAest 0
[0m[93m[PHY]    ULSCH NAK trace 111.18 rnti 1c9f harq 0 round 2 rv 3 crc_valid 0 processed 0/1 abort 1 dtx 0 TBS 7 rb 0+8 sym 10+3 mcs 1 Qm 2 SNR 64.6 dB TAest 0
[0m[93m[PHY]    ULSCH NAK trace 112.18 rnti 1c9f harq 0 round 3 rv 1 crc_valid 0 processed 0/1 abort 1 dtx 0 TBS 7 rb 0+8 sym 10+3 mcs 1 Qm 2 SNR 64.3 dB TAest 0
[0m[93m[NR_MAC] UE 1c9f RA failed at state WAIT_Msg3 (Reached msg3 max harq rounds)
[0m[93m[PHY]    ULSCH NAK trace 120.18 rnti 8da5 harq 0 round 0 rv 0 crc_valid 0 processed 0/1 abort 1 dtx 0 TBS 7 rb 0+8 sym 10+3 mcs 1 Qm 2 SNR 64.3 dB TAest 0
[0m[93m[PHY]    ULSCH NAK trace 121.18 rnti 8da5 harq 0 round 1 rv 2 crc_valid 0 processed 0/1 abort 1 dtx 0 TBS 7 rb 0+8 sym 10+3 mcs 1 Qm 2 SNR 64.7 dB TAest 0
[0m[93m[PHY]    ULSCH NAK trace 122.18 rnti 8da5 harq 0 round 2 rv 3 crc_valid 0 processed 0/1 abort 1 dtx 0 TBS 7 rb 0+8 sym 10+3 mcs 1 Qm 2 SNR 64.8 dB TAest 0
[0m[93m[PHY]    ULSCH NAK trace 123.18 rnti 8da5 harq 0 round 3 rv 1 crc_valid 0 processed 0/1 abort 1 dtx 0 TBS 7 rb 0+8 sym 10+3 mcs 1 Qm 2 SNR 64.4 dB TAest 0
[0m[93m[NR_MAC] UE 8da5 RA failed at state WAIT_Msg3 (Reached msg3 max harq rounds)
[0m[HW]     [o-du 0][rx   10716 pps   10716 kbps   23917][tx   31916 pps   31916 kbps   61052][Total Msgs_Rcvd 10716]
[0m[HW]     [FH LOAD][o-du 0] rx=23.917 Mbps tx=61.052 Mbps total=84.969 Mbps rx_pps=10716 tx_pps=31916 total_pps=42632
[0m[HW]     [o_du0][pusch0    9180 prach0    1536]
[0m[93m[PHY]    ULSCH NAK trace 131.18 rnti 92de harq 0 round 0 rv 0 crc_valid 0 processed 0/1 abort 1 dtx 0 TBS 7 rb 0+8 sym 10+3 mcs 1 Qm 2 SNR 64.3 dB TAest 0
[0m[93m[PHY]    ULSCH NAK trace 132.18 rnti 92de harq 0 round 1 rv 2 crc_valid 0 processed 0/1 abort 1 dtx 0 TBS 7 rb 0+8 sym 10+3 mcs 1 Qm 2 SNR 64.4 dB TAest 0
[0m[93m[PHY]    ULSCH NAK trace 133.18 rnti 92de harq 0 round 2 rv 3 crc_valid 0 processed 0/1 abort 1 dtx 0 TBS 7 rb 0+8 sym 10+3 mcs 1 Qm 2 SNR 64.8 dB TAest 0
[0m[93m[PHY]    ULSCH NAK trace 134.18 rnti 92de harq 0 round 3 rv 1 crc_valid 0 processed 0/1 abort 1 dtx 0 TBS 7 rb 0+8 sym 10+3 mcs 1 Qm 2 SNR 64.6 dB TAest 0
[0m[93m[NR_MAC] UE 92de RA failed at state WAIT_Msg3 (Reached msg3 max harq rounds)
[0m[93m[PHY]    ULSCH NAK trace 142.18 rnti da5b harq 0 round 0 rv 0 crc_valid 0 processed 0/1 abort 1 dtx 0 TBS 7 rb 0+8 sym 10+3 mcs 1 Qm 2 SNR 64.4 dB TAest 0
[0m[93m[PHY]    ULSCH NAK trace 143.18 rnti da5b harq 0 round 1 rv 2 crc_valid 0 processed 0/1 abort 1 dtx 0 TBS 7 rb 0+8 sym 10+3 mcs 1 Qm 2 SNR 64.3 dB TAest 0
[0m[93m[PHY]    ULSCH NAK trace 144.18 rnti da5b harq 0 round 2 rv 3 crc_valid 0 processed 0/1 abort 1 dtx 0 TBS 7 rb 0+8 sym 10+3 mcs 1 Qm 2 SNR 64.7 dB TAest 0
[0m[93m[PHY]    ULSCH NAK trace 145.18 rnti da5b harq 0 round 3 rv 1 crc_valid 0 processed 0/1 abort 1 dtx 0 TBS 7 rb 0+8 sym 10+3 mcs 1 Qm 2 SNR 64.8 dB TAest 0
[0m[93m[NR_MAC] UE da5b RA failed at state WAIT_Msg3 (Reached msg3 max harq rounds)
[0m[93m[PHY]    ULSCH NAK trace 153.18 rnti 61a9 harq 0 round 0 rv 0 crc_valid 0 processed 0/1 abort 1 dtx 0 TBS 7 rb 0+8 sym 10+3 mcs 1 Qm 2 SNR 64.8 dB TAest 0
[0m[93m[PHY]    ULSCH NAK trace 154.18 rnti 61a9 harq 0 round 1 rv 2 crc_valid 0 processed 0/1 abort 1 dtx 0 TBS 7 rb 0+8 sym 10+3 mcs 1 Qm 2 SNR 64.3 dB TAest 0
[0m[93m[PHY]    ULSCH NAK trace 155.18 rnti 61a9 harq 0 round 2 rv 3 crc_valid 0 processed 0/1 abort 1 dtx 0 TBS 7 rb 0+8 sym 10+3 mcs 1 Qm 2 SNR 64.4 dB TAest 0
[0m[93m[PHY]    ULSCH NAK trace 156.18 rnti 61a9 harq 0 round 3 rv 1 crc_valid 0 processed 0/1 abort 1 dtx 0 TBS 7 rb 0+8 sym 10+3 mcs 1 Qm 2 SNR 64.8 dB TAest 0
[0m[93m[NR_MAC] UE 61a9 RA failed at state WAIT_Msg3 (Reached msg3 max harq rounds)
[0m[93m[PHY]    ULSCH NAK trace 164.18 rnti f5d4 harq 0 round 0 rv 0 crc_valid 0 processed 0/1 abort 1 dtx 0 TBS 7 rb 0+8 sym 10+3 mcs 1 Qm 2 SNR 64.8 dB TAest 0
[0m[93m[PHY]    ULSCH NAK trace 165.18 rnti f5d4 harq 0 round 1 rv 2 crc_valid 0 processed 0/1 abort 1 dtx 0 TBS 7 rb 0+8 sym 10+3 mcs 1 Qm 2 SNR 64.5 dB TAest 0
[0m[93m[PHY]    ULSCH NAK trace 166.18 rnti f5d4 harq 0 round 2 rv 3 crc_valid 0 processed 0/1 abort 1 dtx 0 TBS 7 rb 0+8 sym 10+3 mcs 1 Qm 2 SNR 64.3 dB TAest 0
[0m[93m[PHY]    ULSCH NAK trace 167.18 rnti f5d4 harq 0 round 3 rv 1 crc_valid 0 processed 0/1 abort 1 dtx 0 TBS 7 rb 0+8 sym 10+3 mcs 1 Qm 2 SNR 64.7 dB TAest 0
[0m[93m[NR_MAC] UE f5d4 RA failed at state WAIT_Msg3 (Reached msg3 max harq rounds)
[0m[93m[PHY]    ULSCH NAK trace 175.18 rnti ed90 harq 0 round 0 rv 0 crc_valid 0 processed 0/1 abort 1 dtx 0 TBS 7 rb 0+8 sym 10+3 mcs 1 Qm 2 SNR 64.8 dB TAest 0
[0m[93m[PHY]    ULSCH NAK trace 176.18 rnti ed90 harq 0 round 1 rv 2 crc_valid 0 processed 0/1 abort 1 dtx 0 TBS 7 rb 0+8 sym 10+3 mcs 1 Qm 2 SNR 64.7 dB TAest 0
[0m[93m[PHY]    ULSCH NAK trace 177.18 rnti ed90 harq 0 round 2 rv 3 crc_valid 0 processed 0/1 abort 1 dtx 0 TBS 7 rb 0+8 sym 10+3 mcs 1 Qm 2 SNR 64.3 dB TAest 0
[0m[93m[PHY]    ULSCH NAK trace 178.18 rnti ed90 harq 0 round 3 rv 1 crc_valid 0 processed 0/1 abort 1 dtx 0 TBS 7 rb 0+8 sym 10+3 mcs 1 Qm 2 SNR 64.4 dB TAest 0
[0m[93m[NR_MAC] UE ed90 RA failed at state WAIT_Msg3 (Reached msg3 max harq rounds)
[0m[93m[PHY]    ULSCH NAK trace 186.18 rnti b953 harq 0 round 0 rv 0 crc_valid 0 processed 0/1 abort 1 dtx 0 TBS 7 rb 0+8 sym 10+3 mcs 1 Qm 2 SNR 64.5 dB TAest 0
[0m[93m[PHY]    ULSCH NAK trace 187.18 rnti b953 harq 0 round 1 rv 2 crc_valid 0 processed 0/1 abort 1 dtx 0 TBS 7 rb 0+8 sym 10+3 mcs 1 Qm 2 SNR 64.8 dB TAest 0
[0m[93m[PHY]    ULSCH NAK trace 188.18 rnti b953 harq 0 round 2 rv 3 crc_valid 0 processed 0/1 abort 1 dtx 0 TBS 7 rb 0+8 sym 10+3 mcs 1 Qm 2 SNR 64.5 dB TAest 0
[0m[93m[PHY]    ULSCH NAK trace 189.18 rnti b953 harq 0 round 3 rv 1 crc_valid 0 processed 0/1 abort 1 dtx 0 TBS 7 rb 0+8 sym 10+3 mcs 1 Qm 2 SNR 64.3 dB TAest 0
[0m[93m[NR_MAC] UE b953 RA failed at state WAIT_Msg3 (Reached msg3 max harq rounds)
[0m[93m[NR_MAC] UE 0f92 RA failed at state WAIT_Msg3 (Reached msg3 max harq rounds)
[0m[93m[NR_MAC] UE aad9 RA failed at state WAIT_Msg3 (Reached msg3 max harq rounds)
[0m[93m[NR_MAC] UE 9bd1 RA failed at state WAIT_Msg3 (Reached msg3 max harq rounds)
[0m[93m[NR_MAC] UE a94d RA failed at state WAIT_Msg3 (Reached msg3 max harq rounds)
[0m[93m[NR_MAC] UE 77bd RA failed at state WAIT_Msg3 (Reached msg3 max harq rounds)
[0m[93m[NR_MAC] UE 736c RA failed at state WAIT_Msg3 (Reached msg3 max harq rounds)
[0m[HW]     [o-du 0][rx   21469 pps   10753 kbps   43134][tx   63788 pps   31872 kbps  108900][Total Msgs_Rcvd 21469]
[0m[HW]     [FH LOAD][o-du 0] rx=43.134 Mbps tx=108.900 Mbps total=152.034 Mbps rx_pps=10753 tx_pps=31872 total_pps=42625
[0m[HW]     [o_du0][pusch0   18396 prach0    3072]
[0m[93m[NR_MAC] UE 406d RA failed at state WAIT_Msg3 (Reached msg3 max harq rounds)
[0m[93m[NR_MAC] UE 244d RA failed at state WAIT_Msg3 (Reached msg3 max harq rounds)
[0m[93m[NR_MAC] UE 7098 RA failed at state WAIT_Msg3 (Reached msg3 max harq rounds)
[0m[93m[NR_MAC] UE a44b RA failed at state WAIT_Msg3 (Reached msg3 max harq rounds)
[0m[93m[NR_MAC] UE 8d64 RA failed at state WAIT_Msg3 (Reached msg3 max harq rounds)
[0m[93m[NR_MAC] UE 598f RA failed at state WAIT_Msg3 (Reached msg3 max harq rounds)
[0m[93m[NR_MAC] UE 693a RA failed at state WAIT_Msg3 (Reached msg3 max harq rounds)
[0m[93m[NR_MAC] UE 5188 RA failed at state WAIT_Msg3 (Reached msg3 max harq rounds)
[0m[HW]     [o-du 0][rx   32221 pps   10752 kbps   43117][tx   95660 pps   31872 kbps  108900][Total Msgs_Rcvd 32221]
[0m[HW]     [FH LOAD][o-du 0] rx=43.117 Mbps tx=108.900 Mbps total=152.017 Mbps rx_pps=10752 tx_pps=31872 total_pps=42624
[0m[HW]     [o_du0][pusch0   27612 prach0    4608]
[0m[93m[NR_MAC] UE 4d6b RA failed at state WAIT_Msg3 (Reached msg3 max harq rounds)
[0m[93m[NR_MAC] UE 8fbc RA failed at state WAIT_Msg3 (Reached msg3 max harq rounds)
[0m[93m[NR_MAC] UE aa50 RA failed at state WAIT_Msg3 (Reached msg3 max harq rounds)
[0m[93m[NR_MAC] UE 5c34 RA failed at state WAIT_Msg3 (Reached msg3 max harq rounds)
[0m[93m[NR_MAC] UE b681 RA failed at state WAIT_Msg3 (Reached msg3 max harq rounds)
[0m[93m[NR_MAC] UE 8d44 RA failed at state WAIT_Msg3 (Reached msg3 max harq rounds)
[0m[93m[NR_MAC] UE 7e7f RA failed at state WAIT_Msg3 (Reached msg3 max harq rounds)
[0m[93m[NR_MAC] UE 33b0 RA failed at state WAIT_Msg3 (Reached msg3 max harq rounds)
[0m[93m[NR_MAC] UE f77f RA failed at state WAIT_Msg3 (Reached msg3 max harq rounds)
[0m[93m[NR_MAC] UE e603 RA failed at state WAIT_Msg3 (Reached msg3 max harq rounds)
[0m[93m[NR_MAC] UE 57a8 RA failed at state WAIT_Msg3 (Reached msg3 max harq rounds)
[0m[93m[NR_MAC] UE ecfb RA failed at state WAIT_Msg3 (Reached msg3 max harq rounds)
[0m[HW]     [o-du 0][rx   42974 pps   10753 kbps   43123][tx  127532 pps   31872 kbps  108900][Total Msgs_Rcvd 42974]
[0m[HW]     [FH LOAD][o-du 0] rx=43.123 Mbps tx=108.900 Mbps total=152.023 Mbps rx_pps=10753 tx_pps=31872 total_pps=42625
[0m[HW]     [o_du0][pusch0   36828 prach0    6144]
[0m[93m[NR_MAC] UE 3216 RA failed at state WAIT_Msg3 (Reached msg3 max harq rounds)
[0m[93m[NR_MAC] UE d743 RA failed at state WAIT_Msg3 (Reached msg3 max harq rounds)
[0m[93m[NR_MAC] UE b944 RA failed at state WAIT_Msg3 (Reached msg3 max harq rounds)
[0m[93m[NR_MAC] UE a86d RA failed at state WAIT_Msg3 (Reached msg3 max harq rounds)
[0m[93m[NR_MAC] UE e129 RA failed at state WAIT_Msg3 (Reached msg3 max harq rounds)
[0m[93m[NR_MAC] UE 3c15 RA failed at state WAIT_Msg3 (Reached msg3 max harq rounds)
[0m[93m[NR_MAC] UE 541d RA failed at state WAIT_Msg3 (Reached msg3 max harq rounds)
[0m[93m[NR_MAC] UE 4985 RA failed at state WAIT_Msg3 (Reached msg3 max harq rounds)
[0m[93m[NR_MAC] UE 05cc RA failed at state WAIT_Msg3 (Reached msg3 max harq rounds)
[0m[HW]     [o-du 0][rx   53726 pps   10752 kbps   43131][tx  159404 pps   31872 kbps  108900][Total Msgs_Rcvd 53726]
[0m[HW]     [FH LOAD][o-du 0] rx=43.131 Mbps tx=108.900 Mbps total=152.031 Mbps rx_pps=10752 tx_pps=31872 total_pps=42624
[0m[HW]     [o_du0][pusch0   46044 prach0    7680]
[0m[93m[NR_MAC] UE 3766 RA failed at state WAIT_Msg3 (Reached msg3 max harq rounds)
[0m[93m[NR_MAC] UE 54d2 RA failed at state WAIT_Msg3 (Reached msg3 max harq rounds)
[0m[93m[NR_MAC] UE ac95 RA failed at state WAIT_Msg3 (Reached msg3 max harq rounds)
[0m[93m[NR_MAC] UE 8b29 RA failed at state WAIT_Msg3 (Reached msg3 max harq rounds)
[0m[93m[NR_MAC] UE 3a35 RA failed at state WAIT_Msg3 (Reached msg3 max harq rounds)
[0m[93m[NR_MAC] UE 1f07 RA failed at state WAIT_Msg3 (Reached msg3 max harq rounds)
[0m[93m[NR_MAC] UE 8f25 RA failed at state WAIT_Msg3 (Reached msg3 max harq rounds)
[0m[93m[NR_MAC] UE 813c RA failed at state WAIT_Msg3 (Reached msg3 max harq rounds)
[0m[93m[NR_MAC] UE dc5f RA failed at state WAIT_Msg3 (Reached msg3 max harq rounds)
[0m[93m[NR_MAC] UE 5948 RA failed at state WAIT_Msg3 (Reached msg3 max harq rounds)
[0m[93m[NR_MAC] UE b7c7 RA failed at state WAIT_Msg3 (Reached msg3 max harq rounds)
[0m[93m[NR_MAC] UE 32ff RA failed at state WAIT_Msg3 (Reached msg3 max harq rounds)
[0m[HW]     [o-du 0][rx   64478 pps   10752 kbps   43131][tx  191276 pps   31872 kbps  108900][Total Msgs_Rcvd 64478]
[0m[HW]     [FH LOAD][o-du 0] rx=43.131 Mbps tx=108.900 Mbps total=152.031 Mbps rx_pps=10752 tx_pps=31872 total_pps=42624
[0m[HW]     [o_du0][pusch0   55260 prach0    9216]
[0m[93m[NR_MAC] UE 32d0 RA failed at state WAIT_Msg3 (Reached msg3 max harq rounds)
[0m[93m[NR_MAC] UE 88d3 RA failed at state WAIT_Msg3 (Reached msg3 max harq rounds)
[0m[93m[NR_MAC] UE 3639 RA failed at state WAIT_Msg3 (Reached msg3 max harq rounds)
[0m[93m[NR_MAC] UE 5934 RA failed at state WAIT_Msg3 (Reached msg3 max harq rounds)
[0m[93m[NR_MAC] UE c002 RA failed at state WAIT_Msg3 (Reached msg3 max harq rounds)
[0m[93m[NR_MAC] UE 6c5a RA failed at state WAIT_Msg3 (Reached msg3 max harq rounds)
[0m[93m[NR_MAC] UE aeb2 RA failed at state WAIT_Msg3 (Reached msg3 max harq rounds)
[0m[93m[NR_MAC] UE 9d97 RA failed at state WAIT_Msg3 (Reached msg3 max harq rounds)
[0m[93m[NR_MAC] UE 470e RA failed at state WAIT_Msg3 (Reached msg3 max harq rounds)
[0m[HW]     [o-du 0][rx   75230 pps   10752 kbps   43123][tx  223148 pps   31872 kbps  108900][Total Msgs_Rcvd 75230]
[0m[HW]     [FH LOAD][o-du 0] rx=43.123 Mbps tx=108.900 Mbps total=152.023 Mbps rx_pps=10752 tx_pps=31872 total_pps=42624
[0m[HW]     [o_du0][pusch0   64476 prach0   10752]
[0m[93m[NR_MAC] UE c310 RA failed at state WAIT_Msg3 (Reached msg3 max harq rounds)
[0m[93m[NR_MAC] UE ace0 RA failed at state WAIT_Msg3 (Reached msg3 max harq rounds)
[0m[93m[NR_MAC] UE ab96 RA failed at state WAIT_Msg3 (Reached msg3 max harq rounds)
[0m[93m[NR_MAC] UE 7801 RA failed at state WAIT_Msg3 (Reached msg3 max harq rounds)
[0m[93m[NR_MAC] UE db6a RA failed at state WAIT_Msg3 (Reached msg3 max harq rounds)
[0m[93m[NR_MAC] UE 9526 RA failed at state WAIT_Msg3 (Reached msg3 max harq rounds)
[0m[93m[NR_MAC] UE d006 RA failed at state WAIT_Msg3 (Reached msg3 max harq rounds)
[0m[93m[NR_MAC] UE 03a1 RA failed at state WAIT_Msg3 (Reached msg3 max harq rounds)
[0m[93m[NR_MAC] UE 9a25 RA failed at state WAIT_Msg3 (Reached msg3 max harq rounds)
[0m[93m[NR_MAC] UE d9bb RA failed at state WAIT_Msg3 (Reached msg3 max harq rounds)
[0m[93m[NR_MAC] UE 87f6 RA failed at state WAIT_Msg3 (Reached msg3 max harq rounds)
[0m[HW]     [o-du 0][rx   85983 pps   10753 kbps   43125][tx  255020 pps   31872 kbps  108900][Total Msgs_Rcvd 85983]
[0m[HW]     [FH LOAD][o-du 0] rx=43.125 Mbps tx=108.900 Mbps total=152.025 Mbps rx_pps=10753 tx_pps=31872 total_pps=42625
[0m[HW]     [o_du0][pusch0   73692 prach0   12288]
[0m[PHY]    prach_I0 = 5.4 dB
[0m[93m[NR_MAC] UE 71c7 RA failed at state WAIT_Msg3 (Reached msg3 max harq rounds)
[0m[93m[NR_MAC] UE dda9 RA failed at state WAIT_Msg3 (Reached msg3 max harq rounds)
[0m[93m[NR_MAC] UE bad2 RA failed at state WAIT_Msg3 (Reached msg3 max harq rounds)
[0m[93m[NR_MAC] UE 4680 RA failed at state WAIT_Msg3 (Reached msg3 max harq rounds)
[0m[93m[NR_MAC] UE 9e44 RA failed at state WAIT_Msg3 (Reached msg3 max harq rounds)
[0m[93m[NR_MAC] UE 45a5 RA failed at state WAIT_Msg3 (Reached msg3 max harq rounds)
[0m[93m[NR_MAC] UE db57 RA failed at state WAIT_Msg3 (Reached msg3 max harq rounds)
[0m[93m[NR_MAC] UE cf2c RA failed at state WAIT_Msg3 (Reached msg3 max harq rounds)
[0m[93m[NR_MAC] UE fea6 RA failed at state WAIT_Msg3 (Reached msg3 max harq rounds)
[0m[HW]     [o-du 0][rx   96735 pps   10752 kbps   43123][tx  286892 pps   31872 kbps  108900][Total Msgs_Rcvd 96735]
[0m[HW]     [FH LOAD][o-du 0] rx=43.123 Mbps tx=108.900 Mbps total=152.023 Mbps rx_pps=10752 tx_pps=31872 total_pps=42624
[0m[HW]     [o_du0][pusch0   82908 prach0   13824]
[0m[93m[NR_MAC] UE fbd8 RA failed at state WAIT_Msg3 (Reached msg3 max harq rounds)
[0m[93m[NR_MAC] UE b464 RA failed at state WAIT_Msg3 (Reached msg3 max harq rounds)
[0m[93m[NR_MAC] UE 7c24 RA failed at state WAIT_Msg3 (Reached msg3 max harq rounds)
[0m[93m[NR_MAC] UE cd90 RA failed at state WAIT_Msg3 (Reached msg3 max harq rounds)
[0m[93m[NR_MAC] UE d5ce RA failed at state WAIT_Msg3 (Reached msg3 max harq rounds)
[0m[93m[NR_MAC] UE e8a6 RA failed at state WAIT_Msg3 (Reached msg3 max harq rounds)
[0m[93m[NR_MAC] UE dbb4 RA failed at state WAIT_Msg3 (Reached msg3 max harq rounds)
[0m[93m[NR_MAC] UE a5fc RA failed at state WAIT_Msg3 (Reached msg3 max harq rounds)
[0m[93m[NR_MAC] UE 4d7c RA failed at state WAIT_Msg3 (Reached msg3 max harq rounds)
[0m[93m[NR_MAC] UE c365 RA failed at state WAIT_Msg3 (Reached msg3 max harq rounds)
[0m[93m[NR_MAC] UE cb0b RA failed at state WAIT_Msg3 (Reached msg3 max harq rounds)
[0m[93m[NR_MAC] UE d98a RA failed at state WAIT_Msg3 (Reached msg3 max harq rounds)
[0m[HW]     [o-du 0][rx  107487 pps   10752 kbps   43123][tx  318764 pps   31872 kbps  108900][Total Msgs_Rcvd 107487]
[0m[HW]     [FH LOAD][o-du 0] rx=43.123 Mbps tx=108.900 Mbps total=152.023 Mbps rx_pps=10752 tx_pps=31872 total_pps=42624
[0m[HW]     [o_du0][pusch0   92124 prach0   15360]
[0m[93m[NR_MAC] UE 4ffe RA failed at state WAIT_Msg3 (Reached msg3 max harq rounds)
[0m[93m[NR_MAC] UE 9c3e RA failed at state WAIT_Msg3 (Reached msg3 max harq rounds)
[0m[93m[NR_MAC] UE c024 RA failed at state WAIT_Msg3 (Reached msg3 max harq rounds)
[0m[93m[NR_MAC] UE e3ba RA failed at state WAIT_Msg3 (Reached msg3 max harq rounds)
[0m[93m[NR_MAC] UE dd8f RA failed at state WAIT_Msg3 (Reached msg3 max harq rounds)
[0m[93m[NR_MAC] UE 5af3 RA failed at state WAIT_Msg3 (Reached msg3 max harq rounds)
[0m[93m[NR_MAC] UE b123 RA failed at state WAIT_Msg3 (Reached msg3 max harq rounds)
[0m[93m[NR_MAC] UE 2945 RA failed at state WAIT_Msg3 (Reached msg3 max harq rounds)
[0m[93m[NR_MAC] UE 91c9 RA failed at state WAIT_Msg3 (Reached msg3 max harq rounds)
[0m[HW]     [o-du 0][rx  118239 pps   10752 kbps   43123][tx  350636 pps   31872 kbps  108900][Total Msgs_Rcvd 118239]
[0m[HW]     [FH LOAD][o-du 0] rx=43.123 Mbps tx=108.900 Mbps total=152.023 Mbps rx_pps=10752 tx_pps=31872 total_pps=42624
[0m[HW]     [o_du0][pusch0  101340 prach0   16896]
[0m[93m[NR_MAC] UE 1a14 RA failed at state WAIT_Msg3 (Reached msg3 max harq rounds)
[0m[93m[NR_MAC] UE 26b2 RA failed at state WAIT_Msg3 (Reached msg3 max harq rounds)
[0m[93m[NR_MAC] UE bd83 RA failed at state WAIT_Msg3 (Reached msg3 max harq rounds)
[0m[93m[NR_MAC] UE a8c8 RA failed at state WAIT_Msg3 (Reached msg3 max harq rounds)
[0m[93m[NR_MAC] UE 73da RA failed at state WAIT_Msg3 (Reached msg3 max harq rounds)
[0m[93m[NR_MAC] UE ae95 RA failed at state WAIT_Msg3 (Reached msg3 max harq rounds)
[0m[93m[NR_MAC] UE 120c RA failed at state WAIT_Msg3 (Reached msg3 max harq rounds)
[0m[93m[NR_MAC] UE d382 RA failed at state WAIT_Msg3 (Reached msg3 max harq rounds)
[0m[93m[NR_MAC] UE 5443 RA failed at state WAIT_Msg3 (Reached msg3 max harq rounds)
[0m[93m[NR_MAC] UE 4421 RA failed at state WAIT_Msg3 (Reached msg3 max harq rounds)
[0m[93m[NR_MAC] UE ac09 RA failed at state WAIT_Msg3 (Reached msg3 max harq rounds)
[0m[HW]     [o-du 0][rx  128991 pps   10752 kbps   43123][tx  382508 pps   31872 kbps  108900][Total Msgs_Rcvd 128991]
[0m[HW]     [FH LOAD][o-du 0] rx=43.123 Mbps tx=108.900 Mbps total=152.023 Mbps rx_pps=10752 tx_pps=31872 total_pps=42624
[0m[HW]     [o_du0][pusch0  110556 prach0   18432]
[0m[93m[NR_MAC] UE fb9e RA failed at state WAIT_Msg3 (Reached msg3 max harq rounds)
[0m[93m[NR_MAC] UE 55d8 RA failed at state WAIT_Msg3 (Reached msg3 max harq rounds)
[0m[93m[NR_MAC] UE 50fd RA failed at state WAIT_Msg3 (Reached msg3 max harq rounds)
[0m[93m[NR_MAC] UE 8b7b RA failed at state WAIT_Msg3 (Reached msg3 max harq rounds)
[0m[93m[NR_MAC] UE c84f RA failed at state WAIT_Msg3 (Reached msg3 max harq rounds)
[0m[93m[NR_MAC] UE 2cd0 RA failed at state WAIT_Msg3 (Reached msg3 max harq rounds)
[0m[93m[NR_MAC] UE 1a44 RA failed at state WAIT_Msg3 (Reached msg3 max harq rounds)
[0m[93m[NR_MAC] UE a337 RA failed at state WAIT_Msg3 (Reached msg3 max harq rounds)
[0m[93m[NR_MAC] UE d7c2 RA failed at state WAIT_Msg3 (Reached msg3 max harq rounds)
[0m[HW]     [o-du 0][rx  139743 pps   10752 kbps   43128][tx  414380 pps   31872 kbps  108900][Total Msgs_Rcvd 139743]
[0m[HW]     [FH LOAD][o-du 0] rx=43.128 Mbps tx=108.900 Mbps total=152.028 Mbps rx_pps=10752 tx_pps=31872 total_pps=42624
[0m[HW]     [o_du0][pusch0  119772 prach0   19968]
[0m[93m[NR_MAC] UE b570 RA failed at state WAIT_Msg3 (Reached msg3 max harq rounds)
[0m[93m[NR_MAC] UE fdbf RA failed at state WAIT_Msg3 (Reached msg3 max harq rounds)
[0m[93m[NR_MAC] UE dbd4 RA failed at state WAIT_Msg3 (Reached msg3 max harq rounds)
[0m[93m[NR_MAC] UE 3826 RA failed at state WAIT_Msg3 (Reached msg3 max harq rounds)
[0m[93m[NR_MAC] UE 15bc RA failed at state WAIT_Msg3 (Reached msg3 max harq rounds)
[0m[93m[NR_MAC] UE dfd6 RA failed at state WAIT_Msg3 (Reached msg3 max harq rounds)
[0m[93m[NR_MAC] UE 64cf RA failed at state WAIT_Msg3 (Reached msg3 max harq rounds)
[0m[93m[NR_MAC] UE 292c RA failed at state WAIT_Msg3 (Reached msg3 max harq rounds)
[0m[93m[NR_MAC] UE a109 RA failed at state WAIT_Msg3 (Reached msg3 max harq rounds)
[0m[93m[NR_MAC] UE 8d61 RA failed at state WAIT_Msg3 (Reached msg3 max harq rounds)
[0m[93m[NR_MAC] UE 5d1e RA failed at state WAIT_Msg3 (Reached msg3 max harq rounds)
[0m[93m[NR_MAC] UE 08a3 RA failed at state WAIT_Msg3 (Reached msg3 max harq rounds)
[0m[HW]     [o-du 0][rx  150495 pps   10752 kbps   43117][tx  446252 pps   31872 kbps  108900][Total Msgs_Rcvd 150495]
[0m[HW]     [FH LOAD][o-du 0] rx=43.117 Mbps tx=108.900 Mbps total=152.017 Mbps rx_pps=10752 tx_pps=31872 total_pps=42624
[0m[HW]     [o_du0][pusch0  128988 prach0   21504]
[0m[93m[NR_MAC] UE 8279 RA failed at state WAIT_Msg3 (Reached msg3 max harq rounds)
[0m[93m[NR_MAC] UE 174f RA failed at state WAIT_Msg3 (Reached msg3 max harq rounds)
[0m[93m[NR_MAC] UE 5d37 RA failed at state WAIT_Msg3 (Reached msg3 max harq rounds)
[0m[93m[NR_MAC] UE 85e2 RA failed at state WAIT_Msg3 (Reached msg3 max harq rounds)
[0m[93m[NR_MAC] UE 0929 RA failed at state WAIT_Msg3 (Reached msg3 max harq rounds)
[0m[93m[NR_MAC] UE 96ae RA failed at state WAIT_Msg3 (Reached msg3 max harq rounds)
[0m[93m[NR_MAC] UE b7cc RA failed at state WAIT_Msg3 (Reached msg3 max harq rounds)
[0m[93m[NR_MAC] UE 3ffa RA failed at state WAIT_Msg3 (Reached msg3 max harq rounds)
[0m[93m[NR_MAC] UE 9e01 RA failed at state WAIT_Msg3 (Reached msg3 max harq rounds)
[0m[HW]     [o-du 0][rx  161248 pps   10753 kbps   43123][tx  478124 pps   31872 kbps  108900][Total Msgs_Rcvd 161248]
[0m[HW]     [FH LOAD][o-du 0] rx=43.123 Mbps tx=108.900 Mbps total=152.023 Mbps rx_pps=10753 tx_pps=31872 total_pps=42625
[0m[HW]     [o_du0][pusch0  138204 prach0   23040]
[0m[93m[NR_MAC] UE 080a RA failed at state WAIT_Msg3 (Reached msg3 max harq rounds)
[0m[93m[NR_MAC] UE e16f RA failed at state WAIT_Msg3 (Reached msg3 max harq rounds)
[0m[93m[NR_MAC] UE 06a5 RA failed at state WAIT_Msg3 (Reached msg3 max harq rounds)
[0m[93m[NR_MAC] UE 5954 RA failed at state WAIT_Msg3 (Reached msg3 max harq rounds)
[0m[93m[NR_MAC] UE ddf2 RA failed at state WAIT_Msg3 (Reached msg3 max harq rounds)
[0m[93m[NR_MAC] UE 41d8 RA failed at state WAIT_Msg3 (Reached msg3 max harq rounds)
[0m[93m[NR_MAC] UE 6c76 RA failed at state WAIT_Msg3 (Reached msg3 max harq rounds)
[0m[93m[NR_MAC] UE 5885 RA failed at state WAIT_Msg3 (Reached msg3 max harq rounds)
[0m[93m[NR_MAC] UE 4170 RA failed at state WAIT_Msg3 (Reached msg3 max harq rounds)
[0m[93m[NR_MAC] UE faf2 RA failed at state WAIT_Msg3 (Reached msg3 max harq rounds)
[0m[93m[NR_MAC] UE f751 RA failed at state WAIT_Msg3 (Reached msg3 max harq rounds)
[0m[HW]     [o-du 0][rx  172000 pps   10752 kbps   43123][tx  509996 pps   31872 kbps  108900][Total Msgs_Rcvd 172000]
[0m[HW]     [FH LOAD][o-du 0] rx=43.123 Mbps tx=108.900 Mbps total=152.023 Mbps rx_pps=10752 tx_pps=31872 total_pps=42624
[0m[HW]     [o_du0][pusch0  147420 prach0   24576]
[0m[PHY]    prach_I0 = 4.2 dB
[0m[93m[NR_MAC] UE b577 RA failed at state WAIT_Msg3 (Reached msg3 max harq rounds)
[0m[93m[NR_MAC] UE 5f39 RA failed at state WAIT_Msg3 (Reached msg3 max harq rounds)
[0m[93m[NR_MAC] UE 2249 RA failed at state WAIT_Msg3 (Reached msg3 max harq rounds)
[0m[93m[NR_MAC] UE e677 RA failed at state WAIT_Msg3 (Reached msg3 max harq rounds)
[0m[93m[NR_MAC] UE efc3 RA failed at state WAIT_Msg3 (Reached msg3 max harq rounds)
[0m[93m[NR_MAC] UE c219 RA failed at state WAIT_Msg3 (Reached msg3 max harq rounds)
[0m[93m[NR_MAC] UE db17 RA failed at state WAIT_Msg3 (Reached msg3 max harq rounds)
[0m[93m[NR_MAC] UE b38c RA failed at state WAIT_Msg3 (Reached msg3 max harq rounds)
[0m[93m[NR_MAC] UE f492 RA failed at state WAIT_Msg3 (Reached msg3 max harq rounds)
[0m[HW]     [o-du 0][rx  182752 pps   10752 kbps   43117][tx  541868 pps   31872 kbps  108900][Total Msgs_Rcvd 182752]
[0m[HW]     [FH LOAD][o-du 0] rx=43.117 Mbps tx=108.900 Mbps total=152.017 Mbps rx_pps=10752 tx_pps=31872 total_pps=42624
[0m[HW]     [o_du0][pusch0  156636 prach0   26112]
[0m[93m[NR_MAC] UE fadc RA failed at state WAIT_Msg3 (Reached msg3 max harq rounds)
[0m[93m[NR_MAC] UE 7417 RA failed at state WAIT_Msg3 (Reached msg3 max harq rounds)
[0m[93m[NR_MAC] UE a930 RA failed at state WAIT_Msg3 (Reached msg3 max harq rounds)
[0m[93m[NR_MAC] UE 9d81 RA failed at state WAIT_Msg3 (Reached msg3 max harq rounds)
[0m[93m[NR_MAC] UE 8737 RA failed at state WAIT_Msg3 (Reached msg3 max harq rounds)
[0m[93m[NR_MAC] UE 44b5 RA failed at state WAIT_Msg3 (Reached msg3 max harq rounds)
[0m[93m[NR_MAC] UE 7d42 RA failed at state WAIT_Msg3 (Reached msg3 max harq rounds)
[0m[93m[NR_MAC] UE 19f2 RA failed at state WAIT_Msg3 (Reached msg3 max harq rounds)
[0m[93m[NR_MAC] UE eeca RA failed at state WAIT_Msg3 (Reached msg3 max harq rounds)
[0m[93m[NR_MAC] UE aa46 RA failed at state WAIT_Msg3 (Reached msg3 max harq rounds)
[0m[93m[NR_MAC] UE eff0 RA failed at state WAIT_Msg3 (Reached msg3 max harq rounds)
[0m[93m[NR_MAC] UE bf8b RA failed at state WAIT_Msg3 (Reached msg3 max harq rounds)
[0m[HW]     [o-du 0][rx  193504 pps   10752 kbps   43120][tx  573740 pps   31872 kbps  108900][Total Msgs_Rcvd 193504]
[0m[HW]     [FH LOAD][o-du 0] rx=43.120 Mbps tx=108.900 Mbps total=152.020 Mbps rx_pps=10752 tx_pps=31872 total_pps=42624
[0m[HW]     [o_du0][pusch0  165852 prach0   27648]
[0m[93m[NR_MAC] UE ac62 RA failed at state WAIT_Msg3 (Reached msg3 max harq rounds)
[0m[93m[NR_MAC] UE 91bb RA failed at state WAIT_Msg3 (Reached msg3 max harq rounds)
[0m[93m[NR_MAC] UE 4074 RA failed at state WAIT_Msg3 (Reached msg3 max harq rounds)
[0m[93m[NR_MAC] UE d0df RA failed at state WAIT_Msg3 (Reached msg3 max harq rounds)
[0m[93m[NR_MAC] UE 9f81 RA failed at state WAIT_Msg3 (Reached msg3 max harq rounds)
[0m[93m[NR_MAC] UE 2319 RA failed at state WAIT_Msg3 (Reached msg3 max harq rounds)
[0m[93m[NR_MAC] UE 8262 RA failed at state WAIT_Msg3 (Reached msg3 max harq rounds)
[0m[93m[NR_MAC] UE afdb RA failed at state WAIT_Msg3 (Reached msg3 max harq rounds)
[0m[93m[NR_MAC] UE e511 RA failed at state WAIT_Msg3 (Reached msg3 max harq rounds)
[0m[HW]     [o-du 0][rx  204256 pps   10752 kbps   43126][tx  605612 pps   31872 kbps  108900][Total Msgs_Rcvd 204256]
[0m[HW]     [FH LOAD][o-du 0] rx=43.126 Mbps tx=108.900 Mbps total=152.026 Mbps rx_pps=10752 tx_pps=31872 total_pps=42624
[0m[HW]     [o_du0][pusch0  175068 prach0   29184]
[0m[93m[NR_MAC] UE d519 RA failed at state WAIT_Msg3 (Reached msg3 max harq rounds)
[0m[93m[NR_MAC] UE 7dd7 RA failed at state WAIT_Msg3 (Reached msg3 max harq rounds)
[0m[93m[NR_MAC] UE 9ec7 RA failed at state WAIT_Msg3 (Reached msg3 max harq rounds)
[0m[93m[NR_MAC] UE d3b7 RA failed at state WAIT_Msg3 (Reached msg3 max harq rounds)
[0m[93m[NR_MAC] UE d3f5 RA failed at state WAIT_Msg3 (Reached msg3 max harq rounds)
[0m[93m[NR_MAC] UE 7dda RA failed at state WAIT_Msg3 (Reached msg3 max harq rounds)
[0m[93m[NR_MAC] UE 60a8 RA failed at state WAIT_Msg3 (Reached msg3 max harq rounds)
[0m[93m[NR_MAC] UE 7ce9 RA failed at state WAIT_Msg3 (Reached msg3 max harq rounds)
[0m[93m[NR_MAC] UE 7e1e RA failed at state WAIT_Msg3 (Reached msg3 max harq rounds)
[0m[93m[NR_MAC] UE 4a42 RA failed at state WAIT_Msg3 (Reached msg3 max harq rounds)
[0m[93m[NR_MAC] UE da52 RA failed at state WAIT_Msg3 (Reached msg3 max harq rounds)
[0m[HW]     [o-du 0][rx  215008 pps   10752 kbps   43126][tx  637484 pps   31872 kbps  108900][Total Msgs_Rcvd 215008]
[0m[HW]     [FH LOAD][o-du 0] rx=43.126 Mbps tx=108.900 Mbps total=152.026 Mbps rx_pps=10752 tx_pps=31872 total_pps=42624
[0m[HW]     [o_du0][pusch0  184284 prach0   30720]
[0m[93m[NR_MAC] UE 67d7 RA failed at state WAIT_Msg3 (Reached msg3 max harq rounds)
[0m[93m[NR_MAC] UE 710a RA failed at state WAIT_Msg3 (Reached msg3 max harq rounds)
[0m[93m[NR_MAC] UE b280 RA failed at state WAIT_Msg3 (Reached msg3 max harq rounds)
[0m[93m[NR_MAC] UE 3d1e RA failed at state WAIT_Msg3 (Reached msg3 max harq rounds)
[0m[93m[NR_MAC] UE 75f8 RA failed at state WAIT_Msg3 (Reached msg3 max harq rounds)
[0m[93m[NR_MAC] UE 43c2 RA failed at state WAIT_Msg3 (Reached msg3 max harq rounds)
[0m[93m[NR_MAC] UE ddbc RA failed at state WAIT_Msg3 (Reached msg3 max harq rounds)
[0m[93m[NR_MAC] UE ca32 RA failed at state WAIT_Msg3 (Reached msg3 max harq rounds)
[0m[93m[NR_MAC] UE 4e3a RA failed at state WAIT_Msg3 (Reached msg3 max harq rounds)
[0m[HW]     [o-du 0][rx  225760 pps   10752 kbps   43120][tx  669356 pps   31872 kbps  108900][Total Msgs_Rcvd 225760]
[0m[HW]     [FH LOAD][o-du 0] rx=43.120 Mbps tx=108.900 Mbps total=152.020 Mbps rx_pps=10752 tx_pps=31872 total_pps=42624
[0m[HW]     [o_du0][pusch0  193500 prach0   32256]
[0m[93m[NR_MAC] UE 6b9a RA failed at state WAIT_Msg3 (Reached msg3 max harq rounds)
[0m[93m[NR_MAC] UE e48e RA failed at state WAIT_Msg3 (Reached msg3 max harq rounds)
[0m[93m[NR_MAC] UE 7845 RA failed at state WAIT_Msg3 (Reached msg3 max harq rounds)
[0m[93m[NR_MAC] UE a57d RA failed at state WAIT_Msg3 (Reached msg3 max harq rounds)
[0m[93m[NR_MAC] UE 788c RA failed at state WAIT_Msg3 (Reached msg3 max harq rounds)
[0m[93m[NR_MAC] UE 249d RA failed at state WAIT_Msg3 (Reached msg3 max harq rounds)
[0m[93m[NR_MAC] UE 70d4 RA failed at state WAIT_Msg3 (Reached msg3 max harq rounds)
[0m[93m[NR_MAC] UE bce5 RA failed at state WAIT_Msg3 (Reached msg3 max harq rounds)
[0m[93m[NR_MAC] UE 879b RA failed at state WAIT_Msg3 (Reached msg3 max harq rounds)
[0m[93m[NR_MAC] UE 28bb RA failed at state WAIT_Msg3 (Reached msg3 max harq rounds)
[0m[93m[NR_MAC] UE bf6b RA failed at state WAIT_Msg3 (Reached msg3 max harq rounds)
[0m[93m[NR_MAC] UE b3b7 RA failed at state WAIT_Msg3 (Reached msg3 max harq rounds)
[0m[HW]     [o-du 0][rx  236512 pps   10752 kbps   43126][tx  701228 pps   31872 kbps  108900][Total Msgs_Rcvd 236512]
[0m[HW]     [FH LOAD][o-du 0] rx=43.126 Mbps tx=108.900 Mbps total=152.026 Mbps rx_pps=10752 tx_pps=31872 total_pps=42624
[0m[HW]     [o_du0][pusch0  202716 prach0   33792]
[0m[93m[NR_MAC] UE cbf2 RA failed at state WAIT_Msg3 (Reached msg3 max harq rounds)
[0m[93m[NR_MAC] UE 069c RA failed at state WAIT_Msg3 (Reached msg3 max harq rounds)
[0m[93m[NR_MAC] UE 5b0e RA failed at state WAIT_Msg3 (Reached msg3 max harq rounds)
[0m[93m[NR_MAC] UE 0c92 RA failed at state WAIT_Msg3 (Reached msg3 max harq rounds)
[0m[93m[NR_MAC] UE e046 RA failed at state WAIT_Msg3 (Reached msg3 max harq rounds)
[0m[93m[NR_MAC] UE ba58 RA failed at state WAIT_Msg3 (Reached msg3 max harq rounds)
[0m[93m[NR_MAC] UE a5fd RA failed at state WAIT_Msg3 (Reached msg3 max harq rounds)
[0m[93m[NR_MAC] UE fedc RA failed at state WAIT_Msg3 (Reached msg3 max harq rounds)
[0m[93m[NR_MAC] UE 1372 RA failed at state WAIT_Msg3 (Reached msg3 max harq rounds)
[0m[HW]     [o-du 0][rx  247264 pps   10752 kbps   43123][tx  733100 pps   31872 kbps  108900][Total Msgs_Rcvd 247264]
[0m[HW]     [FH LOAD][o-du 0] rx=43.123 Mbps tx=108.900 Mbps total=152.023 Mbps rx_pps=10752 tx_pps=31872 total_pps=42624
[0m[HW]     [o_du0][pusch0  211932 prach0   35328]
[0m[93m[NR_MAC] UE ab2e RA failed at state WAIT_Msg3 (Reached msg3 max harq rounds)
[0m[93m[NR_MAC] UE 4654 RA failed at state WAIT_Msg3 (Reached msg3 max harq rounds)
[0m[93m[NR_MAC] UE dcb2 RA failed at state WAIT_Msg3 (Reached msg3 max harq rounds)
[0m[93m[NR_MAC] UE b399 RA failed at state WAIT_Msg3 (Reached msg3 max harq rounds)
[0m[93m[NR_MAC] UE f583 RA failed at state WAIT_Msg3 (Reached msg3 max harq rounds)
[0m[93m[NR_MAC] UE a016 RA failed at state WAIT_Msg3 (Reached msg3 max harq rounds)
[0m[93m[NR_MAC] UE 0c8e RA failed at state WAIT_Msg3 (Reached msg3 max harq rounds)
[0m[93m[NR_MAC] UE 73c3 RA failed at state WAIT_Msg3 (Reached msg3 max harq rounds)
[0m[93m[NR_MAC] UE 055e RA failed at state WAIT_Msg3 (Reached msg3 max harq rounds)
[0m[93m[NR_MAC] UE 9ca6 RA failed at state WAIT_Msg3 (Reached msg3 max harq rounds)
[0m[93m[NR_MAC] UE 19d3 RA failed at state WAIT_Msg3 (Reached msg3 max harq rounds)
[0m[93m[NR_MAC] UE dc2f RA failed at state WAIT_Msg3 (Reached msg3 max harq rounds)
[0m[HW]     [o-du 0][rx  258016 pps   10752 kbps   43131][tx  764972 pps   31872 kbps  108900][Total Msgs_Rcvd 258016]
[0m[HW]     [FH LOAD][o-du 0] rx=43.131 Mbps tx=108.900 Mbps total=152.031 Mbps rx_pps=10752 tx_pps=31872 total_pps=42624
[0m[HW]     [o_du0][pusch0  221148 prach0   36864]
[0m[PHY]    prach_I0 = 3.1 dB
[0m[93m[NR_MAC] UE 20ba RA failed at state WAIT_Msg3 (Reached msg3 max harq rounds)
[0m[93m[NR_MAC] UE 5086 RA failed at state WAIT_Msg3 (Reached msg3 max harq rounds)
[0m[93m[NR_MAC] UE ad7a RA failed at state WAIT_Msg3 (Reached msg3 max harq rounds)
[0m[93m[NR_MAC] UE 2c21 RA failed at state WAIT_Msg3 (Reached msg3 max harq rounds)
[0m[93m[NR_MAC] UE 2a73 RA failed at state WAIT_Msg3 (Reached msg3 max harq rounds)
[0m[93m[NR_MAC] UE e98b RA failed at state WAIT_Msg3 (Reached msg3 max harq rounds)
[0m[93m[NR_MAC] UE ccea RA failed at state WAIT_Msg3 (Reached msg3 max harq rounds)
[0m[93m[NR_MAC] UE 07cf RA failed at state WAIT_Msg3 (Reached msg3 max harq rounds)
[0m[HW]     [o-du 0][rx  268768 pps   10752 kbps   43123][tx  796844 pps   31872 kbps  108900][Total Msgs_Rcvd 268768]
[0m[HW]     [FH LOAD][o-du 0] rx=43.123 Mbps tx=108.900 Mbps total=152.023 Mbps rx_pps=10752 tx_pps=31872 total_pps=42624
[0m[HW]     [o_du0][pusch0  230364 prach0   38400]
[0m[93m[NR_MAC] UE 7e78 RA failed at state WAIT_Msg3 (Reached msg3 max harq rounds)
[0m[93m[NR_MAC] UE d9d5 RA failed at state WAIT_Msg3 (Reached msg3 max harq rounds)
[0m[93m[NR_MAC] UE c689 RA failed at state WAIT_Msg3 (Reached msg3 max harq rounds)
[0m[93m[NR_MAC] UE e41a RA failed at state WAIT_Msg3 (Reached msg3 max harq rounds)
[0m[93m[NR_MAC] UE 1798 RA failed at state WAIT_Msg3 (Reached msg3 max harq rounds)
[0m[93m[NR_MAC] UE e527 RA failed at state WAIT_Msg3 (Reached msg3 max harq rounds)
[0m[PHY]    ULSCH ACK trace 191.18 rnti 5a5f harq 0 round 0 rv 0 crc_valid 1 processed 1/1 abort 0 dtx 0 TBS 7 rb 0+8 sym 10+3 mcs 1 Qm 2 SNR 64.3 dB TAest 0
[0m[MAC]    [RAPROC] Received SDU for CCCH length 6 for UE 5a5f
[0m[PHY]    ULSCH ACK trace 196.19 rnti 5a5f harq 0 round 2 rv 3 crc_valid 1 processed 1/1 abort 0 dtx 0 TBS 17 rb 12+5 sym 0+13 mcs 0 Qm 2 SNR 34.9 dB TAest -1
[0m[PHY]    ULSCH ACK trace 197.14 rnti 5a5f harq 1 round 2 rv 3 crc_valid 1 processed 1/1 abort 0 dtx 0 TBS 17 rb 4+5 sym 0+13 mcs 0 Qm 2 SNR 23.9 dB TAest 0
[0m[PHY]    ULSCH ACK trace 199.4 rnti 5a5f harq 2 round 2 rv 3 crc_valid 1 processed 1/1 abort 0 dtx 0 TBS 17 rb 4+5 sym 0+13 mcs 0 Qm 2 SNR 31.8 dB TAest -1
[0m[PHY]    ULSCH ACK trace 199.19 rnti 5a5f harq 3 round 2 rv 3 crc_valid 1 processed 1/1 abort 0 dtx 0 TBS 17 rb 12+5 sym 0+13 mcs 0 Qm 2 SNR 34.8 dB TAest -1
[0m[PHY]    ULSCH ACK trace 200.9 rnti 5a5f harq 4 round 2 rv 3 crc_valid 1 processed 1/1 abort 0 dtx 0 TBS 17 rb 4+5 sym 0+13 mcs 0 Qm 2 SNR 34.8 dB TAest -1
[0m[PHY]    ULSCH ACK trace 200.14 rnti 5a5f harq 5 round 2 rv 3 crc_valid 1 processed 1/1 abort 0 dtx 0 TBS 17 rb 4+5 sym 0+13 mcs 0 Qm 2 SNR 34.8 dB TAest -1
[0m[PHY]    ULSCH ACK trace 202.4 rnti 5a5f harq 6 round 2 rv 3 crc_valid 1 processed 1/1 abort 0 dtx 0 TBS 17 rb 4+5 sym 0+13 mcs 0 Qm 2 SNR 34.8 dB TAest 0
[0m[PHY]    ULSCH ACK trace 202.19 rnti 5a5f harq 7 round 2 rv 3 crc_valid 1 processed 1/1 abort 0 dtx 0 TBS 17 rb 12+5 sym 0+13 mcs 0 Qm 2 SNR 34.8 dB TAest 0
[0m[PHY]    ULSCH ACK trace 203.9 rnti 5a5f harq 8 round 2 rv 3 crc_valid 1 processed 1/1 abort 0 dtx 0 TBS 17 rb 4+5 sym 0+13 mcs 0 Qm 2 SNR 34.8 dB TAest -1
[0m[PHY]    ULSCH ACK trace 203.14 rnti 5a5f harq 9 round 2 rv 3 crc_valid 1 processed 1/1 abort 0 dtx 0 TBS 17 rb 4+5 sym 0+13 mcs 0 Qm 2 SNR 34.8 dB TAest -1
[0m[1;31m[NGAP]   Bug in UE uniq number allocation 1, we try to add a existing UE
[0m[1;31m[NGAP]   [SCTP 310] Mismatch in AMF UE NGAP ID (0x21 != 0x20
[0m[PHY]    ULSCH ACK trace 205.4 rnti 5a5f harq 10 round 2 rv 3 crc_valid 1 processed 1/1 abort 0 dtx 0 TBS 17 rb 4+5 sym 0+13 mcs 0 Qm 2 SNR 34.8 dB TAest 0
[0m[PHY]    ULSCH ACK trace 205.19 rnti 5a5f harq 11 round 2 rv 3 crc_valid 1 processed 1/1 abort 0 dtx 0 TBS 17 rb 12+5 sym 0+13 mcs 0 Qm 2 SNR 34.8 dB TAest 0
[0m[PHY]    ULSCH ACK trace 206.9 rnti 5a5f harq 12 round 2 rv 3 crc_valid 1 processed 1/1 abort 0 dtx 0 TBS 17 rb 4+5 sym 0+13 mcs 0 Qm 2 SNR 34.8 dB TAest 0
[0m[PHY]    ULSCH ACK trace 206.14 rnti 5a5f harq 13 round 2 rv 3 crc_valid 1 processed 1/1 abort 0 dtx 0 TBS 17 rb 4+5 sym 0+13 mcs 0 Qm 2 SNR 34.8 dB TAest 0
[0m[PHY]    ULSCH ACK trace 208.4 rnti 5a5f harq 14 round 2 rv 3 crc_valid 1 processed 1/1 abort 0 dtx 0 TBS 17 rb 4+5 sym 0+13 mcs 0 Qm 2 SNR 35.6 dB TAest -1
[0m[PHY]    ULSCH ACK trace 208.19 rnti 5a5f harq 15 round 2 rv 3 crc_valid 1 processed 1/1 abort 0 dtx 0 TBS 17 rb 12+5 sym 0+13 mcs 0 Qm 2 SNR 34.9 dB TAest -1
[0m[PHY]    ULSCH ACK trace 209.9 rnti 5a5f harq 0 round 2 rv 3 crc_valid 1 processed 1/1 abort 0 dtx 0 TBS 17 rb 4+5 sym 0+13 mcs 0 Qm 2 SNR 15.2 dB TAest 0
[0m[PHY]    ULSCH ACK trace 209.14 rnti 5a5f harq 1 round 2 rv 3 crc_valid 1 processed 1/1 abort 0 dtx 0 TBS 17 rb 4+5 sym 0+13 mcs 0 Qm 2 SNR 16.2 dB TAest 0
[0m[PHY]    ULSCH ACK trace 212.14 rnti 5a5f harq 2 round 2 rv 3 crc_valid 1 processed 1/1 abort 0 dtx 0 TBS 17 rb 4+5 sym 0+13 mcs 0 Qm 2 SNR 22.5 dB TAest -1
[0m[PHY]    ULSCH ACK trace 213.4 rnti 5a5f harq 3 round 2 rv 3 crc_valid 1 processed 1/1 abort 0 dtx 0 TBS 17 rb 4+5 sym 0+13 mcs 0 Qm 2 SNR 26.1 dB TAest 0
[0m[PHY]    ULSCH ACK trace 225.4 rnti 5a5f harq 4 round 2 rv 3 crc_valid 1 processed 1/1 abort 0 dtx 0 TBS 17 rb 4+5 sym 0+13 mcs 0 Qm 2 SNR 27.8 dB TAest 0
[0m[PHY]    ULSCH ACK trace 237.4 rnti 5a5f harq 5 round 2 rv 3 crc_valid 1 processed 1/1 abort 0 dtx 0 TBS 17 rb 4+5 sym 0+13 mcs 0 Qm 2 SNR 28.8 dB TAest 0
[0m[PHY]    ULSCH ACK trace 249.4 rnti 5a5f harq 6 round 2 rv 3 crc_valid 1 processed 1/1 abort 0 dtx 0 TBS 17 rb 4+5 sym 0+13 mcs 0 Qm 2 SNR 29.6 dB TAest 0
[0m[HW]     [o-du 0][rx  279520 pps   10752 kbps   43117][tx  828716 pps   31872 kbps  108900][Total Msgs_Rcvd 279520]
[0m[HW]     [FH LOAD][o-du 0] rx=43.117 Mbps tx=108.900 Mbps total=152.017 Mbps rx_pps=10752 tx_pps=31872 total_pps=42624
[0m[HW]     [o_du0][pusch0  239580 prach0   39936]
[0m[PHY]    ULSCH ACK trace 261.4 rnti 5a5f harq 7 round 2 rv 3 crc_valid 1 processed 1/1 abort 0 dtx 0 TBS 17 rb 4+5 sym 0+13 mcs 0 Qm 2 SNR 24.5 dB TAest 0
[0m[PHY]    ULSCH ACK trace 273.4 rnti 5a5f harq 8 round 2 rv 3 crc_valid 1 processed 1/1 abort 0 dtx 0 TBS 17 rb 4+5 sym 0+13 mcs 0 Qm 2 SNR 29.6 dB TAest 0
[0m[PHY]    ULSCH ACK trace 285.4 rnti 5a5f harq 9 round 2 rv 3 crc_valid 1 processed 1/1 abort 0 dtx 0 TBS 17 rb 4+5 sym 0+13 mcs 0 Qm 2 SNR 29.6 dB TAest 0
[0m[PHY]    ULSCH ACK trace 297.4 rnti 5a5f harq 10 round 2 rv 3 crc_valid 1 processed 1/1 abort 0 dtx 0 TBS 17 rb 4+5 sym 0+13 mcs 0 Qm 2 SNR 28.8 dB TAest 0
[0m[PHY]    ULSCH ACK trace 309.4 rnti 5a5f harq 11 round 2 rv 3 crc_valid 1 processed 1/1 abort 0 dtx 0 TBS 17 rb 4+5 sym 0+13 mcs 0 Qm 2 SNR 34.8 dB TAest 0
[0m[PHY]    ULSCH ACK trace 321.4 rnti 5a5f harq 12 round 2 rv 3 crc_valid 1 processed 1/1 abort 0 dtx 0 TBS 17 rb 4+5 sym 0+13 mcs 0 Qm 2 SNR 33.9 dB TAest 0
[0m[PHY]    ULSCH ACK trace 333.4 rnti 5a5f harq 13 round 2 rv 3 crc_valid 1 processed 1/1 abort 0 dtx 0 TBS 17 rb 4+5 sym 0+13 mcs 0 Qm 2 SNR 34.8 dB TAest 0
[0m[PHY]    ULSCH ACK trace 345.4 rnti 5a5f harq 14 round 2 rv 3 crc_valid 1 processed 1/1 abort 0 dtx 0 TBS 17 rb 4+5 sym 0+13 mcs 0 Qm 2 SNR 34.8 dB TAest 0
[0m[HW]     [o-du 0][rx  290273 pps   10753 kbps   43134][tx  860588 pps   31872 kbps  108900][Total Msgs_Rcvd 290273]
[0m[HW]     [FH LOAD][o-du 0] rx=43.134 Mbps tx=108.900 Mbps total=152.034 Mbps rx_pps=10753 tx_pps=31872 total_pps=42625
[0m[HW]     [o_du0][pusch0  248796 prach0   41472]
[0m[HW]     [o-du 0][rx  301025 pps   10752 kbps   43114][tx  892460 pps   31872 kbps  108900][Total Msgs_Rcvd 301025]
[0m[HW]     [FH LOAD][o-du 0] rx=43.114 Mbps tx=108.900 Mbps total=152.014 Mbps rx_pps=10752 tx_pps=31872 total_pps=42624
[0m[HW]     [o_du0][pusch0  258012 prach0   43008]
[0m[HW]     [o-du 0][rx  311777 pps   10752 kbps   43123][tx  924332 pps   31872 kbps  108900][Total Msgs_Rcvd 311777]
[0m[HW]     [FH LOAD][o-du 0] rx=43.123 Mbps tx=108.900 Mbps total=152.023 Mbps rx_pps=10752 tx_pps=31872 total_pps=42624
[0m[HW]     [o_du0][pusch0  267228 prach0   44544]
[0m[HW]     [o-du 0][rx  322529 pps   10752 kbps   43126][tx  956204 pps   31872 kbps  108900][Total Msgs_Rcvd 322529]
[0m[HW]     [FH LOAD][o-du 0] rx=43.126 Mbps tx=108.900 Mbps total=152.026 Mbps rx_pps=10752 tx_pps=31872 total_pps=42624
[0m[HW]     [o_du0][pusch0  276444 prach0   46080]
[0m[HW]     [o-du 0][rx  333281 pps   10752 kbps   43109][tx  988076 pps   31872 kbps  108900][Total Msgs_Rcvd 333281]
[0m[HW]     [FH LOAD][o-du 0] rx=43.109 Mbps tx=108.900 Mbps total=152.009 Mbps rx_pps=10752 tx_pps=31872 total_pps=42624
[0m[HW]     [o_du0][pusch0  285660 prach0   47616]
[0m[HW]     [o-du 0][rx  344033 pps   10752 kbps   43131][tx 1019948 pps   31872 kbps  108900][Total Msgs_Rcvd 344033]
[0m[HW]     [FH LOAD][o-du 0] rx=43.131 Mbps tx=108.900 Mbps total=152.031 Mbps rx_pps=10752 tx_pps=31872 total_pps=42624
[0m[HW]     [o_du0][pusch0  294876 prach0   49152]
[0m[PHY]    prach_I0 = 0.0 dB
[0m[HW]     [o-du 0][rx  354785 pps   10752 kbps   43128][tx 1051820 pps   31872 kbps  108900][Total Msgs_Rcvd 354785]
[0m[HW]     [FH LOAD][o-du 0] rx=43.128 Mbps tx=108.900 Mbps total=152.028 Mbps rx_pps=10752 tx_pps=31872 total_pps=42624
[0m[HW]     [o_du0][pusch0  304092 prach0   50688]
[0m[HW]     [o-du 0][rx  365537 pps   10752 kbps   43117][tx 1083692 pps   31872 kbps  108900][Total Msgs_Rcvd 365537]
[0m[HW]     [FH LOAD][o-du 0] rx=43.117 Mbps tx=108.900 Mbps total=152.017 Mbps rx_pps=10752 tx_pps=31872 total_pps=42624
[0m[HW]     [o_du0][pusch0  313308 prach0   52224]
[0m[HW]     [o-du 0][rx  376289 pps   10752 kbps   43123][tx 1115564 pps   31872 kbps  108900][Total Msgs_Rcvd 376289]
[0m[HW]     [FH LOAD][o-du 0] rx=43.123 Mbps tx=108.900 Mbps total=152.023 Mbps rx_pps=10752 tx_pps=31872 total_pps=42624
[0m[HW]     [o_du0][pusch0  322524 prach0   53760]
[0m[HW]     [o-du 0][rx  387041 pps   10752 kbps   43128][tx 1147436 pps   31872 kbps  108900][Total Msgs_Rcvd 387041]
[0m[HW]     [FH LOAD][o-du 0] rx=43.128 Mbps tx=108.900 Mbps total=152.028 Mbps rx_pps=10752 tx_pps=31872 total_pps=42624
[0m[HW]     [o_du0][pusch0  331740 prach0   55296]
[0m[HW]     [o-du 0][rx  397793 pps   10752 kbps   43114][tx 1179308 pps   31872 kbps  108900][Total Msgs_Rcvd 397793]
[0m[HW]     [FH LOAD][o-du 0] rx=43.114 Mbps tx=108.900 Mbps total=152.014 Mbps rx_pps=10752 tx_pps=31872 total_pps=42624
[0m[HW]     [o_du0][pusch0  340956 prach0   56832]
[0m[HW]     [o-du 0][rx  408546 pps   10753 kbps   43123][tx 1211180 pps   31872 kbps  108900][Total Msgs_Rcvd 408546]
[0m[HW]     [FH LOAD][o-du 0] rx=43.123 Mbps tx=108.900 Mbps total=152.023 Mbps rx_pps=10753 tx_pps=31872 total_pps=42625
[0m[HW]     [o_du0][pusch0  350172 prach0   58368]
[0m[HW]     [o-du 0][rx  419298 pps   10752 kbps   43114][tx 1243052 pps   31872 kbps  108900][Total Msgs_Rcvd 419298]
[0m[HW]     [FH LOAD][o-du 0] rx=43.114 Mbps tx=108.900 Mbps total=152.014 Mbps rx_pps=10752 tx_pps=31872 total_pps=42624
[0m[HW]     [o_du0][pusch0  359388 prach0   59904]
[0m[HW]     [o-du 0][rx  430051 pps   10753 kbps   43128][tx 1274924 pps   31872 kbps  108900][Total Msgs_Rcvd 430051]
[0m[HW]     [FH LOAD][o-du 0] rx=43.128 Mbps tx=108.900 Mbps total=152.028 Mbps rx_pps=10753 tx_pps=31872 total_pps=42625
[0m[HW]     [o_du0][pusch0  368604 prach0   61440]
[0m[PHY]    prach_I0 = 0.0 dB
[0m[HW]     [o-du 0][rx  440803 pps   10752 kbps   43123][tx 1306796 pps   31872 kbps  108900][Total Msgs_Rcvd 440803]
[0m[HW]     [FH LOAD][o-du 0] rx=43.123 Mbps tx=108.900 Mbps total=152.023 Mbps rx_pps=10752 tx_pps=31872 total_pps=42624
[0m[HW]     [o_du0][pusch0  377820 prach0   62976]
[0m[HW]     [o-du 0][rx  451555 pps   10752 kbps   43123][tx 1338668 pps   31872 kbps  108900][Total Msgs_Rcvd 451555]
[0m[HW]     [FH LOAD][o-du 0] rx=43.123 Mbps tx=108.900 Mbps total=152.023 Mbps rx_pps=10752 tx_pps=31872 total_pps=42624
[0m[HW]     [o_du0][pusch0  387036 prach0   64512]
[0m[HW]     [o-du 0][rx  462308 pps   10753 kbps   43123][tx 1370540 pps   31872 kbps  108900][Total Msgs_Rcvd 462308]
[0m[HW]     [FH LOAD][o-du 0] rx=43.123 Mbps tx=108.900 Mbps total=152.023 Mbps rx_pps=10753 tx_pps=31872 total_pps=42625
[0m[HW]     [o_du0][pusch0  396252 prach0   66048]
[0m[HW]     [o-du 0][rx  473060 pps   10752 kbps   43125][tx 1402412 pps   31872 kbps  108900][Total Msgs_Rcvd 473060]
[0m[HW]     [FH LOAD][o-du 0] rx=43.125 Mbps tx=108.900 Mbps total=152.025 Mbps rx_pps=10752 tx_pps=31872 total_pps=42624
[0m[HW]     [o_du0][pusch0  405468 prach0   67584]
[0m[HW]     [o-du 0][rx  483812 pps   10752 kbps   43117][tx 1434284 pps   31872 kbps  108900][Total Msgs_Rcvd 483812]
[0m[HW]     [FH LOAD][o-du 0] rx=43.117 Mbps tx=108.900 Mbps total=152.017 Mbps rx_pps=10752 tx_pps=31872 total_pps=42624
[0m[HW]     [o_du0][pusch0  414684 prach0   69120]
[0m[HW]     [o-du 0][rx  494564 pps   10752 kbps   43123][tx 1466156 pps   31872 kbps  108900][Total Msgs_Rcvd 494564]
[0m[HW]     [FH LOAD][o-du 0] rx=43.123 Mbps tx=108.900 Mbps total=152.023 Mbps rx_pps=10752 tx_pps=31872 total_pps=42624
[0m[HW]     [o_du0][pusch0  423900 prach0   70656]
[0m[HW]     [o-du 0][rx  505316 pps   10752 kbps   43123][tx 1498028 pps   31872 kbps  108900][Total Msgs_Rcvd 505316]
[0m[HW]     [FH LOAD][o-du 0] rx=43.123 Mbps tx=108.900 Mbps total=152.023 Mbps rx_pps=10752 tx_pps=31872 total_pps=42624
[0m[HW]     [o_du0][pusch0  433116 prach0   72192]
[0m[HW]     [o-du 0][rx  516068 pps   10752 kbps   43128][tx 1529900 pps   31872 kbps  108900][Total Msgs_Rcvd 516068]
[0m[HW]     [FH LOAD][o-du 0] rx=43.128 Mbps tx=108.900 Mbps total=152.028 Mbps rx_pps=10752 tx_pps=31872 total_pps=42624
[0m[HW]     [o_du0][pusch0  442332 prach0   73728]
[0m[PHY]    prach_I0 = 0.0 dB
[0m[HW]     [o-du 0][rx  526820 pps   10752 kbps   43123][tx 1561772 pps   31872 kbps  108900][Total Msgs_Rcvd 526820]
[0m[HW]     [FH LOAD][o-du 0] rx=43.123 Mbps tx=108.900 Mbps total=152.023 Mbps rx_pps=10752 tx_pps=31872 total_pps=42624
[0m[HW]     [o_du0][pusch0  451548 prach0   75264]
[0m[1;31m[NGAP]   [SCTP 310] Mismatch in AMF UE NGAP ID (0x21 != 0x20
[0m[1;31m[NGAP]   [SCTP 310] Mismatch in AMF UE NGAP ID (0x21 != 0x20
[0m[HW]     [o-du 0][rx  537573 pps   10753 kbps   43125][tx 1593644 pps   31872 kbps  108900][Total Msgs_Rcvd 537573]
[0m[HW]     [FH LOAD][o-du 0] rx=43.125 Mbps tx=108.900 Mbps total=152.025 Mbps rx_pps=10753 tx_pps=31872 total_pps=42625
[0m[HW]     [o_du0][pusch0  460764 prach0   76800]
[0m[HW]     [o-du 0][rx  548325 pps   10752 kbps   43128][tx 1625516 pps   31872 kbps  108900][Total Msgs_Rcvd 548325]
[0m[HW]     [FH LOAD][o-du 0] rx=43.128 Mbps tx=108.900 Mbps total=152.028 Mbps rx_pps=10752 tx_pps=31872 total_pps=42624
[0m[HW]     [o_du0][pusch0  469980 prach0   78336]
[0m[HW]     [o-du 0][rx  559077 pps   10752 kbps   43126][tx 1657388 pps   31872 kbps  108900][Total Msgs_Rcvd 559077]
[0m[HW]     [FH LOAD][o-du 0] rx=43.126 Mbps tx=108.900 Mbps total=152.026 Mbps rx_pps=10752 tx_pps=31872 total_pps=42624
[0m[HW]     [o_du0][pusch0  479196 prach0   79872]
[0m[HW]     [o-du 0][rx  569829 pps   10752 kbps   43123][tx 1689260 pps   31872 kbps  108900][Total Msgs_Rcvd 569829]
[0m[HW]     [FH LOAD][o-du 0] rx=43.123 Mbps tx=108.900 Mbps total=152.023 Mbps rx_pps=10752 tx_pps=31872 total_pps=42624
[0m[HW]     [o_du0][pusch0  488412 prach0   81408]
[0m[HW]     [o-du 0][rx  580581 pps   10752 kbps   43123][tx 1721132 pps   31872 kbps  108900][Total Msgs_Rcvd 580581]
[0m[HW]     [FH LOAD][o-du 0] rx=43.123 Mbps tx=108.900 Mbps total=152.023 Mbps rx_pps=10752 tx_pps=31872 total_pps=42624
[0m[HW]     [o_du0][pusch0  497628 prach0   82944]
[0m[HW]     [o-du 0][rx  591333 pps   10752 kbps   43123][tx 1753004 pps   31872 kbps  108900][Total Msgs_Rcvd 591333]
[0m[HW]     [FH LOAD][o-du 0] rx=43.123 Mbps tx=108.900 Mbps total=152.023 Mbps rx_pps=10752 tx_pps=31872 total_pps=42624
[0m[HW]     [o_du0][pusch0  506844 prach0   84480]
[0m[HW]     [o-du 0][rx  602085 pps   10752 kbps   43123][tx 1784876 pps   31872 kbps  108900][Total Msgs_Rcvd 602085]
[0m[HW]     [FH LOAD][o-du 0] rx=43.123 Mbps tx=108.900 Mbps total=152.023 Mbps rx_pps=10752 tx_pps=31872 total_pps=42624
[0m[HW]     [o_du0][pusch0  516060 prach0   86016]
[0m[PHY]    prach_I0 = 0.0 dB
[0m[HW]     [o-du 0][rx  612837 pps   10752 kbps   43120][tx 1816748 pps   31872 kbps  108900][Total Msgs_Rcvd 612837]
[0m[HW]     [FH LOAD][o-du 0] rx=43.120 Mbps tx=108.900 Mbps total=152.020 Mbps rx_pps=10752 tx_pps=31872 total_pps=42624
[0m[HW]     [o_du0][pusch0  525276 prach0   87552]
[0m[HW]     [o-du 0][rx  623589 pps   10752 kbps   43126][tx 1848620 pps   31872 kbps  108900][Total Msgs_Rcvd 623589]
[0m[HW]     [FH LOAD][o-du 0] rx=43.126 Mbps tx=108.900 Mbps total=152.026 Mbps rx_pps=10752 tx_pps=31872 total_pps=42624
[0m[HW]     [o_du0][pusch0  534492 prach0   89088]
[0m[HW]     [o-du 0][rx  634341 pps   10752 kbps   43128][tx 1880492 pps   31872 kbps  108900][Total Msgs_Rcvd 634341]
[0m[HW]     [FH LOAD][o-du 0] rx=43.128 Mbps tx=108.900 Mbps total=152.028 Mbps rx_pps=10752 tx_pps=31872 total_pps=42624
[0m[HW]     [o_du0][pusch0  543708 prach0   90624]
[0m[HW]     [o-du 0][rx  645093 pps   10752 kbps   43126][tx 1912364 pps   31872 kbps  108900][Total Msgs_Rcvd 645093]
[0m[HW]     [FH LOAD][o-du 0] rx=43.126 Mbps tx=108.900 Mbps total=152.026 Mbps rx_pps=10752 tx_pps=31872 total_pps=42624
[0m[HW]     [o_du0][pusch0  552924 prach0   92160]
[0m[HW]     [o-du 0][rx  655845 pps   10752 kbps   43128][tx 1944236 pps   31872 kbps  108900][Total Msgs_Rcvd 655845]
[0m[HW]     [FH LOAD][o-du 0] rx=43.128 Mbps tx=108.900 Mbps total=152.028 Mbps rx_pps=10752 tx_pps=31872 total_pps=42624
[0m[HW]     [o_du0][pusch0  562140 prach0   93696]
[0m[HW]     [o-du 0][rx  666598 pps   10753 kbps   43114][tx 1976108 pps   31872 kbps  108900][Total Msgs_Rcvd 666598]
[0m[HW]     [FH LOAD][o-du 0] rx=43.114 Mbps tx=108.900 Mbps total=152.014 Mbps rx_pps=10753 tx_pps=31872 total_pps=42625
[0m[HW]     [o_du0][pusch0  571356 prach0   95232]
[0m[HW]     [o-du 0][rx  677350 pps   10752 kbps   43123][tx 2007980 pps   31872 kbps  108900][Total Msgs_Rcvd 677350]
[0m[HW]     [FH LOAD][o-du 0] rx=43.123 Mbps tx=108.900 Mbps total=152.023 Mbps rx_pps=10752 tx_pps=31872 total_pps=42624
[0m[HW]     [o_du0][pusch0  580572 prach0   96768]
[0m[HW]     [o-du 0][rx  688102 pps   10752 kbps   43123][tx 2039852 pps   31872 kbps  108900][Total Msgs_Rcvd 688102]
[0m[HW]     [FH LOAD][o-du 0] rx=43.123 Mbps tx=108.900 Mbps total=152.023 Mbps rx_pps=10752 tx_pps=31872 total_pps=42624
[0m[HW]     [o_du0][pusch0  589788 prach0   98304]
[0m[PHY]    prach_I0 = 0.0 dB
[0m[HW]     [o-du 0][rx  698854 pps   10752 kbps   43123][tx 2071724 pps   31872 kbps  108900][Total Msgs_Rcvd 698854]
[0m[HW]     [FH LOAD][o-du 0] rx=43.123 Mbps tx=108.900 Mbps total=152.023 Mbps rx_pps=10752 tx_pps=31872 total_pps=42624
[0m[HW]     [o_du0][pusch0  599004 prach0   99840]
[0m[HW]     [o-du 0][rx  709606 pps   10752 kbps   43123][tx 2103596 pps   31872 kbps  108900][Total Msgs_Rcvd 709606]
[0m[HW]     [FH LOAD][o-du 0] rx=43.123 Mbps tx=108.900 Mbps total=152.023 Mbps rx_pps=10752 tx_pps=31872 total_pps=42624
[0m[HW]     [o_du0][pusch0  608220 prach0  101376]
[0m[HW]     [o-du 0][rx  720358 pps   10752 kbps   43123][tx 2135468 pps   31872 kbps  108900][Total Msgs_Rcvd 720358]
[0m[HW]     [FH LOAD][o-du 0] rx=43.123 Mbps tx=108.900 Mbps total=152.023 Mbps rx_pps=10752 tx_pps=31872 total_pps=42624
[0m[HW]     [o_du0][pusch0  617436 prach0  102912]
[0m[HW]     [o-du 0][rx  731110 pps   10752 kbps   43123][tx 2167340 pps   31872 kbps  108900][Total Msgs_Rcvd 731110]
[0m[HW]     [FH LOAD][o-du 0] rx=43.123 Mbps tx=108.900 Mbps total=152.023 Mbps rx_pps=10752 tx_pps=31872 total_pps=42624
[0m[HW]     [o_du0][pusch0  626652 prach0  104448]
[0m[HW]     [o-du 0][rx  741862 pps   10752 kbps   43114][tx 2199212 pps   31872 kbps  108900][Total Msgs_Rcvd 741862]
[0m[HW]     [FH LOAD][o-du 0] rx=43.114 Mbps tx=108.900 Mbps total=152.014 Mbps rx_pps=10752 tx_pps=31872 total_pps=42624
[0m[HW]     [o_du0][pusch0  635868 prach0  105984]
[0m[HW]     [o-du 0][rx  752614 pps   10752 kbps   43123][tx 2231084 pps   31872 kbps  108900][Total Msgs_Rcvd 752614]
[0m[HW]     [FH LOAD][o-du 0] rx=43.123 Mbps tx=108.900 Mbps total=152.023 Mbps rx_pps=10752 tx_pps=31872 total_pps=42624
[0m[HW]     [o_du0][pusch0  645084 prach0  107520]
[0m[HW]     [o-du 0][rx  763366 pps   10752 kbps   43117][tx 2262956 pps   31872 kbps  108900][Total Msgs_Rcvd 763366]
[0m[HW]     [FH LOAD][o-du 0] rx=43.117 Mbps tx=108.900 Mbps total=152.017 Mbps rx_pps=10752 tx_pps=31872 total_pps=42624
[0m[HW]     [o_du0][pusch0  654300 prach0  109056]
[0m[HW]     [o-du 0][rx  774118 pps   10752 kbps   43123][tx 2294828 pps   31872 kbps  108900][Total Msgs_Rcvd 774118]
[0m[HW]     [FH LOAD][o-du 0] rx=43.123 Mbps tx=108.900 Mbps total=152.023 Mbps rx_pps=10752 tx_pps=31872 total_pps=42624
[0m[HW]     [o_du0][pusch0  663516 prach0  110592]
[0m[PHY]    prach_I0 = 0.0 dB
[0m[HW]     [o-du 0][rx  784871 pps   10753 kbps   43125][tx 2326700 pps   31872 kbps  108900][Total Msgs_Rcvd 784871]
[0m[HW]     [FH LOAD][o-du 0] rx=43.125 Mbps tx=108.900 Mbps total=152.025 Mbps rx_pps=10753 tx_pps=31872 total_pps=42625
[0m[HW]     [o_du0][pusch0  672732 prach0  112128]
[0m[HW]     [o-du 0][rx  795623 pps   10752 kbps   43120][tx 2358572 pps   31872 kbps  108900][Total Msgs_Rcvd 795623]
[0m[HW]     [FH LOAD][o-du 0] rx=43.120 Mbps tx=108.900 Mbps total=152.020 Mbps rx_pps=10752 tx_pps=31872 total_pps=42624
[0m[HW]     [o_du0][pusch0  681948 prach0  113664]
[0m[HW]     [o-du 0][rx  806376 pps   10753 kbps   43125][tx 2390444 pps   31872 kbps  108900][Total Msgs_Rcvd 806376]
[0m[HW]     [FH LOAD][o-du 0] rx=43.125 Mbps tx=108.900 Mbps total=152.025 Mbps rx_pps=10753 tx_pps=31872 total_pps=42625
[0m[HW]     [o_du0][pusch0  691164 prach0  115200]
[0m[HW]     [o-du 0][rx  817128 pps   10752 kbps   43126][tx 2422316 pps   31872 kbps  108900][Total Msgs_Rcvd 817128]
[0m[HW]     [FH LOAD][o-du 0] rx=43.126 Mbps tx=108.900 Mbps total=152.026 Mbps rx_pps=10752 tx_pps=31872 total_pps=42624
[0m[HW]     [o_du0][pusch0  700380 prach0  116736]
[0m[HW]     [o-du 0][rx  827880 pps   10752 kbps   43114][tx 2454188 pps   31872 kbps  108900][Total Msgs_Rcvd 827880]
[0m[HW]     [FH LOAD][o-du 0] rx=43.114 Mbps tx=108.900 Mbps total=152.014 Mbps rx_pps=10752 tx_pps=31872 total_pps=42624
[0m[HW]     [o_du0][pusch0  709596 prach0  118272]
[0m[HW]     [o-du 0][rx  838632 pps   10752 kbps   43120][tx 2486060 pps   31872 kbps  108900][Total Msgs_Rcvd 838632]
[0m[HW]     [FH LOAD][o-du 0] rx=43.120 Mbps tx=108.900 Mbps total=152.020 Mbps rx_pps=10752 tx_pps=31872 total_pps=42624
[0m[HW]     [o_du0][pusch0  718812 prach0  119808]
[0m[HW]     [o-du 0][rx  849385 pps   10753 kbps   43128][tx 2517932 pps   31872 kbps  108900][Total Msgs_Rcvd 849385]
[0m[HW]     [FH LOAD][o-du 0] rx=43.128 Mbps tx=108.900 Mbps total=152.028 Mbps rx_pps=10753 tx_pps=31872 total_pps=42625
[0m[HW]     [o_du0][pusch0  728028 prach0  121344]
[0m[HW]     [o-du 0][rx  860137 pps   10752 kbps   43131][tx 2549804 pps   31872 kbps  108900][Total Msgs_Rcvd 860137]
[0m[HW]     [FH LOAD][o-du 0] rx=43.131 Mbps tx=108.900 Mbps total=152.031 Mbps rx_pps=10752 tx_pps=31872 total_pps=42624
[0m[HW]     [o_du0][pusch0  737244 prach0  122880]
[0m[PHY]    prach_I0 = 0.0 dB
[0m[HW]     [o-du 0][rx  870889 pps   10752 kbps   43126][tx 2581676 pps   31872 kbps  108900][Total Msgs_Rcvd 870889]
[0m[HW]     [FH LOAD][o-du 0] rx=43.126 Mbps tx=108.900 Mbps total=152.026 Mbps rx_pps=10752 tx_pps=31872 total_pps=42624
[0m[HW]     [o_du0][pusch0  746460 prach0  124416]
[0m[HW]     [o-du 0][rx  881641 pps   10752 kbps   43117][tx 2613548 pps   31872 kbps  108900][Total Msgs_Rcvd 881641]
[0m[HW]     [FH LOAD][o-du 0] rx=43.117 Mbps tx=108.900 Mbps total=152.017 Mbps rx_pps=10752 tx_pps=31872 total_pps=42624
[0m[HW]     [o_du0][pusch0  755676 prach0  125952]
[0m[HW]     [o-du 0][rx  892393 pps   10752 kbps   43128][tx 2645420 pps   31872 kbps  108900][Total Msgs_Rcvd 892393]
[0m[HW]     [FH LOAD][o-du 0] rx=43.128 Mbps tx=108.900 Mbps total=152.028 Mbps rx_pps=10752 tx_pps=31872 total_pps=42624
[0m[HW]     [o_du0][pusch0  764892 prach0  127488]
[0m[HW]     [o-du 0][rx  903145 pps   10752 kbps   43128][tx 2677292 pps   31872 kbps  108900][Total Msgs_Rcvd 903145]
[0m[HW]     [FH LOAD][o-du 0] rx=43.128 Mbps tx=108.900 Mbps total=152.028 Mbps rx_pps=10752 tx_pps=31872 total_pps=42624
[0m[HW]     [o_du0][pusch0  774108 prach0  129024]
[0m[HW]     [o-du 0][rx  913898 pps   10753 kbps   43131][tx 2709164 pps   31872 kbps  108900][Total Msgs_Rcvd 913898]
[0m[HW]     [FH LOAD][o-du 0] rx=43.131 Mbps tx=108.900 Mbps total=152.031 Mbps rx_pps=10753 tx_pps=31872 total_pps=42625
[0m[HW]     [o_du0][pusch0  783324 prach0  130560]
[0m[HW]     [o-du 0][rx  924650 pps   10752 kbps   43123][tx 2741036 pps   31872 kbps  108900][Total Msgs_Rcvd 924650]
[0m[HW]     [FH LOAD][o-du 0] rx=43.123 Mbps tx=108.900 Mbps total=152.023 Mbps rx_pps=10752 tx_pps=31872 total_pps=42624
[0m[HW]     [o_du0][pusch0  792540 prach0  132096]
[0m[HW]     [o-du 0][rx  935402 pps   10752 kbps   43114][tx 2772908 pps   31872 kbps  108900][Total Msgs_Rcvd 935402]
[0m[HW]     [FH LOAD][o-du 0] rx=43.114 Mbps tx=108.900 Mbps total=152.014 Mbps rx_pps=10752 tx_pps=31872 total_pps=42624
[0m[HW]     [o_du0][pusch0  801756 prach0  133632]
[0m[HW]     [o-du 0][rx  946154 pps   10752 kbps   43114][tx 2804780 pps   31872 kbps  108900][Total Msgs_Rcvd 946154]
[0m[HW]     [FH LOAD][o-du 0] rx=43.114 Mbps tx=108.900 Mbps total=152.014 Mbps rx_pps=10752 tx_pps=31872 total_pps=42624
[0m[HW]     [o_du0][pusch0  810972 prach0  135168]
[0m[PHY]    prach_I0 = 0.0 dB
[0m[HW]     [o-du 0][rx  956906 pps   10752 kbps   43123][tx 2836652 pps   31872 kbps  108900][Total Msgs_Rcvd 956906]
[0m[HW]     [FH LOAD][o-du 0] rx=43.123 Mbps tx=108.900 Mbps total=152.023 Mbps rx_pps=10752 tx_pps=31872 total_pps=42624
[0m[HW]     [o_du0][pusch0  820188 prach0  136704]
[0m[HW]     [o-du 0][rx  967658 pps   10752 kbps   43131][tx 2868524 pps   31872 kbps  108900][Total Msgs_Rcvd 967658]
[0m[HW]     [FH LOAD][o-du 0] rx=43.131 Mbps tx=108.900 Mbps total=152.031 Mbps rx_pps=10752 tx_pps=31872 total_pps=42624
[0m[HW]     [o_du0][pusch0  829404 prach0  138240]
[0m[HW]     [o-du 0][rx  978410 pps   10752 kbps   43114][tx 2900396 pps   31872 kbps  108900][Total Msgs_Rcvd 978410]
[0m[HW]     [FH LOAD][o-du 0] rx=43.114 Mbps tx=108.900 Mbps total=152.014 Mbps rx_pps=10752 tx_pps=31872 total_pps=42624
[0m[HW]     [o_du0][pusch0  838620 prach0  139776]
[0m[HW]     [o-du 0][rx  989162 pps   10752 kbps   43123][tx 2932268 pps   31872 kbps  108900][Total Msgs_Rcvd 989162]
[0m[HW]     [FH LOAD][o-du 0] rx=43.123 Mbps tx=108.900 Mbps total=152.023 Mbps rx_pps=10752 tx_pps=31872 total_pps=42624
[0m[HW]     [o_du0][pusch0  847836 prach0  141312]
[0m[HW]     [o-du 0][rx  999914 pps   10752 kbps   43123][tx 2964140 pps   31872 kbps  108900][Total Msgs_Rcvd 999914]
[0m[HW]     [FH LOAD][o-du 0] rx=43.123 Mbps tx=108.900 Mbps total=152.023 Mbps rx_pps=10752 tx_pps=31872 total_pps=42624
[0m[HW]     [o_du0][pusch0  857052 prach0  142848]
[0m[HW]     [o-du 0][rx 1010666 pps   10752 kbps   43114][tx 2996012 pps   31872 kbps  108900][Total Msgs_Rcvd 1010666]
[0m[HW]     [FH LOAD][o-du 0] rx=43.114 Mbps tx=108.900 Mbps total=152.014 Mbps rx_pps=10752 tx_pps=31872 total_pps=42624
[0m[HW]     [o_du0][pusch0  866268 prach0  144384]
[0m[HW]     [o-du 0][rx 1021418 pps   10752 kbps   43131][tx 3027884 pps   31872 kbps  108900][Total Msgs_Rcvd 1021418]
[0m[HW]     [FH LOAD][o-du 0] rx=43.131 Mbps tx=108.900 Mbps total=152.031 Mbps rx_pps=10752 tx_pps=31872 total_pps=42624
[0m[HW]     [o_du0][pusch0  875484 prach0  145920]
[0m[HW]     [o-du 0][rx 1032170 pps   10752 kbps   43123][tx 3059756 pps   31872 kbps  108900][Total Msgs_Rcvd 1032170]
[0m[HW]     [FH LOAD][o-du 0] rx=43.123 Mbps tx=108.900 Mbps total=152.023 Mbps rx_pps=10752 tx_pps=31872 total_pps=42624
[0m[HW]     [o_du0][pusch0  884700 prach0  147456]
[0m[PHY]    prach_I0 = 0.0 dB
[0m[HW]     [o-du 0][rx 1042922 pps   10752 kbps   43123][tx 3091628 pps   31872 kbps  108900][Total Msgs_Rcvd 1042922]
[0m[HW]     [FH LOAD][o-du 0] rx=43.123 Mbps tx=108.900 Mbps total=152.023 Mbps rx_pps=10752 tx_pps=31872 total_pps=42624
[0m[HW]     [o_du0][pusch0  893916 prach0  148992]
[0m[HW]     [o-du 0][rx 1053675 pps   10753 kbps   43114][tx 3123500 pps   31872 kbps  108900][Total Msgs_Rcvd 1053675]
[0m[HW]     [FH LOAD][o-du 0] rx=43.114 Mbps tx=108.900 Mbps total=152.014 Mbps rx_pps=10753 tx_pps=31872 total_pps=42625
[0m[HW]     [o_du0][pusch0  903132 prach0  150528]
[0m[HW]     [o-du 0][rx 1064427 pps   10752 kbps   43123][tx 3155372 pps   31872 kbps  108900][Total Msgs_Rcvd 1064427]
[0m[HW]     [FH LOAD][o-du 0] rx=43.123 Mbps tx=108.900 Mbps total=152.023 Mbps rx_pps=10752 tx_pps=31872 total_pps=42624
[0m[HW]     [o_du0][pusch0  912348 prach0  152064]
[0m[HW]     [o-du 0][rx 1075179 pps   10752 kbps   43128][tx 3187244 pps   31872 kbps  108900][Total Msgs_Rcvd 1075179]
[0m[HW]     [FH LOAD][o-du 0] rx=43.128 Mbps tx=108.900 Mbps total=152.028 Mbps rx_pps=10752 tx_pps=31872 total_pps=42624
[0m[HW]     [o_du0][pusch0  921564 prach0  153600]
[0m[HW]     [o-du 0][rx 1085931 pps   10752 kbps   43117][tx 3219116 pps   31872 kbps  108900][Total Msgs_Rcvd 1085931]
[0m[HW]     [FH LOAD][o-du 0] rx=43.117 Mbps tx=108.900 Mbps total=152.017 Mbps rx_pps=10752 tx_pps=31872 total_pps=42624
[0m[HW]     [o_du0][pusch0  930780 prach0  155136]
[0m[HW]     [o-du 0][rx 1096683 pps   10752 kbps   43128][tx 3250988 pps   31872 kbps  108900][Total Msgs_Rcvd 1096683]
[0m[HW]     [FH LOAD][o-du 0] rx=43.128 Mbps tx=108.900 Mbps total=152.028 Mbps rx_pps=10752 tx_pps=31872 total_pps=42624
[0m[HW]     [o_du0][pusch0  939996 prach0  156672]
[0m[HW]     [o-du 0][rx 1107435 pps   10752 kbps   43117][tx 3282860 pps   31872 kbps  108900][Total Msgs_Rcvd 1107435]
[0m[HW]     [FH LOAD][o-du 0] rx=43.117 Mbps tx=108.900 Mbps total=152.017 Mbps rx_pps=10752 tx_pps=31872 total_pps=42624
[0m[HW]     [o_du0][pusch0  949212 prach0  158208]
[0m[HW]     [o-du 0][rx 1118187 pps   10752 kbps   43123][tx 3314732 pps   31872 kbps  108900][Total Msgs_Rcvd 1118187]
[0m[HW]     [FH LOAD][o-du 0] rx=43.123 Mbps tx=108.900 Mbps total=152.023 Mbps rx_pps=10752 tx_pps=31872 total_pps=42624
[0m[HW]     [o_du0][pusch0  958428 prach0  159744]
[0m[PHY]    prach_I0 = 0.0 dB
[0m[HW]     [o-du 0][rx 1128939 pps   10752 kbps   43123][tx 3346604 pps   31872 kbps  108900][Total Msgs_Rcvd 1128939]
[0m[HW]     [FH LOAD][o-du 0] rx=43.123 Mbps tx=108.900 Mbps total=152.023 Mbps rx_pps=10752 tx_pps=31872 total_pps=42624
[0m[HW]     [o_du0][pusch0  967644 prach0  161280]
[0m[HW]     [o-du 0][rx 1139691 pps   10752 kbps   43120][tx 3378476 pps   31872 kbps  108900][Total Msgs_Rcvd 1139691]
[0m[HW]     [FH LOAD][o-du 0] rx=43.120 Mbps tx=108.900 Mbps total=152.020 Mbps rx_pps=10752 tx_pps=31872 total_pps=42624
[0m[HW]     [o_du0][pusch0  976860 prach0  162816]
[0m[HW]     [o-du 0][rx 1150443 pps   10752 kbps   43126][tx 3410348 pps   31872 kbps  108900][Total Msgs_Rcvd 1150443]
[0m[HW]     [FH LOAD][o-du 0] rx=43.126 Mbps tx=108.900 Mbps total=152.026 Mbps rx_pps=10752 tx_pps=31872 total_pps=42624
[0m[HW]     [o_du0][pusch0  986076 prach0  164352]
[0m[HW]     [o-du 0][rx 1161196 pps   10753 kbps   43123][tx 3442220 pps   31872 kbps  108900][Total Msgs_Rcvd 1161196]
[0m[HW]     [FH LOAD][o-du 0] rx=43.123 Mbps tx=108.900 Mbps total=152.023 Mbps rx_pps=10753 tx_pps=31872 total_pps=42625
[0m[HW]     [o_du0][pusch0  995292 prach0  165888]
[0m[HW]     [o-du 0][rx 1171948 pps   10752 kbps   43123][tx 3474092 pps   31872 kbps  108900][Total Msgs_Rcvd 1171948]
[0m[HW]     [FH LOAD][o-du 0] rx=43.123 Mbps tx=108.900 Mbps total=152.023 Mbps rx_pps=10752 tx_pps=31872 total_pps=42624
[0m[HW]     [o_du0][pusch0 1004508 prach0  167424]
[0m[HW]     [o-du 0][rx 1182701 pps   10753 kbps   43117][tx 3505964 pps   31872 kbps  108900][Total Msgs_Rcvd 1182701]
[0m[HW]     [FH LOAD][o-du 0] rx=43.117 Mbps tx=108.900 Mbps total=152.017 Mbps rx_pps=10753 tx_pps=31872 total_pps=42625
[0m[HW]     [o_du0][pusch0 1013724 prach0  168960]
[0m[HW]     [o-du 0][rx 1193453 pps   10752 kbps   43126][tx 3537836 pps   31872 kbps  108900][Total Msgs_Rcvd 1193453]
[0m[HW]     [FH LOAD][o-du 0] rx=43.126 Mbps tx=108.900 Mbps total=152.026 Mbps rx_pps=10752 tx_pps=31872 total_pps=42624
[0m[HW]     [o_du0][pusch0 1022940 prach0  170496]
[0m[HW]     [o-du 0][rx 1204205 pps   10752 kbps   43114][tx 3569708 pps   31872 kbps  108900][Total Msgs_Rcvd 1204205]
[0m[HW]     [FH LOAD][o-du 0] rx=43.114 Mbps tx=108.900 Mbps total=152.014 Mbps rx_pps=10752 tx_pps=31872 total_pps=42624
[0m[HW]     [o_du0][pusch0 1032156 prach0  172032]
[0m[PHY]    prach_I0 = 0.0 dB
[0m[HW]     [o-du 0][rx 1214958 pps   10753 kbps   43131][tx 3601580 pps   31872 kbps  108900][Total Msgs_Rcvd 1214958]
[0m[HW]     [FH LOAD][o-du 0] rx=43.131 Mbps tx=108.900 Mbps total=152.031 Mbps rx_pps=10753 tx_pps=31872 total_pps=42625
[0m[HW]     [o_du0][pusch0 1041372 prach0  173568]
[0m[HW]     [o-du 0][rx 1225710 pps   10752 kbps   43123][tx 3633452 pps   31872 kbps  108900][Total Msgs_Rcvd 1225710]
[0m[HW]     [FH LOAD][o-du 0] rx=43.123 Mbps tx=108.900 Mbps total=152.023 Mbps rx_pps=10752 tx_pps=31872 total_pps=42624
[0m[HW]     [o_du0][pusch0 1050588 prach0  175104]
[0m[HW]     [o-du 0][rx 1236462 pps   10752 kbps   43123][tx 3665324 pps   31872 kbps  108900][Total Msgs_Rcvd 1236462]
[0m[HW]     [FH LOAD][o-du 0] rx=43.123 Mbps tx=108.900 Mbps total=152.023 Mbps rx_pps=10752 tx_pps=31872 total_pps=42624
[0m[HW]     [o_du0][pusch0 1059804 prach0  176640]
[0m[HW]     [o-du 0][rx 1247214 pps   10752 kbps   43123][tx 3697196 pps   31872 kbps  108900][Total Msgs_Rcvd 1247214]
[0m[HW]     [FH LOAD][o-du 0] rx=43.123 Mbps tx=108.900 Mbps total=152.023 Mbps rx_pps=10752 tx_pps=31872 total_pps=42624
[0m[HW]     [o_du0][pusch0 1069020 prach0  178176]
[0m[HW]     [o-du 0][rx 1257966 pps   10752 kbps   43123][tx 3729068 pps   31872 kbps  108900][Total Msgs_Rcvd 1257966]
[0m[HW]     [FH LOAD][o-du 0] rx=43.123 Mbps tx=108.900 Mbps total=152.023 Mbps rx_pps=10752 tx_pps=31872 total_pps=42624
[0m[HW]     [o_du0][pusch0 1078236 prach0  179712]
[0m[HW]     [o-du 0][rx 1268718 pps   10752 kbps   43123][tx 3760940 pps   31872 kbps  108900][Total Msgs_Rcvd 1268718]
[0m[HW]     [FH LOAD][o-du 0] rx=43.123 Mbps tx=108.900 Mbps total=152.023 Mbps rx_pps=10752 tx_pps=31872 total_pps=42624
[0m[HW]     [o_du0][pusch0 1087452 prach0  181248]
[0m[HW]     [o-du 0][rx 1279470 pps   10752 kbps   43114][tx 3792812 pps   31872 kbps  108900][Total Msgs_Rcvd 1279470]
[0m[HW]     [FH LOAD][o-du 0] rx=43.114 Mbps tx=108.900 Mbps total=152.014 Mbps rx_pps=10752 tx_pps=31872 total_pps=42624
[0m[HW]     [o_du0][pusch0 1096668 prach0  182784]
[0m[HW]     [o-du 0][rx 1290223 pps   10753 kbps   43128][tx 3824684 pps   31872 kbps  108900][Total Msgs_Rcvd 1290223]
[0m[HW]     [FH LOAD][o-du 0] rx=43.128 Mbps tx=108.900 Mbps total=152.028 Mbps rx_pps=10753 tx_pps=31872 total_pps=42625
[0m[HW]     [o_du0][pusch0 1105884 prach0  184320]
[0m[PHY]    prach_I0 = 0.0 dB
[0m[HW]     [o-du 0][rx 1300975 pps   10752 kbps   43123][tx 3856556 pps   31872 kbps  108900][Total Msgs_Rcvd 1300975]
[0m[HW]     [FH LOAD][o-du 0] rx=43.123 Mbps tx=108.900 Mbps total=152.023 Mbps rx_pps=10752 tx_pps=31872 total_pps=42624
[0m[HW]     [o_du0][pusch0 1115100 prach0  185856]
[0m[HW]     [o-du 0][rx 1311727 pps   10752 kbps   43123][tx 3888428 pps   31872 kbps  108900][Total Msgs_Rcvd 1311727]
[0m[HW]     [FH LOAD][o-du 0] rx=43.123 Mbps tx=108.900 Mbps total=152.023 Mbps rx_pps=10752 tx_pps=31872 total_pps=42624
[0m[HW]     [o_du0][pusch0 1124316 prach0  187392]
[0m[HW]     [o-du 0][rx 1322479 pps   10752 kbps   43123][tx 3920300 pps   31872 kbps  108900][Total Msgs_Rcvd 1322479]
[0m[HW]     [FH LOAD][o-du 0] rx=43.123 Mbps tx=108.900 Mbps total=152.023 Mbps rx_pps=10752 tx_pps=31872 total_pps=42624
[0m[HW]     [o_du0][pusch0 1133532 prach0  188928]
[0m[HW]     [o-du 0][rx 1333231 pps   10752 kbps   43117][tx 3952172 pps   31872 kbps  108900][Total Msgs_Rcvd 1333231]
[0m[HW]     [FH LOAD][o-du 0] rx=43.117 Mbps tx=108.900 Mbps total=152.017 Mbps rx_pps=10752 tx_pps=31872 total_pps=42624
[0m[HW]     [o_du0][pusch0 1142748 prach0  190464]
[0m[HW]     [o-du 0][rx 1343983 pps   10752 kbps   43123][tx 3984044 pps   31872 kbps  108900][Total Msgs_Rcvd 1343983]
[0m[HW]     [FH LOAD][o-du 0] rx=43.123 Mbps tx=108.900 Mbps total=152.023 Mbps rx_pps=10752 tx_pps=31872 total_pps=42624
[0m[HW]     [o_du0][pusch0 1151964 prach0  192000]
[0m[HW]     [o-du 0][rx 1354735 pps   10752 kbps   43123][tx 4015916 pps   31872 kbps  108900][Total Msgs_Rcvd 1354735]
[0m[HW]     [FH LOAD][o-du 0] rx=43.123 Mbps tx=108.900 Mbps total=152.023 Mbps rx_pps=10752 tx_pps=31872 total_pps=42624
[0m[HW]     [o_du0][pusch0 1161180 prach0  193536]
[0m[HW]     [o-du 0][rx 1365487 pps   10752 kbps   43123][tx 4047788 pps   31872 kbps  108900][Total Msgs_Rcvd 1365487]
[0m[HW]     [FH LOAD][o-du 0] rx=43.123 Mbps tx=108.900 Mbps total=152.023 Mbps rx_pps=10752 tx_pps=31872 total_pps=42624
[0m[HW]     [o_du0][pusch0 1170396 prach0  195072]
[0m[HW]     [o-du 0][rx 1376239 pps   10752 kbps   43123][tx 4079660 pps   31872 kbps  108900][Total Msgs_Rcvd 1376239]
[0m[HW]     [FH LOAD][o-du 0] rx=43.123 Mbps tx=108.900 Mbps total=152.023 Mbps rx_pps=10752 tx_pps=31872 total_pps=42624
[0m[HW]     [o_du0][pusch0 1179612 prach0  196608]
[0m[PHY]    prach_I0 = 0.0 dB
[0m[HW]     [o-du 0][rx 1386991 pps   10752 kbps   43123][tx 4111532 pps   31872 kbps  108900][Total Msgs_Rcvd 1386991]
[0m[HW]     [FH LOAD][o-du 0] rx=43.123 Mbps tx=108.900 Mbps total=152.023 Mbps rx_pps=10752 tx_pps=31872 total_pps=42624
[0m[HW]     [o_du0][pusch0 1188828 prach0  198144]
[0m[HW]     [o-du 0][rx 1397743 pps   10752 kbps   43123][tx 4143404 pps   31872 kbps  108900][Total Msgs_Rcvd 1397743]
[0m[HW]     [FH LOAD][o-du 0] rx=43.123 Mbps tx=108.900 Mbps total=152.023 Mbps rx_pps=10752 tx_pps=31872 total_pps=42624
[0m[HW]     [o_du0][pusch0 1198044 prach0  199680]
[0m[HW]     [o-du 0][rx 1408495 pps   10752 kbps   43117][tx 4175276 pps   31872 kbps  108900][Total Msgs_Rcvd 1408495]
[0m[HW]     [FH LOAD][o-du 0] rx=43.117 Mbps tx=108.900 Mbps total=152.017 Mbps rx_pps=10752 tx_pps=31872 total_pps=42624
[0m[HW]     [o_du0][pusch0 1207260 prach0  201216]
[0m[HW]     [o-du 0][rx 1419247 pps   10752 kbps   43120][tx 4207148 pps   31872 kbps  108900][Total Msgs_Rcvd 1419247]
[0m[HW]     [FH LOAD][o-du 0] rx=43.120 Mbps tx=108.900 Mbps total=152.020 Mbps rx_pps=10752 tx_pps=31872 total_pps=42624
[0m[HW]     [o_du0][pusch0 1216476 prach0  202752]
[0m[HW]     [o-du 0][rx 1430000 pps   10753 kbps   43134][tx 4239020 pps   31872 kbps  108900][Total Msgs_Rcvd 1430000]
[0m[HW]     [FH LOAD][o-du 0] rx=43.134 Mbps tx=108.900 Mbps total=152.034 Mbps rx_pps=10753 tx_pps=31872 total_pps=42625
[0m[HW]     [o_du0][pusch0 1225692 prach0  204288]
[0m[HW]     [o-du 0][rx 1440752 pps   10752 kbps   43117][tx 4270892 pps   31872 kbps  108900][Total Msgs_Rcvd 1440752]
[0m[HW]     [FH LOAD][o-du 0] rx=43.117 Mbps tx=108.900 Mbps total=152.017 Mbps rx_pps=10752 tx_pps=31872 total_pps=42624
[0m[HW]     [o_du0][pusch0 1234908 prach0  205824]
[0m[HW]     [o-du 0][rx 1451504 pps   10752 kbps   43117][tx 4302764 pps   31872 kbps  108900][Total Msgs_Rcvd 1451504]
[0m[HW]     [FH LOAD][o-du 0] rx=43.117 Mbps tx=108.900 Mbps total=152.017 Mbps rx_pps=10752 tx_pps=31872 total_pps=42624
[0m[HW]     [o_du0][pusch0 1244124 prach0  207360]
[0m[HW]     [o-du 0][rx 1462256 pps   10752 kbps   43128][tx 4334636 pps   31872 kbps  108900][Total Msgs_Rcvd 1462256]
[0m[HW]     [FH LOAD][o-du 0] rx=43.128 Mbps tx=108.900 Mbps total=152.028 Mbps rx_pps=10752 tx_pps=31872 total_pps=42624
[0m[HW]     [o_du0][pusch0 1253340 prach0  208896]
[0m[PHY]    prach_I0 = 0.0 dB
[0m