Logging terminal output to /home/jesse/oran_lab/logs/run_du/run_du_20260521_124334_pid324847.log
DU cores: 10,11,12,13,14,15,16,17,18
AnonHugePages:         0 kB
ShmemHugePages:        0 kB
FileHugePages:      2048 kB
HugePages_Total:    8192
HugePages_Free:     4096
HugePages_Rsvd:        0
HugePages_Surp:        0
Hugepagesize:       2048 kB
Hugetlb:        16777216 kB
CMDLINE: "./nr-softmodem" "-O" "/home/jesse/oran_lab/du_test.conf" "--gNBs.[0].min_rxtxtime" "6" "--thread-pool" "16,17,18" 
[UTIL]   running in SA mode (no --phy-test, --do-ra, --nsa option present)
[0m[OPT]    OPT disabled
[0m[HW]     Version: Branch: oru-rebase-1-plus-compression Abrev. Hash: dae942c616 Date: Fri May 15 22:54:55 2026 +0000
[0m[GNB_APP] Initialized RAN Context: RC.nb_nr_inst = 1, RC.nb_nr_macrlc_inst = 1, RC.nb_nr_L1_inst = 1, RC.nb_RU = 1, RC.nb_nr_CC[0] = 1
[0m[NR_PHY] Initializing gNB RAN context: RC.nb_nr_L1_inst = 1 
[0m[NR_PHY] Registered with MAC interface module (0x63a90cb45390)
[0m[NR_PHY] Initializing NR L1: RC.nb_nr_L1_inst = 1
[0m[NR_PHY] L1_RX_THREAD_CORE 10 (15)
[0m[NR_PHY] TX_AMP = 519 (-36 dBFS)
[0m[PHY]    No prs_config configuration found..!!
[0m[GNB_APP] pdsch_AntennaPorts N1 1 N2 1 XP 1 pusch_AntennaPorts 1
[0m[GNB_APP] minTXRXTIME 6
[0m[GNB_APP] CSI-RS 1, SRS 0, report type 0 (ssb_rsrp), 256 QAM may be on, delta_MCS off, maxMIMO_Layers -1, HARQ feedback enabled, num DLHARQ:16, num ULHARQ:16
[0m[GNB_APP] No RedCap configuration found
[0m[GNB_APP] No PTRS configuration found
[0m[GNB_APP] sr_ProhibitTimer 0, sr_TransMax 64, sr_ProhibitTimer_v1700 0, t300 400, t301 400, t310 2000, n310 10, t311 3000, n311 1, t319 400
[0m[NR_MAC] Candidates per PDCCH aggregation level on UESS: L1: 0, L2: 2, L4: 0, L8: 0, L16: 0
[0m[RRC]    Read in ServingCellConfigCommon (PhysCellId 0, ABSFREQSSB 669984, DLBand 77, ABSFREQPOINTA 668712, DLBW 106,RACH_TargetReceivedPower -100
[0m[NR_MAC] Computing frequency (nrarfcn 669984 => 4049760 KHz, NR band 77
[0m[RRC]    absoluteFrequencySSB 669984 corresponds to 4049760000 Hz
[0m[NR_MAC] Computing frequency (nrarfcn 668712 => 4030680 KHz, NR band 77
[0m[NR_MAC] TDD period index = 5, based on the sum of dl_UL_TransmissionPeriodicity from Pattern1 (2.500000 ms) and Pattern2 (0.000000 ms): Total = 2.500000 ms
[0m[UTIL]   threadCreate() for MAC_STATS: creating thread with affinity ffffffff, priority 2
[0m[NR_MAC] PUSCH Target 200, PUCCH Target 200, PUCCH Failure 10, PUSCH Failure 100
[0m[NR_PHY] Copying 0 blacklisted PRB to L1 context
[0m[NR_MAC] Computing frequency (nrarfcn 668712 => 4030680 KHz, NR band 77
[0m[NR_MAC] Computing frequency (nrarfcn 668712 => 4030680 KHz, NR band 77
[0m[NR_MAC] Set TX antenna number to 1, Set RX antenna number to 1 (num ssb 1: 80000000,0)
[0m[NR_MAC] TDD period index = 5, based on the sum of dl_UL_TransmissionPeriodicity from Pattern1 (2.500000 ms) and Pattern2 (0.000000 ms): Total = 2.500000 ms
[0m[NR_MAC] Set TDD configuration period to: 4 DL slots, 2 UL slots, 5 slots per period (NR_TDD_UL_DL_Pattern is 3 DL slots, 1 UL slots, 6 DL symbols, 4 UL symbols)
[0m[NR_MAC] Configured 1 TDD patterns (total slots: pattern1 = 5, pattern2 = 0)
[0m[NR_PHY] Set TDD Period Configuration: 4 periods per frame, 20 slots to be configured (4 DL, 2 UL)
[0m[NR_PHY] TDD period configuration: slot 0 is DOWNLINK
[0m[NR_PHY] TDD period configuration: slot 1 is DOWNLINK
[0m[NR_PHY] TDD period configuration: slot 2 is DOWNLINK
[0m[NR_PHY] TDD period configuration: slot 3 is FLEXIBLE: DDDDDDFFFFUUUU
[0m[NR_PHY] TDD period configuration: slot 4 is UPLINK
[0m[NR_MAC] Command line parameters for OAI UE: -C 4049760000 -r 106 --numerology 1 --band 77 --ssb 516 
[0m[PHY]    DL frequency 4049760000 Hz, UL frequency 4049760000 Hz: uldl offset 0 Hz
[0m[PHY]    Initializing frame parms for mu 1, N_RB 106, Ncp 0
[0m[PHY]    Init: N_RB_DL 106, first_carrier_offset 1412, nb_prefix_samples 144,nb_prefix_samples0 176, ofdm_symbol_size 2048
[0m[NR_MAC] TDA index 0: start 10 length 3 k2 5
[0m[NR_MAC] TDA index 1: start 0 length 13 k2 6
[0m[NR_RRC] SIB1 freq: offsetToPointA 86
[0m[GNB_APP] F1AP: gNB idx 0 gNB_DU_id 3584, gNB_DU_name gNB-OAI, TAC 1 MCC/MNC/length 208/99/2 cellID 1
[0m[GNB_APP] ngran_DU: Configuring Cell 0 for TDD
[0m[GNB_APP] Configured DU: cell ID 1, PCI 0
[0m[GNB_APP] SDAP layer is enabled
[0m[GNB_APP] Parsed IPv4 address for NG AMF: 172.21.19.111
[0m[UTIL]   threadCreate() for TASK_SCTP: creating thread with affinity ffffffff, priority 50
[0m[X2AP]   X2AP is disabled.
[0m[UTIL]   threadCreate() for TASK_NGAP: creating thread with affinity ffffffff, priority 50
[0m[UTIL]   threadCreate() for TASK_RRC_GNB: creating thread with affinity ffffffff, priority 50
[0m[NGAP]   Registered new gNB[0] and macro gNB id 3584
[0m[NGAP]   [gNB 0] check the amf registration state
[0m[93m[SCTP]   sctp_bindx() SCTP_BINDX_ADD_ADDR failed: errno 99 Cannot assign requested address
[0m[1;31m[SCTP]   could not open socket, no SCTP connection established
[0m[NR_RRC] Entering main loop of NR_RRC message task
[0m[GTPU]   Configuring GTPu
[0m[GTPU]   SA mode 
[0m[GTPU]   Configuring GTPu address : 172.21.19.111, port : 2152
[0m[GTPU]   Initializing UDP for local address 172.21.19.111 with port 2152
[0m[93m[GTPU]   bind: Cannot assign requested address
[0m[1;31m[GTPU]   failed to bind socket: 172.21.19.111 2152 
[0m[1;31m[GTPU]   can't create GTP-U instance
[0m[1;31m[E1AP]   Failed to create CUUP N3 UDP listener
[0m[UTIL]   threadCreate() for TASK_GNB_APP: creating thread with affinity ffffffff, priority 50
[0m[NR_RRC] Accepting new CU-UP ID 3584 name gNB-OAI (assoc_id -1)
[0m[UTIL]   threadCreate() for TASK_GTPV1_U: creating thread with affinity ffffffff, priority 50
[0m[NR_RRC] Received F1 Setup Request from gNB_DU 3584 (gNB-OAI) on assoc_id -1
[0m[NR_RRC] Accepting DU 3584 (gNB-OAI) (RRC version 17.3.0)
[0m[NR_RRC] Added cell 1 to DU cells array (total cells = 1)
[0m[NR_RRC] DU 3584: Added cell 1
[0m[NR_RRC] DU 3584 (gNB-OAI): sending F1 Setup Response
[0m[MAC]    received F1 Setup Response from CU (null)
[0m[MAC]    CU uses RRC version 17.3.0
[0m[MAC]    Clearing the DU's UE states before, if any.
[0m[NR_RRC] cell PLMN 208.99 Cell ID 1 is in service
[0m[MAC]    received gNB-DU configuration update acknowledge
[0m[UTIL]   threadCreate() for time source realtime: creating thread with affinity ffffffff, priority 2
[0m[UTIL]   time manager configuration: [time source: reatime] [mode: standalone] [server IP: 127.0.0.1} [server port: 7374] (server IP/port not used)
[0m[PHY]    number of L1 instances 1, number of RU 1, number of CPU cores 32
[0m[PHY]    Initialized RU proc 0 (NGFI_RAU_IF4p5,synch_to_ext_device),
[0m[UTIL]   threadCreate() for ru_thread: creating thread with affinity c, priority 97
[0m[PHY]    Starting RU 0 (NGFI_RAU_IF4p5,synch_to_ext_device) on cpu 10
[0m[PHY]    Initializing frame parms for mu 1, N_RB 106, Ncp 0
[0m[PHY]    Init: N_RB_DL 106, first_carrier_offset 1412, nb_prefix_samples 144,nb_prefix_samples0 176, ofdm_symbol_size 2048
[0m[PHY]    fp->scs=30000
[0m[PHY]    fp->ofdm_symbol_size=2048
[0m[PHY]    fp->nb_prefix_samples0=176
[0m[PHY]    fp->nb_prefix_samples=144
[0m[PHY]    fp->slots_per_subframe=2
[0m[PHY]    fp->samples_per_subframe_wCP=57344
[0m[PHY]    fp->samples_per_frame_wCP=573440
[0m[PHY]    fp->samples_per_subframe=61440
[0m[PHY]    fp->samples_per_frame=614400
[0m[PHY]    fp->dl_CarrierFreq=4049760000
[0m[PHY]    fp->ul_CarrierFreq=4049760000
[0m[PHY]    fp->Nid_cell=0
[0m[PHY]    fp->first_carrier_offset=1412
[0m[PHY]    fp->ssb_start_subcarrier=0
[0m[PHY]    fp->Ncp=0
[0m[PHY]    fp->N_RB_DL=106
[0m[PHY]    fp->numerology_index=1
[0m[PHY]    fp->ofdm_offset_divisor=8
[0m[PHY]    fp->threequarter_fs=0
[0m[PHY]    fp->sl_CarrierFreq=0
[0m[PHY]    fp->N_RB_SL=0
[0m[NR_PHY] nb_tx_streams 1, nb_rx_streams 1, num_Beams_period 1
[0m[PHY]    Setting RF config for N_RB 106, NB_RX 1, NB_TX 1
[0m[PHY]    tune_offset 0 Hz, sample_rate 61440000 Hz
[0m[PHY]    Channel 0: setting tx_gain offset 0, tx_freq 4049760000 Hz
[0m[PHY]    Channel 0: setting rx_gain offset 0, rx_freq 4049760000 Hz
[0m[PHY]    starting transport
[0m[32m[PHY]    Initializing XRAN layer as O-DU
[0m[HW]     Initializing O-RAN 7.2 FH interface through xran library (compiled against headers of oran_f_release_v1.8)
[0mEAL: Detected 32 lcore(s)
EAL: Detected 1 NUMA nodes
EAL: Auto-detected process type: PRIMARY
EAL: Detected shared linkage of DPDK
EAL: Multi-process socket /var/run/dpdk/wls_0/mp_socket
EAL: Selected IOVA mode 'PA'
EAL: No available hugepages reported in hugepages-1048576kB
EAL: Probing VFIO support...
EAL: VFIO support initialized
EAL: Probe PCI driver: net_i40e_vf (8086:154c) device: 0000:06:02.2 (socket 0)
[CONFIG] function config_libconfig_init returned 0
xran_fh_init:
  io_cfg:
    id 0 (O-DU)
    num_vfs 2
    num_rxq 1
    dpdk_dev [0000:06:02.2, 0000:06:02.3, (null), (null), (null), (null), (null), (null), (null), (null), (null), (null), (null), (null), (null), (null)]
    bbdev_dev (null)
    bbdev_mode -1
    dpdkIoVaMode 0
    dpdkMemorySize 8192
    core 14
    system_core 13
    pkt_proc_core 0000000000008000
    pkt_proc_core_64_127 0000000000000000
    pkt_aux_core 0
    timing_core 14
    port (filled within xran library)
    io_sleep 0
    nEthLinePerPort 1
    nEthLineSpeed 10
    one_vf_cu_plane 0
    eowd_cmn[0]:
      initiator_en 0
      numberOfSamples 0
      filterType 0
      responseTo 0
      measVf 0
      measState 0
      measId 0
      measMethod 0
      owdm_enable 0
      owdm_PlLength 0
eowd_port (filled within xran library)
    bbu_offload 0
  eAxCId_conf:
    mask_cuPortId 0xf000
    mask_bandSectorId 0x0f00
    mask_ccId 0x00f0
    mask_ruPortId 0x000f
    bit_cuPortId 0
    bit_bandSectorId 0
    bit_ccId 0
    bit_ruPortId 0
  xran_ports 1
  dpdkBasebandFecMode 0
  dpdkBasebandDevice (null)
  filePrefix wls_0
  mtu 9600
  p_o_du_addr (null)
  p_o_ru_addr [00:11:22:33:64:66, 00:11:22:33:64:67]
  totalBfWeights 0
  mlogxranenable 0
  dlCpProcBurst 0
'DPDK 20.11.9'
 xran_init: MTU 9600
PF Eth line speed 10G
PF Eth lines per O-xU port 1
RX HW queues per O-xU Eth line 1 
node 0
total cores 32 c_mask 0x0000000000000e000 core 14 [id] system_core 13 [id] pkt_proc_core 0x00000000000008000 [mask] pkt_aux_core 0 [id] timing_core 14 [id]
xran_ethdi_init_dpdk_io: Calling rte_eal_init:wls_0 -c 0x0000000000000e000 -n2 --iova-mode=pa --socket-mem=8192,0 --socket-limit=8192,0 --proc-type=auto --no-telemetry --file-prefix wls_0 -a0000:00:00.0    
xran_init_mbuf_pool: socket 0
initializing port 0 for TX, drv=net_i40e_vf
Port 0 MAC: 00 11 22 33 64 68
Port 0: nb_rxd 4096 nb_txd 4096
[0] mp_rx__p_0_q_0 num blocks 65535
[0] mempool_small__0

Checking link status portid [0]  EAL: Probe PCI driver: net_i40e_vf (8086:154c) device: 0000:06:02.3 (socket 0)
 ... done
Port 0 Link Up - speed 4294967295 Mbps - full-duplex
initializing port 1 for TX, drv=net_i40e_vf
Port 1 MAC: 00 11 22 33 64 69
Port 1: nb_rxd 4096 nb_txd 4096
[1] mp_rx__p_1_q_0 num blocks 65535
[1] mempool_small__1
Created ring tx_ring_cp_1 on core 14
Created ring rx_ring_cp_1_0 on core 14

Checking link status portid [1]  [93m[HW]     XRAN modifed affinity. Correcting affinity of caller
[0m ... done
Port 1 Link Up - speed 4294967295 Mbps - full-duplex
[ 0] vf  0 local  SRC MAC: 00 11 22 33 64 68
[ 0] vf  0 remote DST MAC: 00 11 22 33 64 66
[ 0] vf  1 local  SRC MAC: 00 11 22 33 64 69
[ 0] vf  1 remote DST MAC: 00 11 22 33 64 67
created dl_gen_ring_up_0 on core 14
xran_fh_config:
  dpdk_port 0
  sector_id 0
  nCC 1
  neAxc 1
  neAxcUl 0
  nAntElmTRx 0
  nDLFftSize 11
  nULFftSize 11
  nDLRBs 106
  nULRBs 106
  nDLAbsFrePointA 0
  nULAbsFrePointA 0
  nDLCenterFreqARFCN 0
  nULCenterFreqARFCN 0
  ttiCb (nil)
  ttiCbParam (nil)
  Tadv_cp_dl 0
  T2a_min_cp_dl 0
  T2a_max_cp_dl 0
  T2a_min_cp_ul 0
  T2a_max_cp_ul 0
  T2a_min_up 0
  T2a_max_up 0
  Ta3_min 0
  Ta3_max 0
  T1a_min_cp_dl 285
  T1a_max_cp_dl 470
  T1a_min_cp_ul 285
  T1a_max_cp_ul 429
  T1a_min_up 300
  T1a_max_up 450
  Ta4_min 400
  Ta4_max 440
  enableCP 1
  prachEnable 1
  srsEnable 0
  puschMaskEnable 0
  puschMaskSlot 0
  cp_vlan_tag 0
  up_vlan_tag 0
  debugStop 0
  debugStopCount 0
  DynamicSectionEna 0
  GPS_Alpha 0
  GPS_Beta -9000
  srsEnableCp 0
  SrsDelaySym 0
  prach_config:
    nPrachConfIdx 159
    nPrachSubcSpacing 1
    nPrachZeroCorrConf 0
    nPrachRestrictSet 0
    nPrachRootSeqIdx 0
    nPrachFreqStart 0
    nPrachFreqOffset -1272
    nPrachFilterIdx 0
    startSymId 0
    lastSymId 0
    startPrbc 0
    numPrbc 0
    timeOffset 0
    freqOffset 0
    eAxC_offset 1
    nPrachConfIdxLTE 0
  srs_config:
    symbMask 0000
    eAxC_offset 0
  frame_conf:
    nFrameDuplexType TDD
    nNumerology 1
    nTddPeriod 5
    sSlotConfig[0]: DDDDDDDDDDDDDD
    sSlotConfig[1]: DDDDDDDDDDDDDD
    sSlotConfig[2]: DDDDDDDDDDDDDD
    sSlotConfig[3]: DDDDDDGGGGUUUU
    sSlotConfig[4]: UUUUUUUUUUUUUU
  ru_config:
    xranTech NR
    xranCat A
    xranCompHdrType dynamic
    iqWidth 16
    compMeth 0
    iqWidth_PRACH 16
    compMeth_PRACH 0
    fftSize 8
    byteOrder network/BE
    iqOrder I_Q
    xran_max_frame 0
  bbdev_enc (nil)
  bbdev_dec (nil)
  tx_cp_eAxC2Vf 0x771600fdd4b0
  tx_up_eAxC2Vf 0x771600fde0b0
  rx_cp_eAxC2Vf 0x771600fdecb0
  rx_up_eAxC2Vf 0x771600fdf8b0
  log_level 1
  max_sections_per_slot 0
  max_sections_per_symbol 0
  RunSlotPrbMapBySymbolEnable 0
  LiteOnIgnoreUPSectionIdEnable 0
  dssEnable 0
  dssPeriod 0
  technology[XRAN_MAX_DSS_PERIODICITY] (not filled as DSS disabled)
 xran_open: 5G NR Category A
xRAN open PRACH config: Numerology 1 ConfIdx 159, preambleFmrt 10 startsymb 0, numSymbol 12, occassionsInPrachSlot 1
PRACH: x 1 y[0] 0, y[1] 0 prach slot: 9 ..
PRACH start symbol 0 lastsymbol 11
xran_init_vfs_mapping: p 0 vf 0
xran_init_vfs_mapping: p 0 vf 1
xran_open: interval_us=500, interval_us_local=500
bbu_offload 0
XRAN_UP_VF: 0x0000
xran_timing_source_thread [CPU 14] [PID: 324858]
TTI interval 500 [us]
delay_cp_dl_max=30, sym_cp_dl_max=1, max_dl_offset_sym=13
delay_cp_dl_min=215, sym_cp_dl_min=5, min_dl_offset_sym=9
delay_cp_ul=71,     sym_cp_ul=2,     ul_offset_sym=12
offset_num_slots_cp_dl=0, offset_num_slots_cp_ul=0, offset_num_slots_up_ul=0
C-plane DL from 30 us after TTI  [trigger on sym 1] to 215 us after TTI [trigger on sym 5]
Start C-plane UL 71 us after TTI  [trigger on sym 2]
Start U-plane DL 450 us before OTA [offset  in sym -12]
Start U-plane UL 440 us OTA        [offset  in sym 13]
C-plane to U-plane delay 20 us after TTI
Start Sym timer 107142 ns
O-XU      0
HW        0
Num cores 2
Num ports 1
O-RU Cat  0
O-RU CC   1
O-RU eAxC 1
p:0 XRAN_JOB_TYPE_CP_DL worker id 1
p:0 XRAN_JOB_TYPE_CP_UL worker id 1
created sym cp dl cb for symbol 1
created sym cp dl cb for symbol 2
created sym cp dl cb for symbol 3
created sym cp dl cb for symbol 4
created sym cp dl cb for symbol 5
xran_generic_worker_thread [CPU 15] [PID: 324858]
spawn worker 0 core 15
xran_open [CPU 12] [PID: 324858]
Waiting on Timing thread...
Initialize ORAN port instance 0 (1) sector 0
xran_sector_get_instances() o_xu_id 0 xran_handle 0x7715c8f95040
xran_sector_get_instances [0]: CC 0 handle 0x7715f017a740
Handle: 0x77160813dbe8 Instance: 0x7715f017a740
-> hInstance 0x7715f017a740
ru_0_cc_0_idx_0: [ handle 0x7715f017a740 0 0 ] [nPoolIndex 0] nNumberOf[HW]     [PRB MAP INIT] ant=0, slot=0: After xran_init, dir=1, nPrbElm=1
[0m[HW]     [PRB MAP INIT]   prbMap[0]: compMethod=0, iqWidth=16, nRBStart=0, nRBSize=106
[0m[HW]     [PRB MAP INIT] ant=0, slot=1: After xran_init, dir=1, nPrbElm=1
[0m[HW]     [PRB MAP INIT]   prbMap[0]: compMethod=0, iqWidth=16, nRBStart=0, nRBSize=106
[0m[HW]     [PRB MAP INIT] ant=0, slot=0: After xran_init, dir=0, nPrbElm=1
[0m[HW]     [PRB MAP INIT]   prbMap[0]: compMethod=0, iqWidth=16, nRBStart=0, nRBSize=106
[0m[HW]     [PRB MAP INIT] ant=0, slot=1: After xran_init, dir=0, nPrbElm=1
[0m[HW]     [PRB MAP INIT]   prbMap[0]: compMethod=0, iqWidth=16, nRBStart=0, nRBSize=106
[0m[HW]     [RAU] has loaded ETHERNET trasport protocol.
[0m[PHY]    Starting IF interface for RU 0, nb_rx 1
[0m[PHY]    RU 0 Setting N_TA_offset to 800 samples (UL Freq 4030680, N_RB 106, mu 1)
[0m[PHY]    Signaling main thread that RU 0 is ready, sl_ahead 10
[0m[PHY]    L1 configured without analog beamforming
[0m[PHY]    Attaching RU 0 antenna 0 to gNB antenna 0
[0m[UTIL]   threadCreate() for Tpool0_16: creating thread with affinity 10, priority 97
[0m[UTIL]   threadCreate() for Tpool1_17: creating thread with affinity 11, priority 97
[0m[UTIL]   threadCreate() for Tpool2_18: creating thread with affinity 12, priority 97
[0m[UTIL]   threadCreate() for L1_rx_thread: creating thread with affinity a, priority 97
[0m[UTIL]   threadCreate() for L1_tx_thread: creating thread with affinity b, priority 97
[0m[UTIL]   threadCreate() for L1_stats: creating thread with affinity ffffffff, priority 1
[0m[PHY]    got sync (ru_thread)
[0mBuffers 511 nBufferSize 14116 socket_id 0
CC:[ handle 0x7715f017a740 ru 0 cc_idx 0 ] [nPoolIndex 0] mb pool 0x284763240 
xran_bm_init() hInstance 0x7715f017a740 poolIdx 0 elements 511 size 14116
xran_bm_allocate_buffer() hInstance 0x7715f017a740 poolIdx 0 count 280
ru_0_cc_0_idx_1: [ handle 0x7715f017a740 0 0 ] [nPoolIndex 1] nNumberOfBuffers 511 nBufferSize 4976 socket_id 0
CC:[ handle 0x7715f017a740 ru 0 cc_idx 0 ] [nPoolIndex 1] mb pool 0x284765dc0 
xran_bm_init() hInstance 0x7715f017a740 poolIdx 1 elements 511 size 4976
xran_bm_allocate_buffer() hInstance 0x7715f017a740 poolIdx 1 count 20
ru_0_cc_0_idx_2: [ handle 0x7715f017a740 0 0 ] [nPoolIndex 2] nNumberOfBuffers 511 nBufferSize 13168 socket_id 0
CC:[ handle 0x7715f017a740 ru 0 cc_idx 0 ] [nPoolIndex 2] mb pool 0x284765a00 
xran_bm_init() hInstance 0x7715f017a740 poolIdx 2 elements 511 size 13168
xran_bm_allocate_buffer() hInstance 0x7715f017a740 poolIdx 2 count 280
ru_0_cc_0_idx_3: [ handle 0x7715f017a740 0 0 ] [nPoolIndex 3] nNumberOfBuffers 511 nBufferSize 4976 socket_id 0
CC:[ handle 0x7715f017a740 ru 0 cc_idx 0 ] [nPoolIndex 3] mb pool 0x284765640 
xran_bm_init() hInstance 0x7715f017a740 poolIdx 3 elements 511 size 4976
xran_bm_allocate_buffer() hInstance 0x7715f017a740 poolIdx 3 count 20
ru_0_cc_0_idx_4: [ handle 0x7715f017a740 0 0 ] [nPoolIndex 4] nNumberOfBuffers 511 nBufferSize 3360 socket_id 0
CC:[ handle 0x7715f017a740 ru 0 cc_idx 0 ] [nPoolIndex 4] mb pool 0x284765280 
xran_bm_init() hInstance 0x7715f017a740 poolIdx 4 elements 511 size 3360
xran_bm_allocate_buffer() hInstance 0x7715f017a740 poolIdx 4 count 280
ORAN: get_internal_parameter
ORAN: get_internal_parameter
ORAN: trx_oran_start
O-DU: XRAN start time: 05/21/26 19:43:37.625229769 UTC [500]
Start ORAN. Done
O-DU: thread_run start time: 05/21/26 19:43:38.000000006 UTC [500]
TYPE <CTRL-C> TO TERMINATE
[PHY]    got sync (L1_stats_thread)
[0m[PHY]    RU 0 no rf device
[0m[PHY]    RU 0 RF started cpu_meas_enabled 0
[0m[HW]     first_call set from phy cb
[0m[HW]     before adjusting, OAI: frame=0 slot=0, XRAN: frame=0 slot=9
[0m[HW]     After adjusting, OAI: frame=0 slot=9, XRAN: frame=0 slot=9
[0m[PHY]    [MAC SCHED] frame 1, slot 0: DL_req has 0 PDUs
[0m[HW]     [TX PRB ELM] frame=1, slot=0, sym=2, ant=0, idxElm=0: compMethod=0, iqWidth=16, nRBStart=0, nRBSize=106
[0m[HW]     [TX PRB ELM] frame=1, slot=0, sym=3, ant=0, idxElm=0: compMethod=0, iqWidth=16, nRBStart=0, nRBSize=106
[0m[HW]     [TX PRB ELM] frame=1, slot=0, sym=4, ant=0, idxElm=0: compMethod=0, iqWidth=16, nRBStart=0, nRBSize=106
[0m[HW]     [TX PRB ELM] frame=1, slot=0, sym=5, ant=0, idxElm=0: compMethod=0, iqWidth=16, nRBStart=0, nRBSize=106
[0m[93m[HW]     we get rach data from ru, but it is not scheduled 0.19
[0m[PHY]    [MAC SCHED] frame 2, slot 0: DL_req has 0 PDUs
[0m[HW]     [TX PRB ELM] frame=2, slot=0, sym=2, ant=0, idxElm=0: compMethod=0, iqWidth=16, nRBStart=0, nRBSize=106
[0m[PHY]    [MAC SCHED] frame 3, slot 0: DL_req has 0 PDUs
[0m[PHY]    [MAC SCHED] frame 4, slot 0: DL_req has 0 PDUs
[0m[PHY]    [MAC SCHED] frame 5, slot 0: DL_req has 0 PDUs
[0m[PHY]    [MAC SCHED] frame 6, slot 0: DL_req has 0 PDUs
[0m[PHY]    [MAC SCHED] frame 7, slot 0: DL_req has 0 PDUs
[0m[PHY]    [MAC SCHED] frame 8, slot 0: DL_req has 0 PDUs
[0m[PHY]    [MAC SCHED] frame 9, slot 0: DL_req has 0 PDUs
[0m[PHY]    [MAC SCHED] frame 10, slot 0: DL_req has 0 PDUs
[0m[PHY]    [MAC SCHED] frame 11, slot 0: DL_req has 0 PDUs
[0m[PHY]    [MAC SCHED] frame 12, slot 0: DL_req has 0 PDUs
[0m[PHY]    [MAC SCHED] frame 13, slot 0: DL_req has 0 PDUs
[0m[PHY]    [MAC SCHED] frame 14, slot 0: DL_req has 0 PDUs
[0m[PHY]    [MAC SCHED] frame 15, slot 0: DL_req has 0 PDUs
[0m[PHY]    [MAC SCHED] frame 16, slot 0: DL_req has 0 PDUs
[0m[PHY]    [MAC SCHED] frame 17, slot 0: DL_req has 0 PDUs
[0m[PHY]    [MAC SCHED] frame 18, slot 0: DL_req has 0 PDUs
[0m[PHY]    [MAC SCHED] frame 19, slot 0: DL_req has 0 PDUs
[0m[PHY]    [MAC SCHED] frame 20, slot 0: DL_req has 0 PDUs
[0m[PHY]    [MAC SCHED] frame 21, slot 0: DL_req has 0 PDUs
[0m[PHY]    [MAC SCHED] frame 22, slot 0: DL_req has 0 PDUs
[0m[PHY]    [MAC SCHED] frame 23, slot 0: DL_req has 0 PDUs
[0m[PHY]    [MAC SCHED] frame 24, slot 0: DL_req has 0 PDUs
[0m[PHY]    [MAC SCHED] frame 25, slot 0: DL_req has 0 PDUs
[0m[PHY]    [MAC SCHED] frame 26, slot 0: DL_req has 0 PDUs
[0m[PHY]    [MAC SCHED] frame 27, slot 0: DL_req has 0 PDUs
[0m[PHY]    [MAC SCHED] frame 28, slot 0: DL_req has 0 PDUs
[0m[PHY]    [MAC SCHED] frame 29, slot 0: DL_req has 0 PDUs
[0m[PHY]    [MAC SCHED] frame 30, slot 0: DL_req has 0 PDUs
[0m[32m[PHY]    Command line parameters for OAI UE: -C 4049760000 -r 106 --numerology 1 --ssb 516 
[0m[NR_MAC] Frame.Slot 128.0

[0m[HW]     [o-du 0][rx       0 pps       0 kbps       0][tx   31915 pps   31915 kbps  661480][Total Msgs_Rcvd 0]
[0m[HW]     [o_du0][pusch0       0 prach0       0]
[0m[NR_MAC] Frame.Slot 256.0

[0m[PHY]    [MAC SCHED] frame 256, slot 0: DL_req has 3 PDUs
[0m[PHY]    [MAC SCHED]   PDU[0]: type=SSB (3)
[0m[PHY]    [MAC SCHED]   PDU[1]: type=PDCCH (0)
[0m[PHY]    [MAC SCHED]   PDU[2]: type=PDSCH (1)
[0m[HW]     [o-du 0][rx       0 pps       0 kbps       0][tx   63787 pps   31872 kbps  786891][Total Msgs_Rcvd 0]
[0m[HW]     [o_du0][pusch0       0 prach0       0]
[0m[NR_MAC] Frame.Slot 384.0

[0m[HW]     [o-du 0][rx       0 pps       0 kbps       0][tx   95659 pps   31872 kbps  786891][Total Msgs_Rcvd 0]
[0m[HW]     [o_du0][pusch0       0 prach0       0]
[0m[NR_MAC] Frame.Slot 512.0

[0m[PHY]    [MAC SCHED] frame 512, slot 0: DL_req has 3 PDUs
[0m[PHY]    [MAC SCHED]   PDU[0]: type=SSB (3)
[0m[PHY]    [MAC SCHED]   PDU[1]: type=PDCCH (0)
[0m[PHY]    [MAC SCHED]   PDU[2]: type=PDSCH (1)
[0m[HW]     [o-du 0][rx       0 pps       0 kbps       0][tx  127531 pps   31872 kbps  786891][Total Msgs_Rcvd 0]
[0m[HW]     [o_du0][pusch0       0 prach0       0]
[0m[NR_MAC] Frame.Slot 640.0

[0m[HW]     [o-du 0][rx       1 pps       1 kbps       2][tx  159403 pps   31872 kbps  786891][Total Msgs_Rcvd 1]
[0m[HW]     [o_du0][pusch0       0 prach0       0]
[0m[NR_MAC] Frame.Slot 768.0

[0m[PHY]    [MAC SCHED] frame 768, slot 0: DL_req has 3 PDUs
[0m[PHY]    [MAC SCHED]   PDU[0]: type=SSB (3)
[0m[PHY]    [MAC SCHED]   PDU[1]: type=PDCCH (0)
[0m[PHY]    [MAC SCHED]   PDU[2]: type=PDSCH (1)
[0m[HW]     [o-du 0][rx       1 pps       0 kbps       0][tx  191275 pps   31872 kbps  786891][Total Msgs_Rcvd 1]
[0m[HW]     [o_du0][pusch0       0 prach0       0]
[0m[NR_MAC] Frame.Slot 896.0

[0m[HW]     [o-du 0][rx       1 pps       0 kbps       0][tx  223147 pps   31872 kbps  786891][Total Msgs_Rcvd 1]
[0m[HW]     [o_du0][pusch0       0 prach0       0]
[0m[NR_MAC] Frame.Slot 0.0

[0m[PHY]    [MAC SCHED] frame 0, slot 0: DL_req has 3 PDUs
[0m[PHY]    [MAC SCHED]   PDU[0]: type=SSB (3)
[0m[PHY]    [MAC SCHED]   PDU[1]: type=PDCCH (0)
[0m[PHY]    [MAC SCHED]   PDU[2]: type=PDSCH (1)
[0m[HW]     [o-du 0][rx       1 pps       0 kbps       0][tx  255019 pps   31872 kbps  786891][Total Msgs_Rcvd 1]
[0m[HW]     [o_du0][pusch0       0 prach0       0]
[0m[PHY]    prach_I0 = 0.0 dB
[0m[NR_MAC] Frame.Slot 128.0

[0m[HW]     [o-du 0][rx       1 pps       0 kbps       0][tx  286891 pps   31872 kbps  786891][Total Msgs_Rcvd 1]
[0m[HW]     [o_du0][pusch0       0 prach0       0]
[0m[NR_MAC] Frame.Slot 256.0

[0m[PHY]    [MAC SCHED] frame 256, slot 0: DL_req has 3 PDUs
[0m[PHY]    [MAC SCHED]   PDU[0]: type=SSB (3)
[0m[PHY]    [MAC SCHED]   PDU[1]: type=PDCCH (0)
[0m[PHY]    [MAC SCHED]   PDU[2]: type=PDSCH (1)
[0m[HW]     [o-du 0][rx       1 pps       0 kbps       0][tx  318763 pps   31872 kbps  786891][Total Msgs_Rcvd 1]
[0m[HW]     [o_du0][pusch0       0 prach0       0]
[0m[NR_MAC] Frame.Slot 384.0

[0m[HW]     [o-du 0][rx       1 pps       0 kbps       0][tx  350635 pps   31872 kbps  786891][Total Msgs_Rcvd 1]
[0m[HW]     [o_du0][pusch0       0 prach0       0]
[0m[NR_MAC] Frame.Slot 512.0

[0m[PHY]    [MAC SCHED] frame 512, slot 0: DL_req has 3 PDUs
[0m[PHY]    [MAC SCHED]   PDU[0]: type=SSB (3)
[0m[PHY]    [MAC SCHED]   PDU[1]: type=PDCCH (0)
[0m[PHY]    [MAC SCHED]   PDU[2]: type=PDSCH (1)
[0m[HW]     [o-du 0][rx       1 pps       0 kbps       0][tx  382507 pps   31872 kbps  786891][Total Msgs_Rcvd 1]
[0m[HW]     [o_du0][pusch0       0 prach0       0]
[0m[NR_MAC] Frame.Slot 640.0

[0m[HW]     [o-du 0][rx       1 pps       0 kbps       0][tx  414379 pps   31872 kbps  786891][Total Msgs_Rcvd 1]
[0m[HW]     [o_du0][pusch0       0 prach0       0]
[0m[NR_MAC] Frame.Slot 768.0

[0m[PHY]    [MAC SCHED] frame 768, slot 0: DL_req has 3 PDUs
[0m[PHY]    [MAC SCHED]   PDU[0]: type=SSB (3)
[0m[PHY]    [MAC SCHED]   PDU[1]: type=PDCCH (0)
[0m[PHY]    [MAC SCHED]   PDU[2]: type=PDSCH (1)
[0m[HW]     [o-du 0][rx       1 pps       0 kbps       0][tx  446251 pps   31872 kbps  786891][Total Msgs_Rcvd 1]
[0m[HW]     [o_du0][pusch0       0 prach0       0]
[0m[NR_MAC] Frame.Slot 896.0

[0m[HW]     [o-du 0][rx       1 pps       0 kbps       0][tx  478123 pps   31872 kbps  786891][Total Msgs_Rcvd 1]
[0m[HW]     [o_du0][pusch0       0 prach0       0]
[0m[NR_MAC] Frame.Slot 0.0

[0m[PHY]    [MAC SCHED] frame 0, slot 0: DL_req has 3 PDUs
[0m[PHY]    [MAC SCHED]   PDU[0]: type=SSB (3)
[0m[PHY]    [MAC SCHED]   PDU[1]: type=PDCCH (0)
[0m[PHY]    [MAC SCHED]   PDU[2]: type=PDSCH (1)
[0m[HW]     [o-du 0][rx       1 pps       0 kbps       0][tx  509995 pps   31872 kbps  786891][Total Msgs_Rcvd 1]
[0m[HW]     [o_du0][pusch0       0 prach0       0]
[0m[PHY]    prach_I0 = 0.0 dB
[0m[NR_MAC] Frame.Slot 128.0

[0m[HW]     [o-du 0][rx       1 pps       0 kbps       0][tx  541867 pps   31872 kbps  786891][Total Msgs_Rcvd 1]
[0m[HW]     [o_du0][pusch0       0 prach0       0]
[0m[NR_MAC] Frame.Slot 256.0

[0m[PHY]    [MAC SCHED] frame 256, slot 0: DL_req has 3 PDUs
[0m[PHY]    [MAC SCHED]   PDU[0]: type=SSB (3)
[0m[PHY]    [MAC SCHED]   PDU[1]: type=PDCCH (0)
[0m[PHY]    [MAC SCHED]   PDU[2]: type=PDSCH (1)
[0m[HW]     [o-du 0][rx       2 pps       1 kbps       0][tx  573739 pps   31872 kbps  786891][Total Msgs_Rcvd 2]
[0m[HW]     [o_du0][pusch0       0 prach0       0]
[0m[NR_MAC] Frame.Slot 384.0

[0m[HW]     [o-du 0][rx       2 pps       0 kbps       0][tx  605611 pps   31872 kbps  786891][Total Msgs_Rcvd 2]
[0m[HW]     [o_du0][pusch0       0 prach0       0]
[0m[NR_MAC] Frame.Slot 512.0

[0m[PHY]    [MAC SCHED] frame 512, slot 0: DL_req has 3 PDUs
[0m[PHY]    [MAC SCHED]   PDU[0]: type=SSB (3)
[0m[PHY]    [MAC SCHED]   PDU[1]: type=PDCCH (0)
[0m[PHY]    [MAC SCHED]   PDU[2]: type=PDSCH (1)
[0m[HW]     [o-du 0][rx       2 pps       0 kbps       0][tx  637483 pps   31872 kbps  786891][Total Msgs_Rcvd 2]
[0m[HW]     [o_du0][pusch0       0 prach0       0]
[0m[NR_MAC] Frame.Slot 640.0

[0m[HW]     [o-du 0][rx       2 pps       0 kbps       0][tx  669355 pps   31872 kbps  786891][Total Msgs_Rcvd 2]
[0m[HW]     [o_du0][pusch0       0 prach0       0]
[0m[NR_MAC] Frame.Slot 768.0

[0m[PHY]    [MAC SCHED] frame 768, slot 0: DL_req has 3 PDUs
[0m[PHY]    [MAC SCHED]   PDU[0]: type=SSB (3)
[0m[PHY]    [MAC SCHED]   PDU[1]: type=PDCCH (0)
[0m[PHY]    [MAC SCHED]   PDU[2]: type=PDSCH (1)
[0m[HW]     [o-du 0][rx       2 pps       0 kbps       0][tx  701227 pps   31872 kbps  786891][Total Msgs_Rcvd 2]
[0m[HW]     [o_du0][pusch0       0 prach0       0]
[0m[NR_MAC] Frame.Slot 896.0

[0m[HW]     [o-du 0][rx       2 pps       0 kbps       0][tx  733099 pps   31872 kbps  786891][Total Msgs_Rcvd 2]
[0m[HW]     [o_du0][pusch0       0 prach0       0]
[0m[NR_MAC] Frame.Slot 0.0

[0m[PHY]    [MAC SCHED] frame 0, slot 0: DL_req has 3 PDUs
[0m[PHY]    [MAC SCHED]   PDU[0]: type=SSB (3)
[0m[PHY]    [MAC SCHED]   PDU[1]: type=PDCCH (0)
[0m[PHY]    [MAC SCHED]   PDU[2]: type=PDSCH (1)
[0m[HW]     [o-du 0][rx       2 pps       0 kbps       0][tx  764971 pps   31872 kbps  786891][Total Msgs_Rcvd 2]
[0m[HW]     [o_du0][pusch0       0 prach0       0]
[0m[PHY]    prach_I0 = 0.0 dB
[0m[NR_MAC] Frame.Slot 128.0

[0m[HW]     [o-du 0][rx       2 pps       0 kbps       0][tx  796843 pps   31872 kbps  786891][Total Msgs_Rcvd 2]
[0m[HW]     [o_du0][pusch0       0 prach0       0]
[0m[NR_MAC] Frame.Slot 256.0

[0m[PHY]    [MAC SCHED] frame 256, slot 0: DL_req has 3 PDUs
[0m[PHY]    [MAC SCHED]   PDU[0]: type=SSB (3)
[0m[PHY]    [MAC SCHED]   PDU[1]: type=PDCCH (0)
[0m[PHY]    [MAC SCHED]   PDU[2]: type=PDSCH (1)
[0m[HW]     [o-du 0][rx       2 pps       0 kbps       0][tx  828715 pps   31872 kbps  786891][Total Msgs_Rcvd 2]
[0m[HW]     [o_du0][pusch0       0 prach0       0]
[0m[NR_MAC] Frame.Slot 384.0

[0m[HW]     [o-du 0][rx       2 pps       0 kbps       0][tx  860587 pps   31872 kbps  786891][Total Msgs_Rcvd 2]
[0m[HW]     [o_du0][pusch0       0 prach0       0]
[0m[NR_MAC] Frame.Slot 512.0

[0m[PHY]    [MAC SCHED] frame 512, slot 0: DL_req has 3 PDUs
[0m[PHY]    [MAC SCHED]   PDU[0]: type=SSB (3)
[0m[PHY]    [MAC SCHED]   PDU[1]: type=PDCCH (0)
[0m[PHY]    [MAC SCHED]   PDU[2]: type=PDSCH (1)
[0m[HW]     [o-du 0][rx       3 pps       1 kbps       2][tx  892459 pps   31872 kbps  786891][Total Msgs_Rcvd 3]
[0m[HW]     [o_du0][pusch0       0 prach0       0]
[0m[NR_MAC] Frame.Slot 640.0

[0m[HW]     [o-du 0][rx       3 pps       0 kbps       0][tx  924331 pps   31872 kbps  786891][Total Msgs_Rcvd 3]
[0m[HW]     [o_du0][pusch0       0 prach0       0]
[0m[NR_MAC] Frame.Slot 768.0

[0m[PHY]    [MAC SCHED] frame 768, slot 0: DL_req has 3 PDUs
[0m[PHY]    [MAC SCHED]   PDU[0]: type=SSB (3)
[0m[PHY]    [MAC SCHED]   PDU[1]: type=PDCCH (0)
[0m[PHY]    [MAC SCHED]   PDU[2]: type=PDSCH (1)
[0m[HW]     [o-du 0][rx       4 pps       1 kbps       0][tx  956203 pps   31872 kbps  786891][Total Msgs_Rcvd 4]
[0m[HW]     [o_du0][pusch0       0 prach0       0]
[0m[NR_MAC] Frame.Slot 896.0

[0m[HW]     [o-du 0][rx       4 pps       0 kbps       2][tx  988075 pps   31872 kbps  786891][Total Msgs_Rcvd 4]
[0m[HW]     [o_du0][pusch0       0 prach0       0]
[0m[NR_MAC] Frame.Slot 0.0

[0m[PHY]    [MAC SCHED] frame 0, slot 0: DL_req has 3 PDUs
[0m[PHY]    [MAC SCHED]   PDU[0]: type=SSB (3)
[0m[PHY]    [MAC SCHED]   PDU[1]: type=PDCCH (0)
[0m[PHY]    [MAC SCHED]   PDU[2]: type=PDSCH (1)
[0m[HW]     [o-du 0][rx       4 pps       0 kbps       0][tx 1019947 pps   31872 kbps  786891][Total Msgs_Rcvd 4]
[0m[HW]     [o_du0][pusch0       0 prach0       0]
[0m[PHY]    prach_I0 = 0.0 dB
[0m[NR_MAC] Frame.Slot 128.0

[0m[HW]     [o-du 0][rx       4 pps       0 kbps       0][tx 1051819 pps   31872 kbps  786891][Total Msgs_Rcvd 4]
[0m[HW]     [o_du0][pusch0       0 prach0       0]
[0m[NR_MAC] Frame.Slot 256.0

[0m[PHY]    [MAC SCHED] frame 256, slot 0: DL_req has 3 PDUs
[0m[PHY]    [MAC SCHED]   PDU[0]: type=SSB (3)
[0m[PHY]    [MAC SCHED]   PDU[1]: type=PDCCH (0)
[0m[PHY]    [MAC SCHED]   PDU[2]: type=PDSCH (1)
[0m[HW]     [o-du 0][rx       5 pps       1 kbps       2][tx 1083691 pps   31872 kbps  786891][Total Msgs_Rcvd 5]
[0m[HW]     [o_du0][pusch0       0 prach0       0]
[0m[NR_MAC] Frame.Slot 384.0

[0m[HW]     [o-du 0][rx       5 pps       0 kbps       0][tx 1115563 pps   31872 kbps  786891][Total Msgs_Rcvd 5]
[0m[HW]     [o_du0][pusch0       0 prach0       0]
[0m[NR_MAC] Frame.Slot 512.0

[0m[PHY]    [MAC SCHED] frame 512, slot 0: DL_req has 3 PDUs
[0m[PHY]    [MAC SCHED]   PDU[0]: type=SSB (3)
[0m[PHY]    [MAC SCHED]   PDU[1]: type=PDCCH (0)
[0m[PHY]    [MAC SCHED]   PDU[2]: type=PDSCH (1)
[0m[HW]     [o-du 0][rx       5 pps       0 kbps       0][tx 1147435 pps   31872 kbps  786891][Total Msgs_Rcvd 5]
[0m[HW]     [o_du0][pusch0       0 prach0       0]
[0m[NR_MAC] Frame.Slot 640.0

[0m[HW]     [o-du 0][rx       5 pps       0 kbps       0][tx 1179307 pps   31872 kbps  786891][Total Msgs_Rcvd 5]
[0m[HW]     [o_du0][pusch0       0 prach0       0]
[0m[NR_MAC] Frame.Slot 768.0

[0m[PHY]    [MAC SCHED] frame 768, slot 0: DL_req has 3 PDUs
[0m[PHY]    [MAC SCHED]   PDU[0]: type=SSB (3)
[0m[PHY]    [MAC SCHED]   PDU[1]: type=PDCCH (0)
[0m[PHY]    [MAC SCHED]   PDU[2]: type=PDSCH (1)
[0m[HW]     [o-du 0][rx       5 pps       0 kbps       0][tx 1211179 pps   31872 kbps  786891][Total Msgs_Rcvd 5]
[0m[HW]     [o_du0][pusch0       0 prach0       0]
[0m[NR_MAC] Frame.Slot 896.0

[0m[HW]     [o-du 0][rx       5 pps       0 kbps       0][tx 1243051 pps   31872 kbps  786891][Total Msgs_Rcvd 5]
[0m[HW]     [o_du0][pusch0       0 prach0       0]
[0m[NR_MAC] Frame.Slot 0.0

[0m[PHY]    [MAC SCHED] frame 0, slot 0: DL_req has 3 PDUs
[0m[PHY]    [MAC SCHED]   PDU[0]: type=SSB (3)
[0m[PHY]    [MAC SCHED]   PDU[1]: type=PDCCH (0)
[0m[PHY]    [MAC SCHED]   PDU[2]: type=PDSCH (1)
[0m[HW]     [o-du 0][rx       6 pps       1 kbps       0][tx 1274923 pps   31872 kbps  786891][Total Msgs_Rcvd 6]
[0m[HW]     [o_du0][pusch0       0 prach0       0]
[0m[PHY]    prach_I0 = 0.0 dB
[0m[NR_MAC] Frame.Slot 128.0

[0m[HW]     [o-du 0][rx       6 pps       0 kbps       2][tx 1306795 pps   31872 kbps  786891][Total Msgs_Rcvd 6]
[0m[HW]     [o_du0][pusch0       0 prach0       0]
[0m[NR_MAC] Frame.Slot 256.0

[0m[PHY]    [MAC SCHED] frame 256, slot 0: DL_req has 3 PDUs
[0m[PHY]    [MAC SCHED]   PDU[0]: type=SSB (3)
[0m[PHY]    [MAC SCHED]   PDU[1]: type=PDCCH (0)
[0m[PHY]    [MAC SCHED]   PDU[2]: type=PDSCH (1)
[0m[HW]     [o-du 0][rx       6 pps       0 kbps       0][tx 1338667 pps   31872 kbps  786891][Total Msgs_Rcvd 6]
[0m[HW]     [o_du0][pusch0       0 prach0       0]
[0m[NR_MAC] Frame.Slot 384.0

[0m[HW]     [o-du 0][rx       6 pps       0 kbps       0][tx 1370539 pps   31872 kbps  786891][Total Msgs_Rcvd 6]
[0m[HW]     [o_du0][pusch0       0 prach0       0]
[0m[NR_MAC] Frame.Slot 512.0

[0m[PHY]    [MAC SCHED] frame 512, slot 0: DL_req has 3 PDUs
[0m[PHY]    [MAC SCHED]   PDU[0]: type=SSB (3)
[0m[PHY]    [MAC SCHED]   PDU[1]: type=PDCCH (0)
[0m[PHY]    [MAC SCHED]   PDU[2]: type=PDSCH (1)
[0m[HW]     [o-du 0][rx       6 pps       0 kbps       0][tx 1402411 pps   31872 kbps  786891][Total Msgs_Rcvd 6]
[0m[HW]     [o_du0][pusch0       0 prach0       0]
[0m[NR_MAC] Frame.Slot 640.0

[0m[HW]     [o-du 0][rx       6 pps       0 kbps       0][tx 1434283 pps   31872 kbps  786891][Total Msgs_Rcvd 6]
[0m[HW]     [o_du0][pusch0       0 prach0       0]
[0m[NR_MAC] Frame.Slot 768.0

[0m[PHY]    [MAC SCHED] frame 768, slot 0: DL_req has 3 PDUs
[0m[PHY]    [MAC SCHED]   PDU[0]: type=SSB (3)
[0m[PHY]    [MAC SCHED]   PDU[1]: type=PDCCH (0)
[0m[PHY]    [MAC SCHED]   PDU[2]: type=PDSCH (1)
[0m[HW]     [o-du 0][rx       6 pps       0 kbps       0][tx 1466155 pps   31872 kbps  786891][Total Msgs_Rcvd 6]
[0m[HW]     [o_du0][pusch0       0 prach0       0]
[0m[NR_MAC] Frame.Slot 896.0

[0m[HW]     [o-du 0][rx       6 pps       0 kbps       0][tx 1498027 pps   31872 kbps  786891][Total Msgs_Rcvd 6]
[0m[HW]     [o_du0][pusch0       0 prach0       0]
[0m[NR_MAC] Frame.Slot 0.0

[0m[PHY]    [MAC SCHED] frame 0, slot 0: DL_req has 3 PDUs
[0m[PHY]    [MAC SCHED]   PDU[0]: type=SSB (3)
[0m[PHY]    [MAC SCHED]   PDU[1]: type=PDCCH (0)
[0m[PHY]    [MAC SCHED]   PDU[2]: type=PDSCH (1)
[0m[HW]     [o-du 0][rx       6 pps       0 kbps       0][tx 1529899 pps   31872 kbps  786891][Total Msgs_Rcvd 6]
[0m[HW]     [o_du0][pusch0       0 prach0       0]
[0m[PHY]    prach_I0 = 0.0 dB
[0m[NR_MAC] Frame.Slot 128.0

[0m[HW]     [o-du 0][rx       6 pps       0 kbps       0][tx 1561771 pps   31872 kbps  786891][Total Msgs_Rcvd 6]
[0m[HW]     [o_du0][pusch0       0 prach0       0]
[0m[NR_MAC] Frame.Slot 256.0

[0m[PHY]    [MAC SCHED] frame 256, slot 0: DL_req has 3 PDUs
[0m[PHY]    [MAC SCHED]   PDU[0]: type=SSB (3)
[0m[PHY]    [MAC SCHED]   PDU[1]: type=PDCCH (0)
[0m[PHY]    [MAC SCHED]   PDU[2]: type=PDSCH (1)
[0m[HW]     [o-du 0][rx       6 pps       0 kbps       0][tx 1593643 pps   31872 kbps  786891][Total Msgs_Rcvd 6]
[0m[HW]     [o_du0][pusch0       0 prach0       0]
[0m[NR_MAC] Frame.Slot 384.0

[0m[HW]     [o-du 0][rx       6 pps       0 kbps       0][tx 1625515 pps   31872 kbps  786891][Total Msgs_Rcvd 6]
[0m[HW]     [o_du0][pusch0       0 prach0       0]
[0m[NR_MAC] Frame.Slot 512.0

[0m[PHY]    [MAC SCHED] frame 512, slot 0: DL_req has 3 PDUs
[0m[PHY]    [MAC SCHED]   PDU[0]: type=SSB (3)
[0m[PHY]    [MAC SCHED]   PDU[1]: type=PDCCH (0)
[0m[PHY]    [MAC SCHED]   PDU[2]: type=PDSCH (1)
[0m[HW]     [o-du 0][rx       6 pps       0 kbps       0][tx 1657387 pps   31872 kbps  786891][Total Msgs_Rcvd 6]
[0m[HW]     [o_du0][pusch0       0 prach0       0]
[0m[NR_MAC] Frame.Slot 640.0

[0m[HW]     [o-du 0][rx       6 pps       0 kbps       0][tx 1689259 pps   31872 kbps  786891][Total Msgs_Rcvd 6]
[0m[HW]     [o_du0][pusch0       0 prach0       0]
[0m[NR_MAC] Frame.Slot 768.0

[0m[PHY]    [MAC SCHED] frame 768, slot 0: DL_req has 3 PDUs
[0m[PHY]    [MAC SCHED]   PDU[0]: type=SSB (3)
[0m[PHY]    [MAC SCHED]   PDU[1]: type=PDCCH (0)
[0m[PHY]    [MAC SCHED]   PDU[2]: type=PDSCH (1)
[0m[HW]     [o-du 0][rx       7 pps       1 kbps       2][tx 1721131 pps   31872 kbps  786891][Total Msgs_Rcvd 7]
[0m[HW]     [o_du0][pusch0       0 prach0       0]
[0m[NR_MAC] Frame.Slot 896.0

[0m[HW]     [o-du 0][rx    6307 pps    6300 kbps   92280][tx 1753003 pps   31872 kbps  786891][Total Msgs_Rcvd 6307]
[0m[HW]     [o_du0][pusch0    6300 prach0       0]
[0m[NR_MAC] Frame.Slot 0.0

[0m[PHY]    [MAC SCHED] frame 0, slot 0: DL_req has 3 PDUs
[0m[PHY]    [MAC SCHED]   PDU[0]: type=SSB (3)
[0m[PHY]    [MAC SCHED]   PDU[1]: type=PDCCH (0)
[0m[PHY]    [MAC SCHED]   PDU[2]: type=PDSCH (1)
[0m[HW]     [o-du 0][rx   15523 pps    9216 kbps  293990][tx 1784875 pps   31872 kbps  786891][Total Msgs_Rcvd 15523]
[0m[HW]     [o_du0][pusch0   15516 prach0       0]
[0m[PHY]    prach_I0 = 0.0 dB
[0m[NR_MAC] Frame.Slot 128.0

[0m[HW]     [o-du 0][rx   24739 pps    9216 kbps  294031][tx 1816747 pps   31872 kbps  786891][Total Msgs_Rcvd 24739]
[0m[HW]     [o_du0][pusch0   24732 prach0       0]
[0m[NR_MAC] Frame.Slot 256.0

[0m[PHY]    [MAC SCHED] frame 256, slot 0: DL_req has 3 PDUs
[0m[PHY]    [MAC SCHED]   PDU[0]: type=SSB (3)
[0m[PHY]    [MAC SCHED]   PDU[1]: type=PDCCH (0)
[0m[PHY]    [MAC SCHED]   PDU[2]: type=PDSCH (1)
[0m[HW]     [o-du 0][rx   33955 pps    9216 kbps  293990][tx 1848619 pps   31872 kbps  786891][Total Msgs_Rcvd 33955]
[0m[HW]     [o_du0][pusch0   33948 prach0       0]
[0m[NR_MAC] Frame.Slot 384.0

[0m[HW]     [o-du 0][rx   43171 pps    9216 kbps  293990][tx 1880491 pps   31872 kbps  786891][Total Msgs_Rcvd 43171]
[0m[HW]     [o_du0][pusch0   43164 prach0       0]
[0m[NR_MAC] Frame.Slot 512.0

[0m[PHY]    [MAC SCHED] frame 512, slot 0: DL_req has 3 PDUs
[0m[PHY]    [MAC SCHED]   PDU[0]: type=SSB (3)
[0m[PHY]    [MAC SCHED]   PDU[1]: type=PDCCH (0)
[0m[PHY]    [MAC SCHED]   PDU[2]: type=PDSCH (1)
[0m[HW]     [o-du 0][rx   52387 pps    9216 kbps  293990][tx 1912363 pps   31872 kbps  786891][Total Msgs_Rcvd 52387]
[0m[HW]     [o_du0][pusch0   52380 prach0       0]
[0m[NR_MAC] Frame.Slot 640.0

[0m[HW]     [o-du 0][rx   61603 pps    9216 kbps  293990][tx 1944235 pps   31872 kbps  786891][Total Msgs_Rcvd 61603]
[0m[HW]     [o_du0][pusch0   61596 prach0       0]
[0m[NR_MAC] Frame.Slot 768.0

[0m[PHY]    [MAC SCHED] frame 768, slot 0: DL_req has 3 PDUs
[0m[PHY]    [MAC SCHED]   PDU[0]: type=SSB (3)
[0m[PHY]    [MAC SCHED]   PDU[1]: type=PDCCH (0)
[0m[PHY]    [MAC SCHED]   PDU[2]: type=PDSCH (1)
[0m[HW]     [o-du 0][rx   70819 pps    9216 kbps  293990][tx 1976107 pps   31872 kbps  786891][Total Msgs_Rcvd 70819]
[0m[HW]     [o_du0][pusch0   70812 prach0       0]
[0m[NR_MAC] Frame.Slot 896.0

[0m[HW]     [o-du 0][rx   80036 pps    9217 kbps  293990][tx 2007979 pps   31872 kbps  786891][Total Msgs_Rcvd 80036]
[0m[HW]     [o_du0][pusch0   80028 prach0       0]
[0m[NR_MAC] Frame.Slot 0.0

[0m[PHY]    [MAC SCHED] frame 0, slot 0: DL_req has 3 PDUs
[0m[PHY]    [MAC SCHED]   PDU[0]: type=SSB (3)
[0m[PHY]    [MAC SCHED]   PDU[1]: type=PDCCH (0)
[0m[PHY]    [MAC SCHED]   PDU[2]: type=PDSCH (1)
[0m[HW]     [o-du 0][rx   89252 pps    9216 kbps  293990][tx 2039851 pps   31872 kbps  786891][Total Msgs_Rcvd 89252]
[0m[HW]     [o_du0][pusch0   89244 prach0       0]
[0m[PHY]    prach_I0 = 0.0 dB
[0m[NR_MAC] Frame.Slot 128.0

[0m[HW]     [o-du 0][rx   98469 pps    9217 kbps  294031][tx 2071723 pps   31872 kbps  786891][Total Msgs_Rcvd 98469]
[0m[HW]     [o_du0][pusch0   98460 prach0       0]
[0m[NR_MAC] Frame.Slot 256.0

[0m[PHY]    [MAC SCHED] frame 256, slot 0: DL_req has 3 PDUs
[0m[PHY]    [MAC SCHED]   PDU[0]: type=SSB (3)
[0m[PHY]    [MAC SCHED]   PDU[1]: type=PDCCH (0)
[0m[PHY]    [MAC SCHED]   PDU[2]: type=PDSCH (1)
[0m[HW]     [o-du 0][rx  107685 pps    9216 kbps  293952][tx 2103595 pps   31872 kbps  786891][Total Msgs_Rcvd 107685]
[0m[HW]     [o_du0][pusch0  107676 prach0       0]
[0m[NR_MAC] Frame.Slot 384.0

[0m[HW]     [o-du 0][rx  116901 pps    9216 kbps  293990][tx 2135467 pps   31872 kbps  786891][Total Msgs_Rcvd 116901]
[0m[HW]     [o_du0][pusch0  116892 prach0       0]
[0m[NR_MAC] Frame.Slot 512.0

[0m[PHY]    [MAC SCHED] frame 512, slot 0: DL_req has 3 PDUs
[0m[PHY]    [MAC SCHED]   PDU[0]: type=SSB (3)
[0m[PHY]    [MAC SCHED]   PDU[1]: type=PDCCH (0)
[0m[PHY]    [MAC SCHED]   PDU[2]: type=PDSCH (1)
[0m[HW]     [o-du 0][rx  126117 pps    9216 kbps  293990][tx 2167339 pps   31872 kbps  786891][Total Msgs_Rcvd 126117]
[0m[HW]     [o_du0][pusch0  126108 prach0       0]
[0m[NR_MAC] Frame.Slot 640.0

[0m[HW]     [o-du 0][rx  135334 pps    9217 kbps  293990][tx 2199211 pps   31872 kbps  786891][Total Msgs_Rcvd 135334]
[0m[HW]     [o_du0][pusch0  135324 prach0       0]
[0m[NR_MAC] Frame.Slot 768.0

[0m[PHY]    [MAC SCHED] frame 768, slot 0: DL_req has 3 PDUs
[0m[PHY]    [MAC SCHED]   PDU[0]: type=SSB (3)
[0m[PHY]    [MAC SCHED]   PDU[1]: type=PDCCH (0)
[0m[PHY]    [MAC SCHED]   PDU[2]: type=PDSCH (1)
[0m[HW]     [o-du 0][rx  144550 pps    9216 kbps  293993][tx 2231083 pps   31872 kbps  786891][Total Msgs_Rcvd 144550]
[0m[HW]     [o_du0][pusch0  144540 prach0       0]
[0m[NR_MAC] Frame.Slot 896.0

[0m[HW]     [o-du 0][rx  153766 pps    9216 kbps  293990][tx 2262955 pps   31872 kbps  786891][Total Msgs_Rcvd 153766]
[0m[HW]     [o_du0][pusch0  153756 prach0       0]
[0m[NR_MAC] Frame.Slot 0.0

[0m[PHY]    [MAC SCHED] frame 0, slot 0: DL_req has 3 PDUs
[0m[PHY]    [MAC SCHED]   PDU[0]: type=SSB (3)
[0m[PHY]    [MAC SCHED]   PDU[1]: type=PDCCH (0)
[0m[PHY]    [MAC SCHED]   PDU[2]: type=PDSCH (1)
[0m[HW]     [o-du 0][rx  162982 pps    9216 kbps  293990][tx 2294827 pps   31872 kbps  786891][Total Msgs_Rcvd 162982]
[0m[HW]     [o_du0][pusch0  162972 prach0       0]
[0m[PHY]    prach_I0 = 0.0 dB
[0m[NR_MAC] Frame.Slot 128.0

[0m[HW]     [o-du 0][rx  172198 pps    9216 kbps  293990][tx 2326699 pps   31872 kbps  786891][Total Msgs_Rcvd 172198]
[0m[HW]     [o_du0][pusch0  172188 prach0       0]
[0m[NR_MAC] Frame.Slot 256.0

[0m[PHY]    [MAC SCHED] frame 256, slot 0: DL_req has 3 PDUs
[0m[PHY]    [MAC SCHED]   PDU[0]: type=SSB (3)
[0m[PHY]    [MAC SCHED]   PDU[1]: type=PDCCH (0)
[0m[PHY]    [MAC SCHED]   PDU[2]: type=PDSCH (1)
[0m[HW]     [o-du 0][rx  181414 pps    9216 kbps  293990][tx 2358571 pps   31872 kbps  786891][Total Msgs_Rcvd 181414]
[0m[HW]     [o_du0][pusch0  181404 prach0       0]
[0m[NR_MAC] Frame.Slot 384.0

[0m[HW]     [o-du 0][rx  190630 pps    9216 kbps  293990][tx 2390443 pps   31872 kbps  786891][Total Msgs_Rcvd 190630]
[0m[HW]     [o_du0][pusch0  190620 prach0       0]
[0m[NR_MAC] Frame.Slot 512.0

[0m[PHY]    [MAC SCHED] frame 512, slot 0: DL_req has 3 PDUs
[0m[PHY]    [MAC SCHED]   PDU[0]: type=SSB (3)
[0m[PHY]    [MAC SCHED]   PDU[1]: type=PDCCH (0)
[0m[PHY]    [MAC SCHED]   PDU[2]: type=PDSCH (1)
[0m[HW]     [o-du 0][rx  199847 pps    9217 kbps  294033][tx 2422315 pps   31872 kbps  786891][Total Msgs_Rcvd 199847]
[0m[HW]     [o_du0][pusch0  199836 prach0       0]
[0m[NR_MAC] Frame.Slot 640.0

[0m[HW]     [o-du 0][rx  209063 pps    9216 kbps  293990][tx 2454187 pps   31872 kbps  786891][Total Msgs_Rcvd 209063]
[0m[HW]     [o_du0][pusch0  209052 prach0       0]
[0m[NR_MAC] Frame.Slot 768.0

[0m[PHY]    [MAC SCHED] frame 768, slot 0: DL_req has 3 PDUs
[0m[PHY]    [MAC SCHED]   PDU[0]: type=SSB (3)
[0m[PHY]    [MAC SCHED]   PDU[1]: type=PDCCH (0)
[0m[PHY]    [MAC SCHED]   PDU[2]: type=PDSCH (1)
[0m[HW]     [o-du 0][rx  218279 pps    9216 kbps  293990][tx 2486059 pps   31872 kbps  786891][Total Msgs_Rcvd 218279]
[0m[HW]     [o_du0][pusch0  218268 prach0       0]
[0m[NR_MAC] Frame.Slot 896.0

[0m[HW]     [o-du 0][rx  227495 pps    9216 kbps  293990][tx 2517931 pps   31872 kbps  786891][Total Msgs_Rcvd 227495]
[0m[HW]     [o_du0][pusch0  227484 prach0       0]
[0m[NR_MAC] Frame.Slot 0.0

[0m[PHY]    [MAC SCHED] frame 0, slot 0: DL_req has 3 PDUs
[0m[PHY]    [MAC SCHED]   PDU[0]: type=SSB (3)
[0m[PHY]    [MAC SCHED]   PDU[1]: type=PDCCH (0)
[0m[PHY]    [MAC SCHED]   PDU[2]: type=PDSCH (1)
[0m[HW]     [o-du 0][rx  236711 pps    9216 kbps  293990][tx 2549803 pps   31872 kbps  786891][Total Msgs_Rcvd 236711]
[0m[HW]     [o_du0][pusch0  236700 prach0       0]
[0m[PHY]    prach_I0 = 0.0 dB
[0m[NR_MAC] Frame.Slot 128.0

[0m[HW]     [o-du 0][rx  245927 pps    9216 kbps  293990][tx 2581675 pps   31872 kbps  786891][Total Msgs_Rcvd 245927]
[0m[HW]     [o_du0][pusch0  245916 prach0       0]
[0m[NR_MAC] Frame.Slot 256.0

[0m[PHY]    [MAC SCHED] frame 256, slot 0: DL_req has 3 PDUs
[0m[PHY]    [MAC SCHED]   PDU[0]: type=SSB (3)
[0m[PHY]    [MAC SCHED]   PDU[1]: type=PDCCH (0)
[0m[PHY]    [MAC SCHED]   PDU[2]: type=PDSCH (1)
[0m[HW]     [o-du 0][rx  255143 pps    9216 kbps  293990][tx 2613547 pps   31872 kbps  786891][Total Msgs_Rcvd 255143]
[0m[HW]     [o_du0][pusch0  255132 prach0       0]
[0m[NR_MAC] Frame.Slot 384.0

[0m[HW]     [o-du 0][rx  264359 pps    9216 kbps  293990][tx 2645419 pps   31872 kbps  786891][Total Msgs_Rcvd 264359]
[0m[HW]     [o_du0][pusch0  264348 prach0       0]
[0m[NR_MAC] Frame.Slot 512.0

[0m[PHY]    [MAC SCHED] frame 512, slot 0: DL_req has 3 PDUs
[0m[PHY]    [MAC SCHED]   PDU[0]: type=SSB (3)
[0m[PHY]    [MAC SCHED]   PDU[1]: type=PDCCH (0)
[0m[PHY]    [MAC SCHED]   PDU[2]: type=PDSCH (1)
[0m[HW]     [o-du 0][rx  273575 pps    9216 kbps  294031][tx 2677291 pps   31872 kbps  786891][Total Msgs_Rcvd 273575]
[0m[HW]     [o_du0][pusch0  273564 prach0       0]
[0m[NR_MAC] Frame.Slot 640.0

[0m[HW]     [o-du 0][rx  282791 pps    9216 kbps  293949][tx 2709163 pps   31872 kbps  786891][Total Msgs_Rcvd 282791]
[0m[HW]     [o_du0][pusch0  282780 prach0       0]
[0m[NR_MAC] Frame.Slot 768.0

[0m[PHY]    [MAC SCHED] frame 768, slot 0: DL_req has 3 PDUs
[0m[PHY]    [MAC SCHED]   PDU[0]: type=SSB (3)
[0m[PHY]    [MAC SCHED]   PDU[1]: type=PDCCH (0)
[0m[PHY]    [MAC SCHED]   PDU[2]: type=PDSCH (1)
[0m[HW]     [o-du 0][rx  292007 pps    9216 kbps  293990][tx 2741035 pps   31872 kbps  786891][Total Msgs_Rcvd 292007]
[0m[HW]     [o_du0][pusch0  291996 prach0       0]
[0m[NR_MAC] Frame.Slot 896.0

[0m[HW]     [o-du 0][rx  301223 pps    9216 kbps  293990][tx 2772907 pps   31872 kbps  786891][Total Msgs_Rcvd 301223]
[0m[HW]     [o_du0][pusch0  301212 prach0       0]
[0m[NR_MAC] Frame.Slot 0.0

[0m[PHY]    [MAC SCHED] frame 0, slot 0: DL_req has 3 PDUs
[0m[PHY]    [MAC SCHED]   PDU[0]: type=SSB (3)
[0m[PHY]    [MAC SCHED]   PDU[1]: type=PDCCH (0)
[0m[PHY]    [MAC SCHED]   PDU[2]: type=PDSCH (1)
[0m[HW]     [o-du 0][rx  310439 pps    9216 kbps  293990][tx 2804779 pps   31872 kbps  786891][Total Msgs_Rcvd 310439]
[0m[HW]     [o_du0][pusch0  310428 prach0       0]
[0m[PHY]    prach_I0 = 0.0 dB
[0m[NR_MAC] Frame.Slot 128.0

[0m[HW]     [o-du 0][rx  319656 pps    9217 kbps  293952][tx 2836651 pps   31872 kbps  786891][Total Msgs_Rcvd 319656]
[0m[HW]     [o_du0][pusch0  319644 prach0       0]
[0m[NR_MAC] Frame.Slot 256.0

[0m[PHY]    [MAC SCHED] frame 256, slot 0: DL_req has 3 PDUs
[0m[PHY]    [MAC SCHED]   PDU[0]: type=SSB (3)
[0m[PHY]    [MAC SCHED]   PDU[1]: type=PDCCH (0)
[0m[PHY]    [MAC SCHED]   PDU[2]: type=PDSCH (1)
[0m[HW]     [o-du 0][rx  328872 pps    9216 kbps  294031][tx 2868523 pps   31872 kbps  786891][Total Msgs_Rcvd 328872]
[0m[HW]     [o_du0][pusch0  328860 prach0       0]
[0m[NR_MAC] Frame.Slot 384.0

[0m[HW]     [o-du 0][rx  338088 pps    9216 kbps  293949][tx 2900395 pps   31872 kbps  786891][Total Msgs_Rcvd 338088]
[0m[HW]     [o_du0][pusch0  338076 prach0       0]
[0m[NR_MAC] Frame.Slot 512.0

[0m[PHY]    [MAC SCHED] frame 512, slot 0: DL_req has 3 PDUs
[0m[PHY]    [MAC SCHED]   PDU[0]: type=SSB (3)
[0m[PHY]    [MAC SCHED]   PDU[1]: type=PDCCH (0)
[0m[PHY]    [MAC SCHED]   PDU[2]: type=PDSCH (1)
[0m[HW]     [o-du 0][rx  347304 pps    9216 kbps  293990][tx 2932267 pps   31872 kbps  786891][Total Msgs_Rcvd 347304]
[0m[HW]     [o_du0][pusch0  347292 prach0       0]
[0m[NR_MAC] Frame.Slot 640.0

[0m[HW]     [o-du 0][rx  356520 pps    9216 kbps  293990][tx 2964139 pps   31872 kbps  786891][Total Msgs_Rcvd 356520]
[0m[HW]     [o_du0][pusch0  356508 prach0       0]
[0m[NR_MAC] Frame.Slot 768.0

[0m[PHY]    [MAC SCHED] frame 768, slot 0: DL_req has 3 PDUs
[0m[PHY]    [MAC SCHED]   PDU[0]: type=SSB (3)
[0m[PHY]    [MAC SCHED]   PDU[1]: type=PDCCH (0)
[0m[PHY]    [MAC SCHED]   PDU[2]: type=PDSCH (1)
[0m[HW]     [o-du 0][rx  365736 pps    9216 kbps  293990][tx 2996011 pps   31872 kbps  786891][Total Msgs_Rcvd 365736]
[0m[HW]     [o_du0][pusch0  365724 prach0       0]
[0m[NR_MAC] Frame.Slot 896.0

[0m[HW]     [o-du 0][rx  374952 pps    9216 kbps  294031][tx 3027883 pps   31872 kbps  786891][Total Msgs_Rcvd 374952]
[0m[HW]     [o_du0][pusch0  374940 prach0       0]
[0m[NR_MAC] Frame.Slot 0.0

[0m[PHY]    [MAC SCHED] frame 0, slot 0: DL_req has 3 PDUs
[0m[PHY]    [MAC SCHED]   PDU[0]: type=SSB (3)
[0m[PHY]    [MAC SCHED]   PDU[1]: type=PDCCH (0)
[0m[PHY]    [MAC SCHED]   PDU[2]: type=PDSCH (1)
[0m[HW]     [o-du 0][rx  384168 pps    9216 kbps  294031][tx 3059755 pps   31872 kbps  786891][Total Msgs_Rcvd 384168]
[0m[HW]     [o_du0][pusch0  384156 prach0       0]
[0m[PHY]    prach_I0 = 0.0 dB
[0m[NR_MAC] Frame.Slot 128.0

[0m[HW]     [o-du 0][rx  393384 pps    9216 kbps  293949][tx 3091627 pps   31872 kbps  786891][Total Msgs_Rcvd 393384]
[0m[HW]     [o_du0][pusch0  393372 prach0       0]
[0m[NR_MAC] Frame.Slot 256.0

[0m[PHY]    [MAC SCHED] frame 256, slot 0: DL_req has 3 PDUs
[0m[PHY]    [MAC SCHED]   PDU[0]: type=SSB (3)
[0m[PHY]    [MAC SCHED]   PDU[1]: type=PDCCH (0)
[0m[PHY]    [MAC SCHED]   PDU[2]: type=PDSCH (1)
[0m[HW]     [o-du 0][rx  402600 pps    9216 kbps  294031][tx 3123499 pps   31872 kbps  786891][Total Msgs_Rcvd 402600]
[0m[HW]     [o_du0][pusch0  402588 prach0       0]
[0m[NR_MAC] Frame.Slot 384.0

[0m[HW]     [o-du 0][rx  411816 pps    9216 kbps  293990][tx 3155371 pps   31872 kbps  786891][Total Msgs_Rcvd 411816]
[0m[HW]     [o_du0][pusch0  411804 prach0       0]
[0m[NR_MAC] Frame.Slot 512.0

[0m[PHY]    [MAC SCHED] frame 512, slot 0: DL_req has 3 PDUs
[0m[PHY]    [MAC SCHED]   PDU[0]: type=SSB (3)
[0m[PHY]    [MAC SCHED]   PDU[1]: type=PDCCH (0)
[0m[PHY]    [MAC SCHED]   PDU[2]: type=PDSCH (1)
[0m[HW]     [o-du 0][rx  421032 pps    9216 kbps  293949][tx 3187243 pps   31872 kbps  786891][Total Msgs_Rcvd 421032]
[0m[HW]     [o_du0][pusch0  421020 prach0       0]
[0m[NR_MAC] Frame.Slot 640.0

[0m[HW]     [o-du 0][rx  430248 pps    9216 kbps  293990][tx 3219115 pps   31872 kbps  786891][Total Msgs_Rcvd 430248]
[0m[HW]     [o_du0][pusch0  430236 prach0       0]
[0m[NR_MAC] Frame.Slot 768.0

[0m[PHY]    [MAC SCHED] frame 768, slot 0: DL_req has 3 PDUs
[0m[PHY]    [MAC SCHED]   PDU[0]: type=SSB (3)
[0m[PHY]    [MAC SCHED]   PDU[1]: type=PDCCH (0)
[0m[PHY]    [MAC SCHED]   PDU[2]: type=PDSCH (1)
[0m[HW]     [o-du 0][rx  439464 pps    9216 kbps  293990][tx 3250987 pps   31872 kbps  786891][Total Msgs_Rcvd 439464]
[0m[HW]     [o_du0][pusch0  439452 prach0       0]
[0m[NR_MAC] Frame.Slot 896.0

[0m[HW]     [o-du 0][rx  448680 pps    9216 kbps  293990][tx 3282859 pps   31872 kbps  786891][Total Msgs_Rcvd 448680]
[0m[HW]     [o_du0][pusch0  448668 prach0       0]
[0m[NR_MAC] Frame.Slot 0.0

[0m[PHY]    [MAC SCHED] frame 0, slot 0: DL_req has 3 PDUs
[0m[PHY]    [MAC SCHED]   PDU[0]: type=SSB (3)
[0m[PHY]    [MAC SCHED]   PDU[1]: type=PDCCH (0)
[0m[PHY]    [MAC SCHED]   PDU[2]: type=PDSCH (1)
[0m[HW]     [o-du 0][rx  457896 pps    9216 kbps  293990][tx 3314731 pps   31872 kbps  786891][Total Msgs_Rcvd 457896]
[0m[HW]     [o_du0][pusch0  457884 prach0       0]
[0m[PHY]    prach_I0 = 0.0 dB
[0m[NR_MAC] Frame.Slot 128.0

[0m[HW]     [o-du 0][rx  467112 pps    9216 kbps  293949][tx 3346603 pps   31872 kbps  786891][Total Msgs_Rcvd 467112]
[0m[HW]     [o_du0][pusch0  467100 prach0       0]
[0m[NR_MAC] Frame.Slot 256.0

[0m[PHY]    [MAC SCHED] frame 256, slot 0: DL_req has 3 PDUs
[0m[PHY]    [MAC SCHED]   PDU[0]: type=SSB (3)
[0m[PHY]    [MAC SCHED]   PDU[1]: type=PDCCH (0)
[0m[PHY]    [MAC SCHED]   PDU[2]: type=PDSCH (1)
[0m[HW]     [o-du 0][rx  476328 pps    9216 kbps  293990][tx 3378475 pps   31872 kbps  786891][Total Msgs_Rcvd 476328]
[0m[HW]     [o_du0][pusch0  476316 prach0       0]
[0m[93m[HW]     TTI processing delay detected, skipping  272. 1 =>  272. 6
[0m[1;31m[HW]     Received Time doesn't correspond to the time we think it is (slot mismatch, received 272.6, expected 272.1)
[0m[NR_MAC] Frame.Slot 384.0

[0m[HW]     [o-du 0][rx  485544 pps    9216 kbps  293990][tx 3410347 pps   31872 kbps  786891][Total Msgs_Rcvd 485544]
[0m[HW]     [o_du0][pusch0  485532 prach0       0]
[0m[NR_MAC] Frame.Slot 512.0

[0m[PHY]    [MAC SCHED] frame 512, slot 0: DL_req has 3 PDUs
[0m[PHY]    [MAC SCHED]   PDU[0]: type=SSB (3)
[0m[PHY]    [MAC SCHED]   PDU[1]: type=PDCCH (0)
[0m[PHY]    [MAC SCHED]   PDU[2]: type=PDSCH (1)
[0m[HW]     [o-du 0][rx  494760 pps    9216 kbps  294031][tx 3442219 pps   31872 kbps  786891][Total Msgs_Rcvd 494760]
[0m[HW]     [o_du0][pusch0  494748 prach0       0]
[0m[NR_MAC] Frame.Slot 640.0

[0m[HW]     [o-du 0][rx  503976 pps    9216 kbps  293949][tx 3474091 pps   31872 kbps  786891][Total Msgs_Rcvd 503976]
[0m[HW]     [o_du0][pusch0  503964 prach0       0]
[0m[NR_MAC] Frame.Slot 768.0

[0m[PHY]    [MAC SCHED] frame 768, slot 0: DL_req has 3 PDUs
[0m[PHY]    [MAC SCHED]   PDU[0]: type=SSB (3)
[0m[PHY]    [MAC SCHED]   PDU[1]: type=PDCCH (0)
[0m[PHY]    [MAC SCHED]   PDU[2]: type=PDSCH (1)
[0m[HW]     [o-du 0][rx  513192 pps    9216 kbps  293990][tx 3505963 pps   31872 kbps  786891][Total Msgs_Rcvd 513192]
[0m[HW]     [o_du0][pusch0  513180 prach0       0]
[0m[NR_MAC] Frame.Slot 896.0

[0m[HW]     [o-du 0][rx  522408 pps    9216 kbps  293990][tx 3537835 pps   31872 kbps  786891][Total Msgs_Rcvd 522408]
[0m[HW]     [o_du0][pusch0  522396 prach0       0]
[0m[NR_MAC] Frame.Slot 0.0

[0m[PHY]    [MAC SCHED] frame 0, slot 0: DL_req has 3 PDUs
[0m[PHY]    [MAC SCHED]   PDU[0]: type=SSB (3)
[0m[PHY]    [MAC SCHED]   PDU[1]: type=PDCCH (0)
[0m[PHY]    [MAC SCHED]   PDU[2]: type=PDSCH (1)
[0m[HW]     [o-du 0][rx  531624 pps    9216 kbps  293990][tx 3569707 pps   31872 kbps  786891][Total Msgs_Rcvd 531624]
[0m[HW]     [o_du0][pusch0  531612 prach0       0]
[0m[PHY]    prach_I0 = 0.0 dB
[0m[NR_MAC] Frame.Slot 128.0

[0m[HW]     [o-du 0][rx  540840 pps    9216 kbps  293990][tx 3601579 pps   31872 kbps  786891][Total Msgs_Rcvd 540840]
[0m[HW]     [o_du0][pusch0  540828 prach0       0]
[0m[NR_MAC] Frame.Slot 256.0

[0m[PHY]    [MAC SCHED] frame 256, slot 0: DL_req has 3 PDUs
[0m[PHY]    [MAC SCHED]   PDU[0]: type=SSB (3)
[0m[PHY]    [MAC SCHED]   PDU[1]: type=PDCCH (0)
[0m[PHY]    [MAC SCHED]   PDU[2]: type=PDSCH (1)
[0m[HW]     [o-du 0][rx  550056 pps    9216 kbps  293990][tx 3633451 pps   31872 kbps  786891][Total Msgs_Rcvd 550056]
[0m[HW]     [o_du0][pusch0  550044 prach0       0]
[0m[NR_MAC] Frame.Slot 384.0

[0m[HW]     [o-du 0][rx  559272 pps    9216 kbps  294031][tx 3665323 pps   31872 kbps  786891][Total Msgs_Rcvd 559272]
[0m[HW]     [o_du0][pusch0  559260 prach0       0]
[0m[NR_MAC] Frame.Slot 512.0

[0m[PHY]    [MAC SCHED] frame 512, slot 0: DL_req has 3 PDUs
[0m[PHY]    [MAC SCHED]   PDU[0]: type=SSB (3)
[0m[PHY]    [MAC SCHED]   PDU[1]: type=PDCCH (0)
[0m[PHY]    [MAC SCHED]   PDU[2]: type=PDSCH (1)
[0m[HW]     [o-du 0][rx  568488 pps    9216 kbps  293949][tx 3697195 pps   31872 kbps  786891][Total Msgs_Rcvd 568488]
[0m[HW]     [o_du0][pusch0  568476 prach0       0]
[0m[NR_MAC] Frame.Slot 640.0

[0m[HW]     [o-du 0][rx  577704 pps    9216 kbps  293990][tx 3729067 pps   31872 kbps  786891][Total Msgs_Rcvd 577704]
[0m[HW]     [o_du0][pusch0  577692 prach0       0]
[0m[NR_MAC] Frame.Slot 768.0

[0m[PHY]    [MAC SCHED] frame 768, slot 0: DL_req has 3 PDUs
[0m[PHY]    [MAC SCHED]   PDU[0]: type=SSB (3)
[0m[PHY]    [MAC SCHED]   PDU[1]: type=PDCCH (0)
[0m[PHY]    [MAC SCHED]   PDU[2]: type=PDSCH (1)
[0m[HW]     [o-du 0][rx  586920 pps    9216 kbps  294031][tx 3760939 pps   31872 kbps  786891][Total Msgs_Rcvd 586920]
[0m[HW]     [o_du0][pusch0  586908 prach0       0]
[0m[NR_MAC] Frame.Slot 896.0

[0m[HW]     [o-du 0][rx  596136 pps    9216 kbps  293949][tx 3792811 pps   31872 kbps  786891][Total Msgs_Rcvd 596136]
[0m[HW]     [o_du0][pusch0  596124 prach0       0]
[0m[NR_MAC] Frame.Slot 0.0

[0m[PHY]    [MAC SCHED] frame 0, slot 0: DL_req has 3 PDUs
[0m[PHY]    [MAC SCHED]   PDU[0]: type=SSB (3)
[0m[PHY]    [MAC SCHED]   PDU[1]: type=PDCCH (0)
[0m[PHY]    [MAC SCHED]   PDU[2]: type=PDSCH (1)
[0m[HW]     [o-du 0][rx  605352 pps    9216 kbps  293990][tx 3824683 pps   31872 kbps  786891][Total Msgs_Rcvd 605352]
[0m[HW]     [o_du0][pusch0  605340 prach0       0]
[0m[PHY]    prach_I0 = 0.0 dB
[0m[NR_MAC] Frame.Slot 128.0

[0m[HW]     [o-du 0][rx  614568 pps    9216 kbps  293990][tx 3856555 pps   31872 kbps  786891][Total Msgs_Rcvd 614568]
[0m[HW]     [o_du0][pusch0  614556 prach0       0]
[0m[NR_MAC] Frame.Slot 256.0

[0m[PHY]    [MAC SCHED] frame 256, slot 0: DL_req has 3 PDUs
[0m[PHY]    [MAC SCHED]   PDU[0]: type=SSB (3)
[0m[PHY]    [MAC SCHED]   PDU[1]: type=PDCCH (0)
[0m[PHY]    [MAC SCHED]   PDU[2]: type=PDSCH (1)
[0m[HW]     [o-du 0][rx  623784 pps    9216 kbps  293990][tx 3888427 pps   31872 kbps  786891][Total Msgs_Rcvd 623784]
[0m[HW]     [o_du0][pusch0  623772 prach0       0]
[0m[NR_MAC] Frame.Slot 384.0

[0m[HW]     [o-du 0][rx  633000 pps    9216 kbps  294031][tx 3920299 pps   31872 kbps  786891][Total Msgs_Rcvd 633000]
[0m[HW]     [o_du0][pusch0  632988 prach0       0]
[0m[NR_MAC] Frame.Slot 512.0

[0m[PHY]    [MAC SCHED] frame 512, slot 0: DL_req has 3 PDUs
[0m[PHY]    [MAC SCHED]   PDU[0]: type=SSB (3)
[0m[PHY]    [MAC SCHED]   PDU[1]: type=PDCCH (0)
[0m[PHY]    [MAC SCHED]   PDU[2]: type=PDSCH (1)
[0m[HW]     [o-du 0][rx  642216 pps    9216 kbps  293990][tx 3952171 pps   31872 kbps  786891][Total Msgs_Rcvd 642216]
[0m[HW]     [o_du0][pusch0  642204 prach0       0]
[0m[NR_MAC] Frame.Slot 640.0

[0m[HW]     [o-du 0][rx  651432 pps    9216 kbps  293990][tx 3984043 pps   31872 kbps  786891][Total Msgs_Rcvd 651432]
[0m[HW]     [o_du0][pusch0  651420 prach0       0]
[0m[NR_MAC] Frame.Slot 768.0

[0m[PHY]    [MAC SCHED] frame 768, slot 0: DL_req has 3 PDUs
[0m[PHY]    [MAC SCHED]   PDU[0]: type=SSB (3)
[0m[PHY]    [MAC SCHED]   PDU[1]: type=PDCCH (0)
[0m[PHY]    [MAC SCHED]   PDU[2]: type=PDSCH (1)
[0m[HW]     [o-du 0][rx  660648 pps    9216 kbps  293990][tx 4015915 pps   31872 kbps  786891][Total Msgs_Rcvd 660648]
[0m[HW]     [o_du0][pusch0  660636 prach0       0]
[0m[NR_MAC] Frame.Slot 896.0

[0m[HW]     [o-du 0][rx  669864 pps    9216 kbps  294031][tx 4047787 pps   31872 kbps  786891][Total Msgs_Rcvd 669864]
[0m[HW]     [o_du0][pusch0  669852 prach0       0]
[0m[NR_MAC] Frame.Slot 0.0

[0m[PHY]    [MAC SCHED] frame 0, slot 0: DL_req has 3 PDUs
[0m[PHY]    [MAC SCHED]   PDU[0]: type=SSB (3)
[0m[PHY]    [MAC SCHED]   PDU[1]: type=PDCCH (0)
[0m[PHY]    [MAC SCHED]   PDU[2]: type=PDSCH (1)
[0m[HW]     [o-du 0][rx  679080 pps    9216 kbps  293990][tx 4079659 pps   31872 kbps  786891][Total Msgs_Rcvd 679080]
[0m[HW]     [o_du0][pusch0  679068 prach0       0]
[0m[PHY]    prach_I0 = 0.0 dB
[0m[NR_MAC] Frame.Slot 128.0

[0m[HW]     [o-du 0][rx  688296 pps    9216 kbps  293990][tx 4111531 pps   31872 kbps  786891][Total Msgs_Rcvd 688296]
[0m[HW]     [o_du0][pusch0  688284 prach0       0]
[0m[NR_MAC] Frame.Slot 256.0

[0m[PHY]    [MAC SCHED] frame 256, slot 0: DL_req has 3 PDUs
[0m[PHY]    [MAC SCHED]   PDU[0]: type=SSB (3)
[0m[PHY]    [MAC SCHED]   PDU[1]: type=PDCCH (0)
[0m[PHY]    [MAC SCHED]   PDU[2]: type=PDSCH (1)
[0m[HW]     [o-du 0][rx  697512 pps    9216 kbps  294031][tx 4143403 pps   31872 kbps  786891][Total Msgs_Rcvd 697512]
[0m[HW]     [o_du0][pusch0  697500 prach0       0]
[0m[NR_MAC] Frame.Slot 384.0

[0m[HW]     [o-du 0][rx  706728 pps    9216 kbps  293949][tx 4175275 pps   31872 kbps  786891][Total Msgs_Rcvd 706728]
[0m[HW]     [o_du0][pusch0  706716 prach0       0]
[0m[NR_MAC] Frame.Slot 512.0

[0m[PHY]    [MAC SCHED] frame 512, slot 0: DL_req has 3 PDUs
[0m[PHY]    [MAC SCHED]   PDU[0]: type=SSB (3)
[0m[PHY]    [MAC SCHED]   PDU[1]: type=PDCCH (0)
[0m[PHY]    [MAC SCHED]   PDU[2]: type=PDSCH (1)
[0m[HW]     [o-du 0][rx  715944 pps    9216 kbps  293990][tx 4207147 pps   31872 kbps  786891][Total Msgs_Rcvd 715944]
[0m[HW]     [o_du0][pusch0  715932 prach0       0]
[0m[NR_MAC] Frame.Slot 640.0

[0m[HW]     [o-du 0][rx  725160 pps    9216 kbps  293990][tx 4239019 pps   31872 kbps  786891][Total Msgs_Rcvd 725160]
[0m[HW]     [o_du0][pusch0  725148 prach0       0]
[0m[NR_MAC] Frame.Slot 768.0

[0m[PHY]    [MAC SCHED] frame 768, slot 0: DL_req has 3 PDUs
[0m[PHY]    [MAC SCHED]   PDU[0]: type=SSB (3)
[0m[PHY]    [MAC SCHED]   PDU[1]: type=PDCCH (0)
[0m[PHY]    [MAC SCHED]   PDU[2]: type=PDSCH (1)
[0m[HW]     [o-du 0][rx  734376 pps    9216 kbps  293990][tx 4270891 pps   31872 kbps  786891][Total Msgs_Rcvd 734376]
[0m[HW]     [o_du0][pusch0  734364 prach0       0]
[0m[NR_MAC] Frame.Slot 896.0

[0m[HW]     [o-du 0][rx  743592 pps    9216 kbps  293990][tx 4302763 pps   31872 kbps  786891][Total Msgs_Rcvd 743592]
[0m[HW]     [o_du0][pusch0  743580 prach0       0]
[0m[NR_MAC] Frame.Slot 0.0

[0m[PHY]    [MAC SCHED] frame 0, slot 0: DL_req has 3 PDUs
[0m[PHY]    [MAC SCHED]   PDU[0]: type=SSB (3)
[0m[PHY]    [MAC SCHED]   PDU[1]: type=PDCCH (0)
[0m[PHY]    [MAC SCHED]   PDU[2]: type=PDSCH (1)
[0m[HW]     [o-du 0][rx  752808 pps    9216 kbps  293949][tx 4334635 pps   31872 kbps  786891][Total Msgs_Rcvd 752808]
[0m[HW]     [o_du0][pusch0  752796 prach0       0]
[0m[PHY]    prach_I0 = 0.0 dB
[0m[NR_MAC] Frame.Slot 128.0

[0m[HW]     [o-du 0][rx  762024 pps    9216 kbps  294031][tx 4366507 pps   31872 kbps  786891][Total Msgs_Rcvd 762024]
[0m[HW]     [o_du0][pusch0  762012 prach0       0]
[0m[NR_MAC] Frame.Slot 256.0

[0m[PHY]    [MAC SCHED] frame 256, slot 0: DL_req has 3 PDUs
[0m[PHY]    [MAC SCHED]   PDU[0]: type=SSB (3)
[0m[PHY]    [MAC SCHED]   PDU[1]: type=PDCCH (0)
[0m[PHY]    [MAC SCHED]   PDU[2]: type=PDSCH (1)
[0m[HW]     [o-du 0][rx  771240 pps    9216 kbps  293990][tx 4398379 pps   31872 kbps  786891][Total Msgs_Rcvd 771240]
[0m[HW]     [o_du0][pusch0  771228 prach0       0]
[0m[NR_MAC] Frame.Slot 384.0

[0m[HW]     [o-du 0][rx  780456 pps    9216 kbps  294031][tx 4430251 pps   31872 kbps  786891][Total Msgs_Rcvd 780456]
[0m[HW]     [o_du0][pusch0  780444 prach0       0]
[0m[NR_MAC] Frame.Slot 512.0

[0m[PHY]    [MAC SCHED] frame 512, slot 0: DL_req has 3 PDUs
[0m[PHY]    [MAC SCHED]   PDU[0]: type=SSB (3)
[0m[PHY]    [MAC SCHED]   PDU[1]: type=PDCCH (0)
[0m[PHY]    [MAC SCHED]   PDU[2]: type=PDSCH (1)
[0m[HW]     [o-du 0][rx  789672 pps    9216 kbps  293990][tx 4462123 pps   31872 kbps  786891][Total Msgs_Rcvd 789672]
[0m[HW]     [o_du0][pusch0  789660 prach0       0]
[0m[NR_MAC] Frame.Slot 640.0

[0m[HW]     [o-du 0][rx  798888 pps    9216 kbps  293990][tx 4493995 pps   31872 kbps  786891][Total Msgs_Rcvd 798888]
[0m[HW]     [o_du0][pusch0  798876 prach0       0]
[0m[NR_MAC] Frame.Slot 768.0

[0m[PHY]    [MAC SCHED] frame 768, slot 0: DL_req has 3 PDUs
[0m[PHY]    [MAC SCHED]   PDU[0]: type=SSB (3)
[0m[PHY]    [MAC SCHED]   PDU[1]: type=PDCCH (0)
[0m[PHY]    [MAC SCHED]   PDU[2]: type=PDSCH (1)
[0m[HW]     [o-du 0][rx  808104 pps    9216 kbps  293949][tx 4525867 pps   31872 kbps  786891][Total Msgs_Rcvd 808104]
[0m[HW]     [o_du0][pusch0  808092 prach0       0]
[0m[NR_MAC] Frame.Slot 896.0

[0m[HW]     [o-du 0][rx  817320 pps    9216 kbps  293990][tx 4557739 pps   31872 kbps  786891][Total Msgs_Rcvd 817320]
[0m[HW]     [o_du0][pusch0  817308 prach0       0]
[0m[NR_MAC] Frame.Slot 0.0

[0m[PHY]    [MAC SCHED] frame 0, slot 0: DL_req has 3 PDUs
[0m[PHY]    [MAC SCHED]   PDU[0]: type=SSB (3)
[0m[PHY]    [MAC SCHED]   PDU[1]: type=PDCCH (0)
[0m[PHY]    [MAC SCHED]   PDU[2]: type=PDSCH (1)
[0m[HW]     [o-du 0][rx  826536 pps    9216 kbps  294031][tx 4589611 pps   31872 kbps  786891][Total Msgs_Rcvd 826536]
[0m[HW]     [o_du0][pusch0  826524 prach0       0]
[0m[PHY]    prach_I0 = 0.0 dB
[0m[NR_MAC] Frame.Slot 128.0

[0m[HW]     [o-du 0][rx  835752 pps    9216 kbps  293949][tx 4621483 pps   31872 kbps  786891][Total Msgs_Rcvd 835752]
[0m[HW]     [o_du0][pusch0  835740 prach0       0]
[0m[NR_MAC] Frame.Slot 256.0

[0m[PHY]    [MAC SCHED] frame 256, slot 0: DL_req has 3 PDUs
[0m[PHY]    [MAC SCHED]   PDU[0]: type=SSB (3)
[0m[PHY]    [MAC SCHED]   PDU[1]: type=PDCCH (0)
[0m[PHY]    [MAC SCHED]   PDU[2]: type=PDSCH (1)
[0m[HW]     [o-du 0][rx  844968 pps    9216 kbps  293990][tx 4653355 pps   31872 kbps  786891][Total Msgs_Rcvd 844968]
[0m[HW]     [o_du0][pusch0  844956 prach0       0]
[0m[NR_MAC] Frame.Slot 384.0

[0m[HW]     [o-du 0][rx  854184 pps    9216 kbps  293990][tx 4685227 pps   31872 kbps  786891][Total Msgs_Rcvd 854184]
[0m[HW]     [o_du0][pusch0  854172 prach0       0]
[0m[NR_MAC] Frame.Slot 512.0

[0m[PHY]    [MAC SCHED] frame 512, slot 0: DL_req has 3 PDUs
[0m[PHY]    [MAC SCHED]   PDU[0]: type=SSB (3)
[0m[PHY]    [MAC SCHED]   PDU[1]: type=PDCCH (0)
[0m[PHY]    [MAC SCHED]   PDU[2]: type=PDSCH (1)
[0m[HW]     [o-du 0][rx  863400 pps    9216 kbps  293990][tx 4717099 pps   31872 kbps  786891][Total Msgs_Rcvd 863400]
[0m[HW]     [o_du0][pusch0  863388 prach0       0]
[0m[NR_MAC] Frame.Slot 640.0

[0m[HW]     [o-du 0][rx  872616 pps    9216 kbps  293990][tx 4748971 pps   31872 kbps  786891][Total Msgs_Rcvd 872616]
[0m[HW]     [o_du0][pusch0  872604 prach0       0]
[0m[NR_MAC] Frame.Slot 768.0

[0m[PHY]    [MAC SCHED] frame 768, slot 0: DL_req has 3 PDUs
[0m[PHY]    [MAC SCHED]   PDU[0]: type=SSB (3)
[0m[PHY]    [MAC SCHED]   PDU[1]: type=PDCCH (0)
[0m[PHY]    [MAC SCHED]   PDU[2]: type=PDSCH (1)
[0m[HW]     [o-du 0][rx  881832 pps    9216 kbps  293990][tx 4780843 pps   31872 kbps  786891][Total Msgs_Rcvd 881832]
[0m[HW]     [o_du0][pusch0  881820 prach0       0]
[0m[NR_MAC] Frame.Slot 896.0

[0m[HW]     [o-du 0][rx  891048 pps    9216 kbps  293990][tx 4812715 pps   31872 kbps  786891][Total Msgs_Rcvd 891048]
[0m[HW]     [o_du0][pusch0  891036 prach0       0]
[0m[NR_MAC] Frame.Slot 0.0

[0m[PHY]    [MAC SCHED] frame 0, slot 0: DL_req has 3 PDUs
[0m[PHY]    [MAC SCHED]   PDU[0]: type=SSB (3)
[0m[PHY]    [MAC SCHED]   PDU[1]: type=PDCCH (0)
[0m[PHY]    [MAC SCHED]   PDU[2]: type=PDSCH (1)
[0m[HW]     [o-du 0][rx  900264 pps    9216 kbps  293990][tx 4844587 pps   31872 kbps  786891][Total Msgs_Rcvd 900264]
[0m[HW]     [o_du0][pusch0  900252 prach0       0]
[0m[PHY]    prach_I0 = 0.0 dB
[0m[NR_MAC] Frame.Slot 128.0

[0m[HW]     [o-du 0][rx  909480 pps    9216 kbps  293990][tx 4876459 pps   31872 kbps  786891][Total Msgs_Rcvd 909480]
[0m[HW]     [o_du0][pusch0  909468 prach0       0]
[0m[NR_MAC] Frame.Slot 256.0

[0m[PHY]    [MAC SCHED] frame 256, slot 0: DL_req has 3 PDUs
[0m[PHY]    [MAC SCHED]   PDU[0]: type=SSB (3)
[0m[PHY]    [MAC SCHED]   PDU[1]: type=PDCCH (0)
[0m[PHY]    [MAC SCHED]   PDU[2]: type=PDSCH (1)
[0m[HW]     [o-du 0][rx  918696 pps    9216 kbps  293990][tx 4908331 pps   31872 kbps  786891][Total Msgs_Rcvd 918696]
[0m[HW]     [o_du0][pusch0  918684 prach0       0]
[0m[NR_MAC] Frame.Slot 384.0

[0m[HW]     [o-du 0][rx  927912 pps    9216 kbps  293990][tx 4940203 pps   31872 kbps  786891][Total Msgs_Rcvd 927912]
[0m[HW]     [o_du0][pusch0  927900 prach0       0]
[0m[NR_MAC] Frame.Slot 512.0

[0m[PHY]    [MAC SCHED] frame 512, slot 0: DL_req has 3 PDUs
[0m[PHY]    [MAC SCHED]   PDU[0]: type=SSB (3)
[0m[PHY]    [MAC SCHED]   PDU[1]: type=PDCCH (0)
[0m[PHY]    [MAC SCHED]   PDU[2]: type=PDSCH (1)
[0m[HW]     [o-du 0][rx  937128 pps    9216 kbps  293990][tx 4972075 pps   31872 kbps  786891][Total Msgs_Rcvd 937128]
[0m[HW]     [o_du0][pusch0  937116 prach0       0]
[0m[NR_MAC] Frame.Slot 640.0

[0m[HW]     [o-du 0][rx  946344 pps    9216 kbps  294031][tx 5003947 pps   31872 kbps  786891][Total Msgs_Rcvd 946344]
[0m[HW]     [o_du0][pusch0  946332 prach0       0]
[0m[NR_MAC] Frame.Slot 768.0

[0m[PHY]    [MAC SCHED] frame 768, slot 0: DL_req has 3 PDUs
[0m[PHY]    [MAC SCHED]   PDU[0]: type=SSB (3)
[0m[PHY]    [MAC SCHED]   PDU[1]: type=PDCCH (0)
[0m[PHY]    [MAC SCHED]   PDU[2]: type=PDSCH (1)
[0m[HW]     [o-du 0][rx  955560 pps    9216 kbps  293949][tx 5035819 pps   31872 kbps  786891][Total Msgs_Rcvd 955560]
[0m[HW]     [o_du0][pusch0  955548 prach0       0]
[0m[NR_MAC] Frame.Slot 896.0

[0m[HW]     [o-du 0][rx  964776 pps    9216 kbps  293990][tx 5067691 pps   31872 kbps  786891][Total Msgs_Rcvd 964776]
[0m[HW]     [o_du0][pusch0  964764 prach0       0]
[0m[NR_MAC] Frame.Slot 0.0

[0m[PHY]    [MAC SCHED] frame 0, slot 0: DL_req has 3 PDUs
[0m[PHY]    [MAC SCHED]   PDU[0]: type=SSB (3)
[0m[PHY]    [MAC SCHED]   PDU[1]: type=PDCCH (0)
[0m[PHY]    [MAC SCHED]   PDU[2]: type=PDSCH (1)
[0m[HW]     [o-du 0][rx  973992 pps    9216 kbps  293990][tx 5099563 pps   31872 kbps  786891][Total Msgs_Rcvd 973992]
[0m[HW]     [o_du0][pusch0  973980 prach0       0]
[0m[PHY]    prach_I0 = 0.0 dB
[0m[NR_MAC] Frame.Slot 128.0

[0m[HW]     [o-du 0][rx  983208 pps    9216 kbps  293990][tx 5131435 pps   31872 kbps  786891][Total Msgs_Rcvd 983208]
[0m[HW]     [o_du0][pusch0  983196 prach0       0]
[0m[NR_MAC] Frame.Slot 256.0

[0m[PHY]    [MAC SCHED] frame 256, slot 0: DL_req has 3 PDUs
[0m[PHY]    [MAC SCHED]   PDU[0]: type=SSB (3)
[0m[PHY]    [MAC SCHED]   PDU[1]: type=PDCCH (0)
[0m[PHY]    [MAC SCHED]   PDU[2]: type=PDSCH (1)
[0m[HW]     [o-du 0][rx  992424 pps    9216 kbps  293990][tx 5163307 pps   31872 kbps  786891][Total Msgs_Rcvd 992424]
[0m[HW]     [o_du0][pusch0  992412 prach0       0]
[0m[NR_MAC] Frame.Slot 384.0

[0m[HW]     [o-du 0][rx 1001640 pps    9216 kbps  293990][tx 5195179 pps   31872 kbps  786891][Total Msgs_Rcvd 1001640]
[0m[HW]     [o_du0][pusch0 1001628 prach0       0]
[0m[NR_MAC] Frame.Slot 512.0

[0m[PHY]    [MAC SCHED] frame 512, slot 0: DL_req has 3 PDUs
[0m[PHY]    [MAC SCHED]   PDU[0]: type=SSB (3)
[0m[PHY]    [MAC SCHED]   PDU[1]: type=PDCCH (0)
[0m[PHY]    [MAC SCHED]   PDU[2]: type=PDSCH (1)
[0m[HW]     [o-du 0][rx 1010856 pps    9216 kbps  293990][tx 5227051 pps   31872 kbps  786891][Total Msgs_Rcvd 1010856]
[0m[HW]     [o_du0][pusch0 1010844 prach0       0]
[0m[NR_MAC] Frame.Slot 640.0

[0m[HW]     [o-du 0][rx 1020072 pps    9216 kbps  293990][tx 5258923 pps   31872 kbps  786891][Total Msgs_Rcvd 1020072]
[0m[HW]     [o_du0][pusch0 1020060 prach0       0]
[0m[NR_MAC] Frame.Slot 768.0

[0m[PHY]    [MAC SCHED] frame 768, slot 0: DL_req has 3 PDUs
[0m[PHY]    [MAC SCHED]   PDU[0]: type=SSB (3)
[0m[PHY]    [MAC SCHED]   PDU[1]: type=PDCCH (0)
[0m[PHY]    [MAC SCHED]   PDU[2]: type=PDSCH (1)
[0m[HW]     [o-du 0][rx 1029288 pps    9216 kbps  293990][tx 5290795 pps   31872 kbps  786891][Total Msgs_Rcvd 1029288]
[0m[HW]     [o_du0][pusch0 1029276 prach0       0]
[0m[NR_MAC] Frame.Slot 896.0

[0m[HW]     [o-du 0][rx 1038504 pps    9216 kbps  293990][tx 5322667 pps   31872 kbps  786891][Total Msgs_Rcvd 1038504]
[0m[HW]     [o_du0][pusch0 1038492 prach0       0]
[0m[NR_MAC] Frame.Slot 0.0

[0m[PHY]    [MAC SCHED] frame 0, slot 0: DL_req has 3 PDUs
[0m[PHY]    [MAC SCHED]   PDU[0]: type=SSB (3)
[0m[PHY]    [MAC SCHED]   PDU[1]: type=PDCCH (0)
[0m[PHY]    [MAC SCHED]   PDU[2]: type=PDSCH (1)
[0m[HW]     [o-du 0][rx 1047720 pps    9216 kbps  294031][tx 5354539 pps   31872 kbps  786891][Total Msgs_Rcvd 1047720]
[0m[HW]     [o_du0][pusch0 1047708 prach0       0]
[0m[PHY]    prach_I0 = 0.0 dB
[0m[NR_MAC] Frame.Slot 128.0

[0m[HW]     [o-du 0][rx 1056936 pps    9216 kbps  293949][tx 5386411 pps   31872 kbps  786891][Total Msgs_Rcvd 1056936]
[0m[HW]     [o_du0][pusch0 1056924 prach0       0]
[0m[NR_MAC] Frame.Slot 256.0

[0m[PHY]    [MAC SCHED] frame 256, slot 0: DL_req has 3 PDUs
[0m[PHY]    [MAC SCHED]   PDU[0]: type=SSB (3)
[0m[PHY]    [MAC SCHED]   PDU[1]: type=PDCCH (0)
[0m[PHY]    [MAC SCHED]   PDU[2]: type=PDSCH (1)
[0m[HW]     [o-du 0][rx 1066152 pps    9216 kbps  293990][tx 5418283 pps   31872 kbps  786891][Total Msgs_Rcvd 1066152]
[0m[HW]     [o_du0][pusch0 1066140 prach0       0]
[0m[NR_MAC] Frame.Slot 384.0

[0m[HW]     [o-du 0][rx 1075368 pps    9216 kbps  294031][tx 5450155 pps   31872 kbps  786891][Total Msgs_Rcvd 1075368]
[0m[HW]     [o_du0][pusch0 1075356 prach0       0]
[0m[NR_MAC] Frame.Slot 512.0

[0m[PHY]    [MAC SCHED] frame 512, slot 0: DL_req has 3 PDUs
[0m[PHY]    [MAC SCHED]   PDU[0]: type=SSB (3)
[0m[PHY]    [MAC SCHED]   PDU[1]: type=PDCCH (0)
[0m[PHY]    [MAC SCHED]   PDU[2]: type=PDSCH (1)
[0m[HW]     [o-du 0][rx 1084584 pps    9216 kbps  293949][tx 5482027 pps   31872 kbps  786891][Total Msgs_Rcvd 1084584]
[0m[HW]     [o_du0][pusch0 1084572 prach0       0]
[0m[NR_MAC] Frame.Slot 640.0

[0m[HW]     [o-du 0][rx 1093800 pps    9216 kbps  293990][tx 5513899 pps   31872 kbps  786891][Total Msgs_Rcvd 1093800]
[0m[HW]     [o_du0][pusch0 1093788 prach0       0]
[0m[NR_MAC] Frame.Slot 768.0

[0m[PHY]    [MAC SCHED] frame 768, slot 0: DL_req has 3 PDUs
[0m[PHY]    [MAC SCHED]   PDU[0]: type=SSB (3)
[0m[PHY]    [MAC SCHED]   PDU[1]: type=PDCCH (0)
[0m[PHY]    [MAC SCHED]   PDU[2]: type=PDSCH (1)
[0m[HW]     [o-du 0][rx 1103016 pps    9216 kbps  293990][tx 5545771 pps   31872 kbps  786891][Total Msgs_Rcvd 1103016]
[0m[HW]     [o_du0][pusch0 1103004 prach0       0]
[0m[NR_MAC] Frame.Slot 896.0

[0m[HW]     [o-du 0][rx 1112232 pps    9216 kbps  293949][tx 5577643 pps   31872 kbps  786891][Total Msgs_Rcvd 1112232]
[0m[HW]     [o_du0][pusch0 1112220 prach0       0]
[0m[NR_MAC] Frame.Slot 0.0

[0m[PHY]    [MAC SCHED] frame 0, slot 0: DL_req has 3 PDUs
[0m[PHY]    [MAC SCHED]   PDU[0]: type=SSB (3)
[0m[PHY]    [MAC SCHED]   PDU[1]: type=PDCCH (0)
[0m[PHY]    [MAC SCHED]   PDU[2]: type=PDSCH (1)
[0m[HW]     [o-du 0][rx 1121448 pps    9216 kbps  294031][tx 5609515 pps   31872 kbps  786891][Total Msgs_Rcvd 1121448]
[0m[HW]     [o_du0][pusch0 1121436 prach0       0]
[0m[PHY]    prach_I0 = 0.0 dB
[0m[NR_MAC] Frame.Slot 128.0

[0m[HW]     [o-du 0][rx 1130664 pps    9216 kbps  293949][tx 5641387 pps   31872 kbps  786891][Total Msgs_Rcvd 1130664]
[0m[HW]     [o_du0][pusch0 1130652 prach0       0]
[0m[NR_MAC] Frame.Slot 256.0

[0m[PHY]    [MAC SCHED] frame 256, slot 0: DL_req has 3 PDUs
[0m[PHY]    [MAC SCHED]   PDU[0]: type=SSB (3)
[0m[PHY]    [MAC SCHED]   PDU[1]: type=PDCCH (0)
[0m[PHY]    [MAC SCHED]   PDU[2]: type=PDSCH (1)
[0m[HW]     [o-du 0][rx 1139880 pps    9216 kbps  293990][tx 5673259 pps   31872 kbps  786891][Total Msgs_Rcvd 1139880]
[0m[HW]     [o_du0][pusch0 1139868 prach0       0]
[0m[NR_MAC] Frame.Slot 384.0

[0m[HW]     [o-du 0][rx 1149096 pps    9216 kbps  293990][tx 5705131 pps   31872 kbps  786891][Total Msgs_Rcvd 1149096]
[0m[HW]     [o_du0][pusch0 1149084 prach0       0]
[0m[NR_MAC] Frame.Slot 512.0

[0m[PHY]    [MAC SCHED] frame 512, slot 0: DL_req has 3 PDUs
[0m[PHY]    [MAC SCHED]   PDU[0]: type=SSB (3)
[0m[PHY]    [MAC SCHED]   PDU[1]: type=PDCCH (0)
[0m[PHY]    [MAC SCHED]   PDU[2]: type=PDSCH (1)
[0m[HW]     [o-du 0][rx 1158312 pps    9216 kbps  294031][tx 5737003 pps   31872 kbps  786891][Total Msgs_Rcvd 1158312]
[0m[HW]     [o_du0][pusch0 1158300 prach0       0]
[0m[NR_MAC] Frame.Slot 640.0

[0m[HW]     [o-du 0][rx 1167528 pps    9216 kbps  293990][tx 5768875 pps   31872 kbps  786891][Total Msgs_Rcvd 1167528]
[0m[HW]     [o_du0][pusch0 1167516 prach0       0]
[0m[NR_MAC] Frame.Slot 768.0

[0m[PHY]    [MAC SCHED] frame 768, slot 0: DL_req has 3 PDUs
[0m[PHY]    [MAC SCHED]   PDU[0]: type=SSB (3)
[0m[PHY]    [MAC SCHED]   PDU[1]: type=PDCCH (0)
[0m[PHY]    [MAC SCHED]   PDU[2]: type=PDSCH (1)
[0m[HW]     [o-du 0][rx 1176744 pps    9216 kbps  293990][tx 5800747 pps   31872 kbps  786891][Total Msgs_Rcvd 1176744]
[0m[HW]     [o_du0][pusch0 1176732 prach0       0]
[0m[NR_MAC] Frame.Slot 896.0

[0m[HW]     [o-du 0][rx 1185960 pps    9216 kbps  293990][tx 5832619 pps   31872 kbps  786891][Total Msgs_Rcvd 1185960]
[0m[HW]     [o_du0][pusch0 1185948 prach0       0]
[0m[NR_MAC] Frame.Slot 0.0

[0m[PHY]    [MAC SCHED] frame 0, slot 0: DL_req has 3 PDUs
[0m[PHY]    [MAC SCHED]   PDU[0]: type=SSB (3)
[0m[PHY]    [MAC SCHED]   PDU[1]: type=PDCCH (0)
[0m[PHY]    [MAC SCHED]   PDU[2]: type=PDSCH (1)
[0m[HW]     [o-du 0][rx 1195176 pps    9216 kbps  294031][tx 5864491 pps   31872 kbps  786891][Total Msgs_Rcvd 1195176]
[0m[HW]     [o_du0][pusch0 1195164 prach0       0]
[0m[PHY]    prach_I0 = 0.0 dB
[0m[NR_MAC] Frame.Slot 128.0

[0m[HW]     [o-du 0][rx 1204392 pps    9216 kbps  293949][tx 5896363 pps   31872 kbps  786891][Total Msgs_Rcvd 1204392]
[0m[HW]     [o_du0][pusch0 1204380 prach0       0]
[0m[NR_MAC] Frame.Slot 256.0

[0m[PHY]    [MAC SCHED] frame 256, slot 0: DL_req has 3 PDUs
[0m[PHY]    [MAC SCHED]   PDU[0]: type=SSB (3)
[0m[PHY]    [MAC SCHED]   PDU[1]: type=PDCCH (0)
[0m[PHY]    [MAC SCHED]   PDU[2]: type=PDSCH (1)
[0m[HW]     [o-du 0][rx 1213608 pps    9216 kbps  293990][tx 5928235 pps   31872 kbps  786891][Total Msgs_Rcvd 1213608]
[0m[HW]     [o_du0][pusch0 1213596 prach0       0]
[0m[NR_MAC] Frame.Slot 384.0

[0m[HW]     [o-du 0][rx 1222824 pps    9216 kbps  293990][tx 5960107 pps   31872 kbps  786891][Total Msgs_Rcvd 1222824]
[0m[HW]     [o_du0][pusch0 1222812 prach0       0]
[0m[NR_MAC] Frame.Slot 512.0

[0m[PHY]    [MAC SCHED] frame 512, slot 0: DL_req has 3 PDUs
[0m[PHY]    [MAC SCHED]   PDU[0]: type=SSB (3)
[0m[PHY]    [MAC SCHED]   PDU[1]: type=PDCCH (0)
[0m[PHY]    [MAC SCHED]   PDU[2]: type=PDSCH (1)
[0m[HW]     [o-du 0][rx 1232040 pps    9216 kbps  294031][tx 5991979 pps   31872 kbps  786891][Total Msgs_Rcvd 1232040]
[0m[HW]     [o_du0][pusch0 1232028 prach0       0]
[0m[NR_MAC] Frame.Slot 640.0

[0m[HW]     [o-du 0][rx 1241256 pps    9216 kbps  293990][tx 6023851 pps   31872 kbps  786891][Total Msgs_Rcvd 1241256]
[0m[HW]     [o_du0][pusch0 1241244 prach0       0]
[0m[NR_MAC] Frame.Slot 768.0

[0m[PHY]    [MAC SCHED] frame 768, slot 0: DL_req has 3 PDUs
[0m[PHY]    [MAC SCHED]   PDU[0]: type=SSB (3)
[0m[PHY]    [MAC SCHED]   PDU[1]: type=PDCCH (0)
[0m[PHY]    [MAC SCHED]   PDU[2]: type=PDSCH (1)
[0m[HW]     [o-du 0][rx 1250472 pps    9216 kbps  293990][tx 6055723 pps   31872 kbps  786891][Total Msgs_Rcvd 1250472]
[0m[HW]     [o_du0][pusch0 1250460 prach0       0]
[0m[NR_MAC] Frame.Slot 896.0

[0m[HW]     [o-du 0][rx 1259688 pps    9216 kbps  293990][tx 6087595 pps   31872 kbps  786891][Total Msgs_Rcvd 1259688]
[0m[HW]     [o_du0][pusch0 1259676 prach0       0]
[0m[NR_MAC] Frame.Slot 0.0

[0m[PHY]    [MAC SCHED] frame 0, slot 0: DL_req has 3 PDUs
[0m[PHY]    [MAC SCHED]   PDU[0]: type=SSB (3)
[0m[PHY]    [MAC SCHED]   PDU[1]: type=PDCCH (0)
[0m[PHY]    [MAC SCHED]   PDU[2]: type=PDSCH (1)
[0m[HW]     [o-du 0][rx 1268904 pps    9216 kbps  293990][tx 6119467 pps   31872 kbps  786891][Total Msgs_Rcvd 1268904]
[0m[HW]     [o_du0][pusch0 1268892 prach0       0]
[0m[PHY]    prach_I0 = 0.0 dB
[0m[NR_MAC] Frame.Slot 128.0

[0m[HW]     [o-du 0][rx 1278120 pps    9216 kbps  293990][tx 6151339 pps   31872 kbps  786891][Total Msgs_Rcvd 1278120]
[0m[HW]     [o_du0][pusch0 1278108 prach0       0]
[0m[NR_MAC] Frame.Slot 256.0

[0m[PHY]    [MAC SCHED] frame 256, slot 0: DL_req has 3 PDUs
[0m[PHY]    [MAC SCHED]   PDU[0]: type=SSB (3)
[0m[PHY]    [MAC SCHED]   PDU[1]: type=PDCCH (0)
[0m[PHY]    [MAC SCHED]   PDU[2]: type=PDSCH (1)
[0m[HW]     [o-du 0][rx 1287336 pps    9216 kbps  293990][tx 6183211 pps   31872 kbps  786891][Total Msgs_Rcvd 1287336]
[0m[HW]     [o_du0][pusch0 1287324 prach0       0]
[0m[NR_MAC] Frame.Slot 384.0

[0m[HW]     [o-du 0][rx 1296552 pps    9216 kbps  293990][tx 6215083 pps   31872 kbps  786891][Total Msgs_Rcvd 1296552]
[0m[HW]     [o_du0][pusch0 1296540 prach0       0]
[0m[NR_MAC] Frame.Slot 512.0

[0m[PHY]    [MAC SCHED] frame 512, slot 0: DL_req has 3 PDUs
[0m[PHY]    [MAC SCHED]   PDU[0]: type=SSB (3)
[0m[PHY]    [MAC SCHED]   PDU[1]: type=PDCCH (0)
[0m[PHY]    [MAC SCHED]   PDU[2]: type=PDSCH (1)
[0m[HW]     [o-du 0][rx 1305768 pps    9216 kbps  293990][tx 6246955 pps   31872 kbps  786891][Total Msgs_Rcvd 1305768]
[0m[HW]     [o_du0][pusch0 1305756 prach0       0]
[0m[NR_MAC] Frame.Slot 640.0

[0m[HW]     [o-du 0][rx 1314984 pps    9216 kbps  293990][tx 6278827 pps   31872 kbps  786891][Total Msgs_Rcvd 1314984]
[0m[HW]     [o_du0][pusch0 1314972 prach0       0]
[0m[NR_MAC] Frame.Slot 768.0

[0m[PHY]    [MAC SCHED] frame 768, slot 0: DL_req has 3 PDUs
[0m[PHY]    [MAC SCHED]   PDU[0]: type=SSB (3)
[0m[PHY]    [MAC SCHED]   PDU[1]: type=PDCCH (0)
[0m[PHY]    [MAC SCHED]   PDU[2]: type=PDSCH (1)
[0m[HW]     [o-du 0][rx 1324200 pps    9216 kbps  293990][tx 6310699 pps   31872 kbps  786891][Total Msgs_Rcvd 1324200]
[0m[HW]     [o_du0][pusch0 1324188 prach0       0]
[0m[NR_MAC] Frame.Slot 896.0

[0m[HW]     [o-du 0][rx 1333416 pps    9216 kbps  293990][tx 6342571 pps   31872 kbps  786891][Total Msgs_Rcvd 1333416]
[0m[HW]     [o_du0][pusch0 1333404 prach0       0]
[0m[NR_MAC] Frame.Slot 0.0

[0m[PHY]    [MAC SCHED] frame 0, slot 0: DL_req has 3 PDUs
[0m[PHY]    [MAC SCHED]   PDU[0]: type=SSB (3)
[0m[PHY]    [MAC SCHED]   PDU[1]: type=PDCCH (0)
[0m[PHY]    [MAC SCHED]   PDU[2]: type=PDSCH (1)
[0m[HW]     [o-du 0][rx 1342632 pps    9216 kbps  293990][tx 6374443 pps   31872 kbps  786891][Total Msgs_Rcvd 1342632]
[0m[HW]     [o_du0][pusch0 1342620 prach0       0]
[0m[PHY]    prach_I0 = 0.0 dB
[0m[NR_MAC] Frame.Slot 128.0

[0m[HW]     [o-du 0][rx 1351848 pps    9216 kbps  293949][tx 6406315 pps   31872 kbps  786891][Total Msgs_Rcvd 1351848]
[0m[HW]     [o_du0][pusch0 1351836 prach0       0]
[0m[NR_MAC] Frame.Slot 256.0

[0m[PHY]    [MAC SCHED] frame 256, slot 0: DL_req has 3 PDUs
[0m[PHY]    [MAC SCHED]   PDU[0]: type=SSB (3)
[0m[PHY]    [MAC SCHED]   PDU[1]: type=PDCCH (0)
[0m[PHY]    [MAC SCHED]   PDU[2]: type=PDSCH (1)
[0m[HW]     [o-du 0][rx 1361064 pps    9216 kbps  293990][tx 6438187 pps   31872 kbps  786891][Total Msgs_Rcvd 1361064]
[0m[HW]     [o_du0][pusch0 1361052 prach0       0]
[0m[NR_MAC] Frame.Slot 384.0

[0m[HW]     [o-du 0][rx 1370280 pps    9216 kbps  293949][tx 6470059 pps   31872 kbps  786891][Total Msgs_Rcvd 1370280]
[0m[HW]     [o_du0][pusch0 1370268 prach0       0]
[0m[NR_MAC] Frame.Slot 512.0

[0m[PHY]    [MAC SCHED] frame 512, slot 0: DL_req has 3 PDUs
[0m[PHY]    [MAC SCHED]   PDU[0]: type=SSB (3)
[0m[PHY]    [MAC SCHED]   PDU[1]: type=PDCCH (0)
[0m[PHY]    [MAC SCHED]   PDU[2]: type=PDSCH (1)
[0m[HW]     [o-du 0][rx 1379496 pps    9216 kbps  294031][tx 6501931 pps   31872 kbps  786891][Total Msgs_Rcvd 1379496]
[0m[HW]     [o_du0][pusch0 1379484 prach0       0]
[0m[NR_MAC] Frame.Slot 640.0

[0m[HW]     [o-du 0][rx 1388712 pps    9216 kbps  293949][tx 6533803 pps   31872 kbps  786891][Total Msgs_Rcvd 1388712]
[0m[HW]     [o_du0][pusch0 1388700 prach0       0]
[0m[NR_MAC] Frame.Slot 768.0

[0m[PHY]    [MAC SCHED] frame 768, slot 0: DL_req has 3 PDUs
[0m[PHY]    [MAC SCHED]   PDU[0]: type=SSB (3)
[0m[PHY]    [MAC SCHED]   PDU[1]: type=PDCCH (0)
[0m[PHY]    [MAC SCHED]   PDU[2]: type=PDSCH (1)
[0m[HW]     [o-du 0][rx 1397928 pps    9216 kbps  293990][tx 6565675 pps   31872 kbps  786891][Total Msgs_Rcvd 1397928]
[0m[HW]     [o_du0][pusch0 1397916 prach0       0]
[0m[NR_MAC] Frame.Slot 896.0

[0m[HW]     [o-du 0][rx 1407144 pps    9216 kbps  293990][tx 6597547 pps   31872 kbps  786891][Total Msgs_Rcvd 1407144]
[0m[HW]     [o_du0][pusch0 1407132 prach0       0]
[0m[NR_MAC] Frame.Slot 0.0

[0m[PHY]    [MAC SCHED] frame 0, slot 0: DL_req has 3 PDUs
[0m[PHY]    [MAC SCHED]   PDU[0]: type=SSB (3)
[0m[PHY]    [MAC SCHED]   PDU[1]: type=PDCCH (0)
[0m[PHY]    [MAC SCHED]   PDU[2]: type=PDSCH (1)
[0m[HW]     [o-du 0][rx 1416360 pps    9216 kbps  293990][tx 6629419 pps   31872 kbps  786891][Total Msgs_Rcvd 1416360]
[0m[HW]     [o_du0][pusch0 1416348 prach0       0]
[0m[PHY]    prach_I0 = 0.0 dB
[0m[NR_MAC] Frame.Slot 128.0

[0m[HW]     [o-du 0][rx 1425576 pps    9216 kbps  293990][tx 6661291 pps   31872 kbps  786891][Total Msgs_Rcvd 1425576]
[0m[HW]     [o_du0][pusch0 1425564 prach0       0]
[0m[NR_MAC] Frame.Slot 256.0

[0m[PHY]    [MAC SCHED] frame 256, slot 0: DL_req has 3 PDUs
[0m[PHY]    [MAC SCHED]   PDU[0]: type=SSB (3)
[0m[PHY]    [MAC SCHED]   PDU[1]: type=PDCCH (0)
[0m[PHY]    [MAC SCHED]   PDU[2]: type=PDSCH (1)
[0m[HW]     [o-du 0][rx 1434792 pps    9216 kbps  293990][tx 6693163 pps   31872 kbps  786891][Total Msgs_Rcvd 1434792]
[0m[HW]     [o_du0][pusch0 1434780 prach0       0]
[0m[NR_MAC] Frame.Slot 384.0

[0m[HW]     [o-du 0][rx 1444008 pps    9216 kbps  293949][tx 6725035 pps   31872 kbps  786891][Total Msgs_Rcvd 1444008]
[0m[HW]     [o_du0][pusch0 1443996 prach0       0]
[0m[NR_MAC] Frame.Slot 512.0

[0m[PHY]    [MAC SCHED] frame 512, slot 0: DL_req has 3 PDUs
[0m[PHY]    [MAC SCHED]   PDU[0]: type=SSB (3)
[0m[PHY]    [MAC SCHED]   PDU[1]: type=PDCCH (0)
[0m[PHY]    [MAC SCHED]   PDU[2]: type=PDSCH (1)
[0m[HW]     [o-du 0][rx 1453224 pps    9216 kbps  294031][tx 6756907 pps   31872 kbps  786891][Total Msgs_Rcvd 1453224]
[0m[HW]     [o_du0][pusch0 1453212 prach0       0]
[0m[NR_MAC] Frame.Slot 640.0

[0m[HW]     [o-du 0][rx 1462440 pps    9216 kbps  293949][tx 6788779 pps   31872 kbps  786891][Total Msgs_Rcvd 1462440]
[0m[HW]     [o_du0][pusch0 1462428 prach0       0]
[0m[NR_MAC] Frame.Slot 768.0

[0m[PHY]    [MAC SCHED] frame 768, slot 0: DL_req has 3 PDUs
[0m[PHY]    [MAC SCHED]   PDU[0]: type=SSB (3)
[0m[PHY]    [MAC SCHED]   PDU[1]: type=PDCCH (0)
[0m[PHY]    [MAC SCHED]   PDU[2]: type=PDSCH (1)
[0m[HW]     [o-du 0][rx 1471656 pps    9216 kbps  293990][tx 6820651 pps   31872 kbps  786891][Total Msgs_Rcvd 1471656]
[0m[HW]     [o_du0][pusch0 1471644 prach0       0]
[0m[NR_MAC] Frame.Slot 896.0

[0m[HW]     [o-du 0][rx 1480872 pps    9216 kbps  294031][tx 6852523 pps   31872 kbps  786891][Total Msgs_Rcvd 1480872]
[0m[HW]     [o_du0][pusch0 1480860 prach0       0]
[0m[NR_MAC] Frame.Slot 0.0

[0m[PHY]    [MAC SCHED] frame 0, slot 0: DL_req has 3 PDUs
[0m[PHY]    [MAC SCHED]   PDU[0]: type=SSB (3)
[0m[PHY]    [MAC SCHED]   PDU[1]: type=PDCCH (0)
[0m[PHY]    [MAC SCHED]   PDU[2]: type=PDSCH (1)
[0m[HW]     [o-du 0][rx 1490088 pps    9216 kbps  293949][tx 6884395 pps   31872 kbps  786891][Total Msgs_Rcvd 1490088]
[0m[HW]     [o_du0][pusch0 1490076 prach0       0]
[0m[PHY]    prach_I0 = 0.0 dB
[0m[NR_MAC] Frame.Slot 128.0

[0m[HW]     [o-du 0][rx 1499304 pps    9216 kbps  293990][tx 6916267 pps   31872 kbps  786891][Total Msgs_Rcvd 1499304]
[0m[HW]     [o_du0][pusch0 1499292 prach0       0]
[0m[NR_MAC] Frame.Slot 256.0

[0m[PHY]    [MAC SCHED] frame 256, slot 0: DL_req has 3 PDUs
[0m[PHY]    [MAC SCHED]   PDU[0]: type=SSB (3)
[0m[PHY]    [MAC SCHED]   PDU[1]: type=PDCCH (0)
[0m[PHY]    [MAC SCHED]   PDU[2]: type=PDSCH (1)
[0m[HW]     [o-du 0][rx 1508520 pps    9216 kbps  293990][tx 6948139 pps   31872 kbps  786891][Total Msgs_Rcvd 1508520]
[0m[HW]     [o_du0][pusch0 1508508 prach0       0]
[0m[NR_MAC] Frame.Slot 384.0

[0m[HW]     [o-du 0][rx 1517736 pps    9216 kbps  293990][tx 6980011 pps   31872 kbps  786891][Total Msgs_Rcvd 1517736]
[0m[HW]     [o_du0][pusch0 1517724 prach0       0]
[0m[NR_MAC] Frame.Slot 512.0

[0m[PHY]    [MAC SCHED] frame 512, slot 0: DL_req has 3 PDUs
[0m[PHY]    [MAC SCHED]   PDU[0]: type=SSB (3)
[0m[PHY]    [MAC SCHED]   PDU[1]: type=PDCCH (0)
[0m[PHY]    [MAC SCHED]   PDU[2]: type=PDSCH (1)
[0m[HW]     [o-du 0][rx 1526952 pps    9216 kbps  294031][tx 7011883 pps   31872 kbps  786891][Total Msgs_Rcvd 1526952]
[0m[HW]     [o_du0][pusch0 1526940 prach0       0]
[0m[NR_MAC] Frame.Slot 640.0

[0m[HW]     [o-du 0][rx 1536168 pps    9216 kbps  293990][tx 7043755 pps   31872 kbps  786891][Total Msgs_Rcvd 1536168]
[0m[HW]     [o_du0][pusch0 1536156 prach0       0]
[0m[NR_MAC] Frame.Slot 768.0

[0m[PHY]    [MAC SCHED] frame 768, slot 0: DL_req has 3 PDUs
[0m[PHY]    [MAC SCHED]   PDU[0]: type=SSB (3)
[0m[PHY]    [MAC SCHED]   PDU[1]: type=PDCCH (0)
[0m[PHY]    [MAC SCHED]   PDU[2]: type=PDSCH (1)
[0m[HW]     [o-du 0][rx 1545384 pps    9216 kbps  294031][tx 7075627 pps   31872 kbps  786891][Total Msgs_Rcvd 1545384]
[0m[HW]     [o_du0][pusch0 1545372 prach0       0]
[0m[NR_MAC] Frame.Slot 896.0

[0m[HW]     [o-du 0][rx 1554600 pps    9216 kbps  293949][tx 7107499 pps   31872 kbps  786891][Total Msgs_Rcvd 1554600]
[0m[HW]     [o_du0][pusch0 1554588 prach0       0]
[0m[NR_MAC] Frame.Slot 0.0

[0m[PHY]    [MAC SCHED] frame 0, slot 0: DL_req has 3 PDUs
[0m[PHY]    [MAC SCHED]   PDU[0]: type=SSB (3)
[0m[PHY]    [MAC SCHED]   PDU[1]: type=PDCCH (0)
[0m[PHY]    [MAC SCHED]   PDU[2]: type=PDSCH (1)
[0m[HW]     [o-du 0][rx 1563816 pps    9216 kbps  293990][tx 7139371 pps   31872 kbps  786891][Total Msgs_Rcvd 1563816]
[0m[HW]     [o_du0][pusch0 1563804 prach0       0]
[0m[PHY]    prach_I0 = 0.0 dB
[0m[NR_MAC] Frame.Slot 128.0

[0m[HW]     [o-du 0][rx 1573032 pps    9216 kbps  293949][tx 7171243 pps   31872 kbps  786891][Total Msgs_Rcvd 1573032]
[0m[HW]     [o_du0][pusch0 1573020 prach0       0]
[0m[NR_MAC] Frame.Slot 256.0

[0m[PHY]    [MAC SCHED] frame 256, slot 0: DL_req has 3 PDUs
[0m[PHY]    [MAC SCHED]   PDU[0]: type=SSB (3)
[0m[PHY]    [MAC SCHED]   PDU[1]: type=PDCCH (0)
[0m[PHY]    [MAC SCHED]   PDU[2]: type=PDSCH (1)
[0m[HW]     [o-du 0][rx 1582248 pps    9216 kbps  293990][tx 7203115 pps   31872 kbps  786891][Total Msgs_Rcvd 1582248]
[0m[HW]     [o_du0][pusch0 1582236 prach0       0]
[0m[NR_MAC] Frame.Slot 384.0

[0m[HW]     [o-du 0][rx 1591464 pps    9216 kbps  293990][tx 7234987 pps   31872 kbps  786891][Total Msgs_Rcvd 1591464]
[0m[HW]     [o_du0][pusch0 1591452 prach0       0]
[0m[NR_MAC] Frame.Slot 512.0

[0m[PHY]    [MAC SCHED] frame 512, slot 0: DL_req has 3 PDUs
[0m[PHY]    [MAC SCHED]   PDU[0]: type=SSB (3)
[0m[PHY]    [MAC SCHED]   PDU[1]: type=PDCCH (0)
[0m[PHY]    [MAC SCHED]   PDU[2]: type=PDSCH (1)
[0m[HW]     [o-du 0][rx 1600680 pps    9216 kbps  293949][tx 7266859 pps   31872 kbps  786891][Total Msgs_Rcvd 1600680]
[0m[HW]     [o_du0][pusch0 1600668 prach0       0]
[0m[NR_MAC] Frame.Slot 640.0

[0m[HW]     [o-du 0][rx 1609896 pps    9216 kbps  293990][tx 7298731 pps   31872 kbps  786891][Total Msgs_Rcvd 1609896]
[0m[HW]     [o_du0][pusch0 1609884 prach0       0]
[0m[NR_MAC] Frame.Slot 768.0

[0m[PHY]    [MAC SCHED] frame 768, slot 0: DL_req has 3 PDUs
[0m[PHY]    [MAC SCHED]   PDU[0]: type=SSB (3)
[0m[PHY]    [MAC SCHED]   PDU[1]: type=PDCCH (0)
[0m[PHY]    [MAC SCHED]   PDU[2]: type=PDSCH (1)
[0m[HW]     [o-du 0][rx 1619112 pps    9216 kbps  293990][tx 7330603 pps   31872 kbps  786891][Total Msgs_Rcvd 1619112]
[0m[HW]     [o_du0][pusch0 1619100 prach0       0]
[0m[NR_MAC] Frame.Slot 896.0

[0m[HW]     [o-du 0][rx 1628328 pps    9216 kbps  293990][tx 7362475 pps   31872 kbps  786891][Total Msgs_Rcvd 1628328]
[0m[HW]     [o_du0][pusch0 1628316 prach0       0]
[0m[NR_MAC] Frame.Slot 0.0

[0m[PHY]    [MAC SCHED] frame 0, slot 0: DL_req has 3 PDUs
[0m[PHY]    [MAC SCHED]   PDU[0]: type=SSB (3)
[0m[PHY]    [MAC SCHED]   PDU[1]: type=PDCCH (0)
[0m[PHY]    [MAC SCHED]   PDU[2]: type=PDSCH (1)
[0m[HW]     [o-du 0][rx 1637544 pps    9216 kbps  293990][tx 7394347 pps   31872 kbps  786891][Total Msgs_Rcvd 1637544]
[0m[HW]     [o_du0][pusch0 1637532 prach0       0]
[0m[PHY]    prach_I0 = 0.0 dB
[0m[NR_MAC] Frame.Slot 128.0

[0m[HW]     [o-du 0][rx 1646760 pps    9216 kbps  294031][tx 7426219 pps   31872 kbps  786891][Total Msgs_Rcvd 1646760]
[0m[HW]     [o_du0][pusch0 1646748 prach0       0]
[0m[NR_MAC] Frame.Slot 256.0

[0m[PHY]    [MAC SCHED] frame 256, slot 0: DL_req has 3 PDUs
[0m[PHY]    [MAC SCHED]   PDU[0]: type=SSB (3)
[0m[PHY]    [MAC SCHED]   PDU[1]: type=PDCCH (0)
[0m[PHY]    [MAC SCHED]   PDU[2]: type=PDSCH (1)
[0m[HW]     [o-du 0][rx 1647246 pps     486 kbps  137726][tx 7458091 pps   31872 kbps  786891][Total Msgs_Rcvd 1647246]
[0m[HW]     [o_du0][pusch0 1647234 prach0       0]
[0m[NR_MAC] Frame.Slot 384.0

[0m[HW]     [o-du 0][rx 1647246 pps       0 kbps       0][tx 7489963 pps   31872 kbps  786891][Total Msgs_Rcvd 1647246]
[0m[HW]     [o_du0][pusch0 1647234 prach0       0]
[0m[NR_MAC] Frame.Slot 512.0

[0m[PHY]    [MAC SCHED] frame 512, slot 0: DL_req has 3 PDUs
[0m[PHY]    [MAC SCHED]   PDU[0]: type=SSB (3)
[0m[PHY]    [MAC SCHED]   PDU[1]: type=PDCCH (0)
[0m[PHY]    [MAC SCHED]   PDU[2]: type=PDSCH (1)
[0m[HW]     [o-du 0][rx 1647246 pps       0 kbps       0][tx 7521835 pps   31872 kbps  786891][Total Msgs_Rcvd 1647246]
[0m[HW]     [o_du0][pusch0 1647234 prach0       0]
[0m