Logging terminal output to /home/jesse/oran_lab/logs/run_du/run_du_20260526_115537_pid3555970.log
DU cores: 4,5,6,7,8,9,17,18
DU numerology: 1
AnonHugePages:         0 kB
ShmemHugePages:        0 kB
FileHugePages:    333824 kB
HugePages_Total:    8192
HugePages_Free:     4096
HugePages_Rsvd:        0
HugePages_Surp:        0
Hugepagesize:       2048 kB
Hugetlb:        16777216 kB
CMDLINE: "./nr-softmodem" "-O" "/home/jesse/oran_lab/du_test.conf" "--gNBs.[0].min_rxtxtime" "6" "--thread-pool" "4,5,6,7" "--numerology" "1" 
[HW]     Version: Branch: compression-plus-timing-fix Abrev. Hash: 3b10464162 Date: Tue May 26 09:32:18 2026 -0700
[0m[PHY]    No prs_config configuration found..!!
[0m[PHY]    DL frequency 4049760000 Hz, UL frequency 4049760000 Hz: uldl offset 0 Hz
[0m[PHY]    Initializing frame parms for mu 1, N_RB 24, Ncp 0
[0m[PHY]    Init: N_RB_DL 24, first_carrier_offset 368, nb_prefix_samples 36,nb_prefix_samples0 44, ofdm_symbol_size 512
[0m[MAC]    received F1 Setup Response from CU (null)
[0m[MAC]    CU uses RRC version 17.3.0
[0m[MAC]    Clearing the DU's UE states before, if any.
[0m[MAC]    received gNB-DU configuration update acknowledge
[0m[PHY]    number of L1 instances 1, number of RU 1, number of CPU cores 32
[0m[PHY]    Initialized RU proc 0 (NGFI_RAU_IF4p5,synch_to_ext_device),
[0m[PHY]    Starting RU 0 (NGFI_RAU_IF4p5,synch_to_ext_device) on cpu 4
[0m[PHY]    Initializing frame parms for mu 1, N_RB 24, Ncp 0
[0m[PHY]    Init: N_RB_DL 24, first_carrier_offset 368, nb_prefix_samples 36,nb_prefix_samples0 44, ofdm_symbol_size 512
[0m[PHY]    fp->scs=30000
[0m[PHY]    fp->ofdm_symbol_size=512
[0m[PHY]    fp->nb_prefix_samples0=44
[0m[PHY]    fp->nb_prefix_samples=36
[0m[PHY]    fp->slots_per_subframe=2
[0m[PHY]    fp->samples_per_subframe_wCP=14336
[0m[PHY]    fp->samples_per_frame_wCP=143360
[0m[PHY]    fp->samples_per_subframe=15360
[0m[PHY]    fp->samples_per_frame=153600
[0m[PHY]    fp->dl_CarrierFreq=4049760000
[0m[PHY]    fp->ul_CarrierFreq=4049760000
[0m[PHY]    fp->Nid_cell=0
[0m[PHY]    fp->first_carrier_offset=368
[0m[PHY]    fp->ssb_start_subcarrier=0
[0m[PHY]    fp->Ncp=0
[0m[PHY]    fp->N_RB_DL=24
[0m[PHY]    fp->numerology_index=1
[0m[PHY]    fp->ofdm_offset_divisor=8
[0m[PHY]    fp->threequarter_fs=0
[0m[PHY]    fp->sl_CarrierFreq=0
[0m[PHY]    fp->N_RB_SL=0
[0m[PHY]    Setting RF config for N_RB 24, NB_RX 1, NB_TX 1
[0m[PHY]    tune_offset 0 Hz, sample_rate 15360000 Hz
[0m[PHY]    Channel 0: setting tx_gain offset 0, tx_freq 4049760000 Hz
[0m[PHY]    Channel 0: setting rx_gain offset 0, rx_freq 4049760000 Hz
[0m[PHY]    starting transport
[0m[32m[PHY]    Initializing XRAN layer as O-DU
[0m[HW]     Initializing O-RAN 7.2 FH interface through xran library (compiled against headers of oran_f_release_v1.8)
[0mEAL: Detected 32 lcore(s)
EAL: Detected 1 NUMA nodes
EAL: Auto-detected process type: PRIMARY
EAL: Detected shared linkage of DPDK
EAL: Multi-process socket /var/run/dpdk/wls_0/mp_socket
EAL: Selected IOVA mode 'PA'
EAL: No available hugepages reported in hugepages-1048576kB
EAL: Probing VFIO support...
EAL: VFIO support initialized
EAL: Probe PCI driver: net_i40e_vf (8086:154c) device: 0000:06:02.2 (socket 0)
[CONFIG] function config_libconfig_init returned 0
xran_fh_init:
  io_cfg:
    id 0 (O-DU)
    num_vfs 2
    num_rxq 1
    dpdk_dev [0000:06:02.2, 0000:06:02.3, (null), (null), (null), (null), (null), (null), (null), (null), (null), (null), (null), (null), (null), (null)]
    bbdev_dev (null)
    bbdev_mode -1
    dpdkIoVaMode 0
    dpdkMemorySize 8192
    core 9
    system_core 8
    pkt_proc_core 0000000000060000
    pkt_proc_core_64_127 0000000000000000
    pkt_aux_core 0
    timing_core 9
    port (filled within xran library)
    io_sleep 0
    nEthLinePerPort 1
    nEthLineSpeed 10
    one_vf_cu_plane 0
    eowd_cmn[0]:
      initiator_en 0
      numberOfSamples 0
      filterType 0
      responseTo 0
      measVf 0
      measState 0
      measId 0
      measMethod 0
      owdm_enable 0
      owdm_PlLength 0
eowd_port (filled within xran library)
    bbu_offload 0
  eAxCId_conf:
    mask_cuPortId 0xf000
    mask_bandSectorId 0x0f00
    mask_ccId 0x00f0
    mask_ruPortId 0x000f
    bit_cuPortId 0
    bit_bandSectorId 0
    bit_ccId 0
    bit_ruPortId 0
  xran_ports 1
  dpdkBasebandFecMode 0
  dpdkBasebandDevice (null)
  filePrefix wls_0
  mtu 9600
  p_o_du_addr (null)
  p_o_ru_addr [00:11:22:33:64:66, 00:11:22:33:64:67]
  totalBfWeights 0
  mlogxranenable 0
  dlCpProcBurst 0
'DPDK 20.11.9'
 xran_init: MTU 9600
PF Eth line speed 10G
PF Eth lines per O-xU port 1
RX HW queues per O-xU Eth line 1 
node 0
total cores 32 c_mask 0x00000000000060300 core 9 [id] system_core 8 [id] pkt_proc_core 0x00000000000060000 [mask] pkt_aux_core 0 [id] timing_core 9 [id]
xran_ethdi_init_dpdk_io: Calling rte_eal_init:wls_0 -c 0x00000000000060300 -n2 --iova-mode=pa --socket-mem=8192,0 --socket-limit=8192,0 --proc-type=auto --no-telemetry --file-prefix wls_0 -a0000:00:00.0    
xran_init_mbuf_pool: socket 0
initializing port 0 for TX, drv=net_i40e_vf
Port 0 MAC: 00 11 22 33 64 68
Port 0: nb_rxd 4096 nb_txd 4096
[0] mp_rx__p_0_q_0 num blocks 65535
[0] mempool_small__0

Checking link status portid [0]  EAL: Probe PCI driver: net_i40e_vf (8086:154c) device: 0000:06:02.3 (socket 0)
skipped by XRAN_SKIP_LINK_CHECK
initializing port 1 for TX, drv=net_i40e_vf
Port 1 MAC: 00 11 22 33 64 69
Port 1: nb_rxd 4096 nb_txd 4096
[1] mp_rx__p_1_q_0 num blocks 65535
[1] mempool_small__1
Created ring tx_ring_cp_1 on core 9
Created ring rx_ring_cp_1_0 on core 9

Checking link status portid [1]  [93m[HW]     XRAN modifed affinity. Correcting affinity of caller
[0mskipped by XRAN_SKIP_LINK_CHECK
[ 0] vf  0 local  SRC MAC: 00 11 22 33 64 68
[ 0] vf  0 remote DST MAC: 00 11 22 33 64 66
[ 0] vf  1 local  SRC MAC: 00 11 22 33 64 69
[ 0] vf  1 remote DST MAC: 00 11 22 33 64 67
created dl_gen_ring_up_0 on core 9
xran_fh_config:
  dpdk_port 0
  sector_id 0
  nCC 1
  neAxc 1
  neAxcUl 0
  nAntElmTRx 0
  nDLFftSize 9
  nULFftSize 9
  nDLRBs 24
  nULRBs 24
  nDLAbsFrePointA 0
  nULAbsFrePointA 0
  nDLCenterFreqARFCN 0
  nULCenterFreqARFCN 0
  ttiCb (nil)
  ttiCbParam (nil)
  Tadv_cp_dl 0
  T2a_min_cp_dl 0
  T2a_max_cp_dl 0
  T2a_min_cp_ul 0
  T2a_max_cp_ul 0
  T2a_min_up 0
  T2a_max_up 0
  Ta3_min 0
  Ta3_max 0
  T1a_min_cp_dl 285
  T1a_max_cp_dl 470
  T1a_min_cp_ul 285
  T1a_max_cp_ul 535
  T1a_min_up 300
  T1a_max_up 450
  Ta4_min 400
  Ta4_max 440
  enableCP 1
  prachEnable 1
  srsEnable 0
  puschMaskEnable 0
  puschMaskSlot 0
  cp_vlan_tag 0
  up_vlan_tag 0
  debugStop 0
  debugStopCount 0
  DynamicSectionEna 0
  GPS_Alpha 0
  GPS_Beta -9000
  srsEnableCp 0
  SrsDelaySym 0
  prach_config:
    nPrachConfIdx 159
    nPrachSubcSpacing 1
    nPrachZeroCorrConf 0
    nPrachRestrictSet 0
    nPrachRootSeqIdx 0
    nPrachFreqStart 0
    nPrachFreqOffset -288
    nPrachFilterIdx 0
    startSymId 0
    lastSymId 0
    startPrbc 0
    numPrbc 0
    timeOffset 0
    freqOffset 0
    eAxC_offset 1
    nPrachConfIdxLTE 0
  srs_config:
    symbMask 0000
    eAxC_offset 0
  frame_conf:
    nFrameDuplexType TDD
    nNumerology 1
    nTddPeriod 5
    sSlotConfig[0]: DDDDDDDDDDDDDD
    sSlotConfig[1]: DDDDDDDDDDDDDD
    sSlotConfig[2]: DDDDDDDDDDDDDD
    sSlotConfig[3]: DDDDDDGGGGUUUU
    sSlotConfig[4]: UUUUUUUUUUUUUU
  ru_config:
    xranTech NR
    xranCat A
    xranCompHdrType dynamic
    iqWidth 9
    compMeth 1
    iqWidth_PRACH 9
    compMeth_PRACH 1
    fftSize 8
    byteOrder network/BE
    iqOrder I_Q
    xran_max_frame 0
  bbdev_enc (nil)
  bbdev_dec (nil)
  tx_cp_eAxC2Vf 0x79e2b8fdd4b0
  tx_up_eAxC2Vf 0x79e2b8fde0b0
  rx_cp_eAxC2Vf 0x79e2b8fdecb0
  rx_up_eAxC2Vf 0x79e2b8fdf8b0
  log_level 1
  max_sections_per_slot 0
  max_sections_per_symbol 0
  RunSlotPrbMapBySymbolEnable 0
  LiteOnIgnoreUPSectionIdEnable 0
  dssEnable 0
  dssPeriod 0
  technology[XRAN_MAX_DSS_PERIODICITY] (not filled as DSS disabled)
 xran_open: 5G NR Category A
xRAN open PRACH config: Numerology 1 ConfIdx 159, preambleFmrt 10 startsymb 0, numSymbol 12, occassionsInPrachSlot 1
PRACH: x 1 y[0] 0, y[1] 0 prach slot: 9 ..
PRACH start symbol 0 lastsymbol 11
xran_init_vfs_mapping: p 0 vf 0
xran_init_vfs_mapping: p 0 vf 1
xran_open: interval_us=500, interval_us_local=500
bbu_offload 0
XRAN_UP_VF: 0x0000
xran_timing_source_thread [CPU  9] [PID: 3555994]
TTI interval 500 [us]
O-XU      0
HW        0
Num cores 3
Num ports 1
O-RU Cat  0
O-RU CC   1
O-RU eAxC 1
p:0 XRAN_JOB_TYPE_CP_DL worker id 1
delay_cp_dl_max=30, sym_cp_dl_max=1, max_dl_offset_sym=13
delay_cp_dl_min=215, sym_cp_dl_min=5, min_dl_offset_sym=9
delay_cp_ul=465,     sym_cp_ul=0,     ul_offset_sym=14
offset_num_slots_cp_dl=0, offset_num_slots_cp_ul=1, offset_num_slots_up_ul=0
C-plane DL from 30 us after TTI  [trigger on sym 1] to 215 us after TTI [trigger on sym 5]
Start C-plane UL 465 us after TTI  [trigger on sym 0]
Start U-plane DL 450 us before OTA [offset  in sym -12]
Start U-plane UL 440 us OTA        [offset  in sym 13]
C-plane to U-plane delay 20 us after TTI
Start Sym timer 107142 ns
p:0 XRAN_JOB_TYPE_CP_UL worker id 1
created sym cp dl cb for symbol 1
created sym cp dl cb for symbol 2
created sym cp dl cb for symbol 3
created sym cp dl cb for symbol 4
created sym cp dl cb for symbol 5
p:0 XRAN_JOB_TYPE_CP_DL worker id 0
p:0 XRAN_JOB_TYPE_CP_UL worker id 0
xran_generic_worker_thread [CPU 17] [PID: 3555994]
spawn worker 0 core 17
xran_generic_worker_thread [CPU 18] [PID: 3555994]
spawn worker 1 core 18
xran_open [CPU  7] [PID: 3555994]
Waiting on Timing thread...
Initialize ORAN port instance 0 (1) sector 0
xran_sector_get_instances() o_xu_id 0 xran_handle 0x79e278f95040
xran_sector_get_instances [0]: CC 0 handle 0x79e2a016c740
Handle: 0x79e2c012f468 Instance: 0x[HW]     [RAU] has loaded ETHERNET trasport protocol.
[0m[PHY]    Starting IF interface for RU 0, nb_rx 1
[0m[PHY]    RU 0 Setting N_TA_offset to 200 samples (UL Freq 4045440, N_RB 24, mu 1)
[0m[PHY]    Signaling main thread that RU 0 is ready, sl_ahead 10
[0m[PHY]    L1 configured without analog beamforming
[0m[PHY]    Attaching RU 0 antenna 0 to gNB antenna 0
[0m[PHY]    got sync (ru_thread)
[0m[PHY]    got sync (L1_stats_thread)
[0m79e2a016c740
-> hInstance 0x79e2a016c740
ru_0_cc_0_idx_0: [ handle 0x79e2a016c740 0 0 ] [nPoolIndex 0] nNumberOfBuffers 511 nBufferSize 14116 socket_id 0
CC:[ handle 0x79e2a016c740 ru 0 cc_idx 0 ] [nPoolIndex 0] mb pool 0x284784540 
xran_bm_init() hInstance 0x79e2a016c740 poolIdx 0 elements 511 size 14116
xran_bm_allocate_buffer() hInstance 0x79e2a016c740 poolIdx 0 count 280
ru_0_cc_0_idx_1: [ handle 0x79e2a016c740 0 0 ] [nPoolIndex 1] nNumberOfBuffers 511 nBufferSize 4976 socket_id 0
CC:[ handle 0x79e2a016c740 ru 0 cc_idx 0 ] [nPoolIndex 1] mb pool 0x284786dc0 
xran_bm_init() hInstance 0x79e2a016c740 poolIdx 1 elements 511 size 4976
xran_bm_allocate_buffer() hInstance 0x79e2a016c740 poolIdx 1 count 20
ru_0_cc_0_idx_2: [ handle 0x79e2a016c740 0 0 ] [nPoolIndex 2] nNumberOfBuffers 511 nBufferSize 13168 socket_id 0
CC:[ handle 0x79e2a016c740 ru 0 cc_idx 0 ] [nPoolIndex 2] mb pool 0x284786940 
xran_bm_init() hInstance 0x79e2a016c740 poolIdx 2 elements 511 size 13168
xran_bm_allocate_buffer() hInstance 0x79e2a016c740 poolIdx 2 count 280
ru_0_cc_0_idx_3: [ handle 0x79e2a016c740 0 0 ] [nPoolIndex 3] nNumberOfBuffers 511 nBufferSize 4976 socket_id 0
CC:[ handle 0x79e2a016c740 ru 0 cc_idx 0 ] [nPoolIndex 3] mb pool 0x284786340 
xran_bm_init() hInstance 0x79e2a016c740 poolIdx 3 elements 511 size 4976
xran_bm_allocate_buffer() hInstance 0x79e2a016c740 poolIdx 3 count 20
ru_0_cc_0_idx_4: [ handle 0x79e2a016c740 0 0 ] [nPoolIndex 4] nNumberOfBuffers 511 nBufferSize 3360 socket_id 0
CC:[ handle 0x79e2a016c740 ru 0 cc_idx 0 ] [nPoolIndex 4] mb pool 0x284788d00 
xran_bm_init() hInstance 0x79e2a016c740 poolIdx 4 elements 511 size 3360
xran_bm_allocate_buffer() hInstance 0x79e2a016c740 poolIdx 4 count 280
ORAN: get_internal_parameter
ORAN: get_internal_parameter
ORAN: trx_oran_start
O-DU: XRAN start time: 05/26/26 18:55:41.460664474 UTC [500]
Start ORAN. Done
TYPE <CTRL-C> TO TERMINATE
[PHY]    RU 0 no rf device
[0m[PHY]    RU 0 RF started cpu_meas_enabled 0
[0m[HW]     [PUSCH BFP] ENTER: frame=0, slot=9, sym=0, ant=0, startRB=0, numRB=24, iqWidth=9, payload_len=672
[0m[HW]     [PUSCH BFP] Decompression returned, rsp.len=1152
[0m[HW]     [PUSCH BFP] ENTER: frame=0, slot=9, sym=1, ant=0, startRB=0, numRB=24, iqWidth=9, payload_len=672
[0m[HW]     [PUSCH BFP] Decompression returned, rsp.len=1152
[0m[HW]     [PUSCH BFP] ENTER: frame=0, slot=9, sym=2, ant=0, startRB=0, numRB=24, iqWidth=9, payload_len=672
[0m[HW]     [PUSCH BFP] Decompression returned, rsp.len=1152
[0m[HW]     [PUSCH BFP] ENTER: frame=0, slot=9, sym=3, ant=0, startRB=0, numRB=24, iqWidth=9, payload_len=672
[0m[HW]     [PUSCH BFP] Decompression returned, rsp.len=1152
[0m[HW]     [PUSCH BFP] ENTER: frame=0, slot=9, sym=4, ant=0, startRB=0, numRB=24, iqWidth=9, payload_len=672
[0m[HW]     [PUSCH BFP] Decompression returned, rsp.len=1152
[0m[93m[HW]     we get rach data from ru, but it is not scheduled 0.19
[0m[32m[PHY]    Command line parameters for OAI UE: -C 4049760000 -r 24 --numerology 1 --ssb 24 
[0m[HW]     [o-du 0][rx   10752 pps   10752 kbps   43002][tx   31916 pps   31916 kbps  108900][Total Msgs_Rcvd 10752]
[0m[HW]     [FH LOAD][o-du 0] rx=43.002 Mbps tx=108.900 Mbps total=151.902 Mbps rx_pps=10752 tx_pps=31916 total_pps=42668
[0m[HW]     [o_du0][pusch0    9216 prach0    1536]
[0m[HW]     [o-du 0][rx   21504 pps   10752 kbps   43008][tx   63788 pps   31872 kbps  108900][Total Msgs_Rcvd 21504]
[0m[HW]     [FH LOAD][o-du 0] rx=43.008 Mbps tx=108.900 Mbps total=151.908 Mbps rx_pps=10752 tx_pps=31872 total_pps=42624
[0m[HW]     [o_du0][pusch0   18432 prach0    3072]
[0m[HW]     [o-du 0][rx   32257 pps   10753 kbps   43007][tx   95660 pps   31872 kbps  108900][Total Msgs_Rcvd 32257]
[0m[HW]     [FH LOAD][o-du 0] rx=43.007 Mbps tx=108.900 Mbps total=151.907 Mbps rx_pps=10753 tx_pps=31872 total_pps=42625
[0m[HW]     [o_du0][pusch0   27648 prach0    4608]
[0m[HW]     [o-du 0][rx   43009 pps   10752 kbps   43010][tx  127532 pps   31872 kbps  108900][Total Msgs_Rcvd 43009]
[0m[HW]     [FH LOAD][o-du 0] rx=43.010 Mbps tx=108.900 Mbps total=151.910 Mbps rx_pps=10752 tx_pps=31872 total_pps=42624
[0m[HW]     [o_du0][pusch0   36864 prach0    6144]
[0m[HW]     [o-du 0][rx   53761 pps   10752 kbps   43010][tx  159404 pps   31872 kbps  108900][Total Msgs_Rcvd 53761]
[0m[HW]     [FH LOAD][o-du 0] rx=43.010 Mbps tx=108.900 Mbps total=151.910 Mbps rx_pps=10752 tx_pps=31872 total_pps=42624
[0m[HW]     [o_du0][pusch0   46080 prach0    7680]
[0m[HW]     [o-du 0][rx   64513 pps   10752 kbps   43005][tx  191276 pps   31872 kbps  108900][Total Msgs_Rcvd 64513]
[0m[HW]     [FH LOAD][o-du 0] rx=43.005 Mbps tx=108.900 Mbps total=151.905 Mbps rx_pps=10752 tx_pps=31872 total_pps=42624
[0m[HW]     [o_du0][pusch0   55296 prach0    9216]
[0m[HW]     [o-du 0][rx   75265 pps   10752 kbps   43016][tx  223148 pps   31872 kbps  108900][Total Msgs_Rcvd 75265]
[0m[HW]     [FH LOAD][o-du 0] rx=43.016 Mbps tx=108.900 Mbps total=151.916 Mbps rx_pps=10752 tx_pps=31872 total_pps=42624
[0m[HW]     [o_du0][pusch0   64512 prach0   10752]
[0m[HW]     [o-du 0][rx   86017 pps   10752 kbps   43013][tx  255020 pps   31872 kbps  108900][Total Msgs_Rcvd 86017]
[0m[HW]     [FH LOAD][o-du 0] rx=43.013 Mbps tx=108.900 Mbps total=151.913 Mbps rx_pps=10752 tx_pps=31872 total_pps=42624
[0m[HW]     [o_du0][pusch0   73728 prach0   12288]
[0m[PHY]    prach_I0 = 0.0 dB
[0m[HW]     [o-du 0][rx   96769 pps   10752 kbps   42544][tx  286892 pps   31872 kbps  108900][Total Msgs_Rcvd 96769]
[0m[HW]     [FH LOAD][o-du 0] rx=42.544 Mbps tx=108.900 Mbps total=151.444 Mbps rx_pps=10752 tx_pps=31872 total_pps=42624
[0m[HW]     [o_du0][pusch0   82944 prach0   13824]
[0m[HW]     [o-du 0][rx  107521 pps   10752 kbps   43465][tx  318764 pps   31872 kbps  108900][Total Msgs_Rcvd 107521]
[0m[HW]     [FH LOAD][o-du 0] rx=43.465 Mbps tx=108.900 Mbps total=152.365 Mbps rx_pps=10752 tx_pps=31872 total_pps=42624
[0m[HW]     [o_du0][pusch0   92160 prach0   15360]
[0m[HW]     [o-du 0][rx  118273 pps   10752 kbps   43008][tx  350636 pps   31872 kbps  108900][Total Msgs_Rcvd 118273]
[0m[HW]     [FH LOAD][o-du 0] rx=43.008 Mbps tx=108.900 Mbps total=151.908 Mbps rx_pps=10752 tx_pps=31872 total_pps=42624
[0m[HW]     [o_du0][pusch0  101376 prach0   16896]
[0m[HW]     [o-du 0][rx  129025 pps   10752 kbps   43013][tx  382508 pps   31872 kbps  108900][Total Msgs_Rcvd 129025]
[0m[HW]     [FH LOAD][o-du 0] rx=43.013 Mbps tx=108.900 Mbps total=151.913 Mbps rx_pps=10752 tx_pps=31872 total_pps=42624
[0m[HW]     [o_du0][pusch0  110592 prach0   18432]
[0m[HW]     [o-du 0][rx  139777 pps   10752 kbps   43002][tx  414380 pps   31872 kbps  108900][Total Msgs_Rcvd 139777]
[0m[HW]     [FH LOAD][o-du 0] rx=43.002 Mbps tx=108.900 Mbps total=151.902 Mbps rx_pps=10752 tx_pps=31872 total_pps=42624
[0m[HW]     [o_du0][pusch0  119808 prach0   19968]
[0m[HW]     [o-du 0][rx  150388 pps   10611 kbps   43008][tx  446252 pps   31872 kbps  108900][Total Msgs_Rcvd 150388]
[0m[HW]     [FH LOAD][o-du 0] rx=43.008 Mbps tx=108.900 Mbps total=151.908 Mbps rx_pps=10611 tx_pps=31872 total_pps=42483
[0m[HW]     [o_du0][pusch0  128907 prach0   21480]
[0m[HW]     [o-du 0][rx  161281 pps   10893 kbps   43203][tx  478124 pps   31872 kbps  108900][Total Msgs_Rcvd 161281]
[0m[HW]     [FH LOAD][o-du 0] rx=43.203 Mbps tx=108.900 Mbps total=152.103 Mbps rx_pps=10893 tx_pps=31872 total_pps=42765
[0m[HW]     [o_du0][pusch0  138240 prach0   23040]
[0m