Logging terminal output to /home/jesse/oran_lab/logs/run_du/run_du_20260525_195221_pid382514.log
DU cores: 4,5,6,7,8,9,17,18
DU numerology: 1
AnonHugePages:         0 kB
ShmemHugePages:        0 kB
FileHugePages:    331776 kB
HugePages_Total:    8192
HugePages_Free:     4096
HugePages_Rsvd:        0
HugePages_Surp:        0
Hugepagesize:       2048 kB
Hugetlb:        16777216 kB
CMDLINE: "./nr-softmodem" "-O" "/home/jesse/oran_lab/du_test.conf" "--gNBs.[0].min_rxtxtime" "6" "--thread-pool" "4,5,6,7" "--numerology" "1" 
[HW]     Version: Branch: compression-plus-timing-fix Abrev. Hash: 13fa21ea91 Date: Mon May 25 14:33:49 2026 -0700
[0m[PHY]    No prs_config configuration found..!!
[0m[PHY]    DL frequency 4049760000 Hz, UL frequency 4049760000 Hz: uldl offset 0 Hz
[0m[PHY]    Initializing frame parms for mu 1, N_RB 24, Ncp 0
[0m[PHY]    Init: N_RB_DL 24, first_carrier_offset 368, nb_prefix_samples 36,nb_prefix_samples0 44, ofdm_symbol_size 512
[0m[MAC]    received F1 Setup Response from CU (null)
[0m[MAC]    CU uses RRC version 17.3.0
[0m[MAC]    Clearing the DU's UE states before, if any.
[0m[MAC]    received gNB-DU configuration update acknowledge
[0m[PHY]    number of L1 instances 1, number of RU 1, number of CPU cores 32
[0m[PHY]    Initialized RU proc 0 (NGFI_RAU_IF4p5,synch_to_ext_device),
[0m[PHY]    Starting RU 0 (NGFI_RAU_IF4p5,synch_to_ext_device) on cpu 4
[0m[PHY]    Initializing frame parms for mu 1, N_RB 24, Ncp 0
[0m[PHY]    Init: N_RB_DL 24, first_carrier_offset 368, nb_prefix_samples 36,nb_prefix_samples0 44, ofdm_symbol_size 512
[0m[PHY]    fp->scs=30000
[0m[PHY]    fp->ofdm_symbol_size=512
[0m[PHY]    fp->nb_prefix_samples0=44
[0m[PHY]    fp->nb_prefix_samples=36
[0m[PHY]    fp->slots_per_subframe=2
[0m[PHY]    fp->samples_per_subframe_wCP=14336
[0m[PHY]    fp->samples_per_frame_wCP=143360
[0m[PHY]    fp->samples_per_subframe=15360
[0m[PHY]    fp->samples_per_frame=153600
[0m[PHY]    fp->dl_CarrierFreq=4049760000
[0m[PHY]    fp->ul_CarrierFreq=4049760000
[0m[PHY]    fp->Nid_cell=0
[0m[PHY]    fp->first_carrier_offset=368
[0m[PHY]    fp->ssb_start_subcarrier=0
[0m[PHY]    fp->Ncp=0
[0m[PHY]    fp->N_RB_DL=24
[0m[PHY]    fp->numerology_index=1
[0m[PHY]    fp->ofdm_offset_divisor=8
[0m[PHY]    fp->threequarter_fs=0
[0m[PHY]    fp->sl_CarrierFreq=0
[0m[PHY]    fp->N_RB_SL=0
[0m[PHY]    Setting RF config for N_RB 24, NB_RX 1, NB_TX 1
[0m[PHY]    tune_offset 0 Hz, sample_rate 15360000 Hz
[0m[PHY]    Channel 0: setting tx_gain offset 0, tx_freq 4049760000 Hz
[0m[PHY]    Channel 0: setting rx_gain offset 0, rx_freq 4049760000 Hz
[0m[PHY]    starting transport
[0m[32m[PHY]    Initializing XRAN layer as O-DU
[0m[HW]     Initializing O-RAN 7.2 FH interface through xran library (compiled against headers of oran_f_release_v1.8)
[0mEAL: Detected 32 lcore(s)
EAL: Detected 1 NUMA nodes
EAL: Auto-detected process type: PRIMARY
EAL: Detected shared linkage of DPDK
EAL: Multi-process socket /var/run/dpdk/wls_0/mp_socket
EAL: Selected IOVA mode 'PA'
EAL: No available hugepages reported in hugepages-1048576kB
EAL: Probing VFIO support...
EAL: VFIO support initialized
EAL: Probe PCI driver: net_i40e_vf (8086:154c) device: 0000:06:02.2 (socket 0)
[CONFIG] function config_libconfig_init returned 0
xran_fh_init:
  io_cfg:
    id 0 (O-DU)
    num_vfs 2
    num_rxq 1
    dpdk_dev [0000:06:02.2, 0000:06:02.3, (null), (null), (null), (null), (null), (null), (null), (null), (null), (null), (null), (null), (null), (null)]
    bbdev_dev (null)
    bbdev_mode -1
    dpdkIoVaMode 0
    dpdkMemorySize 8192
    core 9
    system_core 8
    pkt_proc_core 0000000000060000
    pkt_proc_core_64_127 0000000000000000
    pkt_aux_core 0
    timing_core 9
    port (filled within xran library)
    io_sleep 0
    nEthLinePerPort 1
    nEthLineSpeed 10
    one_vf_cu_plane 0
    eowd_cmn[0]:
      initiator_en 0
      numberOfSamples 0
      filterType 0
      responseTo 0
      measVf 0
      measState 0
      measId 0
      measMethod 0
      owdm_enable 0
      owdm_PlLength 0
eowd_port (filled within xran library)
    bbu_offload 0
  eAxCId_conf:
    mask_cuPortId 0xf000
    mask_bandSectorId 0x0f00
    mask_ccId 0x00f0
    mask_ruPortId 0x000f
    bit_cuPortId 0
    bit_bandSectorId 0
    bit_ccId 0
    bit_ruPortId 0
  xran_ports 1
  dpdkBasebandFecMode 0
  dpdkBasebandDevice (null)
  filePrefix wls_0
  mtu 9600
  p_o_du_addr (null)
  p_o_ru_addr [00:11:22:33:64:66, 00:11:22:33:64:67]
  totalBfWeights 0
  mlogxranenable 0
  dlCpProcBurst 0
'DPDK 20.11.9'
 xran_init: MTU 9600
PF Eth line speed 10G
PF Eth lines per O-xU port 1
RX HW queues per O-xU Eth line 1 
node 0
total cores 32 c_mask 0x00000000000060300 core 9 [id] system_core 8 [id] pkt_proc_core 0x00000000000060000 [mask] pkt_aux_core 0 [id] timing_core 9 [id]
xran_ethdi_init_dpdk_io: Calling rte_eal_init:wls_0 -c 0x00000000000060300 -n2 --iova-mode=pa --socket-mem=8192,0 --socket-limit=8192,0 --proc-type=auto --no-telemetry --file-prefix wls_0 -a0000:00:00.0    
xran_init_mbuf_pool: socket 0
initializing port 0 for TX, drv=net_i40e_vf
Port 0 MAC: 00 11 22 33 64 68
Port 0: nb_rxd 4096 nb_txd 4096
[0] mp_rx__p_0_q_0 num blocks 65535
[0] mempool_small__0

Checking link status portid [0]  EAL: Probe PCI driver: net_i40e_vf (8086:154c) device: 0000:06:02.3 (socket 0)
skipped by XRAN_SKIP_LINK_CHECK
initializing port 1 for TX, drv=net_i40e_vf
Port 1 MAC: 00 11 22 33 64 69
Port 1: nb_rxd 4096 nb_txd 4096
[1] mp_rx__p_1_q_0 num blocks 65535
[1] mempool_small__1
Created ring tx_ring_cp_1 on core 9
Created ring rx_ring_cp_1_0 on core 9

Checking link status portid [1]  [93m[HW]     XRAN modifed affinity. Correcting affinity of caller
[0mskipped by XRAN_SKIP_LINK_CHECK
[ 0] vf  0 local  SRC MAC: 00 11 22 33 64 68
[ 0] vf  0 remote DST MAC: 00 11 22 33 64 66
[ 0] vf  1 local  SRC MAC: 00 11 22 33 64 69
[ 0] vf  1 remote DST MAC: 00 11 22 33 64 67
created dl_gen_ring_up_0 on core 9
xran_fh_config:
  dpdk_port 0
  sector_id 0
  nCC 1
  neAxc 1
  neAxcUl 0
  nAntElmTRx 0
  nDLFftSize 9
  nULFftSize 9
  nDLRBs 24
  nULRBs 24
  nDLAbsFrePointA 0
  nULAbsFrePointA 0
  nDLCenterFreqARFCN 0
  nULCenterFreqARFCN 0
  ttiCb (nil)
  ttiCbParam (nil)
  Tadv_cp_dl 0
  T2a_min_cp_dl 0
  T2a_max_cp_dl 0
  T2a_min_cp_ul 0
  T2a_max_cp_ul 0
  T2a_min_up 0
  T2a_max_up 0
  Ta3_min 0
  Ta3_max 0
  T1a_min_cp_dl 285
  T1a_max_cp_dl 470
  T1a_min_cp_ul 285
  T1a_max_cp_ul 535
  T1a_min_up 300
  T1a_max_up 450
  Ta4_min 400
  Ta4_max 440
  enableCP 1
  prachEnable 1
  srsEnable 0
  puschMaskEnable 0
  puschMaskSlot 0
  cp_vlan_tag 0
  up_vlan_tag 0
  debugStop 0
  debugStopCount 0
  DynamicSectionEna 0
  GPS_Alpha 0
  GPS_Beta -9000
  srsEnableCp 0
  SrsDelaySym 0
  prach_config:
    nPrachConfIdx 159
    nPrachSubcSpacing 1
    nPrachZeroCorrConf 0
    nPrachRestrictSet 0
    nPrachRootSeqIdx 0
    nPrachFreqStart 0
    nPrachFreqOffset -288
    nPrachFilterIdx 0
    startSymId 0
    lastSymId 0
    startPrbc 0
    numPrbc 0
    timeOffset 0
    freqOffset 0
    eAxC_offset 1
    nPrachConfIdxLTE 0
  srs_config:
    symbMask 0000
    eAxC_offset 0
  frame_conf:
    nFrameDuplexType TDD
    nNumerology 1
    nTddPeriod 5
    sSlotConfig[0]: DDDDDDDDDDDDDD
    sSlotConfig[1]: DDDDDDDDDDDDDD
    sSlotConfig[2]: DDDDDDDDDDDDDD
    sSlotConfig[3]: DDDDDDGGGGUUUU
    sSlotConfig[4]: UUUUUUUUUUUUUU
  ru_config:
    xranTech NR
    xranCat A
    xranCompHdrType dynamic
    iqWidth 16
    compMeth 0
    iqWidth_PRACH 16
    compMeth_PRACH 0
    fftSize 8
    byteOrder network/BE
    iqOrder I_Q
    xran_max_frame 0
  bbdev_enc (nil)
  bbdev_dec (nil)
  tx_cp_eAxC2Vf 0x7ea8157de4b0
  tx_up_eAxC2Vf 0x7ea8157df0b0
  rx_cp_eAxC2Vf 0x7ea8157dfcb0
  rx_up_eAxC2Vf 0x7ea8157e08b0
  log_level 1
  max_sections_per_slot 0
  max_sections_per_symbol 0
  RunSlotPrbMapBySymbolEnable 0
  LiteOnIgnoreUPSectionIdEnable 0
  dssEnable 0
  dssPeriod 0
  technology[XRAN_MAX_DSS_PERIODICITY] (not filled as DSS disabled)
 xran_open: 5G NR Category A
xRAN open PRACH config: Numerology 1 ConfIdx 159, preambleFmrt 10 startsymb 0, numSymbol 12, occassionsInPrachSlot 1
PRACH: x 1 y[0] 0, y[1] 0 prach slot: 9 ..
PRACH start symbol 0 lastsymbol 11
xran_init_vfs_mapping: p 0 vf 0
xran_init_vfs_mapping: p 0 vf 1
xran_open: interval_us=500, interval_us_local=500
bbu_offload 0
XRAN_UP_VF: 0x0000
xran_timing_source_thread [CPU  9] [PID: 382538]
TTI interval 500 [us]
delay_cp_dl_max=30, sym_cp_dl_max=1, max_dl_offset_sym=13
delay_cp_dl_min=215, sym_cp_dl_min=5, min_dl_offset_sym=9
delay_cp_ul=465,     sym_cp_ul=0,     ul_offset_sym=14
offset_num_slots_cp_dl=0, offset_num_slots_cp_ul=1, offset_num_slots_up_ul=0
C-plane DL from 30 us after TTI  [trigger on sym 1] to 215 us after TTI [trigger on sym 5]
Start C-plane UL 465 us after TTI  [trigger on sym 0]
Start U-plane DL 450 us before OTA [offset  in sym -12]
Start U-plane UL 440 us OTA        [offset  in sym 13]
C-plane to U-plane delay 20 us after TTI
Start Sym timer 107142 ns
O-XU      0
created sym cp dl cb for symbol 1
HW        0
created sym cp dl cb for symbol 2
created sym cp dl cb for symbol 3
created sym cp dl cb for symbol 4
created sym cp dl cb for symbol 5
Num cores 3
Num ports 1
O-RU Cat  0
O-RU CC   1
O-RU eAxC 1
p:0 XRAN_JOB_TYPE_CP_DL worker id 1
p:0 XRAN_JOB_TYPE_CP_UL worker id 1
p:0 XRAN_JOB_TYPE_CP_DL worker id 0
p:0 XRAN_JOB_TYPE_CP_UL worker id 0
xran_generic_worker_thread [CPU 17] [PID: 382538]
spawn worker 0 core 17
xran_generic_worker_thread [CPU 18] [PID: 382538]
spawn worker 1 core 18
xran_open [CPU  7] [PID: 382538]
Waiting on Timing thread...
Initialize ORAN port instance 0 (1) sector 0
xran_sector_get_instances() o_xu_id 0 xran_handle 0x7ea7d4f95040
xran_sector_get_instances [0]: CC 0 handle 0x7ea7fc16c740
Handle: 0x7ea81c3ad468 Instance: 0x7e[HW]     [RAU] has loaded ETHERNET trasport protocol.
[0m[PHY]    Starting IF interface for RU 0, nb_rx 1
[0m[PHY]    RU 0 Setting N_TA_offset to 200 samples (UL Freq 4045440, N_RB 24, mu 1)
[0m[PHY]    Signaling main thread that RU 0 is ready, sl_ahead 10
[0m[PHY]    L1 configured without analog beamforming
[0m[PHY]    Attaching RU 0 antenna 0 to gNB antenna 0
[0m[PHY]    got sync (ru_thread)
[0ma7fc16c740
-> hInstance 0x7ea7fc16c740
ru_0_cc_0_idx_0: [ handle 0x7ea7fc16c740 0 0 ] [nPoolIndex 0] nNumberOfBuffers 511 nBufferSize 14116 socket_id 0
CC:[ handle 0x7ea7fc16c740 ru 0 cc_idx 0 ] [nPoolIndex 0] mb pool 0x284784540 
xran_bm_init() hInstance 0x7ea7fc16c740 poolIdx 0 elements 511 size 14116
xran_bm_allocate_buffer() hInstance 0x7ea7fc16c740 poolIdx 0 count 280
ru_0_cc_0_idx_1: [ handle 0x7ea7fc16c740 0 0 ] [nPoolIndex 1] nNumberOfBuffers 511 nBufferSize 4976 socket_id 0
CC:[ handle 0x7ea7fc16c740 ru 0 cc_idx 0 ] [nPoolIndex 1] mb pool 0x284786dc0 
xran_bm_init() hInstance 0x7ea7fc16c740 poolIdx 1 elements 511 size 4976
xran_bm_allocate_buffer() hInstance 0x7ea7fc16c740 poolIdx 1 count 20
ru_0_cc_0_idx_2: [ handle 0x7ea7fc16c740 0 0 ] [nPoolIndex 2] nNumberOfBuffers 511 nBufferSize 13168 socket_id 0
CC:[ handle 0x7ea7fc16c740 ru 0 cc_idx 0 ] [nPoolIndex 2] mb pool 0x284786940 
xran_bm_init() hInstance 0x7ea7fc16c740 poolIdx 2 elements 511 size 13168
xran_bm_allocate_buffer() hInstance 0x7ea7fc16c740 poolIdx 2 count 280
ru_0_cc_0_idx_3: [ handle 0x7ea7fc16c740 0 0 ] [nPoolIndex 3] nNumberOfBuffers 511 nBufferSize 4976 socket_id 0
CC:[ handle 0x7ea7fc16c740 ru 0 cc_idx 0 ] [nPoolIndex 3] mb pool 0x284786340 
xran_bm_init() hInstance 0x7ea7fc16c740 poolIdx 3 elements 511 size 4976
xran_bm_allocate_buffer() hInstance 0x7ea7fc16c740 poolIdx 3 count 20
ru_0_cc_0_idx_4: [ handle 0x7ea7fc16c740 0 0 ] [nPoolIndex 4] nNumberOfBuffers 511 nBufferSize 3360 socket_id 0
CC:[ handle 0x7ea7fc16c740 ru 0 cc_idx 0 ] [nPoolIndex 4] mb pool 0x284788d00 
xran_bm_init() hInstance 0x7ea7fc16c740 poolIdx 4 elements 511 size 3360
xran_bm_allocate_buffer() hInstance 0x7ea7fc16c740 poolIdx 4 count 280
ORAN: get_internal_parameter
ORAN: get_internal_parameter
ORAN: trx_oran_start
O-DU: XRAN start time: 05/26/26 02:52:25.243328942 UTC [500]
Start ORAN. Done
TYPE <CTRL-C> TO TERMINATE
[PHY]    RU 0 no rf device
[0m[PHY]    got sync (L1_stats_thread)
[0m[PHY]    RU 0 RF started cpu_meas_enabled 0
[0m[93m[HW]     we get rach data from ru, but it is not scheduled 0.19
[0m[32m[PHY]    Command line parameters for OAI UE: -C 4049760000 -r 24 --numerology 1 --ssb 24 
[0m[HW]     [o-du 0][rx   10752 pps   10752 kbps   69980][tx   31916 pps   31916 kbps  175142][Total Msgs_Rcvd 10752]
[0m[HW]     [o_du0][pusch0    9216 prach0    1536]
[0m[HW]     [o-du 0][rx   21504 pps   10752 kbps   72960][tx   63788 pps   31872 kbps  182321][Total Msgs_Rcvd 21504]
[0m[HW]     [o_du0][pusch0   18432 prach0    3072]
[0m[HW]     [o-du 0][rx   32256 pps   10752 kbps   72964][tx   95660 pps   31872 kbps  182321][Total Msgs_Rcvd 32256]
[0m[HW]     [o_du0][pusch0   27648 prach0    4608]
[0m[HW]     [o-du 0][rx   43008 pps   10752 kbps   72955][tx  127532 pps   31872 kbps  182321][Total Msgs_Rcvd 43008]
[0m[HW]     [o_du0][pusch0   36864 prach0    6144]
[0m[HW]     [o-du 0][rx   53760 pps   10752 kbps   72974][tx  159404 pps   31872 kbps  182321][Total Msgs_Rcvd 53760]
[0m[HW]     [o_du0][pusch0   46080 prach0    7680]
[0m[HW]     [o-du 0][rx   64512 pps   10752 kbps   72950][tx  191276 pps   31872 kbps  182321][Total Msgs_Rcvd 64512]
[0m[HW]     [o_du0][pusch0   55296 prach0    9216]
[0m[HW]     [o-du 0][rx   75264 pps   10752 kbps   72969][tx  223148 pps   31872 kbps  182321][Total Msgs_Rcvd 75264]
[0m[HW]     [o_du0][pusch0   64512 prach0   10752]
[0m[HW]     [o-du 0][rx   86016 pps   10752 kbps   72945][tx  255020 pps   31872 kbps  182321][Total Msgs_Rcvd 86016]
[0m[HW]     [o_du0][pusch0   73728 prach0   12288]
[0m[PHY]    prach_I0 = 0.0 dB
[0m[HW]     [o-du 0][rx   96768 pps   10752 kbps   72974][tx  286892 pps   31872 kbps  182321][Total Msgs_Rcvd 96768]
[0m[HW]     [o_du0][pusch0   82944 prach0   13824]
[0m[HW]     [o-du 0][rx  107520 pps   10752 kbps   72960][tx  318764 pps   31872 kbps  182321][Total Msgs_Rcvd 107520]
[0m[HW]     [o_du0][pusch0   92160 prach0   15360]
[0m[HW]     [o-du 0][rx  118272 pps   10752 kbps   72960][tx  350636 pps   31872 kbps  182321][Total Msgs_Rcvd 118272]
[0m[HW]     [o_du0][pusch0  101376 prach0   16896]
[0m[93m[PHY]    ULSCH NAK trace 501.18 rnti ed83 harq 0 round 0 rv 0 crc_valid 0 processed 0/1 abort 1 dtx 0 TBS 7 rb 0+8 sym 10+3 mcs 1 Qm 2 SNR 39.0 dB TAest 0
[0m[93m[PHY]    ULSCH NAK trace 502.18 rnti ed83 harq 0 round 1 rv 2 crc_valid 0 processed 0/1 abort 1 dtx 0 TBS 7 rb 0+8 sym 10+3 mcs 1 Qm 2 SNR 39.0 dB TAest 0
[0m[MAC]    [RAPROC] Received SDU for CCCH length 6 for UE ed83
[0m[93m[PHY]    ULSCH NAK trace 505.19 rnti ed83 harq 0 round 0 rv 0 crc_valid 0 processed 0/1 abort 1 dtx 0 TBS 17 rb 12+5 sym 0+13 mcs 0 Qm 2 SNR 38.9 dB TAest 1
[0m[93m[PHY]    ULSCH NAK trace 507.14 rnti ed83 harq 2 round 0 rv 0 crc_valid 0 processed 0/1 abort 1 dtx 0 TBS 38 rb 0+11 sym 0+13 mcs 0 Qm 2 SNR 29.5 dB TAest -1
[0m[93m[PHY]    ULSCH NAK trace 508.4 rnti ed83 harq 4 round 0 rv 0 crc_valid 0 processed 0/1 abort 1 dtx 0 TBS 17 rb 0+5 sym 0+13 mcs 0 Qm 2 SNR 38.9 dB TAest -2
[0m[93m[PHY]    ULSCH NAK trace 508.9 rnti ed83 harq 5 round 0 rv 0 crc_valid 0 processed 0/1 abort 1 dtx 0 TBS 17 rb 0+5 sym 0+13 mcs 0 Qm 2 SNR 38.9 dB TAest -2
[0m[93m[PHY]    ULSCH NAK trace 509.4 rnti ed83 harq 4 round 1 rv 2 crc_valid 0 processed 0/1 abort 1 dtx 0 TBS 17 rb 0+5 sym 0+13 mcs 0 Qm 2 SNR 38.9 dB TAest 1
[0m[93m[PHY]    ULSCH NAK trace 509.9 rnti ed83 harq 5 round 1 rv 2 crc_valid 0 processed 0/1 abort 1 dtx 0 TBS 17 rb 0+5 sym 0+13 mcs 0 Qm 2 SNR 38.9 dB TAest 1
[0m[93m[PHY]    ULSCH NAK trace 511.14 rnti ed83 harq 6 round 0 rv 0 crc_valid 0 processed 0/1 abort 1 dtx 0 TBS 17 rb 0+5 sym 0+13 mcs 0 Qm 2 SNR 38.9 dB TAest -2
[0m[HW]     [o-du 0][rx  129024 pps   10752 kbps   72960][tx  382508 pps   31872 kbps  182321][Total Msgs_Rcvd 129024]
[0m[HW]     [o_du0][pusch0  110592 prach0   18432]
[0m[93m[PHY]    ULSCH NAK trace 512.4 rnti ed83 harq 7 round 0 rv 0 crc_valid 0 processed 0/1 abort 1 dtx 0 TBS 17 rb 0+5 sym 0+13 mcs 0 Qm 2 SNR 38.9 dB TAest -2
[0m[93m[PHY]    ULSCH NAK trace 513.4 rnti ed83 harq 7 round 1 rv 2 crc_valid 0 processed 0/1 abort 1 dtx 0 TBS 17 rb 0+5 sym 0+13 mcs 0 Qm 2 SNR 38.9 dB TAest 1
[0m[93m[PHY]    ULSCH NAK trace 513.14 rnti ed83 harq 8 round 0 rv 0 crc_valid 0 processed 0/1 abort 1 dtx 0 TBS 17 rb 0+5 sym 0+13 mcs 0 Qm 2 SNR 38.9 dB TAest 1
[0m[93m[PHY]    ULSCH NAK trace 513.19 rnti ed83 harq 9 round 0 rv 0 crc_valid 0 processed 0/1 abort 1 dtx 0 TBS 17 rb 12+5 sym 0+13 mcs 0 Qm 2 SNR 38.9 dB TAest 1
[0m[93m[PHY]    ULSCH NAK trace 514.9 rnti ed83 harq 10 round 0 rv 0 crc_valid 0 processed 0/1 abort 1 dtx 0 TBS 17 rb 0+5 sym 0+13 mcs 0 Qm 2 SNR 38.9 dB TAest 1
[0m[93m[PHY]    ULSCH NAK trace 515.4 rnti ed83 harq 11 round 0 rv 0 crc_valid 0 processed 0/1 abort 1 dtx 0 TBS 17 rb 0+5 sym 0+13 mcs 0 Qm 2 SNR 38.9 dB TAest -2
[0m[93m[PHY]    ULSCH NAK trace 515.14 rnti ed83 harq 12 round 0 rv 0 crc_valid 0 processed 0/1 abort 1 dtx 0 TBS 17 rb 0+5 sym 0+13 mcs 0 Qm 2 SNR 38.9 dB TAest -2
[0m[93m[PHY]    ULSCH NAK trace 518.14 rnti ed83 harq 15 round 0 rv 0 crc_valid 0 processed 0/1 abort 1 dtx 0 TBS 17 rb 0+5 sym 0+13 mcs 0 Qm 2 SNR 38.9 dB TAest 1
[0m[93m[PHY]    ULSCH NAK trace 519.4 rnti ed83 harq 1 round 0 rv 0 crc_valid 0 processed 0/1 abort 1 dtx 0 TBS 17 rb 0+5 sym 0+13 mcs 0 Qm 2 SNR 39.0 dB TAest -2
[0m[93m[PHY]    ULSCH NAK trace 519.9 rnti ed83 harq 0 round 0 rv 0 crc_valid 0 processed 0/1 abort 1 dtx 0 TBS 17 rb 0+5 sym 0+13 mcs 0 Qm 2 SNR 38.9 dB TAest -2
[0m[93m[PHY]    ULSCH NAK trace 519.19 rnti ed83 harq 3 round 0 rv 0 crc_valid 0 processed 0/1 abort 1 dtx 0 TBS 17 rb 12+5 sym 0+13 mcs 0 Qm 2 SNR 38.9 dB TAest -1
[0m[93m[PHY]    ULSCH NAK trace 520.14 rnti ed83 harq 2 round 0 rv 0 crc_valid 0 processed 0/1 abort 1 dtx 0 TBS 17 rb 0+5 sym 0+13 mcs 0 Qm 2 SNR 38.9 dB TAest -2
[0m[93m[PHY]    ULSCH NAK trace 521.4 rnti ed83 harq 4 round 0 rv 0 crc_valid 0 processed 0/1 abort 1 dtx 0 TBS 17 rb 0+5 sym 0+13 mcs 0 Qm 2 SNR 38.9 dB TAest 1
[0m[93m[PHY]    ULSCH NAK trace 521.9 rnti ed83 harq 5 round 0 rv 0 crc_valid 0 processed 0/1 abort 1 dtx 0 TBS 17 rb 0+5 sym 0+13 mcs 0 Qm 2 SNR 38.9 dB TAest 1
[0m[93m[PHY]    ULSCH NAK trace 521.14 rnti ed83 harq 2 round 1 rv 2 crc_valid 0 processed 0/1 abort 1 dtx 0 TBS 17 rb 0+5 sym 0+13 mcs 0 Qm 2 SNR 38.9 dB TAest 1
[0m[93m[PHY]    ULSCH NAK trace 521.19 rnti ed83 harq 6 round 0 rv 0 crc_valid 0 processed 0/1 abort 1 dtx 0 TBS 17 rb 12+5 sym 0+13 mcs 0 Qm 2 SNR 38.9 dB TAest 1
[0m[93m[PHY]    ULSCH NAK trace 523.4 rnti ed83 harq 7 round 0 rv 0 crc_valid 0 processed 0/1 abort 1 dtx 0 TBS 17 rb 0+5 sym 0+13 mcs 0 Qm 2 SNR 38.9 dB TAest -2
[0m[93m[PHY]    ULSCH NAK trace 523.9 rnti ed83 harq 8 round 0 rv 0 crc_valid 0 processed 0/1 abort 1 dtx 0 TBS 17 rb 0+5 sym 0+13 mcs 0 Qm 2 SNR 38.9 dB TAest -2
[0m[93m[PHY]    ULSCH NAK trace 523.14 rnti ed83 harq 9 round 0 rv 0 crc_valid 0 processed 0/1 abort 1 dtx 0 TBS 17 rb 0+5 sym 0+13 mcs 0 Qm 2 SNR 38.9 dB TAest -2
[0m[93m[PHY]    ULSCH NAK trace 525.14 rnti ed83 harq 10 round 0 rv 0 crc_valid 0 processed 0/1 abort 1 dtx 0 TBS 17 rb 0+5 sym 0+13 mcs 0 Qm 2 SNR 38.9 dB TAest 1
[0m[93m[PHY]    ULSCH NAK trace 527.4 rnti ed83 harq 11 round 0 rv 0 crc_valid 0 processed 0/1 abort 1 dtx 0 TBS 17 rb 0+5 sym 0+13 mcs 0 Qm 2 SNR 38.9 dB TAest -2
[0m[93m[PHY]    ULSCH NAK trace 527.14 rnti ed83 harq 12 round 0 rv 0 crc_valid 0 processed 0/1 abort 1 dtx 0 TBS 17 rb 0+5 sym 0+13 mcs 0 Qm 2 SNR 38.9 dB TAest -2
[0m[93m[PHY]    ULSCH NAK trace 530.4 rnti ed83 harq 0 round 0 rv 0 crc_valid 0 processed 0/1 abort 1 dtx 0 TBS 17 rb 0+5 sym 0+13 mcs 0 Qm 2 SNR 38.9 dB TAest 1
[0m[93m[PHY]    ULSCH NAK trace 530.14 rnti ed83 harq 3 round 0 rv 0 crc_valid 0 processed 0/1 abort 1 dtx 0 TBS 17 rb 0+5 sym 0+13 mcs 0 Qm 2 SNR 38.9 dB TAest 1
[0m[93m[PHY]    ULSCH NAK trace 532.4 rnti ed83 harq 4 round 0 rv 0 crc_valid 0 processed 0/1 abort 1 dtx 0 TBS 17 rb 0+5 sym 0+13 mcs 0 Qm 2 SNR 38.9 dB TAest -2
[0m[93m[PHY]    ULSCH NAK trace 532.14 rnti ed83 harq 5 round 0 rv 0 crc_valid 0 processed 0/1 abort 1 dtx 0 TBS 17 rb 0+5 sym 0+13 mcs 0 Qm 2 SNR 38.9 dB TAest -2
[0m[93m[PHY]    ULSCH NAK trace 533.4 rnti ed83 harq 4 round 1 rv 2 crc_valid 0 processed 0/1 abort 1 dtx 0 TBS 17 rb 0+5 sym 0+13 mcs 0 Qm 2 SNR 38.9 dB TAest 1
[0m[93m[PHY]    ULSCH NAK trace 533.9 rnti ed83 harq 6 round 0 rv 0 crc_valid 0 processed 0/1 abort 1 dtx 0 TBS 17 rb 0+5 sym 0+13 mcs 0 Qm 2 SNR 38.9 dB TAest 1
[0m[93m[PHY]    ULSCH NAK trace 533.14 rnti ed83 harq 5 round 1 rv 2 crc_valid 0 processed 0/1 abort 1 dtx 0 TBS 17 rb 0+5 sym 0+13 mcs 0 Qm 2 SNR 38.9 dB TAest 1
[0m[93m[PHY]    ULSCH NAK trace 534.19 rnti ed83 harq 8 round 0 rv 0 crc_valid 0 processed 0/1 abort 1 dtx 0 TBS 17 rb 12+5 sym 0+13 mcs 0 Qm 2 SNR 38.9 dB TAest 1
[0m[93m[PHY]    ULSCH NAK trace 535.4 rnti ed83 harq 9 round 0 rv 0 crc_valid 0 processed 0/1 abort 1 dtx 0 TBS 17 rb 0+5 sym 0+13 mcs 0 Qm 2 SNR 39.0 dB TAest -2
[0m[93m[PHY]    ULSCH NAK trace 535.9 rnti ed83 harq 13 round 0 rv 0 crc_valid 0 processed 0/1 abort 1 dtx 0 TBS 17 rb 0+5 sym 0+13 mcs 0 Qm 2 SNR 38.9 dB TAest -2
[0m[93m[PHY]    ULSCH NAK trace 535.14 rnti ed83 harq 10 round 0 rv 0 crc_valid 0 processed 0/1 abort 1 dtx 0 TBS 17 rb 0+5 sym 0+13 mcs 0 Qm 2 SNR 38.9 dB TAest -2
[0m[93m[PHY]    ULSCH NAK trace 536.19 rnti ed83 harq 11 round 0 rv 0 crc_valid 0 processed 0/1 abort 1 dtx 0 TBS 17 rb 12+5 sym 0+13 mcs 0 Qm 2 SNR 38.9 dB TAest -1
[0m[93m[NR_MAC] Received ACK for RRCReconfiguration, but nothing to apply!
[0m[93m[NR_MAC] Received ACK for RRCReconfiguration, but nothing to apply!
[0m[93m[NR_MAC] Received ACK for RRCReconfiguration, but nothing to apply!
[0m[93m[NR_MAC] Received ACK for RRCReconfiguration, but nothing to apply!
[0m[93m[NR_MAC] Received ACK for RRCReconfiguration, but nothing to apply!
[0m[93m[PHY]    ULSCH NAK trace 539.14 rnti ed83 harq 12 round 0 rv 0 crc_valid 0 processed 0/1 abort 1 dtx 0 TBS 17 rb 0+5 sym 0+13 mcs 0 Qm 2 SNR 38.9 dB TAest -2
[0m[93m[PHY]    ULSCH NAK trace 540.4 rnti ed83 harq 14 round 0 rv 0 crc_valid 0 processed 0/1 abort 1 dtx 0 TBS 17 rb 0+5 sym 0+13 mcs 0 Qm 2 SNR 38.9 dB TAest -2
[0m[93m[PHY]    ULSCH NAK trace 541.4 rnti ed83 harq 14 round 1 rv 2 crc_valid 0 processed 0/1 abort 1 dtx 0 TBS 17 rb 0+5 sym 0+13 mcs 0 Qm 2 SNR 38.9 dB TAest 1
[0m[93m[PHY]    ULSCH NAK trace 541.19 rnti ed83 harq 1 round 0 rv 0 crc_valid 0 processed 0/1 abort 1 dtx 0 TBS 17 rb 12+5 sym 0+13 mcs 0 Qm 2 SNR 38.9 dB TAest 1
[0m[93m[PHY]    ULSCH NAK trace 542.9 rnti ed83 harq 0 round 0 rv 0 crc_valid 0 processed 0/1 abort 1 dtx 0 TBS 17 rb 0+5 sym 0+13 mcs 0 Qm 2 SNR 38.9 dB TAest 1
[0m[93m[PHY]    ULSCH NAK trace 542.14 rnti ed83 harq 3 round 0 rv 0 crc_valid 0 processed 0/1 abort 1 dtx 0 TBS 17 rb 0+5 sym 0+13 mcs 0 Qm 2 SNR 38.9 dB TAest 1
[0m[93m[PHY]    ULSCH NAK trace 543.4 rnti ed83 harq 2 round 0 rv 0 crc_valid 0 processed 0/1 abort 1 dtx 0 TBS 20 rb 0+5 sym 0+13 mcs 0 Qm 2 SNR 39.0 dB TAest -1
[0m[93m[PHY]    ULSCH NAK trace 543.9 rnti ed83 harq 0 round 1 rv 2 crc_valid 0 processed 0/1 abort 1 dtx 0 TBS 17 rb 0+5 sym 0+13 mcs 0 Qm 2 SNR 38.9 dB TAest -2
[0m[93m[PHY]    ULSCH NAK trace 543.14 rnti ed83 harq 3 round 1 rv 2 crc_valid 0 processed 0/1 abort 1 dtx 0 TBS 17 rb 0+5 sym 0+13 mcs 0 Qm 2 SNR 38.9 dB TAest -1
[0m[93m[PHY]    ULSCH NAK trace 543.19 rnti ed83 harq 7 round 0 rv 0 crc_valid 0 processed 0/1 abort 1 dtx 0 TBS 20 rb 12+5 sym 0+13 mcs 0 Qm 2 SNR 38.9 dB TAest -1
[0m[93m[PHY]    ULSCH NAK trace 544.9 rnti ed83 harq 0 round 2 rv 3 crc_valid 0 processed 0/1 abort 1 dtx 0 TBS 17 rb 0+5 sym 0+13 mcs 0 Qm 2 SNR 38.9 dB TAest -4
[0m[93m[PHY]    ULSCH NAK trace 544.14 rnti ed83 harq 3 round 2 rv 3 crc_valid 0 processed 0/1 abort 1 dtx 0 TBS 17 rb 0+5 sym 0+13 mcs 0 Qm 2 SNR 38.9 dB TAest -3
[0m[93m[PHY]    ULSCH NAK trace 545.4 rnti ed83 harq 4 round 0 rv 0 crc_valid 0 processed 0/1 abort 1 dtx 0 TBS 20 rb 0+5 sym 0+13 mcs 0 Qm 2 SNR 38.9 dB TAest 1
[0m[93m[PHY]    ULSCH NAK trace 545.9 rnti ed83 harq 0 round 3 rv 1 crc_valid 0 processed 0/1 abort 1 dtx 0 TBS 17 rb 0+5 sym 0+13 mcs 0 Qm 2 SNR 38.9 dB TAest 2
[0m[93m[PHY]    ULSCH NAK trace 545.14 rnti ed83 harq 3 round 3 rv 1 crc_valid 0 processed 0/1 abort 1 dtx 0 TBS 17 rb 0+5 sym 0+13 mcs 0 Qm 2 SNR 38.9 dB TAest -1
[0m[93m[PHY]    ULSCH NAK trace 545.19 rnti ed83 harq 6 round 0 rv 0 crc_valid 0 processed 0/1 abort 1 dtx 0 TBS 20 rb 12+5 sym 0+13 mcs 0 Qm 2 SNR 38.9 dB TAest 0
[0m[93m[PHY]    ULSCH NAK trace 546.9 rnti ed83 harq 5 round 0 rv 0 crc_valid 0 processed 0/1 abort 1 dtx 0 TBS 20 rb 0+5 sym 0+13 mcs 0 Qm 2 SNR 38.9 dB TAest 3
[0m[93m[PHY]    ULSCH NAK trace 546.14 rnti ed83 harq 8 round 0 rv 0 crc_valid 0 processed 0/1 abort 1 dtx 0 TBS 20 rb 0+5 sym 0+13 mcs 0 Qm 2 SNR 38.9 dB TAest 2
[0m[93m[PHY]    ULSCH NAK trace 547.4 rnti ed83 harq 9 round 0 rv 0 crc_valid 0 processed 0/1 abort 1 dtx 0 TBS 20 rb 0+5 sym 0+13 mcs 0 Qm 2 SNR 39.0 dB TAest -2
[0m[93m[PHY]    ULSCH NAK trace 547.9 rnti ed83 harq 5 round 1 rv 2 crc_valid 0 processed 0/1 abort 1 dtx 0 TBS 20 rb 0+5 sym 0+13 mcs 0 Qm 2 SNR 38.9 dB TAest -1
[0m[93m[PHY]    ULSCH NAK trace 547.19 rnti ed83 harq 13 round 0 rv 0 crc_valid 0 processed 0/1 abort 1 dtx 0 TBS 20 rb 12+5 sym 0+13 mcs 0 Qm 2 SNR 38.9 dB TAest -1
[0m[93m[PHY]    ULSCH NAK trace 548.14 rnti ed83 harq 10 round 0 rv 0 crc_valid 0 processed 0/1 abort 1 dtx 0 TBS 20 rb 0+5 sym 0+13 mcs 0 Qm 2 SNR 38.9 dB TAest -3
[0m[93m[PHY]    ULSCH NAK trace 549.9 rnti ed83 harq 11 round 0 rv 0 crc_valid 0 processed 0/1 abort 1 dtx 0 TBS 20 rb 0+5 sym 0+13 mcs 0 Qm 2 SNR 38.9 dB TAest 3
[0m[93m[PHY]    ULSCH NAK trace 549.14 rnti ed83 harq 10 round 1 rv 2 crc_valid 0 processed 0/1 abort 1 dtx 0 TBS 20 rb 0+5 sym 0+13 mcs 0 Qm 2 SNR 38.9 dB TAest 2
[0m[93m[PHY]    ULSCH NAK trace 550.4 rnti ed83 harq 12 round 0 rv 0 crc_valid 0 processed 0/1 abort 1 dtx 0 TBS 20 rb 0+5 sym 0+13 mcs 0 Qm 2 SNR 38.9 dB TAest 1
[0m[93m[PHY]    ULSCH NAK trace 550.9 rnti ed83 harq 11 round 1 rv 2 crc_valid 0 processed 0/1 abort 1 dtx 0 TBS 20 rb 0+5 sym 0+13 mcs 0 Qm 2 SNR 38.9 dB TAest 1
[0m[93m[PHY]    ULSCH NAK trace 561.4 rnti ed83 harq 15 round 0 rv 0 crc_valid 0 processed 0/1 abort 1 dtx 0 TBS 20 rb 0+5 sym 0+13 mcs 0 Qm 2 SNR 38.9 dB TAest 2
[0m[93m[PHY]    ULSCH NAK trace 572.4 rnti ed83 harq 14 round 0 rv 0 crc_valid 0 processed 0/1 abort 1 dtx 0 TBS 20 rb 0+5 sym 0+13 mcs 0 Qm 2 SNR 38.9 dB TAest -1
[0m[93m[PHY]    ULSCH NAK trace 573.4 rnti ed83 harq 14 round 1 rv 2 crc_valid 0 processed 0/1 abort 1 dtx 0 TBS 20 rb 0+5 sym 0+13 mcs 0 Qm 2 SNR 38.9 dB TAest 1
[0m[93m[PHY]    ULSCH NAK trace 584.4 rnti ed83 harq 1 round 0 rv 0 crc_valid 0 processed 0/1 abort 1 dtx 0 TBS 20 rb 0+5 sym 0+13 mcs 0 Qm 2 SNR 38.9 dB TAest -1
[0m[93m[PHY]    ULSCH NAK trace 585.4 rnti ed83 harq 1 round 1 rv 2 crc_valid 0 processed 0/1 abort 1 dtx 0 TBS 20 rb 0+5 sym 0+13 mcs 0 Qm 2 SNR 38.9 dB TAest 1
[0m[93m[PHY]    ULSCH NAK trace 592.14 rnti ed83 harq 2 round 0 rv 0 crc_valid 0 processed 0/1 abort 1 dtx 0 TBS 20 rb 0+5 sym 0+13 mcs 0 Qm 2 SNR 38.9 dB TAest -1
[0m[93m[PHY]    ULSCH NAK trace 593.4 rnti ed83 harq 7 round 0 rv 0 crc_valid 0 processed 0/1 abort 1 dtx 0 TBS 20 rb 0+5 sym 0+13 mcs 0 Qm 2 SNR 38.9 dB TAest 1
[0m[93m[PHY]    ULSCH NAK trace 593.14 rnti ed83 harq 2 round 1 rv 2 crc_valid 0 processed 0/1 abort 1 dtx 0 TBS 20 rb 0+5 sym 0+13 mcs 0 Qm 2 SNR 38.9 dB TAest -1
[0m[93m[PHY]    ULSCH NAK trace 595.14 rnti ed83 harq 0 round 0 rv 0 crc_valid 0 processed 0/1 abort 1 dtx 0 TBS 20 rb 0+5 sym 0+13 mcs 0 Qm 2 SNR 38.9 dB TAest -1
[0m[93m[PHY]    ULSCH NAK trace 596.14 rnti ed83 harq 0 round 1 rv 2 crc_valid 0 processed 0/1 abort 1 dtx 0 TBS 20 rb 0+5 sym 0+13 mcs 0 Qm 2 SNR 38.9 dB TAest -1
[0m[93m[PHY]    ULSCH NAK trace 599.4 rnti ed83 harq 3 round 0 rv 0 crc_valid 0 processed 0/1 abort 1 dtx 0 TBS 20 rb 0+5 sym 0+13 mcs 0 Qm 2 SNR 38.9 dB TAest -1
[0m[93m[PHY]    ULSCH NAK trace 599.14 rnti ed83 harq 4 round 0 rv 0 crc_valid 0 processed 0/1 abort 1 dtx 0 TBS 20 rb 0+5 sym 0+13 mcs 0 Qm 2 SNR 38.9 dB TAest -2
[0m[93m[PHY]    ULSCH NAK trace 601.4 rnti ed83 harq 6 round 0 rv 0 crc_valid 0 processed 0/1 abort 1 dtx 0 TBS 20 rb 0+5 sym 0+13 mcs 0 Qm 2 SNR 38.9 dB TAest 2
[0m[93m[PHY]    ULSCH NAK trace 612.4 rnti ed83 harq 8 round 0 rv 0 crc_valid 0 processed 0/1 abort 1 dtx 0 TBS 20 rb 0+5 sym 0+13 mcs 0 Qm 2 SNR 38.9 dB TAest -1
[0m[93m[PHY]    ULSCH NAK trace 613.4 rnti ed83 harq 8 round 1 rv 2 crc_valid 0 processed 0/1 abort 1 dtx 0 TBS 20 rb 0+5 sym 0+13 mcs 0 Qm 2 SNR 38.9 dB TAest 1
[0m[93m[PHY]    ULSCH NAK trace 624.4 rnti ed83 harq 9 round 0 rv 0 crc_valid 0 processed 0/1 abort 1 dtx 0 TBS 20 rb 0+5 sym 0+13 mcs 0 Qm 2 SNR 38.9 dB TAest -1
[0m[93m[PHY]    ULSCH NAK trace 625.4 rnti ed83 harq 9 round 1 rv 2 crc_valid 0 processed 0/1 abort 1 dtx 0 TBS 20 rb 0+5 sym 0+13 mcs 0 Qm 2 SNR 38.9 dB TAest 1
[0m[93m[PHY]    ULSCH NAK trace 636.4 rnti ed83 harq 5 round 0 rv 0 crc_valid 0 processed 0/1 abort 1 dtx 0 TBS 20 rb 0+5 sym 0+13 mcs 0 Qm 2 SNR 38.9 dB TAest -1
[0m[93m[PHY]    ULSCH NAK trace 637.4 rnti ed83 harq 5 round 1 rv 2 crc_valid 0 processed 0/1 abort 1 dtx 0 TBS 20 rb 0+5 sym 0+13 mcs 0 Qm 2 SNR 38.9 dB TAest 1
[0m[HW]     [o-du 0][rx  139776 pps   10752 kbps   72969][tx  414380 pps   31872 kbps  182321][Total Msgs_Rcvd 139776]
[0m[HW]     [o_du0][pusch0  119808 prach0   19968]
[0m[93m[PHY]    ULSCH NAK trace 640.14 rnti ed83 harq 13 round 0 rv 0 crc_valid 0 processed 0/1 abort 1 dtx 0 TBS 20 rb 0+5 sym 0+13 mcs 0 Qm 2 SNR 39.0 dB TAest -2
[0m[93m[PHY]    ULSCH NAK trace 641.4 rnti ed83 harq 10 round 0 rv 0 crc_valid 0 processed 0/1 abort 1 dtx 0 TBS 20 rb 0+5 sym 0+13 mcs 0 Qm 2 SNR 38.9 dB TAest 3
[0m[93m[PHY]    ULSCH NAK trace 641.14 rnti ed83 harq 13 round 1 rv 2 crc_valid 0 processed 0/1 abort 1 dtx 0 TBS 20 rb 0+5 sym 0+13 mcs 0 Qm 2 SNR 38.9 dB TAest 1
[0m[93m[PHY]    ULSCH NAK trace 642.4 rnti ed83 harq 10 round 1 rv 2 crc_valid 0 processed 0/1 abort 1 dtx 0 TBS 20 rb 0+5 sym 0+13 mcs 0 Qm 2 SNR 38.9 dB TAest 1
[0m[93m[PHY]    ULSCH NAK trace 643.14 rnti ed83 harq 12 round 0 rv 0 crc_valid 0 processed 0/1 abort 1 dtx 0 TBS 20 rb 0+5 sym 0+13 mcs 0 Qm 2 SNR 38.9 dB TAest -1
[0m[93m[PHY]    ULSCH NAK trace 644.14 rnti ed83 harq 12 round 1 rv 2 crc_valid 0 processed 0/1 abort 1 dtx 0 TBS 20 rb 0+5 sym 0+13 mcs 0 Qm 2 SNR 38.9 dB TAest -1
[0m[93m[PHY]    ULSCH NAK trace 655.4 rnti ed83 harq 11 round 0 rv 0 crc_valid 0 processed 0/1 abort 1 dtx 0 TBS 20 rb 0+5 sym 0+13 mcs 0 Qm 2 SNR 38.9 dB TAest -1
[0m[93m[PHY]    ULSCH NAK trace 656.4 rnti ed83 harq 11 round 1 rv 2 crc_valid 0 processed 0/1 abort 1 dtx 0 TBS 20 rb 0+5 sym 0+13 mcs 0 Qm 2 SNR 38.9 dB TAest -1
[0m[93m[PHY]    ULSCH NAK trace 667.4 rnti ed83 harq 15 round 0 rv 0 crc_valid 0 processed 0/1 abort 1 dtx 0 TBS 20 rb 0+5 sym 0+13 mcs 0 Qm 2 SNR 38.9 dB TAest -1
[0m[93m[PHY]    ULSCH NAK trace 668.4 rnti ed83 harq 15 round 1 rv 2 crc_valid 0 processed 0/1 abort 1 dtx 0 TBS 20 rb 0+5 sym 0+13 mcs 0 Qm 2 SNR 38.9 dB TAest -1
[0m[93m[PHY]    ULSCH NAK trace 679.4 rnti ed83 harq 14 round 0 rv 0 crc_valid 0 processed 0/1 abort 1 dtx 0 TBS 20 rb 0+5 sym 0+13 mcs 0 Qm 2 SNR 38.9 dB TAest -1
[0m[93m[PHY]    ULSCH NAK trace 680.4 rnti ed83 harq 14 round 1 rv 2 crc_valid 0 processed 0/1 abort 1 dtx 0 TBS 20 rb 0+5 sym 0+13 mcs 0 Qm 2 SNR 38.9 dB TAest -1
[0m[93m[PHY]    ULSCH NAK trace 688.14 rnti ed83 harq 1 round 0 rv 0 crc_valid 0 processed 0/1 abort 1 dtx 0 TBS 20 rb 0+5 sym 0+13 mcs 0 Qm 2 SNR 38.9 dB TAest -1
[0m[93m[PHY]    ULSCH NAK trace 689.4 rnti ed83 harq 7 round 0 rv 0 crc_valid 0 processed 0/1 abort 1 dtx 0 TBS 20 rb 0+5 sym 0+13 mcs 0 Qm 2 SNR 38.9 dB TAest 1
[0m[93m[PHY]    ULSCH NAK trace 689.14 rnti ed83 harq 1 round 1 rv 2 crc_valid 0 processed 0/1 abort 1 dtx 0 TBS 20 rb 0+5 sym 0+13 mcs 0 Qm 2 SNR 38.9 dB TAest 1
[0m[93m[PHY]    ULSCH NAK trace 691.14 rnti ed83 harq 2 round 0 rv 0 crc_valid 0 processed 0/1 abort 1 dtx 0 TBS 20 rb 0+5 sym 0+13 mcs 0 Qm 2 SNR 38.9 dB TAest -1
[0m[93m[PHY]    ULSCH NAK trace 692.14 rnti ed83 harq 2 round 1 rv 2 crc_valid 0 processed 0/1 abort 1 dtx 0 TBS 20 rb 0+5 sym 0+13 mcs 0 Qm 2 SNR 38.9 dB TAest -1
[0m[93m[PHY]    ULSCH NAK trace 695.4 rnti ed83 harq 0 round 0 rv 0 crc_valid 0 processed 0/1 abort 1 dtx 0 TBS 20 rb 0+5 sym 0+13 mcs 0 Qm 2 SNR 38.9 dB TAest -2
[0m[93m[PHY]    ULSCH NAK trace 695.14 rnti ed83 harq 3 round 0 rv 0 crc_valid 0 processed 0/1 abort 1 dtx 0 TBS 20 rb 0+5 sym 0+13 mcs 0 Qm 2 SNR 39.0 dB TAest -3
[0m[93m[PHY]    ULSCH NAK trace 697.4 rnti ed83 harq 4 round 0 rv 0 crc_valid 0 processed 0/1 abort 1 dtx 0 TBS 20 rb 0+5 sym 0+13 mcs 0 Qm 2 SNR 38.9 dB TAest 2
[0m[93m[PHY]    ULSCH NAK trace 708.4 rnti ed83 harq 6 round 0 rv 0 crc_valid 0 processed 0/1 abort 1 dtx 0 TBS 20 rb 0+5 sym 0+13 mcs 0 Qm 2 SNR 38.9 dB TAest -1
[0m[93m[PHY]    ULSCH NAK trace 709.4 rnti ed83 harq 6 round 1 rv 2 crc_valid 0 processed 0/1 abort 1 dtx 0 TBS 20 rb 0+5 sym 0+13 mcs 0 Qm 2 SNR 38.9 dB TAest 1
[0m[93m[PHY]    ULSCH NAK trace 720.4 rnti ed83 harq 8 round 0 rv 0 crc_valid 0 processed 0/1 abort 1 dtx 0 TBS 20 rb 0+5 sym 0+13 mcs 0 Qm 2 SNR 38.9 dB TAest -1
[0m[93m[PHY]    ULSCH NAK trace 721.4 rnti ed83 harq 8 round 1 rv 2 crc_valid 0 processed 0/1 abort 1 dtx 0 TBS 20 rb 0+5 sym 0+13 mcs 0 Qm 2 SNR 38.9 dB TAest 1
[0m[93m[PHY]    ULSCH NAK trace 732.4 rnti ed83 harq 9 round 0 rv 0 crc_valid 0 processed 0/1 abort 1 dtx 0 TBS 20 rb 0+5 sym 0+13 mcs 0 Qm 2 SNR 38.9 dB TAest -1
[0m[93m[PHY]    ULSCH NAK trace 733.4 rnti ed83 harq 9 round 1 rv 2 crc_valid 0 processed 0/1 abort 1 dtx 0 TBS 20 rb 0+5 sym 0+13 mcs 0 Qm 2 SNR 38.9 dB TAest 1
[0m[93m[PHY]    ULSCH NAK trace 744.4 rnti ed83 harq 5 round 0 rv 0 crc_valid 0 processed 0/1 abort 1 dtx 0 TBS 20 rb 0+5 sym 0+13 mcs 0 Qm 2 SNR 38.9 dB TAest -1
[0m[93m[PHY]    ULSCH NAK trace 745.4 rnti ed83 harq 5 round 1 rv 2 crc_valid 0 processed 0/1 abort 1 dtx 0 TBS 20 rb 0+5 sym 0+13 mcs 0 Qm 2 SNR 38.9 dB TAest 1
[0m[93m[PHY]    ULSCH NAK trace 756.4 rnti ed83 harq 13 round 0 rv 0 crc_valid 0 processed 0/1 abort 1 dtx 0 TBS 20 rb 0+5 sym 0+13 mcs 0 Qm 2 SNR 38.9 dB TAest -1
[0m[93m[PHY]    ULSCH NAK trace 757.4 rnti ed83 harq 13 round 1 rv 2 crc_valid 0 processed 0/1 abort 1 dtx 0 TBS 20 rb 0+5 sym 0+13 mcs 0 Qm 2 SNR 38.9 dB TAest 1
[0m[HW]     [o-du 0][rx  150528 pps   10752 kbps   72950][tx  446252 pps   31872 kbps  182321][Total Msgs_Rcvd 150528]
[0m[HW]     [o_du0][pusch0  129024 prach0   21504]
[0m[93m[PHY]    ULSCH NAK trace 768.4 rnti ed83 harq 10 round 0 rv 0 crc_valid 0 processed 0/1 abort 1 dtx 0 TBS 20 rb 0+5 sym 0+13 mcs 0 Qm 2 SNR 38.9 dB TAest -1
[0m[93m[PHY]    ULSCH NAK trace 769.4 rnti ed83 harq 10 round 1 rv 2 crc_valid 0 processed 0/1 abort 1 dtx 0 TBS 20 rb 0+5 sym 0+13 mcs 0 Qm 2 SNR 38.9 dB TAest 1
[0m[93m[PHY]    ULSCH NAK trace 780.4 rnti ed83 harq 12 round 0 rv 0 crc_valid 0 processed 0/1 abort 1 dtx 0 TBS 20 rb 0+5 sym 0+13 mcs 0 Qm 2 SNR 38.9 dB TAest -1
[0m[93m[PHY]    ULSCH NAK trace 781.4 rnti ed83 harq 12 round 1 rv 2 crc_valid 0 processed 0/1 abort 1 dtx 0 TBS 20 rb 0+5 sym 0+13 mcs 0 Qm 2 SNR 38.9 dB TAest 1
[0m[93m[PHY]    ULSCH NAK trace 792.4 rnti ed83 harq 11 round 0 rv 0 crc_valid 0 processed 0/1 abort 1 dtx 0 TBS 20 rb 0+5 sym 0+13 mcs 0 Qm 2 SNR 38.9 dB TAest -1
[0m[93m[PHY]    ULSCH NAK trace 793.4 rnti ed83 harq 11 round 1 rv 2 crc_valid 0 processed 0/1 abort 1 dtx 0 TBS 20 rb 0+5 sym 0+13 mcs 0 Qm 2 SNR 38.9 dB TAest 1
[0m[93m[PHY]    ULSCH NAK trace 804.4 rnti ed83 harq 15 round 0 rv 0 crc_valid 0 processed 0/1 abort 1 dtx 0 TBS 20 rb 0+5 sym 0+13 mcs 0 Qm 2 SNR 38.9 dB TAest -1
[0m[93m[PHY]    ULSCH NAK trace 805.4 rnti ed83 harq 15 round 1 rv 2 crc_valid 0 processed 0/1 abort 1 dtx 0 TBS 20 rb 0+5 sym 0+13 mcs 0 Qm 2 SNR 38.9 dB TAest 1
[0m[93m[PHY]    ULSCH NAK trace 816.4 rnti ed83 harq 14 round 0 rv 0 crc_valid 0 processed 0/1 abort 1 dtx 0 TBS 20 rb 0+5 sym 0+13 mcs 0 Qm 2 SNR 38.9 dB TAest -1
[0m[93m[PHY]    ULSCH NAK trace 817.4 rnti ed83 harq 14 round 1 rv 2 crc_valid 0 processed 0/1 abort 1 dtx 0 TBS 20 rb 0+5 sym 0+13 mcs 0 Qm 2 SNR 38.9 dB TAest 1
[0m[93m[PHY]    ULSCH NAK trace 828.4 rnti ed83 harq 7 round 0 rv 0 crc_valid 0 processed 0/1 abort 1 dtx 0 TBS 20 rb 0+5 sym 0+13 mcs 0 Qm 2 SNR 38.9 dB TAest -1
[0m[93m[PHY]    ULSCH NAK trace 829.4 rnti ed83 harq 7 round 1 rv 2 crc_valid 0 processed 0/1 abort 1 dtx 0 TBS 20 rb 0+5 sym 0+13 mcs 0 Qm 2 SNR 38.9 dB TAest 1
[0m[93m[PHY]    ULSCH NAK trace 840.4 rnti ed83 harq 1 round 0 rv 0 crc_valid 0 processed 0/1 abort 1 dtx 0 TBS 20 rb 0+5 sym 0+13 mcs 0 Qm 2 SNR 38.9 dB TAest -1
[0m[93m[PHY]    ULSCH NAK trace 841.4 rnti ed83 harq 1 round 1 rv 2 crc_valid 0 processed 0/1 abort 1 dtx 0 TBS 20 rb 0+5 sym 0+13 mcs 0 Qm 2 SNR 38.9 dB TAest 1
[0m[93m[PHY]    ULSCH NAK trace 852.4 rnti ed83 harq 2 round 0 rv 0 crc_valid 0 processed 0/1 abort 1 dtx 0 TBS 20 rb 0+5 sym 0+13 mcs 0 Qm 2 SNR 38.9 dB TAest -1
[0m[93m[PHY]    ULSCH NAK trace 853.4 rnti ed83 harq 2 round 1 rv 2 crc_valid 0 processed 0/1 abort 1 dtx 0 TBS 20 rb 0+5 sym 0+13 mcs 0 Qm 2 SNR 38.9 dB TAest 1
[0m[93m[PHY]    ULSCH NAK trace 864.4 rnti ed83 harq 0 round 0 rv 0 crc_valid 0 processed 0/1 abort 1 dtx 0 TBS 20 rb 0+5 sym 0+13 mcs 0 Qm 2 SNR 38.9 dB TAest -1
[0m[93m[PHY]    ULSCH NAK trace 865.4 rnti ed83 harq 0 round 1 rv 2 crc_valid 0 processed 0/1 abort 1 dtx 0 TBS 20 rb 0+5 sym 0+13 mcs 0 Qm 2 SNR 38.9 dB TAest 1
[0m[93m[PHY]    ULSCH NAK trace 876.4 rnti ed83 harq 3 round 0 rv 0 crc_valid 0 processed 0/1 abort 1 dtx 0 TBS 20 rb 0+5 sym 0+13 mcs 0 Qm 2 SNR 38.9 dB TAest -1
[0m[93m[PHY]    ULSCH NAK trace 877.4 rnti ed83 harq 3 round 1 rv 2 crc_valid 0 processed 0/1 abort 1 dtx 0 TBS 20 rb 0+5 sym 0+13 mcs 0 Qm 2 SNR 38.9 dB TAest 1
[0m[93m[PHY]    ULSCH NAK trace 888.4 rnti ed83 harq 4 round 0 rv 0 crc_valid 0 processed 0/1 abort 1 dtx 0 TBS 20 rb 0+5 sym 0+13 mcs 0 Qm 2 SNR 38.9 dB TAest -1
[0m[93m[PHY]    ULSCH NAK trace 889.4 rnti ed83 harq 4 round 1 rv 2 crc_valid 0 processed 0/1 abort 1 dtx 0 TBS 20 rb 0+5 sym 0+13 mcs 0 Qm 2 SNR 38.9 dB TAest 1
[0m[HW]     [o-du 0][rx  161280 pps   10752 kbps   72964][tx  478124 pps   31872 kbps  182321][Total Msgs_Rcvd 161280]
[0m[HW]     [o_du0][pusch0  138240 prach0   23040]
[0m[93m[PHY]    ULSCH NAK trace 900.4 rnti ed83 harq 6 round 0 rv 0 crc_valid 0 processed 0/1 abort 1 dtx 0 TBS 20 rb 0+5 sym 0+13 mcs 0 Qm 2 SNR 38.9 dB TAest -1
[0m[93m[PHY]    ULSCH NAK trace 901.4 rnti ed83 harq 6 round 1 rv 2 crc_valid 0 processed 0/1 abort 1 dtx 0 TBS 20 rb 0+5 sym 0+13 mcs 0 Qm 2 SNR 38.9 dB TAest 1
[0m[93m[PHY]    ULSCH NAK trace 912.4 rnti ed83 harq 8 round 0 rv 0 crc_valid 0 processed 0/1 abort 1 dtx 0 TBS 20 rb 0+5 sym 0+13 mcs 0 Qm 2 SNR 38.9 dB TAest -1
[0m[93m[PHY]    ULSCH NAK trace 913.4 rnti ed83 harq 8 round 1 rv 2 crc_valid 0 processed 0/1 abort 1 dtx 0 TBS 20 rb 0+5 sym 0+13 mcs 0 Qm 2 SNR 38.9 dB TAest 1
[0m[93m[PHY]    ULSCH NAK trace 924.4 rnti ed83 harq 9 round 0 rv 0 crc_valid 0 processed 0/1 abort 1 dtx 0 TBS 20 rb 0+5 sym 0+13 mcs 0 Qm 2 SNR 38.9 dB TAest -1
[0m[93m[PHY]    ULSCH NAK trace 925.4 rnti ed83 harq 9 round 1 rv 2 crc_valid 0 processed 0/1 abort 1 dtx 0 TBS 20 rb 0+5 sym 0+13 mcs 0 Qm 2 SNR 38.9 dB TAest 1
[0m[93m[PHY]    ULSCH NAK trace 936.4 rnti ed83 harq 5 round 0 rv 0 crc_valid 0 processed 0/1 abort 1 dtx 0 TBS 20 rb 0+5 sym 0+13 mcs 0 Qm 2 SNR 38.9 dB TAest -1
[0m[93m[PHY]    ULSCH NAK trace 937.4 rnti ed83 harq 5 round 1 rv 2 crc_valid 0 processed 0/1 abort 1 dtx 0 TBS 20 rb 0+5 sym 0+13 mcs 0 Qm 2 SNR 38.9 dB TAest 1
[0m[93m[PHY]    ULSCH NAK trace 948.4 rnti ed83 harq 13 round 0 rv 0 crc_valid 0 processed 0/1 abort 1 dtx 0 TBS 20 rb 0+5 sym 0+13 mcs 0 Qm 2 SNR 38.9 dB TAest -1
[0m[93m[PHY]    ULSCH NAK trace 949.4 rnti ed83 harq 13 round 1 rv 2 crc_valid 0 processed 0/1 abort 1 dtx 0 TBS 20 rb 0+5 sym 0+13 mcs 0 Qm 2 SNR 38.9 dB TAest 1
[0m[93m[PHY]    ULSCH NAK trace 960.4 rnti ed83 harq 10 round 0 rv 0 crc_valid 0 processed 0/1 abort 1 dtx 0 TBS 20 rb 0+5 sym 0+13 mcs 0 Qm 2 SNR 38.9 dB TAest -1
[0m[93m[PHY]    ULSCH NAK trace 961.4 rnti ed83 harq 10 round 1 rv 2 crc_valid 0 processed 0/1 abort 1 dtx 0 TBS 20 rb 0+5 sym 0+13 mcs 0 Qm 2 SNR 38.9 dB TAest 1
[0m[93m[PHY]    ULSCH NAK trace 967.14 rnti ed83 harq 12 round 0 rv 0 crc_valid 0 processed 0/1 abort 1 dtx 0 TBS 20 rb 0+5 sym 0+13 mcs 0 Qm 2 SNR 38.9 dB TAest -2
[0m[93m[PHY]    ULSCH NAK trace 968.4 rnti ed83 harq 11 round 0 rv 0 crc_valid 0 processed 0/1 abort 1 dtx 0 TBS 20 rb 0+5 sym 0+13 mcs 0 Qm 2 SNR 38.9 dB TAest -2
[0m[93m[PHY]    ULSCH NAK trace 968.14 rnti ed83 harq 12 round 1 rv 2 crc_valid 0 processed 0/1 abort 1 dtx 0 TBS 20 rb 0+5 sym 0+13 mcs 0 Qm 2 SNR 39.0 dB TAest -2
[0m[93m[PHY]    ULSCH NAK trace 969.4 rnti ed83 harq 11 round 1 rv 2 crc_valid 0 processed 0/1 abort 1 dtx 0 TBS 20 rb 0+5 sym 0+13 mcs 0 Qm 2 SNR 38.9 dB TAest 3
[0m[93m[PHY]    ULSCH NAK trace 970.14 rnti ed83 harq 15 round 0 rv 0 crc_valid 0 processed 0/1 abort 1 dtx 0 TBS 20 rb 0+5 sym 0+13 mcs 0 Qm 2 SNR 38.9 dB TAest 1
[0m[93m[PHY]    ULSCH NAK trace 970.19 rnti ed83 harq 14 round 0 rv 0 crc_valid 0 processed 0/1 abort 1 dtx 0 TBS 20 rb 12+5 sym 0+13 mcs 0 Qm 2 SNR 38.9 dB TAest 1
[0m[93m[PHY]    ULSCH NAK trace 971.4 rnti ed83 harq 7 round 0 rv 0 crc_valid 0 processed 0/1 abort 1 dtx 0 TBS 20 rb 0+5 sym 0+13 mcs 0 Qm 2 SNR 38.9 dB TAest -2
[0m[93m[PHY]    ULSCH NAK trace 971.9 rnti ed83 harq 1 round 0 rv 0 crc_valid 0 processed 0/1 abort 1 dtx 0 TBS 20 rb 0+5 sym 0+13 mcs 0 Qm 2 SNR 38.9 dB TAest -2
[0m[93m[PHY]    ULSCH NAK trace 972.9 rnti ed83 harq 1 round 1 rv 2 crc_valid 0 processed 0/1 abort 1 dtx 0 TBS 20 rb 0+5 sym 0+13 mcs 0 Qm 2 SNR 38.9 dB TAest -2
[0m[93m[PHY]    ULSCH NAK trace 972.14 rnti ed83 harq 2 round 0 rv 0 crc_valid 0 processed 0/1 abort 1 dtx 0 TBS 20 rb 0+5 sym 0+13 mcs 0 Qm 2 SNR 38.9 dB TAest -1
[0m[93m[PHY]    ULSCH NAK trace 972.19 rnti ed83 harq 0 round 0 rv 0 crc_valid 0 processed 0/1 abort 1 dtx 0 TBS 20 rb 12+5 sym 0+13 mcs 0 Qm 2 SNR 39.0 dB TAest -2
[0m[93m[PHY]    ULSCH NAK trace 973.4 rnti ed83 harq 3 round 0 rv 0 crc_valid 0 processed 0/1 abort 1 dtx 0 TBS 20 rb 0+5 sym 0+13 mcs 0 Qm 2 SNR 38.9 dB TAest 1
[0m[93m[PHY]    ULSCH NAK trace 973.14 rnti ed83 harq 2 round 1 rv 2 crc_valid 0 processed 0/1 abort 1 dtx 0 TBS 20 rb 0+5 sym 0+13 mcs 0 Qm 2 SNR 38.9 dB TAest 1
[0m[93m[PHY]    ULSCH NAK trace 974.4 rnti ed83 harq 3 round 1 rv 2 crc_valid 0 processed 0/1 abort 1 dtx 0 TBS 20 rb 0+5 sym 0+13 mcs 0 Qm 2 SNR 38.9 dB TAest 0
[0m[93m[PHY]    ULSCH NAK trace 985.4 rnti ed83 harq 4 round 0 rv 0 crc_valid 0 processed 0/1 abort 1 dtx 0 TBS 20 rb 0+5 sym 0+13 mcs 0 Qm 2 SNR 38.9 dB TAest 2
[0m[93m[PHY]    ULSCH NAK trace 996.4 rnti ed83 harq 6 round 0 rv 0 crc_valid 0 processed 0/1 abort 1 dtx 0 TBS 20 rb 0+5 sym 0+13 mcs 0 Qm 2 SNR 38.9 dB TAest -1
[0m[93m[PHY]    ULSCH NAK trace 997.4 rnti ed83 harq 6 round 1 rv 2 crc_valid 0 processed 0/1 abort 1 dtx 0 TBS 20 rb 0+5 sym 0+13 mcs 0 Qm 2 SNR 38.9 dB TAest 1
[0m[93m[PHY]    ULSCH NAK trace 1008.4 rnti ed83 harq 8 round 0 rv 0 crc_valid 0 processed 0/1 abort 1 dtx 0 TBS 20 rb 0+5 sym 0+13 mcs 0 Qm 2 SNR 38.9 dB TAest -1
[0m[93m[PHY]    ULSCH NAK trace 1009.4 rnti ed83 harq 8 round 1 rv 2 crc_valid 0 processed 0/1 abort 1 dtx 0 TBS 20 rb 0+5 sym 0+13 mcs 0 Qm 2 SNR 38.9 dB TAest 1
[0m[93m[PHY]    ULSCH NAK trace 1020.4 rnti ed83 harq 9 round 0 rv 0 crc_valid 0 processed 0/1 abort 1 dtx 0 TBS 20 rb 0+5 sym 0+13 mcs 0 Qm 2 SNR 38.9 dB TAest -1
[0m[93m[PHY]    ULSCH NAK trace 1021.4 rnti ed83 harq 9 round 1 rv 2 crc_valid 0 processed 0/1 abort 1 dtx 0 TBS 20 rb 0+5 sym 0+13 mcs 0 Qm 2 SNR 38.9 dB TAest 1
[0m[HW]     [o-du 0][rx  172032 pps   10752 kbps   72969][tx  509996 pps   31872 kbps  182321][Total Msgs_Rcvd 172032]
[0m[HW]     [o_du0][pusch0  147456 prach0   24576]
[0m[PHY]    prach_I0 = 0.0 dB
[0m[93m[PHY]    ULSCH NAK trace 8.4 rnti ed83 harq 5 round 0 rv 0 crc_valid 0 processed 0/1 abort 1 dtx 0 TBS 20 rb 0+5 sym 0+13 mcs 0 Qm 2 SNR 38.9 dB TAest -1
[0m[93m[PHY]    ULSCH NAK trace 9.4 rnti ed83 harq 5 round 1 rv 2 crc_valid 0 processed 0/1 abort 1 dtx 0 TBS 20 rb 0+5 sym 0+13 mcs 0 Qm 2 SNR 38.9 dB TAest 1
[0m[93m[PHY]    ULSCH NAK trace 20.4 rnti ed83 harq 13 round 0 rv 0 crc_valid 0 processed 0/1 abort 1 dtx 0 TBS 20 rb 0+5 sym 0+13 mcs 0 Qm 2 SNR 38.9 dB TAest -1
[0m[93m[PHY]    ULSCH NAK trace 21.4 rnti ed83 harq 13 round 1 rv 2 crc_valid 0 processed 0/1 abort 1 dtx 0 TBS 20 rb 0+5 sym 0+13 mcs 0 Qm 2 SNR 38.9 dB TAest 1
[0m[93m[PHY]    ULSCH NAK trace 32.4 rnti ed83 harq 10 round 0 rv 0 crc_valid 0 processed 0/1 abort 1 dtx 0 TBS 20 rb 0+5 sym 0+13 mcs 0 Qm 2 SNR 38.9 dB TAest -1
[0m[93m[PHY]    ULSCH NAK trace 33.4 rnti ed83 harq 10 round 1 rv 2 crc_valid 0 processed 0/1 abort 1 dtx 0 TBS 20 rb 0+5 sym 0+13 mcs 0 Qm 2 SNR 38.9 dB TAest 1
[0m[93m[PHY]    ULSCH NAK trace 44.4 rnti ed83 harq 12 round 0 rv 0 crc_valid 0 processed 0/1 abort 1 dtx 0 TBS 20 rb 0+5 sym 0+13 mcs 0 Qm 2 SNR 38.9 dB TAest -1
[0m[93m[PHY]    ULSCH NAK trace 45.4 rnti ed83 harq 12 round 1 rv 2 crc_valid 0 processed 0/1 abort 1 dtx 0 TBS 20 rb 0+5 sym 0+13 mcs 0 Qm 2 SNR 38.9 dB TAest 1
[0m[93m[PHY]    ULSCH NAK trace 56.4 rnti ed83 harq 11 round 0 rv 0 crc_valid 0 processed 0/1 abort 1 dtx 0 TBS 20 rb 0+5 sym 0+13 mcs 0 Qm 2 SNR 38.9 dB TAest -1
[0m[93m[PHY]    ULSCH NAK trace 57.4 rnti ed83 harq 11 round 1 rv 2 crc_valid 0 processed 0/1 abort 1 dtx 0 TBS 20 rb 0+5 sym 0+13 mcs 0 Qm 2 SNR 38.9 dB TAest 1
[0m[93m[PHY]    ULSCH NAK trace 68.4 rnti ed83 harq 15 round 0 rv 0 crc_valid 0 processed 0/1 abort 1 dtx 0 TBS 20 rb 0+5 sym 0+13 mcs 0 Qm 2 SNR 38.9 dB TAest -1
[0m[93m[PHY]    ULSCH NAK trace 69.4 rnti ed83 harq 15 round 1 rv 2 crc_valid 0 processed 0/1 abort 1 dtx 0 TBS 20 rb 0+5 sym 0+13 mcs 0 Qm 2 SNR 38.9 dB TAest 1
[0m[93m[PHY]    ULSCH NAK trace 80.4 rnti ed83 harq 14 round 0 rv 0 crc_valid 0 processed 0/1 abort 1 dtx 0 TBS 20 rb 0+5 sym 0+13 mcs 0 Qm 2 SNR 38.9 dB TAest -1
[0m[93m[PHY]    ULSCH NAK trace 81.4 rnti ed83 harq 14 round 1 rv 2 crc_valid 0 processed 0/1 abort 1 dtx 0 TBS 20 rb 0+5 sym 0+13 mcs 0 Qm 2 SNR 38.9 dB TAest 1
[0m[93m[PHY]    ULSCH NAK trace 92.4 rnti ed83 harq 7 round 0 rv 0 crc_valid 0 processed 0/1 abort 1 dtx 0 TBS 20 rb 0+5 sym 0+13 mcs 0 Qm 2 SNR 38.9 dB TAest -1
[0m[93m[PHY]    ULSCH NAK trace 93.4 rnti ed83 harq 7 round 1 rv 2 crc_valid 0 processed 0/1 abort 1 dtx 0 TBS 20 rb 0+5 sym 0+13 mcs 0 Qm 2 SNR 38.9 dB TAest 1
[0m[93m[PHY]    ULSCH NAK trace 104.4 rnti ed83 harq 1 round 0 rv 0 crc_valid 0 processed 0/1 abort 1 dtx 0 TBS 20 rb 0+5 sym 0+13 mcs 0 Qm 2 SNR 38.9 dB TAest -1
[0m[93m[PHY]    ULSCH NAK trace 105.4 rnti ed83 harq 1 round 1 rv 2 crc_valid 0 processed 0/1 abort 1 dtx 0 TBS 20 rb 0+5 sym 0+13 mcs 0 Qm 2 SNR 38.9 dB TAest 1
[0m[93m[PHY]    ULSCH NAK trace 116.4 rnti ed83 harq 0 round 0 rv 0 crc_valid 0 processed 0/1 abort 1 dtx 0 TBS 20 rb 0+5 sym 0+13 mcs 0 Qm 2 SNR 38.9 dB TAest -1
[0m[93m[PHY]    ULSCH NAK trace 117.4 rnti ed83 harq 0 round 1 rv 2 crc_valid 0 processed 0/1 abort 1 dtx 0 TBS 20 rb 0+5 sym 0+13 mcs 0 Qm 2 SNR 38.9 dB TAest 1
[0m[HW]     [o-du 0][rx  182784 pps   10752 kbps   72950][tx  541868 pps   31872 kbps  182321][Total Msgs_Rcvd 182784]
[0m[HW]     [o_du0][pusch0  156672 prach0   26112]
[0m[93m[PHY]    ULSCH NAK trace 128.4 rnti ed83 harq 2 round 0 rv 0 crc_valid 0 processed 0/1 abort 1 dtx 0 TBS 20 rb 0+5 sym 0+13 mcs 0 Qm 2 SNR 38.9 dB TAest -1
[0m[93m[PHY]    ULSCH NAK trace 129.4 rnti ed83 harq 2 round 1 rv 2 crc_valid 0 processed 0/1 abort 1 dtx 0 TBS 20 rb 0+5 sym 0+13 mcs 0 Qm 2 SNR 38.9 dB TAest 1
[0m[93m[PHY]    ULSCH NAK trace 140.4 rnti ed83 harq 3 round 0 rv 0 crc_valid 0 processed 0/1 abort 1 dtx 0 TBS 20 rb 0+5 sym 0+13 mcs 0 Qm 2 SNR 38.9 dB TAest -1
[0m[93m[PHY]    ULSCH NAK trace 141.4 rnti ed83 harq 3 round 1 rv 2 crc_valid 0 processed 0/1 abort 1 dtx 0 TBS 20 rb 0+5 sym 0+13 mcs 0 Qm 2 SNR 38.9 dB TAest 1
[0m[93m[PHY]    ULSCH NAK trace 152.4 rnti ed83 harq 4 round 0 rv 0 crc_valid 0 processed 0/1 abort 1 dtx 0 TBS 20 rb 0+5 sym 0+13 mcs 0 Qm 2 SNR 38.9 dB TAest -1
[0m[93m[PHY]    ULSCH NAK trace 153.4 rnti ed83 harq 4 round 1 rv 2 crc_valid 0 processed 0/1 abort 1 dtx 0 TBS 20 rb 0+5 sym 0+13 mcs 0 Qm 2 SNR 38.9 dB TAest 1
[0m[93m[PHY]    ULSCH NAK trace 164.4 rnti ed83 harq 6 round 0 rv 0 crc_valid 0 processed 0/1 abort 1 dtx 0 TBS 20 rb 0+5 sym 0+13 mcs 0 Qm 2 SNR 38.9 dB TAest -1
[0m[93m[PHY]    ULSCH NAK trace 165.4 rnti ed83 harq 6 round 1 rv 2 crc_valid 0 processed 0/1 abort 1 dtx 0 TBS 20 rb 0+5 sym 0+13 mcs 0 Qm 2 SNR 38.9 dB TAest 1
[0m[93m[PHY]    ULSCH NAK trace 176.4 rnti ed83 harq 8 round 0 rv 0 crc_valid 0 processed 0/1 abort 1 dtx 0 TBS 20 rb 0+5 sym 0+13 mcs 0 Qm 2 SNR 38.9 dB TAest -1
[0m[93m[PHY]    ULSCH NAK trace 177.4 rnti ed83 harq 8 round 1 rv 2 crc_valid 0 processed 0/1 abort 1 dtx 0 TBS 20 rb 0+5 sym 0+13 mcs 0 Qm 2 SNR 38.9 dB TAest 1
[0m[93m[PHY]    ULSCH NAK trace 188.4 rnti ed83 harq 9 round 0 rv 0 crc_valid 0 processed 0/1 abort 1 dtx 0 TBS 20 rb 0+5 sym 0+13 mcs 0 Qm 2 SNR 38.9 dB TAest -1
[0m[93m[PHY]    ULSCH NAK trace 189.4 rnti ed83 harq 9 round 1 rv 2 crc_valid 0 processed 0/1 abort 1 dtx 0 TBS 20 rb 0+5 sym 0+13 mcs 0 Qm 2 SNR 38.9 dB TAest 1
[0m[93m[PHY]    ULSCH NAK trace 200.4 rnti ed83 harq 5 round 0 rv 0 crc_valid 0 processed 0/1 abort 1 dtx 0 TBS 20 rb 0+5 sym 0+13 mcs 0 Qm 2 SNR 38.9 dB TAest -1
[0m[93m[PHY]    ULSCH NAK trace 201.4 rnti ed83 harq 5 round 1 rv 2 crc_valid 0 processed 0/1 abort 1 dtx 0 TBS 20 rb 0+5 sym 0+13 mcs 0 Qm 2 SNR 38.9 dB TAest 1
[0m[93m[PHY]    ULSCH NAK trace 212.4 rnti ed83 harq 13 round 0 rv 0 crc_valid 0 processed 0/1 abort 1 dtx 0 TBS 20 rb 0+5 sym 0+13 mcs 0 Qm 2 SNR 38.9 dB TAest -1
[0m[93m[PHY]    ULSCH NAK trace 213.4 rnti ed83 harq 13 round 1 rv 2 crc_valid 0 processed 0/1 abort 1 dtx 0 TBS 20 rb 0+5 sym 0+13 mcs 0 Qm 2 SNR 38.9 dB TAest 1
[0m[93m[PHY]    ULSCH NAK trace 224.4 rnti ed83 harq 10 round 0 rv 0 crc_valid 0 processed 0/1 abort 1 dtx 0 TBS 20 rb 0+5 sym 0+13 mcs 0 Qm 2 SNR 38.9 dB TAest -1
[0m[93m[PHY]    ULSCH NAK trace 225.4 rnti ed83 harq 10 round 1 rv 2 crc_valid 0 processed 0/1 abort 1 dtx 0 TBS 20 rb 0+5 sym 0+13 mcs 0 Qm 2 SNR 38.9 dB TAest 1
[0m[93m[PHY]    ULSCH NAK trace 236.4 rnti ed83 harq 12 round 0 rv 0 crc_valid 0 processed 0/1 abort 1 dtx 0 TBS 20 rb 0+5 sym 0+13 mcs 0 Qm 2 SNR 38.9 dB TAest -1
[0m[93m[PHY]    ULSCH NAK trace 237.4 rnti ed83 harq 12 round 1 rv 2 crc_valid 0 processed 0/1 abort 1 dtx 0 TBS 20 rb 0+5 sym 0+13 mcs 0 Qm 2 SNR 38.9 dB TAest 1
[0m[93m[PHY]    ULSCH NAK trace 248.4 rnti ed83 harq 11 round 0 rv 0 crc_valid 0 processed 0/1 abort 1 dtx 0 TBS 20 rb 0+5 sym 0+13 mcs 0 Qm 2 SNR 38.9 dB TAest -1
[0m[93m[PHY]    ULSCH NAK trace 249.4 rnti ed83 harq 11 round 1 rv 2 crc_valid 0 processed 0/1 abort 1 dtx 0 TBS 20 rb 0+5 sym 0+13 mcs 0 Qm 2 SNR 38.9 dB TAest 1
[0m[HW]     [o-du 0][rx  193536 pps   10752 kbps   72955][tx  573740 pps   31872 kbps  182321][Total Msgs_Rcvd 193536]
[0m[HW]     [o_du0][pusch0  165888 prach0   27648]
[0m[93m[PHY]    ULSCH NAK trace 260.4 rnti ed83 harq 15 round 0 rv 0 crc_valid 0 processed 0/1 abort 1 dtx 0 TBS 20 rb 0+5 sym 0+13 mcs 0 Qm 2 SNR 38.9 dB TAest -1
[0m[93m[PHY]    ULSCH NAK trace 261.4 rnti ed83 harq 15 round 1 rv 2 crc_valid 0 processed 0/1 abort 1 dtx 0 TBS 20 rb 0+5 sym 0+13 mcs 0 Qm 2 SNR 38.9 dB TAest 1
[0m[93m[PHY]    ULSCH NAK trace 272.4 rnti ed83 harq 14 round 0 rv 0 crc_valid 0 processed 0/1 abort 1 dtx 0 TBS 20 rb 0+5 sym 0+13 mcs 0 Qm 2 SNR 38.9 dB TAest -1
[0m[93m[PHY]    ULSCH NAK trace 273.4 rnti ed83 harq 14 round 1 rv 2 crc_valid 0 processed 0/1 abort 1 dtx 0 TBS 20 rb 0+5 sym 0+13 mcs 0 Qm 2 SNR 38.9 dB TAest 1
[0m[93m[PHY]    ULSCH NAK trace 284.4 rnti ed83 harq 7 round 0 rv 0 crc_valid 0 processed 0/1 abort 1 dtx 0 TBS 20 rb 0+5 sym 0+13 mcs 0 Qm 2 SNR 38.9 dB TAest -1
[0m[93m[PHY]    ULSCH NAK trace 285.4 rnti ed83 harq 7 round 1 rv 2 crc_valid 0 processed 0/1 abort 1 dtx 0 TBS 20 rb 0+5 sym 0+13 mcs 0 Qm 2 SNR 38.9 dB TAest 1
[0m[93m[PHY]    ULSCH NAK trace 296.4 rnti ed83 harq 1 round 0 rv 0 crc_valid 0 processed 0/1 abort 1 dtx 0 TBS 20 rb 0+5 sym 0+13 mcs 0 Qm 2 SNR 38.9 dB TAest -1
[0m[93m[PHY]    ULSCH NAK trace 297.4 rnti ed83 harq 1 round 1 rv 2 crc_valid 0 processed 0/1 abort 1 dtx 0 TBS 20 rb 0+5 sym 0+13 mcs 0 Qm 2 SNR 38.9 dB TAest 1
[0m[93m[PHY]    ULSCH NAK trace 308.4 rnti ed83 harq 0 round 0 rv 0 crc_valid 0 processed 0/1 abort 1 dtx 0 TBS 20 rb 0+5 sym 0+13 mcs 0 Qm 2 SNR 38.9 dB TAest -1
[0m[93m[PHY]    ULSCH NAK trace 309.4 rnti ed83 harq 0 round 1 rv 2 crc_valid 0 processed 0/1 abort 1 dtx 0 TBS 20 rb 0+5 sym 0+13 mcs 0 Qm 2 SNR 38.9 dB TAest 1
[0m[93m[PHY]    ULSCH NAK trace 320.4 rnti ed83 harq 2 round 0 rv 0 crc_valid 0 processed 0/1 abort 1 dtx 0 TBS 20 rb 0+5 sym 0+13 mcs 0 Qm 2 SNR 38.9 dB TAest -1
[0m[93m[PHY]    ULSCH NAK trace 321.4 rnti ed83 harq 2 round 1 rv 2 crc_valid 0 processed 0/1 abort 1 dtx 0 TBS 20 rb 0+5 sym 0+13 mcs 0 Qm 2 SNR 38.9 dB TAest 1
[0m[93m[PHY]    ULSCH NAK trace 332.4 rnti ed83 harq 3 round 0 rv 0 crc_valid 0 processed 0/1 abort 1 dtx 0 TBS 20 rb 0+5 sym 0+13 mcs 0 Qm 2 SNR 38.9 dB TAest -1
[0m[93m[PHY]    ULSCH NAK trace 333.4 rnti ed83 harq 3 round 1 rv 2 crc_valid 0 processed 0/1 abort 1 dtx 0 TBS 20 rb 0+5 sym 0+13 mcs 0 Qm 2 SNR 38.9 dB TAest 1
[0m[93m[PHY]    ULSCH NAK trace 344.4 rnti ed83 harq 4 round 0 rv 0 crc_valid 0 processed 0/1 abort 1 dtx 0 TBS 20 rb 0+5 sym 0+13 mcs 0 Qm 2 SNR 38.9 dB TAest -1
[0m[93m[PHY]    ULSCH NAK trace 345.4 rnti ed83 harq 4 round 1 rv 2 crc_valid 0 processed 0/1 abort 1 dtx 0 TBS 20 rb 0+5 sym 0+13 mcs 0 Qm 2 SNR 38.9 dB TAest 1
[0m[93m[PHY]    ULSCH NAK trace 356.4 rnti ed83 harq 6 round 0 rv 0 crc_valid 0 processed 0/1 abort 1 dtx 0 TBS 20 rb 0+5 sym 0+13 mcs 0 Qm 2 SNR 38.9 dB TAest -1
[0m[93m[PHY]    ULSCH NAK trace 357.4 rnti ed83 harq 6 round 1 rv 2 crc_valid 0 processed 0/1 abort 1 dtx 0 TBS 20 rb 0+5 sym 0+13 mcs 0 Qm 2 SNR 38.9 dB TAest 1
[0m[93m[PHY]    ULSCH NAK trace 368.4 rnti ed83 harq 8 round 0 rv 0 crc_valid 0 processed 0/1 abort 1 dtx 0 TBS 20 rb 0+5 sym 0+13 mcs 0 Qm 2 SNR 38.9 dB TAest -1
[0m[93m[PHY]    ULSCH NAK trace 369.4 rnti ed83 harq 8 round 1 rv 2 crc_valid 0 processed 0/1 abort 1 dtx 0 TBS 20 rb 0+5 sym 0+13 mcs 0 Qm 2 SNR 38.9 dB TAest 1
[0m[93m[PHY]    ULSCH NAK trace 380.4 rnti ed83 harq 9 round 0 rv 0 crc_valid 0 processed 0/1 abort 1 dtx 0 TBS 20 rb 0+5 sym 0+13 mcs 0 Qm 2 SNR 38.9 dB TAest -1
[0m[93m[PHY]    ULSCH NAK trace 381.4 rnti ed83 harq 9 round 1 rv 2 crc_valid 0 processed 0/1 abort 1 dtx 0 TBS 20 rb 0+5 sym 0+13 mcs 0 Qm 2 SNR 38.9 dB TAest 1
[0m[HW]     [o-du 0][rx  204288 pps   10752 kbps   72974][tx  605612 pps   31872 kbps  182321][Total Msgs_Rcvd 204288]
[0m[HW]     [o_du0][pusch0  175104 prach0   29184]
[0m[93m[PHY]    ULSCH NAK trace 392.4 rnti ed83 harq 5 round 0 rv 0 crc_valid 0 processed 0/1 abort 1 dtx 0 TBS 20 rb 0+5 sym 0+13 mcs 0 Qm 2 SNR 38.9 dB TAest -1
[0m[93m[PHY]    ULSCH NAK trace 393.4 rnti ed83 harq 5 round 1 rv 2 crc_valid 0 processed 0/1 abort 1 dtx 0 TBS 20 rb 0+5 sym 0+13 mcs 0 Qm 2 SNR 38.9 dB TAest 1
[0m[93m[PHY]    ULSCH NAK trace 404.4 rnti ed83 harq 13 round 0 rv 0 crc_valid 0 processed 0/1 abort 1 dtx 0 TBS 20 rb 0+5 sym 0+13 mcs 0 Qm 2 SNR 38.9 dB TAest -1
[0m[93m[PHY]    ULSCH NAK trace 405.4 rnti ed83 harq 13 round 1 rv 2 crc_valid 0 processed 0/1 abort 1 dtx 0 TBS 20 rb 0+5 sym 0+13 mcs 0 Qm 2 SNR 38.9 dB TAest 1
[0m[93m[PHY]    ULSCH NAK trace 416.4 rnti ed83 harq 10 round 0 rv 0 crc_valid 0 processed 0/1 abort 1 dtx 0 TBS 20 rb 0+5 sym 0+13 mcs 0 Qm 2 SNR 38.9 dB TAest -1
[0m[93m[PHY]    ULSCH NAK trace 417.4 rnti ed83 harq 10 round 1 rv 2 crc_valid 0 processed 0/1 abort 1 dtx 0 TBS 20 rb 0+5 sym 0+13 mcs 0 Qm 2 SNR 38.9 dB TAest 1
[0m[93m[PHY]    ULSCH NAK trace 428.4 rnti ed83 harq 12 round 0 rv 0 crc_valid 0 processed 0/1 abort 1 dtx 0 TBS 20 rb 0+5 sym 0+13 mcs 0 Qm 2 SNR 38.9 dB TAest -1
[0m[93m[PHY]    ULSCH NAK trace 429.4 rnti ed83 harq 12 round 1 rv 2 crc_valid 0 processed 0/1 abort 1 dtx 0 TBS 20 rb 0+5 sym 0+13 mcs 0 Qm 2 SNR 38.9 dB TAest 1
[0m[93m[PHY]    ULSCH NAK trace 440.4 rnti ed83 harq 11 round 0 rv 0 crc_valid 0 processed 0/1 abort 1 dtx 0 TBS 20 rb 0+5 sym 0+13 mcs 0 Qm 2 SNR 38.9 dB TAest -1
[0m[93m[PHY]    ULSCH NAK trace 441.4 rnti ed83 harq 11 round 1 rv 2 crc_valid 0 processed 0/1 abort 1 dtx 0 TBS 20 rb 0+5 sym 0+13 mcs 0 Qm 2 SNR 38.9 dB TAest 1
[0m[93m[PHY]    ULSCH NAK trace 452.4 rnti ed83 harq 15 round 0 rv 0 crc_valid 0 processed 0/1 abort 1 dtx 0 TBS 20 rb 0+5 sym 0+13 mcs 0 Qm 2 SNR 38.9 dB TAest -1
[0m[93m[PHY]    ULSCH NAK trace 453.4 rnti ed83 harq 15 round 1 rv 2 crc_valid 0 processed 0/1 abort 1 dtx 0 TBS 20 rb 0+5 sym 0+13 mcs 0 Qm 2 SNR 38.9 dB TAest 1
[0m[93m[PHY]    ULSCH NAK trace 464.4 rnti ed83 harq 14 round 0 rv 0 crc_valid 0 processed 0/1 abort 1 dtx 0 TBS 20 rb 0+5 sym 0+13 mcs 0 Qm 2 SNR 38.9 dB TAest -1
[0m[93m[PHY]    ULSCH NAK trace 465.4 rnti ed83 harq 14 round 1 rv 2 crc_valid 0 processed 0/1 abort 1 dtx 0 TBS 20 rb 0+5 sym 0+13 mcs 0 Qm 2 SNR 38.9 dB TAest 1
[0m[93m[PHY]    ULSCH NAK trace 476.4 rnti ed83 harq 7 round 0 rv 0 crc_valid 0 processed 0/1 abort 1 dtx 0 TBS 20 rb 0+5 sym 0+13 mcs 0 Qm 2 SNR 38.9 dB TAest -1
[0m[93m[PHY]    ULSCH NAK trace 477.4 rnti ed83 harq 7 round 1 rv 2 crc_valid 0 processed 0/1 abort 1 dtx 0 TBS 20 rb 0+5 sym 0+13 mcs 0 Qm 2 SNR 38.9 dB TAest 1
[0m[93m[PHY]    ULSCH NAK trace 488.4 rnti ed83 harq 1 round 0 rv 0 crc_valid 0 processed 0/1 abort 1 dtx 0 TBS 20 rb 0+5 sym 0+13 mcs 0 Qm 2 SNR 38.9 dB TAest -1
[0m[93m[PHY]    ULSCH NAK trace 489.4 rnti ed83 harq 1 round 1 rv 2 crc_valid 0 processed 0/1 abort 1 dtx 0 TBS 20 rb 0+5 sym 0+13 mcs 0 Qm 2 SNR 38.9 dB TAest 1
[0m[93m[PHY]    ULSCH NAK trace 500.4 rnti ed83 harq 0 round 0 rv 0 crc_valid 0 processed 0/1 abort 1 dtx 0 TBS 20 rb 0+5 sym 0+13 mcs 0 Qm 2 SNR 38.9 dB TAest -1
[0m[HW]     [o-du 0][rx  215040 pps   10752 kbps   72960][tx  637484 pps   31872 kbps  182321][Total Msgs_Rcvd 215040]
[0m[HW]     [o_du0][pusch0  184320 prach0   30720]
[0m[HW]     [o-du 0][rx  225792 pps   10752 kbps   72950][tx  669356 pps   31872 kbps  182321][Total Msgs_Rcvd 225792]
[0m[HW]     [o_du0][pusch0  193536 prach0   32256]
[0m[HW]     [o-du 0][rx  236544 pps   10752 kbps   72964][tx  701228 pps   31872 kbps  182321][Total Msgs_Rcvd 236544]
[0m[HW]     [o_du0][pusch0  202752 prach0   33792]
[0m[93m[NR_MAC] UE a655 RA failed at state WAIT_Msg3 (Reached msg3 max harq rounds)
[0m[HW]     [o-du 0][rx  247296 pps   10752 kbps   72960][tx  733100 pps   31872 kbps  182321][Total Msgs_Rcvd 247296]
[0m[HW]     [o_du0][pusch0  211968 prach0   35328]
[0m[HW]     [o-du 0][rx  258048 pps   10752 kbps   72969][tx  764972 pps   31872 kbps  182321][Total Msgs_Rcvd 258048]
[0m[HW]     [o_du0][pusch0  221184 prach0   36864]
[0m[PHY]    prach_I0 = 0.0 dB
[0m[HW]     [o-du 0][rx  268800 pps   10752 kbps   72969][tx  796844 pps   31872 kbps  182321][Total Msgs_Rcvd 268800]
[0m[HW]     [o_du0][pusch0  230400 prach0   38400]
[0m[HW]     [o-du 0][rx  279552 pps   10752 kbps   72950][tx  828716 pps   31872 kbps  182321][Total Msgs_Rcvd 279552]
[0m[HW]     [o_du0][pusch0  239616 prach0   39936]
[0m[HW]     [o-du 0][rx  290304 pps   10752 kbps   72969][tx  860588 pps   31872 kbps  182321][Total Msgs_Rcvd 290304]
[0m[HW]     [o_du0][pusch0  248832 prach0   41472]
[0m[HW]     [o-du 0][rx  301056 pps   10752 kbps   72960][tx  892460 pps   31872 kbps  182321][Total Msgs_Rcvd 301056]
[0m[HW]     [o_du0][pusch0  258048 prach0   43008]
[0m[HW]     [o-du 0][rx  311808 pps   10752 kbps   72969][tx  924332 pps   31872 kbps  182321][Total Msgs_Rcvd 311808]
[0m[HW]     [o_du0][pusch0  267264 prach0   44544]
[0m[HW]     [o-du 0][rx  322560 pps   10752 kbps   72950][tx  956204 pps   31872 kbps  182321][Total Msgs_Rcvd 322560]
[0m[HW]     [o_du0][pusch0  276480 prach0   46080]
[0m[HW]     [o-du 0][rx  333312 pps   10752 kbps   72960][tx  988076 pps   31872 kbps  182321][Total Msgs_Rcvd 333312]
[0m[HW]     [o_du0][pusch0  285696 prach0   47616]
[0m[HW]     [o-du 0][rx  344065 pps   10753 kbps   72953][tx 1019948 pps   31872 kbps  182321][Total Msgs_Rcvd 344065]
[0m[HW]     [o_du0][pusch0  294912 prach0   49152]
[0m[PHY]    prach_I0 = 0.0 dB
[0m[HW]     [o-du 0][rx  354817 pps   10752 kbps   72969][tx 1051820 pps   31872 kbps  182321][Total Msgs_Rcvd 354817]
[0m[HW]     [o_du0][pusch0  304128 prach0   50688]
[0m[HW]     [o-du 0][rx  365570 pps   10753 kbps   72960][tx 1083692 pps   31872 kbps  182321][Total Msgs_Rcvd 365570]
[0m[HW]     [o_du0][pusch0  313344 prach0   52224]
[0m[HW]     [o-du 0][rx  376322 pps   10752 kbps   72953][tx 1115564 pps   31872 kbps  182321][Total Msgs_Rcvd 376322]
[0m[HW]     [o_du0][pusch0  322560 prach0   53760]
[0m[HW]     [o-du 0][rx  387074 pps   10752 kbps   72960][tx 1147436 pps   31872 kbps  182321][Total Msgs_Rcvd 387074]
[0m[HW]     [o_du0][pusch0  331776 prach0   55296]
[0m[93m[NR_MAC] UE 08d1 RA failed at state WAIT_Msg3 (Reached msg3 max harq rounds)
[0m[93m[NR_MAC] MSG3 ULSCH with no signal
[0m[93m[NR_MAC] MSG3 ULSCH with no signal
[0m[93m[NR_MAC] MSG3 ULSCH with no signal
[0m[93m[NR_MAC] UE 6b6c RA failed at state WAIT_Msg3 (Reached msg3 max harq rounds)
[0m[HW]     [o-du 0][rx  397826 pps   10752 kbps   72960][tx 1179308 pps   31872 kbps  182321][Total Msgs_Rcvd 397826]
[0m[HW]     [o_du0][pusch0  340992 prach0   56832]
[0m[HW]     [o-du 0][rx  408579 pps   10753 kbps   72962][tx 1211180 pps   31872 kbps  182321][Total Msgs_Rcvd 408579]
[0m[HW]     [o_du0][pusch0  350208 prach0   58368]
[0m[HW]     [o-du 0][rx  419331 pps   10752 kbps   72960][tx 1243052 pps   31872 kbps  182321][Total Msgs_Rcvd 419331]
[0m[HW]     [o_du0][pusch0  359424 prach0   59904]
[0m[HW]     [o-du 0][rx  430083 pps   10752 kbps   72960][tx 1274924 pps   31872 kbps  182321][Total Msgs_Rcvd 430083]
[0m[HW]     [o_du0][pusch0  368640 prach0   61440]
[0m[PHY]    prach_I0 = 0.0 dB
[0m[HW]     [o-du 0][rx  440835 pps   10752 kbps   72969][tx 1306796 pps   31872 kbps  182321][Total Msgs_Rcvd 440835]
[0m[HW]     [o_du0][pusch0  377856 prach0   62976]
[0m[HW]     [o-du 0][rx  451587 pps   10752 kbps   72950][tx 1338668 pps   31872 kbps  182321][Total Msgs_Rcvd 451587]
[0m[HW]     [o_du0][pusch0  387072 prach0   64512]
[0m[HW]     [o-du 0][rx  462339 pps   10752 kbps   72969][tx 1370540 pps   31872 kbps  182321][Total Msgs_Rcvd 462339]
[0m[HW]     [o_du0][pusch0  396288 prach0   66048]
[0m[HW]     [o-du 0][rx  473092 pps   10753 kbps   72953][tx 1402412 pps   31872 kbps  182321][Total Msgs_Rcvd 473092]
[0m[HW]     [o_du0][pusch0  405504 prach0   67584]
[0m[HW]     [o-du 0][rx  483844 pps   10752 kbps   72960][tx 1434284 pps   31872 kbps  182321][Total Msgs_Rcvd 483844]
[0m[HW]     [o_du0][pusch0  414720 prach0   69120]
[0m[HW]     [o-du 0][rx  494596 pps   10752 kbps   72960][tx 1466156 pps   31872 kbps  182321][Total Msgs_Rcvd 494596]
[0m[HW]     [o_du0][pusch0  423936 prach0   70656]
[0m[HW]     [o-du 0][rx  505348 pps   10752 kbps   72960][tx 1498028 pps   31872 kbps  182321][Total Msgs_Rcvd 505348]
[0m[HW]     [o_du0][pusch0  433152 prach0   72192]
[0m[HW]     [o-du 0][rx  516100 pps   10752 kbps   72960][tx 1529900 pps   31872 kbps  182321][Total Msgs_Rcvd 516100]
[0m[HW]     [o_du0][pusch0  442368 prach0   73728]
[0m[PHY]    prach_I0 = 0.0 dB
[0m[HW]     [o-du 0][rx  526852 pps   10752 kbps   72969][tx 1561772 pps   31872 kbps  182321][Total Msgs_Rcvd 526852]
[0m[HW]     [o_du0][pusch0  451584 prach0   75264]
[0m[HW]     [o-du 0][rx  537604 pps   10752 kbps   72960][tx 1593644 pps   31872 kbps  182321][Total Msgs_Rcvd 537604]
[0m[HW]     [o_du0][pusch0  460800 prach0   76800]
[0m[HW]     [o-du 0][rx  548356 pps   10752 kbps   72969][tx 1625516 pps   31872 kbps  182321][Total Msgs_Rcvd 548356]
[0m[HW]     [o_du0][pusch0  470016 prach0   78336]
[0m[HW]     [o-du 0][rx  559108 pps   10752 kbps   72960][tx 1657388 pps   31872 kbps  182321][Total Msgs_Rcvd 559108]
[0m[HW]     [o_du0][pusch0  479232 prach0   79872]
[0m[HW]     [o-du 0][rx  569860 pps   10752 kbps   72950][tx 1689260 pps   31872 kbps  182321][Total Msgs_Rcvd 569860]
[0m[HW]     [o_du0][pusch0  488448 prach0   81408]
[0m[HW]     [o-du 0][rx  580612 pps   10752 kbps   72950][tx 1721132 pps   31872 kbps  182321][Total Msgs_Rcvd 580612]
[0m[HW]     [o_du0][pusch0  497664 prach0   82944]
[0m[HW]     [o-du 0][rx  591364 pps   10752 kbps   72955][tx 1753004 pps   31872 kbps  182321][Total Msgs_Rcvd 591364]
[0m[HW]     [o_du0][pusch0  506880 prach0   84480]
[0m[HW]     [o-du 0][rx  602116 pps   10752 kbps   72974][tx 1784876 pps   31872 kbps  182321][Total Msgs_Rcvd 602116]
[0m[HW]     [o_du0][pusch0  516096 prach0   86016]
[0m[PHY]    prach_I0 = 0.0 dB
[0m[HW]     [o-du 0][rx  612869 pps   10753 kbps   72962][tx 1816748 pps   31872 kbps  182321][Total Msgs_Rcvd 612869]
[0m[HW]     [o_du0][pusch0  525312 prach0   87552]
[0m[HW]     [o-du 0][rx  623621 pps   10752 kbps   72960][tx 1848620 pps   31872 kbps  182321][Total Msgs_Rcvd 623621]
[0m[HW]     [o_du0][pusch0  534528 prach0   89088]
[0m[HW]     [o-du 0][rx  634373 pps   10752 kbps   72945][tx 1880492 pps   31872 kbps  182321][Total Msgs_Rcvd 634373]
[0m[HW]     [o_du0][pusch0  543744 prach0   90624]
[0m[HW]     [o-du 0][rx  645125 pps   10752 kbps   72964][tx 1912364 pps   31872 kbps  182321][Total Msgs_Rcvd 645125]
[0m[HW]     [o_du0][pusch0  552960 prach0   92160]
[0m[HW]     [o-du 0][rx  655877 pps   10752 kbps   72955][tx 1944236 pps   31872 kbps  182321][Total Msgs_Rcvd 655877]
[0m[HW]     [o_du0][pusch0  562176 prach0   93696]
[0m[HW]     [o-du 0][rx  666629 pps   10752 kbps   72960][tx 1976108 pps   31872 kbps  182321][Total Msgs_Rcvd 666629]
[0m[HW]     [o_du0][pusch0  571392 prach0   95232]
[0m[HW]     [o-du 0][rx  677381 pps   10752 kbps   72974][tx 2007980 pps   31872 kbps  182321][Total Msgs_Rcvd 677381]
[0m[HW]     [o_du0][pusch0  580608 prach0   96768]
[0m[HW]     [o-du 0][rx  688133 pps   10752 kbps   72950][tx 2039852 pps   31872 kbps  182321][Total Msgs_Rcvd 688133]
[0m[HW]     [o_du0][pusch0  589824 prach0   98304]
[0m[PHY]    prach_I0 = 0.0 dB
[0m[HW]     [o-du 0][rx  698885 pps   10752 kbps   72969][tx 2071724 pps   31872 kbps  182321][Total Msgs_Rcvd 698885]
[0m[HW]     [o_du0][pusch0  599040 prach0   99840]
[0m[HW]     [o-du 0][rx  709637 pps   10752 kbps   72950][tx 2103596 pps   31872 kbps  182321][Total Msgs_Rcvd 709637]
[0m[HW]     [o_du0][pusch0  608256 prach0  101376]
[0m[HW]     [o-du 0][rx  720389 pps   10752 kbps   72969][tx 2135468 pps   31872 kbps  182321][Total Msgs_Rcvd 720389]
[0m[HW]     [o_du0][pusch0  617472 prach0  102912]
[0m[HW]     [o-du 0][rx  731142 pps   10753 kbps   72960][tx 2167340 pps   31872 kbps  182321][Total Msgs_Rcvd 731142]
[0m[HW]     [o_du0][pusch0  626688 prach0  104448]
[0m[HW]     [o-du 0][rx  741895 pps   10753 kbps   72960][tx 2199212 pps   31872 kbps  182321][Total Msgs_Rcvd 741895]
[0m[HW]     [o_du0][pusch0  635904 prach0  105984]
[0m[HW]     [o-du 0][rx  752647 pps   10752 kbps   72962][tx 2231084 pps   31872 kbps  182321][Total Msgs_Rcvd 752647]
[0m[HW]     [o_du0][pusch0  645120 prach0  107520]
[0m[HW]     [o-du 0][rx  763399 pps   10752 kbps   72950][tx 2262956 pps   31872 kbps  182321][Total Msgs_Rcvd 763399]
[0m[HW]     [o_du0][pusch0  654336 prach0  109056]
[0m[HW]     [o-du 0][rx  774151 pps   10752 kbps   72960][tx 2294828 pps   31872 kbps  182321][Total Msgs_Rcvd 774151]
[0m[HW]     [o_du0][pusch0  663552 prach0  110592]
[0m[PHY]    prach_I0 = 0.0 dB
[0m
** Caught SIGTERM, shutting down
[PHY]    Killing gNB 0 processing threads
[0m[PHY]    Stopping RU 0 processing threads
[0m[93m[PHY]    No stop_rf() for RU 0 defined, cannot stop RF!
[0m[HW]     xran_get_time_stats(): total thread time 320849509996, total time essential tasks 204742627932, num cores used 3
[0mO-DU: thread_run start time: 05/26/26 02:52:26.000000010 UTC [500]
Returned from ITTI signal handler
ORAN: trx_oran_get_stats
ORAN: trx_oran_stop
fh_rx_bbdev-17 worker thread finished on core 17 [worker id 0]
fh_cp_gen-18 worker thread finished on core 18 [worker id 1]
Closing timing source thread...
Bye.
