Logging terminal output to /home/jesse/oran_lab/logs/run_du/run_du_20260526_153528_pid66158.log
DU cores: 4,5,6,7,8,9,17,18
DU numerology: 1
AnonHugePages:         0 kB
ShmemHugePages:        0 kB
FileHugePages:    333824 kB
HugePages_Total:    8192
HugePages_Free:     4096
HugePages_Rsvd:        0
HugePages_Surp:        0
Hugepagesize:       2048 kB
Hugetlb:        16777216 kB
CMDLINE: "./nr-softmodem" "-O" "/home/jesse/oran_lab/du_test.conf" "--gNBs.[0].min_rxtxtime" "6" "--thread-pool" "4,5,6,7" "--numerology" "1" 
[HW]     Version: Branch: compression-plus-timing-fix Abrev. Hash: 3b10464162 Date: Tue May 26 09:32:18 2026 -0700
[0m[PHY]    No prs_config configuration found..!!
[0m[PHY]    DL frequency 4049760000 Hz, UL frequency 4049760000 Hz: uldl offset 0 Hz
[0m[PHY]    Initializing frame parms for mu 1, N_RB 24, Ncp 0
[0m[PHY]    Init: N_RB_DL 24, first_carrier_offset 368, nb_prefix_samples 36,nb_prefix_samples0 44, ofdm_symbol_size 512
[0m[MAC]    received F1 Setup Response from CU (null)
[0m[MAC]    CU uses RRC version 17.3.0
[0m[MAC]    Clearing the DU's UE states before, if any.
[0m[MAC]    received gNB-DU configuration update acknowledge
[0m[PHY]    number of L1 instances 1, number of RU 1, number of CPU cores 32
[0m[PHY]    Initialized RU proc 0 (NGFI_RAU_IF4p5,synch_to_ext_device),
[0m[PHY]    Starting RU 0 (NGFI_RAU_IF4p5,synch_to_ext_device) on cpu 4
[0m[PHY]    Initializing frame parms for mu 1, N_RB 24, Ncp 0
[0m[PHY]    Init: N_RB_DL 24, first_carrier_offset 368, nb_prefix_samples 36,nb_prefix_samples0 44, ofdm_symbol_size 512
[0m[PHY]    fp->scs=30000
[0m[PHY]    fp->ofdm_symbol_size=512
[0m[PHY]    fp->nb_prefix_samples0=44
[0m[PHY]    fp->nb_prefix_samples=36
[0m[PHY]    fp->slots_per_subframe=2
[0m[PHY]    fp->samples_per_subframe_wCP=14336
[0m[PHY]    fp->samples_per_frame_wCP=143360
[0m[PHY]    fp->samples_per_subframe=15360
[0m[PHY]    fp->samples_per_frame=153600
[0m[PHY]    fp->dl_CarrierFreq=4049760000
[0m[PHY]    fp->ul_CarrierFreq=4049760000
[0m[PHY]    fp->Nid_cell=0
[0m[PHY]    fp->first_carrier_offset=368
[0m[PHY]    fp->ssb_start_subcarrier=0
[0m[PHY]    fp->Ncp=0
[0m[PHY]    fp->N_RB_DL=24
[0m[PHY]    fp->numerology_index=1
[0m[PHY]    fp->ofdm_offset_divisor=8
[0m[PHY]    fp->threequarter_fs=0
[0m[PHY]    fp->sl_CarrierFreq=0
[0m[PHY]    fp->N_RB_SL=0
[0m[PHY]    Setting RF config for N_RB 24, NB_RX 1, NB_TX 1
[0m[PHY]    tune_offset 0 Hz, sample_rate 15360000 Hz
[0m[PHY]    Channel 0: setting tx_gain offset 0, tx_freq 4049760000 Hz
[0m[PHY]    Channel 0: setting rx_gain offset 0, rx_freq 4049760000 Hz
[0m[PHY]    starting transport
[0m[32m[PHY]    Initializing XRAN layer as O-DU
[0m[HW]     Initializing O-RAN 7.2 FH interface through xran library (compiled against headers of oran_f_release_v1.8)
[0mEAL: Detected 32 lcore(s)
EAL: Detected 1 NUMA nodes
EAL: Auto-detected process type: PRIMARY
EAL: Detected shared linkage of DPDK
EAL: Multi-process socket /var/run/dpdk/wls_0/mp_socket
EAL: Selected IOVA mode 'PA'
EAL: No available hugepages reported in hugepages-1048576kB
EAL: Probing VFIO support...
EAL: VFIO support initialized
EAL: Probe PCI driver: net_i40e_vf (8086:154c) device: 0000:06:02.2 (socket 0)
[CONFIG] function config_libconfig_init returned 0
xran_fh_init:
  io_cfg:
    id 0 (O-DU)
    num_vfs 2
    num_rxq 1
    dpdk_dev [0000:06:02.2, 0000:06:02.3, (null), (null), (null), (null), (null), (null), (null), (null), (null), (null), (null), (null), (null), (null)]
    bbdev_dev (null)
    bbdev_mode -1
    dpdkIoVaMode 0
    dpdkMemorySize 8192
    core 9
    system_core 8
    pkt_proc_core 0000000000060000
    pkt_proc_core_64_127 0000000000000000
    pkt_aux_core 0
    timing_core 9
    port (filled within xran library)
    io_sleep 0
    nEthLinePerPort 1
    nEthLineSpeed 10
    one_vf_cu_plane 0
    eowd_cmn[0]:
      initiator_en 0
      numberOfSamples 0
      filterType 0
      responseTo 0
      measVf 0
      measState 0
      measId 0
      measMethod 0
      owdm_enable 0
      owdm_PlLength 0
eowd_port (filled within xran library)
    bbu_offload 0
  eAxCId_conf:
    mask_cuPortId 0xf000
    mask_bandSectorId 0x0f00
    mask_ccId 0x00f0
    mask_ruPortId 0x000f
    bit_cuPortId 0
    bit_bandSectorId 0
    bit_ccId 0
    bit_ruPortId 0
  xran_ports 1
  dpdkBasebandFecMode 0
  dpdkBasebandDevice (null)
  filePrefix wls_0
  mtu 9600
  p_o_du_addr (null)
  p_o_ru_addr [00:11:22:33:64:66, 00:11:22:33:64:67]
  totalBfWeights 0
  mlogxranenable 0
  dlCpProcBurst 0
'DPDK 20.11.9'
 xran_init: MTU 9600
PF Eth line speed 10G
PF Eth lines per O-xU port 1
RX HW queues per O-xU Eth line 1 
node 0
total cores 32 c_mask 0x00000000000060300 core 9 [id] system_core 8 [id] pkt_proc_core 0x00000000000060000 [mask] pkt_aux_core 0 [id] timing_core 9 [id]
xran_ethdi_init_dpdk_io: Calling rte_eal_init:wls_0 -c 0x00000000000060300 -n2 --iova-mode=pa --socket-mem=8192,0 --socket-limit=8192,0 --proc-type=auto --no-telemetry --file-prefix wls_0 -a0000:00:00.0    
xran_init_mbuf_pool: socket 0
initializing port 0 for TX, drv=net_i40e_vf
Port 0 MAC: 00 11 22 33 64 68
Port 0: nb_rxd 4096 nb_txd 4096
[0] mp_rx__p_0_q_0 num blocks 65535
[0] mempool_small__0

Checking link status portid [0]  EAL: Probe PCI driver: net_i40e_vf (8086:154c) device: 0000:06:02.3 (socket 0)
skipped by XRAN_SKIP_LINK_CHECK
initializing port 1 for TX, drv=net_i40e_vf
Port 1 MAC: 00 11 22 33 64 69
Port 1: nb_rxd 4096 nb_txd 4096
[1] mp_rx__p_1_q_0 num blocks 65535
[1] mempool_small__1
Created ring tx_ring_cp_1 on core 9
Created ring rx_ring_cp_1_0 on core 9

Checking link status portid [1]  [93m[HW]     XRAN modifed affinity. Correcting affinity of caller
[0mskipped by XRAN_SKIP_LINK_CHECK
[ 0] vf  0 local  SRC MAC: 00 11 22 33 64 68
[ 0] vf  0 remote DST MAC: 00 11 22 33 64 66
[ 0] vf  1 local  SRC MAC: 00 11 22 33 64 69
[ 0] vf  1 remote DST MAC: 00 11 22 33 64 67
created dl_gen_ring_up_0 on core 9
xran_fh_config:
  dpdk_port 0
  sector_id 0
  nCC 1
  neAxc 1
  neAxcUl 0
  nAntElmTRx 0
  nDLFftSize 9
  nULFftSize 9
  nDLRBs 24
  nULRBs 24
  nDLAbsFrePointA 0
  nULAbsFrePointA 0
  nDLCenterFreqARFCN 0
  nULCenterFreqARFCN 0
  ttiCb (nil)
  ttiCbParam (nil)
  Tadv_cp_dl 0
  T2a_min_cp_dl 0
  T2a_max_cp_dl 0
  T2a_min_cp_ul 0
  T2a_max_cp_ul 0
  T2a_min_up 0
  T2a_max_up 0
  Ta3_min 0
  Ta3_max 0
  T1a_min_cp_dl 285
  T1a_max_cp_dl 470
  T1a_min_cp_ul 285
  T1a_max_cp_ul 535
  T1a_min_up 300
  T1a_max_up 450
  Ta4_min 400
  Ta4_max 440
  enableCP 1
  prachEnable 1
  srsEnable 0
  puschMaskEnable 0
  puschMaskSlot 0
  cp_vlan_tag 0
  up_vlan_tag 0
  debugStop 0
  debugStopCount 0
  DynamicSectionEna 0
  GPS_Alpha 0
  GPS_Beta -9000
  srsEnableCp 0
  SrsDelaySym 0
  prach_config:
    nPrachConfIdx 159
    nPrachSubcSpacing 1
    nPrachZeroCorrConf 0
    nPrachRestrictSet 0
    nPrachRootSeqIdx 0
    nPrachFreqStart 0
    nPrachFreqOffset -288
    nPrachFilterIdx 0
    startSymId 0
    lastSymId 0
    startPrbc 0
    numPrbc 0
    timeOffset 0
    freqOffset 0
    eAxC_offset 1
    nPrachConfIdxLTE 0
  srs_config:
    symbMask 0000
    eAxC_offset 0
  frame_conf:
    nFrameDuplexType TDD
    nNumerology 1
    nTddPeriod 5
    sSlotConfig[0]: DDDDDDDDDDDDDD
    sSlotConfig[1]: DDDDDDDDDDDDDD
    sSlotConfig[2]: DDDDDDDDDDDDDD
    sSlotConfig[3]: DDDDDDGGGGUUUU
    sSlotConfig[4]: UUUUUUUUUUUUUU
  ru_config:
    xranTech NR
    xranCat A
    xranCompHdrType dynamic
    iqWidth 9
    compMeth 1
    iqWidth_PRACH 9
    compMeth_PRACH 1
    fftSize 8
    byteOrder network/BE
    iqOrder I_Q
    xran_max_frame 0
  bbdev_enc (nil)
  bbdev_dec (nil)
  tx_cp_eAxC2Vf 0x7af9b7fe34b0
  tx_up_eAxC2Vf 0x7af9b7fe40b0
  rx_cp_eAxC2Vf 0x7af9b7fe4cb0
  rx_up_eAxC2Vf 0x7af9b7fe58b0
  log_level 1
  max_sections_per_slot 0
  max_sections_per_symbol 0
  RunSlotPrbMapBySymbolEnable 0
  LiteOnIgnoreUPSectionIdEnable 0
  dssEnable 0
  dssPeriod 0
  technology[XRAN_MAX_DSS_PERIODICITY] (not filled as DSS disabled)
 xran_open: 5G NR Category A
xRAN open PRACH config: Numerology 1 ConfIdx 159, preambleFmrt 10 startsymb 0, numSymbol 12, occassionsInPrachSlot 1
PRACH: x 1 y[0] 0, y[1] 0 prach slot: 9 ..
PRACH start symbol 0 lastsymbol 11
xran_init_vfs_mapping: p 0 vf 0
xran_init_vfs_mapping: p 0 vf 1
xran_open: interval_us=500, interval_us_local=500
bbu_offload 0
XRAN_UP_VF: 0x0000
xran_timing_source_thread [CPU  9] [PID:  66181]
TTI interval 500 [us]
delay_cp_dl_max=30, sym_cp_dl_max=1, max_dl_offset_sym=13
delay_cp_dl_min=215, sym_cp_dl_min=5, min_dl_offset_sym=9
delay_cp_ul=465,     sym_cp_ul=0,     ul_offset_sym=14
offset_num_slots_cp_dl=0, offset_num_slots_cp_ul=1, offset_num_slots_up_ul=0
C-plane DL from 30 us after TTI  [trigger on sym 1] to 215 us after TTI [trigger on sym 5]
Start C-plane UL 465 us after TTI  [trigger on sym 0]
Start U-plane DL 450 us before OTA [offset  in sym -12]
Start U-plane UL 440 us OTA        [offset  in sym 13]
C-plane to U-plane delay 20 us after TTI
Start Sym timer 107142 ns
O-XU      0
HW        0
Num cores 3
Num ports 1
O-RU Cat  0
O-RU CC   1
O-RU eAxC 1
p:0 XRAN_JOB_TYPE_CP_DL worker id 1
p:0 XRAN_JOB_TYPE_CP_UL worker id 1
created sym cp dl cb for symbol 1
created sym cp dl cb for symbol 2
created sym cp dl cb for symbol 3
created sym cp dl cb for symbol 4
created sym cp dl cb for symbol 5
p:0 XRAN_JOB_TYPE_CP_DL worker id 0
p:0 XRAN_JOB_TYPE_CP_UL worker id 0
xran_generic_worker_thread [CPU 17] [PID:  66181]
spawn worker 0 core 17
xran_generic_worker_thread [CPU 18] [PID:  66181]
spawn worker 1 core 18
xran_open [CPU  7] [PID:  66181]
Waiting on Timing thread...
Initialize ORAN port instance 0 (1) sector 0
xran_sector_get_instances() o_xu_id 0 xran_handle 0x7af97cf95040
xran_sector_get_instances [0]: CC 0 handle 0x7af9a016c740
Handle: 0x7af9c43ae468 Instance: 0x7af9[HW]     [RAU] has loaded ETHERNET trasport protocol.
[0m[PHY]    Starting IF interface for RU 0, nb_rx 1
[0m[PHY]    RU 0 Setting N_TA_offset to 200 samples (UL Freq 4045440, N_RB 24, mu 1)
[0m[PHY]    Signaling main thread that RU 0 is ready, sl_ahead 10
[0m[PHY]    L1 configured without analog beamforming
[0m[PHY]    Attaching RU 0 antenna 0 to gNB antenna 0
[0m[PHY]    got sync (ru_thread)
[0m[PHY]    got sync (L1_stats_thread)
[0ma016c740
-> hInstance 0x7af9a016c740
ru_0_cc_0_idx_0: [ handle 0x7af9a016c740 0 0 ] [nPoolIndex 0] nNumberOfBuffers 511 nBufferSize 14116 socket_id 0
CC:[ handle 0x7af9a016c740 ru 0 cc_idx 0 ] [nPoolIndex 0] mb pool 0x284784540 
xran_bm_init() hInstance 0x7af9a016c740 poolIdx 0 elements 511 size 14116
xran_bm_allocate_buffer() hInstance 0x7af9a016c740 poolIdx 0 count 280
ru_0_cc_0_idx_1: [ handle 0x7af9a016c740 0 0 ] [nPoolIndex 1] nNumberOfBuffers 511 nBufferSize 4976 socket_id 0
CC:[ handle 0x7af9a016c740 ru 0 cc_idx 0 ] [nPoolIndex 1] mb pool 0x284786dc0 
xran_bm_init() hInstance 0x7af9a016c740 poolIdx 1 elements 511 size 4976
xran_bm_allocate_buffer() hInstance 0x7af9a016c740 poolIdx 1 count 20
ru_0_cc_0_idx_2: [ handle 0x7af9a016c740 0 0 ] [nPoolIndex 2] nNumberOfBuffers 511 nBufferSize 13168 socket_id 0
CC:[ handle 0x7af9a016c740 ru 0 cc_idx 0 ] [nPoolIndex 2] mb pool 0x284786940 
xran_bm_init() hInstance 0x7af9a016c740 poolIdx 2 elements 511 size 13168
xran_bm_allocate_buffer() hInstance 0x7af9a016c740 poolIdx 2 count 280
ru_0_cc_0_idx_3: [ handle 0x7af9a016c740 0 0 ] [nPoolIndex 3] nNumberOfBuffers 511 nBufferSize 4976 socket_id 0
CC:[ handle 0x7af9a016c740 ru 0 cc_idx 0 ] [nPoolIndex 3] mb pool 0x284786340 
xran_bm_init() hInstance 0x7af9a016c740 poolIdx 3 elements 511 size 4976
xran_bm_allocate_buffer() hInstance 0x7af9a016c740 poolIdx 3 count 20
ru_0_cc_0_idx_4: [ handle 0x7af9a016c740 0 0 ] [nPoolIndex 4] nNumberOfBuffers 511 nBufferSize 3360 socket_id 0
CC:[ handle 0x7af9a016c740 ru 0 cc_idx 0 ] [nPoolIndex 4] mb pool 0x284788d00 
xran_bm_init() hInstance 0x7af9a016c740 poolIdx 4 elements 511 size 3360
xran_bm_allocate_buffer() hInstance 0x7af9a016c740 poolIdx 4 count 280
ORAN: get_internal_parameter
ORAN: get_internal_parameter
ORAN: trx_oran_start
O-DU: XRAN start time: 05/26/26 22:35:31.698675405 UTC [500]
Start ORAN. Done
TYPE <CTRL-C> TO TERMINATE
[PHY]    RU 0 no rf device
[0m[PHY]    RU 0 RF started cpu_meas_enabled 0
[0m[HW]     [PUSCH BFP] ENTER: frame=0, slot=9, sym=0, ant=0, startRB=0, numRB=24, iqWidth=9, payload_len=672
[0m[HW]     [PUSCH BFP] Decompression returned, rsp.len=1152
[0m[HW]     [PUSCH BFP] ENTER: frame=0, slot=9, sym=1, ant=0, startRB=0, numRB=24, iqWidth=9, payload_len=672
[0m[HW]     [PUSCH BFP] Decompression returned, rsp.len=1152
[0m[HW]     [PUSCH BFP] ENTER: frame=0, slot=9, sym=2, ant=0, startRB=0, numRB=24, iqWidth=9, payload_len=672
[0m[HW]     [PUSCH BFP] Decompression returned, rsp.len=1152
[0m[HW]     [PUSCH BFP] ENTER: frame=0, slot=9, sym=3, ant=0, startRB=0, numRB=24, iqWidth=9, payload_len=672
[0m[HW]     [PUSCH BFP] Decompression returned, rsp.len=1152
[0m[HW]     [PUSCH BFP] ENTER: frame=0, slot=9, sym=4, ant=0, startRB=0, numRB=24, iqWidth=9, payload_len=672
[0m[HW]     [PUSCH BFP] Decompression returned, rsp.len=1152
[0m[93m[HW]     we get rach data from ru, but it is not scheduled 0.19
[0m[32m[PHY]    Command line parameters for OAI UE: -C 4049760000 -r 24 --numerology 1 --ssb 24 
[0m[93m[PHY]    ULSCH NAK trace 109.18 rnti 2526 harq 0 round 0 rv 0 crc_valid 0 processed 0/1 abort 1 dtx 0 TBS 7 rb 0+8 sym 10+3 mcs 1 Qm 2 SNR 68.3 dB TAest 0
[0m[93m[PHY]    ULSCH NAK trace 110.18 rnti 2526 harq 0 round 1 rv 2 crc_valid 0 processed 0/1 abort 1 dtx 0 TBS 7 rb 0+8 sym 10+3 mcs 1 Qm 2 SNR 73.4 dB TAest 0
[0m[93m[PHY]    ULSCH NAK trace 111.18 rnti 2526 harq 0 round 2 rv 3 crc_valid 0 processed 0/1 abort 1 dtx 0 TBS 7 rb 0+8 sym 10+3 mcs 1 Qm 2 SNR 76.7 dB TAest 0
[0m[93m[PHY]    ULSCH NAK trace 112.18 rnti 2526 harq 0 round 3 rv 1 crc_valid 0 processed 0/1 abort 1 dtx 0 TBS 7 rb 0+8 sym 10+3 mcs 1 Qm 2 SNR 77.0 dB TAest 0
[0m[93m[NR_MAC] UE 2526 RA failed at state WAIT_Msg3 (Reached msg3 max harq rounds)
[0m[93m[PHY]    ULSCH NAK trace 120.18 rnti 20cc harq 0 round 0 rv 0 crc_valid 0 processed 0/1 abort 1 dtx 0 TBS 7 rb 0+8 sym 10+3 mcs 1 Qm 2 SNR 68.4 dB TAest 0
[0m[93m[PHY]    ULSCH NAK trace 121.18 rnti 20cc harq 0 round 1 rv 2 crc_valid 0 processed 0/1 abort 1 dtx 0 TBS 7 rb 0+8 sym 10+3 mcs 1 Qm 2 SNR 73.5 dB TAest 0
[0m[93m[PHY]    ULSCH NAK trace 122.18 rnti 20cc harq 0 round 2 rv 3 crc_valid 0 processed 0/1 abort 1 dtx 0 TBS 7 rb 0+8 sym 10+3 mcs 1 Qm 2 SNR 76.4 dB TAest 0
[0m[93m[PHY]    ULSCH NAK trace 123.18 rnti 20cc harq 0 round 3 rv 1 crc_valid 0 processed 0/1 abort 1 dtx 0 TBS 7 rb 0+8 sym 10+3 mcs 1 Qm 2 SNR 76.9 dB TAest 0
[0m[93m[NR_MAC] UE 20cc RA failed at state WAIT_Msg3 (Reached msg3 max harq rounds)
[0m[HW]     [o-du 0][rx   10752 pps   10752 kbps   43013][tx   31916 pps   31916 kbps  108900][Total Msgs_Rcvd 10752]
[0m[HW]     [FH LOAD][o-du 0] rx=43.013 Mbps tx=108.900 Mbps total=151.913 Mbps rx_pps=10752 tx_pps=31916 total_pps=42668
[0m[HW]     [o_du0][pusch0    9216 prach0    1536]
[0m[93m[PHY]    ULSCH NAK trace 131.18 rnti 5386 harq 0 round 0 rv 0 crc_valid 0 processed 0/1 abort 1 dtx 0 TBS 7 rb 0+8 sym 10+3 mcs 1 Qm 2 SNR 68.5 dB TAest 0
[0m[93m[PHY]    ULSCH NAK trace 132.18 rnti 5386 harq 0 round 1 rv 2 crc_valid 0 processed 0/1 abort 1 dtx 0 TBS 7 rb 0+8 sym 10+3 mcs 1 Qm 2 SNR 73.8 dB TAest 0
[0m[93m[PHY]    ULSCH NAK trace 133.18 rnti 5386 harq 0 round 2 rv 3 crc_valid 0 processed 0/1 abort 1 dtx 0 TBS 7 rb 0+8 sym 10+3 mcs 1 Qm 2 SNR 76.4 dB TAest 0
[0m[93m[PHY]    ULSCH NAK trace 134.18 rnti 5386 harq 0 round 3 rv 1 crc_valid 0 processed 0/1 abort 1 dtx 0 TBS 7 rb 0+8 sym 10+3 mcs 1 Qm 2 SNR 76.7 dB TAest 0
[0m[93m[NR_MAC] UE 5386 RA failed at state WAIT_Msg3 (Reached msg3 max harq rounds)
[0m[93m[PHY]    ULSCH NAK trace 142.18 rnti 532e harq 0 round 0 rv 0 crc_valid 0 processed 0/1 abort 1 dtx 0 TBS 7 rb 0+8 sym 10+3 mcs 1 Qm 2 SNR 68.3 dB TAest 0
[0m[93m[PHY]    ULSCH NAK trace 143.18 rnti 532e harq 0 round 1 rv 2 crc_valid 0 processed 0/1 abort 1 dtx 0 TBS 7 rb 0+8 sym 10+3 mcs 1 Qm 2 SNR 73.9 dB TAest 0
[0m[93m[PHY]    ULSCH NAK trace 144.18 rnti 532e harq 0 round 2 rv 3 crc_valid 0 processed 0/1 abort 1 dtx 0 TBS 7 rb 0+8 sym 10+3 mcs 1 Qm 2 SNR 76.5 dB TAest 0
[0m[93m[PHY]    ULSCH NAK trace 145.18 rnti 532e harq 0 round 3 rv 1 crc_valid 0 processed 0/1 abort 1 dtx 0 TBS 7 rb 0+8 sym 10+3 mcs 1 Qm 2 SNR 76.4 dB TAest 0
[0m[93m[NR_MAC] UE 532e RA failed at state WAIT_Msg3 (Reached msg3 max harq rounds)
[0m[93m[PHY]    ULSCH NAK trace 153.18 rnti e0f5 harq 0 round 0 rv 0 crc_valid 0 processed 0/1 abort 1 dtx 0 TBS 7 rb 0+8 sym 10+3 mcs 1 Qm 2 SNR 68.1 dB TAest 0
[0m[93m[PHY]    ULSCH NAK trace 154.18 rnti e0f5 harq 0 round 1 rv 2 crc_valid 0 processed 0/1 abort 1 dtx 0 TBS 7 rb 0+8 sym 10+3 mcs 1 Qm 2 SNR 74.0 dB TAest 0
[0m[93m[PHY]    ULSCH NAK trace 155.18 rnti e0f5 harq 0 round 2 rv 3 crc_valid 0 processed 0/1 abort 1 dtx 0 TBS 7 rb 0+8 sym 10+3 mcs 1 Qm 2 SNR 76.8 dB TAest 0
[0m[93m[PHY]    ULSCH NAK trace 156.18 rnti e0f5 harq 0 round 3 rv 1 crc_valid 0 processed 0/1 abort 1 dtx 0 TBS 7 rb 0+8 sym 10+3 mcs 1 Qm 2 SNR 76.4 dB TAest 0
[0m[93m[NR_MAC] UE e0f5 RA failed at state WAIT_Msg3 (Reached msg3 max harq rounds)
[0m[93m[PHY]    ULSCH NAK trace 164.18 rnti 72ba harq 0 round 0 rv 0 crc_valid 0 processed 0/1 abort 1 dtx 0 TBS 7 rb 0+8 sym 10+3 mcs 1 Qm 2 SNR 67.9 dB TAest 0
[0m[93m[PHY]    ULSCH NAK trace 165.18 rnti 72ba harq 0 round 1 rv 2 crc_valid 0 processed 0/1 abort 1 dtx 0 TBS 7 rb 0+8 sym 10+3 mcs 1 Qm 2 SNR 73.8 dB TAest 0
[0m[93m[PHY]    ULSCH NAK trace 166.18 rnti 72ba harq 0 round 2 rv 3 crc_valid 0 processed 0/1 abort 1 dtx 0 TBS 7 rb 0+8 sym 10+3 mcs 1 Qm 2 SNR 76.9 dB TAest 0
[0m[93m[PHY]    ULSCH NAK trace 167.18 rnti 72ba harq 0 round 3 rv 1 crc_valid 0 processed 0/1 abort 1 dtx 0 TBS 7 rb 0+8 sym 10+3 mcs 1 Qm 2 SNR 76.5 dB TAest 0
[0m[93m[NR_MAC] UE 72ba RA failed at state WAIT_Msg3 (Reached msg3 max harq rounds)
[0m[93m[PHY]    ULSCH NAK trace 175.18 rnti 9802 harq 0 round 0 rv 0 crc_valid 0 processed 0/1 abort 1 dtx 0 TBS 7 rb 0+8 sym 10+3 mcs 1 Qm 2 SNR 67.9 dB TAest 0
[0m[93m[PHY]    ULSCH NAK trace 176.18 rnti 9802 harq 0 round 1 rv 2 crc_valid 0 processed 0/1 abort 1 dtx 0 TBS 7 rb 0+8 sym 10+3 mcs 1 Qm 2 SNR 73.6 dB TAest 0
[0m[93m[PHY]    ULSCH NAK trace 177.18 rnti 9802 harq 0 round 2 rv 3 crc_valid 0 processed 0/1 abort 1 dtx 0 TBS 7 rb 0+8 sym 10+3 mcs 1 Qm 2 SNR 76.9 dB TAest 0
[0m[93m[PHY]    ULSCH NAK trace 178.18 rnti 9802 harq 0 round 3 rv 1 crc_valid 0 processed 0/1 abort 1 dtx 0 TBS 7 rb 0+8 sym 10+3 mcs 1 Qm 2 SNR 76.7 dB TAest 0
[0m[93m[NR_MAC] UE 9802 RA failed at state WAIT_Msg3 (Reached msg3 max harq rounds)
[0m[93m[PHY]    ULSCH NAK trace 186.18 rnti 1a2a harq 0 round 0 rv 0 crc_valid 0 processed 0/1 abort 1 dtx 0 TBS 7 rb 0+8 sym 10+3 mcs 1 Qm 2 SNR 68.1 dB TAest 0
[0m[93m[PHY]    ULSCH NAK trace 187.18 rnti 1a2a harq 0 round 1 rv 2 crc_valid 0 processed 0/1 abort 1 dtx 0 TBS 7 rb 0+8 sym 10+3 mcs 1 Qm 2 SNR 73.4 dB TAest 0
[0m[93m[PHY]    ULSCH NAK trace 188.18 rnti 1a2a harq 0 round 2 rv 3 crc_valid 0 processed 0/1 abort 1 dtx 0 TBS 7 rb 0+8 sym 10+3 mcs 1 Qm 2 SNR 76.8 dB TAest 0
[0m[93m[PHY]    ULSCH NAK trace 189.18 rnti 1a2a harq 0 round 3 rv 1 crc_valid 0 processed 0/1 abort 1 dtx 0 TBS 7 rb 0+8 sym 10+3 mcs 1 Qm 2 SNR 76.9 dB TAest 0
[0m[93m[NR_MAC] UE 1a2a RA failed at state WAIT_Msg3 (Reached msg3 max harq rounds)
[0m[93m[NR_MAC] UE a6ab RA failed at state WAIT_Msg3 (Reached msg3 max harq rounds)
[0m[93m[NR_MAC] UE fda6 RA failed at state WAIT_Msg3 (Reached msg3 max harq rounds)
[0m[93m[NR_MAC] UE fed7 RA failed at state WAIT_Msg3 (Reached msg3 max harq rounds)
[0m[93m[NR_MAC] UE 8f67 RA failed at state WAIT_Msg3 (Reached msg3 max harq rounds)
[0m[93m[NR_MAC] UE 7310 RA failed at state WAIT_Msg3 (Reached msg3 max harq rounds)
[0m[93m[NR_MAC] UE c6b6 RA failed at state WAIT_Msg3 (Reached msg3 max harq rounds)
[0m[HW]     [o-du 0][rx   21504 pps   10752 kbps   43002][tx   63788 pps   31872 kbps  108900][Total Msgs_Rcvd 21504]
[0m[HW]     [FH LOAD][o-du 0] rx=43.002 Mbps tx=108.900 Mbps total=151.902 Mbps rx_pps=10752 tx_pps=31872 total_pps=42624
[0m[HW]     [o_du0][pusch0   18432 prach0    3072]
[0m[93m[NR_MAC] UE b199 RA failed at state WAIT_Msg3 (Reached msg3 max harq rounds)
[0m[93m[NR_MAC] UE acca RA failed at state WAIT_Msg3 (Reached msg3 max harq rounds)
[0m[93m[NR_MAC] UE c092 RA failed at state WAIT_Msg3 (Reached msg3 max harq rounds)
[0m[93m[NR_MAC] UE 8357 RA failed at state WAIT_Msg3 (Reached msg3 max harq rounds)
[0m[93m[NR_MAC] UE 7e3a RA failed at state WAIT_Msg3 (Reached msg3 max harq rounds)
[0m[93m[NR_MAC] UE 430d RA failed at state WAIT_Msg3 (Reached msg3 max harq rounds)
[0m[93m[NR_MAC] UE 8498 RA failed at state WAIT_Msg3 (Reached msg3 max harq rounds)
[0m[93m[NR_MAC] UE 046a RA failed at state WAIT_Msg3 (Reached msg3 max harq rounds)
[0m[HW]     [o-du 0][rx   32256 pps   10752 kbps   43002][tx   95660 pps   31872 kbps  108900][Total Msgs_Rcvd 32256]
[0m[HW]     [FH LOAD][o-du 0] rx=43.002 Mbps tx=108.900 Mbps total=151.902 Mbps rx_pps=10752 tx_pps=31872 total_pps=42624
[0m[HW]     [o_du0][pusch0   27648 prach0    4608]
[0m[93m[NR_MAC] UE 07d6 RA failed at state WAIT_Msg3 (Reached msg3 max harq rounds)
[0m[93m[NR_MAC] UE 0941 RA failed at state WAIT_Msg3 (Reached msg3 max harq rounds)
[0m[93m[NR_MAC] UE 7f2e RA failed at state WAIT_Msg3 (Reached msg3 max harq rounds)
[0m[93m[NR_MAC] UE 84e9 RA failed at state WAIT_Msg3 (Reached msg3 max harq rounds)
[0m[93m[NR_MAC] UE 214d RA failed at state WAIT_Msg3 (Reached msg3 max harq rounds)
[0m[93m[NR_MAC] UE bb6c RA failed at state WAIT_Msg3 (Reached msg3 max harq rounds)
[0m[93m[NR_MAC] UE a15c RA failed at state WAIT_Msg3 (Reached msg3 max harq rounds)
[0m[93m[NR_MAC] UE 2a69 RA failed at state WAIT_Msg3 (Reached msg3 max harq rounds)
[0m[93m[NR_MAC] UE 3a15 RA failed at state WAIT_Msg3 (Reached msg3 max harq rounds)
[0m[93m[NR_MAC] UE bfff RA failed at state WAIT_Msg3 (Reached msg3 max harq rounds)
[0m[93m[NR_MAC] UE 3c7d RA failed at state WAIT_Msg3 (Reached msg3 max harq rounds)
[0m[93m[NR_MAC] UE 8f58 RA failed at state WAIT_Msg3 (Reached msg3 max harq rounds)
[0m[HW]     [o-du 0][rx   43008 pps   10752 kbps   42999][tx  127532 pps   31872 kbps  108900][Total Msgs_Rcvd 43008]
[0m[HW]     [FH LOAD][o-du 0] rx=42.999 Mbps tx=108.900 Mbps total=151.899 Mbps rx_pps=10752 tx_pps=31872 total_pps=42624
[0m[HW]     [o_du0][pusch0   36864 prach0    6144]
[0m[93m[NR_MAC] UE 5f5b RA failed at state WAIT_Msg3 (Reached msg3 max harq rounds)
[0m[93m[NR_MAC] UE 3cca RA failed at state WAIT_Msg3 (Reached msg3 max harq rounds)
[0m[93m[NR_MAC] UE d309 RA failed at state WAIT_Msg3 (Reached msg3 max harq rounds)
[0m[93m[NR_MAC] UE 63a6 RA failed at state WAIT_Msg3 (Reached msg3 max harq rounds)
[0m[93m[NR_MAC] UE 2d36 RA failed at state WAIT_Msg3 (Reached msg3 max harq rounds)
[0m[93m[NR_MAC] UE 17ce RA failed at state WAIT_Msg3 (Reached msg3 max harq rounds)
[0m[93m[NR_MAC] UE 6a2d RA failed at state WAIT_Msg3 (Reached msg3 max harq rounds)
[0m[93m[NR_MAC] UE e110 RA failed at state WAIT_Msg3 (Reached msg3 max harq rounds)
[0m[93m[NR_MAC] UE 49a0 RA failed at state WAIT_Msg3 (Reached msg3 max harq rounds)
[0m[HW]     [o-du 0][rx   53760 pps   10752 kbps   43010][tx  159404 pps   31872 kbps  108900][Total Msgs_Rcvd 53760]
[0m[HW]     [FH LOAD][o-du 0] rx=43.010 Mbps tx=108.900 Mbps total=151.910 Mbps rx_pps=10752 tx_pps=31872 total_pps=42624
[0m[HW]     [o_du0][pusch0   46080 prach0    7680]
[0m[93m[NR_MAC] UE d14f RA failed at state WAIT_Msg3 (Reached msg3 max harq rounds)
[0m[93m[NR_MAC] UE 3149 RA failed at state WAIT_Msg3 (Reached msg3 max harq rounds)
[0m[93m[NR_MAC] UE 2c34 RA failed at state WAIT_Msg3 (Reached msg3 max harq rounds)
[0m[93m[NR_MAC] UE 417d RA failed at state WAIT_Msg3 (Reached msg3 max harq rounds)
[0m[93m[NR_MAC] UE 5f40 RA failed at state WAIT_Msg3 (Reached msg3 max harq rounds)
[0m[93m[NR_MAC] UE d3b4 RA failed at state WAIT_Msg3 (Reached msg3 max harq rounds)
[0m[93m[NR_MAC] UE 30bd RA failed at state WAIT_Msg3 (Reached msg3 max harq rounds)
[0m[93m[NR_MAC] UE 7b14 RA failed at state WAIT_Msg3 (Reached msg3 max harq rounds)
[0m[93m[NR_MAC] UE 2371 RA failed at state WAIT_Msg3 (Reached msg3 max harq rounds)
[0m[93m[NR_MAC] UE b53c RA failed at state WAIT_Msg3 (Reached msg3 max harq rounds)
[0m[93m[NR_MAC] UE 1765 RA failed at state WAIT_Msg3 (Reached msg3 max harq rounds)
[0m[93m[NR_MAC] UE e0ba RA failed at state WAIT_Msg3 (Reached msg3 max harq rounds)
[0m[HW]     [o-du 0][rx   64512 pps   10752 kbps   43008][tx  191276 pps   31872 kbps  108900][Total Msgs_Rcvd 64512]
[0m[HW]     [FH LOAD][o-du 0] rx=43.008 Mbps tx=108.900 Mbps total=151.908 Mbps rx_pps=10752 tx_pps=31872 total_pps=42624
[0m[HW]     [o_du0][pusch0   55296 prach0    9216]
[0m[93m[NR_MAC] UE d2b5 RA failed at state WAIT_Msg3 (Reached msg3 max harq rounds)
[0m[93m[NR_MAC] UE 3a94 RA failed at state WAIT_Msg3 (Reached msg3 max harq rounds)
[0m[93m[NR_MAC] UE 4d09 RA failed at state WAIT_Msg3 (Reached msg3 max harq rounds)
[0m[PHY]    ULSCH ACK trace 808.18 rnti 0bd5 harq 0 round 1 rv 2 crc_valid 1 processed 1/1 abort 0 dtx 0 TBS 7 rb 0+8 sym 10+3 mcs 1 Qm 2 SNR 73.5 dB TAest 0
[0m[MAC]    [RAPROC] Received SDU for CCCH length 6 for UE 0bd5
[0m[93m[NR_MAC] (816.6) RA Contention Resolution timer expired for UE 0x0bd5, RA procedure failed...
[0m[93m[NGAP]   Failed to find ue context associated with gNB ue ngap id: 1
[0m[93m[RLC]    Remove UE 3029
[0m[1;31m[NGAP]   Failed to find ue context associated with gNB ue ngap id: 1
[0m[93m[NR_MAC] UE f91f RA failed at state WAIT_Msg3 (Reached msg3 max harq rounds)
[0m[93m[NR_MAC] UE 6eaa RA failed at state WAIT_Msg3 (Reached msg3 max harq rounds)
[0m[93m[NR_MAC] UE 368a RA failed at state WAIT_Msg3 (Reached msg3 max harq rounds)
[0m[93m[NR_MAC] UE 51ea RA failed at state WAIT_Msg3 (Reached msg3 max harq rounds)
[0m[93m[NR_MAC] UE da17 RA failed at state WAIT_Msg3 (Reached msg3 max harq rounds)
[0m[93m[NR_MAC] UE f6e3 RA failed at state WAIT_Msg3 (Reached msg3 max harq rounds)
[0m[93m[NR_MAC] UE eba8 RA failed at state WAIT_Msg3 (Reached msg3 max harq rounds)
[0m[HW]     [o-du 0][rx   75264 pps   10752 kbps   43008][tx  223148 pps   31872 kbps  108900][Total Msgs_Rcvd 75264]
[0m[HW]     [FH LOAD][o-du 0] rx=43.008 Mbps tx=108.900 Mbps total=151.908 Mbps rx_pps=10752 tx_pps=31872 total_pps=42624
[0m[HW]     [o_du0][pusch0   64512 prach0   10752]
[0m[93m[NR_MAC] UE 2cc2 RA failed at state WAIT_Msg3 (Reached msg3 max harq rounds)
[0m[93m[NR_MAC] UE 4d8c RA failed at state WAIT_Msg3 (Reached msg3 max harq rounds)
[0m[93m[NR_MAC] UE dd21 RA failed at state WAIT_Msg3 (Reached msg3 max harq rounds)
[0m[93m[NR_MAC] UE 5184 RA failed at state WAIT_Msg3 (Reached msg3 max harq rounds)
[0m[PHY]    ULSCH ACK trace 931.18 rnti 4a4f harq 0 round 0 rv 0 crc_valid 1 processed 1/1 abort 0 dtx 0 TBS 7 rb 0+8 sym 10+3 mcs 1 Qm 2 SNR 68.0 dB TAest 0
[0m[93m[NR_MAC] No UE found with C-RNTI 4a4f, ignoring Msg3 to have UE come back with new RA attempt
[0m[93m[NR_MAC] UE e718 RA failed at state WAIT_Msg3 (Reached msg3 max harq rounds)
[0m[93m[NR_MAC] UE fe1b RA failed at state WAIT_Msg3 (Reached msg3 max harq rounds)
[0m[93m[NR_MAC] UE 5079 RA failed at state WAIT_Msg3 (Reached msg3 max harq rounds)
[0m[93m[NR_MAC] UE 70bc RA failed at state WAIT_Msg3 (Reached msg3 max harq rounds)
[0m[93m[NR_MAC] UE 1ddd RA failed at state WAIT_Msg3 (Reached msg3 max harq rounds)
[0m[93m[NR_MAC] UE 3eb2 RA failed at state WAIT_Msg3 (Reached msg3 max harq rounds)
[0m[93m[NR_MAC] UE 019a RA failed at state WAIT_Msg3 (Reached msg3 max harq rounds)
[0m[93m[NR_MAC] UE a5d1 RA failed at state WAIT_Msg3 (Reached msg3 max harq rounds)
[0m[93m[NR_MAC] UE 9922 RA failed at state WAIT_Msg3 (Reached msg3 max harq rounds)
[0m[93m[NR_MAC] UE b3a1 RA failed at state WAIT_Msg3 (Reached msg3 max harq rounds)
[0m[HW]     [o-du 0][rx   86016 pps   10752 kbps   43010][tx  255020 pps   31872 kbps  108900][Total Msgs_Rcvd 86016]
[0m[HW]     [FH LOAD][o-du 0] rx=43.010 Mbps tx=108.900 Mbps total=151.910 Mbps rx_pps=10752 tx_pps=31872 total_pps=42624
[0m[HW]     [o_du0][pusch0   73728 prach0   12288]
[0m[PHY]    prach_I0 = 3.0 dB
[0m[93m[NR_MAC] UE a8ae RA failed at state WAIT_Msg3 (Reached msg3 max harq rounds)
[0m[93m[NR_MAC] UE 90ff RA failed at state WAIT_Msg3 (Reached msg3 max harq rounds)
[0m[93m[NR_MAC] UE ca57 RA failed at state WAIT_Msg3 (Reached msg3 max harq rounds)
[0m[93m[NR_MAC] UE b791 RA failed at state WAIT_Msg3 (Reached msg3 max harq rounds)
[0m[93m[NR_MAC] UE e667 RA failed at state WAIT_Msg3 (Reached msg3 max harq rounds)
[0m[93m[NR_MAC] UE 759d RA failed at state WAIT_Msg3 (Reached msg3 max harq rounds)
[0m[93m[NR_MAC] UE 574d RA failed at state WAIT_Msg3 (Reached msg3 max harq rounds)
[0m[93m[NR_MAC] UE aa81 RA failed at state WAIT_Msg3 (Reached msg3 max harq rounds)
[0m[93m[NR_MAC] UE 45ac RA failed at state WAIT_Msg3 (Reached msg3 max harq rounds)
[0m[93m[NR_MAC] UE bfd8 RA failed at state WAIT_Msg3 (Reached msg3 max harq rounds)
[0m[93m[NR_MAC] UE 0a55 RA failed at state WAIT_Msg3 (Reached msg3 max harq rounds)
[0m[HW]     [o-du 0][rx   96768 pps   10752 kbps   43005][tx  286892 pps   31872 kbps  108900][Total Msgs_Rcvd 96768]
[0m[HW]     [FH LOAD][o-du 0] rx=43.005 Mbps tx=108.900 Mbps total=151.905 Mbps rx_pps=10752 tx_pps=31872 total_pps=42624
[0m[HW]     [o_du0][pusch0   82944 prach0   13824]
[0m[93m[NR_MAC] UE d86f RA failed at state WAIT_Msg3 (Reached msg3 max harq rounds)
[0m[93m[NR_MAC] UE aef4 RA failed at state WAIT_Msg3 (Reached msg3 max harq rounds)
[0m[93m[NR_MAC] UE 078b RA failed at state WAIT_Msg3 (Reached msg3 max harq rounds)
[0m[93m[NR_MAC] UE 258d RA failed at state WAIT_Msg3 (Reached msg3 max harq rounds)
[0m[93m[NR_MAC] UE f67c RA failed at state WAIT_Msg3 (Reached msg3 max harq rounds)
[0m[93m[NR_MAC] UE 1780 RA failed at state WAIT_Msg3 (Reached msg3 max harq rounds)
[0m[93m[NR_MAC] UE cba1 RA failed at state WAIT_Msg3 (Reached msg3 max harq rounds)
[0m[93m[NR_MAC] UE 0fa9 RA failed at state WAIT_Msg3 (Reached msg3 max harq rounds)
[0m[93m[NR_MAC] UE 624a RA failed at state WAIT_Msg3 (Reached msg3 max harq rounds)
[0m[HW]     [o-du 0][rx  107520 pps   10752 kbps   43010][tx  318764 pps   31872 kbps  108900][Total Msgs_Rcvd 107520]
[0m[HW]     [FH LOAD][o-du 0] rx=43.010 Mbps tx=108.900 Mbps total=151.910 Mbps rx_pps=10752 tx_pps=31872 total_pps=42624
[0m[HW]     [o_du0][pusch0   92160 prach0   15360]
[0m[93m[NR_MAC] UE 2407 RA failed at state WAIT_Msg3 (Reached msg3 max harq rounds)
[0m[93m[NR_MAC] UE 868b RA failed at state WAIT_Msg3 (Reached msg3 max harq rounds)
[0m[93m[NR_MAC] UE 2554 RA failed at state WAIT_Msg3 (Reached msg3 max harq rounds)
[0m[93m[NR_MAC] UE e891 RA failed at state WAIT_Msg3 (Reached msg3 max harq rounds)
[0m[93m[NR_MAC] UE fd5c RA failed at state WAIT_Msg3 (Reached msg3 max harq rounds)
[0m[93m[NR_MAC] UE f274 RA failed at state WAIT_Msg3 (Reached msg3 max harq rounds)
[0m[93m[NR_MAC] UE ac72 RA failed at state WAIT_Msg3 (Reached msg3 max harq rounds)
[0m[93m[NR_MAC] UE 6822 RA failed at state WAIT_Msg3 (Reached msg3 max harq rounds)
[0m[PHY]    ULSCH ACK trace 345.18 rnti ad38 harq 0 round 0 rv 0 crc_valid 1 processed 1/1 abort 0 dtx 0 TBS 7 rb 0+8 sym 10+3 mcs 1 Qm 2 SNR 68.1 dB TAest 0
[0m[MAC]    [RAPROC] Received SDU for CCCH length 6 for UE ad38
[0m[93m[NR_MAC] (353.6) RA Contention Resolution timer expired for UE 0xad38, RA procedure failed...
[0m[93m[NGAP]   Failed to find ue context associated with gNB ue ngap id: 1
[0m[93m[RLC]    Remove UE 44344
[0m[1;31m[NGAP]   Failed to find ue context associated with gNB ue ngap id: 1
[0m[93m[NR_MAC] UE 99ff RA failed at state WAIT_Msg3 (Reached msg3 max harq rounds)
[0m[HW]     [o-du 0][rx  118272 pps   10752 kbps   43008][tx  350636 pps   31872 kbps  108900][Total Msgs_Rcvd 118272]
[0m[HW]     [FH LOAD][o-du 0] rx=43.008 Mbps tx=108.900 Mbps total=151.908 Mbps rx_pps=10752 tx_pps=31872 total_pps=42624
[0m[HW]     [o_du0][pusch0  101376 prach0   16896]
[0m[93m[NR_MAC] UE 86cc RA failed at state WAIT_Msg3 (Reached msg3 max harq rounds)
[0m[93m[NR_MAC] UE 4880 RA failed at state WAIT_Msg3 (Reached msg3 max harq rounds)
[0m[93m[NR_MAC] UE af2f RA failed at state WAIT_Msg3 (Reached msg3 max harq rounds)
[0m[93m[NR_MAC] UE 90d2 RA failed at state WAIT_Msg3 (Reached msg3 max harq rounds)
[0m[93m[NR_MAC] UE dc9b RA failed at state WAIT_Msg3 (Reached msg3 max harq rounds)
[0m[93m[NR_MAC] UE d2de RA failed at state WAIT_Msg3 (Reached msg3 max harq rounds)
[0m[93m[NR_MAC] UE de9c RA failed at state WAIT_Msg3 (Reached msg3 max harq rounds)
[0m[93m[NR_MAC] UE 2e1f RA failed at state WAIT_Msg3 (Reached msg3 max harq rounds)
[0m[93m[NR_MAC] UE ec80 RA failed at state WAIT_Msg3 (Reached msg3 max harq rounds)
[0m[93m[NR_MAC] UE b74d RA failed at state WAIT_Msg3 (Reached msg3 max harq rounds)
[0m[93m[NR_MAC] UE 2960 RA failed at state WAIT_Msg3 (Reached msg3 max harq rounds)
[0m[93m[NR_MAC] UE 767e RA failed at state WAIT_Msg3 (Reached msg3 max harq rounds)
[0m[93m[NR_MAC] UE 50c6 RA failed at state WAIT_Msg3 (Reached msg3 max harq rounds)
[0m[93m[NR_MAC] UE 036a RA failed at state WAIT_Msg3 (Reached msg3 max harq rounds)
[0m[93m[NR_MAC] UE 9860 RA failed at state WAIT_Msg3 (Reached msg3 max harq rounds)
[0m[93m[NR_MAC] UE 824d RA failed at state WAIT_Msg3 (Reached msg3 max harq rounds)
[0m[HW]     [o-du 0][rx  129024 pps   10752 kbps   43008][tx  382508 pps   31872 kbps  108900][Total Msgs_Rcvd 129024]
[0m[HW]     [FH LOAD][o-du 0] rx=43.008 Mbps tx=108.900 Mbps total=151.908 Mbps rx_pps=10752 tx_pps=31872 total_pps=42624
[0m[HW]     [o_du0][pusch0  110592 prach0   18432]
[0m[93m[NR_MAC] UE fc23 RA failed at state WAIT_Msg3 (Reached msg3 max harq rounds)
[0m[93m[NR_MAC] UE 9d2d RA failed at state WAIT_Msg3 (Reached msg3 max harq rounds)
[0m[93m[NR_MAC] UE 2601 RA failed at state WAIT_Msg3 (Reached msg3 max harq rounds)
[0m[93m[NR_MAC] UE a489 RA failed at state WAIT_Msg3 (Reached msg3 max harq rounds)
[0m[93m[NR_MAC] UE 1a33 RA failed at state WAIT_Msg3 (Reached msg3 max harq rounds)
[0m[93m[NR_MAC] UE 839d RA failed at state WAIT_Msg3 (Reached msg3 max harq rounds)
[0m[93m[NR_MAC] UE e83b RA failed at state WAIT_Msg3 (Reached msg3 max harq rounds)
[0m[93m[NR_MAC] UE 0ec8 RA failed at state WAIT_Msg3 (Reached msg3 max harq rounds)
[0m[93m[NR_MAC] UE 1d37 RA failed at state WAIT_Msg3 (Reached msg3 max harq rounds)
[0m[93m[NR_MAC] UE c2e8 RA failed at state WAIT_Msg3 (Reached msg3 max harq rounds)
[0m[93m[NR_MAC] UE c919 RA failed at state WAIT_Msg3 (Reached msg3 max harq rounds)
[0m[93m[NR_MAC] UE 0984 RA failed at state WAIT_Msg3 (Reached msg3 max harq rounds)
[0m[HW]     [o-du 0][rx  139776 pps   10752 kbps   43005][tx  414380 pps   31872 kbps  108900][Total Msgs_Rcvd 139776]
[0m[HW]     [FH LOAD][o-du 0] rx=43.005 Mbps tx=108.900 Mbps total=151.905 Mbps rx_pps=10752 tx_pps=31872 total_pps=42624
[0m[HW]     [o_du0][pusch0  119808 prach0   19968]
[0m[93m[NR_MAC] UE 0bd4 RA failed at state WAIT_Msg3 (Reached msg3 max harq rounds)
[0m[93m[NR_MAC] UE 2ce1 RA failed at state WAIT_Msg3 (Reached msg3 max harq rounds)
[0m[93m[NR_MAC] UE 1638 RA failed at state WAIT_Msg3 (Reached msg3 max harq rounds)
[0m[93m[NR_MAC] UE 4c3a RA failed at state WAIT_Msg3 (Reached msg3 max harq rounds)
[0m[93m[NR_MAC] UE b323 RA failed at state WAIT_Msg3 (Reached msg3 max harq rounds)
[0m[93m[NR_MAC] UE a9b3 RA failed at state WAIT_Msg3 (Reached msg3 max harq rounds)
[0m[93m[NR_MAC] UE 0b6f RA failed at state WAIT_Msg3 (Reached msg3 max harq rounds)
[0m[93m[NR_MAC] UE 30ce RA failed at state WAIT_Msg3 (Reached msg3 max harq rounds)
[0m[93m[NR_MAC] UE 9056 RA failed at state WAIT_Msg3 (Reached msg3 max harq rounds)
[0m[93m[NR_MAC] UE 1e60 RA failed at state WAIT_Msg3 (Reached msg3 max harq rounds)
[0m[93m[NR_MAC] UE 6720 RA failed at state WAIT_Msg3 (Reached msg3 max harq rounds)
[0m[HW]     [o-du 0][rx  150528 pps   10752 kbps   43010][tx  446252 pps   31872 kbps  108900][Total Msgs_Rcvd 150528]
[0m[HW]     [FH LOAD][o-du 0] rx=43.010 Mbps tx=108.900 Mbps total=151.910 Mbps rx_pps=10752 tx_pps=31872 total_pps=42624
[0m[HW]     [o_du0][pusch0  129024 prach0   21504]
[0m[93m[NR_MAC] UE 5c03 RA failed at state WAIT_Msg3 (Reached msg3 max harq rounds)
[0m[93m[NR_MAC] UE f109 RA failed at state WAIT_Msg3 (Reached msg3 max harq rounds)
[0m[93m[NR_MAC] UE ae33 RA failed at state WAIT_Msg3 (Reached msg3 max harq rounds)
[0m[93m[NR_MAC] UE 3424 RA failed at state WAIT_Msg3 (Reached msg3 max harq rounds)
[0m[93m[NR_MAC] UE 9d38 RA failed at state WAIT_Msg3 (Reached msg3 max harq rounds)
[0m[93m[NR_MAC] UE 2129 RA failed at state WAIT_Msg3 (Reached msg3 max harq rounds)
[0m[PHY]    ULSCH ACK trace 862.18 rnti f19d harq 0 round 1 rv 2 crc_valid 1 processed 1/1 abort 0 dtx 0 TBS 7 rb 0+8 sym 10+3 mcs 1 Qm 2 SNR 73.5 dB TAest 0
[0m[MAC]    [RAPROC] Received SDU for CCCH length 6 for UE f19d
[0m[93m[NR_MAC] (870.6) RA Contention Resolution timer expired for UE 0xf19d, RA procedure failed...
[0m[93m[NGAP]   Failed to find ue context associated with gNB ue ngap id: 1
[0m[93m[RLC]    Remove UE 61853
[0m[1;31m[NGAP]   Failed to find ue context associated with gNB ue ngap id: 1
[0m[HW]     [o-du 0][rx  161280 pps   10752 kbps   43008][tx  478124 pps   31872 kbps  108900][Total Msgs_Rcvd 161280]
[0m[HW]     [FH LOAD][o-du 0] rx=43.008 Mbps tx=108.900 Mbps total=151.908 Mbps rx_pps=10752 tx_pps=31872 total_pps=42624
[0m[HW]     [o_du0][pusch0  138240 prach0   23040]
[0m[93m[NR_MAC] UE f988 RA failed at state WAIT_Msg3 (Reached msg3 max harq rounds)
[0m[93m[NR_MAC] UE abba RA failed at state WAIT_Msg3 (Reached msg3 max harq rounds)
[0m[93m[NR_MAC] UE 1dde RA failed at state WAIT_Msg3 (Reached msg3 max harq rounds)
[0m[93m[NR_MAC] UE 72a7 RA failed at state WAIT_Msg3 (Reached msg3 max harq rounds)
[0m[93m[NR_MAC] UE 25e0 RA failed at state WAIT_Msg3 (Reached msg3 max harq rounds)
[0m[93m[NR_MAC] UE 7503 RA failed at state WAIT_Msg3 (Reached msg3 max harq rounds)
[0m[93m[NR_MAC] UE 4299 RA failed at state WAIT_Msg3 (Reached msg3 max harq rounds)
[0m[93m[NR_MAC] UE 4f75 RA failed at state WAIT_Msg3 (Reached msg3 max harq rounds)
[0m[93m[NR_MAC] UE a8a2 RA failed at state WAIT_Msg3 (Reached msg3 max harq rounds)
[0m[93m[NR_MAC] UE 96fa RA failed at state WAIT_Msg3 (Reached msg3 max harq rounds)
[0m[93m[NR_MAC] UE 3f90 RA failed at state WAIT_Msg3 (Reached msg3 max harq rounds)
[0m[93m[NR_MAC] UE 3bd6 RA failed at state WAIT_Msg3 (Reached msg3 max harq rounds)
[0m[93m[NR_MAC] UE c4fe RA failed at state WAIT_Msg3 (Reached msg3 max harq rounds)
[0m[93m[NR_MAC] UE 1d03 RA failed at state WAIT_Msg3 (Reached msg3 max harq rounds)
[0m[93m[NR_MAC] UE 43ad RA failed at state WAIT_Msg3 (Reached msg3 max harq rounds)
[0m[93m[NR_MAC] UE 2a5b RA failed at state WAIT_Msg3 (Reached msg3 max harq rounds)
[0m[HW]     [o-du 0][rx  172032 pps   10752 kbps   43008][tx  509996 pps   31872 kbps  108900][Total Msgs_Rcvd 172032]
[0m[HW]     [FH LOAD][o-du 0] rx=43.008 Mbps tx=108.900 Mbps total=151.908 Mbps rx_pps=10752 tx_pps=31872 total_pps=42624
[0m[HW]     [o_du0][pusch0  147456 prach0   24576]
[0m[PHY]    prach_I0 = 7.4 dB
[0m[93m[NR_MAC] UE 1b25 RA failed at state WAIT_Msg3 (Reached msg3 max harq rounds)
[0m[93m[NR_MAC] UE 76a6 RA failed at state WAIT_Msg3 (Reached msg3 max harq rounds)
[0m[93m[NR_MAC] UE bda6 RA failed at state WAIT_Msg3 (Reached msg3 max harq rounds)
[0m[93m[NR_MAC] UE cace RA failed at state WAIT_Msg3 (Reached msg3 max harq rounds)
[0m[93m[NR_MAC] UE 044f RA failed at state WAIT_Msg3 (Reached msg3 max harq rounds)
[0m[93m[NR_MAC] UE 8b2e RA failed at state WAIT_Msg3 (Reached msg3 max harq rounds)
[0m[93m[NR_MAC] UE 915f RA failed at state WAIT_Msg3 (Reached msg3 max harq rounds)
[0m[93m[NR_MAC] UE a303 RA failed at state WAIT_Msg3 (Reached msg3 max harq rounds)
[0m[93m[NR_MAC] UE a8b1 RA failed at state WAIT_Msg3 (Reached msg3 max harq rounds)
[0m[93m[NR_MAC] UE 9661 RA failed at state WAIT_Msg3 (Reached msg3 max harq rounds)
[0m[93m[NR_MAC] UE 2a68 RA failed at state WAIT_Msg3 (Reached msg3 max harq rounds)
[0m[93m[NR_MAC] UE db49 RA failed at state WAIT_Msg3 (Reached msg3 max harq rounds)
[0m[HW]     [o-du 0][rx  182784 pps   10752 kbps   43013][tx  541868 pps   31872 kbps  108900][Total Msgs_Rcvd 182784]
[0m[HW]     [FH LOAD][o-du 0] rx=43.013 Mbps tx=108.900 Mbps total=151.913 Mbps rx_pps=10752 tx_pps=31872 total_pps=42624
[0m[HW]     [o_du0][pusch0  156672 prach0   26112]
[0m[93m[NR_MAC] UE 36be RA failed at state WAIT_Msg3 (Reached msg3 max harq rounds)
[0m[93m[NR_MAC] UE eaa1 RA failed at state WAIT_Msg3 (Reached msg3 max harq rounds)
[0m[93m[NR_MAC] UE 4a9e RA failed at state WAIT_Msg3 (Reached msg3 max harq rounds)
[0m[93m[NR_MAC] UE 5725 RA failed at state WAIT_Msg3 (Reached msg3 max harq rounds)
[0m[PHY]    ULSCH ACK trace 172.18 rnti bb80 harq 0 round 1 rv 2 crc_valid 1 processed 1/1 abort 0 dtx 0 TBS 7 rb 0+8 sym 10+3 mcs 1 Qm 2 SNR 73.6 dB TAest 0
[0m[MAC]    [RAPROC] Received SDU for CCCH length 6 for UE bb80
[0m[93m[NR_MAC] (180.6) RA Contention Resolution timer expired for UE 0xbb80, RA procedure failed...
[0m[93m[NGAP]   Failed to find ue context associated with gNB ue ngap id: 1
[0m[93m[RLC]    Remove UE 48000
[0m[1;31m[NGAP]   Failed to find ue context associated with gNB ue ngap id: 1
[0m[93m[NR_MAC] UE 4c0d RA failed at state WAIT_Msg3 (Reached msg3 max harq rounds)
[0m[93m[NR_MAC] UE ad6b RA failed at state WAIT_Msg3 (Reached msg3 max harq rounds)
[0m[93m[NR_MAC] UE 46c1 RA failed at state WAIT_Msg3 (Reached msg3 max harq rounds)
[0m[93m[NR_MAC] UE cdf1 RA failed at state WAIT_Msg3 (Reached msg3 max harq rounds)
[0m[93m[NR_MAC] UE db68 RA failed at state WAIT_Msg3 (Reached msg3 max harq rounds)
[0m[93m[NR_MAC] UE 2f82 RA failed at state WAIT_Msg3 (Reached msg3 max harq rounds)
[0m[PHY]    ULSCH ACK trace 255.18 rnti fb2f harq 0 round 0 rv 0 crc_valid 1 processed 1/1 abort 0 dtx 0 TBS 7 rb 0+8 sym 10+3 mcs 1 Qm 2 SNR 67.9 dB TAest 0
[0m[93m[NR_MAC] No UE found with C-RNTI fb2f, ignoring Msg3 to have UE come back with new RA attempt
[0m[HW]     [o-du 0][rx  193536 pps   10752 kbps   43008][tx  573740 pps   31872 kbps  108900][Total Msgs_Rcvd 193536]
[0m[HW]     [FH LOAD][o-du 0] rx=43.008 Mbps tx=108.900 Mbps total=151.908 Mbps rx_pps=10752 tx_pps=31872 total_pps=42624
[0m[HW]     [o_du0][pusch0  165888 prach0   27648]
[0m[93m[NR_MAC] UE 6d5c RA failed at state WAIT_Msg3 (Reached msg3 max harq rounds)
[0m[93m[NR_MAC] UE c216 RA failed at state WAIT_Msg3 (Reached msg3 max harq rounds)
[0m[93m[NR_MAC] UE 9c2f RA failed at state WAIT_Msg3 (Reached msg3 max harq rounds)
[0m[93m[NR_MAC] UE 3984 RA failed at state WAIT_Msg3 (Reached msg3 max harq rounds)
[0m[93m[NR_MAC] UE 6d83 RA failed at state WAIT_Msg3 (Reached msg3 max harq rounds)
[0m[93m[NR_MAC] UE e753 RA failed at state WAIT_Msg3 (Reached msg3 max harq rounds)
[0m[93m[NR_MAC] UE e637 RA failed at state WAIT_Msg3 (Reached msg3 max harq rounds)
[0m[93m[NR_MAC] UE c1fd RA failed at state WAIT_Msg3 (Reached msg3 max harq rounds)
[0m[93m[NR_MAC] UE 2048 RA failed at state WAIT_Msg3 (Reached msg3 max harq rounds)
[0m[93m[NR_MAC] UE 008e RA failed at state WAIT_Msg3 (Reached msg3 max harq rounds)
[0m[93m[NR_MAC] UE 2042 RA failed at state WAIT_Msg3 (Reached msg3 max harq rounds)
[0m[93m[NR_MAC] UE 1aff RA failed at state WAIT_Msg3 (Reached msg3 max harq rounds)
[0m[93m[NR_MAC] UE 31cc RA failed at state WAIT_Msg3 (Reached msg3 max harq rounds)
[0m[93m[NR_MAC] UE 0584 RA failed at state WAIT_Msg3 (Reached msg3 max harq rounds)
[0m[HW]     [o-du 0][rx  204288 pps   10752 kbps   43008][tx  605612 pps   31872 kbps  108900][Total Msgs_Rcvd 204288]
[0m[HW]     [FH LOAD][o-du 0] rx=43.008 Mbps tx=108.900 Mbps total=151.908 Mbps rx_pps=10752 tx_pps=31872 total_pps=42624
[0m[HW]     [o_du0][pusch0  175104 prach0   29184]
[0m[93m[NR_MAC] UE 488a RA failed at state WAIT_Msg3 (Reached msg3 max harq rounds)
[0m[93m[NR_MAC] UE 114a RA failed at state WAIT_Msg3 (Reached msg3 max harq rounds)
[0m[93m[NR_MAC] UE cdc2 RA failed at state WAIT_Msg3 (Reached msg3 max harq rounds)
[0m[93m[NR_MAC] UE b75b RA failed at state WAIT_Msg3 (Reached msg3 max harq rounds)
[0m[93m[NR_MAC] UE c1a6 RA failed at state WAIT_Msg3 (Reached msg3 max harq rounds)
[0m[93m[NR_MAC] UE bbc9 RA failed at state WAIT_Msg3 (Reached msg3 max harq rounds)
[0m[93m[NR_MAC] UE cd72 RA failed at state WAIT_Msg3 (Reached msg3 max harq rounds)
[0m[93m[NR_MAC] UE c64b RA failed at state WAIT_Msg3 (Reached msg3 max harq rounds)
[0m[93m[NR_MAC] UE 70b4 RA failed at state WAIT_Msg3 (Reached msg3 max harq rounds)
[0m[93m[NR_MAC] UE 3828 RA failed at state WAIT_Msg3 (Reached msg3 max harq rounds)
[0m[93m[NR_MAC] UE 6f74 RA failed at state WAIT_Msg3 (Reached msg3 max harq rounds)
[0m[93m[NR_MAC] UE 2327 RA failed at state WAIT_Msg3 (Reached msg3 max harq rounds)
[0m[HW]     [o-du 0][rx  215040 pps   10752 kbps   43005][tx  637484 pps   31872 kbps  108900][Total Msgs_Rcvd 215040]
[0m[HW]     [FH LOAD][o-du 0] rx=43.005 Mbps tx=108.900 Mbps total=151.905 Mbps rx_pps=10752 tx_pps=31872 total_pps=42624
[0m[HW]     [o_du0][pusch0  184320 prach0   30720]
[0m[93m[NR_MAC] UE 744e RA failed at state WAIT_Msg3 (Reached msg3 max harq rounds)
[0m[93m[NR_MAC] UE bf14 RA failed at state WAIT_Msg3 (Reached msg3 max harq rounds)
[0m[93m[NR_MAC] UE cf6a RA failed at state WAIT_Msg3 (Reached msg3 max harq rounds)
[0m[PHY]    ULSCH ACK trace 550.18 rnti b91a harq 0 round 1 rv 2 crc_valid 1 processed 1/1 abort 0 dtx 0 TBS 7 rb 0+8 sym 10+3 mcs 1 Qm 2 SNR 73.4 dB TAest 0
[0m[MAC]    [RAPROC] Received SDU for CCCH length 6 for UE b91a
[0m[93m[NR_MAC] (558.6) RA Contention Resolution timer expired for UE 0xb91a, RA procedure failed...
[0m[93m[NGAP]   Failed to find ue context associated with gNB ue ngap id: 1
[0m[93m[RLC]    Remove UE 47386
[0m[1;31m[NGAP]   Failed to find ue context associated with gNB ue ngap id: 1
[0m[93m[NR_MAC] UE ff5c RA failed at state WAIT_Msg3 (Reached msg3 max harq rounds)
[0m[PHY]    ULSCH ACK trace 593.18 rnti 3d0f harq 0 round 0 rv 0 crc_valid 1 processed 1/1 abort 0 dtx 0 TBS 7 rb 0+8 sym 10+3 mcs 1 Qm 2 SNR 68.0 dB TAest 0
[0m[93m[NR_MAC] No UE found with C-RNTI 3d0f, ignoring Msg3 to have UE come back with new RA attempt
[0m[93m[NR_MAC] UE 27fa RA failed at state WAIT_Msg3 (Reached msg3 max harq rounds)
[0m[93m[NR_MAC] UE b4ea RA failed at state WAIT_Msg3 (Reached msg3 max harq rounds)
[0m[93m[NR_MAC] UE de7a RA failed at state WAIT_Msg3 (Reached msg3 max harq rounds)
[0m[93m[NR_MAC] UE 7b84 RA failed at state WAIT_Msg3 (Reached msg3 max harq rounds)
[0m[93m[NR_MAC] UE ffd2 RA failed at state WAIT_Msg3 (Reached msg3 max harq rounds)
[0m[HW]     [o-du 0][rx  225792 pps   10752 kbps   43008][tx  669356 pps   31872 kbps  108900][Total Msgs_Rcvd 225792]
[0m[HW]     [FH LOAD][o-du 0] rx=43.008 Mbps tx=108.900 Mbps total=151.908 Mbps rx_pps=10752 tx_pps=31872 total_pps=42624
[0m[HW]     [o_du0][pusch0  193536 prach0   32256]
[0m[93m[NR_MAC] UE ec58 RA failed at state WAIT_Msg3 (Reached msg3 max harq rounds)
[0m[93m[NR_MAC] UE c4d0 RA failed at state WAIT_Msg3 (Reached msg3 max harq rounds)
[0m[93m[NR_MAC] UE 90a8 RA failed at state WAIT_Msg3 (Reached msg3 max harq rounds)
[0m[93m[NR_MAC] UE c03e RA failed at state WAIT_Msg3 (Reached msg3 max harq rounds)
[0m[93m[NR_MAC] UE 9a8a RA failed at state WAIT_Msg3 (Reached msg3 max harq rounds)
[0m[93m[NR_MAC] UE cc13 RA failed at state WAIT_Msg3 (Reached msg3 max harq rounds)
[0m[93m[NR_MAC] UE e2b8 RA failed at state WAIT_Msg3 (Reached msg3 max harq rounds)
[0m[93m[NR_MAC] UE 5597 RA failed at state WAIT_Msg3 (Reached msg3 max harq rounds)
[0m[PHY]    ULSCH ACK trace 705.18 rnti 8a9c harq 0 round 0 rv 0 crc_valid 1 processed 1/1 abort 0 dtx 0 TBS 7 rb 0+8 sym 10+3 mcs 1 Qm 2 SNR 68.3 dB TAest 0
[0m[93m[NR_MAC] No UE found with C-RNTI 8a9c, ignoring Msg3 to have UE come back with new RA attempt
[0m[93m[NR_MAC] UE 35bc RA failed at state WAIT_Msg3 (Reached msg3 max harq rounds)
[0m[93m[NR_MAC] UE f123 RA failed at state WAIT_Msg3 (Reached msg3 max harq rounds)
[0m[93m[NR_MAC] UE 3988 RA failed at state WAIT_Msg3 (Reached msg3 max harq rounds)
[0m[93m[NR_MAC] UE e0e0 RA failed at state WAIT_Msg3 (Reached msg3 max harq rounds)
[0m[93m[NR_MAC] UE bedb RA failed at state WAIT_Msg3 (Reached msg3 max harq rounds)
[0m[93m[NR_MAC] UE eb5f RA failed at state WAIT_Msg3 (Reached msg3 max harq rounds)
[0m[HW]     [o-du 0][rx  236544 pps   10752 kbps   43002][tx  701228 pps   31872 kbps  108900][Total Msgs_Rcvd 236544]
[0m[HW]     [FH LOAD][o-du 0] rx=43.002 Mbps tx=108.900 Mbps total=151.902 Mbps rx_pps=10752 tx_pps=31872 total_pps=42624
[0m[HW]     [o_du0][pusch0  202752 prach0   33792]
[0m[93m[NR_MAC] UE 5df8 RA failed at state WAIT_Msg3 (Reached msg3 max harq rounds)
[0m[93m[NR_MAC] UE d352 RA failed at state WAIT_Msg3 (Reached msg3 max harq rounds)
[0m[93m[NR_MAC] UE fb1d RA failed at state WAIT_Msg3 (Reached msg3 max harq rounds)
[0m[93m[NR_MAC] UE fe9f RA failed at state WAIT_Msg3 (Reached msg3 max harq rounds)
[0m[93m[NR_MAC] UE 2c9b RA failed at state WAIT_Msg3 (Reached msg3 max harq rounds)
[0m[93m[NR_MAC] UE c4b4 RA failed at state WAIT_Msg3 (Reached msg3 max harq rounds)
[0m[93m[NR_MAC] UE 64f4 RA failed at state WAIT_Msg3 (Reached msg3 max harq rounds)
[0m[93m[NR_MAC] UE 1153 RA failed at state WAIT_Msg3 (Reached msg3 max harq rounds)
[0m[93m[NR_MAC] UE d1cb RA failed at state WAIT_Msg3 (Reached msg3 max harq rounds)
[0m[93m[NR_MAC] UE 68c7 RA failed at state WAIT_Msg3 (Reached msg3 max harq rounds)
[0m[93m[NR_MAC] UE 4f37 RA failed at state WAIT_Msg3 (Reached msg3 max harq rounds)
[0m[HW]     [o-du 0][rx  247296 pps   10752 kbps   43005][tx  733100 pps   31872 kbps  108900][Total Msgs_Rcvd 247296]
[0m[HW]     [FH LOAD][o-du 0] rx=43.005 Mbps tx=108.900 Mbps total=151.905 Mbps rx_pps=10752 tx_pps=31872 total_pps=42624
[0m[HW]     [o_du0][pusch0  211968 prach0   35328]
[0m[93m[NR_MAC] UE 4166 RA failed at state WAIT_Msg3 (Reached msg3 max harq rounds)
[0m[93m[NR_MAC] UE 409f RA failed at state WAIT_Msg3 (Reached msg3 max harq rounds)
[0m[93m[NR_MAC] UE 0ce6 RA failed at state WAIT_Msg3 (Reached msg3 max harq rounds)
[0m[93m[NR_MAC] UE 0c02 RA failed at state WAIT_Msg3 (Reached msg3 max harq rounds)
[0m[93m[NR_MAC] UE 4e21 RA failed at state WAIT_Msg3 (Reached msg3 max harq rounds)
[0m[93m[NR_MAC] UE e941 RA failed at state WAIT_Msg3 (Reached msg3 max harq rounds)
[0m[93m[NR_MAC] UE b753 RA failed at state WAIT_Msg3 (Reached msg3 max harq rounds)
[0m[93m[NR_MAC] UE e0d9 RA failed at state WAIT_Msg3 (Reached msg3 max harq rounds)
[0m[93m[NR_MAC] UE 8c24 RA failed at state WAIT_Msg3 (Reached msg3 max harq rounds)
[0m[HW]     [o-du 0][rx  258048 pps   10752 kbps   43008][tx  764972 pps   31872 kbps  108900][Total Msgs_Rcvd 258048]
[0m[HW]     [FH LOAD][o-du 0] rx=43.008 Mbps tx=108.900 Mbps total=151.908 Mbps rx_pps=10752 tx_pps=31872 total_pps=42624
[0m[HW]     [o_du0][pusch0  221184 prach0   36864]
[0m[PHY]    prach_I0 = 4.6 dB
[0m[93m[NR_MAC] UE 8877 RA failed at state WAIT_Msg3 (Reached msg3 max harq rounds)
[0m[93m[NR_MAC] UE 090e RA failed at state WAIT_Msg3 (Reached msg3 max harq rounds)
[0m[93m[NR_MAC] UE 3f17 RA failed at state WAIT_Msg3 (Reached msg3 max harq rounds)
[0m[93m[NR_MAC] UE a21a RA failed at state WAIT_Msg3 (Reached msg3 max harq rounds)
[0m[93m[NR_MAC] UE 76ab RA failed at state WAIT_Msg3 (Reached msg3 max harq rounds)
[0m[93m[NR_MAC] UE b25f RA failed at state WAIT_Msg3 (Reached msg3 max harq rounds)
[0m[93m[NR_MAC] UE 73a6 RA failed at state WAIT_Msg3 (Reached msg3 max harq rounds)
[0m[93m[NR_MAC] UE 64c6 RA failed at state WAIT_Msg3 (Reached msg3 max harq rounds)
[0m[93m[NR_MAC] UE 2b51 RA failed at state WAIT_Msg3 (Reached msg3 max harq rounds)
[0m[93m[NR_MAC] UE 1cb2 RA failed at state WAIT_Msg3 (Reached msg3 max harq rounds)
[0m[93m[NR_MAC] UE 94d1 RA failed at state WAIT_Msg3 (Reached msg3 max harq rounds)
[0m[93m[NR_MAC] UE 66ce RA failed at state WAIT_Msg3 (Reached msg3 max harq rounds)
[0m[HW]     [o-du 0][rx  268800 pps   10752 kbps   43008][tx  796844 pps   31872 kbps  108900][Total Msgs_Rcvd 268800]
[0m[HW]     [FH LOAD][o-du 0] rx=43.008 Mbps tx=108.900 Mbps total=151.908 Mbps rx_pps=10752 tx_pps=31872 total_pps=42624
[0m[HW]     [o_du0][pusch0  230400 prach0   38400]
[0m[PHY]    ULSCH ACK trace 132.18 rnti 5c81 harq 0 round 1 rv 2 crc_valid 1 processed 1/1 abort 0 dtx 0 TBS 7 rb 0+8 sym 10+3 mcs 1 Qm 2 SNR 73.4 dB TAest 0
[0m[MAC]    [RAPROC] Received SDU for CCCH length 6 for UE 5c81
[0m[93m[NR_MAC] (140.6) RA Contention Resolution timer expired for UE 0x5c81, RA procedure failed...
[0m[93m[NGAP]   Failed to find ue context associated with gNB ue ngap id: 1
[0m[93m[RLC]    Remove UE 23681
[0m[1;31m[NGAP]   Failed to find ue context associated with gNB ue ngap id: 1
[0m[93m[NR_MAC] UE cd5a RA failed at state WAIT_Msg3 (Reached msg3 max harq rounds)
[0m[93m[NR_MAC] UE a111 RA failed at state WAIT_Msg3 (Reached msg3 max harq rounds)
[0m[93m[NR_MAC] UE 58a5 RA failed at state WAIT_Msg3 (Reached msg3 max harq rounds)
[0m[93m[NR_MAC] UE 8bf0 RA failed at state WAIT_Msg3 (Reached msg3 max harq rounds)
[0m[93m[NR_MAC] UE 7d3b RA failed at state WAIT_Msg3 (Reached msg3 max harq rounds)
[0m[93m[NR_MAC] UE eb52 RA failed at state WAIT_Msg3 (Reached msg3 max harq rounds)
[0m[93m[NR_MAC] UE d8ab RA failed at state WAIT_Msg3 (Reached msg3 max harq rounds)
[0m[93m[NR_MAC] UE 4241 RA failed at state WAIT_Msg3 (Reached msg3 max harq rounds)
[0m[PHY]    ULSCH ACK trace 231.18 rnti ef13 harq 0 round 0 rv 0 crc_valid 1 processed 1/1 abort 0 dtx 0 TBS 7 rb 0+8 sym 10+3 mcs 1 Qm 2 SNR 68.1 dB TAest 0
[0m[93m[NR_MAC] No UE found with C-RNTI ef13, ignoring Msg3 to have UE come back with new RA attempt
[0m[93m[NR_MAC] UE 8675 RA failed at state WAIT_Msg3 (Reached msg3 max harq rounds)
[0m[93m[NR_MAC] UE e2ec RA failed at state WAIT_Msg3 (Reached msg3 max harq rounds)
[0m[HW]     [o-du 0][rx  279552 pps   10752 kbps   43013][tx  828716 pps   31872 kbps  108900][Total Msgs_Rcvd 279552]
[0m[HW]     [FH LOAD][o-du 0] rx=43.013 Mbps tx=108.900 Mbps total=151.913 Mbps rx_pps=10752 tx_pps=31872 total_pps=42624
[0m[HW]     [o_du0][pusch0  239616 prach0   39936]
[0m[93m[NR_MAC] UE d9da RA failed at state WAIT_Msg3 (Reached msg3 max harq rounds)
[0m[93m[NR_MAC] UE 1846 RA failed at state WAIT_Msg3 (Reached msg3 max harq rounds)
[0m[PHY]    ULSCH ACK trace 271.18 rnti 9852 harq 0 round 0 rv 0 crc_valid 1 processed 1/1 abort 0 dtx 0 TBS 7 rb 0+8 sym 10+3 mcs 1 Qm 2 SNR 68.2 dB TAest 0
[0m[93m[NR_MAC] No UE found with C-RNTI 9852, ignoring Msg3 to have UE come back with new RA attempt
[0m[93m[NR_MAC] UE 6afc RA failed at state WAIT_Msg3 (Reached msg3 max harq rounds)
[0m[93m[NR_MAC] UE ea3b RA failed at state WAIT_Msg3 (Reached msg3 max harq rounds)
[0m[93m[NR_MAC] UE 0cc9 RA failed at state WAIT_Msg3 (Reached msg3 max harq rounds)
[0m[93m[NR_MAC] UE 2de0 RA failed at state WAIT_Msg3 (Reached msg3 max harq rounds)
[0m[PHY]    ULSCH ACK trace 311.18 rnti a863 harq 0 round 0 rv 0 crc_valid 1 processed 1/1 abort 0 dtx 0 TBS 7 rb 0+8 sym 10+3 mcs 1 Qm 2 SNR 68.3 dB TAest 0
[0m[93m[NR_MAC] No UE found with C-RNTI a863, ignoring Msg3 to have UE come back with new RA attempt
[0m[PHY]    ULSCH ACK trace 319.18 rnti 1f3a harq 0 round 0 rv 0 crc_valid 1 processed 1/1 abort 0 dtx 0 TBS 7 rb 0+8 sym 10+3 mcs 1 Qm 2 SNR 68.2 dB TAest 0
[0m[93m[NR_MAC] No UE found with C-RNTI 1f3a, ignoring Msg3 to have UE come back with new RA attempt
[0m[93m[NR_MAC] UE e2d8 RA failed at state WAIT_Msg3 (Reached msg3 max harq rounds)
[0m[93m[NR_MAC] UE 1791 RA failed at state WAIT_Msg3 (Reached msg3 max harq rounds)
[0m[93m[NR_MAC] UE 99fd RA failed at state WAIT_Msg3 (Reached msg3 max harq rounds)
[0m[93m[NR_MAC] UE f301 RA failed at state WAIT_Msg3 (Reached msg3 max harq rounds)
[0m[93m[NR_MAC] UE 9d4e RA failed at state WAIT_Msg3 (Reached msg3 max harq rounds)
[0m[HW]     [o-du 0][rx  290304 pps   10752 kbps   43002][tx  860588 pps   31872 kbps  108900][Total Msgs_Rcvd 290304]
[0m[HW]     [FH LOAD][o-du 0] rx=43.002 Mbps tx=108.900 Mbps total=151.902 Mbps rx_pps=10752 tx_pps=31872 total_pps=42624
[0m[HW]     [o_du0][pusch0  248832 prach0   41472]
[0m[93m[NR_MAC] UE 4ced RA failed at state WAIT_Msg3 (Reached msg3 max harq rounds)
[0m[93m[NR_MAC] UE 6448 RA failed at state WAIT_Msg3 (Reached msg3 max harq rounds)
[0m[93m[NR_MAC] UE 82ca RA failed at state WAIT_Msg3 (Reached msg3 max harq rounds)
[0m[93m[NR_MAC] UE a02c RA failed at state WAIT_Msg3 (Reached msg3 max harq rounds)
[0m[93m[NR_MAC] UE 59f7 RA failed at state WAIT_Msg3 (Reached msg3 max harq rounds)
[0m[93m[NR_MAC] UE d7ea RA failed at state WAIT_Msg3 (Reached msg3 max harq rounds)
[0m[93m[NR_MAC] UE 531b RA failed at state WAIT_Msg3 (Reached msg3 max harq rounds)
[0m[93m[NR_MAC] UE edca RA failed at state WAIT_Msg3 (Reached msg3 max harq rounds)
[0m[93m[NR_MAC] UE e609 RA failed at state WAIT_Msg3 (Reached msg3 max harq rounds)
[0m[93m[NR_MAC] UE 55ea RA failed at state WAIT_Msg3 (Reached msg3 max harq rounds)
[0m[93m[NR_MAC] UE da3d RA failed at state WAIT_Msg3 (Reached msg3 max harq rounds)
[0m[HW]     [o-du 0][rx  301056 pps   10752 kbps   43005][tx  892460 pps   31872 kbps  108900][Total Msgs_Rcvd 301056]
[0m[HW]     [FH LOAD][o-du 0] rx=43.005 Mbps tx=108.900 Mbps total=151.905 Mbps rx_pps=10752 tx_pps=31872 total_pps=42624
[0m[HW]     [o_du0][pusch0  258048 prach0   43008]
[0m[93m[NR_MAC] UE a75f RA failed at state WAIT_Msg3 (Reached msg3 max harq rounds)
[0m[93m[NR_MAC] UE f0aa RA failed at state WAIT_Msg3 (Reached msg3 max harq rounds)
[0m[93m[NR_MAC] UE 7bc9 RA failed at state WAIT_Msg3 (Reached msg3 max harq rounds)
[0m[93m[NR_MAC] UE 23b7 RA failed at state WAIT_Msg3 (Reached msg3 max harq rounds)
[0m[93m[NR_MAC] UE 4cbe RA failed at state WAIT_Msg3 (Reached msg3 max harq rounds)
[0m[93m[NR_MAC] UE e333 RA failed at state WAIT_Msg3 (Reached msg3 max harq rounds)
[0m[93m[NR_MAC] UE 4530 RA failed at state WAIT_Msg3 (Reached msg3 max harq rounds)
[0m[93m[NR_MAC] UE 2003 RA failed at state WAIT_Msg3 (Reached msg3 max harq rounds)
[0m[93m[NR_MAC] UE e193 RA failed at state WAIT_Msg3 (Reached msg3 max harq rounds)
[0m[HW]     [o-du 0][rx  311808 pps   10752 kbps   43016][tx  924332 pps   31872 kbps  108900][Total Msgs_Rcvd 311808]
[0m[HW]     [FH LOAD][o-du 0] rx=43.016 Mbps tx=108.900 Mbps total=151.916 Mbps rx_pps=10752 tx_pps=31872 total_pps=42624
[0m[HW]     [o_du0][pusch0  267264 prach0   44544]
[0m[93m[NR_MAC] UE 7d5a RA failed at state WAIT_Msg3 (Reached msg3 max harq rounds)
[0m[93m[NR_MAC] UE 063b RA failed at state WAIT_Msg3 (Reached msg3 max harq rounds)
[0m[93m[NR_MAC] UE 1af6 RA failed at state WAIT_Msg3 (Reached msg3 max harq rounds)
[0m[93m[NR_MAC] UE 8863 RA failed at state WAIT_Msg3 (Reached msg3 max harq rounds)
[0m[93m[NR_MAC] UE 131e RA failed at state WAIT_Msg3 (Reached msg3 max harq rounds)
[0m[93m[NR_MAC] UE 4f1e RA failed at state WAIT_Msg3 (Reached msg3 max harq rounds)
[0m[93m[NR_MAC] UE b4d7 RA failed at state WAIT_Msg3 (Reached msg3 max harq rounds)
[0m[93m[NR_MAC] UE 5f1a RA failed at state WAIT_Msg3 (Reached msg3 max harq rounds)
[0m