Logging terminal output to /home/jesse/oran_lab/logs/run_du/run_du_20260525_195509_pid392957.log
DU cores: 4,5,6,7,8,9,17,18
DU numerology: 1
AnonHugePages:         0 kB
ShmemHugePages:        0 kB
FileHugePages:    331776 kB
HugePages_Total:    8192
HugePages_Free:     4096
HugePages_Rsvd:        0
HugePages_Surp:        0
Hugepagesize:       2048 kB
Hugetlb:        16777216 kB
CMDLINE: "./nr-softmodem" "-O" "/home/jesse/oran_lab/du_test.conf" "--gNBs.[0].min_rxtxtime" "6" "--thread-pool" "4,5,6,7" "--numerology" "1" 
[HW]     Version: Branch: compression-plus-timing-fix Abrev. Hash: 13fa21ea91 Date: Mon May 25 14:33:49 2026 -0700
[0m[PHY]    No prs_config configuration found..!!
[0m[PHY]    DL frequency 4049760000 Hz, UL frequency 4049760000 Hz: uldl offset 0 Hz
[0m[PHY]    Initializing frame parms for mu 1, N_RB 24, Ncp 0
[0m[PHY]    Init: N_RB_DL 24, first_carrier_offset 368, nb_prefix_samples 36,nb_prefix_samples0 44, ofdm_symbol_size 512
[0m[MAC]    received F1 Setup Response from CU (null)
[0m[MAC]    CU uses RRC version 17.3.0
[0m[MAC]    Clearing the DU's UE states before, if any.
[0m[MAC]    received gNB-DU configuration update acknowledge
[0m[PHY]    number of L1 instances 1, number of RU 1, number of CPU cores 32
[0m[PHY]    Initialized RU proc 0 (NGFI_RAU_IF4p5,synch_to_ext_device),
[0m[PHY]    Starting RU 0 (NGFI_RAU_IF4p5,synch_to_ext_device) on cpu 5
[0m[PHY]    Initializing frame parms for mu 1, N_RB 24, Ncp 0
[0m[PHY]    Init: N_RB_DL 24, first_carrier_offset 368, nb_prefix_samples 36,nb_prefix_samples0 44, ofdm_symbol_size 512
[0m[PHY]    fp->scs=30000
[0m[PHY]    fp->ofdm_symbol_size=512
[0m[PHY]    fp->nb_prefix_samples0=44
[0m[PHY]    fp->nb_prefix_samples=36
[0m[PHY]    fp->slots_per_subframe=2
[0m[PHY]    fp->samples_per_subframe_wCP=14336
[0m[PHY]    fp->samples_per_frame_wCP=143360
[0m[PHY]    fp->samples_per_subframe=15360
[0m[PHY]    fp->samples_per_frame=153600
[0m[PHY]    fp->dl_CarrierFreq=4049760000
[0m[PHY]    fp->ul_CarrierFreq=4049760000
[0m[PHY]    fp->Nid_cell=0
[0m[PHY]    fp->first_carrier_offset=368
[0m[PHY]    fp->ssb_start_subcarrier=0
[0m[PHY]    fp->Ncp=0
[0m[PHY]    fp->N_RB_DL=24
[0m[PHY]    fp->numerology_index=1
[0m[PHY]    fp->ofdm_offset_divisor=8
[0m[PHY]    fp->threequarter_fs=0
[0m[PHY]    fp->sl_CarrierFreq=0
[0m[PHY]    fp->N_RB_SL=0
[0m[PHY]    Setting RF config for N_RB 24, NB_RX 1, NB_TX 1
[0m[PHY]    tune_offset 0 Hz, sample_rate 15360000 Hz
[0m[PHY]    Channel 0: setting tx_gain offset 0, tx_freq 4049760000 Hz
[0m[PHY]    Channel 0: setting rx_gain offset 0, rx_freq 4049760000 Hz
[0m[PHY]    starting transport
[0m[32m[PHY]    Initializing XRAN layer as O-DU
[0m[HW]     Initializing O-RAN 7.2 FH interface through xran library (compiled against headers of oran_f_release_v1.8)
[0mEAL: Detected 32 lcore(s)
EAL: Detected 1 NUMA nodes
EAL: Auto-detected process type: PRIMARY
EAL: Detected shared linkage of DPDK
EAL: Multi-process socket /var/run/dpdk/wls_0/mp_socket
EAL: Selected IOVA mode 'PA'
EAL: No available hugepages reported in hugepages-1048576kB
EAL: Probing VFIO support...
EAL: VFIO support initialized
EAL: Probe PCI driver: net_i40e_vf (8086:154c) device: 0000:06:02.2 (socket 0)
[CONFIG] function config_libconfig_init returned 0
xran_fh_init:
  io_cfg:
    id 0 (O-DU)
    num_vfs 2
    num_rxq 1
    dpdk_dev [0000:06:02.2, 0000:06:02.3, (null), (null), (null), (null), (null), (null), (null), (null), (null), (null), (null), (null), (null), (null)]
    bbdev_dev (null)
    bbdev_mode -1
    dpdkIoVaMode 0
    dpdkMemorySize 8192
    core 9
    system_core 8
    pkt_proc_core 0000000000060000
    pkt_proc_core_64_127 0000000000000000
    pkt_aux_core 0
    timing_core 9
    port (filled within xran library)
    io_sleep 0
    nEthLinePerPort 1
    nEthLineSpeed 10
    one_vf_cu_plane 0
    eowd_cmn[0]:
      initiator_en 0
      numberOfSamples 0
      filterType 0
      responseTo 0
      measVf 0
      measState 0
      measId 0
      measMethod 0
      owdm_enable 0
      owdm_PlLength 0
eowd_port (filled within xran library)
    bbu_offload 0
  eAxCId_conf:
    mask_cuPortId 0xf000
    mask_bandSectorId 0x0f00
    mask_ccId 0x00f0
    mask_ruPortId 0x000f
    bit_cuPortId 0
    bit_bandSectorId 0
    bit_ccId 0
    bit_ruPortId 0
  xran_ports 1
  dpdkBasebandFecMode 0
  dpdkBasebandDevice (null)
  filePrefix wls_0
  mtu 9600
  p_o_du_addr (null)
  p_o_ru_addr [00:11:22:33:64:66, 00:11:22:33:64:67]
  totalBfWeights 0
  mlogxranenable 0
  dlCpProcBurst 0
'DPDK 20.11.9'
 xran_init: MTU 9600
PF Eth line speed 10G
PF Eth lines per O-xU port 1
RX HW queues per O-xU Eth line 1 
node 0
total cores 32 c_mask 0x00000000000060300 core 9 [id] system_core 8 [id] pkt_proc_core 0x00000000000060000 [mask] pkt_aux_core 0 [id] timing_core 9 [id]
xran_ethdi_init_dpdk_io: Calling rte_eal_init:wls_0 -c 0x00000000000060300 -n2 --iova-mode=pa --socket-mem=8192,0 --socket-limit=8192,0 --proc-type=auto --no-telemetry --file-prefix wls_0 -a0000:00:00.0    
xran_init_mbuf_pool: socket 0
initializing port 0 for TX, drv=net_i40e_vf
Port 0 MAC: 00 11 22 33 64 68
Port 0: nb_rxd 4096 nb_txd 4096
[0] mp_rx__p_0_q_0 num blocks 65535
[0] mempool_small__0

Checking link status portid [0]  EAL: Probe PCI driver: net_i40e_vf (8086:154c) device: 0000:06:02.3 (socket 0)
skipped by XRAN_SKIP_LINK_CHECK
initializing port 1 for TX, drv=net_i40e_vf
Port 1 MAC: 00 11 22 33 64 69
Port 1: nb_rxd 4096 nb_txd 4096
[1] mp_rx__p_1_q_0 num blocks 65535
[1] mempool_small__1
Created ring tx_ring_cp_1 on core 9
Created ring rx_ring_cp_1_0 on core 9

Checking link status portid [1]  [93m[HW]     XRAN modifed affinity. Correcting affinity of caller
[0mskipped by XRAN_SKIP_LINK_CHECK
[ 0] vf  0 local  SRC MAC: 00 11 22 33 64 68
[ 0] vf  0 remote DST MAC: 00 11 22 33 64 66
[ 0] vf  1 local  SRC MAC: 00 11 22 33 64 69
[ 0] vf  1 remote DST MAC: 00 11 22 33 64 67
created dl_gen_ring_up_0 on core 9
xran_fh_config:
  dpdk_port 0
  sector_id 0
  nCC 1
  neAxc 1
  neAxcUl 0
  nAntElmTRx 0
  nDLFftSize 9
  nULFftSize 9
  nDLRBs 24
  nULRBs 24
  nDLAbsFrePointA 0
  nULAbsFrePointA 0
  nDLCenterFreqARFCN 0
  nULCenterFreqARFCN 0
  ttiCb (nil)
  ttiCbParam (nil)
  Tadv_cp_dl 0
  T2a_min_cp_dl 0
  T2a_max_cp_dl 0
  T2a_min_cp_ul 0
  T2a_max_cp_ul 0
  T2a_min_up 0
  T2a_max_up 0
  Ta3_min 0
  Ta3_max 0
  T1a_min_cp_dl 285
  T1a_max_cp_dl 470
  T1a_min_cp_ul 285
  T1a_max_cp_ul 535
  T1a_min_up 300
  T1a_max_up 450
  Ta4_min 400
  Ta4_max 440
  enableCP 1
  prachEnable 1
  srsEnable 0
  puschMaskEnable 0
  puschMaskSlot 0
  cp_vlan_tag 0
  up_vlan_tag 0
  debugStop 0
  debugStopCount 0
  DynamicSectionEna 0
  GPS_Alpha 0
  GPS_Beta -9000
  srsEnableCp 0
  SrsDelaySym 0
  prach_config:
    nPrachConfIdx 159
    nPrachSubcSpacing 1
    nPrachZeroCorrConf 0
    nPrachRestrictSet 0
    nPrachRootSeqIdx 0
    nPrachFreqStart 0
    nPrachFreqOffset -288
    nPrachFilterIdx 0
    startSymId 0
    lastSymId 0
    startPrbc 0
    numPrbc 0
    timeOffset 0
    freqOffset 0
    eAxC_offset 1
    nPrachConfIdxLTE 0
  srs_config:
    symbMask 0000
    eAxC_offset 0
  frame_conf:
    nFrameDuplexType TDD
    nNumerology 1
    nTddPeriod 5
    sSlotConfig[0]: DDDDDDDDDDDDDD
    sSlotConfig[1]: DDDDDDDDDDDDDD
    sSlotConfig[2]: DDDDDDDDDDDDDD
    sSlotConfig[3]: DDDDDDGGGGUUUU
    sSlotConfig[4]: UUUUUUUUUUUUUU
  ru_config:
    xranTech NR
    xranCat A
    xranCompHdrType dynamic
    iqWidth 16
    compMeth 0
    iqWidth_PRACH 16
    compMeth_PRACH 0
    fftSize 8
    byteOrder network/BE
    iqOrder I_Q
    xran_max_frame 0
  bbdev_enc (nil)
  bbdev_dec (nil)
  tx_cp_eAxC2Vf 0x77d222fe14b0
  tx_up_eAxC2Vf 0x77d222fe20b0
  rx_cp_eAxC2Vf 0x77d222fe2cb0
  rx_up_eAxC2Vf 0x77d222fe38b0
  log_level 1
  max_sections_per_slot 0
  max_sections_per_symbol 0
  RunSlotPrbMapBySymbolEnable 0
  LiteOnIgnoreUPSectionIdEnable 0
  dssEnable 0
  dssPeriod 0
  technology[XRAN_MAX_DSS_PERIODICITY] (not filled as DSS disabled)
 xran_open: 5G NR Category A
xRAN open PRACH config: Numerology 1 ConfIdx 159, preambleFmrt 10 startsymb 0, numSymbol 12, occassionsInPrachSlot 1
PRACH: x 1 y[0] 0, y[1] 0 prach slot: 9 ..
PRACH start symbol 0 lastsymbol 11
xran_init_vfs_mapping: p 0 vf 0
xran_init_vfs_mapping: p 0 vf 1
xran_open: interval_us=500, interval_us_local=500
bbu_offload 0
XRAN_UP_VF: 0x0000
xran_timing_source_thread [CPU  9] [PID: 392981]
TTI interval 500 [us]
O-XU      0
HW        0
Num cores 3
delay_cp_dl_max=30, sym_cp_dl_max=1, max_dl_offset_sym=13
delay_cp_dl_min=215, sym_cp_dl_min=5, min_dl_offset_sym=9
delay_cp_ul=465,     sym_cp_ul=0,     ul_offset_sym=14
Num ports 1
offset_num_slots_cp_dl=0, offset_num_slots_cp_ul=1, offset_num_slots_up_ul=0
C-plane DL from 30 us after TTI  [trigger on sym 1] to 215 us after TTI [trigger on sym 5]
O-RU Cat  0
O-RU CC   1
O-RU eAxC 1
Start C-plane UL 465 us after TTI  [trigger on sym 0]
p:0 XRAN_JOB_TYPE_CP_DL worker id 1
Start U-plane DL 450 us before OTA [offset  in sym -12]
p:0 XRAN_JOB_TYPE_CP_UL worker id 1
Start U-plane UL 440 us OTA        [offset  in sym 13]
C-plane to U-plane delay 20 us after TTI
p:0 XRAN_JOB_TYPE_CP_DL worker id 0
p:0 XRAN_JOB_TYPE_CP_UL worker id 0
Start Sym timer 107142 ns
created sym cp dl cb for symbol 1
created sym cp dl cb for symbol 2
created sym cp dl cb for symbol 3
created sym cp dl cb for symbol 4
created sym cp dl cb for symbol 5
xran_generic_worker_thread [CPU 17] [PID: 392981]
spawn worker 0 core 17
xran_generic_worker_thread [CPU 18] [PID: 392981]
spawn worker 1 core 18
xran_open [CPU  7] [PID: 392981]
Waiting on Timing thread...
Initialize ORAN port instance 0 (1) sector 0
xran_sector_get_instances() o_xu_id 0 xran_handle 0x77d1e8f95040
xran_sector_get_instances [0]: CC 0 handle 0x77d20c16c740
Handle: 0x77d2301b0468 Instance: 0x77[HW]     [RAU] has loaded ETHERNET trasport protocol.
[0m[PHY]    Starting IF interface for RU 0, nb_rx 1
[0m[PHY]    RU 0 Setting N_TA_offset to 200 samples (UL Freq 4045440, N_RB 24, mu 1)
[0m[PHY]    Signaling main thread that RU 0 is ready, sl_ahead 10
[0m[PHY]    L1 configured without analog beamforming
[0m[PHY]    Attaching RU 0 antenna 0 to gNB antenna 0
[0m[PHY]    got sync (ru_thread)
[0m[PHY]    got sync (L1_stats_thread)
[0md20c16c740
-> hInstance 0x77d20c16c740
ru_0_cc_0_idx_0: [ handle 0x77d20c16c740 0 0 ] [nPoolIndex 0] nNumberOfBuffers 511 nBufferSize 14116 socket_id 0
CC:[ handle 0x77d20c16c740 ru 0 cc_idx 0 ] [nPoolIndex 0] mb pool 0x284784540 
xran_bm_init() hInstance 0x77d20c16c740 poolIdx 0 elements 511 size 14116
xran_bm_allocate_buffer() hInstance 0x77d20c16c740 poolIdx 0 count 280
ru_0_cc_0_idx_1: [ handle 0x77d20c16c740 0 0 ] [nPoolIndex 1] nNumberOfBuffers 511 nBufferSize 4976 socket_id 0
CC:[ handle 0x77d20c16c740 ru 0 cc_idx 0 ] [nPoolIndex 1] mb pool 0x284786dc0 
xran_bm_init() hInstance 0x77d20c16c740 poolIdx 1 elements 511 size 4976
xran_bm_allocate_buffer() hInstance 0x77d20c16c740 poolIdx 1 count 20
ru_0_cc_0_idx_2: [ handle 0x77d20c16c740 0 0 ] [nPoolIndex 2] nNumberOfBuffers 511 nBufferSize 13168 socket_id 0
CC:[ handle 0x77d20c16c740 ru 0 cc_idx 0 ] [nPoolIndex 2] mb pool 0x284786940 
xran_bm_init() hInstance 0x77d20c16c740 poolIdx 2 elements 511 size 13168
xran_bm_allocate_buffer() hInstance 0x77d20c16c740 poolIdx 2 count 280
ru_0_cc_0_idx_3: [ handle 0x77d20c16c740 0 0 ] [nPoolIndex 3] nNumberOfBuffers 511 nBufferSize 4976 socket_id 0
CC:[ handle 0x77d20c16c740 ru 0 cc_idx 0 ] [nPoolIndex 3] mb pool 0x284786340 
xran_bm_init() hInstance 0x77d20c16c740 poolIdx 3 elements 511 size 4976
xran_bm_allocate_buffer() hInstance 0x77d20c16c740 poolIdx 3 count 20
ru_0_cc_0_idx_4: [ handle 0x77d20c16c740 0 0 ] [nPoolIndex 4] nNumberOfBuffers 511 nBufferSize 3360 socket_id 0
CC:[ handle 0x77d20c16c740 ru 0 cc_idx 0 ] [nPoolIndex 4] mb pool 0x284788d00 
xran_bm_init() hInstance 0x77d20c16c740 poolIdx 4 elements 511 size 3360
xran_bm_allocate_buffer() hInstance 0x77d20c16c740 poolIdx 4 count 280
ORAN: get_internal_parameter
ORAN: get_internal_parameter
ORAN: trx_oran_start
O-DU: XRAN start time: 05/26/26 02:55:13.436405554 UTC [500]
Start ORAN. Done
TYPE <CTRL-C> TO TERMINATE
[PHY]    RU 0 no rf device
[0m[PHY]    RU 0 RF started cpu_meas_enabled 0
[0m[93m[HW]     we get rach data from ru, but it is not scheduled 0.19
[0m[32m[PHY]    Command line parameters for OAI UE: -C 4049760000 -r 24 --numerology 1 --ssb 24 
[0m[HW]     [o-du 0][rx   10752 pps   10752 kbps   64148][tx   31916 pps   31916 kbps  160556][Total Msgs_Rcvd 10752]
[0m[HW]     [o_du0][pusch0    9216 prach0    1536]
[0m[HW]     [o-du 0][rx   21505 pps   10753 kbps   72962][tx   63788 pps   31872 kbps  182321][Total Msgs_Rcvd 21505]
[0m[HW]     [o_du0][pusch0   18432 prach0    3072]
[0m[HW]     [o-du 0][rx   32257 pps   10752 kbps   72955][tx   95660 pps   31872 kbps  182321][Total Msgs_Rcvd 32257]
[0m[HW]     [o_du0][pusch0   27648 prach0    4608]
[0m[HW]     [o-du 0][rx   43010 pps   10753 kbps   72971][tx  127532 pps   31872 kbps  182321][Total Msgs_Rcvd 43010]
[0m[HW]     [o_du0][pusch0   36864 prach0    6144]
[0m[HW]     [o-du 0][rx   53762 pps   10752 kbps   72960][tx  159404 pps   31872 kbps  182321][Total Msgs_Rcvd 53762]
[0m[HW]     [o_du0][pusch0   46080 prach0    7680]
[0m[HW]     [o-du 0][rx   64514 pps   10752 kbps   72960][tx  191276 pps   31872 kbps  182321][Total Msgs_Rcvd 64514]
[0m[HW]     [o_du0][pusch0   55296 prach0    9216]
[0m[HW]     [o-du 0][rx   75267 pps   10753 kbps   72962][tx  223148 pps   31872 kbps  182321][Total Msgs_Rcvd 75267]
[0m[HW]     [o_du0][pusch0   64512 prach0   10752]
[0m[HW]     [o-du 0][rx   86019 pps   10752 kbps   72950][tx  255020 pps   31872 kbps  182321][Total Msgs_Rcvd 86019]
[0m[HW]     [o_du0][pusch0   73728 prach0   12288]
[0m[PHY]    prach_I0 = 0.0 dB
[0m[93m[PHY]    ULSCH NAK trace 83.18 rnti fbdd harq 0 round 0 rv 0 crc_valid 0 processed 0/1 abort 1 dtx 0 TBS 7 rb 0+8 sym 10+3 mcs 1 Qm 2 SNR 39.0 dB TAest 0
[0m[MAC]    [RAPROC] Received SDU for CCCH length 6 for UE fbdd
[0m[93m[PHY]    ULSCH NAK trace 87.14 rnti fbdd harq 1 round 0 rv 0 crc_valid 0 processed 0/1 abort 1 dtx 0 TBS 17 rb 4+5 sym 0+13 mcs 0 Qm 2 SNR 26.3 dB TAest -1
[0m[93m[PHY]    ULSCH NAK trace 88.4 rnti fbdd harq 3 round 0 rv 0 crc_valid 0 processed 0/1 abort 1 dtx 0 TBS 17 rb 4+5 sym 0+13 mcs 0 Qm 2 SNR 24.9 dB TAest -1
[0m[93m[PHY]    ULSCH NAK trace 88.9 rnti fbdd harq 4 round 0 rv 0 crc_valid 0 processed 0/1 abort 1 dtx 0 TBS 17 rb 4+5 sym 0+13 mcs 0 Qm 2 SNR 25.9 dB TAest -1
[0m[93m[PHY]    ULSCH NAK trace 88.19 rnti fbdd harq 5 round 0 rv 0 crc_valid 0 processed 0/1 abort 1 dtx 0 TBS 17 rb 12+5 sym 0+13 mcs 0 Qm 2 SNR 38.9 dB TAest 1
[0m[93m[PHY]    ULSCH NAK trace 89.14 rnti fbdd harq 6 round 0 rv 0 crc_valid 0 processed 0/1 abort 1 dtx 0 TBS 17 rb 4+5 sym 0+13 mcs 0 Qm 2 SNR 31.2 dB TAest -1
[0m[93m[PHY]    ULSCH NAK trace 90.4 rnti fbdd harq 7 round 0 rv 0 crc_valid 0 processed 0/1 abort 1 dtx 0 TBS 17 rb 4+5 sym 0+13 mcs 0 Qm 2 SNR 34.1 dB TAest -1
[0m[93m[PHY]    ULSCH NAK trace 91.4 rnti fbdd harq 7 round 1 rv 2 crc_valid 0 processed 0/1 abort 1 dtx 0 TBS 17 rb 4+5 sym 0+13 mcs 0 Qm 2 SNR 38.9 dB TAest -1
[0m[93m[PHY]    ULSCH NAK trace 92.14 rnti fbdd harq 8 round 0 rv 0 crc_valid 0 processed 0/1 abort 1 dtx 0 TBS 17 rb 4+5 sym 0+13 mcs 0 Qm 2 SNR 29.9 dB TAest -1
[0m[93m[PHY]    ULSCH NAK trace 93.4 rnti fbdd harq 9 round 0 rv 0 crc_valid 0 processed 0/1 abort 1 dtx 0 TBS 17 rb 4+5 sym 0+13 mcs 0 Qm 2 SNR 31.9 dB TAest -1
[0m[93m[PHY]    ULSCH NAK trace 94.14 rnti fbdd harq 10 round 0 rv 0 crc_valid 0 processed 0/1 abort 1 dtx 0 TBS 17 rb 4+5 sym 0+13 mcs 0 Qm 2 SNR 38.9 dB TAest -1
[0m[93m[PHY]    ULSCH NAK trace 94.19 rnti fbdd harq 11 round 0 rv 0 crc_valid 0 processed 0/1 abort 1 dtx 0 TBS 17 rb 12+5 sym 0+13 mcs 0 Qm 2 SNR 39.0 dB TAest -1
[0m[93m[PHY]    ULSCH NAK trace 95.14 rnti fbdd harq 10 round 1 rv 2 crc_valid 0 processed 0/1 abort 1 dtx 0 TBS 17 rb 4+5 sym 0+13 mcs 0 Qm 2 SNR 38.9 dB TAest -1
[0m[93m[PHY]    ULSCH NAK trace 96.19 rnti fbdd harq 14 round 0 rv 0 crc_valid 0 processed 0/1 abort 1 dtx 0 TBS 17 rb 12+5 sym 0+13 mcs 0 Qm 2 SNR 38.9 dB TAest 1
[0m[93m[PHY]    ULSCH NAK trace 97.14 rnti fbdd harq 15 round 0 rv 0 crc_valid 0 processed 0/1 abort 1 dtx 0 TBS 17 rb 4+5 sym 0+13 mcs 0 Qm 2 SNR 39.0 dB TAest -1
[0m[93m[PHY]    ULSCH NAK trace 98.4 rnti fbdd harq 0 round 0 rv 0 crc_valid 0 processed 0/1 abort 1 dtx 0 TBS 17 rb 4+5 sym 0+13 mcs 0 Qm 2 SNR 38.9 dB TAest -1
[0m[93m[PHY]    ULSCH NAK trace 99.14 rnti fbdd harq 2 round 0 rv 0 crc_valid 0 processed 0/1 abort 1 dtx 0 TBS 17 rb 4+5 sym 0+13 mcs 0 Qm 2 SNR 38.9 dB TAest -1
[0m[93m[PHY]    ULSCH NAK trace 100.4 rnti fbdd harq 1 round 0 rv 0 crc_valid 0 processed 0/1 abort 1 dtx 0 TBS 17 rb 4+5 sym 0+13 mcs 0 Qm 2 SNR 27.8 dB TAest -1
[0m[93m[PHY]    ULSCH NAK trace 100.9 rnti fbdd harq 3 round 0 rv 0 crc_valid 0 processed 0/1 abort 1 dtx 0 TBS 17 rb 4+5 sym 0+13 mcs 0 Qm 2 SNR 28.5 dB TAest -1
[0m[93m[PHY]    ULSCH NAK trace 101.14 rnti fbdd harq 5 round 0 rv 0 crc_valid 0 processed 0/1 abort 1 dtx 0 TBS 17 rb 4+5 sym 0+13 mcs 0 Qm 2 SNR 34.1 dB TAest -1
[0m[93m[PHY]    ULSCH NAK trace 102.4 rnti fbdd harq 7 round 0 rv 0 crc_valid 0 processed 0/1 abort 1 dtx 0 TBS 17 rb 4+5 sym 0+13 mcs 0 Qm 2 SNR 39.0 dB TAest -1
[0m[93m[PHY]    ULSCH NAK trace 102.9 rnti fbdd harq 8 round 0 rv 0 crc_valid 0 processed 0/1 abort 1 dtx 0 TBS 17 rb 4+5 sym 0+13 mcs 0 Qm 2 SNR 38.9 dB TAest -2
[0m[93m[PHY]    ULSCH NAK trace 102.19 rnti fbdd harq 9 round 0 rv 0 crc_valid 0 processed 0/1 abort 1 dtx 0 TBS 17 rb 12+5 sym 0+13 mcs 0 Qm 2 SNR 38.9 dB TAest -1
[0m[93m[PHY]    ULSCH NAK trace 103.4 rnti fbdd harq 7 round 1 rv 2 crc_valid 0 processed 0/1 abort 1 dtx 0 TBS 17 rb 4+5 sym 0+13 mcs 0 Qm 2 SNR 38.9 dB TAest -1
[0m[93m[PHY]    ULSCH NAK trace 103.9 rnti fbdd harq 8 round 1 rv 2 crc_valid 0 processed 0/1 abort 1 dtx 0 TBS 17 rb 4+5 sym 0+13 mcs 0 Qm 2 SNR 38.9 dB TAest -1
[0m[93m[PHY]    ULSCH NAK trace 103.14 rnti fbdd harq 12 round 0 rv 0 crc_valid 0 processed 0/1 abort 1 dtx 0 TBS 17 rb 4+5 sym 0+13 mcs 0 Qm 2 SNR 38.9 dB TAest -1
[0m[93m[PHY]    ULSCH NAK trace 105.4 rnti fbdd harq 13 round 0 rv 0 crc_valid 0 processed 0/1 abort 1 dtx 0 TBS 17 rb 4+5 sym 0+13 mcs 0 Qm 2 SNR 31.9 dB TAest -1
[0m[93m[PHY]    ULSCH NAK trace 107.4 rnti fbdd harq 11 round 0 rv 0 crc_valid 0 processed 0/1 abort 1 dtx 0 TBS 17 rb 4+5 sym 0+13 mcs 0 Qm 2 SNR 38.9 dB TAest -1
[0m[93m[PHY]    ULSCH NAK trace 107.14 rnti fbdd harq 10 round 0 rv 0 crc_valid 0 processed 0/1 abort 1 dtx 0 TBS 17 rb 4+5 sym 0+13 mcs 0 Qm 2 SNR 38.9 dB TAest -1
[0m[93m[PHY]    ULSCH NAK trace 109.4 rnti fbdd harq 14 round 0 rv 0 crc_valid 0 processed 0/1 abort 1 dtx 0 TBS 17 rb 4+5 sym 0+13 mcs 0 Qm 2 SNR 31.9 dB TAest -1
[0m[93m[PHY]    ULSCH NAK trace 111.4 rnti fbdd harq 15 round 0 rv 0 crc_valid 0 processed 0/1 abort 1 dtx 0 TBS 17 rb 4+5 sym 0+13 mcs 0 Qm 2 SNR 38.9 dB TAest -1
[0m[93m[PHY]    ULSCH NAK trace 111.14 rnti fbdd harq 0 round 0 rv 0 crc_valid 0 processed 0/1 abort 1 dtx 0 TBS 17 rb 4+5 sym 0+13 mcs 0 Qm 2 SNR 38.9 dB TAest -1
[0m[93m[PHY]    ULSCH NAK trace 113.4 rnti fbdd harq 2 round 0 rv 0 crc_valid 0 processed 0/1 abort 1 dtx 0 TBS 17 rb 4+5 sym 0+13 mcs 0 Qm 2 SNR 31.9 dB TAest -1
[0m[93m[PHY]    ULSCH NAK trace 113.9 rnti fbdd harq 4 round 0 rv 0 crc_valid 0 processed 0/1 abort 1 dtx 0 TBS 17 rb 4+5 sym 0+13 mcs 0 Qm 2 SNR 32.9 dB TAest -2
[0m[93m[PHY]    ULSCH NAK trace 113.14 rnti fbdd harq 1 round 0 rv 0 crc_valid 0 processed 0/1 abort 1 dtx 0 TBS 17 rb 4+5 sym 0+13 mcs 0 Qm 2 SNR 34.2 dB TAest -1
[0m[93m[PHY]    ULSCH NAK trace 115.4 rnti fbdd harq 3 round 0 rv 0 crc_valid 0 processed 0/1 abort 1 dtx 0 TBS 17 rb 4+5 sym 0+13 mcs 0 Qm 2 SNR 38.9 dB TAest -1
[0m[93m[PHY]    ULSCH NAK trace 116.14 rnti fbdd harq 6 round 0 rv 0 crc_valid 0 processed 0/1 abort 1 dtx 0 TBS 17 rb 4+5 sym 0+13 mcs 0 Qm 2 SNR 29.9 dB TAest -1
[0m[93m[PHY]    ULSCH NAK trace 117.4 rnti fbdd harq 5 round 0 rv 0 crc_valid 0 processed 0/1 abort 1 dtx 0 TBS 17 rb 4+5 sym 0+13 mcs 0 Qm 2 SNR 32.0 dB TAest -1
[0m[93m[PHY]    ULSCH NAK trace 117.9 rnti fbdd harq 9 round 0 rv 0 crc_valid 0 processed 0/1 abort 1 dtx 0 TBS 17 rb 4+5 sym 0+13 mcs 0 Qm 2 SNR 32.9 dB TAest -2
[0m[93m[PHY]    ULSCH NAK trace 117.19 rnti fbdd harq 7 round 0 rv 0 crc_valid 0 processed 0/1 abort 1 dtx 0 TBS 17 rb 12+5 sym 0+13 mcs 0 Qm 2 SNR 38.9 dB TAest -1
[0m[93m[PHY]    ULSCH NAK trace 118.14 rnti fbdd harq 8 round 0 rv 0 crc_valid 0 processed 0/1 abort 1 dtx 0 TBS 17 rb 4+5 sym 0+13 mcs 0 Qm 2 SNR 39.0 dB TAest -1
[0m[93m[PHY]    ULSCH NAK trace 119.4 rnti fbdd harq 12 round 0 rv 0 crc_valid 0 processed 0/1 abort 1 dtx 0 TBS 17 rb 4+5 sym 0+13 mcs 0 Qm 2 SNR 38.9 dB TAest -1
[0m[93m[PHY]    ULSCH NAK trace 119.9 rnti fbdd harq 13 round 0 rv 0 crc_valid 0 processed 0/1 abort 1 dtx 0 TBS 17 rb 4+5 sym 0+13 mcs 0 Qm 2 SNR 38.9 dB TAest -1
[0m[93m[PHY]    ULSCH NAK trace 119.14 rnti fbdd harq 8 round 1 rv 2 crc_valid 0 processed 0/1 abort 1 dtx 0 TBS 17 rb 4+5 sym 0+13 mcs 0 Qm 2 SNR 38.9 dB TAest -1
[0m[93m[PHY]    ULSCH NAK trace 119.19 rnti fbdd harq 11 round 0 rv 0 crc_valid 0 processed 0/1 abort 1 dtx 0 TBS 17 rb 12+5 sym 0+13 mcs 0 Qm 2 SNR 38.9 dB TAest 1
[0m[93m[PHY]    ULSCH NAK trace 121.4 rnti fbdd harq 10 round 0 rv 0 crc_valid 0 processed 0/1 abort 1 dtx 0 TBS 17 rb 4+5 sym 0+13 mcs 0 Qm 2 SNR 31.9 dB TAest -1
[0m[93m[PHY]    ULSCH NAK trace 121.9 rnti fbdd harq 14 round 0 rv 0 crc_valid 0 processed 0/1 abort 1 dtx 0 TBS 17 rb 4+5 sym 0+13 mcs 0 Qm 2 SNR 33.0 dB TAest -2
[0m[93m[PHY]    ULSCH NAK trace 121.14 rnti fbdd harq 15 round 0 rv 0 crc_valid 0 processed 0/1 abort 1 dtx 0 TBS 17 rb 4+5 sym 0+13 mcs 0 Qm 2 SNR 34.2 dB TAest -1
[0m[93m[NR_MAC] Received ACK for RRCReconfiguration, but nothing to apply!
[0m[93m[NR_MAC] Received ACK for RRCReconfiguration, but nothing to apply!
[0m[93m[NR_MAC] Received ACK for RRCReconfiguration, but nothing to apply!
[0m[93m[NR_MAC] Received ACK for RRCReconfiguration, but nothing to apply!
[0m[93m[NR_MAC] Received ACK for RRCReconfiguration, but nothing to apply!
[0m[93m[PHY]    ULSCH NAK trace 124.14 rnti fbdd harq 0 round 0 rv 0 crc_valid 0 processed 0/1 abort 1 dtx 0 TBS 17 rb 4+5 sym 0+13 mcs 0 Qm 2 SNR 38.9 dB TAest -1
[0m[93m[PHY]    ULSCH NAK trace 125.4 rnti fbdd harq 2 round 0 rv 0 crc_valid 0 processed 0/1 abort 1 dtx 0 TBS 17 rb 4+5 sym 0+13 mcs 0 Qm 2 SNR 38.9 dB TAest -1
[0m[93m[PHY]    ULSCH NAK trace 126.14 rnti fbdd harq 4 round 0 rv 0 crc_valid 0 processed 0/1 abort 1 dtx 0 TBS 17 rb 4+5 sym 0+13 mcs 0 Qm 2 SNR 38.9 dB TAest -1
[0m[93m[PHY]    ULSCH NAK trace 126.19 rnti fbdd harq 1 round 0 rv 0 crc_valid 0 processed 0/1 abort 1 dtx 0 TBS 17 rb 12+5 sym 0+13 mcs 0 Qm 2 SNR 38.9 dB TAest -1
[0m[93m[PHY]    ULSCH NAK trace 127.4 rnti fbdd harq 3 round 0 rv 0 crc_valid 0 processed 0/1 abort 1 dtx 0 TBS 20 rb 4+5 sym 0+13 mcs 0 Qm 2 SNR 38.9 dB TAest -2
[0m[93m[PHY]    ULSCH NAK trace 127.9 rnti fbdd harq 6 round 0 rv 0 crc_valid 0 processed 0/1 abort 1 dtx 0 TBS 20 rb 4+5 sym 0+13 mcs 0 Qm 2 SNR 38.9 dB TAest 0
[0m[93m[PHY]    ULSCH NAK trace 127.14 rnti fbdd harq 4 round 1 rv 2 crc_valid 0 processed 0/1 abort 1 dtx 0 TBS 17 rb 4+5 sym 0+13 mcs 0 Qm 2 SNR 38.9 dB TAest 1
[0m[93m[PHY]    ULSCH NAK trace 127.19 rnti fbdd harq 1 round 1 rv 2 crc_valid 0 processed 0/1 abort 1 dtx 0 TBS 17 rb 12+5 sym 0+13 mcs 0 Qm 2 SNR 38.9 dB TAest 1
[0m[HW]     [o-du 0][rx   96771 pps   10752 kbps   72969][tx  286892 pps   31872 kbps  182321][Total Msgs_Rcvd 96771]
[0m[HW]     [o_du0][pusch0   82944 prach0   13824]
[0m[93m[PHY]    ULSCH NAK trace 128.9 rnti fbdd harq 6 round 1 rv 2 crc_valid 0 processed 0/1 abort 1 dtx 0 TBS 20 rb 4+5 sym 0+13 mcs 0 Qm 2 SNR 28.5 dB TAest -1
[0m[93m[PHY]    ULSCH NAK trace 128.14 rnti fbdd harq 4 round 2 rv 3 crc_valid 0 processed 0/1 abort 1 dtx 0 TBS 17 rb 4+5 sym 0+13 mcs 0 Qm 2 SNR 29.9 dB TAest 2
[0m[93m[PHY]    ULSCH NAK trace 128.19 rnti fbdd harq 1 round 2 rv 3 crc_valid 0 processed 0/1 abort 1 dtx 0 TBS 17 rb 12+5 sym 0+13 mcs 0 Qm 2 SNR 38.9 dB TAest 2
[0m[93m[PHY]    ULSCH NAK trace 129.4 rnti fbdd harq 5 round 0 rv 0 crc_valid 0 processed 0/1 abort 1 dtx 0 TBS 20 rb 4+5 sym 0+13 mcs 0 Qm 2 SNR 31.9 dB TAest -1
[0m[93m[PHY]    ULSCH NAK trace 129.14 rnti fbdd harq 4 round 3 rv 1 crc_valid 0 processed 0/1 abort 1 dtx 0 TBS 17 rb 4+5 sym 0+13 mcs 0 Qm 2 SNR 34.1 dB TAest -1
[0m[93m[PHY]    ULSCH NAK trace 129.19 rnti fbdd harq 1 round 3 rv 1 crc_valid 0 processed 0/1 abort 1 dtx 0 TBS 17 rb 12+5 sym 0+13 mcs 0 Qm 2 SNR 39.0 dB TAest -1
[0m[93m[PHY]    ULSCH NAK trace 130.4 rnti fbdd harq 5 round 1 rv 2 crc_valid 0 processed 0/1 abort 1 dtx 0 TBS 20 rb 4+5 sym 0+13 mcs 0 Qm 2 SNR 38.9 dB TAest -1
[0m[93m[PHY]    ULSCH NAK trace 130.9 rnti fbdd harq 9 round 0 rv 0 crc_valid 0 processed 0/1 abort 1 dtx 0 TBS 20 rb 4+5 sym 0+13 mcs 0 Qm 2 SNR 38.9 dB TAest 0
[0m[93m[PHY]    ULSCH NAK trace 130.14 rnti fbdd harq 7 round 0 rv 0 crc_valid 0 processed 0/1 abort 1 dtx 0 TBS 20 rb 4+5 sym 0+13 mcs 0 Qm 2 SNR 38.9 dB TAest 0
[0m[93m[PHY]    ULSCH NAK trace 130.19 rnti fbdd harq 12 round 0 rv 0 crc_valid 0 processed 0/1 abort 1 dtx 0 TBS 20 rb 12+5 sym 0+13 mcs 0 Qm 2 SNR 39.0 dB TAest -1
[0m[93m[PHY]    ULSCH NAK trace 131.9 rnti fbdd harq 9 round 1 rv 2 crc_valid 0 processed 0/1 abort 1 dtx 0 TBS 20 rb 4+5 sym 0+13 mcs 0 Qm 2 SNR 38.9 dB TAest -1
[0m[93m[PHY]    ULSCH NAK trace 131.14 rnti fbdd harq 7 round 1 rv 2 crc_valid 0 processed 0/1 abort 1 dtx 0 TBS 20 rb 4+5 sym 0+13 mcs 0 Qm 2 SNR 38.9 dB TAest -1
[0m[93m[PHY]    ULSCH NAK trace 132.4 rnti fbdd harq 13 round 0 rv 0 crc_valid 0 processed 0/1 abort 1 dtx 0 TBS 20 rb 4+5 sym 0+13 mcs 0 Qm 2 SNR 27.8 dB TAest -1
[0m[93m[PHY]    ULSCH NAK trace 132.19 rnti fbdd harq 8 round 0 rv 0 crc_valid 0 processed 0/1 abort 1 dtx 0 TBS 20 rb 12+5 sym 0+13 mcs 0 Qm 2 SNR 38.9 dB TAest -1
[0m[93m[PHY]    ULSCH NAK trace 133.9 rnti fbdd harq 11 round 0 rv 0 crc_valid 0 processed 0/1 abort 1 dtx 0 TBS 20 rb 4+5 sym 0+13 mcs 0 Qm 2 SNR 32.9 dB TAest -5
[0m[93m[PHY]    ULSCH NAK trace 133.14 rnti fbdd harq 10 round 0 rv 0 crc_valid 0 processed 0/1 abort 1 dtx 0 TBS 20 rb 4+5 sym 0+13 mcs 0 Qm 2 SNR 34.2 dB TAest -2
[0m[93m[PHY]    ULSCH NAK trace 134.4 rnti fbdd harq 14 round 0 rv 0 crc_valid 0 processed 0/1 abort 1 dtx 0 TBS 20 rb 4+5 sym 0+13 mcs 0 Qm 2 SNR 39.0 dB TAest -1
[0m[93m[PHY]    ULSCH NAK trace 134.9 rnti fbdd harq 11 round 1 rv 2 crc_valid 0 processed 0/1 abort 1 dtx 0 TBS 20 rb 4+5 sym 0+13 mcs 0 Qm 2 SNR 38.9 dB TAest -3
[0m[93m[PHY]    ULSCH NAK trace 135.4 rnti fbdd harq 14 round 1 rv 2 crc_valid 0 processed 0/1 abort 1 dtx 0 TBS 20 rb 4+5 sym 0+13 mcs 0 Qm 2 SNR 38.9 dB TAest -2
[0m[93m[PHY]    ULSCH NAK trace 146.4 rnti fbdd harq 15 round 0 rv 0 crc_valid 0 processed 0/1 abort 1 dtx 0 TBS 20 rb 4+5 sym 0+13 mcs 0 Qm 2 SNR 38.9 dB TAest -1
[0m[93m[PHY]    ULSCH NAK trace 147.4 rnti fbdd harq 15 round 1 rv 2 crc_valid 0 processed 0/1 abort 1 dtx 0 TBS 20 rb 4+5 sym 0+13 mcs 0 Qm 2 SNR 38.9 dB TAest -1
[0m[93m[PHY]    ULSCH NAK trace 158.4 rnti fbdd harq 0 round 0 rv 0 crc_valid 0 processed 0/1 abort 1 dtx 0 TBS 20 rb 4+5 sym 0+13 mcs 0 Qm 2 SNR 38.9 dB TAest -1
[0m[93m[PHY]    ULSCH NAK trace 159.4 rnti fbdd harq 0 round 1 rv 2 crc_valid 0 processed 0/1 abort 1 dtx 0 TBS 20 rb 4+5 sym 0+13 mcs 0 Qm 2 SNR 38.9 dB TAest -1
[0m[93m[PHY]    ULSCH NAK trace 170.4 rnti fbdd harq 2 round 0 rv 0 crc_valid 0 processed 0/1 abort 1 dtx 0 TBS 20 rb 4+5 sym 0+13 mcs 0 Qm 2 SNR 38.9 dB TAest -1
[0m[93m[PHY]    ULSCH NAK trace 171.4 rnti fbdd harq 2 round 1 rv 2 crc_valid 0 processed 0/1 abort 1 dtx 0 TBS 20 rb 4+5 sym 0+13 mcs 0 Qm 2 SNR 38.9 dB TAest -1
[0m[93m[PHY]    ULSCH NAK trace 176.14 rnti fbdd harq 3 round 0 rv 0 crc_valid 0 processed 0/1 abort 1 dtx 0 TBS 20 rb 4+5 sym 0+13 mcs 0 Qm 2 SNR 38.9 dB TAest 1
[0m[93m[PHY]    ULSCH NAK trace 177.4 rnti fbdd harq 6 round 0 rv 0 crc_valid 0 processed 0/1 abort 1 dtx 0 TBS 20 rb 4+5 sym 0+13 mcs 0 Qm 2 SNR 38.9 dB TAest 0
[0m[93m[PHY]    ULSCH NAK trace 178.4 rnti fbdd harq 6 round 1 rv 2 crc_valid 0 processed 0/1 abort 1 dtx 0 TBS 20 rb 4+5 sym 0+13 mcs 0 Qm 2 SNR 38.9 dB TAest -1
[0m[93m[PHY]    ULSCH NAK trace 178.14 rnti fbdd harq 4 round 0 rv 0 crc_valid 0 processed 0/1 abort 1 dtx 0 TBS 20 rb 4+5 sym 0+13 mcs 0 Qm 2 SNR 38.9 dB TAest -1
[0m[93m[PHY]    ULSCH NAK trace 179.14 rnti fbdd harq 4 round 1 rv 2 crc_valid 0 processed 0/1 abort 1 dtx 0 TBS 20 rb 4+5 sym 0+13 mcs 0 Qm 2 SNR 38.9 dB TAest 1
[0m[93m[PHY]    ULSCH NAK trace 190.4 rnti fbdd harq 1 round 0 rv 0 crc_valid 0 processed 0/1 abort 1 dtx 0 TBS 20 rb 4+5 sym 0+13 mcs 0 Qm 2 SNR 38.9 dB TAest -1
[0m[93m[PHY]    ULSCH NAK trace 191.4 rnti fbdd harq 1 round 1 rv 2 crc_valid 0 processed 0/1 abort 1 dtx 0 TBS 20 rb 4+5 sym 0+13 mcs 0 Qm 2 SNR 38.9 dB TAest -1
[0m[93m[PHY]    ULSCH NAK trace 202.4 rnti fbdd harq 5 round 0 rv 0 crc_valid 0 processed 0/1 abort 1 dtx 0 TBS 20 rb 4+5 sym 0+13 mcs 0 Qm 2 SNR 38.9 dB TAest -1
[0m[93m[PHY]    ULSCH NAK trace 203.4 rnti fbdd harq 5 round 1 rv 2 crc_valid 0 processed 0/1 abort 1 dtx 0 TBS 20 rb 4+5 sym 0+13 mcs 0 Qm 2 SNR 38.9 dB TAest -1
[0m[93m[PHY]    ULSCH NAK trace 214.4 rnti fbdd harq 12 round 0 rv 0 crc_valid 0 processed 0/1 abort 1 dtx 0 TBS 20 rb 4+5 sym 0+13 mcs 0 Qm 2 SNR 38.9 dB TAest -1
[0m[93m[PHY]    ULSCH NAK trace 215.4 rnti fbdd harq 12 round 1 rv 2 crc_valid 0 processed 0/1 abort 1 dtx 0 TBS 20 rb 4+5 sym 0+13 mcs 0 Qm 2 SNR 38.9 dB TAest -1
[0m[93m[PHY]    ULSCH NAK trace 224.14 rnti fbdd harq 9 round 0 rv 0 crc_valid 0 processed 0/1 abort 1 dtx 0 TBS 20 rb 4+5 sym 0+13 mcs 0 Qm 2 SNR 38.9 dB TAest 2
[0m[93m[PHY]    ULSCH NAK trace 225.4 rnti fbdd harq 7 round 0 rv 0 crc_valid 0 processed 0/1 abort 1 dtx 0 TBS 20 rb 4+5 sym 0+13 mcs 0 Qm 2 SNR 39.0 dB TAest -3
[0m[93m[PHY]    ULSCH NAK trace 226.14 rnti fbdd harq 13 round 0 rv 0 crc_valid 0 processed 0/1 abort 1 dtx 0 TBS 20 rb 4+5 sym 0+13 mcs 0 Qm 2 SNR 38.9 dB TAest -1
[0m[93m[PHY]    ULSCH NAK trace 227.14 rnti fbdd harq 13 round 1 rv 2 crc_valid 0 processed 0/1 abort 1 dtx 0 TBS 20 rb 4+5 sym 0+13 mcs 0 Qm 2 SNR 38.9 dB TAest 1
[0m[93m[PHY]    ULSCH NAK trace 238.4 rnti fbdd harq 8 round 0 rv 0 crc_valid 0 processed 0/1 abort 1 dtx 0 TBS 20 rb 4+5 sym 0+13 mcs 0 Qm 2 SNR 38.9 dB TAest -1
[0m[93m[PHY]    ULSCH NAK trace 239.4 rnti fbdd harq 8 round 1 rv 2 crc_valid 0 processed 0/1 abort 1 dtx 0 TBS 20 rb 4+5 sym 0+13 mcs 0 Qm 2 SNR 38.9 dB TAest -1
[0m[93m[PHY]    ULSCH NAK trace 250.4 rnti fbdd harq 10 round 0 rv 0 crc_valid 0 processed 0/1 abort 1 dtx 0 TBS 20 rb 4+5 sym 0+13 mcs 0 Qm 2 SNR 38.9 dB TAest -1
[0m[93m[PHY]    ULSCH NAK trace 251.4 rnti fbdd harq 10 round 1 rv 2 crc_valid 0 processed 0/1 abort 1 dtx 0 TBS 20 rb 4+5 sym 0+13 mcs 0 Qm 2 SNR 38.9 dB TAest -1
[0m[HW]     [o-du 0][rx  107523 pps   10752 kbps   72960][tx  318764 pps   31872 kbps  182321][Total Msgs_Rcvd 107523]
[0m[HW]     [o_du0][pusch0   92160 prach0   15360]
[0m[93m[PHY]    ULSCH NAK trace 262.4 rnti fbdd harq 11 round 0 rv 0 crc_valid 0 processed 0/1 abort 1 dtx 0 TBS 20 rb 4+5 sym 0+13 mcs 0 Qm 2 SNR 38.9 dB TAest -1
[0m[93m[PHY]    ULSCH NAK trace 263.4 rnti fbdd harq 11 round 1 rv 2 crc_valid 0 processed 0/1 abort 1 dtx 0 TBS 20 rb 4+5 sym 0+13 mcs 0 Qm 2 SNR 38.9 dB TAest -1
[0m[93m[PHY]    ULSCH NAK trace 272.14 rnti fbdd harq 14 round 0 rv 0 crc_valid 0 processed 0/1 abort 1 dtx 0 TBS 20 rb 4+5 sym 0+13 mcs 0 Qm 2 SNR 38.9 dB TAest 1
[0m[93m[PHY]    ULSCH NAK trace 273.4 rnti fbdd harq 15 round 0 rv 0 crc_valid 0 processed 0/1 abort 1 dtx 0 TBS 20 rb 4+5 sym 0+13 mcs 0 Qm 2 SNR 39.0 dB TAest -2
[0m[93m[PHY]    ULSCH NAK trace 274.14 rnti fbdd harq 0 round 0 rv 0 crc_valid 0 processed 0/1 abort 1 dtx 0 TBS 20 rb 4+5 sym 0+13 mcs 0 Qm 2 SNR 38.9 dB TAest -1
[0m[93m[PHY]    ULSCH NAK trace 275.14 rnti fbdd harq 0 round 1 rv 2 crc_valid 0 processed 0/1 abort 1 dtx 0 TBS 20 rb 4+5 sym 0+13 mcs 0 Qm 2 SNR 38.9 dB TAest 1
[0m[93m[PHY]    ULSCH NAK trace 286.4 rnti fbdd harq 2 round 0 rv 0 crc_valid 0 processed 0/1 abort 1 dtx 0 TBS 20 rb 4+5 sym 0+13 mcs 0 Qm 2 SNR 38.9 dB TAest -1
[0m[93m[PHY]    ULSCH NAK trace 287.4 rnti fbdd harq 2 round 1 rv 2 crc_valid 0 processed 0/1 abort 1 dtx 0 TBS 20 rb 4+5 sym 0+13 mcs 0 Qm 2 SNR 38.9 dB TAest -1
[0m[93m[PHY]    ULSCH NAK trace 298.4 rnti fbdd harq 3 round 0 rv 0 crc_valid 0 processed 0/1 abort 1 dtx 0 TBS 20 rb 4+5 sym 0+13 mcs 0 Qm 2 SNR 38.9 dB TAest -1
[0m[93m[PHY]    ULSCH NAK trace 299.4 rnti fbdd harq 3 round 1 rv 2 crc_valid 0 processed 0/1 abort 1 dtx 0 TBS 20 rb 4+5 sym 0+13 mcs 0 Qm 2 SNR 38.9 dB TAest -1
[0m[93m[PHY]    ULSCH NAK trace 310.4 rnti fbdd harq 6 round 0 rv 0 crc_valid 0 processed 0/1 abort 1 dtx 0 TBS 20 rb 4+5 sym 0+13 mcs 0 Qm 2 SNR 38.9 dB TAest -1
[0m[93m[PHY]    ULSCH NAK trace 311.4 rnti fbdd harq 6 round 1 rv 2 crc_valid 0 processed 0/1 abort 1 dtx 0 TBS 20 rb 4+5 sym 0+13 mcs 0 Qm 2 SNR 38.9 dB TAest -1
[0m[93m[PHY]    ULSCH NAK trace 322.4 rnti fbdd harq 4 round 0 rv 0 crc_valid 0 processed 0/1 abort 1 dtx 0 TBS 20 rb 4+5 sym 0+13 mcs 0 Qm 2 SNR 38.9 dB TAest -1
[0m[93m[PHY]    ULSCH NAK trace 323.4 rnti fbdd harq 4 round 1 rv 2 crc_valid 0 processed 0/1 abort 1 dtx 0 TBS 20 rb 4+5 sym 0+13 mcs 0 Qm 2 SNR 38.9 dB TAest -1
[0m[93m[PHY]    ULSCH NAK trace 334.4 rnti fbdd harq 1 round 0 rv 0 crc_valid 0 processed 0/1 abort 1 dtx 0 TBS 20 rb 4+5 sym 0+13 mcs 0 Qm 2 SNR 38.9 dB TAest -1
[0m[93m[PHY]    ULSCH NAK trace 335.4 rnti fbdd harq 1 round 1 rv 2 crc_valid 0 processed 0/1 abort 1 dtx 0 TBS 20 rb 4+5 sym 0+13 mcs 0 Qm 2 SNR 38.9 dB TAest -1
[0m[93m[PHY]    ULSCH NAK trace 346.4 rnti fbdd harq 5 round 0 rv 0 crc_valid 0 processed 0/1 abort 1 dtx 0 TBS 20 rb 4+5 sym 0+13 mcs 0 Qm 2 SNR 38.9 dB TAest -1
[0m[93m[PHY]    ULSCH NAK trace 347.4 rnti fbdd harq 5 round 1 rv 2 crc_valid 0 processed 0/1 abort 1 dtx 0 TBS 20 rb 4+5 sym 0+13 mcs 0 Qm 2 SNR 38.9 dB TAest -1
[0m[93m[PHY]    ULSCH NAK trace 358.4 rnti fbdd harq 12 round 0 rv 0 crc_valid 0 processed 0/1 abort 1 dtx 0 TBS 20 rb 4+5 sym 0+13 mcs 0 Qm 2 SNR 38.9 dB TAest -1
[0m[93m[PHY]    ULSCH NAK trace 359.4 rnti fbdd harq 12 round 1 rv 2 crc_valid 0 processed 0/1 abort 1 dtx 0 TBS 20 rb 4+5 sym 0+13 mcs 0 Qm 2 SNR 38.9 dB TAest -1
[0m[93m[PHY]    ULSCH NAK trace 370.4 rnti fbdd harq 9 round 0 rv 0 crc_valid 0 processed 0/1 abort 1 dtx 0 TBS 20 rb 4+5 sym 0+13 mcs 0 Qm 2 SNR 38.9 dB TAest -1
[0m[93m[PHY]    ULSCH NAK trace 371.4 rnti fbdd harq 9 round 1 rv 2 crc_valid 0 processed 0/1 abort 1 dtx 0 TBS 20 rb 4+5 sym 0+13 mcs 0 Qm 2 SNR 38.9 dB TAest -1
[0m[93m[PHY]    ULSCH NAK trace 382.4 rnti fbdd harq 7 round 0 rv 0 crc_valid 0 processed 0/1 abort 1 dtx 0 TBS 20 rb 4+5 sym 0+13 mcs 0 Qm 2 SNR 38.9 dB TAest -1
[0m[93m[PHY]    ULSCH NAK trace 383.4 rnti fbdd harq 7 round 1 rv 2 crc_valid 0 processed 0/1 abort 1 dtx 0 TBS 20 rb 4+5 sym 0+13 mcs 0 Qm 2 SNR 38.9 dB TAest -1
[0m[HW]     [o-du 0][rx  118275 pps   10752 kbps   72969][tx  350636 pps   31872 kbps  182321][Total Msgs_Rcvd 118275]
[0m[HW]     [o_du0][pusch0  101376 prach0   16896]
[0m[93m[PHY]    ULSCH NAK trace 394.4 rnti fbdd harq 13 round 0 rv 0 crc_valid 0 processed 0/1 abort 1 dtx 0 TBS 20 rb 4+5 sym 0+13 mcs 0 Qm 2 SNR 38.9 dB TAest -1
[0m[93m[PHY]    ULSCH NAK trace 395.4 rnti fbdd harq 13 round 1 rv 2 crc_valid 0 processed 0/1 abort 1 dtx 0 TBS 20 rb 4+5 sym 0+13 mcs 0 Qm 2 SNR 38.9 dB TAest -1
[0m[93m[PHY]    ULSCH NAK trace 406.4 rnti fbdd harq 8 round 0 rv 0 crc_valid 0 processed 0/1 abort 1 dtx 0 TBS 20 rb 4+5 sym 0+13 mcs 0 Qm 2 SNR 38.9 dB TAest -1
[0m[93m[PHY]    ULSCH NAK trace 407.4 rnti fbdd harq 8 round 1 rv 2 crc_valid 0 processed 0/1 abort 1 dtx 0 TBS 20 rb 4+5 sym 0+13 mcs 0 Qm 2 SNR 38.9 dB TAest -1
[0m[93m[PHY]    ULSCH NAK trace 418.4 rnti fbdd harq 10 round 0 rv 0 crc_valid 0 processed 0/1 abort 1 dtx 0 TBS 20 rb 4+5 sym 0+13 mcs 0 Qm 2 SNR 38.9 dB TAest -1
[0m[93m[PHY]    ULSCH NAK trace 419.4 rnti fbdd harq 10 round 1 rv 2 crc_valid 0 processed 0/1 abort 1 dtx 0 TBS 20 rb 4+5 sym 0+13 mcs 0 Qm 2 SNR 38.9 dB TAest -1
[0m[93m[PHY]    ULSCH NAK trace 430.4 rnti fbdd harq 11 round 0 rv 0 crc_valid 0 processed 0/1 abort 1 dtx 0 TBS 20 rb 4+5 sym 0+13 mcs 0 Qm 2 SNR 38.9 dB TAest -1
[0m[93m[PHY]    ULSCH NAK trace 431.4 rnti fbdd harq 11 round 1 rv 2 crc_valid 0 processed 0/1 abort 1 dtx 0 TBS 20 rb 4+5 sym 0+13 mcs 0 Qm 2 SNR 38.9 dB TAest -1
[0m[93m[PHY]    ULSCH NAK trace 442.4 rnti fbdd harq 14 round 0 rv 0 crc_valid 0 processed 0/1 abort 1 dtx 0 TBS 20 rb 4+5 sym 0+13 mcs 0 Qm 2 SNR 38.9 dB TAest -1
[0m[93m[PHY]    ULSCH NAK trace 443.4 rnti fbdd harq 14 round 1 rv 2 crc_valid 0 processed 0/1 abort 1 dtx 0 TBS 20 rb 4+5 sym 0+13 mcs 0 Qm 2 SNR 38.9 dB TAest -1
[0m[93m[PHY]    ULSCH NAK trace 454.4 rnti fbdd harq 15 round 0 rv 0 crc_valid 0 processed 0/1 abort 1 dtx 0 TBS 20 rb 4+5 sym 0+13 mcs 0 Qm 2 SNR 38.9 dB TAest -1
[0m[93m[PHY]    ULSCH NAK trace 455.4 rnti fbdd harq 15 round 1 rv 2 crc_valid 0 processed 0/1 abort 1 dtx 0 TBS 20 rb 4+5 sym 0+13 mcs 0 Qm 2 SNR 38.9 dB TAest -1
[0m[93m[PHY]    ULSCH NAK trace 466.4 rnti fbdd harq 0 round 0 rv 0 crc_valid 0 processed 0/1 abort 1 dtx 0 TBS 20 rb 4+5 sym 0+13 mcs 0 Qm 2 SNR 38.9 dB TAest -1
[0m[93m[PHY]    ULSCH NAK trace 467.4 rnti fbdd harq 0 round 1 rv 2 crc_valid 0 processed 0/1 abort 1 dtx 0 TBS 20 rb 4+5 sym 0+13 mcs 0 Qm 2 SNR 38.9 dB TAest -1
[0m[93m[PHY]    ULSCH NAK trace 478.4 rnti fbdd harq 2 round 0 rv 0 crc_valid 0 processed 0/1 abort 1 dtx 0 TBS 20 rb 4+5 sym 0+13 mcs 0 Qm 2 SNR 38.9 dB TAest -1
[0m[93m[PHY]    ULSCH NAK trace 479.4 rnti fbdd harq 2 round 1 rv 2 crc_valid 0 processed 0/1 abort 1 dtx 0 TBS 20 rb 4+5 sym 0+13 mcs 0 Qm 2 SNR 38.9 dB TAest -1
[0m[93m[PHY]    ULSCH NAK trace 490.4 rnti fbdd harq 3 round 0 rv 0 crc_valid 0 processed 0/1 abort 1 dtx 0 TBS 20 rb 4+5 sym 0+13 mcs 0 Qm 2 SNR 38.9 dB TAest -1
[0m[93m[PHY]    ULSCH NAK trace 491.4 rnti fbdd harq 3 round 1 rv 2 crc_valid 0 processed 0/1 abort 1 dtx 0 TBS 20 rb 4+5 sym 0+13 mcs 0 Qm 2 SNR 38.9 dB TAest -1
[0m[93m[PHY]    ULSCH NAK trace 494.4 rnti fbdd harq 6 round 0 rv 0 crc_valid 0 processed 0/1 abort 1 dtx 0 TBS 20 rb 4+5 sym 0+13 mcs 0 Qm 2 SNR 38.9 dB TAest -1
[0m[93m[PHY]    ULSCH NAK trace 494.14 rnti fbdd harq 4 round 0 rv 0 crc_valid 0 processed 0/1 abort 1 dtx 0 TBS 20 rb 4+5 sym 0+13 mcs 0 Qm 2 SNR 39.0 dB TAest -1
[0m[93m[PHY]    ULSCH NAK trace 495.4 rnti fbdd harq 6 round 1 rv 2 crc_valid 0 processed 0/1 abort 1 dtx 0 TBS 20 rb 4+5 sym 0+13 mcs 0 Qm 2 SNR 38.9 dB TAest 0
[0m[93m[PHY]    ULSCH NAK trace 495.14 rnti fbdd harq 4 round 1 rv 2 crc_valid 0 processed 0/1 abort 1 dtx 0 TBS 20 rb 4+5 sym 0+13 mcs 0 Qm 2 SNR 38.9 dB TAest -1
[0m[93m[PHY]    ULSCH NAK trace 497.4 rnti fbdd harq 1 round 0 rv 0 crc_valid 0 processed 0/1 abort 1 dtx 0 TBS 20 rb 4+5 sym 0+13 mcs 0 Qm 2 SNR 31.9 dB TAest -2
[0m[93m[PHY]    ULSCH NAK trace 497.9 rnti fbdd harq 5 round 0 rv 0 crc_valid 0 processed 0/1 abort 1 dtx 0 TBS 20 rb 4+5 sym 0+13 mcs 0 Qm 2 SNR 32.9 dB TAest -3
[0m[93m[PHY]    ULSCH NAK trace 497.14 rnti fbdd harq 12 round 0 rv 0 crc_valid 0 processed 0/1 abort 1 dtx 0 TBS 20 rb 4+5 sym 0+13 mcs 0 Qm 2 SNR 34.1 dB TAest -2
[0m[93m[PHY]    ULSCH NAK trace 497.19 rnti fbdd harq 9 round 0 rv 0 crc_valid 0 processed 0/1 abort 1 dtx 0 TBS 20 rb 12+5 sym 0+13 mcs 0 Qm 2 SNR 38.9 dB TAest -1
[0m[93m[PHY]    ULSCH NAK trace 498.9 rnti fbdd harq 5 round 1 rv 2 crc_valid 0 processed 0/1 abort 1 dtx 0 TBS 20 rb 4+5 sym 0+13 mcs 0 Qm 2 SNR 38.9 dB TAest -2
[0m[93m[PHY]    ULSCH NAK trace 499.4 rnti fbdd harq 7 round 0 rv 0 crc_valid 0 processed 0/1 abort 1 dtx 0 TBS 20 rb 4+5 sym 0+13 mcs 0 Qm 2 SNR 38.9 dB TAest -2
[0m[93m[PHY]    ULSCH NAK trace 499.14 rnti fbdd harq 13 round 0 rv 0 crc_valid 0 processed 0/1 abort 1 dtx 0 TBS 20 rb 4+5 sym 0+13 mcs 0 Qm 2 SNR 38.9 dB TAest 1
[0m[93m[PHY]    ULSCH NAK trace 500.9 rnti fbdd harq 8 round 0 rv 0 crc_valid 0 processed 0/1 abort 1 dtx 0 TBS 20 rb 4+5 sym 0+13 mcs 0 Qm 2 SNR 28.5 dB TAest -1
[0m[93m[PHY]    ULSCH NAK trace 504.4 rnti fbdd harq 10 round 0 rv 0 crc_valid 0 processed 0/1 abort 1 dtx 0 TBS 20 rb 4+5 sym 0+13 mcs 0 Qm 2 SNR 27.8 dB TAest -1
[0m[93m[PHY]    ULSCH NAK trace 504.14 rnti fbdd harq 11 round 0 rv 0 crc_valid 0 processed 0/1 abort 1 dtx 0 TBS 20 rb 4+5 sym 0+13 mcs 0 Qm 2 SNR 29.9 dB TAest 1
[0m[93m[PHY]    ULSCH NAK trace 506.4 rnti fbdd harq 14 round 0 rv 0 crc_valid 0 processed 0/1 abort 1 dtx 0 TBS 20 rb 4+5 sym 0+13 mcs 0 Qm 2 SNR 38.9 dB TAest -1
[0m[93m[PHY]    ULSCH NAK trace 506.9 rnti fbdd harq 15 round 0 rv 0 crc_valid 0 processed 0/1 abort 1 dtx 0 TBS 20 rb 4+5 sym 0+13 mcs 0 Qm 2 SNR 38.9 dB TAest 0
[0m[93m[PHY]    ULSCH NAK trace 506.14 rnti fbdd harq 0 round 0 rv 0 crc_valid 0 processed 0/1 abort 1 dtx 0 TBS 20 rb 4+5 sym 0+13 mcs 0 Qm 2 SNR 39.0 dB TAest -2
[0m[93m[PHY]    ULSCH NAK trace 506.19 rnti fbdd harq 2 round 0 rv 0 crc_valid 0 processed 0/1 abort 1 dtx 0 TBS 20 rb 12+5 sym 0+13 mcs 0 Qm 2 SNR 39.0 dB TAest 1
[0m[93m[PHY]    ULSCH NAK trace 507.4 rnti fbdd harq 14 round 1 rv 2 crc_valid 0 processed 0/1 abort 1 dtx 0 TBS 20 rb 4+5 sym 0+13 mcs 0 Qm 2 SNR 38.9 dB TAest -1
[0m[93m[PHY]    ULSCH NAK trace 507.9 rnti fbdd harq 15 round 1 rv 2 crc_valid 0 processed 0/1 abort 1 dtx 0 TBS 20 rb 4+5 sym 0+13 mcs 0 Qm 2 SNR 38.9 dB TAest 1
[0m[93m[PHY]    ULSCH NAK trace 507.14 rnti fbdd harq 0 round 1 rv 2 crc_valid 0 processed 0/1 abort 1 dtx 0 TBS 20 rb 4+5 sym 0+13 mcs 0 Qm 2 SNR 38.9 dB TAest 0
[0m[HW]     [o-du 0][rx  129027 pps   10752 kbps   72950][tx  382508 pps   31872 kbps  182321][Total Msgs_Rcvd 129027]
[0m[HW]     [o_du0][pusch0  110592 prach0   18432]
[0m[93m[PHY]    ULSCH NAK trace 518.4 rnti fbdd harq 3 round 0 rv 0 crc_valid 0 processed 0/1 abort 1 dtx 0 TBS 20 rb 4+5 sym 0+13 mcs 0 Qm 2 SNR 38.9 dB TAest -1
[0m[93m[PHY]    ULSCH NAK trace 519.4 rnti fbdd harq 3 round 1 rv 2 crc_valid 0 processed 0/1 abort 1 dtx 0 TBS 20 rb 4+5 sym 0+13 mcs 0 Qm 2 SNR 38.9 dB TAest -1
[0m[93m[PHY]    ULSCH NAK trace 530.4 rnti fbdd harq 6 round 0 rv 0 crc_valid 0 processed 0/1 abort 1 dtx 0 TBS 20 rb 4+5 sym 0+13 mcs 0 Qm 2 SNR 38.9 dB TAest -1
[0m[93m[PHY]    ULSCH NAK trace 531.4 rnti fbdd harq 6 round 1 rv 2 crc_valid 0 processed 0/1 abort 1 dtx 0 TBS 20 rb 4+5 sym 0+13 mcs 0 Qm 2 SNR 38.9 dB TAest -1
[0m[93m[PHY]    ULSCH NAK trace 542.4 rnti fbdd harq 4 round 0 rv 0 crc_valid 0 processed 0/1 abort 1 dtx 0 TBS 20 rb 4+5 sym 0+13 mcs 0 Qm 2 SNR 38.9 dB TAest -1
[0m[93m[PHY]    ULSCH NAK trace 543.4 rnti fbdd harq 4 round 1 rv 2 crc_valid 0 processed 0/1 abort 1 dtx 0 TBS 20 rb 4+5 sym 0+13 mcs 0 Qm 2 SNR 38.9 dB TAest -1
[0m[93m[PHY]    ULSCH NAK trace 554.4 rnti fbdd harq 1 round 0 rv 0 crc_valid 0 processed 0/1 abort 1 dtx 0 TBS 20 rb 4+5 sym 0+13 mcs 0 Qm 2 SNR 38.9 dB TAest -1
[0m[93m[PHY]    ULSCH NAK trace 555.4 rnti fbdd harq 1 round 1 rv 2 crc_valid 0 processed 0/1 abort 1 dtx 0 TBS 20 rb 4+5 sym 0+13 mcs 0 Qm 2 SNR 38.9 dB TAest -1
[0m[93m[PHY]    ULSCH NAK trace 566.4 rnti fbdd harq 12 round 0 rv 0 crc_valid 0 processed 0/1 abort 1 dtx 0 TBS 20 rb 4+5 sym 0+13 mcs 0 Qm 2 SNR 38.9 dB TAest -1
[0m[93m[PHY]    ULSCH NAK trace 567.4 rnti fbdd harq 12 round 1 rv 2 crc_valid 0 processed 0/1 abort 1 dtx 0 TBS 20 rb 4+5 sym 0+13 mcs 0 Qm 2 SNR 38.9 dB TAest -1
[0m[93m[PHY]    ULSCH NAK trace 578.4 rnti fbdd harq 9 round 0 rv 0 crc_valid 0 processed 0/1 abort 1 dtx 0 TBS 20 rb 4+5 sym 0+13 mcs 0 Qm 2 SNR 38.9 dB TAest -1
[0m[93m[PHY]    ULSCH NAK trace 579.4 rnti fbdd harq 9 round 1 rv 2 crc_valid 0 processed 0/1 abort 1 dtx 0 TBS 20 rb 4+5 sym 0+13 mcs 0 Qm 2 SNR 38.9 dB TAest -1
[0m[93m[PHY]    ULSCH NAK trace 590.4 rnti fbdd harq 5 round 0 rv 0 crc_valid 0 processed 0/1 abort 1 dtx 0 TBS 20 rb 4+5 sym 0+13 mcs 0 Qm 2 SNR 38.9 dB TAest -1
[0m[93m[PHY]    ULSCH NAK trace 591.4 rnti fbdd harq 5 round 1 rv 2 crc_valid 0 processed 0/1 abort 1 dtx 0 TBS 20 rb 4+5 sym 0+13 mcs 0 Qm 2 SNR 38.9 dB TAest -1
[0m[93m[PHY]    ULSCH NAK trace 602.4 rnti fbdd harq 7 round 0 rv 0 crc_valid 0 processed 0/1 abort 1 dtx 0 TBS 20 rb 4+5 sym 0+13 mcs 0 Qm 2 SNR 38.9 dB TAest -1
[0m[93m[PHY]    ULSCH NAK trace 603.4 rnti fbdd harq 7 round 1 rv 2 crc_valid 0 processed 0/1 abort 1 dtx 0 TBS 20 rb 4+5 sym 0+13 mcs 0 Qm 2 SNR 38.9 dB TAest -1
[0m[93m[PHY]    ULSCH NAK trace 614.4 rnti fbdd harq 13 round 0 rv 0 crc_valid 0 processed 0/1 abort 1 dtx 0 TBS 20 rb 4+5 sym 0+13 mcs 0 Qm 2 SNR 38.9 dB TAest -1
[0m[93m[PHY]    ULSCH NAK trace 615.4 rnti fbdd harq 13 round 1 rv 2 crc_valid 0 processed 0/1 abort 1 dtx 0 TBS 20 rb 4+5 sym 0+13 mcs 0 Qm 2 SNR 38.9 dB TAest -1
[0m[93m[PHY]    ULSCH NAK trace 626.4 rnti fbdd harq 8 round 0 rv 0 crc_valid 0 processed 0/1 abort 1 dtx 0 TBS 20 rb 4+5 sym 0+13 mcs 0 Qm 2 SNR 38.9 dB TAest -1
[0m[93m[PHY]    ULSCH NAK trace 627.4 rnti fbdd harq 8 round 1 rv 2 crc_valid 0 processed 0/1 abort 1 dtx 0 TBS 20 rb 4+5 sym 0+13 mcs 0 Qm 2 SNR 38.9 dB TAest -1
[0m[93m[PHY]    ULSCH NAK trace 638.4 rnti fbdd harq 10 round 0 rv 0 crc_valid 0 processed 0/1 abort 1 dtx 0 TBS 20 rb 4+5 sym 0+13 mcs 0 Qm 2 SNR 38.9 dB TAest -1
[0m[93m[PHY]    ULSCH NAK trace 639.4 rnti fbdd harq 10 round 1 rv 2 crc_valid 0 processed 0/1 abort 1 dtx 0 TBS 20 rb 4+5 sym 0+13 mcs 0 Qm 2 SNR 38.9 dB TAest -1
[0m[HW]     [o-du 0][rx  139779 pps   10752 kbps   72960][tx  414380 pps   31872 kbps  182321][Total Msgs_Rcvd 139779]
[0m[HW]     [o_du0][pusch0  119808 prach0   19968]
[0m[93m[PHY]    ULSCH NAK trace 650.4 rnti fbdd harq 11 round 0 rv 0 crc_valid 0 processed 0/1 abort 1 dtx 0 TBS 20 rb 4+5 sym 0+13 mcs 0 Qm 2 SNR 38.9 dB TAest -1
[0m[93m[PHY]    ULSCH NAK trace 651.4 rnti fbdd harq 11 round 1 rv 2 crc_valid 0 processed 0/1 abort 1 dtx 0 TBS 20 rb 4+5 sym 0+13 mcs 0 Qm 2 SNR 38.9 dB TAest -1
[0m[93m[PHY]    ULSCH NAK trace 662.4 rnti fbdd harq 2 round 0 rv 0 crc_valid 0 processed 0/1 abort 1 dtx 0 TBS 20 rb 4+5 sym 0+13 mcs 0 Qm 2 SNR 38.9 dB TAest -1
[0m[93m[PHY]    ULSCH NAK trace 663.4 rnti fbdd harq 2 round 1 rv 2 crc_valid 0 processed 0/1 abort 1 dtx 0 TBS 20 rb 4+5 sym 0+13 mcs 0 Qm 2 SNR 38.9 dB TAest -1
[0m[93m[PHY]    ULSCH NAK trace 674.4 rnti fbdd harq 14 round 0 rv 0 crc_valid 0 processed 0/1 abort 1 dtx 0 TBS 20 rb 4+5 sym 0+13 mcs 0 Qm 2 SNR 38.9 dB TAest -1
[0m[93m[PHY]    ULSCH NAK trace 675.4 rnti fbdd harq 14 round 1 rv 2 crc_valid 0 processed 0/1 abort 1 dtx 0 TBS 20 rb 4+5 sym 0+13 mcs 0 Qm 2 SNR 38.9 dB TAest -1
[0m[93m[PHY]    ULSCH NAK trace 686.4 rnti fbdd harq 15 round 0 rv 0 crc_valid 0 processed 0/1 abort 1 dtx 0 TBS 20 rb 4+5 sym 0+13 mcs 0 Qm 2 SNR 38.9 dB TAest -1
[0m[93m[PHY]    ULSCH NAK trace 687.4 rnti fbdd harq 15 round 1 rv 2 crc_valid 0 processed 0/1 abort 1 dtx 0 TBS 20 rb 4+5 sym 0+13 mcs 0 Qm 2 SNR 38.9 dB TAest -1
[0m[93m[PHY]    ULSCH NAK trace 698.4 rnti fbdd harq 0 round 0 rv 0 crc_valid 0 processed 0/1 abort 1 dtx 0 TBS 20 rb 4+5 sym 0+13 mcs 0 Qm 2 SNR 38.9 dB TAest -1
[0m[93m[PHY]    ULSCH NAK trace 699.4 rnti fbdd harq 0 round 1 rv 2 crc_valid 0 processed 0/1 abort 1 dtx 0 TBS 20 rb 4+5 sym 0+13 mcs 0 Qm 2 SNR 38.9 dB TAest -1
[0m[93m[PHY]    ULSCH NAK trace 710.4 rnti fbdd harq 3 round 0 rv 0 crc_valid 0 processed 0/1 abort 1 dtx 0 TBS 20 rb 4+5 sym 0+13 mcs 0 Qm 2 SNR 38.9 dB TAest -1
[0m[93m[PHY]    ULSCH NAK trace 711.4 rnti fbdd harq 3 round 1 rv 2 crc_valid 0 processed 0/1 abort 1 dtx 0 TBS 20 rb 4+5 sym 0+13 mcs 0 Qm 2 SNR 38.9 dB TAest -1
[0m[93m[PHY]    ULSCH NAK trace 722.4 rnti fbdd harq 6 round 0 rv 0 crc_valid 0 processed 0/1 abort 1 dtx 0 TBS 20 rb 4+5 sym 0+13 mcs 0 Qm 2 SNR 38.9 dB TAest -1
[0m[93m[PHY]    ULSCH NAK trace 723.4 rnti fbdd harq 6 round 1 rv 2 crc_valid 0 processed 0/1 abort 1 dtx 0 TBS 20 rb 4+5 sym 0+13 mcs 0 Qm 2 SNR 38.9 dB TAest -1
[0m[93m[PHY]    ULSCH NAK trace 734.4 rnti fbdd harq 4 round 0 rv 0 crc_valid 0 processed 0/1 abort 1 dtx 0 TBS 20 rb 4+5 sym 0+13 mcs 0 Qm 2 SNR 38.9 dB TAest -1
[0m[93m[PHY]    ULSCH NAK trace 735.4 rnti fbdd harq 4 round 1 rv 2 crc_valid 0 processed 0/1 abort 1 dtx 0 TBS 20 rb 4+5 sym 0+13 mcs 0 Qm 2 SNR 38.9 dB TAest -1
[0m[93m[PHY]    ULSCH NAK trace 746.4 rnti fbdd harq 1 round 0 rv 0 crc_valid 0 processed 0/1 abort 1 dtx 0 TBS 20 rb 4+5 sym 0+13 mcs 0 Qm 2 SNR 38.9 dB TAest -1
[0m[93m[PHY]    ULSCH NAK trace 747.4 rnti fbdd harq 1 round 1 rv 2 crc_valid 0 processed 0/1 abort 1 dtx 0 TBS 20 rb 4+5 sym 0+13 mcs 0 Qm 2 SNR 38.9 dB TAest -1
[0m[93m[PHY]    ULSCH NAK trace 758.4 rnti fbdd harq 12 round 0 rv 0 crc_valid 0 processed 0/1 abort 1 dtx 0 TBS 20 rb 4+5 sym 0+13 mcs 0 Qm 2 SNR 38.9 dB TAest -1
[0m[93m[PHY]    ULSCH NAK trace 759.4 rnti fbdd harq 12 round 1 rv 2 crc_valid 0 processed 0/1 abort 1 dtx 0 TBS 20 rb 4+5 sym 0+13 mcs 0 Qm 2 SNR 38.9 dB TAest -1
[0m[HW]     [o-du 0][rx  150532 pps   10753 kbps   72948][tx  446252 pps   31872 kbps  182321][Total Msgs_Rcvd 150532]
[0m[HW]     [o_du0][pusch0  129024 prach0   21504]
[0m[93m[PHY]    ULSCH NAK trace 770.4 rnti fbdd harq 9 round 0 rv 0 crc_valid 0 processed 0/1 abort 1 dtx 0 TBS 20 rb 4+5 sym 0+13 mcs 0 Qm 2 SNR 38.9 dB TAest -1
[0m[93m[PHY]    ULSCH NAK trace 771.4 rnti fbdd harq 9 round 1 rv 2 crc_valid 0 processed 0/1 abort 1 dtx 0 TBS 20 rb 4+5 sym 0+13 mcs 0 Qm 2 SNR 38.9 dB TAest -1
[0m[93m[PHY]    ULSCH NAK trace 782.4 rnti fbdd harq 5 round 0 rv 0 crc_valid 0 processed 0/1 abort 1 dtx 0 TBS 20 rb 4+5 sym 0+13 mcs 0 Qm 2 SNR 38.9 dB TAest -1
[0m[93m[PHY]    ULSCH NAK trace 783.4 rnti fbdd harq 5 round 1 rv 2 crc_valid 0 processed 0/1 abort 1 dtx 0 TBS 20 rb 4+5 sym 0+13 mcs 0 Qm 2 SNR 38.9 dB TAest -1
[0m[93m[PHY]    ULSCH NAK trace 794.4 rnti fbdd harq 7 round 0 rv 0 crc_valid 0 processed 0/1 abort 1 dtx 0 TBS 20 rb 4+5 sym 0+13 mcs 0 Qm 2 SNR 38.9 dB TAest -1
[0m[93m[PHY]    ULSCH NAK trace 795.4 rnti fbdd harq 7 round 1 rv 2 crc_valid 0 processed 0/1 abort 1 dtx 0 TBS 20 rb 4+5 sym 0+13 mcs 0 Qm 2 SNR 38.9 dB TAest -1
[0m[93m[PHY]    ULSCH NAK trace 806.4 rnti fbdd harq 13 round 0 rv 0 crc_valid 0 processed 0/1 abort 1 dtx 0 TBS 20 rb 4+5 sym 0+13 mcs 0 Qm 2 SNR 38.9 dB TAest -1
[0m[93m[PHY]    ULSCH NAK trace 807.4 rnti fbdd harq 13 round 1 rv 2 crc_valid 0 processed 0/1 abort 1 dtx 0 TBS 20 rb 4+5 sym 0+13 mcs 0 Qm 2 SNR 38.9 dB TAest -1
[0m[93m[PHY]    ULSCH NAK trace 818.4 rnti fbdd harq 8 round 0 rv 0 crc_valid 0 processed 0/1 abort 1 dtx 0 TBS 20 rb 4+5 sym 0+13 mcs 0 Qm 2 SNR 38.9 dB TAest -1
[0m[93m[PHY]    ULSCH NAK trace 819.4 rnti fbdd harq 8 round 1 rv 2 crc_valid 0 processed 0/1 abort 1 dtx 0 TBS 20 rb 4+5 sym 0+13 mcs 0 Qm 2 SNR 38.9 dB TAest -1
[0m[93m[PHY]    ULSCH NAK trace 830.4 rnti fbdd harq 10 round 0 rv 0 crc_valid 0 processed 0/1 abort 1 dtx 0 TBS 20 rb 4+5 sym 0+13 mcs 0 Qm 2 SNR 38.9 dB TAest -1
[0m[93m[PHY]    ULSCH NAK trace 831.4 rnti fbdd harq 10 round 1 rv 2 crc_valid 0 processed 0/1 abort 1 dtx 0 TBS 20 rb 4+5 sym 0+13 mcs 0 Qm 2 SNR 38.9 dB TAest -1
[0m[93m[PHY]    ULSCH NAK trace 842.4 rnti fbdd harq 11 round 0 rv 0 crc_valid 0 processed 0/1 abort 1 dtx 0 TBS 20 rb 4+5 sym 0+13 mcs 0 Qm 2 SNR 38.9 dB TAest -1
[0m[93m[PHY]    ULSCH NAK trace 843.4 rnti fbdd harq 11 round 1 rv 2 crc_valid 0 processed 0/1 abort 1 dtx 0 TBS 20 rb 4+5 sym 0+13 mcs 0 Qm 2 SNR 38.9 dB TAest -1
[0m[93m[PHY]    ULSCH NAK trace 854.4 rnti fbdd harq 2 round 0 rv 0 crc_valid 0 processed 0/1 abort 1 dtx 0 TBS 20 rb 4+5 sym 0+13 mcs 0 Qm 2 SNR 38.9 dB TAest -1
[0m[93m[PHY]    ULSCH NAK trace 855.4 rnti fbdd harq 2 round 1 rv 2 crc_valid 0 processed 0/1 abort 1 dtx 0 TBS 20 rb 4+5 sym 0+13 mcs 0 Qm 2 SNR 38.9 dB TAest -1
[0m[93m[PHY]    ULSCH NAK trace 866.4 rnti fbdd harq 14 round 0 rv 0 crc_valid 0 processed 0/1 abort 1 dtx 0 TBS 20 rb 4+5 sym 0+13 mcs 0 Qm 2 SNR 38.9 dB TAest -1
[0m[93m[PHY]    ULSCH NAK trace 867.4 rnti fbdd harq 14 round 1 rv 2 crc_valid 0 processed 0/1 abort 1 dtx 0 TBS 20 rb 4+5 sym 0+13 mcs 0 Qm 2 SNR 38.9 dB TAest -1
[0m[93m[PHY]    ULSCH NAK trace 878.4 rnti fbdd harq 15 round 0 rv 0 crc_valid 0 processed 0/1 abort 1 dtx 0 TBS 20 rb 4+5 sym 0+13 mcs 0 Qm 2 SNR 38.9 dB TAest -1
[0m[93m[PHY]    ULSCH NAK trace 879.4 rnti fbdd harq 15 round 1 rv 2 crc_valid 0 processed 0/1 abort 1 dtx 0 TBS 20 rb 4+5 sym 0+13 mcs 0 Qm 2 SNR 38.9 dB TAest -1
[0m[93m[PHY]    ULSCH NAK trace 890.4 rnti fbdd harq 0 round 0 rv 0 crc_valid 0 processed 0/1 abort 1 dtx 0 TBS 20 rb 4+5 sym 0+13 mcs 0 Qm 2 SNR 38.9 dB TAest -1
[0m[93m[PHY]    ULSCH NAK trace 891.4 rnti fbdd harq 0 round 1 rv 2 crc_valid 0 processed 0/1 abort 1 dtx 0 TBS 20 rb 4+5 sym 0+13 mcs 0 Qm 2 SNR 38.9 dB TAest -1
[0m[HW]     [o-du 0][rx  161284 pps   10752 kbps   72964][tx  478124 pps   31872 kbps  182321][Total Msgs_Rcvd 161284]
[0m[HW]     [o_du0][pusch0  138240 prach0   23040]
[0m[93m[PHY]    ULSCH NAK trace 902.4 rnti fbdd harq 3 round 0 rv 0 crc_valid 0 processed 0/1 abort 1 dtx 0 TBS 20 rb 4+5 sym 0+13 mcs 0 Qm 2 SNR 38.9 dB TAest -1
[0m[93m[PHY]    ULSCH NAK trace 903.4 rnti fbdd harq 3 round 1 rv 2 crc_valid 0 processed 0/1 abort 1 dtx 0 TBS 20 rb 4+5 sym 0+13 mcs 0 Qm 2 SNR 38.9 dB TAest -1
[0m[93m[PHY]    ULSCH NAK trace 914.4 rnti fbdd harq 6 round 0 rv 0 crc_valid 0 processed 0/1 abort 1 dtx 0 TBS 20 rb 4+5 sym 0+13 mcs 0 Qm 2 SNR 38.9 dB TAest -1
[0m[93m[PHY]    ULSCH NAK trace 915.4 rnti fbdd harq 6 round 1 rv 2 crc_valid 0 processed 0/1 abort 1 dtx 0 TBS 20 rb 4+5 sym 0+13 mcs 0 Qm 2 SNR 38.9 dB TAest -1
[0m[93m[PHY]    ULSCH NAK trace 926.4 rnti fbdd harq 4 round 0 rv 0 crc_valid 0 processed 0/1 abort 1 dtx 0 TBS 20 rb 4+5 sym 0+13 mcs 0 Qm 2 SNR 38.9 dB TAest -1
[0m[93m[PHY]    ULSCH NAK trace 927.4 rnti fbdd harq 4 round 1 rv 2 crc_valid 0 processed 0/1 abort 1 dtx 0 TBS 20 rb 4+5 sym 0+13 mcs 0 Qm 2 SNR 38.9 dB TAest -1
[0m[93m[PHY]    ULSCH NAK trace 938.4 rnti fbdd harq 1 round 0 rv 0 crc_valid 0 processed 0/1 abort 1 dtx 0 TBS 20 rb 4+5 sym 0+13 mcs 0 Qm 2 SNR 38.9 dB TAest -1
[0m[93m[PHY]    ULSCH NAK trace 939.4 rnti fbdd harq 1 round 1 rv 2 crc_valid 0 processed 0/1 abort 1 dtx 0 TBS 20 rb 4+5 sym 0+13 mcs 0 Qm 2 SNR 38.9 dB TAest -1
[0m[93m[PHY]    ULSCH NAK trace 950.4 rnti fbdd harq 12 round 0 rv 0 crc_valid 0 processed 0/1 abort 1 dtx 0 TBS 20 rb 4+5 sym 0+13 mcs 0 Qm 2 SNR 38.9 dB TAest -1
[0m[93m[PHY]    ULSCH NAK trace 951.4 rnti fbdd harq 12 round 1 rv 2 crc_valid 0 processed 0/1 abort 1 dtx 0 TBS 20 rb 4+5 sym 0+13 mcs 0 Qm 2 SNR 38.9 dB TAest -1
[0m[93m[PHY]    ULSCH NAK trace 962.4 rnti fbdd harq 9 round 0 rv 0 crc_valid 0 processed 0/1 abort 1 dtx 0 TBS 20 rb 4+5 sym 0+13 mcs 0 Qm 2 SNR 38.9 dB TAest -1
[0m[93m[PHY]    ULSCH NAK trace 963.4 rnti fbdd harq 9 round 1 rv 2 crc_valid 0 processed 0/1 abort 1 dtx 0 TBS 20 rb 4+5 sym 0+13 mcs 0 Qm 2 SNR 38.9 dB TAest -1
[0m[93m[PHY]    ULSCH NAK trace 974.4 rnti fbdd harq 5 round 0 rv 0 crc_valid 0 processed 0/1 abort 1 dtx 0 TBS 20 rb 4+5 sym 0+13 mcs 0 Qm 2 SNR 38.9 dB TAest -1
[0m[93m[PHY]    ULSCH NAK trace 975.4 rnti fbdd harq 5 round 1 rv 2 crc_valid 0 processed 0/1 abort 1 dtx 0 TBS 20 rb 4+5 sym 0+13 mcs 0 Qm 2 SNR 38.9 dB TAest -1
[0m[93m[PHY]    ULSCH NAK trace 986.4 rnti fbdd harq 7 round 0 rv 0 crc_valid 0 processed 0/1 abort 1 dtx 0 TBS 20 rb 4+5 sym 0+13 mcs 0 Qm 2 SNR 38.9 dB TAest -1
[0m[93m[PHY]    ULSCH NAK trace 987.4 rnti fbdd harq 7 round 1 rv 2 crc_valid 0 processed 0/1 abort 1 dtx 0 TBS 20 rb 4+5 sym 0+13 mcs 0 Qm 2 SNR 38.9 dB TAest -1
[0m[93m[PHY]    ULSCH NAK trace 998.4 rnti fbdd harq 13 round 0 rv 0 crc_valid 0 processed 0/1 abort 1 dtx 0 TBS 20 rb 4+5 sym 0+13 mcs 0 Qm 2 SNR 38.9 dB TAest -1
[0m[93m[PHY]    ULSCH NAK trace 999.4 rnti fbdd harq 13 round 1 rv 2 crc_valid 0 processed 0/1 abort 1 dtx 0 TBS 20 rb 4+5 sym 0+13 mcs 0 Qm 2 SNR 38.9 dB TAest -1
[0m[93m[PHY]    ULSCH NAK trace 1010.4 rnti fbdd harq 8 round 0 rv 0 crc_valid 0 processed 0/1 abort 1 dtx 0 TBS 20 rb 4+5 sym 0+13 mcs 0 Qm 2 SNR 38.9 dB TAest -1
[0m[93m[PHY]    ULSCH NAK trace 1011.4 rnti fbdd harq 8 round 1 rv 2 crc_valid 0 processed 0/1 abort 1 dtx 0 TBS 20 rb 4+5 sym 0+13 mcs 0 Qm 2 SNR 38.9 dB TAest -1
[0m[93m[PHY]    ULSCH NAK trace 1022.4 rnti fbdd harq 10 round 0 rv 0 crc_valid 0 processed 0/1 abort 1 dtx 0 TBS 20 rb 4+5 sym 0+13 mcs 0 Qm 2 SNR 38.9 dB TAest -1
[0m[93m[PHY]    ULSCH NAK trace 1023.4 rnti fbdd harq 10 round 1 rv 2 crc_valid 0 processed 0/1 abort 1 dtx 0 TBS 20 rb 4+5 sym 0+13 mcs 0 Qm 2 SNR 38.9 dB TAest -1
[0m[HW]     [o-du 0][rx  172036 pps   10752 kbps   72969][tx  509996 pps   31872 kbps  182321][Total Msgs_Rcvd 172036]
[0m[HW]     [o_du0][pusch0  147456 prach0   24576]
[0m[PHY]    prach_I0 = 0.0 dB
[0m[93m[PHY]    ULSCH NAK trace 10.4 rnti fbdd harq 11 round 0 rv 0 crc_valid 0 processed 0/1 abort 1 dtx 0 TBS 20 rb 4+5 sym 0+13 mcs 0 Qm 2 SNR 38.9 dB TAest -1
[0m[93m[PHY]    ULSCH NAK trace 11.4 rnti fbdd harq 11 round 1 rv 2 crc_valid 0 processed 0/1 abort 1 dtx 0 TBS 20 rb 4+5 sym 0+13 mcs 0 Qm 2 SNR 38.9 dB TAest -1
[0m[93m[PHY]    ULSCH NAK trace 22.4 rnti fbdd harq 2 round 0 rv 0 crc_valid 0 processed 0/1 abort 1 dtx 0 TBS 20 rb 4+5 sym 0+13 mcs 0 Qm 2 SNR 38.9 dB TAest -1
[0m[93m[PHY]    ULSCH NAK trace 23.4 rnti fbdd harq 2 round 1 rv 2 crc_valid 0 processed 0/1 abort 1 dtx 0 TBS 20 rb 4+5 sym 0+13 mcs 0 Qm 2 SNR 38.9 dB TAest -1
[0m[93m[PHY]    ULSCH NAK trace 34.4 rnti fbdd harq 14 round 0 rv 0 crc_valid 0 processed 0/1 abort 1 dtx 0 TBS 20 rb 4+5 sym 0+13 mcs 0 Qm 2 SNR 38.9 dB TAest -1
[0m[93m[PHY]    ULSCH NAK trace 35.4 rnti fbdd harq 14 round 1 rv 2 crc_valid 0 processed 0/1 abort 1 dtx 0 TBS 20 rb 4+5 sym 0+13 mcs 0 Qm 2 SNR 38.9 dB TAest -1
[0m[93m[PHY]    ULSCH NAK trace 46.4 rnti fbdd harq 15 round 0 rv 0 crc_valid 0 processed 0/1 abort 1 dtx 0 TBS 20 rb 4+5 sym 0+13 mcs 0 Qm 2 SNR 38.9 dB TAest -1
[0m[HW]     [o-du 0][rx  182788 pps   10752 kbps   72945][tx  541868 pps   31872 kbps  182321][Total Msgs_Rcvd 182788]
[0m[HW]     [o_du0][pusch0  156672 prach0   26112]
[0m[HW]     [o-du 0][rx  193540 pps   10752 kbps   72960][tx  573740 pps   31872 kbps  182321][Total Msgs_Rcvd 193540]
[0m[HW]     [o_du0][pusch0  165888 prach0   27648]
[0m[HW]     [o-du 0][rx  204292 pps   10752 kbps   72960][tx  605612 pps   31872 kbps  182321][Total Msgs_Rcvd 204292]
[0m[HW]     [o_du0][pusch0  175104 prach0   29184]
[0m[HW]     [o-du 0][rx  215044 pps   10752 kbps   72960][tx  637484 pps   31872 kbps  182321][Total Msgs_Rcvd 215044]
[0m[HW]     [o_du0][pusch0  184320 prach0   30720]
[0m[HW]     [o-du 0][rx  225796 pps   10752 kbps   72974][tx  669356 pps   31872 kbps  182321][Total Msgs_Rcvd 225796]
[0m[HW]     [o_du0][pusch0  193536 prach0   32256]
[0m[HW]     [o-du 0][rx  236548 pps   10752 kbps   72950][tx  701228 pps   31872 kbps  182321][Total Msgs_Rcvd 236548]
[0m[HW]     [o_du0][pusch0  202752 prach0   33792]
[0m[HW]     [o-du 0][rx  247300 pps   10752 kbps   72960][tx  733100 pps   31872 kbps  182321][Total Msgs_Rcvd 247300]
[0m[HW]     [o_du0][pusch0  211968 prach0   35328]
[0m[HW]     [o-du 0][rx  258052 pps   10752 kbps   72969][tx  764972 pps   31872 kbps  182321][Total Msgs_Rcvd 258052]
[0m[HW]     [o_du0][pusch0  221184 prach0   36864]
[0m[PHY]    prach_I0 = 0.0 dB
[0m[HW]     [o-du 0][rx  268804 pps   10752 kbps   72955][tx  796844 pps   31872 kbps  182321][Total Msgs_Rcvd 268804]
[0m[HW]     [o_du0][pusch0  230400 prach0   38400]
[0m[HW]     [o-du 0][rx  279556 pps   10752 kbps   72974][tx  828716 pps   31872 kbps  182321][Total Msgs_Rcvd 279556]
[0m[HW]     [o_du0][pusch0  239616 prach0   39936]
[0m[HW]     [o-du 0][rx  290309 pps   10753 kbps   72962][tx  860588 pps   31872 kbps  182321][Total Msgs_Rcvd 290309]
[0m[HW]     [o_du0][pusch0  248832 prach0   41472]
[0m[HW]     [o-du 0][rx  301061 pps   10752 kbps   72964][tx  892460 pps   31872 kbps  182321][Total Msgs_Rcvd 301061]
[0m[HW]     [o_du0][pusch0  258048 prach0   43008]
[0m[HW]     [o-du 0][rx  311813 pps   10752 kbps   72955][tx  924332 pps   31872 kbps  182321][Total Msgs_Rcvd 311813]
[0m[HW]     [o_du0][pusch0  267264 prach0   44544]
[0m[HW]     [o-du 0][rx  322565 pps   10752 kbps   72960][tx  956204 pps   31872 kbps  182321][Total Msgs_Rcvd 322565]
[0m[HW]     [o_du0][pusch0  276480 prach0   46080]
[0m[HW]     [o-du 0][rx  333317 pps   10752 kbps   72945][tx  988076 pps   31872 kbps  182321][Total Msgs_Rcvd 333317]
[0m[HW]     [o_du0][pusch0  285696 prach0   47616]
[0m[HW]     [o-du 0][rx  344069 pps   10752 kbps   72964][tx 1019948 pps   31872 kbps  182321][Total Msgs_Rcvd 344069]
[0m[HW]     [o_du0][pusch0  294912 prach0   49152]
[0m[PHY]    prach_I0 = 0.0 dB
[0m[HW]     [o-du 0][rx  354821 pps   10752 kbps   72969][tx 1051820 pps   31872 kbps  182321][Total Msgs_Rcvd 354821]
[0m[HW]     [o_du0][pusch0  304128 prach0   50688]
[0m[HW]     [o-du 0][rx  365573 pps   10752 kbps   72950][tx 1083692 pps   31872 kbps  182321][Total Msgs_Rcvd 365573]
[0m[HW]     [o_du0][pusch0  313344 prach0   52224]
[0m[HW]     [o-du 0][rx  376325 pps   10752 kbps   72960][tx 1115564 pps   31872 kbps  182321][Total Msgs_Rcvd 376325]
[0m[HW]     [o_du0][pusch0  322560 prach0   53760]
[0m[HW]     [o-du 0][rx  387077 pps   10752 kbps   72960][tx 1147436 pps   31872 kbps  182321][Total Msgs_Rcvd 387077]
[0m[HW]     [o_du0][pusch0  331776 prach0   55296]
[0m[HW]     [o-du 0][rx  397829 pps   10752 kbps   72960][tx 1179308 pps   31872 kbps  182321][Total Msgs_Rcvd 397829]
[0m[HW]     [o_du0][pusch0  340992 prach0   56832]
[0m[HW]     [o-du 0][rx  408581 pps   10752 kbps   72960][tx 1211180 pps   31872 kbps  182321][Total Msgs_Rcvd 408581]
[0m[HW]     [o_du0][pusch0  350208 prach0   58368]
[0m[HW]     [o-du 0][rx  419333 pps   10752 kbps   72964][tx 1243052 pps   31872 kbps  182321][Total Msgs_Rcvd 419333]
[0m[HW]     [o_du0][pusch0  359424 prach0   59904]
[0m[HW]     [o-du 0][rx  430085 pps   10752 kbps   72960][tx 1274924 pps   31872 kbps  182321][Total Msgs_Rcvd 430085]
[0m[HW]     [o_du0][pusch0  368640 prach0   61440]
[0m[PHY]    prach_I0 = 0.0 dB
[0m[HW]     [o-du 0][rx  440837 pps   10752 kbps   72960][tx 1306796 pps   31872 kbps  182321][Total Msgs_Rcvd 440837]
[0m[HW]     [o_du0][pusch0  377856 prach0   62976]
[0m[HW]     [o-du 0][rx  451589 pps   10752 kbps   72969][tx 1338668 pps   31872 kbps  182321][Total Msgs_Rcvd 451589]
[0m[HW]     [o_du0][pusch0  387072 prach0   64512]
[0m
** Caught SIGTERM, shutting down
[PHY]    Killing gNB 0 processing threads
[0m[PHY]    Stopping RU 0 processing threads
[0m[93m[PHY]    No stop_rf() for RU 0 defined, cannot stop RF!
[0m[HW]     xran_get_time_stats(): total thread time 209512949414, total time essential tasks 135001172514, num cores used 3
[0mO-DU: thread_run start time: 05/26/26 02:55:14.000000003 UTC [500]
Returned from ITTI signal handler
ORAN: trx_oran_get_stats
ORAN: trx_oran_stop
fh_rx_bbdev-17 worker thread finished on core 17 [worker id 0]
Closing timing source thread...
Bye.
