Logging terminal output to /home/jesse/oran_lab/logs/run_du/run_du_20260527_132049_pid4110211.log
DU cores: 4,5,6,7,8,9,17,18
DU numerology: 1
AnonHugePages:   6725632 kB
ShmemHugePages:        0 kB
FileHugePages:   3432448 kB
HugePages_Total:    8192
HugePages_Free:     4096
HugePages_Rsvd:        0
HugePages_Surp:        0
Hugepagesize:       2048 kB
Hugetlb:        16777216 kB
CMDLINE: "./nr-softmodem" "-O" "/home/jesse/oran_lab/du_test.conf" "--gNBs.[0].min_rxtxtime" "6" "--thread-pool" "4,5,6,7" "--numerology" "1" 
[HW]     Version: Branch: compression-plus-timing-fix Abrev. Hash: 3b10464162 Date: Tue May 26 09:32:18 2026 -0700
[0m[PHY]    No prs_config configuration found..!!
[0m[PHY]    DL frequency 4049760000 Hz, UL frequency 4049760000 Hz: uldl offset 0 Hz
[0m[PHY]    Initializing frame parms for mu 1, N_RB 24, Ncp 0
[0m[PHY]    Init: N_RB_DL 24, first_carrier_offset 368, nb_prefix_samples 36,nb_prefix_samples0 44, ofdm_symbol_size 512
[0m[MAC]    received F1 Setup Response from CU (null)
[0m[MAC]    CU uses RRC version 17.3.0
[0m[MAC]    Clearing the DU's UE states before, if any.
[0m[MAC]    received gNB-DU configuration update acknowledge
[0m[PHY]    number of L1 instances 1, number of RU 1, number of CPU cores 32
[0m[PHY]    Initialized RU proc 0 (NGFI_RAU_IF4p5,synch_to_ext_device),
[0m[PHY]    Starting RU 0 (NGFI_RAU_IF4p5,synch_to_ext_device) on cpu 4
[0m[PHY]    Initializing frame parms for mu 1, N_RB 24, Ncp 0
[0m[PHY]    Init: N_RB_DL 24, first_carrier_offset 368, nb_prefix_samples 36,nb_prefix_samples0 44, ofdm_symbol_size 512
[0m[PHY]    fp->scs=30000
[0m[PHY]    fp->ofdm_symbol_size=512
[0m[PHY]    fp->nb_prefix_samples0=44
[0m[PHY]    fp->nb_prefix_samples=36
[0m[PHY]    fp->slots_per_subframe=2
[0m[PHY]    fp->samples_per_subframe_wCP=14336
[0m[PHY]    fp->samples_per_frame_wCP=143360
[0m[PHY]    fp->samples_per_subframe=15360
[0m[PHY]    fp->samples_per_frame=153600
[0m[PHY]    fp->dl_CarrierFreq=4049760000
[0m[PHY]    fp->ul_CarrierFreq=4049760000
[0m[PHY]    fp->Nid_cell=0
[0m[PHY]    fp->first_carrier_offset=368
[0m[PHY]    fp->ssb_start_subcarrier=0
[0m[PHY]    fp->Ncp=0
[0m[PHY]    fp->N_RB_DL=24
[0m[PHY]    fp->numerology_index=1
[0m[PHY]    fp->ofdm_offset_divisor=8
[0m[PHY]    fp->threequarter_fs=0
[0m[PHY]    fp->sl_CarrierFreq=0
[0m[PHY]    fp->N_RB_SL=0
[0m[PHY]    Setting RF config for N_RB 24, NB_RX 1, NB_TX 1
[0m[PHY]    tune_offset 0 Hz, sample_rate 15360000 Hz
[0m[PHY]    Channel 0: setting tx_gain offset 0, tx_freq 4049760000 Hz
[0m[PHY]    Channel 0: setting rx_gain offset 0, rx_freq 4049760000 Hz
[0m[PHY]    starting transport
[0m[32m[PHY]    Initializing XRAN layer as O-DU
[0m[HW]     Initializing O-RAN 7.2 FH interface through xran library (compiled against headers of oran_f_release_v1.8)
[0mEAL: Detected 32 lcore(s)
EAL: Detected 1 NUMA nodes
EAL: Auto-detected process type: PRIMARY
EAL: Detected shared linkage of DPDK
EAL: Multi-process socket /var/run/dpdk/wls_0/mp_socket
EAL: Selected IOVA mode 'PA'
EAL: No available hugepages reported in hugepages-1048576kB
EAL: Probing VFIO support...
EAL: VFIO support initialized
EAL: Probe PCI driver: net_i40e_vf (8086:154c) device: 0000:06:02.2 (socket 0)
[CONFIG] function config_libconfig_init returned 0
xran_fh_init:
  io_cfg:
    id 0 (O-DU)
    num_vfs 2
    num_rxq 1
    dpdk_dev [0000:06:02.2, 0000:06:02.3, (null), (null), (null), (null), (null), (null), (null), (null), (null), (null), (null), (null), (null), (null)]
    bbdev_dev (null)
    bbdev_mode -1
    dpdkIoVaMode 0
    dpdkMemorySize 8192
    core 9
    system_core 8
    pkt_proc_core 0000000000060000
    pkt_proc_core_64_127 0000000000000000
    pkt_aux_core 0
    timing_core 9
    port (filled within xran library)
    io_sleep 0
    nEthLinePerPort 1
    nEthLineSpeed 10
    one_vf_cu_plane 0
    eowd_cmn[0]:
      initiator_en 0
      numberOfSamples 0
      filterType 0
      responseTo 0
      measVf 0
      measState 0
      measId 0
      measMethod 0
      owdm_enable 0
      owdm_PlLength 0
eowd_port (filled within xran library)
    bbu_offload 0
  eAxCId_conf:
    mask_cuPortId 0xf000
    mask_bandSectorId 0x0f00
    mask_ccId 0x00f0
    mask_ruPortId 0x000f
    bit_cuPortId 0
    bit_bandSectorId 0
    bit_ccId 0
    bit_ruPortId 0
  xran_ports 1
  dpdkBasebandFecMode 0
  dpdkBasebandDevice (null)
  filePrefix wls_0
  mtu 9600
  p_o_du_addr (null)
  p_o_ru_addr [00:11:22:33:64:66, 00:11:22:33:64:67]
  totalBfWeights 0
  mlogxranenable 0
  dlCpProcBurst 0
'DPDK 20.11.9'
 xran_init: MTU 9600
PF Eth line speed 10G
PF Eth lines per O-xU port 1
RX HW queues per O-xU Eth line 1 
node 0
total cores 32 c_mask 0x00000000000060300 core 9 [id] system_core 8 [id] pkt_proc_core 0x00000000000060000 [mask] pkt_aux_core 0 [id] timing_core 9 [id]
xran_ethdi_init_dpdk_io: Calling rte_eal_init:wls_0 -c 0x00000000000060300 -n2 --iova-mode=pa --socket-mem=8192,0 --socket-limit=8192,0 --proc-type=auto --no-telemetry --file-prefix wls_0 -a0000:00:00.0    
xran_init_mbuf_pool: socket 0
initializing port 0 for TX, drv=net_i40e_vf
Port 0 MAC: 00 11 22 33 64 68
Port 0: nb_rxd 4096 nb_txd 4096
[0] mp_rx__p_0_q_0 num blocks 65535
[0] mempool_small__0

Checking link status portid [0]  EAL: Probe PCI driver: net_i40e_vf (8086:154c) device: 0000:06:02.3 (socket 0)
skipped by XRAN_SKIP_LINK_CHECK
initializing port 1 for TX, drv=net_i40e_vf
Port 1 MAC: 00 11 22 33 64 69
Port 1: nb_rxd 4096 nb_txd 4096
[1] mp_rx__p_1_q_0 num blocks 65535
[1] mempool_small__1
Created ring tx_ring_cp_1 on core 9
Created ring rx_ring_cp_1_0 on core 9

Checking link status portid [1]  [93m[HW]     XRAN modifed affinity. Correcting affinity of caller
[0mskipped by XRAN_SKIP_LINK_CHECK
[ 0] vf  0 local  SRC MAC: 00 11 22 33 64 68
[ 0] vf  0 remote DST MAC: 00 11 22 33 64 66
[ 0] vf  1 local  SRC MAC: 00 11 22 33 64 69
[ 0] vf  1 remote DST MAC: 00 11 22 33 64 67
created dl_gen_ring_up_0 on core 9
xran_fh_config:
  dpdk_port 0
  sector_id 0
  nCC 1
  neAxc 1
  neAxcUl 0
  nAntElmTRx 0
  nDLFftSize 9
  nULFftSize 9
  nDLRBs 24
  nULRBs 24
  nDLAbsFrePointA 0
  nULAbsFrePointA 0
  nDLCenterFreqARFCN 0
  nULCenterFreqARFCN 0
  ttiCb (nil)
  ttiCbParam (nil)
  Tadv_cp_dl 0
  T2a_min_cp_dl 0
  T2a_max_cp_dl 0
  T2a_min_cp_ul 0
  T2a_max_cp_ul 0
  T2a_min_up 0
  T2a_max_up 0
  Ta3_min 0
  Ta3_max 0
  T1a_min_cp_dl 285
  T1a_max_cp_dl 470
  T1a_min_cp_ul 285
  T1a_max_cp_ul 535
  T1a_min_up 300
  T1a_max_up 450
  Ta4_min 400
  Ta4_max 440
  enableCP 1
  prachEnable 1
  srsEnable 0
  puschMaskEnable 0
  puschMaskSlot 0
  cp_vlan_tag 0
  up_vlan_tag 0
  debugStop 0
  debugStopCount 0
  DynamicSectionEna 0
  GPS_Alpha 0
  GPS_Beta -9000
  srsEnableCp 0
  SrsDelaySym 0
  prach_config:
    nPrachConfIdx 159
    nPrachSubcSpacing 1
    nPrachZeroCorrConf 0
    nPrachRestrictSet 0
    nPrachRootSeqIdx 0
    nPrachFreqStart 0
    nPrachFreqOffset -288
    nPrachFilterIdx 0
    startSymId 0
    lastSymId 0
    startPrbc 0
    numPrbc 0
    timeOffset 0
    freqOffset 0
    eAxC_offset 1
    nPrachConfIdxLTE 0
  srs_config:
    symbMask 0000
    eAxC_offset 0
  frame_conf:
    nFrameDuplexType TDD
    nNumerology 1
    nTddPeriod 5
    sSlotConfig[0]: DDDDDDDDDDDDDD
    sSlotConfig[1]: DDDDDDDDDDDDDD
    sSlotConfig[2]: DDDDDDDDDDDDDD
    sSlotConfig[3]: DDDDDDGGGGUUUU
    sSlotConfig[4]: UUUUUUUUUUUUUU
  ru_config:
    xranTech NR
    xranCat A
    xranCompHdrType dynamic
    iqWidth 9
    compMeth 1
    iqWidth_PRACH 9
    compMeth_PRACH 1
    fftSize 8
    byteOrder network/BE
    iqOrder I_Q
    xran_max_frame 0
  bbdev_enc (nil)
  bbdev_dec (nil)
  tx_cp_eAxC2Vf 0x7500517de4b0
  tx_up_eAxC2Vf 0x7500517df0b0
  rx_cp_eAxC2Vf 0x7500517dfcb0
  rx_up_eAxC2Vf 0x7500517e08b0
  log_level 1
  max_sections_per_slot 0
  max_sections_per_symbol 0
  RunSlotPrbMapBySymbolEnable 0
  LiteOnIgnoreUPSectionIdEnable 0
  dssEnable 0
  dssPeriod 0
  technology[XRAN_MAX_DSS_PERIODICITY] (not filled as DSS disabled)
 xran_open: 5G NR Category A
xRAN open PRACH config: Numerology 1 ConfIdx 159, preambleFmrt 10 startsymb 0, numSymbol 12, occassionsInPrachSlot 1
PRACH: x 1 y[0] 0, y[1] 0 prach slot: 9 ..
PRACH start symbol 0 lastsymbol 11
xran_init_vfs_mapping: p 0 vf 0
xran_init_vfs_mapping: p 0 vf 1
xran_open: interval_us=500, interval_us_local=500
bbu_offload 0
XRAN_UP_VF: 0x0000
xran_timing_source_thread [CPU  9] [PID: 4110235]
TTI interval 500 [us]
delay_cp_dl_max=30, sym_cp_dl_max=1, max_dl_offset_sym=13
delay_cp_dl_min=215, sym_cp_dl_min=5, min_dl_offset_sym=9
delay_cp_ul=465,     sym_cp_ul=0,     ul_offset_sym=14
offset_num_slots_cp_dl=0, offset_num_slots_cp_ul=1, offset_num_slots_up_ul=0
C-plane DL from 30 us after TTI  [trigger on sym 1] to 215 us after TTI [trigger on sym 5]
Start C-plane UL 465 us after TTI  [trigger on sym 0]
Start U-plane DL 450 us before OTA [offset  in sym -12]
Start U-plane UL 440 us OTA        [offset  in sym 13]
C-plane to U-plane delay 20 us after TTI
Start Sym timer 107142 ns
O-XU      0
HW        0
Num cores 3
Num ports 1
O-RU Cat  0
O-RU CC   1
O-RU eAxC 1
p:0 XRAN_JOB_TYPE_CP_DL worker id 1
p:0 XRAN_JOB_TYPE_CP_UL worker id 1
created sym cp dl cb for symbol 1
created sym cp dl cb for symbol 2
created sym cp dl cb for symbol 3
created sym cp dl cb for symbol 4
created sym cp dl cb for symbol 5
p:0 XRAN_JOB_TYPE_CP_DL worker id 0
p:0 XRAN_JOB_TYPE_CP_UL worker id 0
xran_generic_worker_thread [CPU 17] [PID: 4110235]
spawn worker 0 core 17
xran_generic_worker_thread [CPU 18] [PID: 4110235]
spawn worker 1 core 18
xran_open [CPU  7] [PID: 4110235]
Waiting on Timing thread...
Initialize ORAN port instance 0 (1) sector 0
xran_sector_get_instances() o_xu_id 0 xran_handle 0x750010f95040
xran_sector_get_instances [0]: CC 0 handle 0x75003416c740
Handle: 0x7500583ad468 Instance: 0x[HW]     [RAU] has loaded ETHERNET trasport protocol.
[0m[PHY]    Starting IF interface for RU 0, nb_rx 1
[0m[PHY]    RU 0 Setting N_TA_offset to 200 samples (UL Freq 4045440, N_RB 24, mu 1)
[0m[PHY]    Signaling main thread that RU 0 is ready, sl_ahead 10
[0m[PHY]    L1 configured without analog beamforming
[0m[PHY]    Attaching RU 0 antenna 0 to gNB antenna 0
[0m[PHY]    got sync (ru_thread)
[0m[PHY]    got sync (L1_stats_thread)
[0m75003416c740
-> hInstance 0x75003416c740
ru_0_cc_0_idx_0: [ handle 0x75003416c740 0 0 ] [nPoolIndex 0] nNumberOfBuffers 511 nBufferSize 14116 socket_id 0
CC:[ handle 0x75003416c740 ru 0 cc_idx 0 ] [nPoolIndex 0] mb pool 0x284784540 
xran_bm_init() hInstance 0x75003416c740 poolIdx 0 elements 511 size 14116
xran_bm_allocate_buffer() hInstance 0x75003416c740 poolIdx 0 count 280
ru_0_cc_0_idx_1: [ handle 0x75003416c740 0 0 ] [nPoolIndex 1] nNumberOfBuffers 511 nBufferSize 4976 socket_id 0
CC:[ handle 0x75003416c740 ru 0 cc_idx 0 ] [nPoolIndex 1] mb pool 0x284786dc0 
xran_bm_init() hInstance 0x75003416c740 poolIdx 1 elements 511 size 4976
xran_bm_allocate_buffer() hInstance 0x75003416c740 poolIdx 1 count 20
ru_0_cc_0_idx_2: [ handle 0x75003416c740 0 0 ] [nPoolIndex 2] nNumberOfBuffers 511 nBufferSize 13168 socket_id 0
CC:[ handle 0x75003416c740 ru 0 cc_idx 0 ] [nPoolIndex 2] mb pool 0x284786940 
xran_bm_init() hInstance 0x75003416c740 poolIdx 2 elements 511 size 13168
xran_bm_allocate_buffer() hInstance 0x75003416c740 poolIdx 2 count 280
ru_0_cc_0_idx_3: [ handle 0x75003416c740 0 0 ] [nPoolIndex 3] nNumberOfBuffers 511 nBufferSize 4976 socket_id 0
CC:[ handle 0x75003416c740 ru 0 cc_idx 0 ] [nPoolIndex 3] mb pool 0x284786340 
xran_bm_init() hInstance 0x75003416c740 poolIdx 3 elements 511 size 4976
xran_bm_allocate_buffer() hInstance 0x75003416c740 poolIdx 3 count 20
ru_0_cc_0_idx_4: [ handle 0x75003416c740 0 0 ] [nPoolIndex 4] nNumberOfBuffers 511 nBufferSize 3360 socket_id 0
CC:[ handle 0x75003416c740 ru 0 cc_idx 0 ] [nPoolIndex 4] mb pool 0x284788d00 
xran_bm_init() hInstance 0x75003416c740 poolIdx 4 elements 511 size 3360
xran_bm_allocate_buffer() hInstance 0x75003416c740 poolIdx 4 count 280
ORAN: get_internal_parameter
ORAN: get_internal_parameter
ORAN: trx_oran_start
O-DU: XRAN start time: 05/27/26 20:20:53.155404575 UTC [500]
Start ORAN. Done
TYPE <CTRL-C> TO TERMINATE
[PHY]    RU 0 no rf device
[0m[PHY]    RU 0 RF started cpu_meas_enabled 0
[0m[HW]     [PUSCH BFP] ENTER: frame=0, slot=9, sym=9, ant=0, startRB=0, numRB=24, iqWidth=9, payload_len=672
[0m[HW]     [PUSCH BFP] Decompression returned, rsp.len=1152
[0m[HW]     [PUSCH BFP] ENTER: frame=0, slot=9, sym=10, ant=0, startRB=0, numRB=24, iqWidth=9, payload_len=672
[0m[HW]     [PUSCH BFP] Decompression returned, rsp.len=1152
[0m[HW]     [PUSCH BFP] ENTER: frame=0, slot=9, sym=11, ant=0, startRB=0, numRB=24, iqWidth=9, payload_len=672
[0m[HW]     [PUSCH BFP] Decompression returned, rsp.len=1152
[0m[HW]     [PUSCH BFP] ENTER: frame=0, slot=9, sym=12, ant=0, startRB=0, numRB=24, iqWidth=9, payload_len=672
[0m[HW]     [PUSCH BFP] Decompression returned, rsp.len=1152
[0m[HW]     [PUSCH BFP] ENTER: frame=0, slot=9, sym=13, ant=0, startRB=0, numRB=24, iqWidth=9, payload_len=672
[0m[HW]     [PUSCH BFP] Decompression returned, rsp.len=1152
[0m[93m[HW]     we get rach data from ru, but it is not scheduled 0.19
[0m[32m[PHY]    Command line parameters for OAI UE: -C 4049760000 -r 24 --numerology 1 --ssb 24 
[0m[HW]     [o-du 0][rx   10752 pps   10752 kbps   22396][tx   31916 pps   31916 kbps   56696][Total Msgs_Rcvd 10752]
[0m[HW]     [FH LOAD][o-du 0] rx=22.396 Mbps tx=56.696 Mbps total=79.092 Mbps rx_pps=10752 tx_pps=31916 total_pps=42668
[0m[HW]     [o_du0][pusch0    9216 prach0    1536]
[0m[HW]     [o-du 0][rx   21504 pps   10752 kbps   43117][tx   63788 pps   31872 kbps  108900][Total Msgs_Rcvd 21504]
[0m[HW]     [FH LOAD][o-du 0] rx=43.117 Mbps tx=108.900 Mbps total=152.017 Mbps rx_pps=10752 tx_pps=31872 total_pps=42624
[0m[HW]     [o_du0][pusch0   18432 prach0    3072]
[0m[HW]     [o-du 0][rx   32256 pps   10752 kbps   43120][tx   95660 pps   31872 kbps  108900][Total Msgs_Rcvd 32256]
[0m[HW]     [FH LOAD][o-du 0] rx=43.120 Mbps tx=108.900 Mbps total=152.020 Mbps rx_pps=10752 tx_pps=31872 total_pps=42624
[0m[HW]     [o_du0][pusch0   27648 prach0    4608]
[0m[HW]     [o-du 0][rx   43008 pps   10752 kbps   43117][tx  127532 pps   31872 kbps  108900][Total Msgs_Rcvd 43008]
[0m[HW]     [FH LOAD][o-du 0] rx=43.117 Mbps tx=108.900 Mbps total=152.017 Mbps rx_pps=10752 tx_pps=31872 total_pps=42624
[0m[HW]     [o_du0][pusch0   36864 prach0    6144]
[0m[HW]     [o-du 0][rx   53760 pps   10752 kbps   43128][tx  159404 pps   31872 kbps  108900][Total Msgs_Rcvd 53760]
[0m[HW]     [FH LOAD][o-du 0] rx=43.128 Mbps tx=108.900 Mbps total=152.028 Mbps rx_pps=10752 tx_pps=31872 total_pps=42624
[0m[HW]     [o_du0][pusch0   46080 prach0    7680]
[0m[HW]     [o-du 0][rx   64512 pps   10752 kbps   43123][tx  191276 pps   31872 kbps  108900][Total Msgs_Rcvd 64512]
[0m[HW]     [FH LOAD][o-du 0] rx=43.123 Mbps tx=108.900 Mbps total=152.023 Mbps rx_pps=10752 tx_pps=31872 total_pps=42624
[0m[HW]     [o_du0][pusch0   55296 prach0    9216]
[0m[93m[PHY]    ULSCH NAK trace 875.18 rnti d7bf harq 0 round 0 rv 0 crc_valid 0 processed 0/1 abort 1 dtx 0 TBS 7 rb 0+8 sym 10+3 mcs 1 Qm 2 SNR 63.8 dB TAest 0
[0m[93m[PHY]    ULSCH NAK trace 876.18 rnti d7bf harq 0 round 1 rv 2 crc_valid 0 processed 0/1 abort 1 dtx 0 TBS 7 rb 0+8 sym 10+3 mcs 1 Qm 2 SNR 63.3 dB TAest 0
[0m[93m[PHY]    ULSCH NAK trace 877.18 rnti d7bf harq 0 round 2 rv 3 crc_valid 0 processed 0/1 abort 1 dtx 0 TBS 7 rb 0+8 sym 10+3 mcs 1 Qm 2 SNR 63.1 dB TAest 0
[0m[93m[PHY]    ULSCH NAK trace 878.18 rnti d7bf harq 0 round 3 rv 1 crc_valid 0 processed 0/1 abort 1 dtx 0 TBS 7 rb 0+8 sym 10+3 mcs 1 Qm 2 SNR 63.7 dB TAest 0
[0m[93m[NR_MAC] UE d7bf RA failed at state WAIT_Msg3 (Reached msg3 max harq rounds)
[0m[93m[PHY]    ULSCH NAK trace 886.18 rnti d6b6 harq 0 round 0 rv 0 crc_valid 0 processed 0/1 abort 1 dtx 0 TBS 7 rb 0+8 sym 10+3 mcs 1 Qm 2 SNR 63.8 dB TAest 0
[0m[93m[PHY]    ULSCH NAK trace 887.18 rnti d6b6 harq 0 round 1 rv 2 crc_valid 0 processed 0/1 abort 1 dtx 0 TBS 7 rb 0+8 sym 10+3 mcs 1 Qm 2 SNR 63.7 dB TAest 0
[0m[93m[PHY]    ULSCH NAK trace 888.18 rnti d6b6 harq 0 round 2 rv 3 crc_valid 0 processed 0/1 abort 1 dtx 0 TBS 7 rb 0+8 sym 10+3 mcs 1 Qm 2 SNR 63.1 dB TAest 0
[0m[93m[PHY]    ULSCH NAK trace 889.18 rnti d6b6 harq 0 round 3 rv 1 crc_valid 0 processed 0/1 abort 1 dtx 0 TBS 7 rb 0+8 sym 10+3 mcs 1 Qm 2 SNR 63.2 dB TAest 0
[0m[93m[NR_MAC] UE d6b6 RA failed at state WAIT_Msg3 (Reached msg3 max harq rounds)
[0m[HW]     [o-du 0][rx   75264 pps   10752 kbps   43117][tx  223148 pps   31872 kbps  108900][Total Msgs_Rcvd 75264]
[0m[HW]     [FH LOAD][o-du 0] rx=43.117 Mbps tx=108.900 Mbps total=152.017 Mbps rx_pps=10752 tx_pps=31872 total_pps=42624
[0m[HW]     [o_du0][pusch0   64512 prach0   10752]
[0m[93m[PHY]    ULSCH NAK trace 897.18 rnti 043a harq 0 round 0 rv 0 crc_valid 0 processed 0/1 abort 1 dtx 0 TBS 7 rb 0+8 sym 10+3 mcs 1 Qm 2 SNR 63.4 dB TAest 0
[0m[93m[PHY]    ULSCH NAK trace 898.18 rnti 043a harq 0 round 1 rv 2 crc_valid 0 processed 0/1 abort 1 dtx 0 TBS 7 rb 0+8 sym 10+3 mcs 1 Qm 2 SNR 63.8 dB TAest 0
[0m[93m[PHY]    ULSCH NAK trace 899.18 rnti 043a harq 0 round 2 rv 3 crc_valid 0 processed 0/1 abort 1 dtx 0 TBS 7 rb 0+8 sym 10+3 mcs 1 Qm 2 SNR 63.4 dB TAest 0
[0m[93m[PHY]    ULSCH NAK trace 900.18 rnti 043a harq 0 round 3 rv 1 crc_valid 0 processed 0/1 abort 1 dtx 0 TBS 7 rb 0+8 sym 10+3 mcs 1 Qm 2 SNR 63.1 dB TAest 0
[0m[93m[NR_MAC] UE 043a RA failed at state WAIT_Msg3 (Reached msg3 max harq rounds)
[0m[93m[PHY]    ULSCH NAK trace 908.18 rnti ad12 harq 0 round 0 rv 0 crc_valid 0 processed 0/1 abort 1 dtx 0 TBS 7 rb 0+8 sym 10+3 mcs 1 Qm 2 SNR 63.2 dB TAest 0
[0m[93m[PHY]    ULSCH NAK trace 909.18 rnti ad12 harq 0 round 1 rv 2 crc_valid 0 processed 0/1 abort 1 dtx 0 TBS 7 rb 0+8 sym 10+3 mcs 1 Qm 2 SNR 63.7 dB TAest 0
[0m[93m[PHY]    ULSCH NAK trace 910.18 rnti ad12 harq 0 round 2 rv 3 crc_valid 0 processed 0/1 abort 1 dtx 0 TBS 7 rb 0+8 sym 10+3 mcs 1 Qm 2 SNR 63.7 dB TAest 0
[0m[93m[PHY]    ULSCH NAK trace 911.18 rnti ad12 harq 0 round 3 rv 1 crc_valid 0 processed 0/1 abort 1 dtx 0 TBS 7 rb 0+8 sym 10+3 mcs 1 Qm 2 SNR 63.1 dB TAest 0
[0m[93m[NR_MAC] UE ad12 RA failed at state WAIT_Msg3 (Reached msg3 max harq rounds)
[0m[93m[PHY]    ULSCH NAK trace 919.18 rnti a671 harq 0 round 0 rv 0 crc_valid 0 processed 0/1 abort 1 dtx 0 TBS 7 rb 0+8 sym 10+3 mcs 1 Qm 2 SNR 63.1 dB TAest 0
[0m[93m[PHY]    ULSCH NAK trace 920.18 rnti a671 harq 0 round 1 rv 2 crc_valid 0 processed 0/1 abort 1 dtx 0 TBS 7 rb 0+8 sym 10+3 mcs 1 Qm 2 SNR 63.4 dB TAest 0
[0m[93m[PHY]    ULSCH NAK trace 921.18 rnti a671 harq 0 round 2 rv 3 crc_valid 0 processed 0/1 abort 1 dtx 0 TBS 7 rb 0+8 sym 10+3 mcs 1 Qm 2 SNR 63.8 dB TAest 0
[0m[93m[PHY]    ULSCH NAK trace 922.18 rnti a671 harq 0 round 3 rv 1 crc_valid 0 processed 0/1 abort 1 dtx 0 TBS 7 rb 0+8 sym 10+3 mcs 1 Qm 2 SNR 63.4 dB TAest 0
[0m[93m[NR_MAC] UE a671 RA failed at state WAIT_Msg3 (Reached msg3 max harq rounds)
[0m[93m[PHY]    ULSCH NAK trace 930.18 rnti 9c7e harq 0 round 0 rv 0 crc_valid 0 processed 0/1 abort 1 dtx 0 TBS 7 rb 0+8 sym 10+3 mcs 1 Qm 2 SNR 63.2 dB TAest 0
[0m[93m[PHY]    ULSCH NAK trace 931.18 rnti 9c7e harq 0 round 1 rv 2 crc_valid 0 processed 0/1 abort 1 dtx 0 TBS 7 rb 0+8 sym 10+3 mcs 1 Qm 2 SNR 63.2 dB TAest 0
[0m[93m[PHY]    ULSCH NAK trace 932.18 rnti 9c7e harq 0 round 2 rv 3 crc_valid 0 processed 0/1 abort 1 dtx 0 TBS 7 rb 0+8 sym 10+3 mcs 1 Qm 2 SNR 63.7 dB TAest 0
[0m[93m[PHY]    ULSCH NAK trace 933.18 rnti 9c7e harq 0 round 3 rv 1 crc_valid 0 processed 0/1 abort 1 dtx 0 TBS 7 rb 0+8 sym 10+3 mcs 1 Qm 2 SNR 63.7 dB TAest 0
[0m[93m[NR_MAC] UE 9c7e RA failed at state WAIT_Msg3 (Reached msg3 max harq rounds)
[0m[93m[PHY]    ULSCH NAK trace 941.18 rnti 6b3e harq 0 round 0 rv 0 crc_valid 0 processed 0/1 abort 1 dtx 0 TBS 7 rb 0+8 sym 10+3 mcs 1 Qm 2 SNR 63.4 dB TAest 0
[0m[93m[PHY]    ULSCH NAK trace 942.18 rnti 6b3e harq 0 round 1 rv 2 crc_valid 0 processed 0/1 abort 1 dtx 0 TBS 7 rb 0+8 sym 10+3 mcs 1 Qm 2 SNR 63.1 dB TAest 0
[0m[93m[PHY]    ULSCH NAK trace 943.18 rnti 6b3e harq 0 round 2 rv 3 crc_valid 0 processed 0/1 abort 1 dtx 0 TBS 7 rb 0+8 sym 10+3 mcs 1 Qm 2 SNR 63.5 dB TAest 0
[0m[93m[PHY]    ULSCH NAK trace 944.18 rnti 6b3e harq 0 round 3 rv 1 crc_valid 0 processed 0/1 abort 1 dtx 0 TBS 7 rb 0+8 sym 10+3 mcs 1 Qm 2 SNR 63.8 dB TAest 0
[0m[93m[NR_MAC] UE 6b3e RA failed at state WAIT_Msg3 (Reached msg3 max harq rounds)
[0m[93m[PHY]    ULSCH NAK trace 952.18 rnti 8264 harq 0 round 0 rv 0 crc_valid 0 processed 0/1 abort 1 dtx 0 TBS 7 rb 0+8 sym 10+3 mcs 1 Qm 2 SNR 63.7 dB TAest 0
[0m[93m[PHY]    ULSCH NAK trace 953.18 rnti 8264 harq 0 round 1 rv 2 crc_valid 0 processed 0/1 abort 1 dtx 0 TBS 7 rb 0+8 sym 10+3 mcs 1 Qm 2 SNR 63.2 dB TAest 0
[0m[93m[PHY]    ULSCH NAK trace 954.18 rnti 8264 harq 0 round 2 rv 3 crc_valid 0 processed 0/1 abort 1 dtx 0 TBS 7 rb 0+8 sym 10+3 mcs 1 Qm 2 SNR 63.1 dB TAest 0
[0m[93m[PHY]    ULSCH NAK trace 955.18 rnti 8264 harq 0 round 3 rv 1 crc_valid 0 processed 0/1 abort 1 dtx 0 TBS 7 rb 0+8 sym 10+3 mcs 1 Qm 2 SNR 63.7 dB TAest 0
[0m[93m[NR_MAC] UE 8264 RA failed at state WAIT_Msg3 (Reached msg3 max harq rounds)
[0m[93m[NR_MAC] UE 8d68 RA failed at state WAIT_Msg3 (Reached msg3 max harq rounds)
[0m[93m[NR_MAC] UE 5773 RA failed at state WAIT_Msg3 (Reached msg3 max harq rounds)
[0m[93m[NR_MAC] UE b4a1 RA failed at state WAIT_Msg3 (Reached msg3 max harq rounds)
[0m[93m[NR_MAC] UE 5d4a RA failed at state WAIT_Msg3 (Reached msg3 max harq rounds)
[0m[93m[NR_MAC] UE 0422 RA failed at state WAIT_Msg3 (Reached msg3 max harq rounds)
[0m[93m[NR_MAC] UE a338 RA failed at state WAIT_Msg3 (Reached msg3 max harq rounds)
[0m[HW]     [o-du 0][rx   86016 pps   10752 kbps   43123][tx  255020 pps   31872 kbps  108900][Total Msgs_Rcvd 86016]
[0m[HW]     [FH LOAD][o-du 0] rx=43.123 Mbps tx=108.900 Mbps total=152.023 Mbps rx_pps=10752 tx_pps=31872 total_pps=42624
[0m[HW]     [o_du0][pusch0   73728 prach0   12288]
[0m[PHY]    prach_I0 = 2.3 dB
[0m[93m[NR_MAC] UE d7f0 RA failed at state WAIT_Msg3 (Reached msg3 max harq rounds)
[0m[93m[NR_MAC] UE d922 RA failed at state WAIT_Msg3 (Reached msg3 max harq rounds)
[0m[93m[NR_MAC] UE 72b8 RA failed at state WAIT_Msg3 (Reached msg3 max harq rounds)
[0m[93m[NR_MAC] UE a57d RA failed at state WAIT_Msg3 (Reached msg3 max harq rounds)
[0m[93m[NR_MAC] UE a7b0 RA failed at state WAIT_Msg3 (Reached msg3 max harq rounds)
[0m[93m[NR_MAC] UE 0a10 RA failed at state WAIT_Msg3 (Reached msg3 max harq rounds)
[0m[93m[NR_MAC] UE 37b6 RA failed at state WAIT_Msg3 (Reached msg3 max harq rounds)
[0m[93m[NR_MAC] UE e184 RA failed at state WAIT_Msg3 (Reached msg3 max harq rounds)
[0m[93m[NR_MAC] UE d8e3 RA failed at state WAIT_Msg3 (Reached msg3 max harq rounds)
[0m[HW]     [o-du 0][rx   96769 pps   10753 kbps   43117][tx  286892 pps   31872 kbps  108900][Total Msgs_Rcvd 96769]
[0m[HW]     [FH LOAD][o-du 0] rx=43.117 Mbps tx=108.900 Mbps total=152.017 Mbps rx_pps=10753 tx_pps=31872 total_pps=42625
[0m[HW]     [o_du0][pusch0   82944 prach0   13824]
[0m[93m[NR_MAC] UE ae15 RA failed at state WAIT_Msg3 (Reached msg3 max harq rounds)
[0m[93m[NR_MAC] UE 4a9a RA failed at state WAIT_Msg3 (Reached msg3 max harq rounds)
[0m[93m[NR_MAC] UE 1850 RA failed at state WAIT_Msg3 (Reached msg3 max harq rounds)
[0m[93m[NR_MAC] UE 333f RA failed at state WAIT_Msg3 (Reached msg3 max harq rounds)
[0m[93m[NR_MAC] UE 9fe9 RA failed at state WAIT_Msg3 (Reached msg3 max harq rounds)
[0m[93m[NR_MAC] UE 21a5 RA failed at state WAIT_Msg3 (Reached msg3 max harq rounds)
[0m[93m[NR_MAC] UE 4b9f RA failed at state WAIT_Msg3 (Reached msg3 max harq rounds)
[0m[93m[NR_MAC] UE e194 RA failed at state WAIT_Msg3 (Reached msg3 max harq rounds)
[0m[93m[NR_MAC] UE 6918 RA failed at state WAIT_Msg3 (Reached msg3 max harq rounds)
[0m[93m[NR_MAC] UE 5f19 RA failed at state WAIT_Msg3 (Reached msg3 max harq rounds)
[0m[93m[NR_MAC] UE def7 RA failed at state WAIT_Msg3 (Reached msg3 max harq rounds)
[0m[HW]     [o-du 0][rx  107521 pps   10752 kbps   43123][tx  318764 pps   31872 kbps  108900][Total Msgs_Rcvd 107521]
[0m[HW]     [FH LOAD][o-du 0] rx=43.123 Mbps tx=108.900 Mbps total=152.023 Mbps rx_pps=10752 tx_pps=31872 total_pps=42624
[0m[HW]     [o_du0][pusch0   92160 prach0   15360]
[0m[93m[NR_MAC] UE 0a9e RA failed at state WAIT_Msg3 (Reached msg3 max harq rounds)
[0m[93m[NR_MAC] UE 776b RA failed at state WAIT_Msg3 (Reached msg3 max harq rounds)
[0m[93m[NR_MAC] UE 7b56 RA failed at state WAIT_Msg3 (Reached msg3 max harq rounds)
[0m[93m[NR_MAC] UE 16ac RA failed at state WAIT_Msg3 (Reached msg3 max harq rounds)
[0m[93m[NR_MAC] UE 968b RA failed at state WAIT_Msg3 (Reached msg3 max harq rounds)
[0m[93m[NR_MAC] UE 31fa RA failed at state WAIT_Msg3 (Reached msg3 max harq rounds)
[0m[93m[NR_MAC] UE d783 RA failed at state WAIT_Msg3 (Reached msg3 max harq rounds)
[0m[93m[NR_MAC] UE d642 RA failed at state WAIT_Msg3 (Reached msg3 max harq rounds)
[0m[93m[NR_MAC] UE a095 RA failed at state WAIT_Msg3 (Reached msg3 max harq rounds)
[0m[HW]     [o-du 0][rx  118274 pps   10753 kbps   43126][tx  350636 pps   31872 kbps  108900][Total Msgs_Rcvd 118274]
[0m[HW]     [FH LOAD][o-du 0] rx=43.126 Mbps tx=108.900 Mbps total=152.026 Mbps rx_pps=10753 tx_pps=31872 total_pps=42625
[0m[HW]     [o_du0][pusch0  101376 prach0   16896]
[0m[93m[NR_MAC] UE fdb8 RA failed at state WAIT_Msg3 (Reached msg3 max harq rounds)
[0m[93m[NR_MAC] UE cc71 RA failed at state WAIT_Msg3 (Reached msg3 max harq rounds)
[0m[93m[NR_MAC] UE ba8e RA failed at state WAIT_Msg3 (Reached msg3 max harq rounds)
[0m[93m[NR_MAC] UE 407d RA failed at state WAIT_Msg3 (Reached msg3 max harq rounds)
[0m[93m[NR_MAC] UE 3afd RA failed at state WAIT_Msg3 (Reached msg3 max harq rounds)
[0m[93m[NR_MAC] UE f06b RA failed at state WAIT_Msg3 (Reached msg3 max harq rounds)
[0m[93m[NR_MAC] UE 25aa RA failed at state WAIT_Msg3 (Reached msg3 max harq rounds)
[0m[93m[NR_MAC] UE 90b4 RA failed at state WAIT_Msg3 (Reached msg3 max harq rounds)
[0m[93m[NR_MAC] UE ea6b RA failed at state WAIT_Msg3 (Reached msg3 max harq rounds)
[0m[93m[NR_MAC] UE 298d RA failed at state WAIT_Msg3 (Reached msg3 max harq rounds)
[0m[93m[NR_MAC] UE 4ab7 RA failed at state WAIT_Msg3 (Reached msg3 max harq rounds)
[0m[93m[NR_MAC] UE 3f28 RA failed at state WAIT_Msg3 (Reached msg3 max harq rounds)
[0m[HW]     [o-du 0][rx  129026 pps   10752 kbps   43131][tx  382508 pps   31872 kbps  108900][Total Msgs_Rcvd 129026]
[0m[HW]     [FH LOAD][o-du 0] rx=43.131 Mbps tx=108.900 Mbps total=152.031 Mbps rx_pps=10752 tx_pps=31872 total_pps=42624
[0m[HW]     [o_du0][pusch0  110592 prach0   18432]
[0m[93m[NR_MAC] UE f010 RA failed at state WAIT_Msg3 (Reached msg3 max harq rounds)
[0m[93m[NR_MAC] UE db9a RA failed at state WAIT_Msg3 (Reached msg3 max harq rounds)
[0m[93m[NR_MAC] UE daa7 RA failed at state WAIT_Msg3 (Reached msg3 max harq rounds)
[0m[93m[NR_MAC] UE befc RA failed at state WAIT_Msg3 (Reached msg3 max harq rounds)
[0m[93m[NR_MAC] UE 6278 RA failed at state WAIT_Msg3 (Reached msg3 max harq rounds)
[0m[93m[NR_MAC] UE 725c RA failed at state WAIT_Msg3 (Reached msg3 max harq rounds)
[0m[93m[NR_MAC] UE cbd0 RA failed at state WAIT_Msg3 (Reached msg3 max harq rounds)
[0m[93m[NR_MAC] UE 1d17 RA failed at state WAIT_Msg3 (Reached msg3 max harq rounds)
[0m[93m[NR_MAC] UE 22a1 RA failed at state WAIT_Msg3 (Reached msg3 max harq rounds)
[0m[HW]     [o-du 0][rx  139778 pps   10752 kbps   43123][tx  414380 pps   31872 kbps  108900][Total Msgs_Rcvd 139778]
[0m[HW]     [FH LOAD][o-du 0] rx=43.123 Mbps tx=108.900 Mbps total=152.023 Mbps rx_pps=10752 tx_pps=31872 total_pps=42624
[0m[HW]     [o_du0][pusch0  119808 prach0   19968]
[0m[93m[NR_MAC] UE 922b RA failed at state WAIT_Msg3 (Reached msg3 max harq rounds)
[0m[93m[NR_MAC] UE a23e RA failed at state WAIT_Msg3 (Reached msg3 max harq rounds)
[0m[93m[NR_MAC] UE f46d RA failed at state WAIT_Msg3 (Reached msg3 max harq rounds)
[0m[93m[NR_MAC] UE de36 RA failed at state WAIT_Msg3 (Reached msg3 max harq rounds)
[0m[93m[NR_MAC] UE aeb7 RA failed at state WAIT_Msg3 (Reached msg3 max harq rounds)
[0m[93m[NR_MAC] UE 94d0 RA failed at state WAIT_Msg3 (Reached msg3 max harq rounds)
[0m[93m[NR_MAC] UE b8f9 RA failed at state WAIT_Msg3 (Reached msg3 max harq rounds)
[0m[93m[NR_MAC] UE f5fb RA failed at state WAIT_Msg3 (Reached msg3 max harq rounds)
[0m[93m[NR_MAC] UE ae7b RA failed at state WAIT_Msg3 (Reached msg3 max harq rounds)
[0m[93m[NR_MAC] UE 5381 RA failed at state WAIT_Msg3 (Reached msg3 max harq rounds)
[0m[93m[NR_MAC] UE 78aa RA failed at state WAIT_Msg3 (Reached msg3 max harq rounds)
[0m[HW]     [o-du 0][rx  150530 pps   10752 kbps   43123][tx  446252 pps   31872 kbps  108900][Total Msgs_Rcvd 150530]
[0m[HW]     [FH LOAD][o-du 0] rx=43.123 Mbps tx=108.900 Mbps total=152.023 Mbps rx_pps=10752 tx_pps=31872 total_pps=42624
[0m[HW]     [o_du0][pusch0  129024 prach0   21504]
[0m[93m[NR_MAC] UE 8b47 RA failed at state WAIT_Msg3 (Reached msg3 max harq rounds)
[0m[93m[NR_MAC] UE d4f6 RA failed at state WAIT_Msg3 (Reached msg3 max harq rounds)
[0m[93m[NR_MAC] UE 5223 RA failed at state WAIT_Msg3 (Reached msg3 max harq rounds)
[0m[93m[NR_MAC] UE bdb2 RA failed at state WAIT_Msg3 (Reached msg3 max harq rounds)
[0m[93m[NR_MAC] UE 4dee RA failed at state WAIT_Msg3 (Reached msg3 max harq rounds)
[0m[93m[NR_MAC] UE f378 RA failed at state WAIT_Msg3 (Reached msg3 max harq rounds)
[0m[93m[NR_MAC] UE 0d30 RA failed at state WAIT_Msg3 (Reached msg3 max harq rounds)
[0m[93m[NR_MAC] UE 73b3 RA failed at state WAIT_Msg3 (Reached msg3 max harq rounds)
[0m[93m[NR_MAC] UE 0ed3 RA failed at state WAIT_Msg3 (Reached msg3 max harq rounds)
[0m[HW]     [o-du 0][rx  161283 pps   10753 kbps   43125][tx  478124 pps   31872 kbps  108900][Total Msgs_Rcvd 161283]
[0m[HW]     [FH LOAD][o-du 0] rx=43.125 Mbps tx=108.900 Mbps total=152.025 Mbps rx_pps=10753 tx_pps=31872 total_pps=42625
[0m[HW]     [o_du0][pusch0  138240 prach0   23040]
[0m[93m[NR_MAC] UE 37d6 RA failed at state WAIT_Msg3 (Reached msg3 max harq rounds)
[0m[93m[NR_MAC] UE b644 RA failed at state WAIT_Msg3 (Reached msg3 max harq rounds)
[0m[93m[NR_MAC] UE eb99 RA failed at state WAIT_Msg3 (Reached msg3 max harq rounds)
[0m[93m[NR_MAC] UE 0097 RA failed at state WAIT_Msg3 (Reached msg3 max harq rounds)
[0m[93m[NR_MAC] UE d16c RA failed at state WAIT_Msg3 (Reached msg3 max harq rounds)
[0m[93m[NR_MAC] UE 87df RA failed at state WAIT_Msg3 (Reached msg3 max harq rounds)
[0m[93m[NR_MAC] UE 8f21 RA failed at state WAIT_Msg3 (Reached msg3 max harq rounds)
[0m[93m[NR_MAC] UE 70b4 RA failed at state WAIT_Msg3 (Reached msg3 max harq rounds)
[0m[93m[NR_MAC] UE 820e RA failed at state WAIT_Msg3 (Reached msg3 max harq rounds)
[0m[93m[NR_MAC] UE 9a8d RA failed at state WAIT_Msg3 (Reached msg3 max harq rounds)
[0m[93m[NR_MAC] UE fc61 RA failed at state WAIT_Msg3 (Reached msg3 max harq rounds)
[0m[93m[NR_MAC] UE f549 RA failed at state WAIT_Msg3 (Reached msg3 max harq rounds)
[0m[HW]     [o-du 0][rx  172035 pps   10752 kbps   43117][tx  509996 pps   31872 kbps  108900][Total Msgs_Rcvd 172035]
[0m[HW]     [FH LOAD][o-du 0] rx=43.117 Mbps tx=108.900 Mbps total=152.017 Mbps rx_pps=10752 tx_pps=31872 total_pps=42624
[0m[HW]     [o_du0][pusch0  147456 prach0   24576]
[0m[PHY]    prach_I0 = 1.7 dB
[0m[93m[NR_MAC] UE 4fcb RA failed at state WAIT_Msg3 (Reached msg3 max harq rounds)
[0m[93m[NR_MAC] UE 0943 RA failed at state WAIT_Msg3 (Reached msg3 max harq rounds)
[0m[93m[NR_MAC] UE 1bc2 RA failed at state WAIT_Msg3 (Reached msg3 max harq rounds)
[0m[93m[NR_MAC] UE 831d RA failed at state WAIT_Msg3 (Reached msg3 max harq rounds)
[0m[93m[NR_MAC] UE 3e26 RA failed at state WAIT_Msg3 (Reached msg3 max harq rounds)
[0m[93m[NR_MAC] UE a4ef RA failed at state WAIT_Msg3 (Reached msg3 max harq rounds)
[0m[93m[NR_MAC] UE d787 RA failed at state WAIT_Msg3 (Reached msg3 max harq rounds)
[0m[93m[NR_MAC] UE d05d RA failed at state WAIT_Msg3 (Reached msg3 max harq rounds)
[0m[93m[NR_MAC] UE f54f RA failed at state WAIT_Msg3 (Reached msg3 max harq rounds)
[0m[HW]     [o-du 0][rx  182787 pps   10752 kbps   43123][tx  541868 pps   31872 kbps  108900][Total Msgs_Rcvd 182787]
[0m[HW]     [FH LOAD][o-du 0] rx=43.123 Mbps tx=108.900 Mbps total=152.023 Mbps rx_pps=10752 tx_pps=31872 total_pps=42624
[0m[HW]     [o_du0][pusch0  156672 prach0   26112]
[0m[93m[NR_MAC] UE ac92 RA failed at state WAIT_Msg3 (Reached msg3 max harq rounds)
[0m[93m[NR_MAC] UE c0d1 RA failed at state WAIT_Msg3 (Reached msg3 max harq rounds)
[0m[93m[NR_MAC] UE 7896 RA failed at state WAIT_Msg3 (Reached msg3 max harq rounds)
[0m[93m[NR_MAC] UE 2df4 RA failed at state WAIT_Msg3 (Reached msg3 max harq rounds)
[0m[93m[NR_MAC] UE 4e91 RA failed at state WAIT_Msg3 (Reached msg3 max harq rounds)
[0m[93m[NR_MAC] UE 410b RA failed at state WAIT_Msg3 (Reached msg3 max harq rounds)
[0m[93m[NR_MAC] UE 363d RA failed at state WAIT_Msg3 (Reached msg3 max harq rounds)
[0m[93m[NR_MAC] UE 64c6 RA failed at state WAIT_Msg3 (Reached msg3 max harq rounds)
[0m[93m[NR_MAC] UE c4d3 RA failed at state WAIT_Msg3 (Reached msg3 max harq rounds)
[0m[93m[NR_MAC] UE 5e29 RA failed at state WAIT_Msg3 (Reached msg3 max harq rounds)
[0m[93m[NR_MAC] UE cc24 RA failed at state WAIT_Msg3 (Reached msg3 max harq rounds)
[0m[HW]     [o-du 0][rx  193539 pps   10752 kbps   43123][tx  573740 pps   31872 kbps  108900][Total Msgs_Rcvd 193539]
[0m[HW]     [FH LOAD][o-du 0] rx=43.123 Mbps tx=108.900 Mbps total=152.023 Mbps rx_pps=10752 tx_pps=31872 total_pps=42624
[0m[HW]     [o_du0][pusch0  165888 prach0   27648]
[0m[93m[NR_MAC] UE 201a RA failed at state WAIT_Msg3 (Reached msg3 max harq rounds)
[0m[93m[NR_MAC] UE e4e0 RA failed at state WAIT_Msg3 (Reached msg3 max harq rounds)
[0m[93m[NR_MAC] UE 0361 RA failed at state WAIT_Msg3 (Reached msg3 max harq rounds)
[0m[93m[NR_MAC] UE 1262 RA failed at state WAIT_Msg3 (Reached msg3 max harq rounds)
[0m[93m[NR_MAC] UE 8e92 RA failed at state WAIT_Msg3 (Reached msg3 max harq rounds)
[0m[93m[NR_MAC] UE 4875 RA failed at state WAIT_Msg3 (Reached msg3 max harq rounds)
[0m[93m[NR_MAC] UE 90b4 RA failed at state WAIT_Msg3 (Reached msg3 max harq rounds)
[0m[93m[NR_MAC] UE 6e0f RA failed at state WAIT_Msg3 (Reached msg3 max harq rounds)
[0m[93m[NR_MAC] UE 3768 RA failed at state WAIT_Msg3 (Reached msg3 max harq rounds)
[0m[HW]     [o-du 0][rx  204291 pps   10752 kbps   43123][tx  605612 pps   31872 kbps  108900][Total Msgs_Rcvd 204291]
[0m[HW]     [FH LOAD][o-du 0] rx=43.123 Mbps tx=108.900 Mbps total=152.023 Mbps rx_pps=10752 tx_pps=31872 total_pps=42624
[0m[HW]     [o_du0][pusch0  175104 prach0   29184]
[0m[93m[NR_MAC] UE cc60 RA failed at state WAIT_Msg3 (Reached msg3 max harq rounds)
[0m[93m[NR_MAC] UE 3b6f RA failed at state WAIT_Msg3 (Reached msg3 max harq rounds)
[0m[93m[NR_MAC] UE a35f RA failed at state WAIT_Msg3 (Reached msg3 max harq rounds)
[0m[93m[NR_MAC] UE 97fc RA failed at state WAIT_Msg3 (Reached msg3 max harq rounds)
[0m[93m[NR_MAC] UE 6125 RA failed at state WAIT_Msg3 (Reached msg3 max harq rounds)
[0m[93m[NR_MAC] UE 54d8 RA failed at state WAIT_Msg3 (Reached msg3 max harq rounds)
[0m[93m[NR_MAC] UE c034 RA failed at state WAIT_Msg3 (Reached msg3 max harq rounds)
[0m[93m[NR_MAC] UE bca8 RA failed at state WAIT_Msg3 (Reached msg3 max harq rounds)
[0m[93m[NR_MAC] UE 5607 RA failed at state WAIT_Msg3 (Reached msg3 max harq rounds)
[0m[93m[NR_MAC] UE 5303 RA failed at state WAIT_Msg3 (Reached msg3 max harq rounds)
[0m[93m[NR_MAC] UE 4a15 RA failed at state WAIT_Msg3 (Reached msg3 max harq rounds)
[0m[93m[NR_MAC] UE c269 RA failed at state WAIT_Msg3 (Reached msg3 max harq rounds)
[0m[HW]     [o-du 0][rx  215043 pps   10752 kbps   43123][tx  637484 pps   31872 kbps  108900][Total Msgs_Rcvd 215043]
[0m[HW]     [FH LOAD][o-du 0] rx=43.123 Mbps tx=108.900 Mbps total=152.023 Mbps rx_pps=10752 tx_pps=31872 total_pps=42624
[0m[HW]     [o_du0][pusch0  184320 prach0   30720]
[0m[93m[NR_MAC] UE cd95 RA failed at state WAIT_Msg3 (Reached msg3 max harq rounds)
[0m[93m[NR_MAC] UE 701c RA failed at state WAIT_Msg3 (Reached msg3 max harq rounds)
[0m[93m[NR_MAC] UE db6a RA failed at state WAIT_Msg3 (Reached msg3 max harq rounds)
[0m[93m[NR_MAC] UE 62d6 RA failed at state WAIT_Msg3 (Reached msg3 max harq rounds)
[0m[93m[NR_MAC] UE 51fd RA failed at state WAIT_Msg3 (Reached msg3 max harq rounds)
[0m[93m[NR_MAC] UE 9e19 RA failed at state WAIT_Msg3 (Reached msg3 max harq rounds)
[0m[93m[NR_MAC] UE cd5d RA failed at state WAIT_Msg3 (Reached msg3 max harq rounds)
[0m[93m[NR_MAC] UE afd5 RA failed at state WAIT_Msg3 (Reached msg3 max harq rounds)
[0m[93m[NR_MAC] UE caf3 RA failed at state WAIT_Msg3 (Reached msg3 max harq rounds)
[0m[HW]     [o-du 0][rx  225795 pps   10752 kbps   43123][tx  669356 pps   31872 kbps  108900][Total Msgs_Rcvd 225795]
[0m[HW]     [FH LOAD][o-du 0] rx=43.123 Mbps tx=108.900 Mbps total=152.023 Mbps rx_pps=10752 tx_pps=31872 total_pps=42624
[0m[HW]     [o_du0][pusch0  193536 prach0   32256]
[0m[93m[NR_MAC] UE a26f RA failed at state WAIT_Msg3 (Reached msg3 max harq rounds)
[0m[93m[NR_MAC] UE 0b1e RA failed at state WAIT_Msg3 (Reached msg3 max harq rounds)
[0m[93m[NR_MAC] UE ef4c RA failed at state WAIT_Msg3 (Reached msg3 max harq rounds)
[0m[93m[NR_MAC] UE 5c15 RA failed at state WAIT_Msg3 (Reached msg3 max harq rounds)
[0m[93m[NR_MAC] UE 2999 RA failed at state WAIT_Msg3 (Reached msg3 max harq rounds)
[0m[93m[NR_MAC] UE 72bd RA failed at state WAIT_Msg3 (Reached msg3 max harq rounds)
[0m[93m[NR_MAC] UE 8de1 RA failed at state WAIT_Msg3 (Reached msg3 max harq rounds)
[0m[93m[NR_MAC] UE 6c78 RA failed at state WAIT_Msg3 (Reached msg3 max harq rounds)
[0m[93m[NR_MAC] UE fdef RA failed at state WAIT_Msg3 (Reached msg3 max harq rounds)
[0m[93m[NR_MAC] UE 1306 RA failed at state WAIT_Msg3 (Reached msg3 max harq rounds)
[0m[93m[NR_MAC] UE 9840 RA failed at state WAIT_Msg3 (Reached msg3 max harq rounds)
[0m[93m[NR_MAC] UE 21e9 RA failed at state WAIT_Msg3 (Reached msg3 max harq rounds)
[0m[HW]     [o-du 0][rx  236548 pps   10753 kbps   43123][tx  701228 pps   31872 kbps  108900][Total Msgs_Rcvd 236548]
[0m[HW]     [FH LOAD][o-du 0] rx=43.123 Mbps tx=108.900 Mbps total=152.023 Mbps rx_pps=10753 tx_pps=31872 total_pps=42625
[0m[HW]     [o_du0][pusch0  202752 prach0   33792]
[0m[93m[NR_MAC] UE dae6 RA failed at state WAIT_Msg3 (Reached msg3 max harq rounds)
[0m[93m[NR_MAC] UE 560f RA failed at state WAIT_Msg3 (Reached msg3 max harq rounds)
[0m[93m[NR_MAC] UE c55a RA failed at state WAIT_Msg3 (Reached msg3 max harq rounds)
[0m[93m[NR_MAC] UE f28c RA failed at state WAIT_Msg3 (Reached msg3 max harq rounds)
[0m[93m[NR_MAC] UE 4e94 RA failed at state WAIT_Msg3 (Reached msg3 max harq rounds)
[0m[93m[NR_MAC] UE f45d RA failed at state WAIT_Msg3 (Reached msg3 max harq rounds)
[0m[93m[NR_MAC] UE 2060 RA failed at state WAIT_Msg3 (Reached msg3 max harq rounds)
[0m[93m[NR_MAC] UE c994 RA failed at state WAIT_Msg3 (Reached msg3 max harq rounds)
[0m[HW]     [o-du 0][rx  247300 pps   10752 kbps   43131][tx  733100 pps   31872 kbps  108900][Total Msgs_Rcvd 247300]
[0m[HW]     [FH LOAD][o-du 0] rx=43.131 Mbps tx=108.900 Mbps total=152.031 Mbps rx_pps=10752 tx_pps=31872 total_pps=42624
[0m[HW]     [o_du0][pusch0  211968 prach0   35328]
[0m[93m[NR_MAC] UE ac4f RA failed at state WAIT_Msg3 (Reached msg3 max harq rounds)
[0m[93m[NR_MAC] UE 3cd1 RA failed at state WAIT_Msg3 (Reached msg3 max harq rounds)
[0m[93m[NR_MAC] UE 4ca6 RA failed at state WAIT_Msg3 (Reached msg3 max harq rounds)
[0m[93m[NR_MAC] UE 5fb6 RA failed at state WAIT_Msg3 (Reached msg3 max harq rounds)
[0m[93m[NR_MAC] UE b7f8 RA failed at state WAIT_Msg3 (Reached msg3 max harq rounds)
[0m[93m[NR_MAC] UE 6a46 RA failed at state WAIT_Msg3 (Reached msg3 max harq rounds)
[0m[93m[NR_MAC] UE 0804 RA failed at state WAIT_Msg3 (Reached msg3 max harq rounds)
[0m[93m[NR_MAC] UE 1931 RA failed at state WAIT_Msg3 (Reached msg3 max harq rounds)
[0m[93m[NR_MAC] UE 0ad4 RA failed at state WAIT_Msg3 (Reached msg3 max harq rounds)
[0m[93m[NR_MAC] UE 2b4c RA failed at state WAIT_Msg3 (Reached msg3 max harq rounds)
[0m[93m[NR_MAC] UE 86b6 RA failed at state WAIT_Msg3 (Reached msg3 max harq rounds)
[0m[93m[NR_MAC] UE a9e4 RA failed at state WAIT_Msg3 (Reached msg3 max harq rounds)
[0m[HW]     [o-du 0][rx  258052 pps   10752 kbps   43123][tx  764972 pps   31872 kbps  108900][Total Msgs_Rcvd 258052]
[0m[HW]     [FH LOAD][o-du 0] rx=43.123 Mbps tx=108.900 Mbps total=152.023 Mbps rx_pps=10752 tx_pps=31872 total_pps=42624
[0m[HW]     [o_du0][pusch0  221184 prach0   36864]
[0m[PHY]    prach_I0 = 6.3 dB
[0m[93m[NR_MAC] UE d61e RA failed at state WAIT_Msg3 (Reached msg3 max harq rounds)
[0m[93m[NR_MAC] UE 0173 RA failed at state WAIT_Msg3 (Reached msg3 max harq rounds)
[0m[93m[NR_MAC] UE e58b RA failed at state WAIT_Msg3 (Reached msg3 max harq rounds)
[0m[93m[NR_MAC] UE 5bb3 RA failed at state WAIT_Msg3 (Reached msg3 max harq rounds)
[0m[93m[NR_MAC] UE 9176 RA failed at state WAIT_Msg3 (Reached msg3 max harq rounds)
[0m[93m[NR_MAC] UE 7c5a RA failed at state WAIT_Msg3 (Reached msg3 max harq rounds)
[0m[93m[NR_MAC] UE 65df RA failed at state WAIT_Msg3 (Reached msg3 max harq rounds)
[0m[93m[NR_MAC] UE a06d RA failed at state WAIT_Msg3 (Reached msg3 max harq rounds)
[0m[93m[NR_MAC] UE 93cb RA failed at state WAIT_Msg3 (Reached msg3 max harq rounds)
[0m[HW]     [o-du 0][rx  268804 pps   10752 kbps   43120][tx  796844 pps   31872 kbps  108900][Total Msgs_Rcvd 268804]
[0m[HW]     [FH LOAD][o-du 0] rx=43.120 Mbps tx=108.900 Mbps total=152.020 Mbps rx_pps=10752 tx_pps=31872 total_pps=42624
[0m[HW]     [o_du0][pusch0  230400 prach0   38400]
[0m[93m[NR_MAC] UE a303 RA failed at state WAIT_Msg3 (Reached msg3 max harq rounds)
[0m[93m[NR_MAC] UE 8a31 RA failed at state WAIT_Msg3 (Reached msg3 max harq rounds)
[0m[93m[NR_MAC] UE 1242 RA failed at state WAIT_Msg3 (Reached msg3 max harq rounds)
[0m[93m[NR_MAC] UE 1406 RA failed at state WAIT_Msg3 (Reached msg3 max harq rounds)
[0m[93m[NR_MAC] UE 3087 RA failed at state WAIT_Msg3 (Reached msg3 max harq rounds)
[0m[93m[NR_MAC] UE 8e34 RA failed at state WAIT_Msg3 (Reached msg3 max harq rounds)
[0m[93m[NR_MAC] UE d0e7 RA failed at state WAIT_Msg3 (Reached msg3 max harq rounds)
[0m[93m[NR_MAC] UE e0f3 RA failed at state WAIT_Msg3 (Reached msg3 max harq rounds)
[0m[93m[NR_MAC] UE 1258 RA failed at state WAIT_Msg3 (Reached msg3 max harq rounds)
[0m[93m[NR_MAC] UE 8de7 RA failed at state WAIT_Msg3 (Reached msg3 max harq rounds)
[0m[93m[NR_MAC] UE 630e RA failed at state WAIT_Msg3 (Reached msg3 max harq rounds)
[0m[93m[NR_MAC] UE ce89 RA failed at state WAIT_Msg3 (Reached msg3 max harq rounds)
[0m[HW]     [o-du 0][rx  279556 pps   10752 kbps   43131][tx  828716 pps   31872 kbps  108900][Total Msgs_Rcvd 279556]
[0m[HW]     [FH LOAD][o-du 0] rx=43.131 Mbps tx=108.900 Mbps total=152.031 Mbps rx_pps=10752 tx_pps=31872 total_pps=42624
[0m[HW]     [o_du0][pusch0  239616 prach0   39936]
[0m[93m[NR_MAC] UE f4a9 RA failed at state WAIT_Msg3 (Reached msg3 max harq rounds)
[0m[93m[NR_MAC] UE f90b RA failed at state WAIT_Msg3 (Reached msg3 max harq rounds)
[0m[93m[NR_MAC] UE 2a07 RA failed at state WAIT_Msg3 (Reached msg3 max harq rounds)
[0m[93m[NR_MAC] UE 85bb RA failed at state WAIT_Msg3 (Reached msg3 max harq rounds)
[0m[93m[NR_MAC] UE 3c79 RA failed at state WAIT_Msg3 (Reached msg3 max harq rounds)
[0m[93m[NR_MAC] UE 070b RA failed at state WAIT_Msg3 (Reached msg3 max harq rounds)
[0m[93m[NR_MAC] UE 58e9 RA failed at state WAIT_Msg3 (Reached msg3 max harq rounds)
[0m[93m[NR_MAC] UE f055 RA failed at state WAIT_Msg3 (Reached msg3 max harq rounds)
[0m[93m[NR_MAC] UE b960 RA failed at state WAIT_Msg3 (Reached msg3 max harq rounds)
[0m[HW]     [o-du 0][rx  290308 pps   10752 kbps   43131][tx  860588 pps   31872 kbps  108900][Total Msgs_Rcvd 290308]
[0m[HW]     [FH LOAD][o-du 0] rx=43.131 Mbps tx=108.900 Mbps total=152.031 Mbps rx_pps=10752 tx_pps=31872 total_pps=42624
[0m[HW]     [o_du0][pusch0  248832 prach0   41472]
[0m[93m[NR_MAC] UE c7d0 RA failed at state WAIT_Msg3 (Reached msg3 max harq rounds)
[0m[93m[NR_MAC] UE a214 RA failed at state WAIT_Msg3 (Reached msg3 max harq rounds)
[0m[93m[NR_MAC] UE 97d3 RA failed at state WAIT_Msg3 (Reached msg3 max harq rounds)
[0m[93m[NR_MAC] UE d136 RA failed at state WAIT_Msg3 (Reached msg3 max harq rounds)
[0m[93m[NR_MAC] UE 207c RA failed at state WAIT_Msg3 (Reached msg3 max harq rounds)
[0m[93m[NR_MAC] UE cbc3 RA failed at state WAIT_Msg3 (Reached msg3 max harq rounds)
[0m[93m[NR_MAC] UE d3ef RA failed at state WAIT_Msg3 (Reached msg3 max harq rounds)
[0m[93m[NR_MAC] UE f5e7 RA failed at state WAIT_Msg3 (Reached msg3 max harq rounds)
[0m[93m[NR_MAC] UE dd6e RA failed at state WAIT_Msg3 (Reached msg3 max harq rounds)
[0m[93m[NR_MAC] UE f97d RA failed at state WAIT_Msg3 (Reached msg3 max harq rounds)
[0m[93m[NR_MAC] UE 5766 RA failed at state WAIT_Msg3 (Reached msg3 max harq rounds)
[0m[HW]     [o-du 0][rx  301060 pps   10752 kbps   43117][tx  892460 pps   31872 kbps  108900][Total Msgs_Rcvd 301060]
[0m[HW]     [FH LOAD][o-du 0] rx=43.117 Mbps tx=108.900 Mbps total=152.017 Mbps rx_pps=10752 tx_pps=31872 total_pps=42624
[0m[HW]     [o_du0][pusch0  258048 prach0   43008]
[0m[93m[NR_MAC] UE 82bb RA failed at state WAIT_Msg3 (Reached msg3 max harq rounds)
[0m[93m[NR_MAC] UE 08ca RA failed at state WAIT_Msg3 (Reached msg3 max harq rounds)
[0m[93m[NR_MAC] UE fdc0 RA failed at state WAIT_Msg3 (Reached msg3 max harq rounds)
[0m[93m[NR_MAC] UE ae0d RA failed at state WAIT_Msg3 (Reached msg3 max harq rounds)
[0m[93m[NR_MAC] UE ddfb RA failed at state WAIT_Msg3 (Reached msg3 max harq rounds)
[0m[93m[NR_MAC] UE 7ec5 RA failed at state WAIT_Msg3 (Reached msg3 max harq rounds)
[0m[93m[NR_MAC] UE 3fc5 RA failed at state WAIT_Msg3 (Reached msg3 max harq rounds)
[0m[93m[NR_MAC] UE cb5e RA failed at state WAIT_Msg3 (Reached msg3 max harq rounds)
[0m[93m[NR_MAC] UE 081a RA failed at state WAIT_Msg3 (Reached msg3 max harq rounds)
[0m[HW]     [o-du 0][rx  311812 pps   10752 kbps   43123][tx  924332 pps   31872 kbps  108900][Total Msgs_Rcvd 311812]
[0m[HW]     [FH LOAD][o-du 0] rx=43.123 Mbps tx=108.900 Mbps total=152.023 Mbps rx_pps=10752 tx_pps=31872 total_pps=42624
[0m[HW]     [o_du0][pusch0  267264 prach0   44544]
[0m[93m[NR_MAC] UE 0d5d RA failed at state WAIT_Msg3 (Reached msg3 max harq rounds)
[0m[93m[NR_MAC] UE 0cb1 RA failed at state WAIT_Msg3 (Reached msg3 max harq rounds)
[0m[93m[NR_MAC] UE 4cac RA failed at state WAIT_Msg3 (Reached msg3 max harq rounds)
[0m[93m[NR_MAC] UE 122a RA failed at state WAIT_Msg3 (Reached msg3 max harq rounds)
[0m[93m[NR_MAC] UE 4e32 RA failed at state WAIT_Msg3 (Reached msg3 max harq rounds)
[0m[93m[NR_MAC] UE 3875 RA failed at state WAIT_Msg3 (Reached msg3 max harq rounds)
[0m[93m[NR_MAC] UE 2b62 RA failed at state WAIT_Msg3 (Reached msg3 max harq rounds)
[0m[93m[NR_MAC] UE cca7 RA failed at state WAIT_Msg3 (Reached msg3 max harq rounds)
[0m[93m[NR_MAC] UE 6259 RA failed at state WAIT_Msg3 (Reached msg3 max harq rounds)
[0m[93m[NR_MAC] UE 9040 RA failed at state WAIT_Msg3 (Reached msg3 max harq rounds)
[0m[93m[NR_MAC] UE 2ece RA failed at state WAIT_Msg3 (Reached msg3 max harq rounds)
[0m[93m[NR_MAC] UE 32e1 RA failed at state WAIT_Msg3 (Reached msg3 max harq rounds)
[0m[HW]     [o-du 0][rx  322564 pps   10752 kbps   43128][tx  956204 pps   31872 kbps  108900][Total Msgs_Rcvd 322564]
[0m[HW]     [FH LOAD][o-du 0] rx=43.128 Mbps tx=108.900 Mbps total=152.028 Mbps rx_pps=10752 tx_pps=31872 total_pps=42624
[0m[HW]     [o_du0][pusch0  276480 prach0   46080]
[0m[93m[NR_MAC] UE 73c7 RA failed at state WAIT_Msg3 (Reached msg3 max harq rounds)
[0m[93m[NR_MAC] UE a735 RA failed at state WAIT_Msg3 (Reached msg3 max harq rounds)
[0m[93m[NR_MAC] UE d0ac RA failed at state WAIT_Msg3 (Reached msg3 max harq rounds)
[0m[93m[NR_MAC] UE 5ab2 RA failed at state WAIT_Msg3 (Reached msg3 max harq rounds)
[0m[93m[NR_MAC] UE d9c3 RA failed at state WAIT_Msg3 (Reached msg3 max harq rounds)
[0m[93m[NR_MAC] UE 3ce2 RA failed at state WAIT_Msg3 (Reached msg3 max harq rounds)
[0m[93m[NR_MAC] UE b309 RA failed at state WAIT_Msg3 (Reached msg3 max harq rounds)
[0m[93m[NR_MAC] UE 336b RA failed at state WAIT_Msg3 (Reached msg3 max harq rounds)
[0m[93m[NR_MAC] UE 24d8 RA failed at state WAIT_Msg3 (Reached msg3 max harq rounds)
[0m[HW]     [o-du 0][rx  333316 pps   10752 kbps   43126][tx  988076 pps   31872 kbps  108900][Total Msgs_Rcvd 333316]
[0m[HW]     [FH LOAD][o-du 0] rx=43.126 Mbps tx=108.900 Mbps total=152.026 Mbps rx_pps=10752 tx_pps=31872 total_pps=42624
[0m[HW]     [o_du0][pusch0  285696 prach0   47616]
[0m[93m[NR_MAC] UE f34a RA failed at state WAIT_Msg3 (Reached msg3 max harq rounds)
[0m[93m[NR_MAC] UE 336f RA failed at state WAIT_Msg3 (Reached msg3 max harq rounds)
[0m[93m[NR_MAC] UE 11fd RA failed at state WAIT_Msg3 (Reached msg3 max harq rounds)
[0m[93m[NR_MAC] UE 2a1d RA failed at state WAIT_Msg3 (Reached msg3 max harq rounds)
[0m[93m[NR_MAC] UE 0dca RA failed at state WAIT_Msg3 (Reached msg3 max harq rounds)
[0m[93m[NR_MAC] UE 4246 RA failed at state WAIT_Msg3 (Reached msg3 max harq rounds)
[0m[93m[NR_MAC] UE a899 RA failed at state WAIT_Msg3 (Reached msg3 max harq rounds)
[0m[93m[NR_MAC] UE be4b RA failed at state WAIT_Msg3 (Reached msg3 max harq rounds)
[0m[93m[NR_MAC] UE 1bc3 RA failed at state WAIT_Msg3 (Reached msg3 max harq rounds)
[0m[93m[NR_MAC] UE 7b6b RA failed at state WAIT_Msg3 (Reached msg3 max harq rounds)
[0m[93m[NR_MAC] UE edbd RA failed at state WAIT_Msg3 (Reached msg3 max harq rounds)
[0m[HW]     [o-du 0][rx  344068 pps   10752 kbps   43128][tx 1019948 pps   31872 kbps  108900][Total Msgs_Rcvd 344068]
[0m[HW]     [FH LOAD][o-du 0] rx=43.128 Mbps tx=108.900 Mbps total=152.028 Mbps rx_pps=10752 tx_pps=31872 total_pps=42624
[0m[HW]     [o_du0][pusch0  294912 prach0   49152]
[0m[PHY]    prach_I0 = 0.8 dB
[0m[93m[NR_MAC] UE b679 RA failed at state WAIT_Msg3 (Reached msg3 max harq rounds)
[0m[93m[NR_MAC] UE 3920 RA failed at state WAIT_Msg3 (Reached msg3 max harq rounds)
[0m[93m[NR_MAC] UE 4ccc RA failed at state WAIT_Msg3 (Reached msg3 max harq rounds)
[0m[93m[NR_MAC] UE 581e RA failed at state WAIT_Msg3 (Reached msg3 max harq rounds)
[0m[93m[NR_MAC] UE 9a0e RA failed at state WAIT_Msg3 (Reached msg3 max harq rounds)
[0m[93m[NR_MAC] UE f705 RA failed at state WAIT_Msg3 (Reached msg3 max harq rounds)
[0m[93m[NR_MAC] UE 3bf1 RA failed at state WAIT_Msg3 (Reached msg3 max harq rounds)
[0m[93m[NR_MAC] UE 3367 RA failed at state WAIT_Msg3 (Reached msg3 max harq rounds)
[0m[93m[NR_MAC] UE 9f4b RA failed at state WAIT_Msg3 (Reached msg3 max harq rounds)
[0m[HW]     [o-du 0][rx  354820 pps   10752 kbps   43123][tx 1051820 pps   31872 kbps  108900][Total Msgs_Rcvd 354820]
[0m[HW]     [FH LOAD][o-du 0] rx=43.123 Mbps tx=108.900 Mbps total=152.023 Mbps rx_pps=10752 tx_pps=31872 total_pps=42624
[0m[HW]     [o_du0][pusch0  304128 prach0   50688]
[0m[93m[NR_MAC] UE bc2e RA failed at state WAIT_Msg3 (Reached msg3 max harq rounds)
[0m[93m[NR_MAC] UE 6655 RA failed at state WAIT_Msg3 (Reached msg3 max harq rounds)
[0m[93m[NR_MAC] UE 5031 RA failed at state WAIT_Msg3 (Reached msg3 max harq rounds)
[0m[93m[NR_MAC] UE a095 RA failed at state WAIT_Msg3 (Reached msg3 max harq rounds)
[0m[93m[NR_MAC] UE f790 RA failed at state WAIT_Msg3 (Reached msg3 max harq rounds)
[0m[93m[NR_MAC] UE 417f RA failed at state WAIT_Msg3 (Reached msg3 max harq rounds)
[0m[93m[NR_MAC] UE 0903 RA failed at state WAIT_Msg3 (Reached msg3 max harq rounds)
[0m[93m[NR_MAC] UE 5cf4 RA failed at state WAIT_Msg3 (Reached msg3 max harq rounds)
[0m[93m[NR_MAC] UE 244f RA failed at state WAIT_Msg3 (Reached msg3 max harq rounds)
[0m[93m[NR_MAC] UE 24f5 RA failed at state WAIT_Msg3 (Reached msg3 max harq rounds)
[0m[93m[NR_MAC] UE f69b RA failed at state WAIT_Msg3 (Reached msg3 max harq rounds)
[0m[HW]     [o-du 0][rx  365572 pps   10752 kbps   43123][tx 1083692 pps   31872 kbps  108900][Total Msgs_Rcvd 365572]
[0m[HW]     [FH LOAD][o-du 0] rx=43.123 Mbps tx=108.900 Mbps total=152.023 Mbps rx_pps=10752 tx_pps=31872 total_pps=42624
[0m[HW]     [o_du0][pusch0  313344 prach0   52224]
[0m[93m[NR_MAC] UE bc81 RA failed at state WAIT_Msg3 (Reached msg3 max harq rounds)
[0m[93m[NR_MAC] UE ea8e RA failed at state WAIT_Msg3 (Reached msg3 max harq rounds)
[0m[93m[NR_MAC] UE 03cd RA failed at state WAIT_Msg3 (Reached msg3 max harq rounds)
[0m[93m[NR_MAC] UE 6ea8 RA failed at state WAIT_Msg3 (Reached msg3 max harq rounds)
[0m[93m[NR_MAC] UE 4080 RA failed at state WAIT_Msg3 (Reached msg3 max harq rounds)
[0m[93m[NR_MAC] UE 78d2 RA failed at state WAIT_Msg3 (Reached msg3 max harq rounds)
[0m[93m[NR_MAC] UE cf2a RA failed at state WAIT_Msg3 (Reached msg3 max harq rounds)
[0m[93m[NR_MAC] UE 08a2 RA failed at state WAIT_Msg3 (Reached msg3 max harq rounds)
[0m[93m[NR_MAC] UE 2572 RA failed at state WAIT_Msg3 (Reached msg3 max harq rounds)
[0m[93m[NR_MAC] UE eb8b RA failed at state WAIT_Msg3 (Reached msg3 max harq rounds)
[0m[HW]     [o-du 0][rx  376325 pps   10753 kbps   43134][tx 1115564 pps   31872 kbps  108900][Total Msgs_Rcvd 376325]
[0m[HW]     [FH LOAD][o-du 0] rx=43.134 Mbps tx=108.900 Mbps total=152.034 Mbps rx_pps=10753 tx_pps=31872 total_pps=42625
[0m[HW]     [o_du0][pusch0  322560 prach0   53760]
[0m[93m[NR_MAC] UE 8555 RA failed at state WAIT_Msg3 (Reached msg3 max harq rounds)
[0m[93m[NR_MAC] UE 8611 RA failed at state WAIT_Msg3 (Reached msg3 max harq rounds)
[0m[93m[NR_MAC] UE 6fbe RA failed at state WAIT_Msg3 (Reached msg3 max harq rounds)
[0m[93m[NR_MAC] UE 9d7b RA failed at state WAIT_Msg3 (Reached msg3 max harq rounds)
[0m[93m[NR_MAC] UE f0bc RA failed at state WAIT_Msg3 (Reached msg3 max harq rounds)
[0m[93m[NR_MAC] UE d9de RA failed at state WAIT_Msg3 (Reached msg3 max harq rounds)
[0m[93m[NR_MAC] UE 9e4c RA failed at state WAIT_Msg3 (Reached msg3 max harq rounds)
[0m[93m[NR_MAC] UE cb5b RA failed at state WAIT_Msg3 (Reached msg3 max harq rounds)
[0m[93m[NR_MAC] UE 527d RA failed at state WAIT_Msg3 (Reached msg3 max harq rounds)
[0m[93m[NR_MAC] UE 2a6f RA failed at state WAIT_Msg3 (Reached msg3 max harq rounds)
[0m[HW]     [o-du 0][rx  387077 pps   10752 kbps   43126][tx 1147436 pps   31872 kbps  108900][Total Msgs_Rcvd 387077]
[0m[HW]     [FH LOAD][o-du 0] rx=43.126 Mbps tx=108.900 Mbps total=152.026 Mbps rx_pps=10752 tx_pps=31872 total_pps=42624
[0m[HW]     [o_du0][pusch0  331776 prach0   55296]
[0m[93m[NR_MAC] UE c152 RA failed at state WAIT_Msg3 (Reached msg3 max harq rounds)
[0m[93m[NR_MAC] UE 5179 RA failed at state WAIT_Msg3 (Reached msg3 max harq rounds)
[0m[93m[NR_MAC] UE 476b RA failed at state WAIT_Msg3 (Reached msg3 max harq rounds)
[0m[93m[NR_MAC] UE 3622 RA failed at state WAIT_Msg3 (Reached msg3 max harq rounds)
[0m[93m[NR_MAC] UE 582d RA failed at state WAIT_Msg3 (Reached msg3 max harq rounds)
[0m[93m[NR_MAC] UE b602 RA failed at state WAIT_Msg3 (Reached msg3 max harq rounds)
[0m[93m[NR_MAC] UE e245 RA failed at state WAIT_Msg3 (Reached msg3 max harq rounds)
[0m[93m[NR_MAC] UE 0bdc RA failed at state WAIT_Msg3 (Reached msg3 max harq rounds)
[0m[93m[NR_MAC] UE f278 RA failed at state WAIT_Msg3 (Reached msg3 max harq rounds)
[0m[93m[NR_MAC] UE a513 RA failed at state WAIT_Msg3 (Reached msg3 max harq rounds)
[0m[HW]     [o-du 0][rx  397829 pps   10752 kbps   43114][tx 1179308 pps   31872 kbps  108900][Total Msgs_Rcvd 397829]
[0m[HW]     [FH LOAD][o-du 0] rx=43.114 Mbps tx=108.900 Mbps total=152.014 Mbps rx_pps=10752 tx_pps=31872 total_pps=42624
[0m[HW]     [o_du0][pusch0  340992 prach0   56832]
[0m[93m[NR_MAC] UE b11f RA failed at state WAIT_Msg3 (Reached msg3 max harq rounds)
[0m[93m[NR_MAC] UE e69e RA failed at state WAIT_Msg3 (Reached msg3 max harq rounds)
[0m[93m[NR_MAC] UE f2f1 RA failed at state WAIT_Msg3 (Reached msg3 max harq rounds)
[0m[93m[NR_MAC] UE 6b78 RA failed at state WAIT_Msg3 (Reached msg3 max harq rounds)
[0m[93m[NR_MAC] UE 46bb RA failed at state WAIT_Msg3 (Reached msg3 max harq rounds)
[0m[93m[NR_MAC] UE 5a98 RA failed at state WAIT_Msg3 (Reached msg3 max harq rounds)
[0m[93m[NR_MAC] UE 8464 RA failed at state WAIT_Msg3 (Reached msg3 max harq rounds)
[0m[93m[NR_MAC] UE 25fb RA failed at state WAIT_Msg3 (Reached msg3 max harq rounds)
[0m[93m[NR_MAC] UE 5e5f RA failed at state WAIT_Msg3 (Reached msg3 max harq rounds)
[0m[93m[NR_MAC] UE 766c RA failed at state WAIT_Msg3 (Reached msg3 max harq rounds)
[0m[HW]     [o-du 0][rx  408581 pps   10752 kbps   43128][tx 1211180 pps   31872 kbps  108900][Total Msgs_Rcvd 408581]
[0m[HW]     [FH LOAD][o-du 0] rx=43.128 Mbps tx=108.900 Mbps total=152.028 Mbps rx_pps=10752 tx_pps=31872 total_pps=42624
[0m[HW]     [o_du0][pusch0  350208 prach0   58368]
[0m[93m[NR_MAC] UE a5d4 RA failed at state WAIT_Msg3 (Reached msg3 max harq rounds)
[0m[93m[NR_MAC] UE 7225 RA failed at state WAIT_Msg3 (Reached msg3 max harq rounds)
[0m[93m[NR_MAC] UE c103 RA failed at state WAIT_Msg3 (Reached msg3 max harq rounds)
[0m[93m[NR_MAC] UE 03bc RA failed at state WAIT_Msg3 (Reached msg3 max harq rounds)
[0m[93m[NR_MAC] UE 39f0 RA failed at state WAIT_Msg3 (Reached msg3 max harq rounds)
[0m[93m[NR_MAC] UE 721d RA failed at state WAIT_Msg3 (Reached msg3 max harq rounds)
[0m[93m[NR_MAC] UE 4097 RA failed at state WAIT_Msg3 (Reached msg3 max harq rounds)
[0m[93m[NR_MAC] UE 4499 RA failed at state WAIT_Msg3 (Reached msg3 max harq rounds)
[0m[93m[NR_MAC] UE 9a3e RA failed at state WAIT_Msg3 (Reached msg3 max harq rounds)
[0m[93m[NR_MAC] UE ea1e RA failed at state WAIT_Msg3 (Reached msg3 max harq rounds)
[0m[93m[NR_MAC] UE 6698 RA failed at state WAIT_Msg3 (Reached msg3 max harq rounds)
[0m[HW]     [o-du 0][rx  419333 pps   10752 kbps   43123][tx 1243052 pps   31872 kbps  108900][Total Msgs_Rcvd 419333]
[0m[HW]     [FH LOAD][o-du 0] rx=43.123 Mbps tx=108.900 Mbps total=152.023 Mbps rx_pps=10752 tx_pps=31872 total_pps=42624
[0m[HW]     [o_du0][pusch0  359424 prach0   59904]
[0m[93m[NR_MAC] UE ad3e RA failed at state WAIT_Msg3 (Reached msg3 max harq rounds)
[0m[93m[NR_MAC] UE f78f RA failed at state WAIT_Msg3 (Reached msg3 max harq rounds)
[0m[93m[NR_MAC] UE d36f RA failed at state WAIT_Msg3 (Reached msg3 max harq rounds)
[0m[93m[HW]     TTI processing delay detected, skipping  935.10 =>  937. 6
[0m[1;31m[HW]     Received Time doesn't correspond to the time we think it is (slot mismatch, received 937.6, expected 935.10)
[0m[1;31m[HW]     Received Time doesn't correspond to the time we think it is (frame mismatch, 937.6 , expected 935.6)
[0m[93m[HW]     TTI processing delay detected, skipping  937. 9 =>  939. 5
[0m[1;31m[HW]     Received Time doesn't correspond to the time we think it is (slot mismatch, received 939.5, expected 937.9)
[0m[1;31m[HW]     Received Time doesn't correspond to the time we think it is (frame mismatch, 939.5 , expected 937.5)
[0m[93m[HW]     TTI processing delay detected, skipping  939. 9 =>  941. 5
[0m[1;31m[HW]     Received Time doesn't correspond to the time we think it is (slot mismatch, received 941.5, expected 939.9)
[0m[1;31m[HW]     Received Time doesn't correspond to the time we think it is (frame mismatch, 941.5 , expected 939.5)
[0m[93m[HW]     TTI processing delay detected, skipping  941. 9 =>  943. 5
[0m[1;31m[HW]     Received Time doesn't correspond to the time we think it is (slot mismatch, received 943.5, expected 941.9)
[0m[1;31m[HW]     Received Time doesn't correspond to the time we think it is (frame mismatch, 943.5 , expected 941.5)
[0m[93m[HW]     TTI processing delay detected, skipping  943. 9 =>  945. 5
[0m[1;31m[HW]     Received Time doesn't correspond to the time we think it is (slot mismatch, received 945.5, expected 943.9)
[0m[1;31m[HW]     Received Time doesn't correspond to the time we think it is (frame mismatch, 945.5 , expected 943.5)
[0m[93m[HW]     TTI processing delay detected, skipping  945. 9 =>  947. 5
[0m[1;31m[HW]     Received Time doesn't correspond to the time we think it is (slot mismatch, received 947.5, expected 945.9)
[0m[1;31m[HW]     Received Time doesn't correspond to the time we think it is (frame mismatch, 947.5 , expected 945.5)
[0m[93m[HW]     TTI processing delay detected, skipping  947. 9 =>  949. 5
[0m[1;31m[HW]     Received Time doesn't correspond to the time we think it is (slot mismatch, received 949.5, expected 947.9)
[0m[1;31m[HW]     Received Time doesn't correspond to the time we think it is (frame mismatch, 949.5 , expected 947.5)
[0m[93m[HW]     TTI processing delay detected, skipping  949. 9 =>  951. 5
[0m[1;31m[HW]     Received Time doesn't correspond to the time we think it is (slot mismatch, received 951.5, expected 949.9)
[0m[1;31m[HW]     Received Time doesn't correspond to the time we think it is (frame mismatch, 951.5 , expected 949.5)
[0m[93m[HW]     TTI processing delay detected, skipping  951. 9 =>  953. 5
[0m[1;31m[HW]     Received Time doesn't correspond to the time we think it is (slot mismatch, received 953.5, expected 951.9)
[0m[1;31m[HW]     Received Time doesn't correspond to the time we think it is (frame mismatch, 953.5 , expected 951.5)
[0m[93m[HW]     TTI processing delay detected, skipping  953. 9 =>  955. 5
[0m[1;31m[HW]     Received Time doesn't correspond to the time we think it is (slot mismatch, received 955.5, expected 953.9)
[0m[1;31m[HW]     Received Time doesn't correspond to the time we think it is (frame mismatch, 955.5 , expected 953.5)
[0m[93m[HW]     TTI processing delay detected, skipping  955. 9 =>  957. 5
[0m[1;31m[HW]     Received Time doesn't correspond to the time we think it is (slot mismatch, received 957.5, expected 955.9)
[0m[1;31m[HW]     Received Time doesn't correspond to the time we think it is (frame mismatch, 957.5 , expected 955.5)
[0m[93m[HW]     TTI processing delay detected, skipping  957. 9 =>  959. 5
[0m[1;31m[HW]     Received Time doesn't correspond to the time we think it is (slot mismatch, received 959.5, expected 957.9)
[0m[1;31m[HW]     Received Time doesn't correspond to the time we think it is (frame mismatch, 959.5 , expected 957.5)
[0m[93m[HW]     TTI processing delay detected, skipping  959. 9 =>  961. 5
[0m[1;31m[HW]     Received Time doesn't correspond to the time we think it is (slot mismatch, received 961.5, expected 959.9)
[0m[1;31m[HW]     Received Time doesn't correspond to the time we think it is (frame mismatch, 961.5 , expected 959.5)
[0m[93m[HW]     TTI processing delay detected, skipping  961. 9 =>  963. 5
[0m[1;31m[HW]     Received Time doesn't correspond to the time we think it is (slot mismatch, received 963.5, expected 961.9)
[0m[1;31m[HW]     Received Time doesn't correspond to the time we think it is (frame mismatch, 963.5 , expected 961.5)
[0m[93m[HW]     TTI processing delay detected, skipping  963. 9 =>  965. 5
[0m[1;31m[HW]     Received Time doesn't correspond to the time we think it is (slot mismatch, received 965.5, expected 963.9)
[0m[1;31m[HW]     Received Time doesn't correspond to the time we think it is (frame mismatch, 965.5 , expected 963.5)
[0m[93m[HW]     TTI processing delay detected, skipping  965. 9 =>  967. 5
[0m[1;31m[HW]     Received Time doesn't correspond to the time we think it is (slot mismatch, received 967.5, expected 965.9)
[0m[1;31m[HW]     Received Time doesn't correspond to the time we think it is (frame mismatch, 967.5 , expected 965.5)
[0m[93m[HW]     TTI processing delay detected, skipping  967. 9 =>  969. 5
[0m[1;31m[HW]     Received Time doesn't correspond to the time we think it is (slot mismatch, received 969.5, expected 967.9)
[0m[1;31m[HW]     Received Time doesn't correspond to the time we think it is (frame mismatch, 969.5 , expected 967.5)
[0m[93m[HW]     TTI processing delay detected, skipping  969. 9 =>  971. 5
[0m[1;31m[HW]     Received Time doesn't correspond to the time we think it is (slot mismatch, received 971.5, expected 969.9)
[0m[1;31m[HW]     Received Time doesn't correspond to the time we think it is (frame mismatch, 971.5 , expected 969.5)
[0m[93m[HW]     TTI processing delay detected, skipping  971. 9 =>  973. 5
[0m[1;31m[HW]     Received Time doesn't correspond to the time we think it is (slot mismatch, received 973.5, expected 971.9)
[0m[1;31m[HW]     Received Time doesn't correspond to the time we think it is (frame mismatch, 973.5 , expected 971.5)
[0m[93m[HW]     TTI processing delay detected, skipping  973. 9 =>  975. 5
[0m[1;31m[HW]     Received Time doesn't correspond to the time we think it is (slot mismatch, received 975.5, expected 973.9)
[0m[1;31m[HW]     Received Time doesn't correspond to the time we think it is (frame mismatch, 975.5 , expected 973.5)
[0m[93m[HW]     TTI processing delay detected, skipping  975. 9 =>  977. 5
[0m[1;31m[HW]     Received Time doesn't correspond to the time we think it is (slot mismatch, received 977.5, expected 975.9)
[0m[1;31m[HW]     Received Time doesn't correspond to the time we think it is (frame mismatch, 977.5 , expected 975.5)
[0m[93m[HW]     TTI processing delay detected, skipping  977. 9 =>  979. 5
[0m[1;31m[HW]     Received Time doesn't correspond to the time we think it is (slot mismatch, received 979.5, expected 977.9)
[0m[1;31m[HW]     Received Time doesn't correspond to the time we think it is (frame mismatch, 979.5 , expected 977.5)
[0m[93m[HW]     TTI processing delay detected, skipping  979. 9 =>  981. 5
[0m[1;31m[HW]     Received Time doesn't correspond to the time we think it is (slot mismatch, received 981.5, expected 979.9)
[0m[1;31m[HW]     Received Time doesn't correspond to the time we think it is (frame mismatch, 981.5 , expected 979.5)
[0m[93m[HW]     TTI processing delay detected, skipping  981. 9 =>  983. 5
[0m[1;31m[HW]     Received Time doesn't correspond to the time we think it is (slot mismatch, received 983.5, expected 981.9)
[0m[1;31m[HW]     Received Time doesn't correspond to the time we think it is (frame mismatch, 983.5 , expected 981.5)
[0m[93m[HW]     TTI processing delay detected, skipping  983. 9 =>  985. 5
[0m[1;31m[HW]     Received Time doesn't correspond to the time we think it is (slot mismatch, received 985.5, expected 983.9)
[0m[1;31m[HW]     Received Time doesn't correspond to the time we think it is (frame mismatch, 985.5 , expected 983.5)
[0m[93m[HW]     TTI processing delay detected, skipping  985. 9 =>  987. 5
[0m[1;31m[HW]     Received Time doesn't correspond to the time we think it is (slot mismatch, received 987.5, expected 985.9)
[0m[1;31m[HW]     Received Time doesn't correspond to the time we think it is (frame mismatch, 987.5 , expected 985.5)
[0m[93m[HW]     TTI processing delay detected, skipping  987. 9 =>  989. 5
[0m[1;31m[HW]     Received Time doesn't correspond to the time we think it is (slot mismatch, received 989.5, expected 987.9)
[0m[1;31m[HW]     Received Time doesn't correspond to the time we think it is (frame mismatch, 989.5 , expected 987.5)
[0m[93m[HW]     TTI processing delay detected, skipping  989. 9 =>  991. 5
[0m[1;31m[HW]     Received Time doesn't correspond to the time we think it is (slot mismatch, received 991.5, expected 989.9)
[0m[1;31m[HW]     Received Time doesn't correspond to the time we think it is (frame mismatch, 991.5 , expected 989.5)
[0m[93m[HW]     TTI processing delay detected, skipping  991. 9 =>  993. 5
[0m[1;31m[HW]     Received Time doesn't correspond to the time we think it is (slot mismatch, received 993.5, expected 991.9)
[0m[1;31m[HW]     Received Time doesn't correspond to the time we think it is (frame mismatch, 993.5 , expected 991.5)
[0m[93m[HW]     TTI processing delay detected, skipping  993. 9 =>  995. 5
[0m[1;31m[HW]     Received Time doesn't correspond to the time we think it is (slot mismatch, received 995.5, expected 993.9)
[0m[1;31m[HW]     Received Time doesn't correspond to the time we think it is (frame mismatch, 995.5 , expected 993.5)
[0m[93m[HW]     TTI processing delay detected, skipping  995. 9 =>  997. 5
[0m[1;31m[HW]     Received Time doesn't correspond to the time we think it is (slot mismatch, received 997.5, expected 995.9)
[0m[1;31m[HW]     Received Time doesn't correspond to the time we think it is (frame mismatch, 997.5 , expected 995.5)
[0m[93m[HW]     TTI processing delay detected, skipping  997. 9 =>  999. 5
[0m[1;31m[HW]     Received Time doesn't correspond to the time we think it is (slot mismatch, received 999.5, expected 997.9)
[0m[1;31m[HW]     Received Time doesn't correspond to the time we think it is (frame mismatch, 999.5 , expected 997.5)
[0m[93m[HW]     TTI processing delay detected, skipping  999. 9 => 1001. 5
[0m[1;31m[HW]     Received Time doesn't correspond to the time we think it is (slot mismatch, received 1001.5, expected 999.9)
[0m[1;31m[HW]     Received Time doesn't correspond to the time we think it is (frame mismatch, 1001.5 , expected 999.5)
[0m[93m[HW]     TTI processing delay detected, skipping 1001. 9 => 1003. 5
[0m[1;31m[HW]     Received Time doesn't correspond to the time we think it is (slot mismatch, received 1003.5, expected 1001.9)
[0m[1;31m[HW]     Received Time doesn't correspond to the time we think it is (frame mismatch, 1003.5 , expected 1001.5)
[0m[93m[HW]     TTI processing delay detected, skipping 1003. 9 => 1005. 5
[0m[1;31m[HW]     Received Time doesn't correspond to the time we think it is (slot mismatch, received 1005.5, expected 1003.9)
[0m[1;31m[HW]     Received Time doesn't correspond to the time we think it is (frame mismatch, 1005.5 , expected 1003.5)
[0m[93m[HW]     TTI processing delay detected, skipping 1005. 9 => 1007. 5
[0m[1;31m[HW]     Received Time doesn't correspond to the time we think it is (slot mismatch, received 1007.5, expected 1005.9)
[0m[1;31m[HW]     Received Time doesn't correspond to the time we think it is (frame mismatch, 1007.5 , expected 1005.5)
[0m[93m[HW]     TTI processing delay detected, skipping 1007. 9 => 1009. 5
[0m[1;31m[HW]     Received Time doesn't correspond to the time we think it is (slot mismatch, received 1009.5, expected 1007.9)
[0m[1;31m[HW]     Received Time doesn't correspond to the time we think it is (frame mismatch, 1009.5 , expected 1007.5)
[0m[93m[HW]     TTI processing delay detected, skipping 1009. 9 => 1011. 5
[0m[1;31m[HW]     Received Time doesn't correspond to the time we think it is (slot mismatch, received 1011.5, expected 1009.9)
[0m[1;31m[HW]     Received Time doesn't correspond to the time we think it is (frame mismatch, 1011.5 , expected 1009.5)
[0m[93m[HW]     TTI processing delay detected, skipping 1011. 9 => 1013. 5
[0m[1;31m[HW]     Received Time doesn't correspond to the time we think it is (slot mismatch, received 1013.5, expected 1011.9)
[0m[1;31m[HW]     Received Time doesn't correspond to the time we think it is (frame mismatch, 1013.5 , expected 1011.5)
[0m[93m[HW]     TTI processing delay detected, skipping 1013. 9 => 1015. 5
[0m[1;31m[HW]     Received Time doesn't correspond to the time we think it is (slot mismatch, received 1015.5, expected 1013.9)
[0m[1;31m[HW]     Received Time doesn't correspond to the time we think it is (frame mismatch, 1015.5 , expected 1013.5)
[0m[93m[HW]     TTI processing delay detected, skipping 1015. 9 => 1017. 5
[0m[1;31m[HW]     Received Time doesn't correspond to the time we think it is (slot mismatch, received 1017.5, expected 1015.9)
[0m[1;31m[HW]     Received Time doesn't correspond to the time we think it is (frame mismatch, 1017.5 , expected 1015.5)
[0m[93m[HW]     TTI processing delay detected, skipping 1017. 9 => 1019. 5
[0m[1;31m[HW]     Received Time doesn't correspond to the time we think it is (slot mismatch, received 1019.5, expected 1017.9)
[0m[1;31m[HW]     Received Time doesn't correspond to the time we think it is (frame mismatch, 1019.5 , expected 1017.5)
[0m[93m[HW]     TTI processing delay detected, skipping 1019. 9 => 1021. 5
[0m[1;31m[HW]     Received Time doesn't correspond to the time we think it is (slot mismatch, received 1021.5, expected 1019.9)
[0m[1;31m[HW]     Received Time doesn't correspond to the time we think it is (frame mismatch, 1021.5 , expected 1019.5)
[0m[93m[HW]     TTI processing delay detected, skipping 1021. 9 => 1023. 5
[0m[1;31m[HW]     Received Time doesn't correspond to the time we think it is (slot mismatch, received 1023.5, expected 1021.9)
[0m[1;31m[HW]     Received Time doesn't correspond to the time we think it is (frame mismatch, 1023.5 , expected 1021.5)
[0m[93m[HW]     TTI processing delay detected, skipping 1023. 9 =>    1. 5
[0m[1;31m[HW]     Received Time doesn't correspond to the time we think it is (slot mismatch, received 1.5, expected 1023.9)
[0m[1;31m[HW]     Received Time doesn't correspond to the time we think it is (frame mismatch, 1.5 , expected 1023.5)
[0m[93m[HW]     TTI processing delay detected, skipping    1. 9 =>    3. 5
[0m[1;31m[HW]     Received Time doesn't correspond to the time we think it is (slot mismatch, received 3.5, expected 1.9)
[0m[1;31m[HW]     Received Time doesn't correspond to the time we think it is (frame mismatch, 3.5 , expected 1.5)
[0m[93m[HW]     TTI processing delay detected, skipping    3. 9 =>    5. 5
[0m[1;31m[HW]     Received Time doesn't correspond to the time we think it is (slot mismatch, received 5.5, expected 3.9)
[0m[1;31m[HW]     Received Time doesn't correspond to the time we think it is (frame mismatch, 5.5 , expected 3.5)
[0m[93m[HW]     TTI processing delay detected, skipping    5. 9 =>    7. 5
[0m[1;31m[HW]     Received Time doesn't correspond to the time we think it is (slot mismatch, received 7.5, expected 5.9)
[0m[1;31m[HW]     Received Time doesn't correspond to the time we think it is (frame mismatch, 7.5 , expected 5.5)
[0m[93m[HW]     TTI processing delay detected, skipping    7. 9 =>    9. 5
[0m[1;31m[HW]     Received Time doesn't correspond to the time we think it is (slot mismatch, received 9.5, expected 7.9)
[0m[1;31m[HW]     Received Time doesn't correspond to the time we think it is (frame mismatch, 9.5 , expected 7.5)
[0m[93m[HW]     TTI processing delay detected, skipping    9. 9 =>   11. 5
[0m[1;31m[HW]     Received Time doesn't correspond to the time we think it is (slot mismatch, received 11.5, expected 9.9)
[0m[1;31m[HW]     Received Time doesn't correspond to the time we think it is (frame mismatch, 11.5 , expected 9.5)
[0m[93m[HW]     TTI processing delay detected, skipping   11. 9 =>   13. 5
[0m[1;31m[HW]     Received Time doesn't correspond to the time we think it is (slot mismatch, received 13.5, expected 11.9)
[0m[1;31m[HW]     Received Time doesn't correspond to the time we think it is (frame mismatch, 13.5 , expected 11.5)
[0m[93m[HW]     TTI processing delay detected, skipping   13. 9 =>   15. 5
[0m[1;31m[HW]     Received Time doesn't correspond to the time we think it is (slot mismatch, received 15.5, expected 13.9)
[0m[1;31m[HW]     Received Time doesn't correspond to the time we think it is (frame mismatch, 15.5 , expected 13.5)
[0m[93m[HW]     TTI processing delay detected, skipping   15. 9 =>   17. 5
[0m[1;31m[HW]     Received Time doesn't correspond to the time we think it is (slot mismatch, received 17.5, expected 15.9)
[0m[1;31m[HW]     Received Time doesn't correspond to the time we think it is (frame mismatch, 17.5 , expected 15.5)
[0m[93m[HW]     TTI processing delay detected, skipping   17. 9 =>   19. 5
[0m[1;31m[HW]     Received Time doesn't correspond to the time we think it is (slot mismatch, received 19.5, expected 17.9)
[0m[1;31m[HW]     Received Time doesn't correspond to the time we think it is (frame mismatch, 19.5 , expected 17.5)
[0m[93m[HW]     TTI processing delay detected, skipping   19. 9 =>   21. 5
[0m[1;31m[HW]     Received Time doesn't correspond to the time we think it is (slot mismatch, received 21.5, expected 19.9)
[0m[1;31m[HW]     Received Time doesn't correspond to the time we think it is (frame mismatch, 21.5 , expected 19.5)
[0m[93m[HW]     TTI processing delay detected, skipping   21. 9 =>   23. 5
[0m[1;31m[HW]     Received Time doesn't correspond to the time we think it is (slot mismatch, received 23.5, expected 21.9)
[0m[1;31m[HW]     Received Time doesn't correspond to the time we think it is (frame mismatch, 23.5 , expected 21.5)
[0m[93m[HW]     TTI processing delay detected, skipping   23. 9 =>   25. 5
[0m[1;31m[HW]     Received Time doesn't correspond to the time we think it is (slot mismatch, received 25.5, expected 23.9)
[0m[1;31m[HW]     Received Time doesn't correspond to the time we think it is (frame mismatch, 25.5 , expected 23.5)
[0m[93m[HW]     TTI processing delay detected, skipping   25. 9 =>   27. 5
[0m[1;31m[HW]     Received Time doesn't correspond to the time we think it is (slot mismatch, received 27.5, expected 25.9)
[0m[1;31m[HW]     Received Time doesn't correspond to the time we think it is (frame mismatch, 27.5 , expected 25.5)
[0m[93m[HW]     TTI processing delay detected, skipping   27. 9 =>   29. 5
[0m[1;31m[HW]     Received Time doesn't correspond to the time we think it is (slot mismatch, received 29.5, expected 27.9)
[0m[1;31m[HW]     Received Time doesn't correspond to the time we think it is (frame mismatch, 29.5 , expected 27.5)
[0m[93m[HW]     TTI processing delay detected, skipping   29. 9 =>   31. 5
[0m[1;31m[HW]     Received Time doesn't correspond to the time we think it is (slot mismatch, received 31.5, expected 29.9)
[0m[1;31m[HW]     Received Time doesn't correspond to the time we think it is (frame mismatch, 31.5 , expected 29.5)
[0m[93m[HW]     TTI processing delay detected, skipping   31. 9 =>   33. 5
[0m[1;31m[HW]     Received Time doesn't correspond to the time we think it is (slot mismatch, received 33.5, expected 31.9)
[0m[1;31m[HW]     Received Time doesn't correspond to the time we think it is (frame mismatch, 33.5 , expected 31.5)
[0m[93m[HW]     TTI processing delay detected, skipping   33. 9 =>   35. 5
[0m[1;31m[HW]     Received Time doesn't correspond to the time we think it is (slot mismatch, received 35.5, expected 33.9)
[0m[1;31m[HW]     Received Time doesn't correspond to the time we think it is (frame mismatch, 35.5 , expected 33.5)
[0m[93m[HW]     TTI processing delay detected, skipping   35. 9 =>   37. 5
[0m[1;31m[HW]     Received Time doesn't correspond to the time we think it is (slot mismatch, received 37.5, expected 35.9)
[0m[1;31m[HW]     Received Time doesn't correspond to the time we think it is (frame mismatch, 37.5 , expected 35.5)
[0m[93m[HW]     TTI processing delay detected, skipping   37. 9 =>   39. 5
[0m[1;31m[HW]     Received Time doesn't correspond to the time we think it is (slot mismatch, received 39.5, expected 37.9)
[0m[1;31m[HW]     Received Time doesn't correspond to the time we think it is (frame mismatch, 39.5 , expected 37.5)
[0m[93m[HW]     TTI processing delay detected, skipping   39. 9 =>   41. 5
[0m[1;31m[HW]     Received Time doesn't correspond to the time we think it is (slot mismatch, received 41.5, expected 39.9)
[0m[1;31m[HW]     Received Time doesn't correspond to the time we think it is (frame mismatch, 41.5 , expected 39.5)
[0m[93m[HW]     TTI processing delay detected, skipping   41. 9 =>   43. 5
[0m[1;31m[HW]     Received Time doesn't correspond to the time we think it is (slot mismatch, received 43.5, expected 41.9)
[0m[1;31m[HW]     Received Time doesn't correspond to the time we think it is (frame mismatch, 43.5 , expected 41.5)
[0m[93m[HW]     TTI processing delay detected, skipping   43. 9 =>   45. 5
[0m[1;31m[HW]     Received Time doesn't correspond to the time we think it is (slot mismatch, received 45.5, expected 43.9)
[0m[1;31m[HW]     Received Time doesn't correspond to the time we think it is (frame mismatch, 45.5 , expected 43.5)
[0m[93m[HW]     TTI processing delay detected, skipping   45. 9 =>   47. 5
[0m[1;31m[HW]     Received Time doesn't correspond to the time we think it is (slot mismatch, received 47.5, expected 45.9)
[0m[1;31m[HW]     Received Time doesn't correspond to the time we think it is (frame mismatch, 47.5 , expected 45.5)
[0m[93m[HW]     TTI processing delay detected, skipping   47. 9 =>   49. 5
[0m[1;31m[HW]     Received Time doesn't correspond to the time we think it is (slot mismatch, received 49.5, expected 47.9)
[0m[1;31m[HW]     Received Time doesn't correspond to the time we think it is (frame mismatch, 49.5 , expected 47.5)
[0m[93m[HW]     TTI processing delay detected, skipping   49. 9 =>   51. 5
[0m[1;31m[HW]     Received Time doesn't correspond to the time we think it is (slot mismatch, received 51.5, expected 49.9)
[0m[1;31m[HW]     Received Time doesn't correspond to the time we think it is (frame mismatch, 51.5 , expected 49.5)
[0m[93m[HW]     TTI processing delay detected, skipping   51. 9 =>   53. 5
[0m[1;31m[HW]     Received Time doesn't correspond to the time we think it is (slot mismatch, received 53.5, expected 51.9)
[0m[1;31m[HW]     Received Time doesn't correspond to the time we think it is (frame mismatch, 53.5 , expected 51.5)
[0m[93m[HW]     TTI processing delay detected, skipping   53. 9 =>   55. 5
[0m[1;31m[HW]     Received Time doesn't correspond to the time we think it is (slot mismatch, received 55.5, expected 53.9)
[0m[1;31m[HW]     Received Time doesn't correspond to the time we think it is (frame mismatch, 55.5 , expected 53.5)
[0m[93m[HW]     TTI processing delay detected, skipping   55. 9 =>   57. 5
[0m[1;31m[HW]     Received Time doesn't correspond to the time we think it is (slot mismatch, received 57.5, expected 55.9)
[0m[1;31m[HW]     Received Time doesn't correspond to the time we think it is (frame mismatch, 57.5 , expected 55.5)
[0m[93m[HW]     TTI processing delay detected, skipping   57. 9 =>   59. 5
[0m[1;31m[HW]     Received Time doesn't correspond to the time we think it is (slot mismatch, received 59.5, expected 57.9)
[0m[1;31m[HW]     Received Time doesn't correspond to the time we think it is (frame mismatch, 59.5 , expected 57.5)
[0m[93m[HW]     TTI processing delay detected, skipping   59. 9 =>   61. 5
[0m[1;31m[HW]     Received Time doesn't correspond to the time we think it is (slot mismatch, received 61.5, expected 59.9)
[0m[1;31m[HW]     Received Time doesn't correspond to the time we think it is (frame mismatch, 61.5 , expected 59.5)
[0m[93m[HW]     TTI processing delay detected, skipping   61. 9 =>   63. 5
[0m[1;31m[HW]     Received Time doesn't correspond to the time we think it is (slot mismatch, received 63.5, expected 61.9)
[0m[1;31m[HW]     Received Time doesn't correspond to the time we think it is (frame mismatch, 63.5 , expected 61.5)
[0m[93m[HW]     TTI processing delay detected, skipping   63. 9 =>   65. 5
[0m[1;31m[HW]     Received Time doesn't correspond to the time we think it is (slot mismatch, received 65.5, expected 63.9)
[0m[1;31m[HW]     Received Time doesn't correspond to the time we think it is (frame mismatch, 65.5 , expected 63.5)
[0m[93m[HW]     TTI processing delay detected, skipping   65. 9 =>   67. 5
[0m[1;31m[HW]     Received Time doesn't correspond to the time we think it is (slot mismatch, received 67.5, expected 65.9)
[0m[1;31m[HW]     Received Time doesn't correspond to the time we think it is (frame mismatch, 67.5 , expected 65.5)
[0m[93m[HW]     TTI processing delay detected, skipping   67. 9 =>   69. 5
[0m[1;31m[HW]     Received Time doesn't correspond to the time we think it is (slot mismatch, received 69.5, expected 67.9)
[0m[1;31m[HW]     Received Time doesn't correspond to the time we think it is (frame mismatch, 69.5 , expected 67.5)
[0m[93m[HW]     TTI processing delay detected, skipping   69. 9 =>   71. 5
[0m[1;31m[HW]     Received Time doesn't correspond to the time we think it is (slot mismatch, received 71.5, expected 69.9)
[0m[1;31m[HW]     Received Time doesn't correspond to the time we think it is (frame mismatch, 71.5 , expected 69.5)
[0m[93m[HW]     TTI processing delay detected, skipping   71. 9 =>   73. 5
[0m[1;31m[HW]     Received Time doesn't correspond to the time we think it is (slot mismatch, received 73.5, expected 71.9)
[0m[1;31m[HW]     Received Time doesn't correspond to the time we think it is (frame mismatch, 73.5 , expected 71.5)
[0m[93m[HW]     TTI processing delay detected, skipping   73. 9 =>   75. 5
[0m[1;31m[HW]     Received Time doesn't correspond to the time we think it is (slot mismatch, received 75.5, expected 73.9)
[0m[1;31m[HW]     Received Time doesn't correspond to the time we think it is (frame mismatch, 75.5 , expected 73.5)
[0m[93m[HW]     TTI processing delay detected, skipping   75. 9 =>   77. 5
[0m[1;31m[HW]     Received Time doesn't correspond to the time we think it is (slot mismatch, received 77.5, expected 75.9)
[0m[1;31m[HW]     Received Time doesn't correspond to the time we think it is (frame mismatch, 77.5 , expected 75.5)
[0m[93m[HW]     TTI processing delay detected, skipping   77. 9 =>   79. 5
[0m[1;31m[HW]     Received Time doesn't correspond to the time we think it is (slot mismatch, received 79.5, expected 77.9)
[0m[1;31m[HW]     Received Time doesn't correspond to the time we think it is (frame mismatch, 79.5 , expected 77.5)
[0m[93m[HW]     TTI processing delay detected, skipping   79. 9 =>   81. 5
[0m[1;31m[HW]     Received Time doesn't correspond to the time we think it is (slot mismatch, received 81.5, expected 79.9)
[0m[1;31m[HW]     Received Time doesn't correspond to the time we think it is (frame mismatch, 81.5 , expected 79.5)
[0m[93m[HW]     TTI processing delay detected, skipping   81. 9 =>   83. 5
[0m[1;31m[HW]     Received Time doesn't correspond to the time we think it is (slot mismatch, received 83.5, expected 81.9)
[0m[1;31m[HW]     Received Time doesn't correspond to the time we think it is (frame mismatch, 83.5 , expected 81.5)
[0m[93m[HW]     TTI processing delay detected, skipping   83. 9 =>   85. 5
[0m[1;31m[HW]     Received Time doesn't correspond to the time we think it is (slot mismatch, received 85.5, expected 83.9)
[0m[1;31m[HW]     Received Time doesn't correspond to the time we think it is (frame mismatch, 85.5 , expected 83.5)
[0m[93m[HW]     TTI processing delay detected, skipping   85. 9 =>   87. 5
[0m[1;31m[HW]     Received Time doesn't correspond to the time we think it is (slot mismatch, received 87.5, expected 85.9)
[0m[1;31m[HW]     Received Time doesn't correspond to the time we think it is (frame mismatch, 87.5 , expected 85.5)
[0m[93m[HW]     TTI processing delay detected, skipping   87. 9 =>   89. 5
[0m[1;31m[HW]     Received Time doesn't correspond to the time we think it is (slot mismatch, received 89.5, expected 87.9)
[0m[1;31m[HW]     Received Time doesn't correspond to the time we think it is (frame mismatch, 89.5 , expected 87.5)
[0m[93m[HW]     TTI processing delay detected, skipping   89. 9 =>   91. 5
[0m[1;31m[HW]     Received Time doesn't correspond to the time we think it is (slot mismatch, received 91.5, expected 89.9)
[0m[1;31m[HW]     Received Time doesn't correspond to the time we think it is (frame mismatch, 91.5 , expected 89.5)
[0m[93m[HW]     TTI processing delay detected, skipping   91. 9 =>   93. 5
[0m[1;31m[HW]     Received Time doesn't correspond to the time we think it is (slot mismatch, received 93.5, expected 91.9)
[0m[1;31m[HW]     Received Time doesn't correspond to the time we think it is (frame mismatch, 93.5 , expected 91.5)
[0m[93m[HW]     TTI processing delay detected, skipping   93. 9 =>   95. 5
[0m[1;31m[HW]     Received Time doesn't correspond to the time we think it is (slot mismatch, received 95.5, expected 93.9)
[0m[1;31m[HW]     Received Time doesn't correspond to the time we think it is (frame mismatch, 95.5 , expected 93.5)
[0m[93m[HW]     TTI processing delay detected, skipping   95. 9 =>   97. 5
[0m[1;31m[HW]     Received Time doesn't correspond to the time we think it is (slot mismatch, received 97.5, expected 95.9)
[0m[1;31m[HW]     Received Time doesn't correspond to the time we think it is (frame mismatch, 97.5 , expected 95.5)
[0m[93m[HW]     TTI processing delay detected, skipping   97. 9 =>   99. 5
[0m[1;31m[HW]     Received Time doesn't correspond to the time we think it is (slot mismatch, received 99.5, expected 97.9)
[0m[1;31m[HW]     Received Time doesn't correspond to the time we think it is (frame mismatch, 99.5 , expected 97.5)
[0m[93m[HW]     TTI processing delay detected, skipping   99. 9 =>  101. 5
[0m[1;31m[HW]     Received Time doesn't correspond to the time we think it is (slot mismatch, received 101.5, expected 99.9)
[0m[1;31m[HW]     Received Time doesn't correspond to the time we think it is (frame mismatch, 101.5 , expected 99.5)
[0m[93m[HW]     TTI processing delay detected, skipping  101. 9 =>  103. 5
[0m[1;31m[HW]     Received Time doesn't correspond to the time we think it is (slot mismatch, received 103.5, expected 101.9)
[0m[1;31m[HW]     Received Time doesn't correspond to the time we think it is (frame mismatch, 103.5 , expected 101.5)
[0m[93m[HW]     TTI processing delay detected, skipping  103. 9 =>  105. 5
[0m[1;31m[HW]     Received Time doesn't correspond to the time we think it is (slot mismatch, received 105.5, expected 103.9)
[0m[1;31m[HW]     Received Time doesn't correspond to the time we think it is (frame mismatch, 105.5 , expected 103.5)
[0m[93m[HW]     TTI processing delay detected, skipping  105. 9 =>  107. 5
[0m[1;31m[HW]     Received Time doesn't correspond to the time we think it is (slot mismatch, received 107.5, expected 105.9)
[0m[1;31m[HW]     Received Time doesn't correspond to the time we think it is (frame mismatch, 107.5 , expected 105.5)
[0m[93m[HW]     TTI processing delay detected, skipping  107. 9 =>  109. 5
[0m[1;31m[HW]     Received Time doesn't correspond to the time we think it is (slot mismatch, received 109.5, expected 107.9)
[0m[1;31m[HW]     Received Time doesn't correspond to the time we think it is (frame mismatch, 109.5 , expected 107.5)
[0m[93m[HW]     TTI processing delay detected, skipping  109. 9 =>  111. 5
[0m[1;31m[HW]     Received Time doesn't correspond to the time we think it is (slot mismatch, received 111.5, expected 109.9)
[0m[1;31m[HW]     Received Time doesn't correspond to the time we think it is (frame mismatch, 111.5 , expected 109.5)
[0m[93m[HW]     TTI processing delay detected, skipping  111. 9 =>  113. 5
[0m[1;31m[HW]     Received Time doesn't correspond to the time we think it is (slot mismatch, received 113.5, expected 111.9)
[0m[1;31m[HW]     Received Time doesn't correspond to the time we think it is (frame mismatch, 113.5 , expected 111.5)
[0m[93m[HW]     TTI processing delay detected, skipping  113. 9 =>  115. 5
[0m[1;31m[HW]     Received Time doesn't correspond to the time we think it is (slot mismatch, received 115.5, expected 113.9)
[0m[1;31m[HW]     Received Time doesn't correspond to the time we think it is (frame mismatch, 115.5 , expected 113.5)
[0m[93m[HW]     TTI processing delay detected, skipping  115. 9 =>  117. 5
[0m[1;31m[HW]     Received Time doesn't correspond to the time we think it is (slot mismatch, received 117.5, expected 115.9)
[0m[1;31m[HW]     Received Time doesn't correspond to the time we think it is (frame mismatch, 117.5 , expected 115.5)
[0m[93m[HW]     TTI processing delay detected, skipping  117. 9 =>  119. 5
[0m[1;31m[HW]     Received Time doesn't correspond to the time we think it is (slot mismatch, received 119.5, expected 117.9)
[0m[1;31m[HW]     Received Time doesn't correspond to the time we think it is (frame mismatch, 119.5 , expected 117.5)
[0m[93m[HW]     TTI processing delay detected, skipping  119. 9 =>  121. 5
[0m[1;31m[HW]     Received Time doesn't correspond to the time we think it is (slot mismatch, received 121.5, expected 119.9)
[0m[1;31m[HW]     Received Time doesn't correspond to the time we think it is (frame mismatch, 121.5 , expected 119.5)
[0m[93m[HW]     TTI processing delay detected, skipping  121. 9 =>  123. 5
[0m[1;31m[HW]     Received Time doesn't correspond to the time we think it is (slot mismatch, received 123.5, expected 121.9)
[0m[1;31m[HW]     Received Time doesn't correspond to the time we think it is (frame mismatch, 123.5 , expected 121.5)
[0m[93m[HW]     TTI processing delay detected, skipping  123. 9 =>  125. 5
[0m[1;31m[HW]     Received Time doesn't correspond to the time we think it is (slot mismatch, received 125.5, expected 123.9)
[0m[1;31m[HW]     Received Time doesn't correspond to the time we think it is (frame mismatch, 125.5 , expected 123.5)
[0m[93m[HW]     TTI processing delay detected, skipping  125. 9 =>  127. 5
[0m[1;31m[HW]     Received Time doesn't correspond to the time we think it is (slot mismatch, received 127.5, expected 125.9)
[0m[1;31m[HW]     Received Time doesn't correspond to the time we think it is (frame mismatch, 127.5 , expected 125.5)
[0m[93m[HW]     TTI processing delay detected, skipping  127. 9 =>  129. 5
[0m[1;31m[HW]     Received Time doesn't correspond to the time we think it is (slot mismatch, received 129.5, expected 127.9)
[0m[1;31m[HW]     Received Time doesn't correspond to the time we think it is (frame mismatch, 129.5 , expected 127.5)
[0m[93m[HW]     TTI processing delay detected, skipping  129. 9 =>  131. 5
[0m[1;31m[HW]     Received Time doesn't correspond to the time we think it is (slot mismatch, received 131.5, expected 129.9)
[0m[1;31m[HW]     Received Time doesn't correspond to the time we think it is (frame mismatch, 131.5 , expected 129.5)
[0m[93m[HW]     TTI processing delay detected, skipping  131. 9 =>  133. 5
[0m[1;31m[HW]     Received Time doesn't correspond to the time we think it is (slot mismatch, received 133.5, expected 131.9)
[0m[1;31m[HW]     Received Time doesn't correspond to the time we think it is (frame mismatch, 133.5 , expected 131.5)
[0m[93m[HW]     TTI processing delay detected, skipping  133. 9 =>  135. 5
[0m[1;31m[HW]     Received Time doesn't correspond to the time we think it is (slot mismatch, received 135.5, expected 133.9)
[0m[1;31m[HW]     Received Time doesn't correspond to the time we think it is (frame mismatch, 135.5 , expected 133.5)
[0m[93m[HW]     TTI processing delay detected, skipping  135. 9 =>  137. 5
[0m[1;31m[HW]     Received Time doesn't correspond to the time we think it is (slot mismatch, received 137.5, expected 135.9)
[0m[1;31m[HW]     Received Time doesn't correspond to the time we think it is (frame mismatch, 137.5 , expected 135.5)
[0m[93m[HW]     TTI processing delay detected, skipping  137. 9 =>  139. 5
[0m[1;31m[HW]     Received Time doesn't correspond to the time we think it is (slot mismatch, received 139.5, expected 137.9)
[0m[1;31m[HW]     Received Time doesn't correspond to the time we think it is (frame mismatch, 139.5 , expected 137.5)
[0m[93m[HW]     TTI processing delay detected, skipping  139. 9 =>  141. 5
[0m[1;31m[HW]     Received Time doesn't correspond to the time we think it is (slot mismatch, received 141.5, expected 139.9)
[0m[1;31m[HW]     Received Time doesn't correspond to the time we think it is (frame mismatch, 141.5 , expected 139.5)
[0m[93m[HW]     TTI processing delay detected, skipping  141. 9 =>  143. 5
[0m[1;31m[HW]     Received Time doesn't correspond to the time we think it is (slot mismatch, received 143.5, expected 141.9)
[0m[1;31m[HW]     Received Time doesn't correspond to the time we think it is (frame mismatch, 143.5 , expected 141.5)
[0m